--------- beginning of /dev/log/system
05-04 10:53:57.418 E/ActivityManager(  985): START {cmp=com.xinhe.ocr/.two.activity.credit.reinput.apply.ReInputCustomerApplyCertificateActivity u=0} from pid 20464
05-04 10:54:10.314 E/ActivityManager(  985): START {cmp=com.xinhe.ocr/.two.activity.credit.reinput.apply.ReInputCustomerApplyOccupationActivity u=0} from pid 20464
05-04 10:54:13.086 E/ActivityManager(  985): START {flg=0x10000000 cmp=com.tencent.mtt/com.igexin.sdk.GActivity u=0} from pid 20876
05-04 10:54:13.416 E/ActivityManager(  985): START {flg=0x10000000 cmp=cn.wps.moffice_eng/com.igexin.sdk.GActivity u=0} from pid 20876
05-04 10:55:26.558 E/ActivityManager(  985): START {cmp=com.xinhe.ocr/.two.activity.credit.reinput.apply.ReInputCustomerApplyBankActivity u=0} from pid 20464
--------- beginning of /dev/log/main
05-04 10:55:29.592 E/RemoteViews(  985): ANR Warning,RemoteViews can only be used once ,if not ,it may cause ANR in hosts such as Laucher,SystemUI. keys for search <ANR Exception MSG   History>
05-04 10:55:29.592 E/RemoteViews(  985): ANR Warning,RemoteViews can only be used once ,if not ,it may cause ANR in hosts such as Laucher,SystemUI. keys for search <ANR Exception MSG   History>
05-04 10:55:29.592 E/RemoteViews(  985): ANR Warning,RemoteViews can only be used once ,if not ,it may cause ANR in hosts such as Laucher,SystemUI. keys for search <ANR Exception MSG   History>
05-04 10:55:29.592 E/RemoteViews(  985): ANR Warning,RemoteViews can only be used once ,if not ,it may cause ANR in hosts such as Laucher,SystemUI. keys for search <ANR Exception MSG   History>
05-04 10:55:29.592 E/RemoteViews(  985): ANR Warning,RemoteViews can only be used once ,if not ,it may cause ANR in hosts such as Laucher,SystemUI. keys for search <ANR Exception MSG   History>
05-04 10:55:29.593 E/RemoteViews(  985): ANR Warning,RemoteViews can only be used once ,if not ,it may cause ANR in hosts such as Laucher,SystemUI. keys for search <ANR Exception MSG   History>
05-04 10:55:29.593 E/RemoteViews(  985): ANR Warning,RemoteViews can only be used once ,if not ,it may cause ANR in hosts such as Laucher,SystemUI. keys for search <ANR Exception MSG   History>
05-04 10:55:29.593 E/RemoteViews(  985): ANR Warning,RemoteViews can only be used once ,if not ,it may cause ANR in hosts such as Laucher,SystemUI. keys for search <ANR Exception MSG   History>
05-04 10:55:29.621 E/RemoteViews( 2070): ANR Warning,RemoteViews can only be used once ,if not ,it may cause ANR in hosts such as Laucher,SystemUI. keys for search <ANR Exception MSG   History>
05-04 10:55:29.622 E/RemoteViews( 2070): ANR Warning,RemoteViews can only be used once ,if not ,it may cause ANR in hosts such as Laucher,SystemUI. keys for search <ANR Exception MSG   History>
05-04 10:55:29.622 E/RemoteViews( 2070): ANR Warning,RemoteViews can only be used once ,if not ,it may cause ANR in hosts such as Laucher,SystemUI. keys for search <ANR Exception MSG   History>
05-04 10:55:29.622 E/RemoteViews( 2070): ANR Warning,RemoteViews can only be used once ,if not ,it may cause ANR in hosts such as Laucher,SystemUI. keys for search <ANR Exception MSG   History>
05-04 10:55:29.622 E/RemoteViews( 2070): ANR Warning,RemoteViews can only be used once ,if not ,it may cause ANR in hosts such as Laucher,SystemUI. keys for search <ANR Exception MSG   History>
05-04 10:55:29.622 E/RemoteViews( 2070): ANR Warning,RemoteViews can only be used once ,if not ,it may cause ANR in hosts such as Laucher,SystemUI. keys for search <ANR Exception MSG   History>
05-04 10:55:29.622 E/RemoteViews( 2070): ANR Warning,RemoteViews can only be used once ,if not ,it may cause ANR in hosts such as Laucher,SystemUI. keys for search <ANR Exception MSG   History>
05-04 10:55:29.622 E/RemoteViews( 2070): ANR Warning,RemoteViews can only be used once ,if not ,it may cause ANR in hosts such as Laucher,SystemUI. keys for search <ANR Exception MSG   History>
05-04 10:55:29.636 E/RemoteViews( 2070): ANR Warning,RemoteViews can only be used once ,if not ,it may cause ANR in hosts such as Laucher,SystemUI. keys for search <ANR Exception MSG   History>
05-04 10:55:29.636 E/RemoteViews( 2070): ANR Warning,RemoteViews can only be used once ,if not ,it may cause ANR in hosts such as Laucher,SystemUI. keys for search <ANR Exception MSG   History>
05-04 10:55:29.636 E/RemoteViews( 2070): ANR Warning,RemoteViews can only be used once ,if not ,it may cause ANR in hosts such as Laucher,SystemUI. keys for search <ANR Exception MSG   History>
05-04 10:55:29.636 E/RemoteViews( 2070): ANR Warning,RemoteViews can only be used once ,if not ,it may cause ANR in hosts such as Laucher,SystemUI. keys for search <ANR Exception MSG   History>
05-04 10:55:29.636 E/RemoteViews( 2070): ANR Warning,RemoteViews can only be used once ,if not ,it may cause ANR in hosts such as Laucher,SystemUI. keys for search <ANR Exception MSG   History>
05-04 10:55:29.637 E/RemoteViews( 2070): ANR Warning,RemoteViews can only be used once ,if not ,it may cause ANR in hosts such as Laucher,SystemUI. keys for search <ANR Exception MSG   History>
05-04 10:55:29.637 E/RemoteViews( 2070): ANR Warning,RemoteViews can only be used once ,if not ,it may cause ANR in hosts such as Laucher,SystemUI. keys for search <ANR Exception MSG   History>
05-04 10:55:29.637 E/RemoteViews( 2070): ANR Warning,RemoteViews can only be used once ,if not ,it may cause ANR in hosts such as Laucher,SystemUI. keys for search <ANR Exception MSG   History>
05-04 10:55:35.816 E/QueryController(20430): Got null root node from accessibility - Retrying...
05-04 10:55:47.414 E/QueryController(20430): Got null root node from accessibility - Retrying...
05-04 10:55:48.642 E/ActivityManager(  985): START {cmp=com.xinhe.ocr/.one.activity.MainActivity u=0} from pid 20464
05-04 10:55:48.971 E/QueryController(20430): Got null root node from accessibility - Retrying...
05-04 10:56:12.583 E/dalvikvm(21723): /system/framework/am.jar odex has stale dependencies
05-04 10:56:12.742 E/memtrack(21723): Couldn't load memtrack module (No such file or directory)
05-04 10:56:12.742 E/android.os.Debug(21723): failed to load memtrack module: -2
05-04 10:56:12.826 E/jdwp    (21723): jdwp::setsockopt(SO_SNDTIMEO)
05-04 10:56:12.826 E/jdwp    (21723): jdwp::setsockopt(SO_RCVTIMEO)
05-04 10:56:46.708 E/CoreDaemon( 3308): not Start Daemon in coredaemon
05-04 10:56:46.709 E/CoreDaemon( 3307): not Start Daemon in coredaemon
05-04 10:56:48.392 E/dalvikvm(21788): /system/framework/input.jar odex has stale dependencies
05-04 10:56:48.548 E/memtrack(21788): Couldn't load memtrack module (No such file or directory)
05-04 10:56:48.548 E/android.os.Debug(21788): failed to load memtrack module: -2
05-04 10:56:48.625 E/ActivityManager(  985): START {act=android.intent.action.MAIN cat=[android.intent.category.HOME] flg=0x10200000 cmp=com.oppo.launcher/.Launcher u=0} from pid 985
05-04 10:56:48.643 E/InputLog(  985): WindowManager :  startDockOrHome ok
05-04 10:56:48.649 E/jdwp    (21788): jdwp::setsockopt(SO_SNDTIMEO)
05-04 10:56:48.649 E/jdwp    (21788): jdwp::setsockopt(SO_RCVTIMEO)
05-04 10:56:48.845 E/dalvikvm(21799): Could not find class 'com.qihoo360.mobilesafe.service.KLJobServiceXYZ', referenced from method com.qihoo360.mobilesafe.ui.index.MobileSafeApplication.onCreate
05-04 10:56:49.034 E/Parcel  (21799): Reading a NULL string not supported here.
05-04 10:56:49.231 E/dalvikvm(21822): /system/framework/ime.jar odex has stale dependencies
05-04 10:56:49.389 E/memtrack(21822): Couldn't load memtrack module (No such file or directory)
05-04 10:56:49.389 E/android.os.Debug(21822): failed to load memtrack module: -2
05-04 10:56:49.453 F/InputMethodManagerService(  985): Input Method Manager Crash
05-04 10:56:49.453 F/InputMethodManagerService(  985): java.lang.IllegalArgumentException: Unknown id: WARNING:
05-04 10:56:49.453 F/InputMethodManagerService(  985): 	at com.android.server.InputMethodManagerService.setInputMethodLocked(InputMethodManagerService.java:1748)
05-04 10:56:49.453 F/InputMethodManagerService(  985): 	at com.android.server.InputMethodManagerService.setInputMethodWithSubtypeId(InputMethodManagerService.java:2426)
05-04 10:56:49.453 F/InputMethodManagerService(  985): 	at com.android.server.InputMethodManagerService.setInputMethod(InputMethodManagerService.java:2204)
05-04 10:56:49.453 F/InputMethodManagerService(  985): 	at com.android.internal.view.IInputMethodManager$Stub.onTransact(IInputMethodManager.java:259)
05-04 10:56:49.453 F/InputMethodManagerService(  985): 	at com.android.server.InputMethodManagerService.onTransact(InputMethodManagerService.java:852)
05-04 10:56:49.453 F/InputMethodManagerService(  985): 	at android.os.Binder.execTransact(Binder.java:404)
05-04 10:56:49.453 F/InputMethodManagerService(  985): 	at dalvik.system.NativeStart.run(Native Method)
05-04 10:56:49.572 E/RemoteViews( 2744): ANR Warning,RemoteViews can only be used once ,if not ,it may cause ANR in hosts such as Laucher,SystemUI. keys for search <ANR Exception MSG   History>
05-04 10:56:49.573 E/RemoteViews( 2744): ANR Warning,RemoteViews can only be used once ,if not ,it may cause ANR in hosts such as Laucher,SystemUI. keys for search <ANR Exception MSG   History>
05-04 10:56:49.574 E/RemoteViews( 2744): ANR Warning,RemoteViews can only be used once ,if not ,it may cause ANR in hosts such as Laucher,SystemUI. keys for search <ANR Exception MSG   History>
05-04 10:56:49.575 E/RemoteViews( 2744): ANR Warning,RemoteViews can only be used once ,if not ,it may cause ANR in hosts such as Laucher,SystemUI. keys for search <ANR Exception MSG   History>
05-04 10:56:49.575 E/RemoteViews( 2744): ANR Warning,RemoteViews can only be used once ,if not ,it may cause ANR in hosts such as Laucher,SystemUI. keys for search <ANR Exception MSG   History>
05-04 10:56:49.584 E/RemoteViews(  985): ANR Warning,RemoteViews can only be used once ,if not ,it may cause ANR in hosts such as Laucher,SystemUI. keys for search <ANR Exception MSG   History>
05-04 10:56:49.585 E/RemoteViews(  985): ANR Warning,RemoteViews can only be used once ,if not ,it may cause ANR in hosts such as Laucher,SystemUI. keys for search <ANR Exception MSG   History>
05-04 10:56:49.585 E/RemoteViews(  985): ANR Warning,RemoteViews can only be used once ,if not ,it may cause ANR in hosts such as Laucher,SystemUI. keys for search <ANR Exception MSG   History>
05-04 10:56:49.585 E/RemoteViews(  985): ANR Warning,RemoteViews can only be used once ,if not ,it may cause ANR in hosts such as Laucher,SystemUI. keys for search <ANR Exception MSG   History>
05-04 10:56:49.586 E/RemoteViews(  985): ANR Warning,RemoteViews can only be used once ,if not ,it may cause ANR in hosts such as Laucher,SystemUI. keys for search <ANR Exception MSG   History>
05-04 10:56:49.587 E/RemoteViews(  985): ANR Warning,RemoteViews can only be used once ,if not ,it may cause ANR in hosts such as Laucher,SystemUI. keys for search <ANR Exception MSG   History>
05-04 10:56:49.587 E/RemoteViews(  985): ANR Warning,RemoteViews can only be used once ,if not ,it may cause ANR in hosts such as Laucher,SystemUI. keys for search <ANR Exception MSG   History>
05-04 10:56:49.587 E/RemoteViews(  985): ANR Warning,RemoteViews can only be used once ,if not ,it may cause ANR in hosts such as Laucher,SystemUI. keys for search <ANR Exception MSG   History>
05-04 10:56:49.588 E/RemoteViews(  985): ANR Warning,RemoteViews can only be used once ,if not ,it may cause ANR in hosts such as Laucher,SystemUI. keys for search <ANR Exception MSG   History>
05-04 10:56:49.589 E/RemoteViews(  985): ANR Warning,RemoteViews can only be used once ,if not ,it may cause ANR in hosts such as Laucher,SystemUI. keys for search <ANR Exception MSG   History>
05-04 10:56:49.589 E/RemoteViews(  985): ANR Warning,RemoteViews can only be used once ,if not ,it may cause ANR in hosts such as Laucher,SystemUI. keys for search <ANR Exception MSG   History>
05-04 10:56:49.589 E/RemoteViews(  985): ANR Warning,RemoteViews can only be used once ,if not ,it may cause ANR in hosts such as Laucher,SystemUI. keys for search <ANR Exception MSG   History>
05-04 10:56:49.589 E/RemoteViews(  985): ANR Warning,RemoteViews can only be used once ,if not ,it may cause ANR in hosts such as Laucher,SystemUI. keys for search <ANR Exception MSG   History>
05-04 10:56:49.589 E/RemoteViews(  985): ANR Warning,RemoteViews can only be used once ,if not ,it may cause ANR in hosts such as Laucher,SystemUI. keys for search <ANR Exception MSG   History>
05-04 10:56:49.589 E/RemoteViews(  985): ANR Warning,RemoteViews can only be used once ,if not ,it may cause ANR in hosts such as Laucher,SystemUI. keys for search <ANR Exception MSG   History>
05-04 10:56:49.589 E/RemoteViews(  985): ANR Warning,RemoteViews can only be used once ,if not ,it may cause ANR in hosts such as Laucher,SystemUI. keys for search <ANR Exception MSG   History>
05-04 10:56:49.591 E/RemoteViews(  985): ANR Warning,RemoteViews can only be used once ,if not ,it may cause ANR in hosts such as Laucher,SystemUI. keys for search <ANR Exception MSG   History>
05-04 10:56:49.592 E/RemoteViews(  985): ANR Warning,RemoteViews can only be used once ,if not ,it may cause ANR in hosts such as Laucher,SystemUI. keys for search <ANR Exception MSG   History>
05-04 10:56:49.592 E/RemoteViews(  985): ANR Warning,RemoteViews can only be used once ,if not ,it may cause ANR in hosts such as Laucher,SystemUI. keys for search <ANR Exception MSG   History>
05-04 10:56:49.592 E/RemoteViews(  985): ANR Warning,RemoteViews can only be used once ,if not ,it may cause ANR in hosts such as Laucher,SystemUI. keys for search <ANR Exception MSG   History>
05-04 10:56:49.592 E/RemoteViews(  985): ANR Warning,RemoteViews can only be used once ,if not ,it may cause ANR in hosts such as Laucher,SystemUI. keys for search <ANR Exception MSG   History>
05-04 10:56:49.592 E/RemoteViews(  985): ANR Warning,RemoteViews can only be used once ,if not ,it may cause ANR in hosts such as Laucher,SystemUI. keys for search <ANR Exception MSG   History>
05-04 10:56:49.592 E/RemoteViews(  985): ANR Warning,RemoteViews can only be used once ,if not ,it may cause ANR in hosts such as Laucher,SystemUI. keys for search <ANR Exception MSG   History>
05-04 10:56:49.593 E/RemoteViews(  985): ANR Warning,RemoteViews can only be used once ,if not ,it may cause ANR in hosts such as Laucher,SystemUI. keys for search <ANR Exception MSG   History>
05-04 10:56:49.622 E/RemoteViews( 2070): ANR Warning,RemoteViews can only be used once ,if not ,it may cause ANR in hosts such as Laucher,SystemUI. keys for search <ANR Exception MSG   History>
05-04 10:56:49.622 E/RemoteViews( 2070): ANR Warning,RemoteViews can only be used once ,if not ,it may cause ANR in hosts such as Laucher,SystemUI. keys for search <ANR Exception MSG   History>
05-04 10:56:49.622 E/RemoteViews( 2070): ANR Warning,RemoteViews can only be used once ,if not ,it may cause ANR in hosts such as Laucher,SystemUI. keys for search <ANR Exception MSG   History>
05-04 10:56:49.622 E/RemoteViews( 2070): ANR Warning,RemoteViews can only be used once ,if not ,it may cause ANR in hosts such as Laucher,SystemUI. keys for search <ANR Exception MSG   History>
05-04 10:56:49.622 E/RemoteViews( 2070): ANR Warning,RemoteViews can only be used once ,if not ,it may cause ANR in hosts such as Laucher,SystemUI. keys for search <ANR Exception MSG   History>
05-04 10:56:49.623 E/RemoteViews( 2070): ANR Warning,RemoteViews can only be used once ,if not ,it may cause ANR in hosts such as Laucher,SystemUI. keys for search <ANR Exception MSG   History>
05-04 10:56:49.623 E/RemoteViews( 2070): ANR Warning,RemoteViews can only be used once ,if not ,it may cause ANR in hosts such as Laucher,SystemUI. keys for search <ANR Exception MSG   History>
05-04 10:56:49.623 E/RemoteViews( 2070): ANR Warning,RemoteViews can only be used once ,if not ,it may cause ANR in hosts such as Laucher,SystemUI. keys for search <ANR Exception MSG   History>
05-04 10:56:49.636 E/RemoteViews( 2070): ANR Warning,RemoteViews can only be used once ,if not ,it may cause ANR in hosts such as Laucher,SystemUI. keys for search <ANR Exception MSG   History>
05-04 10:56:49.637 E/RemoteViews( 2070): ANR Warning,RemoteViews can only be used once ,if not ,it may cause ANR in hosts such as Laucher,SystemUI. keys for search <ANR Exception MSG   History>
05-04 10:56:49.637 E/RemoteViews( 2070): ANR Warning,RemoteViews can only be used once ,if not ,it may cause ANR in hosts such as Laucher,SystemUI. keys for search <ANR Exception MSG   History>
05-04 10:56:49.637 E/RemoteViews( 2070): ANR Warning,RemoteViews can only be used once ,if not ,it may cause ANR in hosts such as Laucher,SystemUI. keys for search <ANR Exception MSG   History>
05-04 10:56:49.637 E/RemoteViews( 2070): ANR Warning,RemoteViews can only be used once ,if not ,it may cause ANR in hosts such as Laucher,SystemUI. keys for search <ANR Exception MSG   History>
05-04 10:56:49.637 E/RemoteViews( 2070): ANR Warning,RemoteViews can only be used once ,if not ,it may cause ANR in hosts such as Laucher,SystemUI. keys for search <ANR Exception MSG   History>
05-04 10:56:49.637 E/RemoteViews( 2070): ANR Warning,RemoteViews can only be used once ,if not ,it may cause ANR in hosts such as Laucher,SystemUI. keys for search <ANR Exception MSG   History>
05-04 10:56:49.637 E/RemoteViews( 2070): ANR Warning,RemoteViews can only be used once ,if not ,it may cause ANR in hosts such as Laucher,SystemUI. keys for search <ANR Exception MSG   History>
05-04 10:56:49.772 E/jdwp    (21822): jdwp::setsockopt(SO_SNDTIMEO)
05-04 10:56:49.772 E/jdwp    (21822): jdwp::setsockopt(SO_RCVTIMEO)
05-04 10:56:49.779 E/Sensors (  985): handleToDriver handle(0)
05-04 10:56:49.779 E/Accel   (  985): ACC batch: handle:0, en:1, maxBatchReportLatencyNs:0 
05-04 10:56:49.779 E/Sensors (  985): sensor 0 go to common batch
05-04 10:56:49.779 E/Sensors (  985): handleToDriver handle(0)
05-04 10:56:49.779 E/Sensors (  985): handleToDriver handle(0)
05-04 10:56:49.780 E/Sensors (  985): new setDelay handle(0),ns(20000000)m, error(0), index(2)
05-04 10:56:49.780 E/Accel   (  985): ACC batch: handle:0, en:0, maxBatchReportLatencyNs:0 
05-04 10:56:49.780 E/Sensors (  985): sensor 0 go to common batch
05-04 10:56:49.780 E/Sensors (  985): handleToDriver handle(0)
05-04 10:56:49.780 E/Sensors (  985): go to batchsensor
05-04 10:56:49.780 E/Sensors (  985): handleToDriver handle(0)
05-04 10:56:50.059 E/dalvikvm(21848): /system/framework/am.jar odex has stale dependencies
05-04 10:56:50.211 E/memtrack(21848): Couldn't load memtrack module (No such file or directory)
05-04 10:56:50.211 E/android.os.Debug(21848): failed to load memtrack module: -2
05-04 10:56:50.297 E/UiDevice(20430): Exceuting watcher: ANR2
05-04 10:56:50.297 E/UiDevice(20430): java.lang.IllegalStateException: UiAutomation not connected!
05-04 10:56:50.297 E/UiDevice(20430): 	at android.app.UiAutomation.throwIfNotConnectedLocked(UiAutomation.java:676)
05-04 10:56:50.297 E/UiDevice(20430): 	at android.app.UiAutomation.waitForIdle(UiAutomation.java:519)
05-04 10:56:50.297 E/UiDevice(20430): 	at com.android.uiautomator.core.UiAutomatorBridge.waitForIdle(UiAutomatorBridge.java:96)
05-04 10:56:50.297 E/UiDevice(20430): 	at com.android.uiautomator.core.UiAutomatorBridge.waitForIdle(UiAutomatorBridge.java:91)
05-04 10:56:50.297 E/UiDevice(20430): 	at com.android.uiautomator.core.QueryController.findAccessibilityNodeInfo(QueryController.java:143)
05-04 10:56:50.297 E/UiDevice(20430): 	at com.android.uiautomator.core.QueryController.findAccessibilityNodeInfo(QueryController.java:138)
05-04 10:56:50.297 E/UiDevice(20430): 	at com.android.uiautomator.core.UiObject.findAccessibilityNodeInfo(UiObject.java:168)
05-04 10:56:50.297 E/UiDevice(20430): 	at com.android.uiautomator.core.UiObject.waitForExists(UiObject.java:848)
05-04 10:56:50.297 E/UiDevice(20430): 	at com.android.uiautomator.core.UiObject.exists(UiObject.java:899)
05-04 10:56:50.297 E/UiDevice(20430): 	at com.android.uiautomator.common.UiWatchers$2.checkForCondition(UiWatchers.java:67)
05-04 10:56:50.297 E/UiDevice(20430): 	at com.android.uiautomator.core.UiDevice.runWatchers(UiDevice.java:557)
05-04 10:56:50.297 E/UiDevice(20430): 	at com.android.uiautomator.core.UiObject.findAccessibilityNodeInfo(UiObject.java:173)
05-04 10:56:50.297 E/UiDevice(20430): 	at com.android.uiautomator.core.UiObject.waitForExists(UiObject.java:848)
05-04 10:56:50.297 E/UiDevice(20430): 	at com.android.uiautomator.core.UiObject.exists(UiObject.java:899)
05-04 10:56:50.297 E/UiDevice(20430): 	at io.appium.android.bootstrap.utils.TheWatchers.isDialogPresent(TheWatchers.java:35)
05-04 10:56:50.297 E/UiDevice(20430): 	at io.appium.android.bootstrap.utils.TheWatchers.check(TheWatchers.java:20)
05-04 10:56:50.297 E/UiDevice(20430): 	at io.appium.android.bootstrap.SocketServer$1.run(SocketServer.java:124)
05-04 10:56:50.297 E/UiDevice(20430): 	at java.util.Timer$TimerImpl.run(Timer.java:284)
05-04 10:56:50.300 E/UiDevice(20430): Exceuting watcher: ANR
05-04 10:56:50.300 E/UiDevice(20430): java.lang.IllegalStateException: UiAutomation not connected!
05-04 10:56:50.300 E/UiDevice(20430): 	at android.app.UiAutomation.throwIfNotConnectedLocked(UiAutomation.java:676)
05-04 10:56:50.300 E/UiDevice(20430): 	at android.app.UiAutomation.waitForIdle(UiAutomation.java:519)
05-04 10:56:50.300 E/UiDevice(20430): 	at com.android.uiautomator.core.UiAutomatorBridge.waitForIdle(UiAutomatorBridge.java:96)
05-04 10:56:50.300 E/UiDevice(20430): 	at com.android.uiautomator.core.UiAutomatorBridge.waitForIdle(UiAutomatorBridge.java:91)
05-04 10:56:50.300 E/UiDevice(20430): 	at com.android.uiautomator.core.QueryController.findAccessibilityNodeInfo(QueryController.java:143)
05-04 10:56:50.300 E/UiDevice(20430): 	at com.android.uiautomator.core.QueryController.findAccessibilityNodeInfo(QueryController.java:138)
05-04 10:56:50.300 E/UiDevice(20430): 	at com.android.uiautomator.core.UiObject.findAccessibilityNodeInfo(UiObject.java:168)
05-04 10:56:50.300 E/UiDevice(20430): 	at com.android.uiautomator.core.UiObject.waitForExists(UiObject.java:848)
05-04 10:56:50.300 E/UiDevice(20430): 	at com.android.uiautomator.core.UiObject.exists(UiObject.java:899)
05-04 10:56:50.300 E/UiDevice(20430): 	at com.android.uiautomator.common.UiWatchers$1.checkForCondition(UiWatchers.java:47)
05-04 10:56:50.300 E/UiDevice(20430): 	at com.android.uiautomator.core.UiDevice.runWatchers(UiDevice.java:557)
05-04 10:56:50.300 E/UiDevice(20430): 	at com.android.uiautomator.core.UiObject.findAccessibilityNodeInfo(UiObject.java:173)
05-04 10:56:50.300 E/UiDevice(20430): 	at com.android.uiautomator.core.UiObject.waitForExists(UiObject.java:848)
05-04 10:56:50.300 E/UiDevice(20430): 	at com.android.uiautomator.core.UiObject.exists(UiObject.java:899)
05-04 10:56:50.300 E/UiDevice(20430): 	at io.appium.android.bootstrap.utils.TheWatchers.isDialogPresent(TheWatchers.java:35)
05-04 10:56:50.300 E/UiDevice(20430): 	at io.appium.android.bootstrap.utils.TheWatchers.check(TheWatchers.java:20)
05-04 10:56:50.300 E/UiDevice(20430): 	at io.appium.android.bootstrap.SocketServer$1.run(SocketServer.java:124)
05-04 10:56:50.300 E/UiDevice(20430): 	at java.util.Timer$TimerImpl.run(Timer.java:284)
05-04 10:56:50.301 E/UiDevice(20430): Exceuting watcher: CRASH2
05-04 10:56:50.301 E/UiDevice(20430): java.lang.IllegalStateException: UiAutomation not connected!
05-04 10:56:50.301 E/UiDevice(20430): 	at android.app.UiAutomation.throwIfNotConnectedLocked(UiAutomation.java:676)
05-04 10:56:50.301 E/UiDevice(20430): 	at android.app.UiAutomation.waitForIdle(UiAutomation.java:519)
05-04 10:56:50.301 E/UiDevice(20430): 	at com.android.uiautomator.core.UiAutomatorBridge.waitForIdle(UiAutomatorBridge.java:96)
05-04 10:56:50.301 E/UiDevice(20430): 	at com.android.uiautomator.core.UiAutomatorBridge.waitForIdle(UiAutomatorBridge.java:91)
05-04 10:56:50.301 E/UiDevice(20430): 	at com.android.uiautomator.core.QueryController.findAccessibilityNodeInfo(QueryController.java:143)
05-04 10:56:50.301 E/UiDevice(20430): 	at com.android.uiautomator.core.QueryController.findAccessibilityNodeInfo(QueryController.java:138)
05-04 10:56:50.301 E/UiDevice(20430): 	at com.android.uiautomator.core.UiObject.findAccessibilityNodeInfo(UiObject.java:168)
05-04 10:56:50.301 E/UiDevice(20430): 	at com.android.uiautomator.core.UiObject.waitForExists(UiObject.java:848)
05-04 10:56:50.301 E/UiDevice(20430): 	at com.android.uiautomator.core.UiObject.exists(UiObject.java:899)
05-04 10:56:50.301 E/UiDevice(20430): 	at com.android.uiautomator.common.UiWatchers$4.checkForCondition(UiWatchers.java:107)
05-04 10:56:50.301 E/UiDevice(20430): 	at com.android.uiautomator.core.UiDevice.runWatchers(UiDevice.java:557)
05-04 10:56:50.301 E/UiDevice(20430): 	at com.android.uiautomator.core.UiObject.findAccessibilityNodeInfo(UiObject.java:173)
05-04 10:56:50.301 E/UiDevice(20430): 	at com.android.uiautomator.core.UiObject.waitForExists(UiObject.java:848)
05-04 10:56:50.301 E/UiDevice(20430): 	at com.android.uiautomator.core.UiObject.exists(UiObject.java:899)
05-04 10:56:50.301 E/UiDevice(20430): 	at io.appium.android.bootstrap.utils.TheWatchers.isDialogPresent(TheWatchers.java:35)
05-04 10:56:50.301 E/UiDevice(20430): 	at io.appium.android.bootstrap.utils.TheWatchers.check(TheWatchers.java:20)
05-04 10:56:50.301 E/UiDevice(20430): 	at io.appium.android.bootstrap.SocketServer$1.run(SocketServer.java:124)
05-04 10:56:50.301 E/UiDevice(20430): 	at java.util.Timer$TimerImpl.run(Timer.java:284)
05-04 10:56:50.324 E/MTKLogger/Utils(21858): MODEM_INDEX_SET added index: 1
05-04 10:56:50.324 E/MTKLogger/Utils(21858): NoSuchFieldException
05-04 10:56:50.325 E/MTKLogger/Utils(21858): NoSuchFieldException
05-04 10:56:50.326 E/MTKLogger/Utils(21858): NoSuchFieldException
05-04 10:56:50.327 E/MTKLogger/Utils(21858): NoSuchFieldException
05-04 10:56:50.328 E/MTKLogger/Utils(21858): NoSuchFieldException
05-04 10:56:50.329 E/MTKLogger/Utils(21858):  modem MODEM_MAP index: null
05-04 10:56:50.329 E/MTKLogger/Utils(21858):  modem MODEM_MAP index: null
05-04 10:56:50.329 E/MTKLogger/Utils(21858):  modem MODEM_MAP index: null
05-04 10:56:50.329 E/MTKLogger/Utils(21858):  modem MODEM_MAP index: null
05-04 10:56:50.329 E/MTKLogger/Utils(21858):  modem MODEM_MAP index: null
05-04 10:56:50.329 E/MTKLogger/Utils(21858):  modem MODEM_MAP index: null
05-04 10:56:50.329 E/MTKLogger/Utils(21858):  modem MODEM_MAP index: null
05-04 10:56:50.329 E/MTKLogger/Utils(21858):  modem MODEM_MAP index: null
05-04 10:56:50.347 E/jdwp    (21848): jdwp::setsockopt(SO_SNDTIMEO)
05-04 10:56:50.347 E/jdwp    (21848): jdwp::setsockopt(SO_RCVTIMEO)
05-04 10:56:54.615 E/RemoteViews( 2744): ANR Warning,RemoteViews can only be used once ,if not ,it may cause ANR in hosts such as Laucher,SystemUI. keys for search <ANR Exception MSG   History>
05-04 10:56:54.616 E/RemoteViews( 2744): ANR Warning,RemoteViews can only be used once ,if not ,it may cause ANR in hosts such as Laucher,SystemUI. keys for search <ANR Exception MSG   History>
05-04 10:56:54.618 E/RemoteViews( 2744): ANR Warning,RemoteViews can only be used once ,if not ,it may cause ANR in hosts such as Laucher,SystemUI. keys for search <ANR Exception MSG   History>
05-04 10:56:54.619 E/RemoteViews( 2744): ANR Warning,RemoteViews can only be used once ,if not ,it may cause ANR in hosts such as Laucher,SystemUI. keys for search <ANR Exception MSG   History>
05-04 10:56:54.619 E/RemoteViews( 2744): ANR Warning,RemoteViews can only be used once ,if not ,it may cause ANR in hosts such as Laucher,SystemUI. keys for search <ANR Exception MSG   History>
05-04 10:56:54.635 E/RemoteViews(  985): ANR Warning,RemoteViews can only be used once ,if not ,it may cause ANR in hosts such as Laucher,SystemUI. keys for search <ANR Exception MSG   History>
05-04 10:56:54.635 E/RemoteViews(  985): ANR Warning,RemoteViews can only be used once ,if not ,it may cause ANR in hosts such as Laucher,SystemUI. keys for search <ANR Exception MSG   History>
05-04 10:56:54.636 E/RemoteViews(  985): ANR Warning,RemoteViews can only be used once ,if not ,it may cause ANR in hosts such as Laucher,SystemUI. keys for search <ANR Exception MSG   History>
05-04 10:56:54.636 E/RemoteViews(  985): ANR Warning,RemoteViews can only be used once ,if not ,it may cause ANR in hosts such as Laucher,SystemUI. keys for search <ANR Exception MSG   History>
05-04 10:56:54.638 E/RemoteViews(  985): ANR Warning,RemoteViews can only be used once ,if not ,it may cause ANR in hosts such as Laucher,SystemUI. keys for search <ANR Exception MSG   History>
05-04 10:56:54.639 E/RemoteViews(  985): ANR Warning,RemoteViews can only be used once ,if not ,it may cause ANR in hosts such as Laucher,SystemUI. keys for search <ANR Exception MSG   History>
05-04 10:56:54.640 E/RemoteViews(  985): ANR Warning,RemoteViews can only be used once ,if not ,it may cause ANR in hosts such as Laucher,SystemUI. keys for search <ANR Exception MSG   History>
05-04 10:56:54.640 E/RemoteViews(  985): ANR Warning,RemoteViews can only be used once ,if not ,it may cause ANR in hosts such as Laucher,SystemUI. keys for search <ANR Exception MSG   History>
05-04 10:56:54.667 E/RemoteViews(  985): ANR Warning,RemoteViews can only be used once ,if not ,it may cause ANR in hosts such as Laucher,SystemUI. keys for search <ANR Exception MSG   History>
05-04 10:56:54.668 E/RemoteViews(  985): ANR Warning,RemoteViews can only be used once ,if not ,it may cause ANR in hosts such as Laucher,SystemUI. keys for search <ANR Exception MSG   History>
05-04 10:56:54.669 E/RemoteViews(  985): ANR Warning,RemoteViews can only be used once ,if not ,it may cause ANR in hosts such as Laucher,SystemUI. keys for search <ANR Exception MSG   History>
05-04 10:56:54.669 E/RemoteViews(  985): ANR Warning,RemoteViews can only be used once ,if not ,it may cause ANR in hosts such as Laucher,SystemUI. keys for search <ANR Exception MSG   History>
05-04 10:56:54.669 E/RemoteViews(  985): ANR Warning,RemoteViews can only be used once ,if not ,it may cause ANR in hosts such as Laucher,SystemUI. keys for search <ANR Exception MSG   History>
05-04 10:56:54.670 E/RemoteViews(  985): ANR Warning,RemoteViews can only be used once ,if not ,it may cause ANR in hosts such as Laucher,SystemUI. keys for search <ANR Exception MSG   History>
05-04 10:56:54.675 E/RemoteViews(  985): ANR Warning,RemoteViews can only be used once ,if not ,it may cause ANR in hosts such as Laucher,SystemUI. keys for search <ANR Exception MSG   History>
05-04 10:56:54.676 E/RemoteViews(  985): ANR Warning,RemoteViews can only be used once ,if not ,it may cause ANR in hosts such as Laucher,SystemUI. keys for search <ANR Exception MSG   History>
05-04 10:56:54.699 E/RemoteViews( 2070): ANR Warning,RemoteViews can only be used once ,if not ,it may cause ANR in hosts such as Laucher,SystemUI. keys for search <ANR Exception MSG   History>
05-04 10:56:54.699 E/RemoteViews( 2070): ANR Warning,RemoteViews can only be used once ,if not ,it may cause ANR in hosts such as Laucher,SystemUI. keys for search <ANR Exception MSG   History>
05-04 10:56:54.699 E/RemoteViews( 2070): ANR Warning,RemoteViews can only be used once ,if not ,it may cause ANR in hosts such as Laucher,SystemUI. keys for search <ANR Exception MSG   History>
05-04 10:56:54.699 E/RemoteViews( 2070): ANR Warning,RemoteViews can only be used once ,if not ,it may cause ANR in hosts such as Laucher,SystemUI. keys for search <ANR Exception MSG   History>
05-04 10:56:54.699 E/RemoteViews( 2070): ANR Warning,RemoteViews can only be used once ,if not ,it may cause ANR in hosts such as Laucher,SystemUI. keys for search <ANR Exception MSG   History>
05-04 10:56:54.700 E/RemoteViews( 2070): ANR Warning,RemoteViews can only be used once ,if not ,it may cause ANR in hosts such as Laucher,SystemUI. keys for search <ANR Exception MSG   History>
05-04 10:56:54.700 E/RemoteViews( 2070): ANR Warning,RemoteViews can only be used once ,if not ,it may cause ANR in hosts such as Laucher,SystemUI. keys for search <ANR Exception MSG   History>
05-04 10:56:54.700 E/RemoteViews( 2070): ANR Warning,RemoteViews can only be used once ,if not ,it may cause ANR in hosts such as Laucher,SystemUI. keys for search <ANR Exception MSG   History>
05-04 10:56:54.721 E/RemoteViews( 2070): ANR Warning,RemoteViews can only be used once ,if not ,it may cause ANR in hosts such as Laucher,SystemUI. keys for search <ANR Exception MSG   History>
05-04 10:56:54.721 E/RemoteViews( 2070): ANR Warning,RemoteViews can only be used once ,if not ,it may cause ANR in hosts such as Laucher,SystemUI. keys for search <ANR Exception MSG   History>
05-04 10:56:54.721 E/RemoteViews( 2070): ANR Warning,RemoteViews can only be used once ,if not ,it may cause ANR in hosts such as Laucher,SystemUI. keys for search <ANR Exception MSG   History>
05-04 10:56:54.721 E/RemoteViews( 2070): ANR Warning,RemoteViews can only be used once ,if not ,it may cause ANR in hosts such as Laucher,SystemUI. keys for search <ANR Exception MSG   History>
05-04 10:56:54.722 E/RemoteViews( 2070): ANR Warning,RemoteViews can only be used once ,if not ,it may cause ANR in hosts such as Laucher,SystemUI. keys for search <ANR Exception MSG   History>
05-04 10:56:54.722 E/RemoteViews( 2070): ANR Warning,RemoteViews can only be used once ,if not ,it may cause ANR in hosts such as Laucher,SystemUI. keys for search <ANR Exception MSG   History>
05-04 10:56:54.722 E/RemoteViews( 2070): ANR Warning,RemoteViews can only be used once ,if not ,it may cause ANR in hosts such as Laucher,SystemUI. keys for search <ANR Exception MSG   History>
05-04 10:56:54.722 E/RemoteViews( 2070): ANR Warning,RemoteViews can only be used once ,if not ,it may cause ANR in hosts such as Laucher,SystemUI. keys for search <ANR Exception MSG   History>
05-04 10:57:03.367 E/RemoteViews(  985): ANR Warning,RemoteViews can only be used once ,if not ,it may cause ANR in hosts such as Laucher,SystemUI. keys for search <ANR Exception MSG   History>
05-04 10:57:03.371 E/RemoteViews(  985): ANR Warning,RemoteViews can only be used once ,if not ,it may cause ANR in hosts such as Laucher,SystemUI. keys for search <ANR Exception MSG   History>
05-04 10:57:03.406 E/RemoteViews( 2070): ANR Warning,RemoteViews can only be used once ,if not ,it may cause ANR in hosts such as Laucher,SystemUI. keys for search <ANR Exception MSG   History>
05-04 10:57:03.431 E/RemoteViews( 2070): ANR Warning,RemoteViews can only be used once ,if not ,it may cause ANR in hosts such as Laucher,SystemUI. keys for search <ANR Exception MSG   History>
05-04 10:57:03.459 E/RemoteViews(  985): ANR Warning,RemoteViews can only be used once ,if not ,it may cause ANR in hosts such as Laucher,SystemUI. keys for search <ANR Exception MSG   History>
05-04 10:57:03.465 E/RemoteViews(  985): ANR Warning,RemoteViews can only be used once ,if not ,it may cause ANR in hosts such as Laucher,SystemUI. keys for search <ANR Exception MSG   History>
05-04 10:57:03.497 E/RemoteViews( 2070): ANR Warning,RemoteViews can only be used once ,if not ,it may cause ANR in hosts such as Laucher,SystemUI. keys for search <ANR Exception MSG   History>
05-04 10:57:03.511 E/RemoteViews( 2070): ANR Warning,RemoteViews can only be used once ,if not ,it may cause ANR in hosts such as Laucher,SystemUI. keys for search <ANR Exception MSG   History>
05-04 10:57:04.514 E/RemoteViews(  985): ANR Warning,RemoteViews can only be used once ,if not ,it may cause ANR in hosts such as Laucher,SystemUI. keys for search <ANR Exception MSG   History>
05-04 10:57:04.522 E/RemoteViews(  985): ANR Warning,RemoteViews can only be used once ,if not ,it may cause ANR in hosts such as Laucher,SystemUI. keys for search <ANR Exception MSG   History>
05-04 10:57:04.568 E/RemoteViews( 2070): ANR Warning,RemoteViews can only be used once ,if not ,it may cause ANR in hosts such as Laucher,SystemUI. keys for search <ANR Exception MSG   History>
05-04 10:57:04.581 E/RemoteViews( 2070): ANR Warning,RemoteViews can only be used once ,if not ,it may cause ANR in hosts such as Laucher,SystemUI. keys for search <ANR Exception MSG   History>
05-04 10:57:27.718 E/RemoteViews( 2479): ANR Warning,RemoteViews can only be used once ,if not ,it may cause ANR in hosts such as Laucher,SystemUI. keys for search <ANR Exception MSG   History>
05-04 10:57:27.816 E/RemoteViews( 2070): ANR Warning,RemoteViews can only be used once ,if not ,it may cause ANR in hosts such as Laucher,SystemUI. keys for search <ANR Exception MSG   History>
05-04 10:57:27.837 E/RemoteViews(  985): ANR Warning,RemoteViews can only be used once ,if not ,it may cause ANR in hosts such as Laucher,SystemUI. keys for search <ANR Exception MSG   History>
05-04 10:57:27.874 E/RemoteViews(  985): ANR Warning,RemoteViews can only be used once ,if not ,it may cause ANR in hosts such as Laucher,SystemUI. keys for search <ANR Exception MSG   History>
05-04 10:57:27.895 E/RemoteViews(  985): ANR Warning,RemoteViews can only be used once ,if not ,it may cause ANR in hosts such as Laucher,SystemUI. keys for search <ANR Exception MSG   History>
05-04 10:57:27.932 E/RemoteViews(  985): ANR Warning,RemoteViews can only be used once ,if not ,it may cause ANR in hosts such as Laucher,SystemUI. keys for search <ANR Exception MSG   History>
05-04 10:57:27.953 E/RemoteViews( 2070): ANR Warning,RemoteViews can only be used once ,if not ,it may cause ANR in hosts such as Laucher,SystemUI. keys for search <ANR Exception MSG   History>
05-04 10:57:27.977 E/RemoteViews( 2070): ANR Warning,RemoteViews can only be used once ,if not ,it may cause ANR in hosts such as Laucher,SystemUI. keys for search <ANR Exception MSG   History>
05-04 10:57:28.032 E/RemoteViews( 2070): ANR Warning,RemoteViews can only be used once ,if not ,it may cause ANR in hosts such as Laucher,SystemUI. keys for search <ANR Exception MSG   History>
05-04 10:57:28.053 E/RemoteViews( 2070): ANR Warning,RemoteViews can only be used once ,if not ,it may cause ANR in hosts such as Laucher,SystemUI. keys for search <ANR Exception MSG   History>
