--------- beginning of /dev/log/system
05-04 11:29:21.236 E/ActivityManager(  985): START {act=android.intent.action.MAIN cat=[android.intent.category.LAUNCHER] flg=0x10200000 cmp=com.xinhe.ocr/.SplashActivity u=0} from pid 28049
05-04 11:29:39.860 E/ActivityManager(  985): START {cmp=com.xinhe.ocr/.one.activity.LoginActivity u=0} from pid 28060
05-04 11:29:57.543 E/ActivityManager(  985): START {cmp=com.xinhe.ocr/.one.activity.MainActivity (has extras) u=0} from pid 28060
05-04 11:30:00.188 E/ActivityManager(  985): START {cmp=com.xinhe.ocr/.two.activity.credit.CreditLendActivity u=0} from pid 28060
05-04 11:30:01.903 E/ActivityManager(  985): START {cmp=com.xinhe.ocr/.two.activity.credit.customer_consult_info.CustomerConsultationInfoFirstActivity u=0} from pid 28060
--------- beginning of /dev/log/main
05-04 11:30:41.444 E/QueryController(28029): Got null root node from accessibility - Retrying...
05-04 11:30:43.731 E/RemoteViews(  985): ANR Warning,RemoteViews can only be used once ,if not ,it may cause ANR in hosts such as Laucher,SystemUI. keys for search <ANR Exception MSG   History>
05-04 11:30:43.733 E/RemoteViews(  985): ANR Warning,RemoteViews can only be used once ,if not ,it may cause ANR in hosts such as Laucher,SystemUI. keys for search <ANR Exception MSG   History>
05-04 11:30:43.735 E/RemoteViews(  985): ANR Warning,RemoteViews can only be used once ,if not ,it may cause ANR in hosts such as Laucher,SystemUI. keys for search <ANR Exception MSG   History>
05-04 11:30:43.760 E/RemoteViews( 2070): ANR Warning,RemoteViews can only be used once ,if not ,it may cause ANR in hosts such as Laucher,SystemUI. keys for search <ANR Exception MSG   History>
05-04 11:30:43.773 E/RemoteViews( 2070): ANR Warning,RemoteViews can only be used once ,if not ,it may cause ANR in hosts such as Laucher,SystemUI. keys for search <ANR Exception MSG   History>
05-04 11:31:09.634 E/Parcel  (20876): Reading a NULL string not supported here.
05-04 11:31:09.671 E/Parcel  (20876): Reading a NULL string not supported here.
05-04 11:31:09.705 E/Parcel  (20876): Reading a NULL string not supported here.
05-04 11:31:09.740 E/Parcel  (20876): Reading a NULL string not supported here.
05-04 11:31:09.786 E/CellLocation(20876): create GsmCellLocation
05-04 11:31:12.594 E/dalvikvm(28327): /system/framework/am.jar odex has stale dependencies
05-04 11:31:12.754 E/memtrack(28327): Couldn't load memtrack module (No such file or directory)
05-04 11:31:12.754 E/android.os.Debug(28327): failed to load memtrack module: -2
05-04 11:31:12.840 E/jdwp    (28327): jdwp::setsockopt(SO_SNDTIMEO)
05-04 11:31:12.840 E/jdwp    (28327): jdwp::setsockopt(SO_RCVTIMEO)
05-04 11:31:25.193 E/RemoteViews( 2744): ANR Warning,RemoteViews can only be used once ,if not ,it may cause ANR in hosts such as Laucher,SystemUI. keys for search <ANR Exception MSG   History>
05-04 11:31:25.193 E/RemoteViews( 2744): ANR Warning,RemoteViews can only be used once ,if not ,it may cause ANR in hosts such as Laucher,SystemUI. keys for search <ANR Exception MSG   History>
05-04 11:31:25.194 E/RemoteViews( 2744): ANR Warning,RemoteViews can only be used once ,if not ,it may cause ANR in hosts such as Laucher,SystemUI. keys for search <ANR Exception MSG   History>
05-04 11:31:25.195 E/RemoteViews( 2744): ANR Warning,RemoteViews can only be used once ,if not ,it may cause ANR in hosts such as Laucher,SystemUI. keys for search <ANR Exception MSG   History>
05-04 11:31:25.196 E/RemoteViews( 2744): ANR Warning,RemoteViews can only be used once ,if not ,it may cause ANR in hosts such as Laucher,SystemUI. keys for search <ANR Exception MSG   History>
05-04 11:31:25.204 E/RemoteViews(  985): ANR Warning,RemoteViews can only be used once ,if not ,it may cause ANR in hosts such as Laucher,SystemUI. keys for search <ANR Exception MSG   History>
05-04 11:31:25.205 E/RemoteViews(  985): ANR Warning,RemoteViews can only be used once ,if not ,it may cause ANR in hosts such as Laucher,SystemUI. keys for search <ANR Exception MSG   History>
05-04 11:31:25.205 E/RemoteViews(  985): ANR Warning,RemoteViews can only be used once ,if not ,it may cause ANR in hosts such as Laucher,SystemUI. keys for search <ANR Exception MSG   History>
05-04 11:31:25.205 E/RemoteViews(  985): ANR Warning,RemoteViews can only be used once ,if not ,it may cause ANR in hosts such as Laucher,SystemUI. keys for search <ANR Exception MSG   History>
05-04 11:31:25.207 E/RemoteViews(  985): ANR Warning,RemoteViews can only be used once ,if not ,it may cause ANR in hosts such as Laucher,SystemUI. keys for search <ANR Exception MSG   History>
05-04 11:31:25.208 E/RemoteViews(  985): ANR Warning,RemoteViews can only be used once ,if not ,it may cause ANR in hosts such as Laucher,SystemUI. keys for search <ANR Exception MSG   History>
05-04 11:31:25.208 E/RemoteViews(  985): ANR Warning,RemoteViews can only be used once ,if not ,it may cause ANR in hosts such as Laucher,SystemUI. keys for search <ANR Exception MSG   History>
05-04 11:31:25.208 E/RemoteViews(  985): ANR Warning,RemoteViews can only be used once ,if not ,it may cause ANR in hosts such as Laucher,SystemUI. keys for search <ANR Exception MSG   History>
05-04 11:31:25.210 E/RemoteViews(  985): ANR Warning,RemoteViews can only be used once ,if not ,it may cause ANR in hosts such as Laucher,SystemUI. keys for search <ANR Exception MSG   History>
05-04 11:31:25.211 E/RemoteViews(  985): ANR Warning,RemoteViews can only be used once ,if not ,it may cause ANR in hosts such as Laucher,SystemUI. keys for search <ANR Exception MSG   History>
05-04 11:31:25.211 E/RemoteViews(  985): ANR Warning,RemoteViews can only be used once ,if not ,it may cause ANR in hosts such as Laucher,SystemUI. keys for search <ANR Exception MSG   History>
05-04 11:31:25.211 E/RemoteViews(  985): ANR Warning,RemoteViews can only be used once ,if not ,it may cause ANR in hosts such as Laucher,SystemUI. keys for search <ANR Exception MSG   History>
05-04 11:31:25.211 E/RemoteViews(  985): ANR Warning,RemoteViews can only be used once ,if not ,it may cause ANR in hosts such as Laucher,SystemUI. keys for search <ANR Exception MSG   History>
05-04 11:31:25.213 E/RemoteViews(  985): ANR Warning,RemoteViews can only be used once ,if not ,it may cause ANR in hosts such as Laucher,SystemUI. keys for search <ANR Exception MSG   History>
05-04 11:31:25.214 E/RemoteViews(  985): ANR Warning,RemoteViews can only be used once ,if not ,it may cause ANR in hosts such as Laucher,SystemUI. keys for search <ANR Exception MSG   History>
05-04 11:31:25.214 E/RemoteViews(  985): ANR Warning,RemoteViews can only be used once ,if not ,it may cause ANR in hosts such as Laucher,SystemUI. keys for search <ANR Exception MSG   History>
05-04 11:31:25.220 E/RemoteViews(  985): ANR Warning,RemoteViews can only be used once ,if not ,it may cause ANR in hosts such as Laucher,SystemUI. keys for search <ANR Exception MSG   History>
05-04 11:31:25.222 E/RemoteViews(  985): ANR Warning,RemoteViews can only be used once ,if not ,it may cause ANR in hosts such as Laucher,SystemUI. keys for search <ANR Exception MSG   History>
05-04 11:31:25.222 E/RemoteViews(  985): ANR Warning,RemoteViews can only be used once ,if not ,it may cause ANR in hosts such as Laucher,SystemUI. keys for search <ANR Exception MSG   History>
05-04 11:31:25.222 E/RemoteViews(  985): ANR Warning,RemoteViews can only be used once ,if not ,it may cause ANR in hosts such as Laucher,SystemUI. keys for search <ANR Exception MSG   History>
05-04 11:31:25.223 E/RemoteViews(  985): ANR Warning,RemoteViews can only be used once ,if not ,it may cause ANR in hosts such as Laucher,SystemUI. keys for search <ANR Exception MSG   History>
05-04 11:31:25.224 E/RemoteViews(  985): ANR Warning,RemoteViews can only be used once ,if not ,it may cause ANR in hosts such as Laucher,SystemUI. keys for search <ANR Exception MSG   History>
05-04 11:31:25.225 E/RemoteViews(  985): ANR Warning,RemoteViews can only be used once ,if not ,it may cause ANR in hosts such as Laucher,SystemUI. keys for search <ANR Exception MSG   History>
05-04 11:31:25.225 E/RemoteViews(  985): ANR Warning,RemoteViews can only be used once ,if not ,it may cause ANR in hosts such as Laucher,SystemUI. keys for search <ANR Exception MSG   History>
05-04 11:31:25.252 E/RemoteViews( 2070): ANR Warning,RemoteViews can only be used once ,if not ,it may cause ANR in hosts such as Laucher,SystemUI. keys for search <ANR Exception MSG   History>
05-04 11:31:25.252 E/RemoteViews( 2070): ANR Warning,RemoteViews can only be used once ,if not ,it may cause ANR in hosts such as Laucher,SystemUI. keys for search <ANR Exception MSG   History>
05-04 11:31:25.253 E/RemoteViews( 2070): ANR Warning,RemoteViews can only be used once ,if not ,it may cause ANR in hosts such as Laucher,SystemUI. keys for search <ANR Exception MSG   History>
05-04 11:31:25.253 E/RemoteViews( 2070): ANR Warning,RemoteViews can only be used once ,if not ,it may cause ANR in hosts such as Laucher,SystemUI. keys for search <ANR Exception MSG   History>
05-04 11:31:25.253 E/RemoteViews( 2070): ANR Warning,RemoteViews can only be used once ,if not ,it may cause ANR in hosts such as Laucher,SystemUI. keys for search <ANR Exception MSG   History>
05-04 11:31:25.253 E/RemoteViews( 2070): ANR Warning,RemoteViews can only be used once ,if not ,it may cause ANR in hosts such as Laucher,SystemUI. keys for search <ANR Exception MSG   History>
05-04 11:31:25.253 E/RemoteViews( 2070): ANR Warning,RemoteViews can only be used once ,if not ,it may cause ANR in hosts such as Laucher,SystemUI. keys for search <ANR Exception MSG   History>
05-04 11:31:25.253 E/RemoteViews( 2070): ANR Warning,RemoteViews can only be used once ,if not ,it may cause ANR in hosts such as Laucher,SystemUI. keys for search <ANR Exception MSG   History>
05-04 11:31:25.268 E/RemoteViews( 2070): ANR Warning,RemoteViews can only be used once ,if not ,it may cause ANR in hosts such as Laucher,SystemUI. keys for search <ANR Exception MSG   History>
05-04 11:31:25.268 E/RemoteViews( 2070): ANR Warning,RemoteViews can only be used once ,if not ,it may cause ANR in hosts such as Laucher,SystemUI. keys for search <ANR Exception MSG   History>
05-04 11:31:25.268 E/RemoteViews( 2070): ANR Warning,RemoteViews can only be used once ,if not ,it may cause ANR in hosts such as Laucher,SystemUI. keys for search <ANR Exception MSG   History>
05-04 11:31:25.268 E/RemoteViews( 2070): ANR Warning,RemoteViews can only be used once ,if not ,it may cause ANR in hosts such as Laucher,SystemUI. keys for search <ANR Exception MSG   History>
05-04 11:31:25.269 E/RemoteViews( 2070): ANR Warning,RemoteViews can only be used once ,if not ,it may cause ANR in hosts such as Laucher,SystemUI. keys for search <ANR Exception MSG   History>
05-04 11:31:25.269 E/RemoteViews( 2070): ANR Warning,RemoteViews can only be used once ,if not ,it may cause ANR in hosts such as Laucher,SystemUI. keys for search <ANR Exception MSG   History>
05-04 11:31:25.269 E/RemoteViews( 2070): ANR Warning,RemoteViews can only be used once ,if not ,it may cause ANR in hosts such as Laucher,SystemUI. keys for search <ANR Exception MSG   History>
05-04 11:31:25.269 E/RemoteViews( 2070): ANR Warning,RemoteViews can only be used once ,if not ,it may cause ANR in hosts such as Laucher,SystemUI. keys for search <ANR Exception MSG   History>
05-04 11:31:32.946 E/ADB_SERVICES(27562): ERROR: fd = 15, n = -1, errno = 5 (I/O error)
05-04 11:31:32.948 E/MtpServer( 7839): Try to wait for next command until success!! returned -1, errno: 5
05-04 11:31:32.948 E/MtpServer( 7839): EIO!! returned -1, errno: 5
05-04 11:31:33.176 E/MTKLogger/Utils(28375): MODEM_INDEX_SET added index: 1
05-04 11:31:33.176 E/MTKLogger/Utils(28375): NoSuchFieldException
05-04 11:31:33.178 E/MTKLogger/Utils(28375): NoSuchFieldException
05-04 11:31:33.182 E/MTKLogger/Utils(28375): NoSuchFieldException
05-04 11:31:33.184 E/MTKLogger/Utils(28375): NoSuchFieldException
05-04 11:31:33.185 E/MTKLogger/Utils(28375): NoSuchFieldException
05-04 11:31:33.188 E/MTKLogger/Utils(28375):  modem MODEM_MAP index: null
05-04 11:31:33.188 E/MTKLogger/Utils(28375):  modem MODEM_MAP index: null
05-04 11:31:33.192 E/MTKLogger/Utils(28375):  modem MODEM_MAP index: null
05-04 11:31:33.192 E/MTKLogger/Utils(28375):  modem MODEM_MAP index: null
05-04 11:31:33.192 E/MTKLogger/Utils(28375):  modem MODEM_MAP index: null
05-04 11:31:33.192 E/MTKLogger/Utils(28375):  modem MODEM_MAP index: null
05-04 11:31:33.192 E/MTKLogger/Utils(28375):  modem MODEM_MAP index: null
05-04 11:31:33.192 E/MTKLogger/Utils(28375):  modem MODEM_MAP index: null
05-04 11:31:33.267 E/dalvikvm(28395): /system/app/OppoGestureUI.apk odex has stale dependencies
05-04 11:31:33.314 E/MtpServerJNI( 7839): void android_mtp_MtpServer_add_storage(JNIEnv*, jobject, jobject), line 158: descriptionStr = 手机存储
05-04 11:31:33.314 E/MtpServer( 7839): void android::MtpServer::sendEvent(android::MtpEventCode, uint32_t): Without OpenSession to send event code = 0x4004, 
05-04 11:31:33.314 E/MtpServer( 7839): MtpServer::run mFD: 72
05-04 11:31:33.315 E/MtpServer( 7839): MtpServer::run mFD: 72
05-04 11:31:33.315 E/MtpServer( 7839): MtpServer::run mFD: 72
05-04 11:31:33.316 E/MtpServer( 7839): MtpServer::run mFD: 72
05-04 11:31:33.316 E/MtpServer( 7839): MtpServer::run mFD: 72
05-04 11:31:33.317 E/NotificationService(  985): Suppressing notification from package com.android.providers.media by user request.
05-04 11:31:33.318 E/MtpServer( 7839): MtpServer::run mFD: 72
05-04 11:31:33.366 E/MtpServer( 7839): MtpServer::run mFD: 72
05-04 11:31:33.368 E/MtpServer( 7839): MtpServer::run mFD: 72
05-04 11:31:33.368 E/MtpServer( 7839): MtpServer::run mFD: 72
05-04 11:31:33.368 E/MtpServer( 7839): MtpServer::run mFD: 72
05-04 11:31:33.368 E/MtpServer( 7839): MtpServer::run mFD: 72
05-04 11:31:33.369 E/MtpServer( 7839): MtpServer::run mFD: 72
05-04 11:31:33.369 E/MtpServer( 7839): MtpServer::run mFD: 72
05-04 11:31:33.369 E/MtpServer( 7839): MtpServer::run mFD: 72
05-04 11:31:33.370 E/MtpServer( 7839): MtpServer::run mFD: 72
05-04 11:31:33.370 E/MtpServer( 7839): MtpServer::run mFD: 72
05-04 11:31:33.370 E/MtpServer( 7839): MtpServer::run mFD: 72
05-04 11:31:33.370 E/MtpServer( 7839): MtpServer::run mFD: 72
05-04 11:31:33.371 E/MtpServer( 7839): MtpServer::run mFD: 72
05-04 11:31:33.371 E/MtpServer( 7839): MtpServer::run mFD: 72
05-04 11:31:33.371 E/MtpServer( 7839): MtpServer::run mFD: 72
05-04 11:31:33.371 E/MtpServer( 7839): MtpServer::run mFD: 72
05-04 11:31:33.372 E/MtpServer( 7839): MtpServer::run mFD: 72
05-04 11:31:33.372 E/MtpServer( 7839): MtpServer::run mFD: 72
05-04 11:31:33.372 E/MtpServer( 7839): MtpServer::run mFD: 72
05-04 11:31:33.373 E/MtpServer( 7839): MtpServer::run mFD: 72
05-04 11:31:33.373 E/MtpServer( 7839): MtpServer::run mFD: 72
05-04 11:31:33.373 E/MtpServer( 7839): MtpServer::run mFD: 72
05-04 11:31:33.373 E/MtpServer( 7839): MtpServer::run mFD: 72
05-04 11:31:33.374 E/MtpServer( 7839): MtpServer::run mFD: 72
05-04 11:31:49.258 E/dalvikvm(28460): /system/framework/input.jar odex has stale dependencies
05-04 11:31:49.414 E/memtrack(28460): Couldn't load memtrack module (No such file or directory)
05-04 11:31:49.414 E/android.os.Debug(28460): failed to load memtrack module: -2
05-04 11:31:49.496 E/ActivityManager(  985): START {act=android.intent.action.MAIN cat=[android.intent.category.HOME] flg=0x10200000 cmp=com.oppo.launcher/.Launcher u=0} from pid 985
05-04 11:31:49.514 E/InputLog(  985): WindowManager :  startDockOrHome ok
05-04 11:31:49.520 E/jdwp    (28460): jdwp::setsockopt(SO_SNDTIMEO)
05-04 11:31:49.520 E/jdwp    (28460): jdwp::setsockopt(SO_RCVTIMEO)
05-04 11:31:49.802 E/dalvikvm(28471): Could not find class 'com.qihoo360.mobilesafe.service.KLJobServiceXYZ', referenced from method com.qihoo360.mobilesafe.ui.index.MobileSafeApplication.onCreate
05-04 11:31:50.009 E/Parcel  (28471): Reading a NULL string not supported here.
05-04 11:31:50.139 E/dalvikvm(28488): /system/framework/ime.jar odex has stale dependencies
05-04 11:31:50.303 E/memtrack(28488): Couldn't load memtrack module (No such file or directory)
05-04 11:31:50.303 E/android.os.Debug(28488): failed to load memtrack module: -2
05-04 11:31:50.370 F/InputMethodManagerService(  985): Input Method Manager Crash
05-04 11:31:50.370 F/InputMethodManagerService(  985): java.lang.IllegalArgumentException: Unknown id: WARNING:
05-04 11:31:50.370 F/InputMethodManagerService(  985): 	at com.android.server.InputMethodManagerService.setInputMethodLocked(InputMethodManagerService.java:1748)
05-04 11:31:50.370 F/InputMethodManagerService(  985): 	at com.android.server.InputMethodManagerService.setInputMethodWithSubtypeId(InputMethodManagerService.java:2426)
05-04 11:31:50.370 F/InputMethodManagerService(  985): 	at com.android.server.InputMethodManagerService.setInputMethod(InputMethodManagerService.java:2204)
05-04 11:31:50.370 F/InputMethodManagerService(  985): 	at com.android.internal.view.IInputMethodManager$Stub.onTransact(IInputMethodManager.java:259)
05-04 11:31:50.370 F/InputMethodManagerService(  985): 	at com.android.server.InputMethodManagerService.onTransact(InputMethodManagerService.java:852)
05-04 11:31:50.370 F/InputMethodManagerService(  985): 	at android.os.Binder.execTransact(Binder.java:404)
05-04 11:31:50.370 F/InputMethodManagerService(  985): 	at dalvik.system.NativeStart.run(Native Method)
05-04 11:31:50.700 E/jdwp    (28488): jdwp::setsockopt(SO_SNDTIMEO)
05-04 11:31:50.700 E/jdwp    (28488): jdwp::setsockopt(SO_RCVTIMEO)
05-04 11:31:50.724 E/Sensors (  985): handleToDriver handle(0)
05-04 11:31:50.724 E/Accel   (  985): ACC batch: handle:0, en:1, maxBatchReportLatencyNs:0 
05-04 11:31:50.724 E/Sensors (  985): sensor 0 go to common batch
05-04 11:31:50.724 E/Sensors (  985): handleToDriver handle(0)
05-04 11:31:50.724 E/Sensors (  985): handleToDriver handle(0)
05-04 11:31:50.725 E/Sensors (  985): new setDelay handle(0),ns(20000000)m, error(0), index(2)
05-04 11:31:50.725 E/Accel   (  985): ACC batch: handle:0, en:0, maxBatchReportLatencyNs:0 
05-04 11:31:50.725 E/Sensors (  985): sensor 0 go to common batch
05-04 11:31:50.725 E/Sensors (  985): handleToDriver handle(0)
05-04 11:31:50.725 E/Sensors (  985): go to batchsensor
05-04 11:31:50.725 E/Sensors (  985): handleToDriver handle(0)
05-04 11:31:50.979 E/UiDevice(28029): Exceuting watcher: CRASH2
05-04 11:31:50.979 E/UiDevice(28029): java.lang.IllegalStateException: UiAutomation not connected!
05-04 11:31:50.979 E/UiDevice(28029): 	at android.app.UiAutomation.throwIfNotConnectedLocked(UiAutomation.java:676)
05-04 11:31:50.979 E/UiDevice(28029): 	at android.app.UiAutomation.waitForIdle(UiAutomation.java:519)
05-04 11:31:50.979 E/UiDevice(28029): 	at com.android.uiautomator.core.UiAutomatorBridge.waitForIdle(UiAutomatorBridge.java:96)
05-04 11:31:50.979 E/UiDevice(28029): 	at com.android.uiautomator.core.UiAutomatorBridge.waitForIdle(UiAutomatorBridge.java:91)
05-04 11:31:50.979 E/UiDevice(28029): 	at com.android.uiautomator.core.QueryController.findAccessibilityNodeInfo(QueryController.java:143)
05-04 11:31:50.979 E/UiDevice(28029): 	at com.android.uiautomator.core.QueryController.findAccessibilityNodeInfo(QueryController.java:138)
05-04 11:31:50.979 E/UiDevice(28029): 	at com.android.uiautomator.core.UiObject.findAccessibilityNodeInfo(UiObject.java:168)
05-04 11:31:50.979 E/UiDevice(28029): 	at com.android.uiautomator.core.UiObject.waitForExists(UiObject.java:848)
05-04 11:31:50.979 E/UiDevice(28029): 	at com.android.uiautomator.core.UiObject.exists(UiObject.java:899)
05-04 11:31:50.979 E/UiDevice(28029): 	at com.android.uiautomator.common.UiWatchers$4.checkForCondition(UiWatchers.java:107)
05-04 11:31:50.979 E/UiDevice(28029): 	at com.android.uiautomator.core.UiDevice.runWatchers(UiDevice.java:557)
05-04 11:31:50.979 E/UiDevice(28029): 	at com.android.uiautomator.core.UiObject.findAccessibilityNodeInfo(UiObject.java:173)
05-04 11:31:50.979 E/UiDevice(28029): 	at com.android.uiautomator.core.UiObject.waitForExists(UiObject.java:848)
05-04 11:31:50.979 E/UiDevice(28029): 	at com.android.uiautomator.core.UiObject.exists(UiObject.java:899)
05-04 11:31:50.979 E/UiDevice(28029): 	at io.appium.android.bootstrap.utils.TheWatchers.isDialogPresent(TheWatchers.java:35)
05-04 11:31:50.979 E/UiDevice(28029): 	at io.appium.android.bootstrap.utils.TheWatchers.check(TheWatchers.java:26)
05-04 11:31:50.979 E/UiDevice(28029): 	at io.appium.android.bootstrap.SocketServer$1.run(SocketServer.java:124)
05-04 11:31:50.979 E/UiDevice(28029): 	at java.util.Timer$TimerImpl.run(Timer.java:284)
05-04 11:31:50.987 E/dalvikvm(28521): /system/framework/am.jar odex has stale dependencies
05-04 11:31:51.136 E/memtrack(28521): Couldn't load memtrack module (No such file or directory)
05-04 11:31:51.136 E/android.os.Debug(28521): failed to load memtrack module: -2
05-04 11:31:51.252 E/MTKLogger/Utils(28532): MODEM_INDEX_SET added index: 1
05-04 11:31:51.253 E/MTKLogger/Utils(28532): NoSuchFieldException
05-04 11:31:51.254 E/MTKLogger/Utils(28532): NoSuchFieldException
05-04 11:31:51.254 E/MTKLogger/Utils(28532): NoSuchFieldException
05-04 11:31:51.255 E/MTKLogger/Utils(28532): NoSuchFieldException
05-04 11:31:51.256 E/MTKLogger/Utils(28532): NoSuchFieldException
05-04 11:31:51.257 E/MTKLogger/Utils(28532):  modem MODEM_MAP index: null
05-04 11:31:51.257 E/MTKLogger/Utils(28532):  modem MODEM_MAP index: null
05-04 11:31:51.257 E/MTKLogger/Utils(28532):  modem MODEM_MAP index: null
05-04 11:31:51.257 E/MTKLogger/Utils(28532):  modem MODEM_MAP index: null
05-04 11:31:51.257 E/MTKLogger/Utils(28532):  modem MODEM_MAP index: null
05-04 11:31:51.257 E/MTKLogger/Utils(28532):  modem MODEM_MAP index: null
05-04 11:31:51.257 E/MTKLogger/Utils(28532):  modem MODEM_MAP index: null
05-04 11:31:51.257 E/MTKLogger/Utils(28532):  modem MODEM_MAP index: null
05-04 11:31:51.277 E/jdwp    (28521): jdwp::setsockopt(SO_SNDTIMEO)
05-04 11:31:51.277 E/jdwp    (28521): jdwp::setsockopt(SO_RCVTIMEO)
05-04 11:32:07.736 E/ADB_SERVICES(27562): ERROR: fd = 15, n = -1, errno = 5 (I/O error)
05-04 11:32:07.742 E/MtpServer( 7839): Try to wait for next command until success!! returned -1, errno: 5
05-04 11:32:07.753 E/MtpServer( 7839): EIO!! returned -1, errno: 5
05-04 11:32:07.925 E/MTKLogger/Utils(28590): MODEM_INDEX_SET added index: 1
05-04 11:32:07.925 E/MTKLogger/Utils(28590): NoSuchFieldException
05-04 11:32:07.926 E/MTKLogger/Utils(28590): NoSuchFieldException
05-04 11:32:07.927 E/MTKLogger/Utils(28590): NoSuchFieldException
05-04 11:32:07.928 E/MTKLogger/Utils(28590): NoSuchFieldException
05-04 11:32:07.929 E/MTKLogger/Utils(28590): NoSuchFieldException
05-04 11:32:07.930 E/MTKLogger/Utils(28590):  modem MODEM_MAP index: null
05-04 11:32:07.930 E/MTKLogger/Utils(28590):  modem MODEM_MAP index: null
05-04 11:32:07.930 E/MTKLogger/Utils(28590):  modem MODEM_MAP index: null
05-04 11:32:07.930 E/MTKLogger/Utils(28590):  modem MODEM_MAP index: null
05-04 11:32:07.930 E/MTKLogger/Utils(28590):  modem MODEM_MAP index: null
05-04 11:32:07.930 E/MTKLogger/Utils(28590):  modem MODEM_MAP index: null
05-04 11:32:07.930 E/MTKLogger/Utils(28590):  modem MODEM_MAP index: null
05-04 11:32:07.930 E/MTKLogger/Utils(28590):  modem MODEM_MAP index: null
05-04 11:32:07.993 E/dalvikvm(28613): /system/app/OppoGestureUI.apk odex has stale dependencies
05-04 11:32:08.041 E/MtpServerJNI( 7839): void android_mtp_MtpServer_add_storage(JNIEnv*, jobject, jobject), line 158: descriptionStr = 手机存储
05-04 11:32:08.042 E/MtpServer( 7839): void android::MtpServer::sendEvent(android::MtpEventCode, uint32_t): Without OpenSession to send event code = 0x4004, 
05-04 11:32:08.042 E/MtpServer( 7839): MtpServer::run mFD: 72
05-04 11:32:08.043 E/MtpServer( 7839): MtpServer::run mFD: 72
05-04 11:32:08.044 E/NotificationService(  985): Suppressing notification from package com.android.providers.media by user request.
05-04 11:32:08.046 E/MtpServer( 7839): MtpServer::run mFD: 72
05-04 11:32:08.046 E/MtpServer( 7839): MtpServer::run mFD: 72
05-04 11:32:08.047 E/MtpServer( 7839): MtpServer::run mFD: 72
05-04 11:32:08.049 E/MtpServer( 7839): MtpServer::run mFD: 72
05-04 11:32:08.081 E/MtpServer( 7839): MtpServer::run mFD: 72
05-04 11:32:08.081 E/MtpServer( 7839): MtpServer::run mFD: 72
05-04 11:32:08.081 E/MtpServer( 7839): MtpServer::run mFD: 72
05-04 11:32:08.081 E/MtpServer( 7839): MtpServer::run mFD: 72
05-04 11:32:08.081 E/MtpServer( 7839): MtpServer::run mFD: 72
05-04 11:32:08.082 E/MtpServer( 7839): MtpServer::run mFD: 72
05-04 11:32:08.082 E/MtpServer( 7839): MtpServer::run mFD: 72
05-04 11:32:08.082 E/MtpServer( 7839): MtpServer::run mFD: 72
05-04 11:32:08.082 E/MtpServer( 7839): MtpServer::run mFD: 72
05-04 11:32:08.083 E/MtpServer( 7839): MtpServer::run mFD: 72
05-04 11:32:08.083 E/MtpServer( 7839): MtpServer::run mFD: 72
05-04 11:32:08.083 E/MtpServer( 7839): MtpServer::run mFD: 72
05-04 11:32:08.083 E/MtpServer( 7839): MtpServer::run mFD: 72
05-04 11:32:08.084 E/MtpServer( 7839): MtpServer::run mFD: 72
05-04 11:32:08.084 E/MtpServer( 7839): MtpServer::run mFD: 72
05-04 11:32:08.084 E/MtpServer( 7839): MtpServer::run mFD: 72
05-04 11:32:08.084 E/MtpServer( 7839): MtpServer::run mFD: 72
05-04 11:32:08.084 E/MtpServer( 7839): MtpServer::run mFD: 72
05-04 11:32:08.085 E/MtpServer( 7839): MtpServer::run mFD: 72
05-04 11:32:08.085 E/MtpServer( 7839): MtpServer::run mFD: 72
05-04 11:32:08.085 E/MtpServer( 7839): MtpServer::run mFD: 72
05-04 11:32:08.085 E/MtpServer( 7839): MtpServer::run mFD: 72
05-04 11:32:08.086 E/MtpServer( 7839): MtpServer::run mFD: 72
05-04 11:32:08.086 E/MtpServer( 7839): MtpServer::run mFD: 72
05-04 11:32:28.415 E/RemoteViews( 2479): ANR Warning,RemoteViews can only be used once ,if not ,it may cause ANR in hosts such as Laucher,SystemUI. keys for search <ANR Exception MSG   History>
05-04 11:32:28.496 E/RemoteViews( 2070): ANR Warning,RemoteViews can only be used once ,if not ,it may cause ANR in hosts such as Laucher,SystemUI. keys for search <ANR Exception MSG   History>
05-04 11:32:28.518 E/RemoteViews(  985): ANR Warning,RemoteViews can only be used once ,if not ,it may cause ANR in hosts such as Laucher,SystemUI. keys for search <ANR Exception MSG   History>
05-04 11:32:28.559 E/RemoteViews(  985): ANR Warning,RemoteViews can only be used once ,if not ,it may cause ANR in hosts such as Laucher,SystemUI. keys for search <ANR Exception MSG   History>
05-04 11:32:28.581 E/RemoteViews(  985): ANR Warning,RemoteViews can only be used once ,if not ,it may cause ANR in hosts such as Laucher,SystemUI. keys for search <ANR Exception MSG   History>
05-04 11:32:28.616 E/RemoteViews( 2070): ANR Warning,RemoteViews can only be used once ,if not ,it may cause ANR in hosts such as Laucher,SystemUI. keys for search <ANR Exception MSG   History>
05-04 11:32:28.618 E/RemoteViews(  985): ANR Warning,RemoteViews can only be used once ,if not ,it may cause ANR in hosts such as Laucher,SystemUI. keys for search <ANR Exception MSG   History>
05-04 11:32:28.653 E/RemoteViews( 2070): ANR Warning,RemoteViews can only be used once ,if not ,it may cause ANR in hosts such as Laucher,SystemUI. keys for search <ANR Exception MSG   History>
05-04 11:32:28.727 E/RemoteViews( 2070): ANR Warning,RemoteViews can only be used once ,if not ,it may cause ANR in hosts such as Laucher,SystemUI. keys for search <ANR Exception MSG   History>
05-04 11:32:28.762 E/RemoteViews( 2070): ANR Warning,RemoteViews can only be used once ,if not ,it may cause ANR in hosts such as Laucher,SystemUI. keys for search <ANR Exception MSG   History>
05-04 11:33:11.877 E/ADB_SERVICES(27562): ERROR: fd = 15, n = -1, errno = 5 (I/O error)
05-04 11:33:11.883 E/MtpServer( 7839): Try to wait for next command until success!! returned -1, errno: 5
05-04 11:33:11.884 E/MtpServer( 7839): EIO!! returned -1, errno: 5
05-04 11:33:12.094 E/MTKLogger/Utils(28755): MODEM_INDEX_SET added index: 1
05-04 11:33:12.095 E/MTKLogger/Utils(28755): NoSuchFieldException
05-04 11:33:12.096 E/MTKLogger/Utils(28755): NoSuchFieldException
05-04 11:33:12.098 E/MTKLogger/Utils(28755): NoSuchFieldException
05-04 11:33:12.099 E/MTKLogger/Utils(28755): NoSuchFieldException
05-04 11:33:12.100 E/MTKLogger/Utils(28755): NoSuchFieldException
05-04 11:33:12.101 E/MTKLogger/Utils(28755):  modem MODEM_MAP index: null
05-04 11:33:12.101 E/MTKLogger/Utils(28755):  modem MODEM_MAP index: null
05-04 11:33:12.101 E/MTKLogger/Utils(28755):  modem MODEM_MAP index: null
05-04 11:33:12.101 E/MTKLogger/Utils(28755):  modem MODEM_MAP index: null
05-04 11:33:12.101 E/MTKLogger/Utils(28755):  modem MODEM_MAP index: null
05-04 11:33:12.102 E/MTKLogger/Utils(28755):  modem MODEM_MAP index: null
05-04 11:33:12.102 E/MTKLogger/Utils(28755):  modem MODEM_MAP index: null
05-04 11:33:12.102 E/MTKLogger/Utils(28755):  modem MODEM_MAP index: null
05-04 11:33:12.164 E/dalvikvm(28777): /system/app/OppoGestureUI.apk odex has stale dependencies
05-04 11:33:12.209 E/MtpServerJNI( 7839): void android_mtp_MtpServer_add_storage(JNIEnv*, jobject, jobject), line 158: descriptionStr = 手机存储
05-04 11:33:12.209 E/MtpServer( 7839): void android::MtpServer::sendEvent(android::MtpEventCode, uint32_t): Without OpenSession to send event code = 0x4004, 
05-04 11:33:12.210 E/MtpServer( 7839): MtpServer::run mFD: 72
05-04 11:33:12.210 E/MtpServer( 7839): MtpServer::run mFD: 72
05-04 11:33:12.212 E/NotificationService(  985): Suppressing notification from package com.android.providers.media by user request.
05-04 11:33:12.213 E/MtpServer( 7839): MtpServer::run mFD: 72
05-04 11:33:12.213 E/MtpServer( 7839): MtpServer::run mFD: 72
05-04 11:33:12.214 E/MtpServer( 7839): MtpServer::run mFD: 72
05-04 11:33:12.217 E/MtpServer( 7839): MtpServer::run mFD: 72
05-04 11:33:12.257 E/MtpServer( 7839): MtpServer::run mFD: 72
05-04 11:33:12.257 E/MtpServer( 7839): MtpServer::run mFD: 72
05-04 11:33:12.257 E/MtpServer( 7839): MtpServer::run mFD: 72
05-04 11:33:12.257 E/MtpServer( 7839): MtpServer::run mFD: 72
05-04 11:33:12.258 E/MtpServer( 7839): MtpServer::run mFD: 72
05-04 11:33:12.258 E/MtpServer( 7839): MtpServer::run mFD: 72
05-04 11:33:12.258 E/MtpServer( 7839): MtpServer::run mFD: 72
05-04 11:33:12.258 E/MtpServer( 7839): MtpServer::run mFD: 72
05-04 11:33:12.259 E/MtpServer( 7839): MtpServer::run mFD: 72
05-04 11:33:12.259 E/MtpServer( 7839): MtpServer::run mFD: 72
05-04 11:33:12.259 E/MtpServer( 7839): MtpServer::run mFD: 72
05-04 11:33:12.259 E/MtpServer( 7839): MtpServer::run mFD: 72
05-04 11:33:12.259 E/MtpServer( 7839): MtpServer::run mFD: 72
05-04 11:33:12.260 E/MtpServer( 7839): MtpServer::run mFD: 72
05-04 11:33:12.260 E/MtpServer( 7839): MtpServer::run mFD: 72
05-04 11:33:12.260 E/MtpServer( 7839): MtpServer::run mFD: 72
05-04 11:33:12.260 E/MtpServer( 7839): MtpServer::run mFD: 72
05-04 11:33:12.260 E/MtpServer( 7839): MtpServer::run mFD: 72
05-04 11:33:12.261 E/MtpServer( 7839): MtpServer::run mFD: 72
05-04 11:33:12.261 E/MtpServer( 7839): MtpServer::run mFD: 72
05-04 11:33:12.261 E/MtpServer( 7839): MtpServer::run mFD: 72
05-04 11:33:12.261 E/MtpServer( 7839): MtpServer::run mFD: 72
05-04 11:33:12.261 E/MtpServer( 7839): MtpServer::run mFD: 72
05-04 11:33:12.262 E/MtpServer( 7839): MtpServer::run mFD: 72
05-04 11:33:16.050 E/ADB_SERVICES(27562): ERROR: fd = 15, n = -1, errno = 5 (I/O error)
05-04 11:33:16.055 E/MtpServer( 7839): Try to wait for next command until success!! returned -1, errno: 5
05-04 11:33:16.056 E/MtpServer( 7839): EIO!! returned -1, errno: 5
05-04 11:33:16.274 E/MtpServerJNI( 7839): void android_mtp_MtpServer_add_storage(JNIEnv*, jobject, jobject), line 158: descriptionStr = 手机存储
05-04 11:33:16.274 E/MtpServer( 7839): void android::MtpServer::sendEvent(android::MtpEventCode, uint32_t): Without OpenSession to send event code = 0x4004, 
05-04 11:33:16.275 E/MtpServer( 7839): MtpServer::run mFD: 72
05-04 11:33:16.277 E/NotificationService(  985): Suppressing notification from package com.android.providers.media by user request.
05-04 11:33:16.316 E/MtpServer( 7839): MtpServer::run mFD: 72
05-04 11:33:16.317 E/MtpServer( 7839): MtpServer::run mFD: 72
05-04 11:33:16.317 E/MtpServer( 7839): MtpServer::run mFD: 72
05-04 11:33:16.318 E/MtpServer( 7839): MtpServer::run mFD: 72
05-04 11:33:16.322 E/MtpServer( 7839): MtpServer::run mFD: 72
05-04 11:33:16.377 E/MtpServer( 7839): MtpServer::run mFD: 72
05-04 11:33:16.377 E/MtpServer( 7839): MtpServer::run mFD: 72
05-04 11:33:16.377 E/MtpServer( 7839): MtpServer::run mFD: 72
05-04 11:33:16.377 E/MtpServer( 7839): MtpServer::run mFD: 72
05-04 11:33:16.378 E/MtpServer( 7839): MtpServer::run mFD: 72
05-04 11:33:16.379 E/MtpServer( 7839): MtpServer::run mFD: 72
05-04 11:33:16.381 E/MtpServer( 7839): MtpServer::run mFD: 72
05-04 11:33:16.383 E/MtpServer( 7839): MtpServer::run mFD: 72
05-04 11:33:16.383 E/MtpServer( 7839): MtpServer::run mFD: 72
05-04 11:33:16.384 E/MtpServer( 7839): MtpServer::run mFD: 72
05-04 11:33:16.384 E/MtpServer( 7839): MtpServer::run mFD: 72
05-04 11:33:16.384 E/MtpServer( 7839): MtpServer::run mFD: 72
05-04 11:33:16.385 E/MtpServer( 7839): MtpServer::run mFD: 72
05-04 11:33:16.386 E/MtpServer( 7839): MtpServer::run mFD: 72
05-04 11:33:16.387 E/MtpServer( 7839): MtpServer::run mFD: 72
05-04 11:33:16.387 E/MtpServer( 7839): MtpServer::run mFD: 72
05-04 11:33:16.388 E/MtpServer( 7839): MtpServer::run mFD: 72
05-04 11:33:16.391 E/MtpServer( 7839): MtpServer::run mFD: 72
05-04 11:33:16.392 E/MtpServer( 7839): MtpServer::run mFD: 72
05-04 11:33:16.392 E/MtpServer( 7839): MtpServer::run mFD: 72
05-04 11:33:16.393 E/MtpServer( 7839): MtpServer::run mFD: 72
05-04 11:33:16.394 E/MtpServer( 7839): MtpServer::run mFD: 72
05-04 11:33:16.395 E/MtpServer( 7839): MtpServer::run mFD: 72
05-04 11:33:16.397 E/MtpServer( 7839): MtpServer::run mFD: 72
05-04 11:33:20.272 E/ADB_SERVICES(27562): ERROR: fd = 15, n = -1, errno = 5 (I/O error)
05-04 11:33:20.276 E/MtpServer( 7839): Try to wait for next command until success!! returned -1, errno: 5
05-04 11:33:20.278 E/MtpServer( 7839): EIO!! returned -1, errno: 5
05-04 11:33:20.482 E/MtpServerJNI( 7839): void android_mtp_MtpServer_add_storage(JNIEnv*, jobject, jobject), line 158: descriptionStr = 手机存储
05-04 11:33:20.482 E/MtpServer( 7839): void android::MtpServer::sendEvent(android::MtpEventCode, uint32_t): Without OpenSession to send event code = 0x4004, 
05-04 11:33:20.482 E/MtpServer( 7839): MtpServer::run mFD: 72
05-04 11:33:20.483 E/MtpServer( 7839): MtpServer::run mFD: 72
05-04 11:33:20.483 E/MtpServer( 7839): MtpServer::run mFD: 72
05-04 11:33:20.484 E/MtpServer( 7839): MtpServer::run mFD: 72
05-04 11:33:20.484 E/MtpServer( 7839): MtpServer::run mFD: 72
05-04 11:33:20.484 E/NotificationService(  985): Suppressing notification from package com.android.providers.media by user request.
05-04 11:33:20.487 E/MtpServer( 7839): MtpServer::run mFD: 72
05-04 11:33:20.541 E/MtpServer( 7839): MtpServer::run mFD: 72
05-04 11:33:20.541 E/MtpServer( 7839): MtpServer::run mFD: 72
05-04 11:33:20.541 E/MtpServer( 7839): MtpServer::run mFD: 72
05-04 11:33:20.542 E/MtpServer( 7839): MtpServer::run mFD: 72
05-04 11:33:20.542 E/MtpServer( 7839): MtpServer::run mFD: 72
05-04 11:33:20.542 E/MtpServer( 7839): MtpServer::run mFD: 72
05-04 11:33:20.542 E/MtpServer( 7839): MtpServer::run mFD: 72
05-04 11:33:20.542 E/MtpServer( 7839): MtpServer::run mFD: 72
05-04 11:33:20.543 E/MtpServer( 7839): MtpServer::run mFD: 72
05-04 11:33:20.543 E/MtpServer( 7839): MtpServer::run mFD: 72
05-04 11:33:20.543 E/MtpServer( 7839): MtpServer::run mFD: 72
05-04 11:33:20.543 E/MtpServer( 7839): MtpServer::run mFD: 72
05-04 11:33:20.544 E/MtpServer( 7839): MtpServer::run mFD: 72
05-04 11:33:20.544 E/MtpServer( 7839): MtpServer::run mFD: 72
05-04 11:33:20.544 E/MtpServer( 7839): MtpServer::run mFD: 72
05-04 11:33:20.544 E/MtpServer( 7839): MtpServer::run mFD: 72
05-04 11:33:20.544 E/MtpServer( 7839): MtpServer::run mFD: 72
05-04 11:33:20.545 E/MtpServer( 7839): MtpServer::run mFD: 72
05-04 11:33:20.545 E/MtpServer( 7839): MtpServer::run mFD: 72
05-04 11:33:20.545 E/MtpServer( 7839): MtpServer::run mFD: 72
05-04 11:33:20.546 E/MtpServer( 7839): MtpServer::run mFD: 72
05-04 11:33:20.546 E/MtpServer( 7839): MtpServer::run mFD: 72
05-04 11:33:20.546 E/MtpServer( 7839): MtpServer::run mFD: 72
05-04 11:33:20.546 E/MtpServer( 7839): MtpServer::run mFD: 72
05-04 11:33:25.693 E/ADB_SERVICES(27562): ERROR: fd = 15, n = -1, errno = 5 (I/O error)
05-04 11:33:25.695 E/MtpServer( 7839): Try to wait for next command until success!! returned -1, errno: 5
05-04 11:33:25.695 E/MtpServer( 7839): EIO!! returned -1, errno: 5
05-04 11:33:25.896 E/MtpServerJNI( 7839): void android_mtp_MtpServer_add_storage(JNIEnv*, jobject, jobject), line 158: descriptionStr = 手机存储
05-04 11:33:25.896 E/MtpServer( 7839): void android::MtpServer::sendEvent(android::MtpEventCode, uint32_t): Without OpenSession to send event code = 0x4004, 
05-04 11:33:25.896 E/MtpServer( 7839): MtpServer::run mFD: 72
05-04 11:33:25.898 E/NotificationService(  985): Suppressing notification from package com.android.providers.media by user request.
05-04 11:33:25.919 E/MtpServer( 7839): MtpServer::run mFD: 72
05-04 11:33:25.919 E/MtpServer( 7839): MtpServer::run mFD: 72
05-04 11:33:25.920 E/MtpServer( 7839): MtpServer::run mFD: 72
05-04 11:33:25.920 E/MtpServer( 7839): MtpServer::run mFD: 72
05-04 11:33:25.923 E/MtpServer( 7839): MtpServer::run mFD: 72
05-04 11:33:25.955 E/MtpServer( 7839): MtpServer::run mFD: 72
05-04 11:33:25.955 E/MtpServer( 7839): MtpServer::run mFD: 72
05-04 11:33:25.956 E/MtpServer( 7839): MtpServer::run mFD: 72
05-04 11:33:25.956 E/MtpServer( 7839): MtpServer::run mFD: 72
05-04 11:33:25.956 E/MtpServer( 7839): MtpServer::run mFD: 72
05-04 11:33:25.957 E/MtpServer( 7839): MtpServer::run mFD: 72
05-04 11:33:25.957 E/MtpServer( 7839): MtpServer::run mFD: 72
05-04 11:33:25.957 E/MtpServer( 7839): MtpServer::run mFD: 72
05-04 11:33:25.958 E/MtpServer( 7839): MtpServer::run mFD: 72
05-04 11:33:25.958 E/MtpServer( 7839): MtpServer::run mFD: 72
05-04 11:33:25.958 E/MtpServer( 7839): MtpServer::run mFD: 72
05-04 11:33:25.958 E/MtpServer( 7839): MtpServer::run mFD: 72
05-04 11:33:25.959 E/MtpServer( 7839): MtpServer::run mFD: 72
05-04 11:33:25.959 E/MtpServer( 7839): MtpServer::run mFD: 72
05-04 11:33:25.959 E/MtpServer( 7839): MtpServer::run mFD: 72
05-04 11:33:25.959 E/MtpServer( 7839): MtpServer::run mFD: 72
05-04 11:33:25.959 E/MtpServer( 7839): MtpServer::run mFD: 72
05-04 11:33:25.960 E/MtpServer( 7839): MtpServer::run mFD: 72
05-04 11:33:25.960 E/MtpServer( 7839): MtpServer::run mFD: 72
05-04 11:33:25.960 E/MtpServer( 7839): MtpServer::run mFD: 72
05-04 11:33:25.960 E/MtpServer( 7839): MtpServer::run mFD: 72
05-04 11:33:25.960 E/MtpServer( 7839): MtpServer::run mFD: 72
05-04 11:33:25.961 E/MtpServer( 7839): MtpServer::run mFD: 72
05-04 11:33:25.961 E/MtpServer( 7839): MtpServer::run mFD: 72
05-04 11:33:28.542 E/ADB_SERVICES(27562): ERROR: fd = 15, n = -1, errno = 5 (I/O error)
05-04 11:33:28.547 E/MtpServer( 7839): Try to wait for next command until success!! returned -1, errno: 5
05-04 11:33:28.547 E/MtpServer( 7839): EIO!! returned -1, errno: 5
05-04 11:33:28.766 E/MtpServerJNI( 7839): void android_mtp_MtpServer_add_storage(JNIEnv*, jobject, jobject), line 158: descriptionStr = 手机存储
05-04 11:33:28.767 E/MtpServer( 7839): void android::MtpServer::sendEvent(android::MtpEventCode, uint32_t): Without OpenSession to send event code = 0x4004, 
05-04 11:33:28.773 E/NotificationService(  985): Suppressing notification from package com.android.providers.media by user request.
05-04 11:33:28.780 E/MtpServer( 7839): MtpServer::run mFD: 72
05-04 11:33:28.780 E/MtpServer( 7839): MtpServer::run mFD: 72
05-04 11:33:28.782 E/MtpServer( 7839): MtpServer::run mFD: 72
05-04 11:33:28.783 E/MtpServer( 7839): MtpServer::run mFD: 72
05-04 11:33:28.783 E/MtpServer( 7839): MtpServer::run mFD: 72
05-04 11:33:28.787 E/MtpServer( 7839): MtpServer::run mFD: 72
05-04 11:33:28.836 E/MtpServer( 7839): MtpServer::run mFD: 72
05-04 11:33:28.836 E/MtpServer( 7839): MtpServer::run mFD: 72
05-04 11:33:28.837 E/MtpServer( 7839): MtpServer::run mFD: 72
05-04 11:33:28.837 E/MtpServer( 7839): MtpServer::run mFD: 72
05-04 11:33:28.838 E/MtpServer( 7839): MtpServer::run mFD: 72
05-04 11:33:28.838 E/MtpServer( 7839): MtpServer::run mFD: 72
05-04 11:33:28.838 E/MtpServer( 7839): MtpServer::run mFD: 72
05-04 11:33:28.839 E/MtpServer( 7839): MtpServer::run mFD: 72
05-04 11:33:28.839 E/MtpServer( 7839): MtpServer::run mFD: 72
05-04 11:33:28.839 E/MtpServer( 7839): MtpServer::run mFD: 72
05-04 11:33:28.839 E/MtpServer( 7839): MtpServer::run mFD: 72
05-04 11:33:28.840 E/MtpServer( 7839): MtpServer::run mFD: 72
05-04 11:33:28.840 E/MtpServer( 7839): MtpServer::run mFD: 72
05-04 11:33:28.840 E/MtpServer( 7839): MtpServer::run mFD: 72
05-04 11:33:28.841 E/MtpServer( 7839): MtpServer::run mFD: 72
05-04 11:33:28.841 E/MtpServer( 7839): MtpServer::run mFD: 72
05-04 11:33:28.841 E/MtpServer( 7839): MtpServer::run mFD: 72
05-04 11:33:28.841 E/MtpServer( 7839): MtpServer::run mFD: 72
05-04 11:33:28.842 E/MtpServer( 7839): MtpServer::run mFD: 72
05-04 11:33:28.843 E/MtpServer( 7839): MtpServer::run mFD: 72
05-04 11:33:28.843 E/MtpServer( 7839): MtpServer::run mFD: 72
05-04 11:33:28.843 E/MtpServer( 7839): MtpServer::run mFD: 72
05-04 11:33:28.843 E/MtpServer( 7839): MtpServer::run mFD: 72
05-04 11:33:28.844 E/MtpServer( 7839): MtpServer::run mFD: 72
05-04 11:33:29.518 E/RemoteViews( 2744): ANR Warning,RemoteViews can only be used once ,if not ,it may cause ANR in hosts such as Laucher,SystemUI. keys for search <ANR Exception MSG   History>
05-04 11:33:29.518 E/RemoteViews( 2744): ANR Warning,RemoteViews can only be used once ,if not ,it may cause ANR in hosts such as Laucher,SystemUI. keys for search <ANR Exception MSG   History>
05-04 11:33:29.519 E/RemoteViews( 2744): ANR Warning,RemoteViews can only be used once ,if not ,it may cause ANR in hosts such as Laucher,SystemUI. keys for search <ANR Exception MSG   History>
05-04 11:33:29.521 E/RemoteViews( 2744): ANR Warning,RemoteViews can only be used once ,if not ,it may cause ANR in hosts such as Laucher,SystemUI. keys for search <ANR Exception MSG   History>
05-04 11:33:29.522 E/RemoteViews( 2744): ANR Warning,RemoteViews can only be used once ,if not ,it may cause ANR in hosts such as Laucher,SystemUI. keys for search <ANR Exception MSG   History>
05-04 11:33:29.522 E/RemoteViews( 2744): ANR Warning,RemoteViews can only be used once ,if not ,it may cause ANR in hosts such as Laucher,SystemUI. keys for search <ANR Exception MSG   History>
05-04 11:33:29.536 E/RemoteViews(  985): ANR Warning,RemoteViews can only be used once ,if not ,it may cause ANR in hosts such as Laucher,SystemUI. keys for search <ANR Exception MSG   History>
05-04 11:33:29.537 E/RemoteViews(  985): ANR Warning,RemoteViews can only be used once ,if not ,it may cause ANR in hosts such as Laucher,SystemUI. keys for search <ANR Exception MSG   History>
05-04 11:33:29.537 E/RemoteViews(  985): ANR Warning,RemoteViews can only be used once ,if not ,it may cause ANR in hosts such as Laucher,SystemUI. keys for search <ANR Exception MSG   History>
05-04 11:33:29.538 E/RemoteViews(  985): ANR Warning,RemoteViews can only be used once ,if not ,it may cause ANR in hosts such as Laucher,SystemUI. keys for search <ANR Exception MSG   History>
05-04 11:33:29.539 E/RemoteViews(  985): ANR Warning,RemoteViews can only be used once ,if not ,it may cause ANR in hosts such as Laucher,SystemUI. keys for search <ANR Exception MSG   History>
05-04 11:33:29.540 E/RemoteViews(  985): ANR Warning,RemoteViews can only be used once ,if not ,it may cause ANR in hosts such as Laucher,SystemUI. keys for search <ANR Exception MSG   History>
05-04 11:33:29.540 E/RemoteViews(  985): ANR Warning,RemoteViews can only be used once ,if not ,it may cause ANR in hosts such as Laucher,SystemUI. keys for search <ANR Exception MSG   History>
05-04 11:33:29.540 E/RemoteViews(  985): ANR Warning,RemoteViews can only be used once ,if not ,it may cause ANR in hosts such as Laucher,SystemUI. keys for search <ANR Exception MSG   History>
05-04 11:33:29.543 E/RemoteViews(  985): ANR Warning,RemoteViews can only be used once ,if not ,it may cause ANR in hosts such as Laucher,SystemUI. keys for search <ANR Exception MSG   History>
05-04 11:33:29.544 E/RemoteViews(  985): ANR Warning,RemoteViews can only be used once ,if not ,it may cause ANR in hosts such as Laucher,SystemUI. keys for search <ANR Exception MSG   History>
05-04 11:33:29.544 E/RemoteViews(  985): ANR Warning,RemoteViews can only be used once ,if not ,it may cause ANR in hosts such as Laucher,SystemUI. keys for search <ANR Exception MSG   History>
05-04 11:33:29.544 E/RemoteViews(  985): ANR Warning,RemoteViews can only be used once ,if not ,it may cause ANR in hosts such as Laucher,SystemUI. keys for search <ANR Exception MSG   History>
05-04 11:33:29.544 E/RemoteViews(  985): ANR Warning,RemoteViews can only be used once ,if not ,it may cause ANR in hosts such as Laucher,SystemUI. keys for search <ANR Exception MSG   History>
05-04 11:33:29.545 E/RemoteViews(  985): ANR Warning,RemoteViews can only be used once ,if not ,it may cause ANR in hosts such as Laucher,SystemUI. keys for search <ANR Exception MSG   History>
05-04 11:33:29.545 E/RemoteViews(  985): ANR Warning,RemoteViews can only be used once ,if not ,it may cause ANR in hosts such as Laucher,SystemUI. keys for search <ANR Exception MSG   History>
05-04 11:33:29.545 E/RemoteViews(  985): ANR Warning,RemoteViews can only be used once ,if not ,it may cause ANR in hosts such as Laucher,SystemUI. keys for search <ANR Exception MSG   History>
05-04 11:33:29.565 E/RemoteViews( 2070): ANR Warning,RemoteViews can only be used once ,if not ,it may cause ANR in hosts such as Laucher,SystemUI. keys for search <ANR Exception MSG   History>
05-04 11:33:29.566 E/RemoteViews( 2070): ANR Warning,RemoteViews can only be used once ,if not ,it may cause ANR in hosts such as Laucher,SystemUI. keys for search <ANR Exception MSG   History>
05-04 11:33:29.566 E/RemoteViews( 2070): ANR Warning,RemoteViews can only be used once ,if not ,it may cause ANR in hosts such as Laucher,SystemUI. keys for search <ANR Exception MSG   History>
05-04 11:33:29.566 E/RemoteViews( 2070): ANR Warning,RemoteViews can only be used once ,if not ,it may cause ANR in hosts such as Laucher,SystemUI. keys for search <ANR Exception MSG   History>
05-04 11:33:29.566 E/RemoteViews( 2070): ANR Warning,RemoteViews can only be used once ,if not ,it may cause ANR in hosts such as Laucher,SystemUI. keys for search <ANR Exception MSG   History>
05-04 11:33:29.566 E/RemoteViews( 2070): ANR Warning,RemoteViews can only be used once ,if not ,it may cause ANR in hosts such as Laucher,SystemUI. keys for search <ANR Exception MSG   History>
05-04 11:33:29.566 E/RemoteViews( 2070): ANR Warning,RemoteViews can only be used once ,if not ,it may cause ANR in hosts such as Laucher,SystemUI. keys for search <ANR Exception MSG   History>
05-04 11:33:29.566 E/RemoteViews( 2070): ANR Warning,RemoteViews can only be used once ,if not ,it may cause ANR in hosts such as Laucher,SystemUI. keys for search <ANR Exception MSG   History>
05-04 11:33:29.582 E/RemoteViews( 2070): ANR Warning,RemoteViews can only be used once ,if not ,it may cause ANR in hosts such as Laucher,SystemUI. keys for search <ANR Exception MSG   History>
05-04 11:33:29.583 E/RemoteViews( 2070): ANR Warning,RemoteViews can only be used once ,if not ,it may cause ANR in hosts such as Laucher,SystemUI. keys for search <ANR Exception MSG   History>
05-04 11:33:29.583 E/RemoteViews( 2070): ANR Warning,RemoteViews can only be used once ,if not ,it may cause ANR in hosts such as Laucher,SystemUI. keys for search <ANR Exception MSG   History>
05-04 11:33:29.583 E/RemoteViews( 2070): ANR Warning,RemoteViews can only be used once ,if not ,it may cause ANR in hosts such as Laucher,SystemUI. keys for search <ANR Exception MSG   History>
05-04 11:33:29.583 E/RemoteViews( 2070): ANR Warning,RemoteViews can only be used once ,if not ,it may cause ANR in hosts such as Laucher,SystemUI. keys for search <ANR Exception MSG   History>
05-04 11:33:29.583 E/RemoteViews( 2070): ANR Warning,RemoteViews can only be used once ,if not ,it may cause ANR in hosts such as Laucher,SystemUI. keys for search <ANR Exception MSG   History>
05-04 11:33:29.583 E/RemoteViews( 2070): ANR Warning,RemoteViews can only be used once ,if not ,it may cause ANR in hosts such as Laucher,SystemUI. keys for search <ANR Exception MSG   History>
05-04 11:33:29.583 E/RemoteViews( 2070): ANR Warning,RemoteViews can only be used once ,if not ,it may cause ANR in hosts such as Laucher,SystemUI. keys for search <ANR Exception MSG   History>
05-04 11:33:32.244 E/ADB_SERVICES(27562): ERROR: fd = 15, n = -1, errno = 5 (I/O error)
05-04 11:33:32.249 E/MtpServer( 7839): Try to wait for next command until success!! returned -1, errno: 5
05-04 11:33:32.249 E/MtpServer( 7839): EIO!! returned -1, errno: 5
05-04 11:33:32.477 E/MtpServerJNI( 7839): void android_mtp_MtpServer_add_storage(JNIEnv*, jobject, jobject), line 158: descriptionStr = 手机存储
05-04 11:33:32.477 E/MtpServer( 7839): void android::MtpServer::sendEvent(android::MtpEventCode, uint32_t): Without OpenSession to send event code = 0x4004, 
