05-04 12:22:09.350 W/IntentResolver( 1035): resolveIntent: multiple matches, only some with CATEGORY_DEFAULT
05-04 12:22:09.351 W/IntentResolver( 1035): resolveIntent: multiple matches, only some with CATEGORY_DEFAULT
05-04 12:22:09.353 W/IntentResolver( 1035): resolveIntent: multiple matches, only some with CATEGORY_DEFAULT
05-04 12:22:09.354 W/IntentResolver( 1035): resolveIntent: multiple matches, only some with CATEGORY_DEFAULT
05-04 12:22:09.360 E/PowerManagerFlyme( 3469): getWakeLockInfo failed: java.lang.NoSuchMethodException: getWakeLockData []
05-04 12:22:10.006 W/ConnectionRateView( 1467): mDataConnection: true
05-04 12:22:10.006 W/ConnectionRateView( 1467): mDataConnection: true
05-04 12:22:10.026 I/SurfaceFlinger(  298): [Built-in Screen (type:0)] fps:0.992180,dur:1007.88,max:1007.88,min:1007.88
05-04 12:22:10.949 I/thermal_repeater(  363): oh, queryMdThermalInfo (0)Bad file number
05-04 12:22:10.960 I/thermal_repeater(  363): [recvMdThermalInfo] ret=26, strLen=127,  1, 32767,,, -1, 32767, 18
05-04 12:22:11.854 I/AudioFlinger(  331): setParameters(): io 0, keyvalue mediaserver_monitor=1, calling pid 1035
05-04 12:22:11.856 W/AudioALSAHardware(  331): setParameters(), still have param.size() = 1, remain param = "mediaserver_monitor=1"
05-04 12:22:11.856 I/str_params(  331): key: 'mediaserver_monitor' value: '1'
05-04 12:22:11.858 I/AudioPolicyManager(  331): setStreamVolumeIndex stream = 7 index = 15 device = 0x400
05-04 12:22:13.391 I/NetworkManagementSocketTagger( 4337): untagSocket(21)
05-04 12:22:13.619 W/Watchdog( 1035): SWT Watchdog after wait current time:2454181
05-04 12:22:13.620 W/Watchdog( 1035): **Get SF Time **1
05-04 12:22:13.620 W/Watchdog( 1035): SWT Watchdog before synchronized:2454182
05-04 12:22:13.620 W/Watchdog( 1035): SWT Watchdog after synchronized:2454182
05-04 12:22:13.621 W/Watchdog( 1035): SWT Watchdog before wait timeout:30000
05-04 12:22:13.621 W/Watchdog( 1035): SWT Watchdog before wait current time:2454182
05-04 12:22:13.621 W/Watchdog( 1035): SWT Watchdog before wait start:2454182
05-04 12:22:13.621 W/Watchdog( 1035): SWT Watchdog before wait CHECK_INTERVAL:30000
05-04 12:22:15.032 W/ConnectionRateView( 1467): mDataConnection: true
05-04 12:22:15.032 W/ConnectionRateView( 1467): mDataConnection: true
05-04 12:22:15.051 I/SurfaceFlinger(  298): [Built-in Screen (type:0)] fps:0.199028,dur:5024.41,max:5024.41,min:5024.41
05-04 12:22:15.250 I/System.out( 5028): [CDS]close[35427]
05-04 12:22:15.250 I/NetworkManagementSocketTagger( 5028): untagSocket(66)
05-04 12:22:15.962 I/thermal_repeater(  363): oh, queryMdThermalInfo (0)Bad file number
05-04 12:22:15.973 I/thermal_repeater(  363): [recvMdThermalInfo] ret=26, strLen=127,  1, 32767,,, -1, 32767, 18
05-04 12:22:17.429 I/NetworkManagementSocketTagger( 4337): untagSocket(21)
05-04 12:22:18.053 W/ConnectionRateView( 1467): mDataConnection: true
05-04 12:22:18.053 W/ConnectionRateView( 1467): mDataConnection: true
05-04 12:22:18.076 I/SurfaceFlinger(  298): [Built-in Screen (type:0)] fps:0.330537,dur:3025.38,max:3025.38,min:3025.38
05-04 12:22:19.071 W/ConnectionRateView( 1467): mDataConnection: true
05-04 12:22:19.071 W/ConnectionRateView( 1467): mDataConnection: true
05-04 12:22:19.103 I/SurfaceFlinger(  298): [Built-in Screen (type:0)] fps:0.973781,dur:1026.93,max:1026.93,min:1026.93
05-04 12:22:20.979 I/thermal_repeater(  363): oh, queryMdThermalInfo (0)Bad file number
05-04 12:22:20.990 I/thermal_repeater(  363): [recvMdThermalInfo] ret=26, strLen=127,  1, 32767,,, -1, 32767, 18
05-04 12:22:21.089 W/ConnectionRateView( 1467): mDataConnection: true
05-04 12:22:21.089 W/ConnectionRateView( 1467): mDataConnection: true
05-04 12:22:21.121 I/SurfaceFlinger(  298): [Built-in Screen (type:0)] fps:0.495719,dur:2017.27,max:2017.27,min:2017.27
05-04 12:22:21.225 I/KeyguardUpdateMonitor( 1467): handleBatteryUpdate index=0 updateInteresting=false
05-04 12:22:21.469 I/NetworkManagementSocketTagger( 4337): untagSocket(21)
05-04 12:22:21.800 W/ActivityManager( 1035): getRunningAppProcesses: caller 10094 does not hold REAL_GET_TASKS; limiting output
05-04 12:22:21.855 I/AudioFlinger(  331): setParameters(): io 0, keyvalue mediaserver_monitor=1, calling pid 1035
05-04 12:22:21.856 W/AudioALSAHardware(  331): setParameters(), still have param.size() = 1, remain param = "mediaserver_monitor=1"
05-04 12:22:21.856 I/str_params(  331): key: 'mediaserver_monitor' value: '1'
05-04 12:22:21.858 I/AudioPolicyManager(  331): setStreamVolumeIndex stream = 7 index = 15 device = 0x400
05-04 12:22:24.110 W/ConnectionRateView( 1467): mDataConnection: true
05-04 12:22:24.110 W/ConnectionRateView( 1467): mDataConnection: true
05-04 12:22:24.145 I/SurfaceFlinger(  298): [Built-in Screen (type:0)] fps:0.661248,dur:3024.58,max:2889.00,min:135.58
05-04 12:22:25.510 I/NetworkManagementSocketTagger( 4337): untagSocket(21)
05-04 12:22:25.995 I/thermal_repeater(  363): oh, queryMdThermalInfo (0)Bad file number
05-04 12:22:26.005 I/thermal_repeater(  363): [recvMdThermalInfo] ret=26, strLen=127,  1, 32767,,, -1, 32767, 18
05-04 12:22:26.121 W/ConnectionRateView( 1467): mDataConnection: true
05-04 12:22:26.121 W/ConnectionRateView( 1467): mDataConnection: true
05-04 12:22:26.163 I/SurfaceFlinger(  298): [Built-in Screen (type:0)] fps:0.495675,dur:2017.45,max:2017.45,min:2017.45
05-04 12:22:27.150 W/ConnectionRateView( 1467): mDataConnection: true
05-04 12:22:27.150 W/ConnectionRateView( 1467): mDataConnection: true
05-04 12:22:27.171 I/SurfaceFlinger(  298): [Built-in Screen (type:0)] fps:0.991657,dur:1008.41,max:1008.41,min:1008.41
05-04 12:22:28.168 W/ConnectionRateView( 1467): mDataConnection: true
05-04 12:22:28.168 W/ConnectionRateView( 1467): mDataConnection: true
05-04 12:22:28.197 I/SurfaceFlinger(  298): [Built-in Screen (type:0)] fps:0.974585,dur:1026.08,max:1026.08,min:1026.08
05-04 12:22:29.183 W/ConnectionRateView( 1467): mDataConnection: true
05-04 12:22:29.183 W/ConnectionRateView( 1467): mDataConnection: true
05-04 12:22:29.205 I/SurfaceFlinger(  298): [Built-in Screen (type:0)] fps:0.991574,dur:1008.50,max:1008.50,min:1008.50
05-04 12:22:29.551 I/NetworkManagementSocketTagger( 4337): untagSocket(21)
05-04 12:22:31.009 I/thermal_repeater(  363): oh, queryMdThermalInfo (0)Bad file number
05-04 12:22:31.020 I/thermal_repeater(  363): [recvMdThermalInfo] ret=26, strLen=127,  1, 32767,,, -1, 32767, 18
05-04 12:22:31.226 W/ConnectionRateView( 1467): mDataConnection: true
05-04 12:22:31.226 W/ConnectionRateView( 1467): mDataConnection: true
05-04 12:22:31.258 I/SurfaceFlinger(  298): [Built-in Screen (type:0)] fps:0.487104,dur:2052.95,max:2052.95,min:2052.95
05-04 12:22:31.856 I/AudioFlinger(  331): setParameters(): io 0, keyvalue mediaserver_monitor=1, calling pid 1035
05-04 12:22:31.857 W/AudioALSAHardware(  331): setParameters(), still have param.size() = 1, remain param = "mediaserver_monitor=1"
05-04 12:22:31.857 I/str_params(  331): key: 'mediaserver_monitor' value: '1'
05-04 12:22:31.859 I/AudioPolicyManager(  331): setStreamVolumeIndex stream = 7 index = 15 device = 0x400
05-04 12:22:32.235 W/ConnectionRateView( 1467): mDataConnection: true
05-04 12:22:32.236 W/ConnectionRateView( 1467): mDataConnection: true
05-04 12:22:32.267 I/SurfaceFlinger(  298): [Built-in Screen (type:0)] fps:0.991673,dur:1008.40,max:1008.40,min:1008.40
05-04 12:22:33.237 W/ConnectionRateView( 1467): mDataConnection: true
05-04 12:22:33.238 W/ConnectionRateView( 1467): mDataConnection: true
05-04 12:22:33.245 I/art     ( 9993): System.exit called, status: 0
05-04 12:22:33.245 I/AndroidRuntime( 9993): VM exiting with result code 0.
05-04 12:22:33.275 I/SurfaceFlinger(  298): [Built-in Screen (type:0)] fps:0.991700,dur:1008.37,max:1008.37,min:1008.37
05-04 12:22:33.589 I/NetworkManagementSocketTagger( 4337): untagSocket(21)
05-04 12:22:33.820 I/art     (10012): System.exit called, status: 0
05-04 12:22:33.820 I/AndroidRuntime(10012): VM exiting with result code 0.
05-04 12:22:34.047 I/art     (10014): System.exit called, status: 0
05-04 12:22:34.047 I/AndroidRuntime(10014): VM exiting with result code 0.
05-04 12:22:34.240 W/ConnectionRateView( 1467): mDataConnection: true
05-04 12:22:34.240 W/ConnectionRateView( 1467): mDataConnection: true
05-04 12:22:34.290 I/art     (10053): System.exit called, status: 0
05-04 12:22:34.290 I/AndroidRuntime(10053): VM exiting with result code 0.
05-04 12:22:34.590 I/art     (10059): System.exit called, status: 0
05-04 12:22:34.591 I/AndroidRuntime(10059): VM exiting with result code 0.
05-04 12:22:34.812 I/art     (10083): System.exit called, status: 0
05-04 12:22:34.812 I/AndroidRuntime(10083): VM exiting with result code 0.
05-04 12:22:34.861 E/System  (10109): stat file error, path is /dev/kds_utils.jar, exception is android.system.ErrnoException: stat failed: ENOENT (No such file or directory)
05-04 12:22:34.867 E/appproc (10109): ERROR: could not find class 'a.d'
05-04 12:22:34.867 F/art     (10109): art/runtime/thread.cc:1171] No pending exception expected: java.lang.ClassNotFoundException: Didn't find class "a.d" on path: DexPathList[[],nativeLibraryDirectories=[/vendor/lib64, /system/lib64]]
05-04 12:22:34.867 F/art     (10109): art/runtime/thread.cc:1171]   at java.lang.Class dalvik.system.BaseDexClassLoader.findClass(java.lang.String) (BaseDexClassLoader.java:56)
05-04 12:22:34.867 F/art     (10109): art/runtime/thread.cc:1171]   at java.lang.Class java.lang.ClassLoader.loadClass(java.lang.String, boolean) (ClassLoader.java:511)
05-04 12:22:34.867 F/art     (10109): art/runtime/thread.cc:1171]   at java.lang.Class java.lang.ClassLoader.loadClass(java.lang.String) (ClassLoader.java:469)
05-04 12:22:34.867 F/art     (10109): art/runtime/thread.cc:1171] 
05-04 12:22:34.867 F/libc    (10109): Fatal signal 6 (SIGABRT), code -6 in tid 10109 (main)
05-04 12:22:34.868 I/AEE/AED (10140): handle_request(14)
05-04 12:22:34.870 I/AEE/AED (10140): check process 10109 name:main
05-04 12:22:34.870 I/AEE/AED (10140): tid 10109 abort msg address is:0x0000007fae025000 si_code is:-6 (request from 10109:0)
05-04 12:22:34.870 I/AEE/AED (10140): BOOM: pid=10109 uid=0 gid=0 tid=10109
05-04 12:22:34.871 I/AEE/AED (10140): [OnPurpose Redunant in void preset_info(aed_report_record*, int, int)] pid: 10109, tid: 10109, name: main  >>> /system/bin/app_process <<<
05-04 12:22:34.936 I/AEE/AED (10140): *** *** *** *** *** *** *** *** *** *** *** *** *** *** *** ***
05-04 12:22:34.936 I/AEE/AED (10140): Build fingerprint: 'Meizu/meizu_m2cnote/m2cnote:5.1/LMY47D/1472439909:user/release-keys'
05-04 12:22:34.936 I/AEE/AED (10140): Revision: '0'
05-04 12:22:34.936 I/AEE/AED (10140): ABI: 'arm64'
05-04 12:22:34.936 I/AEE/AED (10140): pid: 10109, tid: 10109, name: main  >>> /system/bin/app_process <<<
05-04 12:22:34.936 I/AEE/AED (10140): signal 6 (SIGABRT), code -6 (SI_TKILL), fault addr --------
05-04 12:22:34.936 W/NativeCrashListener( 1035): Couldn't find ProcessRecord for pid 10109
05-04 12:22:34.936 I/NetworkManagementSocketTagger( 1035): untagSocket(258)
05-04 12:22:34.958 I/AEE/AED (10140): Abort message: 'art/runtime/thread.cc:1171] No pending exception expected: java.lang.ClassNotFoundException: Didn't find class "a.d" on path: DexPathList[[],nativeLibraryDirectories=[/vendor/lib64, /system/lib64]]'
05-04 12:22:34.958 E/AEE/AED (10140): AM write failure (32 / Broken pipe)
05-04 12:22:34.958 I/AEE/AED (10140):     x0   0000000000000000  x1   000000000000277d  x2   0000000000000006  x3   0000007fb7ec3eb0
05-04 12:22:34.958 I/AEE/AED (10140):     x4   0000007fb7ec3eb0  x5   0000000000000005  x6   0000000000000020  x7   ffffffffffffffdf
05-04 12:22:34.958 I/AEE/AED (10140):     x8   0000000000000083  x9   606b2d607560691f  x10  7f7f7f7f7f7f7f7f  x11  0000000000000001
05-04 12:22:34.958 I/AEE/AED (10140):     x12  0000000000000001  x13  0000007fb7ba9000  x14  0000007fc95c1eb4  x15  0000000000000000
05-04 12:22:34.958 I/AEE/AED (10140):     x16  0000007fb7c84618  x17  0000007fb7c224e4  x18  0000000000000000  x19  0000007fb7ec3eb0
05-04 12:22:34.958 I/AEE/AED (10140):     x20  0000007fb7ec4170  x21  0000007fb7c8a000  x22  0000000000000002  x23  0000000000000006
05-04 12:22:34.958 I/AEE/AED (10140):     x24  0000007fb3c4e3c0  x25  0000000000000005  x26  0000007fb3c87600  x27  0000007fb3c87600
05-04 12:22:34.958 I/AEE/AED (10140):     x28  0000007fc95c22cc  x29  0000007fc95c1f20  x30  0000007fb7bdfea0
05-04 12:22:34.958 I/AEE/AED (10140):     sp   0000007fc95c1f20  pc   0000007fb7c224ec  pstate 0000000060000000
05-04 12:22:34.958 I/AEE/AED (10140): 
05-04 12:22:34.958 I/AEE/AED (10140): backtrace:
05-04 12:22:34.958 I/AEE/AED (10140):     #00 pc 00000000000624ec  /system/lib64/libc.so (tgkill+8)
05-04 12:22:34.958 I/AEE/AED (10140):     #01 pc 000000000001fe9c  /system/lib64/libc.so (pthread_kill+160)
05-04 12:22:34.958 I/AEE/AED (10140):     #02 pc 00000000000213e8  /system/lib64/libc.so (raise+28)
05-04 12:22:34.958 I/AEE/AED (10140):     #03 pc 000000000001acfc  /system/lib64/libc.so (abort+60)
05-04 12:22:34.958 I/AEE/AED (10140):     #04 pc 00000000000ce68c  /system/lib64/libart.so (art::LogMessage::~LogMessage()+2948)
05-04 12:22:34.958 I/AEE/AED (10140):     #05 pc 00000000003112b8  /system/lib64/libart.so (_ZNK3art6Thread24AssertNoPendingExceptionEv.part.147+528)
05-04 12:22:34.958 I/AEE/AED (10140):     #06 pc 000000000011b678  /system/lib64/libart.so (art::ClassLinker::FindClass(art::Thread*, char const*, art::Handle<art::mirror::ClassLoader>)+28)
05-04 12:22:34.958 I/AEE/AED (10140):     #07 pc 0000000000291254  /system/lib64/libart.so (art::JNI::FindClass(_JNIEnv*, char const*)+1740)
05-04 12:22:34.958 I/AEE/AED (10140):     #08 pc 00000000000024a0  /system/lib64/libnativehelper.so (jniRegisterNativeMethods+72)
05-04 12:22:34.958 I/AEE/AED (10140):     #09 pc 00000000000967a8  /system/lib64/libandroid_runtime.so (android::AndroidRuntime::startReg(_JNIEnv*)+84)
05-04 12:22:34.958 I/AEE/AED (10140):     #10 pc 000000000009698c  /system/lib64/libandroid_runtime.so (android::AndroidRuntime::start(char const*, android::Vector<android::String8> const&, bool)+392)
05-04 12:22:34.958 I/AEE/AED (10140):     #11 pc 0000000000001fb8  /system/bin/app_process64
05-04 12:22:34.958 I/AEE/AED (10140):     #12 pc 00000000000196cc  /system/lib64/libc.so (__libc_init+96)
05-04 12:22:34.958 I/AEE/AED (10140):     #13 pc 0000000000002384  /system/bin/app_process64
05-04 12:22:35.147 I/AEE/AED (10140): 
05-04 12:22:35.147 I/AEE/AED (10140): Tombstone written to: /data/tombstones/tombstone_06
05-04 12:22:35.148 I/aee/ne_session(10140): find libart.so in /proc/10109/maps
05-04 12:22:35.152 I/BootReceiver( 1035): Copying /data/tombstones/tombstone_06 to DropBox (SYSTEM_TOMBSTONE)
05-04 12:22:35.637 I/art     (10142): System.exit called, status: 0
05-04 12:22:35.637 I/AndroidRuntime(10142): VM exiting with result code 0.
05-04 12:22:36.024 I/thermal_repeater(  363): oh, queryMdThermalInfo (0)Bad file number
05-04 12:22:36.034 I/thermal_repeater(  363): [recvMdThermalInfo] ret=26, strLen=127,  1, 32767,,, -1, 32767, 18
05-04 12:22:37.630 I/NetworkManagementSocketTagger( 4337): untagSocket(21)
05-04 12:22:38.261 W/ConnectionRateView( 1467): mDataConnection: true
05-04 12:22:38.261 W/ConnectionRateView( 1467): mDataConnection: true
05-04 12:22:38.301 I/SurfaceFlinger(  298): [Built-in Screen (type:0)] fps:0.397952,dur:5025.73,max:4035.10,min:990.63
05-04 12:22:41.039 I/thermal_repeater(  363): oh, queryMdThermalInfo (0)Bad file number
05-04 12:22:41.051 I/thermal_repeater(  363): [recvMdThermalInfo] ret=26, strLen=127,  1, 32767,,, -1, 32767, 18
05-04 12:22:41.219 I/KeyguardUpdateMonitor( 1467): handleBatteryUpdate index=0 updateInteresting=false
05-04 12:22:41.253 I/SurfaceFlinger(  298): [Built-in Screen (type:0)] fps:0.338745,dur:2952.08,max:2952.08,min:2952.08
05-04 12:22:41.265 W/ConnectionRateView( 1467): mDataConnection: true
05-04 12:22:41.265 W/ConnectionRateView( 1467): mDataConnection: true
05-04 12:22:41.669 I/NetworkManagementSocketTagger( 4337): untagSocket(21)
05-04 12:22:41.857 I/AudioFlinger(  331): setParameters(): io 0, keyvalue mediaserver_monitor=1, calling pid 1035
05-04 12:22:41.859 W/AudioALSAHardware(  331): setParameters(), still have param.size() = 1, remain param = "mediaserver_monitor=1"
05-04 12:22:41.859 I/str_params(  331): key: 'mediaserver_monitor' value: '1'
05-04 12:22:41.861 I/AudioPolicyManager(  331): setStreamVolumeIndex stream = 7 index = 15 device = 0x400
05-04 12:22:43.407 I/NetworkManagementMz: AutoUpdateWidgetProviderService( 2932): hasWidget:false  hasNotification:false
05-04 12:22:43.621 W/Watchdog( 1035): SWT Watchdog after wait current time:2484183
05-04 12:22:43.621 W/Watchdog( 1035): **Get SF Time **1
05-04 12:22:43.622 W/Watchdog( 1035): SWT Watchdog before synchronized:2484183
05-04 12:22:43.622 W/Watchdog( 1035): SWT Watchdog after synchronized:2484183
05-04 12:22:43.622 W/Watchdog( 1035): SWT Watchdog before wait timeout:30000
05-04 12:22:43.622 W/Watchdog( 1035): SWT Watchdog before wait current time:2484184
05-04 12:22:43.622 W/Watchdog( 1035): SWT Watchdog before wait start:2484184
05-04 12:22:43.622 W/Watchdog( 1035): SWT Watchdog before wait CHECK_INTERVAL:30000
05-04 12:22:45.285 W/ConnectionRateView( 1467): mDataConnection: true
05-04 12:22:45.285 W/ConnectionRateView( 1467): mDataConnection: true
05-04 12:22:45.305 I/SurfaceFlinger(  298): [Built-in Screen (type:0)] fps:0.493597,dur:4051.89,max:4022.80,min:29.09
05-04 12:22:45.710 I/NetworkManagementSocketTagger( 4337): untagSocket(21)
05-04 12:22:46.054 I/thermal_repeater(  363): oh, queryMdThermalInfo (0)Bad file number
05-04 12:22:46.065 I/thermal_repeater(  363): [recvMdThermalInfo] ret=26, strLen=127,  1, 32767,,, -1, 32767, 18
05-04 12:22:46.303 W/ConnectionRateView( 1467): mDataConnection: true
05-04 12:22:46.303 W/ConnectionRateView( 1467): mDataConnection: true
05-04 12:22:46.331 I/SurfaceFlinger(  298): [Built-in Screen (type:0)] fps:0.974143,dur:1026.54,max:1026.54,min:1026.54
05-04 12:22:47.585 D/[BT3.0+HS]PAL(  375): == chip_reset_fd is set ==
05-04 12:22:47.585 D/[BT3.0+HS]PAL(  375): 
05-04 12:22:47.585 D/[BT3.0+HS]PAL(  375): invalid reply message
05-04 12:22:47.585 D/[BT3.0+HS]PAL(  375): 
05-04 12:22:48.324 W/ConnectionRateView( 1467): mDataConnection: true
05-04 12:22:48.324 W/ConnectionRateView( 1467): mDataConnection: true
05-04 12:22:48.348 I/SurfaceFlinger(  298): [Built-in Screen (type:0)] fps:0.495810,dur:2016.90,max:2016.90,min:2016.90
05-04 12:22:48.992 I/Netd    (  326): Get netlink event, ifname: wlan0 action: 4
05-04 12:22:48.995 D/[BT3.0+HS]PAL(  375): == chip_reset_fd is set ==
05-04 12:22:48.995 D/[BT3.0+HS]PAL(  375): 
05-04 12:22:48.995 D/[BT3.0+HS]PAL(  375): invalid reply message
05-04 12:22:48.995 D/[BT3.0+HS]PAL(  375): 
05-04 12:22:48.995 D/[BT3.0+HS]PAL(  375): == chip_reset_fd is set ==
05-04 12:22:48.995 D/[BT3.0+HS]PAL(  375): 
05-04 12:22:48.995 D/[BT3.0+HS]PAL(  375): invalid reply message
05-04 12:22:48.995 D/[BT3.0+HS]PAL(  375): 
05-04 12:22:48.997 I/Netd    (  326): Get netlink event, ifname: wlan0 action: 4
05-04 12:22:49.102 E/WifiAutoJoinController ( 1035): attemptAutoJoin() num recent config 1 current="RJYFZX-Wifi-02"WPA_PSK ---> suppNetId=12
05-04 12:22:49.750 I/NetworkManagementSocketTagger( 4337): untagSocket(21)
05-04 12:22:51.069 I/thermal_repeater(  363): oh, queryMdThermalInfo (0)Bad file number
05-04 12:22:51.082 I/thermal_repeater(  363): [recvMdThermalInfo] ret=26, strLen=127,  1, 32767,,, -1, 32767, 18
05-04 12:22:51.800 W/ActivityManager( 1035): getRunningAppProcesses: caller 10094 does not hold REAL_GET_TASKS; limiting output
05-04 12:22:51.858 I/AudioFlinger(  331): setParameters(): io 0, keyvalue mediaserver_monitor=1, calling pid 1035
05-04 12:22:51.859 W/AudioALSAHardware(  331): setParameters(), still have param.size() = 1, remain param = "mediaserver_monitor=1"
05-04 12:22:51.859 I/str_params(  331): key: 'mediaserver_monitor' value: '1'
05-04 12:22:51.862 I/AudioPolicyManager(  331): setStreamVolumeIndex stream = 7 index = 15 device = 0x400
05-04 12:22:53.789 I/NetworkManagementSocketTagger( 4337): untagSocket(21)
05-04 12:22:55.315 I/System.out( 5028): isEmailSend:POST
05-04 12:22:55.315 I/System.out( 5028): getAllHeaders:POST
05-04 12:22:55.315 I/System.out( 5028): httpHeader:Content-Type: application/json; charset=UTF-8
05-04 12:22:55.315 I/System.out( 5028): this.mCheckHandler:android.net.Proxy$DefaultHttpRequestCheckHandler@28c19d9
05-04 12:22:55.315 D/libc-netbsd( 5028): [getaddrinfo]: hostname=turbo2sdk-push.oupeng.com; servname=(null); cache_mode=(null), netid=0; mark=0
05-04 12:22:55.315 D/libc-netbsd( 5028): [getaddrinfo]: ai_addrlen=0; ai_canonname=(null); ai_flags=4; ai_family=0
05-04 12:22:55.315 D/libc-netbsd( 5028): [getaddrinfo]: hostname=turbo2sdk-push.oupeng.com; servname=(null); cache_mode=(null), netid=0; mark=0
05-04 12:22:55.315 D/libc-netbsd( 5028): [getaddrinfo]: ai_addrlen=0; ai_canonname=(null); ai_flags=1024; ai_family=0
05-04 12:22:55.316 D/libc-netbsd(  326): [getaddrinfo]: hostname=turbo2sdk-push.oupeng.com; servname=(null); cache_mode=local, netid=102; mark=917606
05-04 12:22:55.316 D/libc-netbsd(  326): [getaddrinfo]: ai_addrlen=0; ai_canonname=(null); ai_flags=1024; ai_family=0
05-04 12:22:55.316 D/libc-netbsd(  326): default dns: query_ipv6=0, query_ipv4=1
05-04 12:22:55.316 D/libc-netbsd(  326): res_queryN name = turbo2sdk-push.oupeng.com, class = 1, type = 1
05-04 12:22:55.316 D/libc-netbsd(  326): netid=102, dns0:202.106.0.20
05-04 12:22:55.316 D/libc-netbsd(  326): netid=102, dns1:8.8.8.8
05-04 12:22:55.327 W/ConnectionRateView( 1467): mDataConnection: true
05-04 12:22:55.327 W/ConnectionRateView( 1467): mDataConnection: true
05-04 12:22:55.335 D/libc-netbsd(  326): netid=102, dns0:202.106.0.20
05-04 12:22:55.335 D/libc-netbsd(  326): netid=102, dns1:8.8.8.8
05-04 12:22:55.335 D/libc-netbsd(  326): res_queryN name = turbo2sdk-push.oupeng.com., class = 1, type = 1
05-04 12:22:55.336 D/libc-netbsd( 5028): getaddrinfo: turbo2sdk-push.oupeng.com NO result from proxy 
05-04 12:22:55.336 I/System.out( 5028): [CDS][DNS]Unable to resolve host "turbo2sdk-push.oupeng.com": No address associated with hostname
05-04 12:22:55.354 I/SurfaceFlinger(  298): [Built-in Screen (type:0)] fps:0.142749,dur:7005.29,max:7005.29,min:7005.29
05-04 12:22:56.089 I/thermal_repeater(  363): oh, queryMdThermalInfo (0)Bad file number
05-04 12:22:56.100 I/thermal_repeater(  363): [recvMdThermalInfo] ret=26, strLen=127,  1, 32767,,, -1, 32767, 18
05-04 12:22:56.351 W/ConnectionRateView( 1467): mDataConnection: true
05-04 12:22:56.351 W/ConnectionRateView( 1467): mDataConnection: true
05-04 12:22:56.362 I/SurfaceFlinger(  298): [Built-in Screen (type:0)] fps:0.991534,dur:1008.54,max:1008.54,min:1008.54
05-04 12:22:57.369 W/ConnectionRateView( 1467): mDataConnection: true
05-04 12:22:57.369 W/ConnectionRateView( 1467): mDataConnection: true
05-04 12:22:57.425 I/SurfaceFlinger(  298): [Built-in Screen (type:0)] fps:1.882493,dur:1062.42,max:1051.56,min:10.86
05-04 12:22:57.830 I/NetworkManagementSocketTagger( 4337): untagSocket(21)
05-04 12:23:00.009 I/libPerfService( 1035): perfSetFavorPid - pid:2088, 828
05-04 12:23:00.017 I/memtrack_graphic( 1035): graphic_memtrack_get_memory match 4:      ion_mm_heap 2088  8355840   2 ffffffc006242ec0 ffffffc01b164900.
05-04 12:23:00.017 I/memtrack_graphic( 1035):  : 2088 2088 8355840 2 4177920
05-04 12:23:00.017 I/memtrack_graphic( 1035): graphic_memtrack_get_memory match 4:      ion_mm_heap 2088  8355840   3 ffffffc038445b40 ffffffc065bbe400.
05-04 12:23:00.017 I/memtrack_graphic( 1035):  : 2088 2088 8355840 3 6963200
05-04 12:23:00.037 I/libPerfService( 1035): perfSetFavorPid - pid:0, 0
05-04 12:23:00.044 I/libPerfService( 1035): perfSetFavorPid - pid:2088, 828
05-04 12:23:00.054 I/SurfaceFlinger(  298): [Built-in Screen (type:0)] fps:0.380316,dur:2629.39,max:2629.39,min:2629.39
05-04 12:23:00.391 W/ConnectionRateView( 1467): mDataConnection: true
05-04 12:23:00.391 W/ConnectionRateView( 1467): mDataConnection: true
05-04 12:23:01.102 I/thermal_repeater(  363): oh, queryMdThermalInfo (0)Bad file number
05-04 12:23:01.113 I/thermal_repeater(  363): [recvMdThermalInfo] ret=26, strLen=127,  1, 32767,,, -1, 32767, 18
05-04 12:23:01.220 I/KeyguardUpdateMonitor( 1467): handleBatteryUpdate index=0 updateInteresting=false
05-04 12:23:01.236 I/libPerfService( 1035): perfSetFavorPid - pid:0, 0
05-04 12:23:01.260 I/SurfaceFlinger(  298): [Built-in Screen (type:0)] fps:1.657908,dur:1206.34,max:853.31,min:353.03
05-04 12:23:01.402 W/ConnectionRateView( 1467): mDataConnection: true
05-04 12:23:01.402 W/ConnectionRateView( 1467): mDataConnection: true
05-04 12:23:01.858 I/AudioFlinger(  331): setParameters(): io 0, keyvalue mediaserver_monitor=1, calling pid 1035
05-04 12:23:01.859 W/AudioALSAHardware(  331): setParameters(), still have param.size() = 1, remain param = "mediaserver_monitor=1"
05-04 12:23:01.860 I/str_params(  331): key: 'mediaserver_monitor' value: '1'
05-04 12:23:01.861 I/AudioPolicyManager(  331): setStreamVolumeIndex stream = 7 index = 15 device = 0x400
05-04 12:23:01.871 I/NetworkManagementSocketTagger( 4337): untagSocket(21)
05-04 12:23:03.428 W/ConnectionRateView( 1467): mDataConnection: true
05-04 12:23:03.428 W/ConnectionRateView( 1467): mDataConnection: true
05-04 12:23:03.458 I/SurfaceFlinger(  298): [Built-in Screen (type:0)] fps:0.910082,dur:2197.60,max:2042.93,min:154.68
05-04 12:23:04.445 W/ConnectionRateView( 1467): mDataConnection: true
05-04 12:23:04.445 W/ConnectionRateView( 1467): mDataConnection: true
05-04 12:23:04.466 I/SurfaceFlinger(  298): [Built-in Screen (type:0)] fps:0.992103,dur:1007.96,max:1007.96,min:1007.96
05-04 12:23:05.909 I/NetworkManagementSocketTagger( 4337): untagSocket(21)
05-04 12:23:06.119 I/thermal_repeater(  363): oh, queryMdThermalInfo (0)Bad file number
05-04 12:23:06.130 I/thermal_repeater(  363): [recvMdThermalInfo] ret=26, strLen=127,  1, 32767,,, -1, 32767, 18
05-04 12:23:08.470 W/ConnectionRateView( 1467): mDataConnection: true
05-04 12:23:08.470 W/ConnectionRateView( 1467): mDataConnection: true
05-04 12:23:08.500 I/SurfaceFlinger(  298): [Built-in Screen (type:0)] fps:0.247870,dur:4034.37,max:4034.37,min:4034.37
05-04 12:23:09.427 W/IntentResolver( 1035): resolveIntent: multiple matches, only some with CATEGORY_DEFAULT
05-04 12:23:09.430 W/IntentResolver( 1035): resolveIntent: multiple matches, only some with CATEGORY_DEFAULT
05-04 12:23:09.431 W/IntentResolver( 1035): resolveIntent: multiple matches, only some with CATEGORY_DEFAULT
05-04 12:23:09.432 W/IntentResolver( 1035): resolveIntent: multiple matches, only some with CATEGORY_DEFAULT
05-04 12:23:09.439 E/PowerManagerFlyme( 3469): getWakeLockInfo failed: java.lang.NoSuchMethodException: getWakeLockData []
05-04 12:23:09.490 W/IntentResolver( 1035): resolveIntent: multiple matches, only some with CATEGORY_DEFAULT
05-04 12:23:09.491 W/IntentResolver( 1035): resolveIntent: multiple matches, only some with CATEGORY_DEFAULT
05-04 12:23:09.492 W/IntentResolver( 1035): resolveIntent: multiple matches, only some with CATEGORY_DEFAULT
05-04 12:23:09.493 W/IntentResolver( 1035): resolveIntent: multiple matches, only some with CATEGORY_DEFAULT
05-04 12:23:09.950 I/NetworkManagementSocketTagger( 4337): untagSocket(21)
05-04 12:23:11.136 I/thermal_repeater(  363): oh, queryMdThermalInfo (0)Bad file number
05-04 12:23:11.149 I/thermal_repeater(  363): [recvMdThermalInfo] ret=26, strLen=127,  1, 32767,,, -1, 32767, 18
05-04 12:23:11.491 W/ConnectionRateView( 1467): mDataConnection: true
05-04 12:23:11.491 W/ConnectionRateView( 1467): mDataConnection: true
05-04 12:23:11.525 I/SurfaceFlinger(  298): [Built-in Screen (type:0)] fps:0.330594,dur:3024.86,max:3024.86,min:3024.86
05-04 12:23:11.860 I/AudioFlinger(  331): setParameters(): io 0, keyvalue mediaserver_monitor=1, calling pid 1035
05-04 12:23:11.861 W/AudioALSAHardware(  331): setParameters(), still have param.size() = 1, remain param = "mediaserver_monitor=1"
05-04 12:23:11.861 I/str_params(  331): key: 'mediaserver_monitor' value: '1'
05-04 12:23:11.863 I/AudioPolicyManager(  331): setStreamVolumeIndex stream = 7 index = 15 device = 0x400
05-04 12:23:12.505 W/ConnectionRateView( 1467): mDataConnection: true
05-04 12:23:12.505 W/ConnectionRateView( 1467): mDataConnection: true
05-04 12:23:12.534 I/SurfaceFlinger(  298): [Built-in Screen (type:0)] fps:0.991541,dur:1008.53,max:1008.53,min:1008.53
05-04 12:23:12.609 W/IntentResolver( 1035): resolveIntent: multiple matches, only some with CATEGORY_DEFAULT
05-04 12:23:12.611 W/IntentResolver( 1035): resolveIntent: multiple matches, only some with CATEGORY_DEFAULT
05-04 12:23:12.613 W/IntentResolver( 1035): resolveIntent: multiple matches, only some with CATEGORY_DEFAULT
05-04 12:23:12.616 W/IntentResolver( 1035): resolveIntent: multiple matches, only some with CATEGORY_DEFAULT
05-04 12:23:12.636 W/IntentResolver( 1035): resolveIntent: multiple matches, only some with CATEGORY_DEFAULT
05-04 12:23:12.638 W/IntentResolver( 1035): resolveIntent: multiple matches, only some with CATEGORY_DEFAULT
05-04 12:23:12.639 W/IntentResolver( 1035): resolveIntent: multiple matches, only some with CATEGORY_DEFAULT
05-04 12:23:12.640 W/IntentResolver( 1035): resolveIntent: multiple matches, only some with CATEGORY_DEFAULT
05-04 12:23:12.646 E/PowerManagerFlyme( 3469): getWakeLockInfo failed: java.lang.NoSuchMethodException: getWakeLockData []
05-04 12:23:13.623 W/Watchdog( 1035): SWT Watchdog after wait current time:2514184
05-04 12:23:13.623 W/Watchdog( 1035): **Get SF Time **1
05-04 12:23:13.623 W/Watchdog( 1035): SWT Watchdog before synchronized:2514185
05-04 12:23:13.623 W/Watchdog( 1035): SWT Watchdog after synchronized:2514185
05-04 12:23:13.624 W/Watchdog( 1035): SWT Watchdog before wait timeout:30000
05-04 12:23:13.624 W/Watchdog( 1035): SWT Watchdog before wait current time:2514185
05-04 12:23:13.624 W/Watchdog( 1035): SWT Watchdog before wait start:2514185
05-04 12:23:13.624 W/Watchdog( 1035): SWT Watchdog before wait CHECK_INTERVAL:30000
05-04 12:23:13.989 I/NetworkManagementSocketTagger( 4337): untagSocket(21)
05-04 12:23:14.514 W/ConnectionRateView( 1467): mDataConnection: true
05-04 12:23:14.514 W/ConnectionRateView( 1467): mDataConnection: true
05-04 12:23:14.533 I/SurfaceFlinger(  298): [Built-in Screen (type:0)] fps:0.500261,dur:1998.95,max:1998.95,min:1998.95
05-04 12:23:16.155 I/thermal_repeater(  363): oh, queryMdThermalInfo (0)Bad file number
05-04 12:23:16.166 I/thermal_repeater(  363): [recvMdThermalInfo] ret=26, strLen=127,  1, 32767,,, -1, 32767, 18
05-04 12:23:17.535 W/ConnectionRateView( 1467): mDataConnection: true
05-04 12:23:17.535 W/ConnectionRateView( 1467): mDataConnection: true
05-04 12:23:17.558 I/SurfaceFlinger(  298): [Built-in Screen (type:0)] fps:0.330536,dur:3025.39,max:3025.39,min:3025.39
05-04 12:23:18.031 I/NetworkManagementSocketTagger( 4337): untagSocket(21)
05-04 12:23:18.556 W/ConnectionRateView( 1467): mDataConnection: true
05-04 12:23:18.556 W/ConnectionRateView( 1467): mDataConnection: true
05-04 12:23:18.585 I/SurfaceFlinger(  298): [Built-in Screen (type:0)] fps:0.973756,dur:1026.95,max:1026.95,min:1026.95
05-04 12:23:21.170 I/thermal_repeater(  363): oh, queryMdThermalInfo (0)Bad file number
05-04 12:23:21.181 I/thermal_repeater(  363): [recvMdThermalInfo] ret=26, strLen=127,  1, 32767,,, -1, 32767, 18
05-04 12:23:21.801 W/ActivityManager( 1035): getRunningAppProcesses: caller 10094 does not hold REAL_GET_TASKS; limiting output
05-04 12:23:21.860 I/AudioFlinger(  331): setParameters(): io 0, keyvalue mediaserver_monitor=1, calling pid 1035
05-04 12:23:21.861 W/AudioALSAHardware(  331): setParameters(), still have param.size() = 1, remain param = "mediaserver_monitor=1"
05-04 12:23:21.861 I/str_params(  331): key: 'mediaserver_monitor' value: '1'
05-04 12:23:21.863 I/AudioPolicyManager(  331): setStreamVolumeIndex stream = 7 index = 15 device = 0x400
05-04 12:23:22.071 I/NetworkManagementSocketTagger( 4337): untagSocket(21)
05-04 12:23:22.137 I/art     ( 5267): Background sticky concurrent mark sweep GC freed 25796(954KB) AllocSpace objects, 0(0B) LOS objects, 1% free, 41MB/42MB, paused 6.666ms total 48.463ms
05-04 12:23:22.577 W/ConnectionRateView( 1467): mDataConnection: true
05-04 12:23:22.577 W/ConnectionRateView( 1467): mDataConnection: true
05-04 12:23:22.619 I/SurfaceFlinger(  298): [Built-in Screen (type:0)] fps:0.247877,dur:4034.26,max:4034.26,min:4034.26
05-04 12:23:26.109 I/NetworkManagementSocketTagger( 4337): untagSocket(21)
05-04 12:23:26.183 I/thermal_repeater(  363): oh, queryMdThermalInfo (0)Bad file number
05-04 12:23:26.190 I/thermal_repeater(  363): [recvMdThermalInfo] ret=26, strLen=127,  1, 32767,,, -1, 32767, 18
05-04 12:23:27.609 W/ConnectionRateView( 1467): mDataConnection: true
05-04 12:23:27.609 W/ConnectionRateView( 1467): mDataConnection: true
05-04 12:23:27.625 I/SurfaceFlinger(  298): [Built-in Screen (type:0)] fps:0.199784,dur:5005.41,max:5005.41,min:5005.41
05-04 12:23:30.150 I/NetworkManagementSocketTagger( 4337): untagSocket(21)
05-04 12:23:31.196 I/thermal_repeater(  363): oh, queryMdThermalInfo (0)Bad file number
05-04 12:23:31.212 I/thermal_repeater(  363): [recvMdThermalInfo] ret=26, strLen=127,  1, 32767,,, -1, 32767, 18
05-04 12:23:31.861 I/AudioFlinger(  331): setParameters(): io 0, keyvalue mediaserver_monitor=1, calling pid 1035
05-04 12:23:31.862 W/AudioALSAHardware(  331): setParameters(), still have param.size() = 1, remain param = "mediaserver_monitor=1"
05-04 12:23:31.862 I/str_params(  331): key: 'mediaserver_monitor' value: '1'
05-04 12:23:31.863 I/AudioPolicyManager(  331): setStreamVolumeIndex stream = 7 index = 15 device = 0x400
05-04 12:23:32.635 W/ConnectionRateView( 1467): mDataConnection: true
05-04 12:23:32.635 W/ConnectionRateView( 1467): mDataConnection: true
05-04 12:23:32.667 I/SurfaceFlinger(  298): [Built-in Screen (type:0)] fps:0.198302,dur:5042.82,max:5042.82,min:5042.82
05-04 12:23:34.191 I/NetworkManagementSocketTagger( 4337): untagSocket(21)
05-04 12:23:34.449 W/PerfScheduler( 1035): p is Empty
05-04 12:23:34.449 W/PerfScheduler( 1035): keyValue ==  null
05-04 12:23:34.449 W/PerfScheduler( 1035): Not Boost !
05-04 12:23:34.459 W/PerfScheduler( 1035): p is Empty
05-04 12:23:34.459 W/PerfScheduler( 1035): keyValue ==  null
05-04 12:23:34.459 W/PerfScheduler( 1035): Not Boost !
05-04 12:23:34.469 I/SurfaceFlinger(  298): [Built-in Screen (type:0)] fps:0.555008,dur:1801.77,max:1801.77,min:1801.77
05-04 12:23:34.473 I/PerfService( 1035): PerfServiceNative_boostDisableAsync:5
05-04 12:23:34.474 I/libPerfService( 1035): 5: set: 1
05-04 12:23:34.474 I/libPerfService( 1035): 5: set freq: 0
05-04 12:23:34.528 I/ActivityManager( 1035): START u0 {act=android.intent.action.MAIN cat=[android.intent.category.LAUNCHER] flg=0x10200000 cmp=vn.android.adbwireless/.MainActivity bnds=[294,1248][540,1536]} from uid 10084 on display 0 from pid 2088
05-04 12:23:34.542 W/PerfScheduler( 1035): p is Empty
05-04 12:23:34.542 W/PerfScheduler( 1035): keyValue ==  null
05-04 12:23:34.542 W/PerfScheduler( 1035): Not Boost !
05-04 12:23:34.560 W/PerfScheduler( 1035): p is Empty
05-04 12:23:34.560 W/PerfScheduler( 1035): keyValue ==  null
05-04 12:23:34.560 W/PerfScheduler( 1035): Not Boost !
05-04 12:23:34.565 I/libPerfService( 1035): perfSetFavorPid - pid:6346, 18ca
05-04 12:23:34.581 I/WindowManager( 1035): Losing focus: Window{7391f44 u0 com.meizu.flyme.launcher/com.meizu.flyme.launcher.Launcher}
05-04 12:23:34.617 I/System.out( 2088): createMD5, pathFile is /data/app/vn.android.adbwireless-1/base.apk
05-04 12:23:34.668 I/NetworkManagementSocketTagger( 2565): untagSocket(68)
05-04 12:23:34.687 I/WindowManager( 1035): Gaining focus: Window{1682d38d u0 vn.android.adbwireless/vn.android.adbwireless.MainActivity}
05-04 12:23:34.688 I/[MALI][Gralloc](  298): Usage: 0xb00, format: 0x1 stride: 1088 vertical_stride: 1920 size: 8355840
05-04 12:23:34.689 I/[MALI][Gralloc](  298): Usage: 0xb00, format: 0x1 stride: 1088 vertical_stride: 1920 size: 8355840
05-04 12:23:34.690 I/[MALI][Gralloc](  298): Usage: 0xb00, format: 0x1 stride: 1088 vertical_stride: 1920 size: 8355840
05-04 12:23:34.691 I/AppiumUnicodeIME( 7303): onFinishInput
05-04 12:23:34.691 I/AppiumUnicodeIME( 7303): onStartInput
05-04 12:23:34.696 I/libPerfService( 1035): perfSetFavorPid - pid:0, 0
05-04 12:23:34.705 I/libPerfService( 1035): perfSetFavorPid - pid:6346, 18ca
05-04 12:23:34.708 I/NetworkManagementSocketTagger( 2565): untagSocket(59)
05-04 12:23:35.357 W/PerfScheduler( 1035): p is Empty
05-04 12:23:35.357 W/PerfScheduler( 1035): keyValue ==  null
05-04 12:23:35.357 W/PerfScheduler( 1035): Not Boost !
05-04 12:23:35.364 I/libPerfService( 1035): perfSetFavorPid - pid:0, 0
05-04 12:23:35.369 W/PerfScheduler( 1035): p is Empty
05-04 12:23:35.369 W/PerfScheduler( 1035): keyValue ==  null
05-04 12:23:35.369 W/PerfScheduler( 1035): Not Boost !
05-04 12:23:35.381 W/PerfScheduler( 1035): p is Empty
05-04 12:23:35.381 W/PerfScheduler( 1035): keyValue ==  null
05-04 12:23:35.381 W/PerfScheduler( 1035): Not Boost !
05-04 12:23:35.393 W/PerfScheduler( 1035): p is Empty
05-04 12:23:35.393 W/PerfScheduler( 1035): keyValue ==  null
05-04 12:23:35.393 W/PerfScheduler( 1035): Not Boost !
05-04 12:23:35.404 I/PerfService( 1035): PerfServiceNative_boostDisableAsync:5
05-04 12:23:35.405 I/libPerfService( 1035): 5: set: 1
05-04 12:23:35.405 I/libPerfService( 1035): 5: set freq: 0
05-04 12:23:35.467 I/libPerfService( 1035): perfSetFavorPid - pid:6346, 18ca
05-04 12:23:35.469 I/NetworkManagementSocketTagger( 2565): untagSocket(67)
05-04 12:23:35.472 I/SurfaceFlinger(  298): [Built-in Screen (type:0)] fps:33.915817,dur:1002.48,max:394.36,min:10.77
05-04 12:23:35.477 I/NetworkManagementSocketTagger( 2565): untagSocket(67)
05-04 12:23:35.501 E/art     ( 7303): adb connection max retries exceeded
05-04 12:23:35.501 I/NetworkManagementSocketTagger( 1035): untagSocket(226)
05-04 12:23:35.502 I/NetworkManagementSocketTagger( 1035): untagSocket(226)
05-04 12:23:35.520 W/ADB_SERVICES(10201): adb_main syc_size_enabled=0
05-04 12:23:35.521 W/ADB_SERVICES(10201): transport: usb
05-04 12:23:35.521 W/ADB_SERVICES(10201): (null): starting transport input thread, reading from fd 20
05-04 12:23:35.522 W/ADB_SERVICES(10201): (null): starting transport output thread on fd 20, SYNC online (2)
05-04 12:23:35.522 W/ADB_SERVICES(10201): (null): transport SYNC online
05-04 12:23:35.584 W/recents.Component( 1467): create a new LoadPlan to load thumbnail -- background
05-04 12:23:35.589 W/recents.Performance( 1467): preload while task Change spend : 5
05-04 12:23:35.637 W/ConnectionRateView( 1467): mDataConnection: true
05-04 12:23:35.637 W/ConnectionRateView( 1467): mDataConnection: true
05-04 12:23:35.649 I/libPerfService( 1035): perfSetFavorPid - pid:0, 0
05-04 12:23:36.219 I/thermal_repeater(  363): oh, queryMdThermalInfo (0)Bad file number
05-04 12:23:36.229 I/thermal_repeater(  363): [recvMdThermalInfo] ret=26, strLen=127,  1, 32767,,, -1, 32767, 18
05-04 12:23:36.315 I/WindowManager( 1035): interceptKeyTq keycode=269 interactive=true keyguardActive=false policyFlags=22000000 down =true canceled = false isWakeKey=false mVolumeDownKeyTriggered =false mVolumeUpKeyTriggered =false result = 1 useHapticFeedback = false isInjected = false result = 1
05-04 12:23:36.512 I/WindowManager( 1035): interceptKeyTq keycode=3 interactive=true keyguardActive=false policyFlags=22000000 down =true canceled = false isWakeKey=false mVolumeDownKeyTriggered =false mVolumeUpKeyTriggered =false result = 1 useHapticFeedback = false isInjected = false result = 1
05-04 12:23:36.513 I/WindowManager( 1035): interceptKeyTi keyCode=3 down=true repeatCount=0 keyguardOn=false mHomePressed=false canceled=false metaState:0
05-04 12:23:36.513 W/PerfScheduler( 1035): p is Empty
05-04 12:23:36.513 W/PerfScheduler( 1035): keyValue ==  null
05-04 12:23:36.513 W/PerfScheduler( 1035): Not Boost !
05-04 12:23:36.519 I/recents.RecentsStage( 1467): resetStage
05-04 12:23:36.558 I/SurfaceFlinger(  298): [Built-in Screen (type:0)] fps:9.209136,dur:1085.88,max:890.84,min:15.79
05-04 12:23:36.670 I/WindowManager( 1035): interceptKeyTq keycode=3 interactive=true keyguardActive=false policyFlags=22000000 down =false canceled = false isWakeKey=false mVolumeDownKeyTriggered =false mVolumeUpKeyTriggered =false result = 1 useHapticFeedback = false isInjected = false result = 1
05-04 12:23:36.670 I/WindowManager( 1035): interceptKeyTi keyCode=3 down=false repeatCount=0 keyguardOn=false mHomePressed=true canceled=false metaState:0
05-04 12:23:36.670 W/PerfScheduler( 1035): p is Empty
05-04 12:23:36.670 W/PerfScheduler( 1035): keyValue ==  null
05-04 12:23:36.670 W/PerfScheduler( 1035): Not Boost !
05-04 12:23:36.671 I/WindowManager( 1035): interceptKey home mDoubleTapOnHomeBehavior === 0
05-04 12:23:36.684 I/ActivityManager( 1035): START u0 {act=android.intent.action.MAIN cat=[android.intent.category.HOME] flg=0x10200000 cmp=com.meizu.flyme.launcher/.Launcher} from uid 1000 on display 0 from pid 1035
05-04 12:23:36.697 W/PerfScheduler( 1035): p is Empty
05-04 12:23:36.697 W/PerfScheduler( 1035): keyValue ==  null
05-04 12:23:36.697 W/PerfScheduler( 1035): Not Boost !
05-04 12:23:36.700 I/[MALI][Gralloc](  298): Usage: 0x333, format: 0x1 stride: 544 vertical_stride: 960 size: 2088960
05-04 12:23:36.712 I/art     ( 1035): [heap] RegisterNativeAllocation start bytes:2088960
05-04 12:23:36.712 I/art     ( 1035): [heap] RegisterNativeAllocation RunFinalization time 1
05-04 12:23:36.712 I/art     ( 1035): [heap] RegisterNativeAllocation native_bytes_allocated_:0
05-04 12:23:36.712 I/art     ( 1035): [heap] RegisterNativeAllocation new_native_bytes_allocated:0, native_bytes_allocated_:2088960, native_footprint_gc_watermark_:524288, growth_limit_:268435456
05-04 12:23:36.712 I/art     ( 1035): [heap] RegisterNativeAllocation end
05-04 12:23:36.733 W/PerfScheduler( 1035): p is Empty
05-04 12:23:36.733 W/PerfScheduler( 1035): keyValue ==  null
05-04 12:23:36.733 W/PerfScheduler( 1035): Not Boost !
05-04 12:23:36.733 I/recents.RecentsStage( 1467): resetStage
05-04 12:23:36.735 I/libPerfService( 1035): perfSetFavorPid - pid:2088, 828
05-04 12:23:36.741 I/WindowManager( 1035): Losing focus: Window{1682d38d u0 vn.android.adbwireless/vn.android.adbwireless.MainActivity}
05-04 12:23:36.779 I/WindowManager( 1035): Gaining focus: Window{7391f44 u0 com.meizu.flyme.launcher/com.meizu.flyme.launcher.Launcher}
05-04 12:23:36.781 I/[MALI][Gralloc](  298): Usage: 0xb00, format: 0x1 stride: 1088 vertical_stride: 1920 size: 8355840
05-04 12:23:36.781 I/[MALI][Gralloc](  298): Usage: 0xb00, format: 0x1 stride: 1088 vertical_stride: 1920 size: 8355840
05-04 12:23:36.782 I/[MALI][Gralloc](  298): Usage: 0xb00, format: 0x1 stride: 1088 vertical_stride: 1920 size: 8355840
05-04 12:23:36.783 I/System.out( 2088): launcher guest mode set draglayout visiable
05-04 12:23:36.783 E/Launcher( 2088): had load blur wallpaper
05-04 12:23:36.833 I/libPerfService( 1035): perfSetFavorPid - pid:0, 0
05-04 12:23:36.843 I/AppiumUnicodeIME( 7303): onFinishInput
05-04 12:23:36.877 I/libPerfService( 1035): perfSetFavorPid - pid:2088, 828
05-04 12:23:36.884 I/AppiumUnicodeIME( 7303): onStartInput
05-04 12:23:36.948 I/libPerfService( 1035): perfSetFavorPid - pid:0, 0
05-04 12:23:37.043 I/art     ( 1035): Background partial concurrent mark sweep GC freed 10571(601KB) AllocSpace objects, 11(4MB) LOS objects, 8% free, 41MB/45MB, paused 2.235ms total 276.877ms
05-04 12:23:37.150 I/libPerfService( 1035): perfSetFavorPid - pid:2088, 828
05-04 12:23:37.346 I/libPerfService( 1035): perfSetFavorPid - pid:0, 0
05-04 12:23:37.474 I/libPerfService( 1035): 7: set: 1
05-04 12:23:37.475 I/libPerfService( 1035): 7: set freq: 0
05-04 12:23:37.640 W/ConnectionRateView( 1467): mDataConnection: true
05-04 12:23:37.640 W/ConnectionRateView( 1467): mDataConnection: true
05-04 12:23:37.666 I/SurfaceFlinger(  298): [Built-in Screen (type:0)] fps:21.658373,dur:1108.12,max:305.78,min:11.66
05-04 12:23:37.744 W/recents.Component( 1467): create a new LoadPlan to load thumbnail -- background
05-04 12:23:37.767 W/ResourceType( 1467): No package identifier when getting value for resource number 0x00000000
05-04 12:23:37.767 W/PackageManager( 1467): Failure retrieving resources for vn.android.adbwireless: Resource ID #0x0
05-04 12:23:37.796 I/recents.TaskLoadPlan( 1467): 		 load thumbnail from system
05-04 12:23:37.796 W/recents.Performance( 1467): preload while task Change spend : 53
05-04 12:23:38.230 I/NetworkManagementSocketTagger( 4337): untagSocket(21)
05-04 12:23:38.406 I/libPerfService( 1035): 7: set: 1
05-04 12:23:38.406 I/libPerfService( 1035): 7: set freq: 0
05-04 12:23:39.647 W/ConnectionRateView( 1467): mDataConnection: true
05-04 12:23:39.647 W/ConnectionRateView( 1467): mDataConnection: true
05-04 12:23:39.672 I/SurfaceFlinger(  298): [Built-in Screen (type:0)] fps:0.498355,dur:2006.60,max:2006.60,min:2006.60
05-04 12:23:41.225 I/KeyguardUpdateMonitor( 1467): handleBatteryUpdate index=0 updateInteresting=false
05-04 12:23:41.231 I/thermal_repeater(  363): oh, queryMdThermalInfo (0)Bad file number
05-04 12:23:41.241 I/thermal_repeater(  363): [recvMdThermalInfo] ret=26, strLen=127,  1, 32767,,, -1, 32767, 18
05-04 12:23:41.257 I/SurfaceFlinger(  298): [Built-in Screen (type:0)] fps:0.631028,dur:1584.72,max:1584.72,min:1584.72
05-04 12:23:41.864 I/AudioFlinger(  331): setParameters(): io 0, keyvalue mediaserver_monitor=1, calling pid 1035
05-04 12:23:41.865 W/AudioALSAHardware(  331): setParameters(), still have param.size() = 1, remain param = "mediaserver_m