05-04 11:26:39.153 I/thermal_repeater(  363): oh, queryMdThermalInfo (0)Bad file number
05-04 11:26:39.163 I/thermal_repeater(  363): [recvMdThermalInfo] ret=26, strLen=127,  1, 32767,,, -1, 32767, 18
05-04 11:26:42.120 I/ActivityManager( 1035): Start proc 8058:com.meizu.flyme.gamecenter/u0a43 for service com.meizu.flyme.gamecenter/com.meizu.cloud.app.jobscheduler.JobSchedulerService
05-04 11:26:42.122 W/JobServiceContext( 1035): verifyCallingUid.527..:[ComponentInfo{com.kingroot.kinguser/com.kingroot.common.improve.KCheckServiceJob},jId=1,u0,R=(-00:00,09:59),N=0,C=false,I=false,F=0,P=true(READY)]
05-04 11:26:42.122 W/JobServiceContext( 1035): verifyCallingUid. END
05-04 11:26:42.123 W/JobServiceContext( 1035): closeAndCleanupJobH.527..:[ComponentInfo{com.kingroot.kinguser/com.kingroot.common.improve.KCheckServiceJob},jId=1,u0,R=(-00:00,09:59),N=0,C=false,I=false,F=0,P=true(READY)]
05-04 11:26:42.190 W/JobServiceContext( 1035): verifyCallingUid.543..:[ComponentInfo{com.meizu.flyme.gamecenter/com.meizu.cloud.app.jobscheduler.JobSchedulerService},jId=102,u0,R=(-09:53,6:50:06),N=1,C=false,I=false,F=0,P=false(READY)]
05-04 11:26:42.190 W/JobServiceContext( 1035): verifyCallingUid. END
05-04 11:26:42.190 W/JobServiceContext( 1035): verifyCallingUid.543..:[ComponentInfo{com.meizu.flyme.gamecenter/com.meizu.cloud.app.jobscheduler.JobSchedulerService},jId=102,u0,R=(-09:53,6:50:06),N=1,C=false,I=false,F=0,P=false(READY)]
05-04 11:26:42.191 W/JobServiceContext( 1035): verifyCallingUid. END
05-04 11:26:42.192 W/JobServiceContext( 1035): closeAndCleanupJobH.543..:[ComponentInfo{com.meizu.flyme.gamecenter/com.meizu.cloud.app.jobscheduler.JobSchedulerService},jId=102,u0,R=(-09:53,6:50:06),N=1,C=false,I=false,F=0,P=false(READY)]
05-04 11:26:43.207 W/ActivityManager( 1035): getRunningAppProcesses: caller 10043 does not hold REAL_GET_TASKS; limiting output
05-04 11:26:43.281 W/ActivityManager( 1035): getRunningAppProcesses: caller 10043 does not hold REAL_GET_TASKS; limiting output
05-04 11:26:43.305 I/ActivityManager( 1035): START u0 {act=android.intent.action.MAIN cat=[android.intent.category.HOME] flg=0x10200000 cmp=com.meizu.flyme.launcher/.Launcher} from uid 1000 on display 0 from pid 1035
05-04 11:26:43.348 I/WindowManager( 1035): Losing focus: Window{305df194 u0 com.xinhe.ocr/com.xinhe.ocr.two.activity.credit.customer_consult_info.CustomerConsultationInfoFirstActivity}
05-04 11:26:43.368 I/WindowManager( 1035): Gaining focus: Window{7391f44 u0 com.meizu.flyme.launcher/com.meizu.flyme.launcher.Launcher}
05-04 11:26:43.386 W/ActivityManager( 1035): getRunningAppProcesses: caller 10113 does not hold REAL_GET_TASKS; limiting output
05-04 11:26:43.676 W/ActivityManager( 1035): getRunningAppProcesses: caller 10426 does not hold REAL_GET_TASKS; limiting output
05-04 11:26:44.168 I/thermal_repeater(  363): oh, queryMdThermalInfo (0)Bad file number
05-04 11:26:44.179 I/thermal_repeater(  363): [recvMdThermalInfo] ret=26, strLen=127,  1, 32767,,, -1, 32767, 18
05-04 11:26:44.428 W/ActivityManager( 1035): getRunningAppProcesses: caller 10094 does not hold REAL_GET_TASKS; limiting output
05-04 11:26:44.479 I/ActivityManager( 1035): START u0 {act=android.intent.action.MAIN cat=[android.intent.category.LAUNCHER] flg=0x10200000 cmp=vn.android.adbwireless/.MainActivity bnds=[294,1248][540,1536]} from uid 10084 on display 0 from pid 2088
05-04 11:26:44.500 I/WindowManager( 1035): Losing focus: Window{7391f44 u0 com.meizu.flyme.launcher/com.meizu.flyme.launcher.Launcher}
05-04 11:26:44.574 I/WindowManager( 1035): Gaining focus: Window{1682d38d u0 vn.android.adbwireless/vn.android.adbwireless.MainActivity}
05-04 11:26:44.634 W/ActivityManager( 1035): getRunningAppProcesses: caller 10113 does not hold REAL_GET_TASKS; limiting output
05-04 11:26:49.186 I/thermal_repeater(  363): oh, queryMdThermalInfo (0)Bad file number
05-04 11:26:49.197 I/thermal_repeater(  363): [recvMdThermalInfo] ret=26, strLen=127,  1, 32767,,, -1, 32767, 18
05-04 11:26:52.112 I/ActivityManager( 1035): START u0 {act=android.intent.action.MAIN cat=[android.intent.category.HOME] flg=0x10200000 cmp=com.meizu.flyme.launcher/.Launcher} from uid 1000 on display 0 from pid 1035
05-04 11:26:52.169 I/WindowManager( 1035): Losing focus: Window{1682d38d u0 vn.android.adbwireless/vn.android.adbwireless.MainActivity}
05-04 11:26:52.213 I/WindowManager( 1035): Gaining focus: Window{7391f44 u0 com.meizu.flyme.launcher/com.meizu.flyme.launcher.Launcher}
05-04 11:26:52.241 W/ActivityManager( 1035): getRunningAppProcesses: caller 10113 does not hold REAL_GET_TASKS; limiting output
05-04 11:26:54.199 I/thermal_repeater(  363): oh, queryMdThermalInfo (0)Bad file number
05-04 11:26:54.210 I/thermal_repeater(  363): [recvMdThermalInfo] ret=26, strLen=127,  1, 32767,,, -1, 32767, 18
05-04 11:26:59.216 I/thermal_repeater(  363): oh, queryMdThermalInfo (0)Bad file number
05-04 11:26:59.227 I/thermal_repeater(  363): [recvMdThermalInfo] ret=26, strLen=127,  1, 32767,,, -1, 32767, 18
05-04 11:27:04.231 I/thermal_repeater(  363): oh, queryMdThermalInfo (0)Bad file number
05-04 11:27:04.242 I/thermal_repeater(  363): [recvMdThermalInfo] ret=26, strLen=127,  1, 32767,,, -1, 32767, 18
05-04 11:27:06.024 W/Watchdog( 1035): SWT Watchdog after wait current time:1253959
05-04 11:27:06.025 W/Watchdog( 1035): **Get SF Time **1
05-04 11:27:06.025 W/Watchdog( 1035): SWT Watchdog before synchronized:1253960
05-04 11:27:06.025 W/Watchdog( 1035): SWT Watchdog after synchronized:1253960
05-04 11:27:06.025 W/Watchdog( 1035): SWT Watchdog before wait timeout:30000
05-04 11:27:06.025 W/Watchdog( 1035): SWT Watchdog before wait current time:1253960
05-04 11:27:06.025 W/Watchdog( 1035): SWT Watchdog before wait start:1253960
05-04 11:27:06.025 W/Watchdog( 1035): SWT Watchdog before wait CHECK_INTERVAL:30000
05-04 11:27:09.245 I/thermal_repeater(  363): oh, queryMdThermalInfo (0)Bad file number
05-04 11:27:09.257 I/thermal_repeater(  363): [recvMdThermalInfo] ret=26, strLen=127,  1, 32767,,, -1, 32767, 18
05-04 11:27:14.260 I/thermal_repeater(  363): oh, queryMdThermalInfo (0)Bad file number
05-04 11:27:14.271 I/thermal_repeater(  363): [recvMdThermalInfo] ret=26, strLen=127,  1, 32767,,, -1, 32767, 18
05-04 11:27:14.425 W/ActivityManager( 1035): getRunningAppProcesses: caller 10094 does not hold REAL_GET_TASKS; limiting output
05-04 11:27:19.275 I/thermal_repeater(  363): oh, queryMdThermalInfo (0)Bad file number
05-04 11:27:19.286 I/thermal_repeater(  363): [recvMdThermalInfo] ret=26, strLen=127,  1, 32767,,, -1, 32767, 18
05-04 11:27:19.384 W/IntentResolver( 1035): resolveIntent: multiple matches, only some with CATEGORY_DEFAULT
05-04 11:27:19.387 W/IntentResolver( 1035): resolveIntent: multiple matches, only some with CATEGORY_DEFAULT
05-04 11:27:19.390 W/IntentResolver( 1035): resolveIntent: multiple matches, only some with CATEGORY_DEFAULT
05-04 11:27:19.394 W/IntentResolver( 1035): resolveIntent: multiple matches, only some with CATEGORY_DEFAULT
05-04 11:27:19.458 W/IntentResolver( 1035): resolveIntent: multiple matches, only some with CATEGORY_DEFAULT
05-04 11:27:19.459 W/IntentResolver( 1035): resolveIntent: multiple matches, only some with CATEGORY_DEFAULT
05-04 11:27:19.460 W/IntentResolver( 1035): resolveIntent: multiple matches, only some with CATEGORY_DEFAULT
05-04 11:27:19.461 W/IntentResolver( 1035): resolveIntent: multiple matches, only some with CATEGORY_DEFAULT
05-04 11:27:22.577 W/IntentResolver( 1035): resolveIntent: multiple matches, only some with CATEGORY_DEFAULT
05-04 11:27:22.578 W/IntentResolver( 1035): resolveIntent: multiple matches, only some with CATEGORY_DEFAULT
05-04 11:27:22.579 W/IntentResolver( 1035): resolveIntent: multiple matches, only some with CATEGORY_DEFAULT
05-04 11:27:22.581 W/IntentResolver( 1035): resolveIntent: multiple matches, only some with CATEGORY_DEFAULT
05-04 11:27:22.595 W/IntentResolver( 1035): resolveIntent: multiple matches, only some with CATEGORY_DEFAULT
05-04 11:27:22.596 W/IntentResolver( 1035): resolveIntent: multiple matches, only some with CATEGORY_DEFAULT
05-04 11:27:22.597 W/IntentResolver( 1035): resolveIntent: multiple matches, only some with CATEGORY_DEFAULT
05-04 11:27:22.598 W/IntentResolver( 1035): resolveIntent: multiple matches, only some with CATEGORY_DEFAULT
05-04 11:27:24.291 I/thermal_repeater(  363): oh, queryMdThermalInfo (0)Bad file number
05-04 11:27:24.302 I/thermal_repeater(  363): [recvMdThermalInfo] ret=26, strLen=127,  1, 32767,,, -1, 32767, 18
05-04 11:27:29.306 I/thermal_repeater(  363): oh, queryMdThermalInfo (0)Bad file number
05-04 11:27:29.317 I/thermal_repeater(  363): [recvMdThermalInfo] ret=26, strLen=127,  1, 32767,,, -1, 32767, 18
05-04 11:27:34.322 I/thermal_repeater(  363): oh, queryMdThermalInfo (0)Bad file number
05-04 11:27:34.333 I/thermal_repeater(  363): [recvMdThermalInfo] ret=26, strLen=127,  1, 32767,,, -1, 32767, 18
05-04 11:27:36.026 W/Watchdog( 1035): SWT Watchdog after wait current time:1283961
05-04 11:27:36.026 W/Watchdog( 1035): **Get SF Time **1
05-04 11:27:36.026 W/Watchdog( 1035): SWT Watchdog before synchronized:1283961
05-04 11:27:36.026 W/Watchdog( 1035): SWT Watchdog after synchronized:1283961
05-04 11:27:36.026 W/Watchdog( 1035): SWT Watchdog before wait timeout:30000
05-04 11:27:36.027 W/Watchdog( 1035): SWT Watchdog before wait current time:1283962
05-04 11:27:36.027 W/Watchdog( 1035): SWT Watchdog before wait start:1283962
05-04 11:27:36.027 W/Watchdog( 1035): SWT Watchdog before wait CHECK_INTERVAL:30000
05-04 11:27:39.335 I/thermal_repeater(  363): oh, queryMdThermalInfo (0)Bad file number
05-04 11:27:39.342 I/thermal_repeater(  363): [recvMdThermalInfo] ret=26, strLen=127,  1, 32767,,, -1, 32767, 18
05-04 11:27:44.346 I/thermal_repeater(  363): oh, queryMdThermalInfo (0)Bad file number
05-04 11:27:44.358 I/thermal_repeater(  363): [recvMdThermalInfo] ret=26, strLen=127,  1, 32767,,, -1, 32767, 18
05-04 11:27:44.425 W/ActivityManager( 1035): getRunningAppProcesses: caller 10094 does not hold REAL_GET_TASKS; limiting output
05-04 11:27:49.364 I/thermal_repeater(  363): oh, queryMdThermalInfo (0)Bad file number
05-04 11:27:49.374 I/thermal_repeater(  363): [recvMdThermalInfo] ret=26, strLen=127,  1, 32767,,, -1, 32767, 18
05-04 11:27:54.381 I/thermal_repeater(  363): oh, queryMdThermalInfo (0)Bad file number
05-04 11:27:54.392 I/thermal_repeater(  363): [recvMdThermalInfo] ret=26, strLen=127,  1, 32767,,, -1, 32767, 18
05-04 11:27:59.397 I/thermal_repeater(  363): oh, queryMdThermalInfo (0)Bad file number
05-04 11:27:59.408 I/thermal_repeater(  363): [recvMdThermalInfo] ret=26, strLen=127,  1, 32767,,, -1, 32767, 18
05-04 11:28:04.414 I/thermal_repeater(  363): oh, queryMdThermalInfo (0)Bad file number
05-04 11:28:04.425 I/thermal_repeater(  363): [recvMdThermalInfo] ret=26, strLen=127,  1, 32767,,, -1, 32767, 18
05-04 11:28:06.027 W/Watchdog( 1035): SWT Watchdog after wait current time:1313962
05-04 11:28:06.027 W/Watchdog( 1035): **Get SF Time **1
05-04 11:28:06.028 W/Watchdog( 1035): SWT Watchdog before synchronized:1313963
05-04 11:28:06.028 W/Watchdog( 1035): SWT Watchdog after synchronized:1313963
05-04 11:28:06.028 W/Watchdog( 1035): SWT Watchdog before wait timeout:30000
05-04 11:28:06.028 W/Watchdog( 1035): SWT Watchdog before wait current time:1313963
05-04 11:28:06.028 W/Watchdog( 1035): SWT Watchdog before wait start:1313963
05-04 11:28:06.028 W/Watchdog( 1035): SWT Watchdog before wait CHECK_INTERVAL:30000
05-04 11:28:09.432 I/thermal_repeater(  363): oh, queryMdThermalInfo (0)Bad file number
05-04 11:28:09.443 I/thermal_repeater(  363): [recvMdThermalInfo] ret=26, strLen=127,  1, 32767,,, -1, 32767, 18
05-04 11:28:14.427 W/ActivityManager( 1035): getRunningAppProcesses: caller 10094 does not hold REAL_GET_TASKS; limiting output
05-04 11:28:14.446 I/thermal_repeater(  363): oh, queryMdThermalInfo (0)Bad file number
05-04 11:28:14.456 I/thermal_repeater(  363): [recvMdThermalInfo] ret=26, strLen=127,  1, 32767,,, -1, 32767, 18
05-04 11:28:19.463 I/thermal_repeater(  363): oh, queryMdThermalInfo (0)Bad file number
05-04 11:28:19.474 I/thermal_repeater(  363): [recvMdThermalInfo] ret=26, strLen=127,  1, 32767,,, -1, 32767, 18
05-04 11:28:24.481 I/thermal_repeater(  363): oh, queryMdThermalInfo (0)Bad file number
05-04 11:28:24.493 I/thermal_repeater(  363): [recvMdThermalInfo] ret=26, strLen=127,  1, 32767,,, -1, 32767, 18
05-04 11:28:29.499 I/thermal_repeater(  363): oh, queryMdThermalInfo (0)Bad file number
05-04 11:28:29.510 I/thermal_repeater(  363): [recvMdThermalInfo] ret=26, strLen=127,  1, 32767,,, -1, 32767, 18
05-04 11:28:34.516 I/thermal_repeater(  363): oh, queryMdThermalInfo (0)Bad file number
05-04 11:28:34.526 I/thermal_repeater(  363): [recvMdThermalInfo] ret=26, strLen=127,  1, 32767,,, -1, 32767, 18
05-04 11:28:36.028 W/Watchdog( 1035): SWT Watchdog after wait current time:1343964
05-04 11:28:36.029 W/Watchdog( 1035): **Get SF Time **1
05-04 11:28:36.029 W/Watchdog( 1035): SWT Watchdog before synchronized:1343964
05-04 11:28:36.029 W/Watchdog( 1035): SWT Watchdog after synchronized:1343964
05-04 11:28:36.029 W/Watchdog( 1035): SWT Watchdog before wait timeout:30000
05-04 11:28:36.029 W/Watchdog( 1035): SWT Watchdog before wait current time:1343965
05-04 11:28:36.029 W/Watchdog( 1035): SWT Watchdog before wait start:1343964
05-04 11:28:36.029 W/Watchdog( 1035): SWT Watchdog before wait CHECK_INTERVAL:30000
05-04 11:28:39.530 I/thermal_repeater(  363): oh, queryMdThermalInfo (0)Bad file number
05-04 11:28:39.541 I/thermal_repeater(  363): [recvMdThermalInfo] ret=26, strLen=127,  1, 32767,,, -1, 32767, 18
05-04 11:28:44.429 W/ActivityManager( 1035): getRunningAppProcesses: caller 10094 does not hold REAL_GET_TASKS; limiting output
05-04 11:28:44.545 I/thermal_repeater(  363): oh, queryMdThermalInfo (0)Bad file number
05-04 11:28:44.557 I/thermal_repeater(  363): [recvMdThermalInfo] ret=26, strLen=127,  1, 32767,,, -1, 32767, 18
05-04 11:28:49.561 I/thermal_repeater(  363): oh, queryMdThermalInfo (0)Bad file number
05-04 11:28:49.570 I/thermal_repeater(  363): [recvMdThermalInfo] ret=26, strLen=127,  1, 32767,,, -1, 32767, 18
05-04 11:28:54.580 I/thermal_repeater(  363): oh, queryMdThermalInfo (0)Bad file number
05-04 11:28:54.587 I/thermal_repeater(  363): [recvMdThermalInfo] ret=26, strLen=127,  1, 32767,,, -1, 32767, 18
05-04 11:28:59.591 I/thermal_repeater(  363): oh, queryMdThermalInfo (0)Bad file number
05-04 11:28:59.602 I/thermal_repeater(  363): [recvMdThermalInfo] ret=26, strLen=127,  1, 32767,,, -1, 32767, 18
05-04 11:29:04.609 I/thermal_repeater(  363): oh, queryMdThermalInfo (0)Bad file number
05-04 11:29:04.619 I/thermal_repeater(  363): [recvMdThermalInfo] ret=26, strLen=127,  1, 32767,,, -1, 32767, 18
05-04 11:29:06.030 W/Watchdog( 1035): SWT Watchdog after wait current time:1373965
05-04 11:29:06.030 W/Watchdog( 1035): **Get SF Time **1
05-04 11:29:06.030 W/Watchdog( 1035): SWT Watchdog before synchronized:1373965
05-04 11:29:06.030 W/Watchdog( 1035): SWT Watchdog after synchronized:1373965
05-04 11:29:06.030 W/Watchdog( 1035): SWT Watchdog before wait timeout:30000
05-04 11:29:06.030 W/Watchdog( 1035): SWT Watchdog before wait current time:1373965
05-04 11:29:06.030 W/Watchdog( 1035): SWT Watchdog before wait start:1373965
05-04 11:29:06.030 W/Watchdog( 1035): SWT Watchdog before wait CHECK_INTERVAL:30000
05-04 11:29:09.625 I/thermal_repeater(  363): oh, queryMdThermalInfo (0)Bad file number
05-04 11:29:09.637 I/thermal_repeater(  363): [recvMdThermalInfo] ret=26, strLen=127,  1, 32767,,, -1, 32767, 18
05-04 11:29:14.426 W/ActivityManager( 1035): getRunningAppProcesses: caller 10094 does not hold REAL_GET_TASKS; limiting output
05-04 11:29:14.643 I/thermal_repeater(  363): oh, queryMdThermalInfo (0)Bad file number
05-04 11:29:14.657 I/thermal_repeater(  363): [recvMdThermalInfo] ret=26, strLen=127,  1, 32767,,, -1, 32767, 18
05-04 11:29:19.663 I/thermal_repeater(  363): oh, queryMdThermalInfo (0)Bad file number
05-04 11:29:19.671 I/thermal_repeater(  363): [recvMdThermalInfo] ret=26, strLen=127,  1, 32767,,, -1, 32767, 18
05-04 11:29:22.695 W/IntentResolver( 1035): resolveIntent: multiple matches, only some with CATEGORY_DEFAULT
05-04 11:29:22.697 W/IntentResolver( 1035): resolveIntent: multiple matches, only some with CATEGORY_DEFAULT
05-04 11:29:22.699 W/IntentResolver( 1035): resolveIntent: multiple matches, only some with CATEGORY_DEFAULT
05-04 11:29:22.701 W/IntentResolver( 1035): resolveIntent: multiple matches, only some with CATEGORY_DEFAULT
05-04 11:29:22.834 W/IntentResolver( 1035): resolveIntent: multiple matches, only some with CATEGORY_DEFAULT
05-04 11:29:22.835 W/IntentResolver( 1035): resolveIntent: multiple matches, only some with CATEGORY_DEFAULT
05-04 11:29:22.837 W/IntentResolver( 1035): resolveIntent: multiple matches, only some with CATEGORY_DEFAULT
05-04 11:29:22.838 W/IntentResolver( 1035): resolveIntent: multiple matches, only some with CATEGORY_DEFAULT
05-04 11:29:24.677 I/thermal_repeater(  363): oh, queryMdThermalInfo (0)Bad file number
05-04 11:29:24.684 I/thermal_repeater(  363): [recvMdThermalInfo] ret=26, strLen=127,  1, 32767,,, -1, 32767, 18
05-04 11:29:25.206 I/ActivityManager( 1035): Force stopping com.xinhe.ocr appid=10426 user=0: from pid 8207
05-04 11:29:25.206 I/ActivityManager( 1035): Killing 7411:com.xinhe.ocr/u0a426 (adj 9): stop com.xinhe.ocr
05-04 11:29:25.209 I/ActivityManager( 1035):   Force finishing activity 3 ActivityRecord{2841a93f u0 com.xinhe.ocr/.SplashActivity t3037}
05-04 11:29:25.210 I/ActivityManager( 1035):   Force finishing activity 3 ActivityRecord{2a79f0f6 u0 com.xinhe.ocr/.one.activity.MainActivity t3037}
05-04 11:29:25.211 I/ActivityManager( 1035):   Force finishing activity 3 ActivityRecord{36e653ef u0 com.xinhe.ocr/.two.activity.credit.CreditLendActivity t3037}
05-04 11:29:25.212 I/ActivityManager( 1035):   Force finishing activity 3 ActivityRecord{1876cee8 u0 com.xinhe.ocr/.two.activity.credit.customer_consult_info.CustomerConsultationInfoFirstActivity t3037}
05-04 11:29:25.833 I/ActivityManager( 1035): Force stopping com.xinhe.ocr appid=10426 user=0: clear data
05-04 11:29:25.927 W/IntentResolver( 1035): resolveIntent: multiple matches, only some with CATEGORY_DEFAULT
05-04 11:29:25.929 W/IntentResolver( 1035): resolveIntent: multiple matches, only some with CATEGORY_DEFAULT
05-04 11:29:25.930 W/IntentResolver( 1035): resolveIntent: multiple matches, only some with CATEGORY_DEFAULT
05-04 11:29:25.931 W/IntentResolver( 1035): resolveIntent: multiple matches, only some with CATEGORY_DEFAULT
05-04 11:29:25.947 W/IntentResolver( 1035): resolveIntent: multiple matches, only some with CATEGORY_DEFAULT
05-04 11:29:25.948 W/IntentResolver( 1035): resolveIntent: multiple matches, only some with CATEGORY_DEFAULT
05-04 11:29:25.949 W/IntentResolver( 1035): resolveIntent: multiple matches, only some with CATEGORY_DEFAULT
05-04 11:29:25.950 W/IntentResolver( 1035): resolveIntent: multiple matches, only some with CATEGORY_DEFAULT
05-04 11:29:26.643 I/PackageManager( 1035): init_copy idx=0: InstallParams{700f760 file=/data/local/tmp/UnicodeIME-debug.apk cid=null}
05-04 11:29:26.648 I/PackageManager( 1035): mcs_bound
05-04 11:29:26.648 I/PackageManager( 1035): startCopy UserHandle{-1}: InstallParams{700f760 file=/data/local/tmp/UnicodeIME-debug.apk cid=null}
05-04 11:29:26.661 I/PackageManager( 1035): Apk copy done
05-04 11:29:26.661 I/PackageManager( 1035): Start parsing apk: null
05-04 11:29:26.664 I/PackageManager( 1035): Parsing done for apk: null
05-04 11:29:26.676 I/PackageManager( 1035): Start installation for package: null
05-04 11:29:26.676 W/PackageManager( 1035): Attempt to re-install io.appium.android.ime without first uninstalling.
05-04 11:29:26.676 I/PackageManager( 1035): Installation done for package: null
05-04 11:29:27.691 I/PackageManager( 1035): mcs_check
05-04 11:29:27.691 I/PackageManager( 1035): mcs_check(true, 1)
05-04 11:29:29.437 I/PackageParser( 1035): io.appium.settings: compat added android.permission.WRITE_EXTERNAL_STORAGE
05-04 11:29:29.446 I/PackageManager( 1035): init_copy idx=0: InstallParams{20bda5af file=/data/local/tmp/settings_apk-debug.apk cid=null}
05-04 11:29:29.446 I/PackageManager( 1035): mcs_bound
05-04 11:29:29.446 I/PackageManager( 1035): startCopy UserHandle{-1}: InstallParams{20bda5af file=/data/local/tmp/settings_apk-debug.apk cid=null}
05-04 11:29:29.457 I/PackageManager( 1035): Apk copy done
05-04 11:29:29.457 I/PackageManager( 1035): Start parsing apk: null
05-04 11:29:29.460 I/PackageParser( 1035): io.appium.settings: compat added android.permission.WRITE_EXTERNAL_STORAGE
05-04 11:29:29.460 I/PackageManager( 1035): Parsing done for apk: null
05-04 11:29:29.473 I/PackageManager( 1035): Start installation for package: null
05-04 11:29:29.473 W/PackageManager( 1035): Attempt to re-install io.appium.settings without first uninstalling.
05-04 11:29:29.473 I/PackageManager( 1035): Installation done for package: null
05-04 11:29:29.689 I/thermal_repeater(  363): oh, queryMdThermalInfo (0)Bad file number
05-04 11:29:29.697 I/thermal_repeater(  363): [recvMdThermalInfo] ret=26, strLen=127,  1, 32767,,, -1, 32767, 18
05-04 11:29:30.333 I/PackageManager( 1035): init_copy idx=0: InstallParams{1388923e file=/data/local/tmp/unlock_apk-debug.apk cid=null}
05-04 11:29:30.333 I/PackageManager( 1035): mcs_bound
05-04 11:29:30.333 I/PackageManager( 1035): startCopy UserHandle{-1}: InstallParams{1388923e file=/data/local/tmp/unlock_apk-debug.apk cid=null}
05-04 11:29:30.345 I/PackageManager( 1035): Apk copy done
05-04 11:29:30.345 I/PackageManager( 1035): Start parsing apk: null
05-04 11:29:30.348 I/PackageManager( 1035): Parsing done for apk: null
05-04 11:29:30.361 I/PackageManager( 1035): Start installation for package: null
05-04 11:29:30.362 W/PackageManager( 1035): Attempt to re-install io.appium.unlock without first uninstalling.
05-04 11:29:30.362 I/PackageManager( 1035): Installation done for package: null
05-04 11:29:31.122 W/WindowManager( 1035): Attempted to remove non-existing token: android.os.Binder@5a5f789
05-04 11:29:31.125 W/ActivityManager( 1035): getRunningAppProcesses: caller 10113 does not hold REAL_GET_TASKS; limiting output
05-04 11:29:31.131 I/ActivityManager( 1035): Controller Pid : 0
05-04 11:29:31.133 W/ActivityManager( 1035): getRunningAppProcesses: caller 10113 does not hold REAL_GET_TASKS; limiting output
05-04 11:29:31.818 I/ActivityManager( 1035): Force stopping com.xinhe.ocr appid=10426 user=0: from pid 8379
05-04 11:29:32.073 I/ActivityManager( 1035): START u0 {act=android.intent.action.MAIN cat=[android.intent.category.LAUNCHER] flg=0x10200000 cmp=com.xinhe.ocr/.SplashActivity} from uid 2000 on display 0 from pid 8379
05-04 11:29:32.120 I/WindowManager( 1035): Losing focus: Window{7391f44 u0 com.meizu.flyme.launcher/com.meizu.flyme.launcher.Launcher}
05-04 11:29:32.135 I/ActivityManager( 1035): Start proc 8395:com.xinhe.ocr/u0a426 for activity com.xinhe.ocr/.SplashActivity
05-04 11:29:32.184 W/ActivityThread( 8395): Application com.xinhe.ocr can be debugged on port 8100...
05-04 11:29:32.604 I/WindowManager( 1035): Gaining focus: Window{334f5277 u0 com.xinhe.ocr/com.xinhe.ocr.SplashActivity}
05-04 11:29:34.701 I/thermal_repeater(  363): oh, queryMdThermalInfo (0)Bad file number
05-04 11:29:34.709 I/thermal_repeater(  363): [recvMdThermalInfo] ret=26, strLen=127,  1, 32767,,, -1, 32767, 18
05-04 11:29:36.030 W/Watchdog( 1035): SWT Watchdog after wait current time:1403965
05-04 11:29:36.030 W/Watchdog( 1035): **Get SF Time **1
05-04 11:29:36.030 W/Watchdog( 1035): SWT Watchdog before synchronized:1403966
05-04 11:29:36.031 W/Watchdog( 1035): SWT Watchdog after synchronized:1403966
05-04 11:29:36.031 W/Watchdog( 1035): SWT Watchdog before wait timeout:30000
05-04 11:29:36.031 W/Watchdog( 1035): SWT Watchdog before wait current time:1403966
05-04 11:29:36.031 W/Watchdog( 1035): SWT Watchdog before wait start:1403966
05-04 11:29:36.031 W/Watchdog( 1035): SWT Watchdog before wait CHECK_INTERVAL:30000
05-04 11:29:39.716 I/thermal_repeater(  363): oh, queryMdThermalInfo (0)Bad file number
05-04 11:29:39.726 I/thermal_repeater(  363): [recvMdThermalInfo] ret=26, strLen=127,  1, 32767,,, -1, 32767, 18
05-04 11:29:40.385 I/PackageManager( 1035): mcs_unbind
05-04 11:29:40.385 I/PackageManager( 1035): calling disconnectService()
05-04 11:29:41.801 I/NetworkStatsRecorder( 1035): recordSnapshotLocked: ident[[{type=WIFI, subType=COMBINED, networkId=RJYFZX-Wifi-02}]]
05-04 11:29:41.802 W/NetworkStatsRecorder( 1035): unknown interfaces [lo, p2p0], ignoring those stats
05-04 11:29:41.802 I/NetworkStatsRecorder( 1035): recordSnapshotLocked: ident[[{type=WIFI, subType=COMBINED, networkId=RJYFZX-Wifi-02}]]
05-04 11:29:41.802 W/NetworkStatsRecorder( 1035): unknown interfaces [lo, p2p0], ignoring those stats
05-04 11:29:41.802 I/NetworkStatsRecorder( 1035): recordSnapshotLocked: ident[[{type=WIFI, subType=COMBINED, networkId=RJYFZX-Wifi-02}]]
05-04 11:29:41.802 I/NetworkStatsRecorder( 1035): recordSnapshotLocked: ident[[{type=WIFI, subType=COMBINED, networkId=RJYFZX-Wifi-02}]]
05-04 11:29:41.802 I/NetworkStatsRecorder( 1035): recordSnapshotLocked: ident[[{type=WIFI, subType=COMBINED, networkId=RJYFZX-Wifi-02}]]
05-04 11:29:41.802 I/NetworkStatsRecorder( 1035): recordSnapshotLocked: ident[[{type=WIFI, subType=COMBINED, networkId=RJYFZX-Wifi-02}]]
05-04 11:29:41.803 I/NetworkStatsRecorder( 1035): recordSnapshotLocked: ident[[{type=WIFI, subType=COMBINED, networkId=RJYFZX-Wifi-02}]]
05-04 11:29:41.803 I/NetworkStatsRecorder( 1035): recordSnapshotLocked: ident[[{type=WIFI, subType=COMBINED, networkId=RJYFZX-Wifi-02}]]
05-04 11:29:41.803 I/NetworkStatsRecorder( 1035): recordSnapshotLocked: ident[[{type=WIFI, subType=COMBINED, networkId=RJYFZX-Wifi-02}]]
05-04 11:29:41.803 I/NetworkStatsRecorder( 1035): recordSnapshotLocked: ident[[{type=WIFI, subType=COMBINED, networkId=RJYFZX-Wifi-02}]]
05-04 11:29:41.803 I/NetworkStatsRecorder( 1035): recordSnapshotLocked: ident[[{type=WIFI, subType=COMBINED, networkId=RJYFZX-Wifi-02}]]
05-04 11:29:41.803 I/NetworkStatsRecorder( 1035): recordSnapshotLocked: ident[[{type=WIFI, subType=COMBINED, networkId=RJYFZX-Wifi-02}]]
05-04 11:29:41.803 I/NetworkStatsRecorder( 1035): recordSnapshotLocked: ident[[{type=WIFI, subType=COMBINED, networkId=RJYFZX-Wifi-02}]]
05-04 11:29:41.803 I/NetworkStatsRecorder( 1035): recordSnapshotLocked: ident[[{type=WIFI, subType=COMBINED, networkId=RJYFZX-Wifi-02}]]
05-04 11:29:41.803 W/NetworkStatsRecorder( 1035): unknown interfaces [lo, p2p0], ignoring those stats
05-04 11:29:41.804 I/NetworkStatsRecorder( 1035): recordSnapshotLocked: ident[[{type=WIFI, subType=COMBINED, networkId=RJYFZX-Wifi-02}]]
05-04 11:29:41.805 W/NetworkStatsRecorder( 1035): unknown interfaces [lo, p2p0], ignoring those stats
05-04 11:29:44.427 W/ActivityManager( 1035): getRunningAppProcesses: caller 10094 does not hold REAL_GET_TASKS; limiting output
05-04 11:29:44.732 I/thermal_repeater(  363): oh, queryMdThermalInfo (0)Bad file number
05-04 11:29:44.741 I/thermal_repeater(  363): [recvMdThermalInfo] ret=26, strLen=127,  1, 32767,,, -1, 32767, 18
05-04 11:29:49.745 I/thermal_repeater(  363): oh, queryMdThermalInfo (0)Bad file number
05-04 11:29:49.753 I/thermal_repeater(  363): [recvMdThermalInfo] ret=26, strLen=127,  1, 32767,,, -1, 32767, 18
05-04 11:29:49.898 I/ActivityManager( 1035): START u0 {cmp=com.xinhe.ocr/.one.activity.LoginActivity} from uid 10426 on display 0 from pid 8395
05-04 11:29:49.905 I/WindowManager( 1035): Losing focus: Window{334f5277 u0 com.xinhe.ocr/com.xinhe.ocr.SplashActivity}
05-04 11:29:50.106 I/WindowManager( 1035): Gaining focus: Window{2ce8196f u0 com.xinhe.ocr/com.xinhe.ocr.one.activity.LoginActivity}
05-04 11:29:50.511 W/ActivityManager( 1035): getRunningAppProcesses: caller 10426 does not hold REAL_GET_TASKS; limiting output
05-04 11:29:54.757 I/thermal_repeater(  363): oh, queryMdThermalInfo (0)Bad file number
05-04 11:29:54.765 I/thermal_repeater(  363): [recvMdThermalInfo] ret=26, strLen=127,  1, 32767,,, -1, 32767, 18
05-04 11:29:57.192 I/NetworkStatsRecorder( 1035): recordSnapshotLocked: ident[[{type=WIFI, subType=COMBINED, networkId=RJYFZX-Wifi-02}]]
05-04 11:29:57.192 W/NetworkStatsRecorder( 1035): unknown interfaces [lo, p2p0], ignoring those stats
05-04 11:29:57.192 I/NetworkStatsRecorder( 1035): recordSnapshotLocked: ident[[{type=WIFI, subType=COMBINED, networkId=RJYFZX-Wifi-02}]]
05-04 11:29:57.192 W/NetworkStatsRecorder( 1035): unknown interfaces [lo, p2p0], ignoring those stats
05-04 11:29:57.193 I/NetworkStatsRecorder( 1035): recordSnapshotLocked: ident[[{type=WIFI, subType=COMBINED, networkId=RJYFZX-Wifi-02}]]
05-04 11:29:57.193 I/NetworkStatsRecorder( 1035): recordSnapshotLocked: ident[[{type=WIFI, subType=COMBINED, networkId=RJYFZX-Wifi-02}]]
05-04 11:29:57.193 W/NetworkStatsRecorder( 1035): unknown interfaces [lo, p2p0], ignoring those stats
05-04 11:29:57.193 W/NetworkStatsRecorder( 1035): unknown interfaces [lo, p2p0], ignoring those stats
05-04 11:29:59.768 I/thermal_repeater(  363): oh, queryMdThermalInfo (0)Bad file number
05-04 11:29:59.780 I/thermal_repeater(  363): [recvMdThermalInfo] ret=26, strLen=127,  1, 32767,,, -1, 32767, 18
05-04 11:30:04.785 I/thermal_repeater(  363): oh, queryMdThermalInfo (0)Bad file number
05-04 11:30:04.795 I/thermal_repeater(  363): [recvMdThermalInfo] ret=26, strLen=127,  1, 32767,,, -1, 32767, 18
05-04 11:30:05.534 I/WindowManager( 1035): Gaining focus: Window{1c4e3f7b u0 com.xinhe.ocr/com.xinhe.ocr.one.activity.LoginActivity}
05-04 11:30:05.827 I/WindowManager( 1035): Gaining focus: Window{1ff75857 u0 com.xinhe.ocr/com.xinhe.ocr.one.activity.LoginActivity}
05-04 11:30:06.031 W/Watchdog( 1035): SWT Watchdog after wait current time:1433966
05-04 11:30:06.032 W/Watchdog( 1035): **Get SF Time **1
05-04 11:30:06.032 W/Watchdog( 1035): SWT Watchdog before synchronized:1433968
05-04 11:30:06.032 W/Watchdog( 1035): SWT Watchdog after synchronized:1433968
05-04 11:30:06.033 W/Watchdog( 1035): SWT Watchdog before wait timeout:30000
05-04 11:30:06.033 W/Watchdog( 1035): SWT Watchdog before wait current time:1433968
05-04 11:30:06.033 W/Watchdog( 1035): SWT Watchdog before wait start:1433968
05-04 11:30:06.033 W/Watchdog( 1035): SWT Watchdog before wait CHECK_INTERVAL:30000
05-04 11:30:06.827 I/ActivityManager( 1035): START u0 {cmp=com.xinhe.ocr/.one.activity.MainActivity (has extras)} from uid 10426 on display 0 from pid 8395
05-04 11:30:06.832 I/WindowManager( 1035): Losing focus: Window{1ff75857 u0 com.xinhe.ocr/com.xinhe.ocr.one.activity.LoginActivity}
05-04 11:30:06.983 I/WindowManager( 1035): Gaining focus: Window{312cafe5 u0 com.xinhe.ocr/com.xinhe.ocr.one.activity.MainActivity}
05-04 11:30:07.361 W/ActivityManager( 1035): getRunningAppProcesses: caller 10426 does not hold REAL_GET_TASKS; limiting output
05-04 11:30:09.367 I/ActivityManager( 1035): START u0 {cmp=com.xinhe.ocr/.two.activity.credit.CreditLendActivity} from uid 10426 on display 0 from pid 8395
05-04 11:30:09.371 I/WindowManager( 1035): Losing focus: Window{312cafe5 u0 com.xinhe.ocr/com.xinhe.ocr.one.activity.MainActivity}
05-04 11:30:09.467 I/WindowManager( 1035): Gaining focus: Window{14c9f69d u0 com.xinhe.ocr/com.xinhe.ocr.two.activity.credit.CreditLendActivity}
05-04 11:30:09.801 I/thermal_repeater(  363): oh, queryMdThermalInfo (0)Bad file number
05-04 11:30:09.811 I/thermal_repeater(  363): [recvMdThermalInfo] ret=26, strLen=127,  1, 32767,,, -1, 32767, 18
05-04 11:30:09.869 W/ActivityManager( 1035): getRunningAppProcesses: caller 10426 does not hold REAL_GET_TASKS; limiting output
05-04 11:30:10.719 I/ActivityManager( 1035): START u0 {cmp=com.xinhe.ocr/.two.activity.credit.customer_consult_info.CustomerConsultationInfoFirstActivity} from uid 10426 on display 0 from pid 8395
05-04 11:30:10.724 I/WindowManager( 1035): Losing focus: Window{14c9f69d u0 com.xinhe.ocr/com.xinhe.ocr.two.activity.credit.CreditLendActivity}
05-04 11:30:10.911 I/WindowManager( 1035): Gaining focus: Window{6e3825e u0 com.xinhe.ocr/com.xinhe.ocr.two.activity.credit.customer_consult_info.CustomerConsultationInfoFirstActivity}
05-04 11:30:11.327 W/ActivityManager( 1035): getRunningAppProcesses: caller 10426 does not hold REAL_GET_TASKS; limiting output
05-04 11:30:12.209 I/NetworkStatsRecorder( 1035): recordSnapshotLocked: ident[[{type=WIFI, subType=COMBINED, networkId=RJYFZX-Wifi-02}]]
05-04 11:30:12.209 W/NetworkStatsRecorder( 1035): unknown interfaces [lo, p2p0], ignoring those stats
05-04 11:30:12.209 I/NetworkStatsRecorder( 1035): recordSnapshotLocked: ident[[{type=WIFI, subType=COMBINED, networkId=RJYFZX-Wifi-02}]]
05-04 11:30:12.209 W/NetworkStatsRecorder( 1035): unknown interfaces [lo, p2p0], ignoring those stats
05-04 11:30:12.209 I/NetworkStatsRecorder( 1035): recordSnapshotLocked: ident[[{type=WIFI, subType=COMBINED, networkId=RJYFZX-Wifi-02}]]
05-04 11:30:12.210 I/NetworkStatsRecorder( 1035): recordSnapshotLocked: ident[[{type=WIFI, subType=COMBINED, networkId=RJYFZX-Wifi-02}]]
05-04 11:30:12.210 I/NetworkStatsRecorder( 1035): recordSnapshotLocked: ident[[{type=WIFI, subType=COMBINED, networkId=RJYFZX-Wifi-02}]]
05-04 11:30:12.210 W/NetworkStatsRecorder( 1035): unknown interfaces [lo, p2p0], ignoring those stats
05-04 11:30:12.210 W/NetworkStatsRecorder( 1035): unknown interfaces [lo, p2p0], ignoring those stats
05-04 11:30:14.427 W/ActivityManager( 1035): getRunningAppProcesses: caller 10094 does not hold REAL_GET_TASKS; limiting output
05-04 11:30:14.815 I/thermal_repeater(  363): oh, queryMdThermalInfo (0)Bad file number
05-04 11:30:14.823 I/thermal_repeater(  363): [recvMdThermalInfo] ret=26, strLen=127,  1, 32767,,, -1, 32767, 18
05-04 11:30:19.825 I/thermal_repeater(  363): oh, queryMdThermalInfo (0)Bad file number
05-04 11:30:19.836 I/thermal_repeater(  363): [recvMdThermalInfo] ret=26, strLen=127,  1, 32767,,, -1, 32767, 18
05-04 11:30:23.712 I/NetworkStatsRecorder( 1035): recordSnapshotLocked: ident[[{type=WIFI, subType=COMBINED, networkId=RJYFZX-Wifi-02}]]
05-04 11:30:23.712 W/NetworkStatsRecorder( 1035): unknown interfaces [lo, p2p0], ignoring those stats
05-04 11:30:23.712 I/NetworkStatsRecorder( 1035): recordSnapshotLocked: ident[[{type=WIFI, subType=COMBINED, networkId=RJYFZX-Wifi-02}]]
05-04 11:30:23.712 W/NetworkStatsRecorder( 1035): unknown interfaces [lo, p2p0], ignoring those stats
05-04 11:30:23.712 I/NetworkStatsRecorder( 1035): recordSnapshotLocked: ident[[{type=WIFI, subType=COMBINED, networkId=RJYFZX-Wifi-02}]]
05-04 11:30:23.712 I/NetworkStatsRecorder( 1035): recordSnapshotLocked: ident[[{type=WIFI, subType=COMBINED, networkId=RJYFZX-Wifi-02}]]
05-04 11:30:23.713 W/NetworkStatsRecorder( 1035): unknown interfaces [lo, p2p0], ignoring those stats
05-04 11:30:23.713 W/NetworkStatsRecorder( 1035): unknown interfaces [lo, p2p0], ignoring those stats
05-04 11:30:24.632 I/WindowManager( 1035): Gaining focus: Window{352d3210 u0 com.xinhe.ocr/com.xinhe.ocr.two.activity.credit.customer_consult_info.CustomerConsultationInfoFirstActivity}
05-04 11:30:24.844 I/thermal_repeater(  363): oh, queryMdThermalInfo (0)Bad file number
05-04 11:30:24.853 I/thermal_repeater(  363): [recvMdThermalInfo] ret=26, strLen=127,  1, 32767,,, -1, 32767, 18
05-04 11:30:25.538 I/WindowManager( 1035): Gaining focus: Window{6e3825e u0 com.xinhe.ocr/com.xinhe.ocr.two.activity.credit.customer_consult_info.CustomerConsultationInfoFirstActivity}
05-04 11:30:25.538 I/WindowManager( 1035): Losing focus: Window{352d3210 u0 com.xinhe.ocr/com.xinhe.ocr.two.activity.credit.customer_consult_info.CustomerConsultationInfoFirstActivity EXITING}
05-04 11:30:25.545 W/InputMethodManagerService( 1035): Window already focused, ignoring focus gain of: com.android.internal.view.IInputMethodClient$Stub$Proxy@169b5f3c attribute=null, token = android.os.BinderProxy@26d45f99
05-04 11:30:29.859 I/thermal_repeater(  363): oh, queryMdThermalInfo (0)Bad file number
05-04 11:30:29.867 I/thermal_repeater(  363): [recvMdThermalInfo] ret=26, strLen=127,  1, 32767,,, -1, 32767, 18
05-04 11:30:34.470 I/NetworkStatsRecorder( 1035): recordSnapshotLocked: ident[[{type=WIFI, subType=COMBINED, networkId=RJYFZX-Wifi-02}]]
05-04 11:30:34.471 W/NetworkStatsRecorder( 1035): unknown interfaces [lo, p2p0], ignoring those stats
05-04 11:30:34.471 I/NetworkStatsRecorder( 1035): recordSnapshotLocked: ident[[{type=WIFI, subType=COMBINED, networkId=RJYFZX-Wifi-02}]]
05-04 11:30:34.471 W/NetworkStatsRecorder( 1035): unknown interfaces [lo, p2p0], ignoring those stats
05-04 11:30:34.471 I/NetworkStatsRecorder( 1035): recordSnapshotLocked: ident[[{type=WIFI, subType=COMBINED, networkId=RJYFZX-Wifi-02}]]
05-04 11:30:34.471 I/NetworkStatsRecorder( 1035): recordSnapshotLocked: ident[[{type=WIFI, subType=COMBINED, networkId=RJYFZX-Wifi-02}]]
05-04 11:30:34.471 I/NetworkStatsRecorder( 1035): recordSnapshotLocked: ident[[{type=WIFI, subType=COMBINED, networkId=RJYFZX-Wifi-02}]]
05-04 11:30:34.471 W/NetworkStatsRecorder( 1035): unknown interfaces [lo, p2p0], ignoring those stats
05-04 11:30:34.472 W/NetworkStatsRecorder( 1035): unknown interfaces [lo, p2p0], ignoring those stats
05-04 11:30:34.872 I/thermal_repeater(  363): oh, queryMdThermalInfo (0)Bad file number
05-04 11:30:34.879 I/thermal_repeater(  363): [recvMdThermalInfo] ret=26, strLen=127,  1, 32767,,, -1, 32767, 18
05-04 11:30:36.033 W/Watchdog( 1035): SWT Watchdog after wait current time:1463968
05-04 11:30:36.033 W/Watchdog( 1035): **Get SF Time **1
05-04 11:30:36.034 W/Watchdog( 1035): SWT Watchdog before synchronized:1463969
05-04 11:30:36.034 W/Watchdog( 1035): SWT Watchdog after synchronized:1463969
05-04 11:30:36.034 W/Watchdog( 1035): SWT Watchdog before wait timeout:30000
05-04 11:30:36.034 W/Watchdog( 1035): SWT Watchdog before wait current time:1463969
05-04 11:30:36.034 W/Watchdog( 1035): SWT Watchdog before wait start:1463969
05-04 11:30:36.034 W/Watchdog( 1035): SWT Watchdog before wait CHECK_INTERVAL:30000
05-04 11:30:39.885 I/thermal_repeater(  363): oh, queryMdThermalInfo (0)Bad file number
05-04 11:30:39.892 I/thermal_repeater(  363): [recvMdThermalInfo] ret=26, strLen=127,  1, 32767,,, -1, 32767, 18
05-04 11:30:44.426 W/ActivityManager( 1035): getRunningAppProcesses: caller 10094 does not hold REAL_GET_TASKS; limiting output
05-04 11:30:44.897 I/thermal_repeater(  363): oh, queryMdThermalInfo (0)Bad file number
05-04 11:30:44.908 I/thermal_repeater(  363): [recvMdThermalInfo] ret=26, strLen=127,  1, 32767,,, -1, 32767, 18
05-04 11:30:46.031 I/WindowManager( 1035): Gaining focus: Window{4d7b658 u0 com.xinhe.ocr/com.xinhe.ocr.two.activity.credit.customer_consult_info.CustomerConsultationInfoFirstActivity}
05-04 11:30:46.851 I/WindowManager( 1035): Gaining focus: Window{6e3825e u0 com.xinhe.ocr/com.xinhe.ocr.two.activity.credit.customer_consult_info.CustomerConsultationInfoFirstActivity}
05-04 11:30:46.851 I/WindowManager( 1035): Losing focus: Window{4d7b658 u0 com.xinhe.ocr/com.xinhe.ocr.two.activity.credit.customer_consult_info.CustomerConsultationInfoFirstActivity EXITING}
05-04 11:30:47.428 I/NetworkStatsRecorder( 1035): recordSnapshotLocked: ident[[{type=WIFI, subType=COMBINED, networkId=RJYFZX-Wifi-02}]]
05-04 11:30:47.428 W/NetworkStatsRecorder( 1035): unknown interfaces [lo, p2p0], ignoring those stats
05-04 11:30:47.428 I/NetworkStatsRecorder( 1035): recordSnapshotLocked: ident[[{type=WIFI, subType=COMBINED, networkId=RJYFZX-Wifi-02}]]
05-04 11:30:47.428 W/NetworkStatsRecorder( 1035): unknown interfaces [lo, p2p0], ignoring those stats
05-04 11:30:47.429 I/NetworkStatsRecorder( 1035): recordSnapshotLocked: ident[[{type=WIFI, subType=COMBINED, networkId=RJYFZX-Wifi-02}]]
05-04 11:30:47.429 I/NetworkStatsRecorder( 1035): recordSnapshotLocked: ident[[{type=WIFI, subType=COMBINED, networkId=RJYFZX-Wifi-02}]]
05-04 11:30:47.429 I/NetworkStatsRecorder( 1035): recordSnapshotLocked: ident[[{type=WIFI, subType=COMBINED, networkId=RJYFZX-Wifi-02}]]
05-04 11:30:47.430 W/NetworkStatsRecorder( 1035): unknown interfaces [lo, p2p0], ignoring those stats
05-04 11:30:47.430 W/NetworkStatsRecorder( 1035): unknown interfaces [lo, p2p0], ignoring those stats
05-04 11:30:49.911 I/thermal_repeater(  363): oh, queryMdThermalInfo (0)Bad file number
05-04 11:30:49.919 I/thermal_repeater(  363): [recvMdThermalInfo] ret=26, strLen=127,  1, 32767,,, -1, 32767, 18
05-04 11:30:52.008 I/WindowManager( 1035): Gaining focus: Window{27b6d096 u0 com.xinhe.ocr/com.xinhe.ocr.two.activity.credit.customer_consult_info.CustomerConsultationInfoFirstActivity}
05-04 11:30:52.096 I/ActivityManager( 1035): START u0 {cmp=com.xinhe.ocr/.two.activity.credit.customer_consult_info.CustomerConsultationInfoSecondActivity} from uid 10426 on display 0 from pid 8395
05-04 11:30:52.102 I/WindowManager( 1035): Losing focus: Window{27b6d096 u0 com.xinhe.ocr/com.xinhe.ocr.two.activity.credit.customer_consult_info.CustomerConsultationInfoFirstActivity}
05-04 11:30:52.311 I/WindowManager( 1035): Gaining focus: Window{6df5c6e u0 com.xinhe.ocr/com.xinhe.ocr.two.activity.credit.customer_consult_info.CustomerConsultationInfoSecondActivity}
05-04 11:30:53.272 I/WindowManager( 1035): Gaining focus: Window{1caf2b9c u0 com.xinhe.ocr/com.xinhe.ocr.two.activity.credit.customer_consult_info.CustomerConsultationInfoSecondActivity}
05-04 11:30:53.272 I/WindowManager( 1035): Losing focus: Window{6df5c6e u0 com.xinhe.ocr/com.xinhe.ocr.two.activity.credit.customer_consult_info.CustomerConsultationInfoSecondActivity EXITING}
05-04 11:30:53.327 W/ActivityManager( 1035): getRunningAppProcesses: caller 10426 does not hold REAL_GET_TASKS; limiting output
05-04 11:30:54.924 I/thermal_repeater(  363): oh, queryMdThermalInfo (0)Bad file number
05-04 11:30:54.932 I/thermal_repeater(  363): [recvMdThermalInfo] ret=26, strLen=127,  1, 32767,,, -1, 32767, 18
05-04 11:30:56.343 I/WindowManager( 1035): Gaining focus: Window{205b5234 u0 com.xinhe.ocr/com.xinhe.ocr.two.activity.credit.customer_consult_info.CustomerConsultationInfoSecondActivity}
05-04 11:30:57.405 I/WindowManager( 1035): Gaining focus: Window{1caf2b9c u0 com.xinhe.ocr/com.xinhe.ocr.two.activity.credit.customer_consult_info.CustomerConsultationInfoSecondActivity}
05-04 11:30:57.405 I/WindowManager( 1035): Losing focus: Window{205b5234 u0 com.xinhe.ocr/com.xinhe.ocr.two.activity.credit.customer_consult_info.CustomerConsultationInfoSecondActivity EXITING}
05-04 11:30:57.415 W/InputMethodManagerService( 1035): Window already focused, ignoring focus gain of: com.android.internal.view.IInputMethodClient$Stub$Proxy@f755da0 attribute=null, token = android.os.BinderProxy@26580f0f
05-04 11:30:59.937 I/thermal_repeater(  363): oh, queryMdThermalInfo (0)Bad file number
05-04 11:30:59.940 I/thermal_repeater(  363): [recvMdThermalInfo] ret=26, strLen=127,  1, 32767,,, -1, 32767, 18
05-04 11:31:00.144 I/NetworkStatsRecorder( 1035): recordSnapshotLocked: ident[[{type=WIFI, subType=COMBINED, networkId=RJYFZX-Wifi-02}]]
05-04 11:31:00.144 W/NetworkStatsRecorder( 1035): unknown interfaces [lo, p2p0], ignoring those stats
05-04 11:31:00.145 I/NetworkStatsRecorder( 1035): recordSnapshotLocked: ident[[{type=WIFI, subType=COMBINED, networkId=RJYFZX-Wifi-02}]]
05-04 11:31:00.145 W/NetworkStatsRecorder( 1035): unknown interfaces [lo, p2p0], ignoring those stats
05-04 11:31:00.145 I/NetworkStatsRecorder( 1035): recordSnapshotLocked: ident[[{type=WIFI, subType=COMBINED, networkId=RJYFZX-Wifi-02}]]
05-04 11:31:00.145 I/NetworkStatsRecorder( 1035): recordSnapshotLocked: ident[[{type=WIFI, subType=COMBINED, networkId=RJYFZX-Wifi-02}]]
05-04 11:31:00.145 I/NetworkStatsRecorder( 1035): recordSnapshotLocked: ident[[{type=WIFI, subType=COMBINED, networkId=RJYFZX-Wifi-02}]]
05-04 11:31:00.145 I/NetworkStatsRecorder( 1035): recordSnapshotLocked: ident[[{type=WIFI, subType=COMBINED, networkId=RJYFZX-Wifi-02}]]
05-04 11:31:00.145 W/NetworkStatsRecorder( 1035): unknown interfaces [lo, p2p0], ignoring those stats
05-04 11:31:00.145 W/NetworkStatsRecorder( 1035): unknown interfaces [lo, p2p0], ignoring those stats
05-04 11:31:04.945 I/thermal_repeater(  363): oh, queryMdThermalInfo (0)Bad file number
05-04 11:31:04.956 I/thermal_repeater(  363): [recvMdThermalInfo] ret=26, strLen=127,  1, 32767,,, -1, 32767, 18
05-04 11:31:06.034 W/Watchdog( 1035): SWT Watchdog after wait current time:1493969
05-04 11:31:06.034 W/Watchdog( 1035): **Get SF Time **1
05-04 11:31:06.034 W/Watchdog( 1035): SWT Watchdog before synchronized:1493969
05-04 11:31:06.034 W/Watchdog( 1035): SWT Watchdog after synchronized:1493969
05-04 11:31:06.034 W/Watchdog( 1035): SWT Watchdog before wait timeout:30000
05-04 11:31:06.034 W/Watchdog( 1035): SWT Watchdog before wait current time:1493969
05-04 11:31:06.034 W/Watchdog( 1035): SWT Watchdog before wait start:1493969
05-04 11:31:06.034 W/Watchdog( 1035): SWT Watchdog before wait CHECK_INTERVAL:30000
05-04 11:31:09.571 I/WindowManager( 1035): Gaining focus: Window{1f634e93 u0 com.xinhe.ocr/com.xinhe.ocr.two.activity.credit.customer_consult_info.CustomerConsultationInfoSecondActivity}
05-04 11:31:09.962 I/thermal_repeater(  363): oh, queryMdThermalInfo (0)Bad file number
05-04 11:31:09.970 I/thermal_repeater(  363): [recvMdThermalInfo] ret=26, strLen=127,  1, 32767,,, -1, 32767, 18
05-04 11:31:10.815 I/NetworkStatsRecorder( 1035): recordSnapshotLocked: ident[[{type=WIFI, subType=COMBINED, networkId=RJYFZX-Wifi-02}]]
05-04 11:31:10.816 W/NetworkStatsRecorder( 1035): unknown interfaces [lo, p2p0], ignoring those stats
05-04 11:31:10.816 I/NetworkStatsRecorder( 1035): recordSnapshotLocked: ident[[{type=WIFI, subType=COMBINED, networkId=RJYFZX-Wifi-02}]]
05-04 11:31:10.816 W/NetworkStatsRecorder( 1035): unknown interfaces [lo, p2p0], ignoring those stats
05-04 11:31:10.816 I/NetworkStatsRecorder( 1035): recordSnapshotLocked: ident[[{type=WIFI, subType=COMBINED, networkId=RJYFZX-Wifi-02}]]
05-04 11:31:10.816 I/NetworkStatsRecorder( 1035): recordSnapshotLocked: ident[[{type=WIFI, subType=COMBINED, networkId=RJYFZX-Wifi-02}]]
05-04 11:31:10.816 W/NetworkStatsRecorder( 1035): unknown interfaces [lo, p2p0], ignoring those stats
05-04 11:31:10.816 W/NetworkStatsRecorder( 1035): unknown interfaces [lo, p2p0], ignoring those stats
05-04 11:31:10.836 I/WindowManager( 1035): Gaining focus: Window{1caf2b9c u0 com.xinhe.ocr/com.xinhe.ocr.two.activity.credit.customer_consult_info.CustomerConsultationInfoSecondActivity}
05-04 11:31:10.836 I/WindowManager( 1035): Losing focus: Window{1f634e93 u0 com.xinhe.ocr/com.xinhe.ocr.two.activity.credit.customer_consult_info.CustomerConsultationInfoSecondActivity EXITING}
05-04 11:31:10.846 W/InputMethodManagerService( 1035): Window already focused, ignoring focus gain of: com.android.internal.view.IInputMethodClient$Stub$Proxy@37eb6ed0 attribute=null, token = android.os.BinderProxy@26580f0f
05-04 11:31:12.068 I/WindowManager( 1035): Gaining focus: Window{23b5a9ce u0 com.xinhe.ocr/com.xinhe.ocr.two.activity.credit.customer_consult_info.CustomerConsultationInfoSecondActivity}
05-04 11:31:13.067 I/WindowManager( 1035): Gaining focus: Window{1caf2b9c u0 com.xinhe.ocr/com.xinhe.ocr.two.activity.credit.customer_consult_info.CustomerConsultationInfoSecondActivity}
05-04 11:31:13.067 I/WindowManager( 1035): Losing focus: Window{23b5a9ce u0 com.xinhe.ocr/com.xinhe.ocr.two.activity.credit.customer_consult_info.CustomerConsultationInfoSecondActivity EXITING}
05-04 11:31:13.076 W/InputMethodManagerService( 1035): Window already focused, ignoring focus gain of: com.android.internal.view.IInputMethodClient$Stub$Proxy@316a40ef attribute=null, token = android.os.BinderProxy@26580f0f
05-04 11:31:14.425 W/ActivityManager( 1035): getRunningAppProcesses: caller 10094 does not hold REAL_GET_TASKS; limiting output
05-04 11:31:14.975 I/thermal_repeater(  363): oh, queryMdThermalInfo (0)Bad file number
05-04 11:31:14.982 I/thermal_repeater(  363): [recvMdThermalInfo] ret=26, strLen=127,  1, 32767,,, -1, 32767, 18
05-04 11:31:19.613 I/ActivityManager( 1035): START u0 {cmp=com.xinhe.ocr/.two.activity.credit.customer_consult_info.CustomerConsultationInfoBankActivity} from uid 10426 on display 0 from pid 8395
05-04 11:31:19.619 I/WindowManager( 1035): Losing focus: Window{1caf2b9c u0 com.xinhe.ocr/com.xinhe.ocr.two.activity.credit.customer_consult_info.CustomerConsultationInfoSecondActivity}
05-04 11:31:19.742 I/WindowManager( 1035): Gaining focus: Window{1352e532 u0 com.xinhe.ocr/com.xinhe.ocr.two.activity.credit.customer_consult_info.CustomerConsultationInfoBankActivity}
05-04 11:31:19.980 I/WindowManager( 1035): Gaining focus: Window{c602c00 u0 com.xinhe.ocr/com.xinhe.ocr.two.activity.credit.customer_consult_info.CustomerConsultationInfoBankActivity}
05-04 11:31:19.980 I/WindowManager( 1035): Losing focus: Window{1352e532 u0 com.xinhe.ocr/com.xinhe.ocr.two.activity.credit.customer_consult_info.CustomerConsultationInfoBankActivity EXITING}
05-04 11:31:19.987 I/thermal_repeater(  363): oh, queryMdThermalInfo (0)Bad file number
05-04 11:31:19.996 I/thermal_repeater(  363): [recvMdThermalInfo] ret=26, strLen=127,  1, 32767,,, -1, 32767, 18
05-04 11:31:20.276 W/ActivityManager( 1035): getRunningAppProcesses: caller 10426 does not hold REAL_GET_TASKS; limiting output
05-04 11:31:22.263 I/NetworkStatsRecorder( 1035): recordSnapshotLocked: ident[[{type=WIFI, subType=COMBINED, networkId=RJYFZX-Wifi-02}]]
05-04 11:31:22.264 W/NetworkStatsRecorder( 1035): unknown interfaces [lo, p2p0], ignoring those stats
