05-04 11:37:17.450 W/NetworkStatsRecorder( 1035): unknown interfaces [lo, p2p0], ignoring those stats
05-04 11:37:20.909 I/thermal_repeater(  363): oh, queryMdThermalInfo (0)Bad file number
05-04 11:37:20.916 I/thermal_repeater(  363): [recvMdThermalInfo] ret=26, strLen=127,  1, 32767,,, -1, 32767, 18
05-04 11:37:25.922 I/thermal_repeater(  363): oh, queryMdThermalInfo (0)Bad file number
05-04 11:37:25.930 I/thermal_repeater(  363): [recvMdThermalInfo] ret=26, strLen=127,  1, 32767,,, -1, 32767, 18
05-04 11:37:29.383 I/NetworkStatsRecorder( 1035): recordSnapshotLocked: ident[[{type=WIFI, subType=COMBINED, networkId=RJYFZX-Wifi-02}]]
05-04 11:37:29.383 W/NetworkStatsRecorder( 1035): unknown interfaces [lo, p2p0], ignoring those stats
05-04 11:37:29.383 I/NetworkStatsRecorder( 1035): recordSnapshotLocked: ident[[{type=WIFI, subType=COMBINED, networkId=RJYFZX-Wifi-02}]]
05-04 11:37:29.383 W/NetworkStatsRecorder( 1035): unknown interfaces [lo, p2p0], ignoring those stats
05-04 11:37:29.383 I/NetworkStatsRecorder( 1035): recordSnapshotLocked: ident[[{type=WIFI, subType=COMBINED, networkId=RJYFZX-Wifi-02}]]
05-04 11:37:29.383 I/NetworkStatsRecorder( 1035): recordSnapshotLocked: ident[[{type=WIFI, subType=COMBINED, networkId=RJYFZX-Wifi-02}]]
05-04 11:37:29.384 W/NetworkStatsRecorder( 1035): unknown interfaces [lo, p2p0], ignoring those stats
05-04 11:37:29.384 W/NetworkStatsRecorder( 1035): unknown interfaces [lo, p2p0], ignoring those stats
05-04 11:37:30.935 I/thermal_repeater(  363): oh, queryMdThermalInfo (0)Bad file number
05-04 11:37:30.942 I/thermal_repeater(  363): [recvMdThermalInfo] ret=26, strLen=127,  1, 32767,,, -1, 32767, 18
05-04 11:37:35.945 I/thermal_repeater(  363): oh, queryMdThermalInfo (0)Bad file number
05-04 11:37:35.953 I/thermal_repeater(  363): [recvMdThermalInfo] ret=26, strLen=127,  1, 32767,,, -1, 32767, 18
05-04 11:37:36.046 W/Watchdog( 1035): SWT Watchdog after wait current time:1883981
05-04 11:37:36.046 W/Watchdog( 1035): **Get SF Time **1
05-04 11:37:36.046 W/Watchdog( 1035): SWT Watchdog before synchronized:1883981
05-04 11:37:36.046 W/Watchdog( 1035): SWT Watchdog after synchronized:1883981
05-04 11:37:36.046 W/Watchdog( 1035): SWT Watchdog before wait timeout:30000
05-04 11:37:36.046 W/Watchdog( 1035): SWT Watchdog before wait current time:1883981
05-04 11:37:36.046 W/Watchdog( 1035): SWT Watchdog before wait start:1883981
05-04 11:37:36.046 W/Watchdog( 1035): SWT Watchdog before wait CHECK_INTERVAL:30000
05-04 11:37:36.312 W/IntentResolver( 1035): resolveIntent: multiple matches, only some with CATEGORY_DEFAULT
05-04 11:37:36.313 W/IntentResolver( 1035): resolveIntent: multiple matches, only some with CATEGORY_DEFAULT
05-04 11:37:36.315 W/IntentResolver( 1035): resolveIntent: multiple matches, only some with CATEGORY_DEFAULT
05-04 11:37:36.318 W/IntentResolver( 1035): resolveIntent: multiple matches, only some with CATEGORY_DEFAULT
05-04 11:37:36.417 W/IntentResolver( 1035): resolveIntent: multiple matches, only some with CATEGORY_DEFAULT
05-04 11:37:36.421 W/IntentResolver( 1035): resolveIntent: multiple matches, only some with CATEGORY_DEFAULT
05-04 11:37:36.424 W/IntentResolver( 1035): resolveIntent: multiple matches, only some with CATEGORY_DEFAULT
05-04 11:37:36.426 W/IntentResolver( 1035): resolveIntent: multiple matches, only some with CATEGORY_DEFAULT
05-04 11:37:39.560 W/IntentResolver( 1035): resolveIntent: multiple matches, only some with CATEGORY_DEFAULT
05-04 11:37:39.563 W/IntentResolver( 1035): resolveIntent: multiple matches, only some with CATEGORY_DEFAULT
05-04 11:37:39.589 W/IntentResolver( 1035): resolveIntent: multiple matches, only some with CATEGORY_DEFAULT
05-04 11:37:39.593 W/IntentResolver( 1035): resolveIntent: multiple matches, only some with CATEGORY_DEFAULT
05-04 11:37:39.615 W/IntentResolver( 1035): resolveIntent: multiple matches, only some with CATEGORY_DEFAULT
05-04 11:37:39.616 W/IntentResolver( 1035): resolveIntent: multiple matches, only some with CATEGORY_DEFAULT
05-04 11:37:39.618 W/IntentResolver( 1035): resolveIntent: multiple matches, only some with CATEGORY_DEFAULT
05-04 11:37:39.619 W/IntentResolver( 1035): resolveIntent: multiple matches, only some with CATEGORY_DEFAULT
05-04 11:37:40.955 I/thermal_repeater(  363): oh, queryMdThermalInfo (0)Bad file number
05-04 11:37:40.963 I/thermal_repeater(  363): [recvMdThermalInfo] ret=26, strLen=127,  1, 32767,,, -1, 32767, 18
05-04 11:37:44.428 W/ActivityManager( 1035): getRunningAppProcesses: caller 10094 does not hold REAL_GET_TASKS; limiting output
05-04 11:37:45.886 I/NetworkStatsRecorder( 1035): recordSnapshotLocked: ident[[{type=WIFI, subType=COMBINED, networkId=RJYFZX-Wifi-02}]]
05-04 11:37:45.886 W/NetworkStatsRecorder( 1035): unknown interfaces [lo, p2p0], ignoring those stats
05-04 11:37:45.886 I/NetworkStatsRecorder( 1035): recordSnapshotLocked: ident[[{type=WIFI, subType=COMBINED, networkId=RJYFZX-Wifi-02}]]
05-04 11:37:45.887 W/NetworkStatsRecorder( 1035): unknown interfaces [lo, p2p0], ignoring those stats
05-04 11:37:45.887 I/NetworkStatsRecorder( 1035): recordSnapshotLocked: ident[[{type=WIFI, subType=COMBINED, networkId=RJYFZX-Wifi-02}]]
05-04 11:37:45.887 I/NetworkStatsRecorder( 1035): recordSnapshotLocked: ident[[{type=WIFI, subType=COMBINED, networkId=RJYFZX-Wifi-02}]]
05-04 11:37:45.887 W/NetworkStatsRecorder( 1035): unknown interfaces [lo, p2p0], ignoring those stats
05-04 11:37:45.887 W/NetworkStatsRecorder( 1035): unknown interfaces [lo, p2p0], ignoring those stats
05-04 11:37:45.965 I/thermal_repeater(  363): oh, queryMdThermalInfo (0)Bad file number
05-04 11:37:45.972 I/thermal_repeater(  363): [recvMdThermalInfo] ret=26, strLen=127,  1, 32767,,, -1, 32767, 18
05-04 11:37:50.810 I/ActivityManager( 1035): START u0 {act=android.intent.action.MAIN cat=[android.intent.category.HOME] flg=0x10200000 cmp=com.meizu.flyme.launcher/.Launcher} from uid 1000 on display 0 from pid 1035
05-04 11:37:50.843 I/WindowManager( 1035): Losing focus: Window{312cafe5 u0 com.xinhe.ocr/com.xinhe.ocr.one.activity.MainActivity}
05-04 11:37:50.901 I/WindowManager( 1035): Gaining focus: Window{7391f44 u0 com.meizu.flyme.launcher/com.meizu.flyme.launcher.Launcher}
05-04 11:37:50.975 I/thermal_repeater(  363): oh, queryMdThermalInfo (0)Bad file number
05-04 11:37:50.978 I/thermal_repeater(  363): [recvMdThermalInfo] ret=26, strLen=127,  1, 32767,,, -1, 32767, 18
05-04 11:37:51.221 W/ActivityManager( 1035): getRunningAppProcesses: caller 10426 does not hold REAL_GET_TASKS; limiting output
05-04 11:37:51.774 W/WindowManager( 1035): Attempted to remove non-existing token: android.os.Binder@b69466d
05-04 11:37:51.822 W/ActivityManager( 1035): Permission Denial: getIntentSender() from pid=8357, uid=2000, (need uid=1000) is not allowed to send as package android
05-04 11:37:55.985 I/thermal_repeater(  363): oh, queryMdThermalInfo (0)Bad file number
05-04 11:37:55.997 I/thermal_repeater(  363): [recvMdThermalInfo] ret=26, strLen=127,  1, 32767,,, -1, 32767, 18
05-04 11:38:01.004 I/thermal_repeater(  363): oh, queryMdThermalInfo (0)Bad file number
05-04 11:38:01.015 I/thermal_repeater(  363): [recvMdThermalInfo] ret=26, strLen=127,  1, 32767,,, -1, 32767, 18
05-04 11:38:06.020 I/thermal_repeater(  363): oh, queryMdThermalInfo (0)Bad file number
05-04 11:38:06.031 I/thermal_repeater(  363): [recvMdThermalInfo] ret=26, strLen=127,  1, 32767,,, -1, 32767, 18
05-04 11:38:06.046 W/Watchdog( 1035): SWT Watchdog after wait current time:1913981
05-04 11:38:06.047 W/Watchdog( 1035): **Get SF Time **1
05-04 11:38:06.047 W/Watchdog( 1035): SWT Watchdog before synchronized:1913982
05-04 11:38:06.047 W/Watchdog( 1035): SWT Watchdog after synchronized:1913982
05-04 11:38:06.047 W/Watchdog( 1035): SWT Watchdog before wait timeout:30000
05-04 11:38:06.047 W/Watchdog( 1035): SWT Watchdog before wait current time:1913983
05-04 11:38:06.047 W/Watchdog( 1035): SWT Watchdog before wait start:1913982
05-04 11:38:06.047 W/Watchdog( 1035): SWT Watchdog before wait CHECK_INTERVAL:30000
05-04 11:38:11.035 I/thermal_repeater(  363): oh, queryMdThermalInfo (0)Bad file number
05-04 11:38:11.046 I/thermal_repeater(  363): [recvMdThermalInfo] ret=26, strLen=127,  1, 32767,,, -1, 32767, 18
05-04 11:38:14.426 W/ActivityManager( 1035): getRunningAppProcesses: caller 10094 does not hold REAL_GET_TASKS; limiting output
05-04 11:38:16.051 I/thermal_repeater(  363): oh, queryMdThermalInfo (0)Bad file number
05-04 11:38:16.062 I/thermal_repeater(  363): [recvMdThermalInfo] ret=26, strLen=127,  1, 32767,,, -1, 32767, 18
05-04 11:38:21.065 I/thermal_repeater(  363): oh, queryMdThermalInfo (0)Bad file number
05-04 11:38:21.077 I/thermal_repeater(  363): [recvMdThermalInfo] ret=26, strLen=127,  1, 32767,,, -1, 32767, 18
05-04 11:38:26.084 I/thermal_repeater(  363): oh, queryMdThermalInfo (0)Bad file number
05-04 11:38:26.094 I/thermal_repeater(  363): [recvMdThermalInfo] ret=26, strLen=127,  1, 32767,,, -1, 32767, 18
05-04 11:38:31.101 I/thermal_repeater(  363): oh, queryMdThermalInfo (0)Bad file number
05-04 11:38:31.111 I/thermal_repeater(  363): [recvMdThermalInfo] ret=26, strLen=127,  1, 32767,,, -1, 32767, 18
05-04 11:38:36.048 W/Watchdog( 1035): SWT Watchdog after wait current time:1943983
05-04 11:38:36.048 W/Watchdog( 1035): **Get SF Time **1
05-04 11:38:36.048 W/Watchdog( 1035): SWT Watchdog before synchronized:1943984
05-04 11:38:36.049 W/Watchdog( 1035): SWT Watchdog after synchronized:1943984
05-04 11:38:36.049 W/Watchdog( 1035): SWT Watchdog before wait timeout:30000
05-04 11:38:36.049 W/Watchdog( 1035): SWT Watchdog before wait current time:1943984
05-04 11:38:36.049 W/Watchdog( 1035): SWT Watchdog before wait start:1943984
05-04 11:38:36.049 W/Watchdog( 1035): SWT Watchdog before wait CHECK_INTERVAL:30000
05-04 11:38:36.116 I/thermal_repeater(  363): oh, queryMdThermalInfo (0)Bad file number
05-04 11:38:36.121 I/thermal_repeater(  363): [recvMdThermalInfo] ret=26, strLen=127,  1, 32767,,, -1, 32767, 18
05-04 11:38:41.125 I/thermal_repeater(  363): oh, queryMdThermalInfo (0)Bad file number
05-04 11:38:41.137 I/thermal_repeater(  363): [recvMdThermalInfo] ret=26, strLen=127,  1, 32767,,, -1, 32767, 18
05-04 11:38:44.426 W/ActivityManager( 1035): getRunningAppProcesses: caller 10094 does not hold REAL_GET_TASKS; limiting output
05-04 11:38:46.146 I/thermal_repeater(  363): oh, queryMdThermalInfo (0)Bad file number
05-04 11:38:46.154 I/thermal_repeater(  363): [recvMdThermalInfo] ret=26, strLen=127,  1, 32767,,, -1, 32767, 18
05-04 11:38:51.165 I/thermal_repeater(  363): oh, queryMdThermalInfo (0)Bad file number
05-04 11:38:51.177 I/thermal_repeater(  363): [recvMdThermalInfo] ret=26, strLen=127,  1, 32767,,, -1, 32767, 18
05-04 11:38:56.183 I/thermal_repeater(  363): oh, queryMdThermalInfo (0)Bad file number
05-04 11:38:56.195 I/thermal_repeater(  363): [recvMdThermalInfo] ret=26, strLen=127,  1, 32767,,, -1, 32767, 18
05-04 11:39:01.198 I/thermal_repeater(  363): oh, queryMdThermalInfo (0)Bad file number
05-04 11:39:01.209 I/thermal_repeater(  363): [recvMdThermalInfo] ret=26, strLen=127,  1, 32767,,, -1, 32767, 18
05-04 11:39:06.049 W/Watchdog( 1035): SWT Watchdog after wait current time:1973984
05-04 11:39:06.049 W/Watchdog( 1035): **Get SF Time **1
05-04 11:39:06.049 W/Watchdog( 1035): SWT Watchdog before synchronized:1973985
05-04 11:39:06.049 W/Watchdog( 1035): SWT Watchdog after synchronized:1973985
05-04 11:39:06.049 W/Watchdog( 1035): SWT Watchdog before wait timeout:30000
05-04 11:39:06.049 W/Watchdog( 1035): SWT Watchdog before wait current time:1973985
05-04 11:39:06.049 W/Watchdog( 1035): SWT Watchdog before wait start:1973985
05-04 11:39:06.049 W/Watchdog( 1035): SWT Watchdog before wait CHECK_INTERVAL:30000
05-04 11:39:06.215 I/thermal_repeater(  363): oh, queryMdThermalInfo (0)Bad file number
05-04 11:39:06.226 I/thermal_repeater(  363): [recvMdThermalInfo] ret=26, strLen=127,  1, 32767,,, -1, 32767, 18
05-04 11:39:11.229 I/thermal_repeater(  363): oh, queryMdThermalInfo (0)Bad file number
05-04 11:39:11.240 I/thermal_repeater(  363): [recvMdThermalInfo] ret=26, strLen=127,  1, 32767,,, -1, 32767, 18
05-04 11:39:14.429 W/ActivityManager( 1035): getRunningAppProcesses: caller 10094 does not hold REAL_GET_TASKS; limiting output
05-04 11:39:16.245 I/thermal_repeater(  363): oh, queryMdThermalInfo (0)Bad file number
05-04 11:39:16.252 I/thermal_repeater(  363): [recvMdThermalInfo] ret=26, strLen=127,  1, 32767,,, -1, 32767, 18
05-04 11:39:21.256 I/thermal_repeater(  363): oh, queryMdThermalInfo (0)Bad file number
05-04 11:39:21.268 I/thermal_repeater(  363): [recvMdThermalInfo] ret=26, strLen=127,  1, 32767,,, -1, 32767, 18
05-04 11:39:26.269 I/thermal_repeater(  363): oh, queryMdThermalInfo (0)Bad file number
05-04 11:39:26.280 I/thermal_repeater(  363): [recvMdThermalInfo] ret=26, strLen=127,  1, 32767,,, -1, 32767, 18
05-04 11:39:31.285 I/thermal_repeater(  363): oh, queryMdThermalInfo (0)Bad file number
05-04 11:39:31.297 I/thermal_repeater(  363): [recvMdThermalInfo] ret=26, strLen=127,  1, 32767,,, -1, 32767, 18
05-04 11:39:36.050 W/Watchdog( 1035): SWT Watchdog after wait current time:2003985
05-04 11:39:36.050 W/Watchdog( 1035): **Get SF Time **1
05-04 11:39:36.050 W/Watchdog( 1035): SWT Watchdog before synchronized:2003986
05-04 11:39:36.051 W/Watchdog( 1035): SWT Watchdog after synchronized:2003986
05-04 11:39:36.051 W/Watchdog( 1035): SWT Watchdog before wait timeout:30000
05-04 11:39:36.051 W/Watchdog( 1035): SWT Watchdog before wait current time:2003986
05-04 11:39:36.051 W/Watchdog( 1035): SWT Watchdog before wait start:2003986
05-04 11:39:36.051 W/Watchdog( 1035): SWT Watchdog before wait CHECK_INTERVAL:30000
05-04 11:39:36.305 I/thermal_repeater(  363): oh, queryMdThermalInfo (0)Bad file number
05-04 11:39:36.317 I/thermal_repeater(  363): [recvMdThermalInfo] ret=26, strLen=127,  1, 32767,,, -1, 32767, 18
05-04 11:39:39.707 W/IntentResolver( 1035): resolveIntent: multiple matches, only some with CATEGORY_DEFAULT
05-04 11:39:39.708 W/IntentResolver( 1035): resolveIntent: multiple matches, only some with CATEGORY_DEFAULT
05-04 11:39:39.709 W/IntentResolver( 1035): resolveIntent: multiple matches, only some with CATEGORY_DEFAULT
05-04 11:39:39.711 W/IntentResolver( 1035): resolveIntent: multiple matches, only some with CATEGORY_DEFAULT
05-04 11:39:39.775 W/IntentResolver( 1035): resolveIntent: multiple matches, only some with CATEGORY_DEFAULT
05-04 11:39:39.778 W/IntentResolver( 1035): resolveIntent: multiple matches, only some with CATEGORY_DEFAULT
05-04 11:39:39.779 W/IntentResolver( 1035): resolveIntent: multiple matches, only some with CATEGORY_DEFAULT
05-04 11:39:39.780 W/IntentResolver( 1035): resolveIntent: multiple matches, only some with CATEGORY_DEFAULT
05-04 11:39:41.321 I/thermal_repeater(  363): oh, queryMdThermalInfo (0)Bad file number
05-04 11:39:41.332 I/thermal_repeater(  363): [recvMdThermalInfo] ret=26, strLen=127,  1, 32767,,, -1, 32767, 18
05-04 11:39:42.878 W/IntentResolver( 1035): resolveIntent: multiple matches, only some with CATEGORY_DEFAULT
05-04 11:39:42.879 W/IntentResolver( 1035): resolveIntent: multiple matches, only some with CATEGORY_DEFAULT
05-04 11:39:42.880 W/IntentResolver( 1035): resolveIntent: multiple matches, only some with CATEGORY_DEFAULT
05-04 11:39:42.882 W/IntentResolver( 1035): resolveIntent: multiple matches, only some with CATEGORY_DEFAULT
05-04 11:39:42.897 W/IntentResolver( 1035): resolveIntent: multiple matches, only some with CATEGORY_DEFAULT
05-04 11:39:42.898 W/IntentResolver( 1035): resolveIntent: multiple matches, only some with CATEGORY_DEFAULT
05-04 11:39:42.899 W/IntentResolver( 1035): resolveIntent: multiple matches, only some with CATEGORY_DEFAULT
05-04 11:39:42.900 W/IntentResolver( 1035): resolveIntent: multiple matches, only some with CATEGORY_DEFAULT
05-04 11:39:43.570 I/ActivityManager( 1035): START u0 {flg=0x10000000 cmp=com.kingroot.kinguser/.activitys.SuNotifyActivity} from uid 0 on display 0 from pid 8643
05-04 11:39:43.574 I/WindowManager( 1035): Losing focus: Window{7391f44 u0 com.meizu.flyme.launcher/com.meizu.flyme.launcher.Launcher}
05-04 11:39:43.595 I/WindowManager( 1035): Gaining focus: Window{7391f44 u0 com.meizu.flyme.launcher/com.meizu.flyme.launcher.Launcher}
05-04 11:39:43.597 W/InputMethodManagerService( 1035): Window already focused, ignoring focus gain of: com.android.internal.view.IInputMethodClient$Stub$Proxy@197dbc13 attribute=null, token = android.os.BinderProxy@15d86857
05-04 11:39:44.454 W/ActivityManager( 1035): getRunningAppProcesses: caller 10094 does not hold REAL_GET_TASKS; limiting output
05-04 11:39:46.335 I/thermal_repeater(  363): oh, queryMdThermalInfo (0)Bad file number
05-04 11:39:46.345 I/thermal_repeater(  363): [recvMdThermalInfo] ret=26, strLen=127,  1, 32767,,, -1, 32767, 18
05-04 11:39:51.351 I/thermal_repeater(  363): oh, queryMdThermalInfo (0)Bad file number
05-04 11:39:51.363 I/thermal_repeater(  363): [recvMdThermalInfo] ret=26, strLen=127,  1, 32767,,, -1, 32767, 18
05-04 11:39:56.367 I/thermal_repeater(  363): oh, queryMdThermalInfo (0)Bad file number
05-04 11:39:56.377 I/thermal_repeater(  363): [recvMdThermalInfo] ret=26, strLen=127,  1, 32767,,, -1, 32767, 18
05-04 11:40:01.381 I/thermal_repeater(  363): oh, queryMdThermalInfo (0)Bad file number
05-04 11:40:01.389 I/thermal_repeater(  363): [recvMdThermalInfo] ret=26, strLen=127,  1, 32767,,, -1, 32767, 18
05-04 11:40:06.051 W/Watchdog( 1035): SWT Watchdog after wait current time:2033986
05-04 11:40:06.052 W/Watchdog( 1035): **Get SF Time **1
05-04 11:40:06.052 W/Watchdog( 1035): SWT Watchdog before synchronized:2033987
05-04 11:40:06.052 W/Watchdog( 1035): SWT Watchdog after synchronized:2033987
05-04 11:40:06.052 W/Watchdog( 1035): SWT Watchdog before wait timeout:30000
05-04 11:40:06.052 W/Watchdog( 1035): SWT Watchdog before wait current time:2033987
05-04 11:40:06.052 W/Watchdog( 1035): SWT Watchdog before wait start:2033987
05-04 11:40:06.052 W/Watchdog( 1035): SWT Watchdog before wait CHECK_INTERVAL:30000
05-04 11:40:06.396 I/thermal_repeater(  363): oh, queryMdThermalInfo (0)Bad file number
05-04 11:40:06.407 I/thermal_repeater(  363): [recvMdThermalInfo] ret=26, strLen=127,  1, 32767,,, -1, 32767, 18
05-04 11:40:11.413 I/thermal_repeater(  363): oh, queryMdThermalInfo (0)Bad file number
05-04 11:40:11.436 I/thermal_repeater(  363): [recvMdThermalInfo] ret=26, strLen=127,  1, 32767,,, -1, 32767, 18
05-04 11:40:14.426 W/ActivityManager( 1035): getRunningAppProcesses: caller 10094 does not hold REAL_GET_TASKS; limiting output
05-04 11:40:16.438 I/thermal_repeater(  363): oh, queryMdThermalInfo (0)Bad file number
05-04 11:40:16.459 I/thermal_repeater(  363): [recvMdThermalInfo] ret=26, strLen=127,  1, 32767,,, -1, 32767, 18
05-04 11:40:21.465 I/thermal_repeater(  363): oh, queryMdThermalInfo (0)Bad file number
05-04 11:40:21.477 I/thermal_repeater(  363): [recvMdThermalInfo] ret=26, strLen=127,  1, 32767,,, -1, 32767, 18
05-04 11:40:26.481 I/thermal_repeater(  363): oh, queryMdThermalInfo (0)Bad file number
05-04 11:40:26.492 I/thermal_repeater(  363): [recvMdThermalInfo] ret=26, strLen=127,  1, 32767,,, -1, 32767, 18
05-04 11:40:31.495 I/thermal_repeater(  363): oh, queryMdThermalInfo (0)Bad file number
05-04 11:40:31.507 I/thermal_repeater(  363): [recvMdThermalInfo] ret=26, strLen=127,  1, 32767,,, -1, 32767, 18
05-04 11:40:36.053 W/Watchdog( 1035): SWT Watchdog after wait current time:2063988
05-04 11:40:36.053 W/Watchdog( 1035): **Get SF Time **1
05-04 11:40:36.053 W/Watchdog( 1035): SWT Watchdog before synchronized:2063989
05-04 11:40:36.053 W/Watchdog( 1035): SWT Watchdog after synchronized:2063989
05-04 11:40:36.054 W/Watchdog( 1035): SWT Watchdog before wait timeout:30000
05-04 11:40:36.054 W/Watchdog( 1035): SWT Watchdog before wait current time:2063989
05-04 11:40:36.054 W/Watchdog( 1035): SWT Watchdog before wait start:2063989
05-04 11:40:36.054 W/Watchdog( 1035): SWT Watchdog before wait CHECK_INTERVAL:30000
05-04 11:40:36.510 I/thermal_repeater(  363): oh, queryMdThermalInfo (0)Bad file number
05-04 11:40:36.520 I/thermal_repeater(  363): [recvMdThermalInfo] ret=26, strLen=127,  1, 32767,,, -1, 32767, 18
05-04 11:40:41.525 I/thermal_repeater(  363): oh, queryMdThermalInfo (0)Bad file number
05-04 11:40:41.536 I/thermal_repeater(  363): [recvMdThermalInfo] ret=26, strLen=127,  1, 32767,,, -1, 32767, 18
05-04 11:40:44.426 W/ActivityManager( 1035): getRunningAppProcesses: caller 10094 does not hold REAL_GET_TASKS; limiting output
05-04 11:40:46.543 I/thermal_repeater(  363): oh, queryMdThermalInfo (0)Bad file number
05-04 11:40:46.555 I/thermal_repeater(  363): [recvMdThermalInfo] ret=26, strLen=127,  1, 32767,,, -1, 32767, 18
05-04 11:40:51.562 I/thermal_repeater(  363): oh, queryMdThermalInfo (0)Bad file number
05-04 11:40:51.573 I/thermal_repeater(  363): [recvMdThermalInfo] ret=26, strLen=127,  1, 32767,,, -1, 32767, 18
05-04 11:40:56.578 I/thermal_repeater(  363): oh, queryMdThermalInfo (0)Bad file number
05-04 11:40:56.589 I/thermal_repeater(  363): [recvMdThermalInfo] ret=26, strLen=127,  1, 32767,,, -1, 32767, 18
05-04 11:41:01.595 I/thermal_repeater(  363): oh, queryMdThermalInfo (0)Bad file number
05-04 11:41:01.607 I/thermal_repeater(  363): [recvMdThermalInfo] ret=26, strLen=127,  1, 32767,,, -1, 32767, 18
05-04 11:41:06.054 W/Watchdog( 1035): SWT Watchdog after wait current time:2093989
05-04 11:41:06.055 W/Watchdog( 1035): **Get SF Time **1
05-04 11:41:06.055 W/Watchdog( 1035): SWT Watchdog before synchronized:2093990
05-04 11:41:06.055 W/Watchdog( 1035): SWT Watchdog after synchronized:2093990
05-04 11:41:06.055 W/Watchdog( 1035): SWT Watchdog before wait timeout:30000
05-04 11:41:06.055 W/Watchdog( 1035): SWT Watchdog before wait current time:2093990
05-04 11:41:06.055 W/Watchdog( 1035): SWT Watchdog before wait start:2093990
05-04 11:41:06.055 W/Watchdog( 1035): SWT Watchdog before wait CHECK_INTERVAL:30000
05-04 11:41:06.609 I/thermal_repeater(  363): oh, queryMdThermalInfo (0)Bad file number
05-04 11:41:06.619 I/thermal_repeater(  363): [recvMdThermalInfo] ret=26, strLen=127,  1, 32767,,, -1, 32767, 18
05-04 11:41:11.625 I/thermal_repeater(  363): oh, queryMdThermalInfo (0)Bad file number
05-04 11:41:11.637 I/thermal_repeater(  363): [recvMdThermalInfo] ret=26, strLen=127,  1, 32767,,, -1, 32767, 18
05-04 11:41:14.426 W/ActivityManager( 1035): getRunningAppProcesses: caller 10094 does not hold REAL_GET_TASKS; limiting output
05-04 11:41:16.639 I/thermal_repeater(  363): oh, queryMdThermalInfo (0)Bad file number
05-04 11:41:16.647 I/thermal_repeater(  363): [recvMdThermalInfo] ret=26, strLen=127,  1, 32767,,, -1, 32767, 18
05-04 11:41:21.649 I/thermal_repeater(  363): oh, queryMdThermalInfo (0)Bad file number
05-04 11:41:21.659 I/thermal_repeater(  363): [recvMdThermalInfo] ret=26, strLen=127,  1, 32767,,, -1, 32767, 18
05-04 11:41:26.665 I/thermal_repeater(  363): oh, queryMdThermalInfo (0)Bad file number
05-04 11:41:26.676 I/thermal_repeater(  363): [recvMdThermalInfo] ret=26, strLen=127,  1, 32767,,, -1, 32767, 18
05-04 11:41:31.684 I/thermal_repeater(  363): oh, queryMdThermalInfo (0)Bad file number
05-04 11:41:31.696 I/thermal_repeater(  363): [recvMdThermalInfo] ret=26, strLen=127,  1, 32767,,, -1, 32767, 18
05-04 11:41:36.056 W/Watchdog( 1035): SWT Watchdog after wait current time:2123991
05-04 11:41:36.056 W/Watchdog( 1035): **Get SF Time **1
05-04 11:41:36.056 W/Watchdog( 1035): SWT Watchdog before synchronized:2123992
05-04 11:41:36.056 W/Watchdog( 1035): SWT Watchdog after synchronized:2123992
05-04 11:41:36.057 W/Watchdog( 1035): SWT Watchdog before wait timeout:30000
05-04 11:41:36.057 W/Watchdog( 1035): SWT Watchdog before wait current time:2123992
05-04 11:41:36.057 W/Watchdog( 1035): SWT Watchdog before wait start:2123992
05-04 11:41:36.057 W/Watchdog( 1035): SWT Watchdog before wait CHECK_INTERVAL:30000
05-04 11:41:36.701 I/thermal_repeater(  363): oh, queryMdThermalInfo (0)Bad file number
05-04 11:41:36.712 I/thermal_repeater(  363): [recvMdThermalInfo] ret=26, strLen=127,  1, 32767,,, -1, 32767, 18
05-04 11:41:41.719 I/thermal_repeater(  363): oh, queryMdThermalInfo (0)Bad file number
05-04 11:41:41.727 I/thermal_repeater(  363): [recvMdThermalInfo] ret=26, strLen=127,  1, 32767,,, -1, 32767, 18
05-04 11:41:42.984 W/IntentResolver( 1035): resolveIntent: multiple matches, only some with CATEGORY_DEFAULT
05-04 11:41:42.986 W/IntentResolver( 1035): resolveIntent: multiple matches, only some with CATEGORY_DEFAULT
05-04 11:41:42.988 W/IntentResolver( 1035): resolveIntent: multiple matches, only some with CATEGORY_DEFAULT
05-04 11:41:42.989 W/IntentResolver( 1035): resolveIntent: multiple matches, only some with CATEGORY_DEFAULT
05-04 11:41:43.115 W/IntentResolver( 1035): resolveIntent: multiple matches, only some with CATEGORY_DEFAULT
05-04 11:41:43.116 W/IntentResolver( 1035): resolveIntent: multiple matches, only some with CATEGORY_DEFAULT
05-04 11:41:43.117 W/IntentResolver( 1035): resolveIntent: multiple matches, only some with CATEGORY_DEFAULT
05-04 11:41:43.118 W/IntentResolver( 1035): resolveIntent: multiple matches, only some with CATEGORY_DEFAULT
05-04 11:41:44.427 W/ActivityManager( 1035): getRunningAppProcesses: caller 10094 does not hold REAL_GET_TASKS; limiting output
05-04 11:41:46.237 W/IntentResolver( 1035): resolveIntent: multiple matches, only some with CATEGORY_DEFAULT
05-04 11:41:46.238 W/IntentResolver( 1035): resolveIntent: multiple matches, only some with CATEGORY_DEFAULT
05-04 11:41:46.240 W/IntentResolver( 1035): resolveIntent: multiple matches, only some with CATEGORY_DEFAULT
05-04 11:41:46.241 W/IntentResolver( 1035): resolveIntent: multiple matches, only some with CATEGORY_DEFAULT
05-04 11:41:46.255 W/IntentResolver( 1035): resolveIntent: multiple matches, only some with CATEGORY_DEFAULT
05-04 11:41:46.257 W/IntentResolver( 1035): resolveIntent: multiple matches, only some with CATEGORY_DEFAULT
05-04 11:41:46.258 W/IntentResolver( 1035): resolveIntent: multiple matches, only some with CATEGORY_DEFAULT
05-04 11:41:46.259 W/IntentResolver( 1035): resolveIntent: multiple matches, only some with CATEGORY_DEFAULT
05-04 11:41:46.734 I/thermal_repeater(  363): oh, queryMdThermalInfo (0)Bad file number
05-04 11:41:46.745 I/thermal_repeater(  363): [recvMdThermalInfo] ret=26, strLen=127,  1, 32767,,, -1, 32767, 18
05-04 11:41:51.747 I/thermal_repeater(  363): oh, queryMdThermalInfo (0)Bad file number
05-04 11:41:51.758 I/thermal_repeater(  363): [recvMdThermalInfo] ret=26, strLen=127,  1, 32767,,, -1, 32767, 18
05-04 11:41:56.762 I/thermal_repeater(  363): oh, queryMdThermalInfo (0)Bad file number
05-04 11:41:56.769 I/thermal_repeater(  363): [recvMdThermalInfo] ret=26, strLen=127,  1, 32767,,, -1, 32767, 18
05-04 11:42:01.776 I/thermal_repeater(  363): oh, queryMdThermalInfo (0)Bad file number
05-04 11:42:01.787 I/thermal_repeater(  363): [recvMdThermalInfo] ret=26, strLen=127,  1, 32767,,, -1, 32767, 18
05-04 11:42:06.057 W/Watchdog( 1035): SWT Watchdog after wait current time:2153992
05-04 11:42:06.057 W/Watchdog( 1035): **Get SF Time **1
05-04 11:42:06.057 W/Watchdog( 1035): SWT Watchdog before synchronized:2153992
05-04 11:42:06.057 W/Watchdog( 1035): SWT Watchdog after synchronized:2153992
05-04 11:42:06.057 W/Watchdog( 1035): SWT Watchdog before wait timeout:30000
05-04 11:42:06.057 W/Watchdog( 1035): SWT Watchdog before wait current time:2153992
05-04 11:42:06.057 W/Watchdog( 1035): SWT Watchdog before wait start:2153992
05-04 11:42:06.057 W/Watchdog( 1035): SWT Watchdog before wait CHECK_INTERVAL:30000
05-04 11:42:06.793 I/thermal_repeater(  363): oh, queryMdThermalInfo (0)Bad file number
05-04 11:42:06.804 I/thermal_repeater(  363): [recvMdThermalInfo] ret=26, strLen=127,  1, 32767,,, -1, 32767, 18
05-04 11:42:11.811 I/thermal_repeater(  363): oh, queryMdThermalInfo (0)Bad file number
05-04 11:42:11.821 I/thermal_repeater(  363): [recvMdThermalInfo] ret=26, strLen=127,  1, 32767,,, -1, 32767, 18
05-04 11:42:14.429 W/ActivityManager( 1035): getRunningAppProcesses: caller 10094 does not hold REAL_GET_TASKS; limiting output
05-04 11:42:16.825 I/thermal_repeater(  363): oh, queryMdThermalInfo (0)Bad file number
05-04 11:42:16.836 I/thermal_repeater(  363): [recvMdThermalInfo] ret=26, strLen=127,  1, 32767,,, -1, 32767, 18
05-04 11:42:17.501 I/ActivityManager( 1035): START u0 {act=android.intent.action.MAIN cat=[android.intent.category.LAUNCHER] flg=0x10200000 cmp=vn.android.adbwireless/.MainActivity bnds=[294,1248][540,1536]} from uid 10084 on display 0 from pid 2088
05-04 11:42:17.538 I/WindowManager( 1035): Losing focus: Window{7391f44 u0 com.meizu.flyme.launcher/com.meizu.flyme.launcher.Launcher}
05-04 11:42:17.640 I/WindowManager( 1035): Gaining focus: Window{1682d38d u0 vn.android.adbwireless/vn.android.adbwireless.MainActivity}
--------- beginning of main
05-04 11:42:22.863 I/native_eup( 9036): loglevel :22
05-04 11:42:22.863 I/native_eup( 9036): setLogMode current 3 to 3
05-04 11:42:22.877 E/MPlugin ( 8938): Unsupported class: com.mediatek.common.telephony.IOnlyOwnerSimSupport
05-04 11:42:22.887 E/HalleyAgent( 9036): detector failed on initiation.
05-04 11:42:22.987 E/MPlugin ( 9036): Unsupported class: com.mediatek.common.telephony.IOnlyOwnerSimSupport
05-04 11:42:23.036 W/WupTaskController( 9036): try reConnect...
05-04 11:42:23.053 W/ConnectorImpl( 9036): Thread:pool-2-thread-1 isDaemon:false
05-04 11:42:23.053 D/libc-netbsd( 9036): [getaddrinfo]: hostname=dispatcher.3g.qq.com; servname=(null); cache_mode=(null), netid=0; mark=0
05-04 11:42:23.053 D/libc-netbsd( 9036): [getaddrinfo]: ai_addrlen=0; ai_canonname=(null); ai_flags=4; ai_family=0
05-04 11:42:23.055 D/libc-netbsd( 9036): [getaddrinfo]: hostname=dispatcher.3g.qq.com; servname=(null); cache_mode=(null), netid=0; mark=0
05-04 11:42:23.055 D/libc-netbsd( 9036): [getaddrinfo]: ai_addrlen=0; ai_canonname=(null); ai_flags=1024; ai_family=0
05-04 11:42:23.058 D/libc-netbsd(  326): [getaddrinfo]: hostname=dispatcher.3g.qq.com; servname=(null); cache_mode=local, netid=101; mark=917605
05-04 11:42:23.058 D/libc-netbsd(  326): [getaddrinfo]: ai_addrlen=0; ai_canonname=(null); ai_flags=1024; ai_family=0
05-04 11:42:23.058 D/libc-netbsd(  326): default dns: query_ipv6=0, query_ipv4=1
05-04 11:42:23.058 D/libc-netbsd(  326): res_queryN name = dispatcher.3g.qq.com, class = 1, type = 1
05-04 11:42:23.058 D/libc-netbsd(  326): res_queryN name = dispatcher.3g.qq.com succeed
05-04 11:42:23.059 D/libc-netbsd( 9036): getaddrinfo: dispatcher.3g.qq.com get result from proxy >>
05-04 11:42:23.061 D/libc-netbsd( 9036): [getaddrinfo]: hostname=123.151.10.177; servname=(null); cache_mode=(null), netid=0; mark=0
05-04 11:42:23.061 D/libc-netbsd( 9036): [getaddrinfo]: ai_addrlen=0; ai_canonname=(null); ai_flags=4; ai_family=0
05-04 11:42:23.162 D/libc-netbsd( 8938): [getaddrinfo]: hostname=monitor.uu.qq.com; servname=(null); cache_mode=(null), netid=0; mark=0
05-04 11:42:23.162 D/libc-netbsd( 8938): [getaddrinfo]: ai_addrlen=0; ai_canonname=(null); ai_flags=4; ai_family=0
05-04 11:42:23.162 D/libc-netbsd( 8938): [getaddrinfo]: hostname=monitor.uu.qq.com; servname=(null); cache_mode=(null), netid=0; mark=0
05-04 11:42:23.162 D/libc-netbsd( 8938): [getaddrinfo]: ai_addrlen=0; ai_canonname=(null); ai_flags=1024; ai_family=0
05-04 11:42:23.163 D/libc-netbsd(  326): [getaddrinfo]: hostname=monitor.uu.qq.com; servname=(null); cache_mode=local, netid=101; mark=917605
05-04 11:42:23.163 D/libc-netbsd(  326): [getaddrinfo]: ai_addrlen=0; ai_canonname=(null); ai_flags=1024; ai_family=0
05-04 11:42:23.163 D/libc-netbsd(  326): default dns: query_ipv6=0, query_ipv4=1
05-04 11:42:23.163 D/libc-netbsd(  326): res_queryN name = monitor.uu.qq.com, class = 1, type = 1
05-04 11:42:23.163 D/libc-netbsd(  326): netid=101, dns0:202.106.0.20
05-04 11:42:23.163 D/libc-netbsd(  326): netid=101, dns1:8.8.8.8
05-04 11:42:23.167 D/libc-netbsd(  326): res_queryN name = monitor.uu.qq.com succeed
05-04 11:42:23.168 W/WupTaskController( 9036): Connect ok. sk:Socket[address=/123.151.10.177,port=14000,localPort=39591],accessIP:123.151.10.177:14000
05-04 11:42:23.169 I/WupTaskController( 9036): reConnect socket succ. sk:Socket[address=/123.151.10.177,port=14000,localPort=39591]
05-04 11:42:23.169 D/libc-netbsd( 8938): getaddrinfo: monitor.uu.qq.com get result from proxy >>
05-04 11:42:23.169 I/WupTaskController( 9036): doSendData try send task:0,sk:Socket[address=/123.151.10.177,port=14000,localPort=39591]
05-04 11:42:23.170 D/libc-netbsd( 8938): [getaddrinfo]: hostname=140.206.161.109; servname=(null); cache_mode=(null), netid=0; mark=0
05-04 11:42:23.170 D/libc-netbsd( 8938): [getaddrinfo]: ai_addrlen=0; ai_canonname=(null); ai_flags=4; ai_family=0
05-04 11:42:23.170 I/WupTaskController( 9036): doReadData: try read data...sk:Socket[address=/123.151.10.177,port=14000,localPort=39591]
05-04 11:42:23.276 I/WupTaskController( 9036): doSendReceive: read finish,readLen=544
05-04 11:42:23.341 I/AccessSchedulerConfiguration( 9036): updateSdkCfInfo...SdkCfgInfo:com.kingroot.kinguser.dli@29e5d0d1
05-04 11:42:23.343 I/AccessSchedulerStatistics( 9036): AccessSchedulerStatistics...onAccessSchedulerFinished, do sdk report...
05-04 11:42:23.346 I/AccessSchedulerStatistics( 9036): AccessSchedulerFinishedReportStruct [appId=123, appVerName=5.0.4, appVerCode=170, sdkVersion=2.2.06, uuid=null, apn=null, ssid=ssid_"RJYFZX-Wifi-02"74:1f:4a:cd:8f:77, netType=1, opType=0, domain=dispatcher.3g.qq.com, accessIp=123.151.10.177:14000, isNetConnected=1, retCode=0, failInfo=null, exceptionInfo=null, dnsTime=-1, connectTime=-1, waitTime=103, readTime=107, dataLength=0, rspLen=0, totalTime=297, totalTimeReq=0, retryTime=0, maxRetryTime=0, uniqueRequestKey=4BCA59DA0EF47355781E9373614C69E3, url=null, isUseSchedulerIp=0, isLast=0, isSchedulerOn=0, probability=null, rule=null, jumpUrl=null, isHijack=0, domainDns=null, reqResult=0, contentType=, isHtttps=0]
05-04 11:42:23.371 D/libc-netbsd( 9036): [getaddrinfo]: hostname=monitor.uu.qq.com; servname=(null); cache_mode=(null), netid=0; mark=0
05-04 11:42:23.371 D/libc-netbsd( 9036): [getaddrinfo]: ai_addrlen=0; ai_canonname=(null); ai_flags=4; ai_family=0
05-04 11:42:23.371 D/libc-netbsd( 9036): [getaddrinfo]: hostname=monitor.uu.qq.com; servname=(null); cache_mode=(null), netid=0; mark=0
05-04 11:42:23.371 D/libc-netbsd( 9036): [getaddrinfo]: ai_addrlen=0; ai_canonname=(null); ai_flags=1024; ai_family=0
05-04 11:42:23.372 D/libc-netbsd(  326): [getaddrinfo]: hostname=monitor.uu.qq.com; servname=(null); cache_mode=local, netid=101; mark=917605
05-04 11:42:23.372 D/libc-netbsd(  326): [getaddrinfo]: ai_addrlen=0; ai_canonname=(null); ai_flags=1024; ai_family=0
05-04 11:42:23.372 D/libc-netbsd(  326): default dns: query_ipv6=0, query_ipv4=1
05-04 11:42:23.372 D/libc-netbsd(  326): res_queryN name = monitor.uu.qq.com, class = 1, type = 1
05-04 11:42:23.372 D/libc-netbsd(  326): res_queryN name = monitor.uu.qq.com succeed
05-04 11:42:23.374 D/libc-netbsd( 9036): getaddrinfo: monitor.uu.qq.com get result from proxy >>
05-04 11:42:23.374 D/libc-netbsd( 9036): [getaddrinfo]: hostname=140.206.161.109; servname=(null); cache_mode=(null), netid=0; mark=0
05-04 11:42:23.374 D/libc-netbsd( 9036): [getaddrinfo]: ai_addrlen=0; ai_canonname=(null); ai_flags=4; ai_family=0
05-04 11:42:23.468 D/libc-netbsd( 8983): [getaddrinfo]: hostname=monitor.uu.qq.com; servname=(null); cache_mode=(null), netid=0; mark=0
05-04 11:42:23.468 D/libc-netbsd( 8983): [getaddrinfo]: ai_addrlen=0; ai_canonname=(null); ai_flags=4; ai_family=0
05-04 11:42:23.468 D/libc-netbsd( 8983): [getaddrinfo]: hostname=monitor.uu.qq.com; servname=(null); cache_mode=(null), netid=0; mark=0
05-04 11:42:23.468 D/libc-netbsd( 8983): [getaddrinfo]: ai_addrlen=0; ai_canonname=(null); ai_flags=1024; ai_family=0
05-04 11:42:23.469 D/libc-netbsd(  326): [getaddrinfo]: hostname=monitor.uu.qq.com; servname=(null); cache_mode=local, netid=101; mark=917605
05-04 11:42:23.469 D/libc-netbsd(  326): [getaddrinfo]: ai_addrlen=0; ai_canonname=(null); ai_flags=1024; ai_family=0
05-04 11:42:23.469 D/libc-netbsd(  326): default dns: query_ipv6=0, query_ipv4=1
05-04 11:42:23.469 D/libc-netbsd(  326): res_queryN name = monitor.uu.qq.com, class = 1, type = 1
05-04 11:42:23.469 D/libc-netbsd(  326): res_queryN name = monitor.uu.qq.com succeed
05-04 11:42:23.470 D/libc-netbsd( 8983): getaddrinfo: monitor.uu.qq.com get result from proxy >>
05-04 11:42:23.471 D/libc-netbsd( 8983): [getaddrinfo]: hostname=140.206.161.109; servname=(null); cache_mode=(null), netid=0; mark=0
05-04 11:42:23.471 D/libc-netbsd( 8983): [getaddrinfo]: ai_addrlen=0; ai_canonname=(null); ai_flags=4; ai_family=0
05-04 11:42:23.733 E/PowerManagerFlyme( 3469): getWakeLockInfo failed: java.lang.NoSuchMethodException: getWakeLockData []
05-04 11:42:23.900 E/WifiStateMachine( 1035): WifiStateMachine L2Connected CMD_START_SCAN source -2 113, 117 -> obsolete
05-04 11:42:24.391 E/System  ( 9149): stat file error, path is /system/priv-app/ContactsProvider/lib/arm64, exception is android.system.ErrnoException: stat failed: ENOENT (No such file or directory)
05-04 11:42:24.480 E/MPlugin ( 9149): Unsupported class: com.mediatek.common.telephony.IOnlyOwnerSimSupport
05-04 11:42:24.551 E/System  ( 9149): stat file error, path is /system/app/ApplicationsProvider/lib/arm64, exception is android.system.ErrnoException: stat failed: ENOENT (No such file or directory)
05-04 11:42:24.600 E/System  ( 9149): stat file error, path is /system/app/UserDictionaryProvider/lib/arm64, exception is android.system.ErrnoException: stat failed: ENOENT (No such file or directory)
05-04 11:42:26.280 E/ccci_fsd(1)(  305): Failed to read from FS device (-1) !! errno = 4
05-04 11:42:26.588 D/libc-netbsd( 8983): [getaddrinfo]: hostname=pmir.3g.qq.com; servname=(null); cache_mode=(null), netid=0; mark=0
05-04 11:42:26.588 D/libc-netbsd( 8983): [getaddrinfo]: ai_addrlen=0; ai_canonname=(null); ai_flags=4; ai_family=0
05-04 11:42:26.588 D/libc-netbsd( 8983): [getaddrinfo]: hostname=pmir.3g.qq.com; servname=(null); cache_mode=(null), netid=0; mark=0
05-04 11:42:26.588 D/libc-netbsd( 8983): [getaddrinfo]: ai_addrlen=0; ai_canonname=(null); ai_flags=1024; ai_family=0
05-04 11:42:26.589 D/libc-netbsd(  326): [getaddrinfo]: hostname=pmir.3g.qq.com; servname=(null); cache_mode=local, netid=101; mark=917605
05-04 11:42:26.589 D/libc-netbsd(  326): [getaddrinfo]: ai_addrlen=0; ai_canonname=(null); ai_flags=1024; ai_family=0
05-04 11:42:26.590 D/libc-netbsd(  326): default dns: query_ipv6=0, query_ipv4=1
05-04 11:42:26.590 D/libc-netbsd(  326): res_queryN name = pmir.3g.qq.com, class = 1, type = 1
05-04 11:42:26.590 D/libc-netbsd(  326): res_queryN name = pmir.3g.qq.com succeed
05-04 11:42:26.590 D/libc-netbsd( 8983): getaddrinfo: pmir.3g.qq.com get result from proxy >>
05-04 11:42:26.814 D/libc-netbsd( 8983): [getaddrinfo]: hostname=pmir.3g.qq.com; servname=(null); cache_mode=(null), netid=0; mark=0
05-04 11:42:26.814 D/libc-netbsd( 8983): [getaddrinfo]: ai_addrlen=0; ai_canonname=(null); ai_flags=4; ai_family=0
05-04 11:42:33.025 E/ccci_fsd(1)(  305): Failed to read from FS device (-1) !! errno = 4
05-04 11:42:33.485 E/ccci_fsd(1)(  305): Failed to read from FS device (-1) !! errno = 4
05-04 11:42:33.669 E/PowerManagerFlyme( 3469): getWakeLockInfo failed: java.lang.NoSuchMethodException: getWakeLockData []
05-04 11:42:33.754 E/ccci_fsd(1)(  305): Failed to read from FS device (-1) !! errno = 4
05-04 11:42:34.024 E/ccci_fsd(1)(  305): Failed to read from FS device (-1) !! errno = 4
05-04 11:42:34.495 E/ccci_fsd(1)(  305): Failed to read from FS device (-1) !! errno = 4
05-04 11:42:34.765 E/ccci_fsd(1)(  305): Failed to read from FS device (-1) !! errno = 4
05-04 11:42:39.023 E/ccci_fsd(1)(  305): Failed to read from FS device (-1) !! errno = 4
05-04 11:42:40.024 E/ccci_fsd(1)(  305): Failed to read from FS device (-1) !! errno = 4
05-04 11:42:44.025 E/ccci_fsd(1)(  305): Failed to read from FS device (-1) !! errno = 4
05-04 11:43:22.025 E/ccci_fsd(1)(  305): Failed to read from FS device (-1) !! errno = 4
05-04 11:43:22.262 E/PowerManagerFlyme( 3469): getWakeLockInfo failed: java.lang.NoSuchMethodException: getWakeLockData []
05-04 11:43:23.425 E/ccci_fsd(1)(  305): Failed to read from FS device (-1) !! errno = 4
05-04 11:43:23.765 E/ccci_fsd(1)(  305): Failed to read from FS device (-1) !! errno = 4
05-04 11:43:39.022 E/ccci_fsd(1)(  305): Failed to read from FS device (-1) !! errno = 4
05-04 11:43:39.291 E/ccci_fsd(1)(  305): Failed to read from FS device (-1) !! errno = 4
05-04 11:43:39.561 E/ccci_fsd(1)(  305): Failed to read from FS device (-1) !! errno = 4
05-04 11:43:39.831 E/ccci_fsd(1)(  305): Failed to read from FS device (-1) !! errno = 4
05-04 11:43:44.025 E/ccci_fsd(1)(  305): Failed to read from FS device (-1) !! errno = 4
05-04 11:43:45.026 E/ccci_fsd(1)(  305): Failed to read from FS device (-1) !! errno = 4
05-04 11:43:45.314 E/ccci_fsd(1)(  305): Failed to read from FS device (-1) !! errno = 4
05-04 11:43:46.094 E/PowerManagerFlyme( 3469): getWakeLockInfo failed: java.lang.NoSuchMethodException: getWakeLockData []
05-04 11:44:39.026 E/ccci_fsd(1)(  305): Failed to read from FS device (-1) !! errno = 4
05-04 11:44:39.294 E/ccci_fsd(1)(  305): Failed to read from FS device (-1) !! errno = 4
05-04 11:44:39.564 E/ccci_fsd(1)(  305): Failed to read from FS device (-1) !! errno = 4
05-04 11:44:39.834 E/ccci_fsd(1)(  305): Failed to read from FS device (-1) !! errno = 4
05-04 11:44:44.024 E/ccci_fsd(1)(  305): Failed to read from FS device (-1) !! errno = 4
05-04 11:45:11.021 E/ccci_fsd(1)(  305): Failed to read from FS device (-1) !! errno = 4
05-04 11:45:11.298 E/PowerManagerFlyme( 3469): getWakeLockInfo failed: java.lang.NoSuchMethodException: getWakeLockData []
05-04 11:45:11.815 E/ccci_fsd(1)(  305): Failed to read from FS device (-1) !! errno = 4
05-04 11:45:11.828 E/WifiStateMachine( 1035): WifiStateMachine L2Connected CMD_START_SCAN source -2 116, 117 -> obsolete
05-04 11:45:12.179 E/ccci_fsd(1)(  305): Failed to read from FS device (-1) !! errno = 4
05-04 11:45:12.591 E/ccci_fsd(1)(  305): Failed to read from FS device (-1) !! errno = 4
05-04 11:45:12.881 E/ccci_fsd(1)(  305): Failed to read from FS device (-1) !! errno = 4
05-04 11:45:13.960 E/ccci_fsd(1)(  305): Failed to read from FS device (-1) !! errno = 4
05-04 11:45:16.028 E/ccci_fsd(1)(  305): Failed to read from FS device (-1) !! errno = 4
05-04 11:45:17.019 E/ccci_fsd(1)(  305): Failed to read from FS device (-1) !! errno = 4
05-04 11:45:22.025 E/ccci_fsd(1)(  305): Failed to read from FS device (-1) !! errno = 4
05-04 11:45:22.176 E/PeripheralManager( 3469): get com.zdworks.android.zdclock uid exception: android.content.pm.PackageManager$NameNotFoundException: com.zdworks.android.zdclock
05-04 11:45:22.177 E/PeripheralManager( 3469): get cn.ledongli.ldl uid exception: android.content.pm.PackageManager$NameNotFoundException: cn.ledongli.ldl
05-04 11:45:22.178 E/WifiManagerFlyme( 3469): disableScanInterface exception: java.lang.NoSuchMethodException: disableScanInterface [boolean]
05-04 11:45:23.037 E/PowerManagerFlyme( 3469): getWakeLockInfo failed: java.lang.NoSuchMethodException: getWakeLockData []
05-04 11:45:26.023 E/ccci_fsd(1)(  305): Failed to read from FS device (-1) !! errno = 4
05-04 11:45:27.027 E/ccci_fsd(1)(  305): Failed to read from FS device (-1) !! errno = 4
05-04 11:45:27.080 E/PowerManagerFlyme( 3469): getWakeLockInfo failed: java.lang.NoSuchMethodException: getWakeLockData []
05-04 11:45:27.366 E/ccci_fsd(1)(  305): Failed to read from FS device (-1) !! errno = 4
05-04 11:45:27.656 E/ccci_fsd(1)(  305): Failed to read from FS device (-1) !! errno = 4
05-04 11:45:27.926 E/ccci_fsd(1)(  305): Failed to read from FS device (-1) !! errno = 4
05-04 11:45:39.019 E/ccci_fsd(1)(  305): Failed to read from FS device (-1) !! errno = 4
05-04 11:45:39.338 E/ccci_fsd(1)(  305): Failed to read from FS device (-1) !! errno = 4
05-04 11:45:40.020 E/ccci_fsd(1)(  305): Failed to read from FS device (-1) !! errno = 4
05-04 11:45:44.019 E/ccci_fsd(1)(  305): Failed to read from FS device (-1) !! errno = 4
05-04 11:45:44.288 E/ccci_fsd(1)(  305): Failed to read from FS device (-1) !! errno = 4
05-04 11:45:45.039 E/ccci_fsd(1)(  305): Failed to read from FS device (-1) !! errno = 4
05-04 11:45:46.906 E/PowerManagerFlyme( 3469): getWakeLockInfo failed: java.lang.NoSuchMethodException: getWakeLockData []
05-04 11:45:47.111 E/ccci_fsd(1)(  305): Failed to read from FS device (-1) !! errno = 4
05-04 11:45:47.559 E/ccci_fsd(1)(  305): Failed to read from FS device (-1) !! errno = 4
05-04 11:45:48.072 E/ccci_fsd(1)(  305): Failed to read from FS device (-1) !! errno = 4
05-04 11:45:48.522 E/ccci_fsd(1)(  305): Failed to read from FS device (-1) !! errno = 4
05-04 11:46:40.027 E/ccci_fsd(1)(  305): Failed to read from FS device (-1) !! errno = 4
05-04 11:46:40.476 E/ccci_fsd(1)(  305): Failed to read from FS device (-1) !! errno = 4
05-04 11:46:41.143 E/PowerManagerFlyme( 3469): getWakeLockInfo failed: java.lang.NoSuchMethodException: getWakeLockData []
05-04 11:46:42.216 E/ccci_fsd(1)(  305): Failed to read from FS device (-1) !! errno = 4
05-04 11:46:45.021 E/ccci_fsd(1)(  305): Failed to read from FS device (-1) !! errno = 4
05-04 11:47:39.020 E/ccci_fsd(1)(  305): Failed to read from FS device (-1) !! errno = 4
05-04 11:47:44.028 E/ccci_fsd(1)(  305): Failed to read from FS device (-1) !! errno = 4
05-04 11:47:44.297 E/ccci_fsd(1)(  305): Failed to read from FS device (-1) !! errno = 4
05-04 11:48:28.028 E/ccci_fsd(1)(  305): Failed to read from FS device (-1) !! errno = 4
05-04 11:48:28.638 E/ccci_fsd(1)(  305): Failed to read from FS device (-1) !! errno = 4
05-04 11:48:29.148 E/ccci_fsd(1)(  305): Failed to read from FS device (-1) !! errno = 4
05-04 11:48:29.515 E/ccci_fsd(1)(  305): Failed to read from FS device (-1) !! errno = 4
05-04 11:48:29.786 E/ccci_fsd(1)(  305): Failed to read from FS device (-1) !! errno = 4
05-04 11:48:39.028 E/ccci_fsd(1)(  305): Failed to read from FS device (-1) !! errno = 4
05-04 11:48:40.021 E/ccci_fsd(1)(  305): Failed to read from FS device (-1) !! errno = 4
05-04 11:48:44.019 E/ccci_fsd(1)(  305): Failed to read from FS device (-1) !! errno = 4
05-04 11:48:44.360 E/ccci_fsd(1)(  305): Failed to read from FS device (-1) !! errno = 4
05-04 11:48:44.629 E/ccci_fsd(1)(  305): Failed to read from FS device (-1) !! errno = 4
05-04 11:49:39.022 E/ccci_fsd(1)(  305): Failed to read from FS device (-1) !! errno = 4
05-04 11:49:44.026 E/ccci_fsd(1)(  305): Failed to read from FS device (-1) !! errno = 4
05-04 11:49:44.392 E/ccci_fsd(1)(  305): Failed to read from FS device (-1) !! errno = 4
05-04 11:49:44.735 E/ccci_fsd(1)(  305): Failed to read from FS device (-1) !! errno = 4
05-04 11:49:46.424 E/ccci_fsd(1)(  305): Failed to read from FS device (-1) !! errno = 4
05-04 11:49:49.020 E/ccci_fsd(1)(  305): Failed to read from FS device (-1) !! errno = 4
05-04 11:49:49.349 E/ccci_fsd(1)(  305): Failed to read from FS device (-1) !! errno = 4
05-04 11:49:50.019 E/ccci_fsd(1)(  305): Failed to read from FS device (-1) !! errno = 4
05-04 11:50:10.018 E/ccci_fsd(1)(  305): Failed to read from FS device (-1) !! errno = 4
05-04 11:50:18.026 E/ccci_fsd(1)(  305): Failed to read from FS device (-1) !! errno = 4
05-04 11:50:19.020 E/ccci_fsd(1)(  305): Failed to read from FS device (-1) !! errno = 4
05-04 11:50:39.031 E/ccci_fsd(1)(  305): Failed to read from FS device (-1) !! errno = 4
05-04 11:50:39.359 E/ccci_fsd(1)(  305): Failed to read from FS device (-1) !! errno = 4
05-04 11:50:45.022 E/ccci_fsd(1)(  305): Failed to read from FS device (-1) !! errno = 4
05-04 11:50:45.389 E/ccci_fsd(1)(  305): Failed to read from FS device (-1) !! errno = 4
05-04 11:50:45.660 E/ccci_fsd(1)(  305): Failed to read from FS device (-1) !! errno = 4
05-04 11:50:45.980 E/ccci_fsd(1)(  305): Failed to read from FS device (-1) !! errno = 4
05-04 11:51:39.020 E/ccci_fsd(1)(  305): Failed to read from FS device (-1) !! errno = 4
05-04 11:51:43.027 E/ccci_fsd(1)(  305): Failed to read from FS device (-1) !! errno = 4
05-04 11:51:43.687 E/ccci_fsd(1)(  305): Failed to read from FS device (-1) !! errno = 4
05-04 11:51:46.135 E/ccci_fsd(1)(  305): Failed to read from FS device (-1) !! errno = 4
05-04 11:51:48.398 E/ccci_fsd(1)(  305): Failed to read from FS device (-1) !! errno = 4
05-04 11:51:48.807 E/ccci_fsd(1)(  305): Failed to read from FS device (-1) !! errno = 4
05-04 11:51:52.020 E/ccci_fsd(1)(  305): Failed to read from FS device (-1) !! errno = 4
05-04 11:51:52.549 E/ccci_fsd(1)(  305): Failed to read from FS device (-1) !! errno = 4
05-04 11:51:58.028 E/ccci_fsd(1)(  305): Failed to read from FS device (-1) !! errno = 4
05-04 11:52:30.022 E/ccci_fsd(1)(  305): Failed to read from FS device (-1) !! errno = 4
05-04 11:52:39.027 E/ccci_fsd(1)(  305): Failed to read from FS device (-1) !! errno = 4
05-04 11:52:40.022 E/ccci_fsd(1)(  305): Failed to read from FS device (-1) !! errno = 4
05-04 11:52:44.026 E/ccci_fsd(1)(  305): Failed to read from FS device (-1) !! errno = 4
05-04 11:52:44.393 E/ccci_fsd(1)(  305): Failed to read from FS device (-1) !! errno = 4
05-04 11:52:55.026 E/ccci_fsd(1)(  305): Failed to read from FS device (-1) !! errno = 4
05-04 11:52:55.564 E/ccci_fsd(1)(  305): Failed to read from FS device (-1) !! errno = 4
05-04 11:53:39.021 E/ccci_fsd(1)(  305): Failed to read from FS device (-1) !! errno = 4
