05-04 11:33:32.482 E/NotificationService(  985): Suppressing notification from package com.android.providers.media by user request.
05-04 11:33:32.485 E/MtpServer( 7839): MtpServer::run mFD: 72
05-04 11:33:32.556 E/MtpServer( 7839): MtpServer::run mFD: 72
05-04 11:33:32.556 E/MtpServer( 7839): MtpServer::run mFD: 72
05-04 11:33:32.557 E/MtpServer( 7839): MtpServer::run mFD: 72
05-04 11:33:32.557 E/MtpServer( 7839): MtpServer::run mFD: 72
05-04 11:33:32.560 E/MtpServer( 7839): MtpServer::run mFD: 72
05-04 11:33:32.620 E/MtpServer( 7839): MtpServer::run mFD: 72
05-04 11:33:32.621 E/MtpServer( 7839): MtpServer::run mFD: 72
05-04 11:33:32.621 E/MtpServer( 7839): MtpServer::run mFD: 72
05-04 11:33:32.621 E/MtpServer( 7839): MtpServer::run mFD: 72
05-04 11:33:32.622 E/MtpServer( 7839): MtpServer::run mFD: 72
05-04 11:33:32.622 E/MtpServer( 7839): MtpServer::run mFD: 72
05-04 11:33:32.622 E/MtpServer( 7839): MtpServer::run mFD: 72
05-04 11:33:32.623 E/MtpServer( 7839): MtpServer::run mFD: 72
05-04 11:33:32.624 E/MtpServer( 7839): MtpServer::run mFD: 72
05-04 11:33:32.624 E/MtpServer( 7839): MtpServer::run mFD: 72
05-04 11:33:32.625 E/MtpServer( 7839): MtpServer::run mFD: 72
05-04 11:33:32.625 E/MtpServer( 7839): MtpServer::run mFD: 72
05-04 11:33:32.627 E/MtpServer( 7839): MtpServer::run mFD: 72
05-04 11:33:32.627 E/MtpServer( 7839): MtpServer::run mFD: 72
05-04 11:33:32.628 E/MtpServer( 7839): MtpServer::run mFD: 72
05-04 11:33:32.628 E/MtpServer( 7839): MtpServer::run mFD: 72
05-04 11:33:32.629 E/MtpServer( 7839): MtpServer::run mFD: 72
05-04 11:33:32.629 E/MtpServer( 7839): MtpServer::run mFD: 72
05-04 11:33:32.629 E/MtpServer( 7839): MtpServer::run mFD: 72
05-04 11:33:32.630 E/MtpServer( 7839): MtpServer::run mFD: 72
05-04 11:33:32.630 E/MtpServer( 7839): MtpServer::run mFD: 72
05-04 11:33:32.631 E/MtpServer( 7839): MtpServer::run mFD: 72
05-04 11:33:32.631 E/MtpServer( 7839): MtpServer::run mFD: 72
05-04 11:33:32.631 E/MtpServer( 7839): MtpServer::run mFD: 72
05-04 11:33:37.457 E/ADB_SERVICES(27562): ERROR: fd = 15, n = -1, errno = 5 (I/O error)
05-04 11:33:37.459 E/MtpServer( 7839): Try to wait for next command until success!! returned -1, errno: 5
05-04 11:33:37.459 E/MtpServer( 7839): EIO!! returned -1, errno: 5
05-04 11:33:37.647 E/MtpServerJNI( 7839): void android_mtp_MtpServer_add_storage(JNIEnv*, jobject, jobject), line 158: descriptionStr = 手机存储
05-04 11:33:37.647 E/MtpServer( 7839): void android::MtpServer::sendEvent(android::MtpEventCode, uint32_t): Without OpenSession to send event code = 0x4004, 
05-04 11:33:37.647 E/MtpServer( 7839): MtpServer::run mFD: 72
05-04 11:33:37.649 E/NotificationService(  985): Suppressing notification from package com.android.providers.media by user request.
05-04 11:33:37.704 E/MtpServer( 7839): MtpServer::run mFD: 72
05-04 11:33:37.705 E/MtpServer( 7839): MtpServer::run mFD: 72
05-04 11:33:37.705 E/MtpServer( 7839): MtpServer::run mFD: 72
05-04 11:33:37.705 E/MtpServer( 7839): MtpServer::run mFD: 72
05-04 11:33:37.708 E/MtpServer( 7839): MtpServer::run mFD: 72
05-04 11:33:37.774 E/MtpServer( 7839): MtpServer::run mFD: 72
05-04 11:33:37.774 E/MtpServer( 7839): MtpServer::run mFD: 72
05-04 11:33:37.774 E/MtpServer( 7839): MtpServer::run mFD: 72
05-04 11:33:37.775 E/MtpServer( 7839): MtpServer::run mFD: 72
05-04 11:33:37.775 E/MtpServer( 7839): MtpServer::run mFD: 72
05-04 11:33:37.775 E/MtpServer( 7839): MtpServer::run mFD: 72
05-04 11:33:37.775 E/MtpServer( 7839): MtpServer::run mFD: 72
05-04 11:33:37.775 E/MtpServer( 7839): MtpServer::run mFD: 72
05-04 11:33:37.776 E/MtpServer( 7839): MtpServer::run mFD: 72
05-04 11:33:37.776 E/MtpServer( 7839): MtpServer::run mFD: 72
05-04 11:33:37.776 E/MtpServer( 7839): MtpServer::run mFD: 72
05-04 11:33:37.776 E/MtpServer( 7839): MtpServer::run mFD: 72
05-04 11:33:37.779 E/MtpServer( 7839): MtpServer::run mFD: 72
05-04 11:33:37.779 E/MtpServer( 7839): MtpServer::run mFD: 72
05-04 11:33:37.780 E/MtpServer( 7839): MtpServer::run mFD: 72
05-04 11:33:37.780 E/MtpServer( 7839): MtpServer::run mFD: 72
05-04 11:33:37.780 E/MtpServer( 7839): MtpServer::run mFD: 72
05-04 11:33:37.780 E/MtpServer( 7839): MtpServer::run mFD: 72
05-04 11:33:37.781 E/MtpServer( 7839): MtpServer::run mFD: 72
05-04 11:33:37.781 E/MtpServer( 7839): MtpServer::run mFD: 72
05-04 11:33:37.781 E/MtpServer( 7839): MtpServer::run mFD: 72
05-04 11:33:37.781 E/MtpServer( 7839): MtpServer::run mFD: 72
05-04 11:33:37.781 E/MtpServer( 7839): MtpServer::run mFD: 72
05-04 11:33:37.782 E/MtpServer( 7839): MtpServer::run mFD: 72
05-04 11:33:40.348 E/ADB_SERVICES(27562): ERROR: fd = 15, n = -1, errno = 5 (I/O error)
05-04 11:33:40.353 E/MtpServer( 7839): Try to wait for next command until success!! returned -1, errno: 5
05-04 11:33:40.353 E/MtpServer( 7839): EIO!! returned -1, errno: 5
05-04 11:33:40.569 E/MtpServerJNI( 7839): void android_mtp_MtpServer_add_storage(JNIEnv*, jobject, jobject), line 158: descriptionStr = 手机存储
05-04 11:33:40.569 E/MtpServer( 7839): void android::MtpServer::sendEvent(android::MtpEventCode, uint32_t): Without OpenSession to send event code = 0x4004, 
05-04 11:33:40.570 E/MtpServer( 7839): MtpServer::run mFD: 72
05-04 11:33:40.570 E/MtpServer( 7839): MtpServer::run mFD: 72
05-04 11:33:40.570 E/MtpServer( 7839): MtpServer::run mFD: 72
05-04 11:33:40.571 E/MtpServer( 7839): MtpServer::run mFD: 72
05-04 11:33:40.571 E/MtpServer( 7839): MtpServer::run mFD: 72
05-04 11:33:40.572 E/NotificationService(  985): Suppressing notification from package com.android.providers.media by user request.
05-04 11:33:40.574 E/MtpServer( 7839): MtpServer::run mFD: 72
05-04 11:33:40.621 E/MtpServer( 7839): MtpServer::run mFD: 72
05-04 11:33:40.621 E/MtpServer( 7839): MtpServer::run mFD: 72
05-04 11:33:40.621 E/MtpServer( 7839): MtpServer::run mFD: 72
05-04 11:33:40.622 E/MtpServer( 7839): MtpServer::run mFD: 72
05-04 11:33:40.622 E/MtpServer( 7839): MtpServer::run mFD: 72
05-04 11:33:40.623 E/MtpServer( 7839): MtpServer::run mFD: 72
05-04 11:33:40.623 E/MtpServer( 7839): MtpServer::run mFD: 72
05-04 11:33:40.623 E/MtpServer( 7839): MtpServer::run mFD: 72
05-04 11:33:40.624 E/MtpServer( 7839): MtpServer::run mFD: 72
05-04 11:33:40.624 E/MtpServer( 7839): MtpServer::run mFD: 72
05-04 11:33:40.627 E/MtpServer( 7839): MtpServer::run mFD: 72
05-04 11:33:40.629 E/MtpServer( 7839): MtpServer::run mFD: 72
05-04 11:33:40.629 E/MtpServer( 7839): MtpServer::run mFD: 72
05-04 11:33:40.629 E/MtpServer( 7839): MtpServer::run mFD: 72
05-04 11:33:40.629 E/MtpServer( 7839): MtpServer::run mFD: 72
05-04 11:33:40.630 E/MtpServer( 7839): MtpServer::run mFD: 72
05-04 11:33:40.630 E/MtpServer( 7839): MtpServer::run mFD: 72
05-04 11:33:40.630 E/MtpServer( 7839): MtpServer::run mFD: 72
05-04 11:33:40.630 E/MtpServer( 7839): MtpServer::run mFD: 72
05-04 11:33:40.631 E/MtpServer( 7839): MtpServer::run mFD: 72
05-04 11:33:40.631 E/MtpServer( 7839): MtpServer::run mFD: 72
05-04 11:33:40.631 E/MtpServer( 7839): MtpServer::run mFD: 72
05-04 11:33:40.631 E/MtpServer( 7839): MtpServer::run mFD: 72
05-04 11:33:40.631 E/MtpServer( 7839): MtpServer::run mFD: 72
05-04 11:33:45.230 E/ADB_SERVICES(27562): ERROR: fd = 15, n = -1, errno = 5 (I/O error)
05-04 11:33:45.232 E/MtpServer( 7839): Try to wait for next command until success!! returned -1, errno: 5
05-04 11:33:45.232 E/MtpServer( 7839): EIO!! returned -1, errno: 5
05-04 11:33:45.474 E/MtpServerJNI( 7839): void android_mtp_MtpServer_add_storage(JNIEnv*, jobject, jobject), line 158: descriptionStr = 手机存储
05-04 11:33:45.474 E/MtpServer( 7839): void android::MtpServer::sendEvent(android::MtpEventCode, uint32_t): Without OpenSession to send event code = 0x4004, 
05-04 11:33:45.474 E/MtpServer( 7839): MtpServer::run mFD: 72
05-04 11:33:45.474 E/MtpServer( 7839): MtpServer::run mFD: 72
05-04 11:33:45.475 E/MtpServer( 7839): MtpServer::run mFD: 72
05-04 11:33:45.475 E/MtpServer( 7839): MtpServer::run mFD: 72
05-04 11:33:45.476 E/MtpServer( 7839): MtpServer::run mFD: 72
05-04 11:33:45.476 E/NotificationService(  985): Suppressing notification from package com.android.providers.media by user request.
05-04 11:33:45.479 E/MtpServer( 7839): MtpServer::run mFD: 72
05-04 11:33:45.540 E/MtpServer( 7839): MtpServer::run mFD: 72
05-04 11:33:45.541 E/MtpServer( 7839): MtpServer::run mFD: 72
05-04 11:33:45.541 E/MtpServer( 7839): MtpServer::run mFD: 72
05-04 11:33:45.541 E/MtpServer( 7839): MtpServer::run mFD: 72
05-04 11:33:45.541 E/MtpServer( 7839): MtpServer::run mFD: 72
05-04 11:33:45.542 E/MtpServer( 7839): MtpServer::run mFD: 72
05-04 11:33:45.542 E/MtpServer( 7839): MtpServer::run mFD: 72
05-04 11:33:45.542 E/MtpServer( 7839): MtpServer::run mFD: 72
05-04 11:33:45.542 E/MtpServer( 7839): MtpServer::run mFD: 72
05-04 11:33:45.543 E/MtpServer( 7839): MtpServer::run mFD: 72
05-04 11:33:45.543 E/MtpServer( 7839): MtpServer::run mFD: 72
05-04 11:33:45.543 E/MtpServer( 7839): MtpServer::run mFD: 72
05-04 11:33:45.544 E/MtpServer( 7839): MtpServer::run mFD: 72
05-04 11:33:45.544 E/MtpServer( 7839): MtpServer::run mFD: 72
05-04 11:33:45.544 E/MtpServer( 7839): MtpServer::run mFD: 72
05-04 11:33:45.544 E/MtpServer( 7839): MtpServer::run mFD: 72
05-04 11:33:45.544 E/MtpServer( 7839): MtpServer::run mFD: 72
05-04 11:33:45.545 E/MtpServer( 7839): MtpServer::run mFD: 72
05-04 11:33:45.545 E/MtpServer( 7839): MtpServer::run mFD: 72
05-04 11:33:45.545 E/MtpServer( 7839): MtpServer::run mFD: 72
05-04 11:33:45.545 E/MtpServer( 7839): MtpServer::run mFD: 72
05-04 11:33:45.546 E/MtpServer( 7839): MtpServer::run mFD: 72
05-04 11:33:45.546 E/MtpServer( 7839): MtpServer::run mFD: 72
05-04 11:33:45.546 E/MtpServer( 7839): MtpServer::run mFD: 72
05-04 11:33:50.068 E/ADB_SERVICES(27562): ERROR: fd = 15, n = -1, errno = 5 (I/O error)
05-04 11:33:50.073 E/MtpServer( 7839): Try to wait for next command until success!! returned -1, errno: 5
05-04 11:33:50.073 E/MtpServer( 7839): EIO!! returned -1, errno: 5
05-04 11:33:50.282 E/MtpServerJNI( 7839): void android_mtp_MtpServer_add_storage(JNIEnv*, jobject, jobject), line 158: descriptionStr = 手机存储
05-04 11:33:50.282 E/MtpServer( 7839): void android::MtpServer::sendEvent(android::MtpEventCode, uint32_t): Without OpenSession to send event code = 0x4004, 
05-04 11:33:50.282 E/MtpServer( 7839): MtpServer::run mFD: 72
05-04 11:33:50.284 E/NotificationService(  985): Suppressing notification from package com.android.providers.media by user request.
05-04 11:33:50.394 E/MtpServer( 7839): MtpServer::run mFD: 72
05-04 11:33:50.394 E/MtpServer( 7839): MtpServer::run mFD: 72
05-04 11:33:50.395 E/MtpServer( 7839): MtpServer::run mFD: 72
05-04 11:33:50.395 E/MtpServer( 7839): MtpServer::run mFD: 72
05-04 11:33:50.398 E/MtpServer( 7839): MtpServer::run mFD: 72
05-04 11:33:50.445 E/MtpServer( 7839): MtpServer::run mFD: 72
05-04 11:33:50.445 E/MtpServer( 7839): MtpServer::run mFD: 72
05-04 11:33:50.445 E/MtpServer( 7839): MtpServer::run mFD: 72
05-04 11:33:50.446 E/MtpServer( 7839): MtpServer::run mFD: 72
05-04 11:33:50.446 E/MtpServer( 7839): MtpServer::run mFD: 72
05-04 11:33:50.446 E/MtpServer( 7839): MtpServer::run mFD: 72
05-04 11:33:50.446 E/MtpServer( 7839): MtpServer::run mFD: 72
05-04 11:33:50.447 E/MtpServer( 7839): MtpServer::run mFD: 72
05-04 11:33:50.447 E/MtpServer( 7839): MtpServer::run mFD: 72
05-04 11:33:50.447 E/MtpServer( 7839): MtpServer::run mFD: 72
05-04 11:33:50.447 E/MtpServer( 7839): MtpServer::run mFD: 72
05-04 11:33:50.447 E/MtpServer( 7839): MtpServer::run mFD: 72
05-04 11:33:50.448 E/MtpServer( 7839): MtpServer::run mFD: 72
05-04 11:33:50.448 E/MtpServer( 7839): MtpServer::run mFD: 72
05-04 11:33:50.448 E/MtpServer( 7839): MtpServer::run mFD: 72
05-04 11:33:50.448 E/MtpServer( 7839): MtpServer::run mFD: 72
05-04 11:33:50.449 E/MtpServer( 7839): MtpServer::run mFD: 72
05-04 11:33:50.449 E/MtpServer( 7839): MtpServer::run mFD: 72
05-04 11:33:50.449 E/MtpServer( 7839): MtpServer::run mFD: 72
05-04 11:33:50.449 E/MtpServer( 7839): MtpServer::run mFD: 72
05-04 11:33:50.450 E/MtpServer( 7839): MtpServer::run mFD: 72
05-04 11:33:50.450 E/MtpServer( 7839): MtpServer::run mFD: 72
05-04 11:33:50.450 E/MtpServer( 7839): MtpServer::run mFD: 72
05-04 11:33:50.450 E/MtpServer( 7839): MtpServer::run mFD: 72
05-04 11:34:02.879 E/ADB_SERVICES(27562): ERROR: fd = 15, n = -1, errno = 5 (I/O error)
05-04 11:34:02.883 E/MtpServer( 7839): Try to wait for next command until success!! returned -1, errno: 5
05-04 11:34:02.883 E/MtpServer( 7839): EIO!! returned -1, errno: 5
05-04 11:34:03.111 E/MTKLogger/Utils(29123): MODEM_INDEX_SET added index: 1
05-04 11:34:03.111 E/MTKLogger/Utils(29123): NoSuchFieldException
05-04 11:34:03.112 E/MTKLogger/Utils(29123): NoSuchFieldException
05-04 11:34:03.113 E/MTKLogger/Utils(29123): NoSuchFieldException
05-04 11:34:03.114 E/MTKLogger/Utils(29123): NoSuchFieldException
05-04 11:34:03.115 E/MTKLogger/Utils(29123): NoSuchFieldException
05-04 11:34:03.116 E/MTKLogger/Utils(29123):  modem MODEM_MAP index: null
05-04 11:34:03.116 E/MTKLogger/Utils(29123):  modem MODEM_MAP index: null
05-04 11:34:03.116 E/MTKLogger/Utils(29123):  modem MODEM_MAP index: null
05-04 11:34:03.116 E/MTKLogger/Utils(29123):  modem MODEM_MAP index: null
05-04 11:34:03.116 E/MTKLogger/Utils(29123):  modem MODEM_MAP index: null
05-04 11:34:03.116 E/MTKLogger/Utils(29123):  modem MODEM_MAP index: null
05-04 11:34:03.116 E/MTKLogger/Utils(29123):  modem MODEM_MAP index: null
05-04 11:34:03.116 E/MTKLogger/Utils(29123):  modem MODEM_MAP index: null
05-04 11:34:03.175 E/dalvikvm(29146): /system/app/OppoGestureUI.apk odex has stale dependencies
05-04 11:34:03.218 E/MtpServerJNI( 7839): void android_mtp_MtpServer_add_storage(JNIEnv*, jobject, jobject), line 158: descriptionStr = 手机存储
05-04 11:34:03.218 E/MtpServer( 7839): void android::MtpServer::sendEvent(android::MtpEventCode, uint32_t): Without OpenSession to send event code = 0x4004, 
05-04 11:34:03.219 E/MtpServer( 7839): MtpServer::run mFD: 72
05-04 11:34:03.219 E/MtpServer( 7839): MtpServer::run mFD: 72
05-04 11:34:03.220 E/MtpServer( 7839): MtpServer::run mFD: 72
05-04 11:34:03.220 E/MtpServer( 7839): MtpServer::run mFD: 72
05-04 11:34:03.221 E/MtpServer( 7839): MtpServer::run mFD: 72
05-04 11:34:03.221 E/NotificationService(  985): Suppressing notification from package com.android.providers.media by user request.
05-04 11:34:03.223 E/MtpServer( 7839): MtpServer::run mFD: 72
05-04 11:34:03.278 E/MtpServer( 7839): MtpServer::run mFD: 72
05-04 11:34:03.278 E/MtpServer( 7839): MtpServer::run mFD: 72
05-04 11:34:03.278 E/MtpServer( 7839): MtpServer::run mFD: 72
05-04 11:34:03.278 E/MtpServer( 7839): MtpServer::run mFD: 72
05-04 11:34:03.279 E/MtpServer( 7839): MtpServer::run mFD: 72
05-04 11:34:03.279 E/MtpServer( 7839): MtpServer::run mFD: 72
05-04 11:34:03.279 E/MtpServer( 7839): MtpServer::run mFD: 72
05-04 11:34:03.280 E/MtpServer( 7839): MtpServer::run mFD: 72
05-04 11:34:03.280 E/MtpServer( 7839): MtpServer::run mFD: 72
05-04 11:34:03.280 E/MtpServer( 7839): MtpServer::run mFD: 72
05-04 11:34:03.280 E/MtpServer( 7839): MtpServer::run mFD: 72
05-04 11:34:03.281 E/MtpServer( 7839): MtpServer::run mFD: 72
05-04 11:34:03.281 E/MtpServer( 7839): MtpServer::run mFD: 72
05-04 11:34:03.281 E/MtpServer( 7839): MtpServer::run mFD: 72
05-04 11:34:03.282 E/MtpServer( 7839): MtpServer::run mFD: 72
05-04 11:34:03.283 E/MtpServer( 7839): MtpServer::run mFD: 72
05-04 11:34:03.283 E/MtpServer( 7839): MtpServer::run mFD: 72
05-04 11:34:03.283 E/MtpServer( 7839): MtpServer::run mFD: 72
05-04 11:34:03.283 E/MtpServer( 7839): MtpServer::run mFD: 72
05-04 11:34:03.284 E/MtpServer( 7839): MtpServer::run mFD: 72
05-04 11:34:03.284 E/MtpServer( 7839): MtpServer::run mFD: 72
05-04 11:34:03.284 E/MtpServer( 7839): MtpServer::run mFD: 72
05-04 11:34:03.284 E/MtpServer( 7839): MtpServer::run mFD: 72
05-04 11:34:03.285 E/MtpServer( 7839): MtpServer::run mFD: 72
05-04 11:34:35.258 E/RemoteViews( 2744): ANR Warning,RemoteViews can only be used once ,if not ,it may cause ANR in hosts such as Laucher,SystemUI. keys for search <ANR Exception MSG   History>
05-04 11:34:35.259 E/RemoteViews( 2744): ANR Warning,RemoteViews can only be used once ,if not ,it may cause ANR in hosts such as Laucher,SystemUI. keys for search <ANR Exception MSG   History>
05-04 11:34:35.260 E/RemoteViews( 2744): ANR Warning,RemoteViews can only be used once ,if not ,it may cause ANR in hosts such as Laucher,SystemUI. keys for search <ANR Exception MSG   History>
05-04 11:34:35.261 E/RemoteViews( 2744): ANR Warning,RemoteViews can only be used once ,if not ,it may cause ANR in hosts such as Laucher,SystemUI. keys for search <ANR Exception MSG   History>
05-04 11:34:35.262 E/RemoteViews( 2744): ANR Warning,RemoteViews can only be used once ,if not ,it may cause ANR in hosts such as Laucher,SystemUI. keys for search <ANR Exception MSG   History>
05-04 11:34:35.274 E/RemoteViews(  985): ANR Warning,RemoteViews can only be used once ,if not ,it may cause ANR in hosts such as Laucher,SystemUI. keys for search <ANR Exception MSG   History>
05-04 11:34:35.275 E/RemoteViews(  985): ANR Warning,RemoteViews can only be used once ,if not ,it may cause ANR in hosts such as Laucher,SystemUI. keys for search <ANR Exception MSG   History>
05-04 11:34:35.275 E/RemoteViews(  985): ANR Warning,RemoteViews can only be used once ,if not ,it may cause ANR in hosts such as Laucher,SystemUI. keys for search <ANR Exception MSG   History>
05-04 11:34:35.276 E/RemoteViews(  985): ANR Warning,RemoteViews can only be used once ,if not ,it may cause ANR in hosts such as Laucher,SystemUI. keys for search <ANR Exception MSG   History>
05-04 11:34:35.277 E/RemoteViews(  985): ANR Warning,RemoteViews can only be used once ,if not ,it may cause ANR in hosts such as Laucher,SystemUI. keys for search <ANR Exception MSG   History>
05-04 11:34:35.278 E/RemoteViews(  985): ANR Warning,RemoteViews can only be used once ,if not ,it may cause ANR in hosts such as Laucher,SystemUI. keys for search <ANR Exception MSG   History>
05-04 11:34:35.278 E/RemoteViews(  985): ANR Warning,RemoteViews can only be used once ,if not ,it may cause ANR in hosts such as Laucher,SystemUI. keys for search <ANR Exception MSG   History>
05-04 11:34:35.278 E/RemoteViews(  985): ANR Warning,RemoteViews can only be used once ,if not ,it may cause ANR in hosts such as Laucher,SystemUI. keys for search <ANR Exception MSG   History>
05-04 11:34:35.294 E/RemoteViews(  985): ANR Warning,RemoteViews can only be used once ,if not ,it may cause ANR in hosts such as Laucher,SystemUI. keys for search <ANR Exception MSG   History>
05-04 11:34:35.294 E/RemoteViews(  985): ANR Warning,RemoteViews can only be used once ,if not ,it may cause ANR in hosts such as Laucher,SystemUI. keys for search <ANR Exception MSG   History>
05-04 11:34:35.295 E/RemoteViews(  985): ANR Warning,RemoteViews can only be used once ,if not ,it may cause ANR in hosts such as Laucher,SystemUI. keys for search <ANR Exception MSG   History>
05-04 11:34:35.295 E/RemoteViews(  985): ANR Warning,RemoteViews can only be used once ,if not ,it may cause ANR in hosts such as Laucher,SystemUI. keys for search <ANR Exception MSG   History>
05-04 11:34:35.295 E/RemoteViews(  985): ANR Warning,RemoteViews can only be used once ,if not ,it may cause ANR in hosts such as Laucher,SystemUI. keys for search <ANR Exception MSG   History>
05-04 11:34:35.296 E/RemoteViews(  985): ANR Warning,RemoteViews can only be used once ,if not ,it may cause ANR in hosts such as Laucher,SystemUI. keys for search <ANR Exception MSG   History>
05-04 11:34:35.296 E/RemoteViews(  985): ANR Warning,RemoteViews can only be used once ,if not ,it may cause ANR in hosts such as Laucher,SystemUI. keys for search <ANR Exception MSG   History>
05-04 11:34:35.296 E/RemoteViews(  985): ANR Warning,RemoteViews can only be used once ,if not ,it may cause ANR in hosts such as Laucher,SystemUI. keys for search <ANR Exception MSG   History>
05-04 11:34:35.318 E/RemoteViews( 2070): ANR Warning,RemoteViews can only be used once ,if not ,it may cause ANR in hosts such as Laucher,SystemUI. keys for search <ANR Exception MSG   History>
05-04 11:34:35.319 E/RemoteViews( 2070): ANR Warning,RemoteViews can only be used once ,if not ,it may cause ANR in hosts such as Laucher,SystemUI. keys for search <ANR Exception MSG   History>
05-04 11:34:35.319 E/RemoteViews( 2070): ANR Warning,RemoteViews can only be used once ,if not ,it may cause ANR in hosts such as Laucher,SystemUI. keys for search <ANR Exception MSG   History>
05-04 11:34:35.319 E/RemoteViews( 2070): ANR Warning,RemoteViews can only be used once ,if not ,it may cause ANR in hosts such as Laucher,SystemUI. keys for search <ANR Exception MSG   History>
05-04 11:34:35.319 E/RemoteViews( 2070): ANR Warning,RemoteViews can only be used once ,if not ,it may cause ANR in hosts such as Laucher,SystemUI. keys for search <ANR Exception MSG   History>
05-04 11:34:35.320 E/RemoteViews( 2070): ANR Warning,RemoteViews can only be used once ,if not ,it may cause ANR in hosts such as Laucher,SystemUI. keys for search <ANR Exception MSG   History>
05-04 11:34:35.320 E/RemoteViews( 2070): ANR Warning,RemoteViews can only be used once ,if not ,it may cause ANR in hosts such as Laucher,SystemUI. keys for search <ANR Exception MSG   History>
05-04 11:34:35.320 E/RemoteViews( 2070): ANR Warning,RemoteViews can only be used once ,if not ,it may cause ANR in hosts such as Laucher,SystemUI. keys for search <ANR Exception MSG   History>
05-04 11:34:35.342 E/RemoteViews( 2070): ANR Warning,RemoteViews can only be used once ,if not ,it may cause ANR in hosts such as Laucher,SystemUI. keys for search <ANR Exception MSG   History>
05-04 11:34:35.342 E/RemoteViews( 2070): ANR Warning,RemoteViews can only be used once ,if not ,it may cause ANR in hosts such as Laucher,SystemUI. keys for search <ANR Exception MSG   History>
05-04 11:34:35.342 E/RemoteViews( 2070): ANR Warning,RemoteViews can only be used once ,if not ,it may cause ANR in hosts such as Laucher,SystemUI. keys for search <ANR Exception MSG   History>
05-04 11:34:35.342 E/RemoteViews( 2070): ANR Warning,RemoteViews can only be used once ,if not ,it may cause ANR in hosts such as Laucher,SystemUI. keys for search <ANR Exception MSG   History>
05-04 11:34:35.343 E/RemoteViews( 2070): ANR Warning,RemoteViews can only be used once ,if not ,it may cause ANR in hosts such as Laucher,SystemUI. keys for search <ANR Exception MSG   History>
05-04 11:34:35.343 E/RemoteViews( 2070): ANR Warning,RemoteViews can only be used once ,if not ,it may cause ANR in hosts such as Laucher,SystemUI. keys for search <ANR Exception MSG   History>
05-04 11:34:35.343 E/RemoteViews( 2070): ANR Warning,RemoteViews can only be used once ,if not ,it may cause ANR in hosts such as Laucher,SystemUI. keys for search <ANR Exception MSG   History>
05-04 11:34:35.343 E/RemoteViews( 2070): ANR Warning,RemoteViews can only be used once ,if not ,it may cause ANR in hosts such as Laucher,SystemUI. keys for search <ANR Exception MSG   History>
05-04 11:34:40.260 E/RemoteViews( 2744): ANR Warning,RemoteViews can only be used once ,if not ,it may cause ANR in hosts such as Laucher,SystemUI. keys for search <ANR Exception MSG   History>
05-04 11:34:40.261 E/RemoteViews( 2744): ANR Warning,RemoteViews can only be used once ,if not ,it may cause ANR in hosts such as Laucher,SystemUI. keys for search <ANR Exception MSG   History>
05-04 11:34:40.262 E/RemoteViews( 2744): ANR Warning,RemoteViews can only be used once ,if not ,it may cause ANR in hosts such as Laucher,SystemUI. keys for search <ANR Exception MSG   History>
05-04 11:34:40.263 E/RemoteViews( 2744): ANR Warning,RemoteViews can only be used once ,if not ,it may cause ANR in hosts such as Laucher,SystemUI. keys for search <ANR Exception MSG   History>
05-04 11:34:40.263 E/RemoteViews( 2744): ANR Warning,RemoteViews can only be used once ,if not ,it may cause ANR in hosts such as Laucher,SystemUI. keys for search <ANR Exception MSG   History>
05-04 11:34:40.273 E/RemoteViews(  985): ANR Warning,RemoteViews can only be used once ,if not ,it may cause ANR in hosts such as Laucher,SystemUI. keys for search <ANR Exception MSG   History>
05-04 11:34:40.276 E/RemoteViews(  985): ANR Warning,RemoteViews can only be used once ,if not ,it may cause ANR in hosts such as Laucher,SystemUI. keys for search <ANR Exception MSG   History>
05-04 11:34:40.276 E/RemoteViews(  985): ANR Warning,RemoteViews can only be used once ,if not ,it may cause ANR in hosts such as Laucher,SystemUI. keys for search <ANR Exception MSG   History>
05-04 11:34:40.277 E/RemoteViews(  985): ANR Warning,RemoteViews can only be used once ,if not ,it may cause ANR in hosts such as Laucher,SystemUI. keys for search <ANR Exception MSG   History>
05-04 11:34:40.279 E/RemoteViews(  985): ANR Warning,RemoteViews can only be used once ,if not ,it may cause ANR in hosts such as Laucher,SystemUI. keys for search <ANR Exception MSG   History>
05-04 11:34:40.280 E/RemoteViews(  985): ANR Warning,RemoteViews can only be used once ,if not ,it may cause ANR in hosts such as Laucher,SystemUI. keys for search <ANR Exception MSG   History>
05-04 11:34:40.280 E/RemoteViews(  985): ANR Warning,RemoteViews can only be used once ,if not ,it may cause ANR in hosts such as Laucher,SystemUI. keys for search <ANR Exception MSG   History>
05-04 11:34:40.280 E/RemoteViews(  985): ANR Warning,RemoteViews can only be used once ,if not ,it may cause ANR in hosts such as Laucher,SystemUI. keys for search <ANR Exception MSG   History>
05-04 11:34:40.300 E/RemoteViews(  985): ANR Warning,RemoteViews can only be used once ,if not ,it may cause ANR in hosts such as Laucher,SystemUI. keys for search <ANR Exception MSG   History>
05-04 11:34:40.301 E/RemoteViews(  985): ANR Warning,RemoteViews can only be used once ,if not ,it may cause ANR in hosts such as Laucher,SystemUI. keys for search <ANR Exception MSG   History>
05-04 11:34:40.301 E/RemoteViews(  985): ANR Warning,RemoteViews can only be used once ,if not ,it may cause ANR in hosts such as Laucher,SystemUI. keys for search <ANR Exception MSG   History>
05-04 11:34:40.301 E/RemoteViews(  985): ANR Warning,RemoteViews can only be used once ,if not ,it may cause ANR in hosts such as Laucher,SystemUI. keys for search <ANR Exception MSG   History>
05-04 11:34:40.301 E/RemoteViews(  985): ANR Warning,RemoteViews can only be used once ,if not ,it may cause ANR in hosts such as Laucher,SystemUI. keys for search <ANR Exception MSG   History>
05-04 11:34:40.301 E/RemoteViews(  985): ANR Warning,RemoteViews can only be used once ,if not ,it may cause ANR in hosts such as Laucher,SystemUI. keys for search <ANR Exception MSG   History>
05-04 11:34:40.301 E/RemoteViews(  985): ANR Warning,RemoteViews can only be used once ,if not ,it may cause ANR in hosts such as Laucher,SystemUI. keys for search <ANR Exception MSG   History>
05-04 11:34:40.302 E/RemoteViews(  985): ANR Warning,RemoteViews can only be used once ,if not ,it may cause ANR in hosts such as Laucher,SystemUI. keys for search <ANR Exception MSG   History>
05-04 11:34:40.322 E/RemoteViews( 2070): ANR Warning,RemoteViews can only be used once ,if not ,it may cause ANR in hosts such as Laucher,SystemUI. keys for search <ANR Exception MSG   History>
05-04 11:34:40.322 E/RemoteViews( 2070): ANR Warning,RemoteViews can only be used once ,if not ,it may cause ANR in hosts such as Laucher,SystemUI. keys for search <ANR Exception MSG   History>
05-04 11:34:40.322 E/RemoteViews( 2070): ANR Warning,RemoteViews can only be used once ,if not ,it may cause ANR in hosts such as Laucher,SystemUI. keys for search <ANR Exception MSG   History>
05-04 11:34:40.322 E/RemoteViews( 2070): ANR Warning,RemoteViews can only be used once ,if not ,it may cause ANR in hosts such as Laucher,SystemUI. keys for search <ANR Exception MSG   History>
05-04 11:34:40.322 E/RemoteViews( 2070): ANR Warning,RemoteViews can only be used once ,if not ,it may cause ANR in hosts such as Laucher,SystemUI. keys for search <ANR Exception MSG   History>
05-04 11:34:40.323 E/RemoteViews( 2070): ANR Warning,RemoteViews can only be used once ,if not ,it may cause ANR in hosts such as Laucher,SystemUI. keys for search <ANR Exception MSG   History>
05-04 11:34:40.323 E/RemoteViews( 2070): ANR Warning,RemoteViews can only be used once ,if not ,it may cause ANR in hosts such as Laucher,SystemUI. keys for search <ANR Exception MSG   History>
05-04 11:34:40.323 E/RemoteViews( 2070): ANR Warning,RemoteViews can only be used once ,if not ,it may cause ANR in hosts such as Laucher,SystemUI. keys for search <ANR Exception MSG   History>
05-04 11:34:40.339 E/RemoteViews( 2070): ANR Warning,RemoteViews can only be used once ,if not ,it may cause ANR in hosts such as Laucher,SystemUI. keys for search <ANR Exception MSG   History>
05-04 11:34:40.339 E/RemoteViews( 2070): ANR Warning,RemoteViews can only be used once ,if not ,it may cause ANR in hosts such as Laucher,SystemUI. keys for search <ANR Exception MSG   History>
05-04 11:34:40.339 E/RemoteViews( 2070): ANR Warning,RemoteViews can only be used once ,if not ,it may cause ANR in hosts such as Laucher,SystemUI. keys for search <ANR Exception MSG   History>
05-04 11:34:40.339 E/RemoteViews( 2070): ANR Warning,RemoteViews can only be used once ,if not ,it may cause ANR in hosts such as Laucher,SystemUI. keys for search <ANR Exception MSG   History>
05-04 11:34:40.339 E/RemoteViews( 2070): ANR Warning,RemoteViews can only be used once ,if not ,it may cause ANR in hosts such as Laucher,SystemUI. keys for search <ANR Exception MSG   History>
05-04 11:34:40.340 E/RemoteViews( 2070): ANR Warning,RemoteViews can only be used once ,if not ,it may cause ANR in hosts such as Laucher,SystemUI. keys for search <ANR Exception MSG   History>
05-04 11:34:40.340 E/RemoteViews( 2070): ANR Warning,RemoteViews can only be used once ,if not ,it may cause ANR in hosts such as Laucher,SystemUI. keys for search <ANR Exception MSG   History>
05-04 11:34:40.340 E/RemoteViews( 2070): ANR Warning,RemoteViews can only be used once ,if not ,it may cause ANR in hosts such as Laucher,SystemUI. keys for search <ANR Exception MSG   History>
05-04 11:35:19.351 E/RemoteViews(  985): ANR Warning,RemoteViews can only be used once ,if not ,it may cause ANR in hosts such as Laucher,SystemUI. keys for search <ANR Exception MSG   History>
05-04 11:35:19.355 E/RemoteViews(  985): ANR Warning,RemoteViews can only be used once ,if not ,it may cause ANR in hosts such as Laucher,SystemUI. keys for search <ANR Exception MSG   History>
05-04 11:35:19.378 E/RemoteViews( 2070): ANR Warning,RemoteViews can only be used once ,if not ,it may cause ANR in hosts such as Laucher,SystemUI. keys for search <ANR Exception MSG   History>
05-04 11:35:19.392 E/RemoteViews( 2070): ANR Warning,RemoteViews can only be used once ,if not ,it may cause ANR in hosts such as Laucher,SystemUI. keys for search <ANR Exception MSG   History>
05-04 11:35:43.736 E/RemoteViews(  985): ANR Warning,RemoteViews can only be used once ,if not ,it may cause ANR in hosts such as Laucher,SystemUI. keys for search <ANR Exception MSG   History>
05-04 11:35:43.755 E/RemoteViews(  985): ANR Warning,RemoteViews can only be used once ,if not ,it may cause ANR in hosts such as Laucher,SystemUI. keys for search <ANR Exception MSG   History>
05-04 11:35:43.769 E/RemoteViews( 2070): ANR Warning,RemoteViews can only be used once ,if not ,it may cause ANR in hosts such as Laucher,SystemUI. keys for search <ANR Exception MSG   History>
05-04 11:35:43.789 E/RemoteViews( 2070): ANR Warning,RemoteViews can only be used once ,if not ,it may cause ANR in hosts such as Laucher,SystemUI. keys for search <ANR Exception MSG   History>
05-04 11:36:12.623 E/dalvikvm(29398): /system/framework/am.jar odex has stale dependencies
05-04 11:36:12.661 E/dalvikvm(29396): /system/framework/am.jar odex has stale dependencies
05-04 11:36:12.779 E/memtrack(29398): Couldn't load memtrack module (No such file or directory)
05-04 11:36:12.779 E/android.os.Debug(29398): failed to load memtrack module: -2
05-04 11:36:12.815 E/memtrack(29396): Couldn't load memtrack module (No such file or directory)
05-04 11:36:12.815 E/android.os.Debug(29396): failed to load memtrack module: -2
05-04 11:36:12.862 E/jdwp    (29398): jdwp::setsockopt(SO_SNDTIMEO)
05-04 11:36:12.862 E/jdwp    (29398): jdwp::setsockopt(SO_RCVTIMEO)
05-04 11:36:12.902 E/jdwp    (29396): jdwp::setsockopt(SO_SNDTIMEO)
05-04 11:36:12.902 E/jdwp    (29396): jdwp::setsockopt(SO_RCVTIMEO)
05-04 11:36:46.718 E/CoreDaemon( 3307): not Start Daemon in coredaemon
05-04 11:36:46.719 E/CoreDaemon( 3308): not Start Daemon in coredaemon
05-04 11:37:28.511 E/RemoteViews( 2479): ANR Warning,RemoteViews can only be used once ,if not ,it may cause ANR in hosts such as Laucher,SystemUI. keys for search <ANR Exception MSG   History>
05-04 11:37:28.580 E/RemoteViews( 2070): ANR Warning,RemoteViews can only be used once ,if not ,it may cause ANR in hosts such as Laucher,SystemUI. keys for search <ANR Exception MSG   History>
05-04 11:37:28.591 E/RemoteViews(  985): ANR Warning,RemoteViews can only be used once ,if not ,it may cause ANR in hosts such as Laucher,SystemUI. keys for search <ANR Exception MSG   History>
05-04 11:37:28.629 E/RemoteViews(  985): ANR Warning,RemoteViews can only be used once ,if not ,it may cause ANR in hosts such as Laucher,SystemUI. keys for search <ANR Exception MSG   History>
05-04 11:37:28.650 E/RemoteViews(  985): ANR Warning,RemoteViews can only be used once ,if not ,it may cause ANR in hosts such as Laucher,SystemUI. keys for search <ANR Exception MSG   History>
05-04 11:37:28.684 E/RemoteViews( 2070): ANR Warning,RemoteViews can only be used once ,if not ,it may cause ANR in hosts such as Laucher,SystemUI. keys for search <ANR Exception MSG   History>
05-04 11:37:28.714 E/RemoteViews(  985): ANR Warning,RemoteViews can only be used once ,if not ,it may cause ANR in hosts such as Laucher,SystemUI. keys for search <ANR Exception MSG   History>
05-04 11:37:28.717 E/RemoteViews( 2070): ANR Warning,RemoteViews can only be used once ,if not ,it may cause ANR in hosts such as Laucher,SystemUI. keys for search <ANR Exception MSG   History>
05-04 11:37:28.792 E/RemoteViews( 2070): ANR Warning,RemoteViews can only be used once ,if not ,it may cause ANR in hosts such as Laucher,SystemUI. keys for search <ANR Exception MSG   History>
05-04 11:37:28.814 E/RemoteViews( 2070): ANR Warning,RemoteViews can only be used once ,if not ,it may cause ANR in hosts such as Laucher,SystemUI. keys for search <ANR Exception MSG   History>
05-04 11:37:35.452 E/RemoteViews( 2744): ANR Warning,RemoteViews can only be used once ,if not ,it may cause ANR in hosts such as Laucher,SystemUI. keys for search <ANR Exception MSG   History>
05-04 11:37:35.453 E/RemoteViews( 2744): ANR Warning,RemoteViews can only be used once ,if not ,it may cause ANR in hosts such as Laucher,SystemUI. keys for search <ANR Exception MSG   History>
05-04 11:37:35.453 E/RemoteViews( 2744): ANR Warning,RemoteViews can only be used once ,if not ,it may cause ANR in hosts such as Laucher,SystemUI. keys for search <ANR Exception MSG   History>
05-04 11:37:35.454 E/RemoteViews( 2744): ANR Warning,RemoteViews can only be used once ,if not ,it may cause ANR in hosts such as Laucher,SystemUI. keys for search <ANR Exception MSG   History>
05-04 11:37:35.455 E/RemoteViews( 2744): ANR Warning,RemoteViews can only be used once ,if not ,it may cause ANR in hosts such as Laucher,SystemUI. keys for search <ANR Exception MSG   History>
05-04 11:37:35.455 E/RemoteViews( 2744): ANR Warning,RemoteViews can only be used once ,if not ,it may cause ANR in hosts such as Laucher,SystemUI. keys for search <ANR Exception MSG   History>
05-04 11:37:35.463 E/RemoteViews(  985): ANR Warning,RemoteViews can only be used once ,if not ,it may cause ANR in hosts such as Laucher,SystemUI. keys for search <ANR Exception MSG   History>
05-04 11:37:35.466 E/RemoteViews(  985): ANR Warning,RemoteViews can only be used once ,if not ,it may cause ANR in hosts such as Laucher,SystemUI. keys for search <ANR Exception MSG   History>
05-04 11:37:35.467 E/RemoteViews(  985): ANR Warning,RemoteViews can only be used once ,if not ,it may cause ANR in hosts such as Laucher,SystemUI. keys for search <ANR Exception MSG   History>
05-04 11:37:35.467 E/RemoteViews(  985): ANR Warning,RemoteViews can only be used once ,if not ,it may cause ANR in hosts such as Laucher,SystemUI. keys for search <ANR Exception MSG   History>
05-04 11:37:35.468 E/RemoteViews(  985): ANR Warning,RemoteViews can only be used once ,if not ,it may cause ANR in hosts such as Laucher,SystemUI. keys for search <ANR Exception MSG   History>
05-04 11:37:35.469 E/RemoteViews(  985): ANR Warning,RemoteViews can only be used once ,if not ,it may cause ANR in hosts such as Laucher,SystemUI. keys for search <ANR Exception MSG   History>
05-04 11:37:35.469 E/RemoteViews(  985): ANR Warning,RemoteViews can only be used once ,if not ,it may cause ANR in hosts such as Laucher,SystemUI. keys for search <ANR Exception MSG   History>
05-04 11:37:35.469 E/RemoteViews(  985): ANR Warning,RemoteViews can only be used once ,if not ,it may cause ANR in hosts such as Laucher,SystemUI. keys for search <ANR Exception MSG   History>
05-04 11:37:35.487 E/RemoteViews(  985): ANR Warning,RemoteViews can only be used once ,if not ,it may cause ANR in hosts such as Laucher,SystemUI. keys for search <ANR Exception MSG   History>
05-04 11:37:35.488 E/RemoteViews(  985): ANR Warning,RemoteViews can only be used once ,if not ,it may cause ANR in hosts such as Laucher,SystemUI. keys for search <ANR Exception MSG   History>
05-04 11:37:35.488 E/RemoteViews(  985): ANR Warning,RemoteViews can only be used once ,if not ,it may cause ANR in hosts such as Laucher,SystemUI. keys for search <ANR Exception MSG   History>
05-04 11:37:35.488 E/RemoteViews(  985): ANR Warning,RemoteViews can only be used once ,if not ,it may cause ANR in hosts such as Laucher,SystemUI. keys for search <ANR Exception MSG   History>
05-04 11:37:35.488 E/RemoteViews(  985): ANR Warning,RemoteViews can only be used once ,if not ,it may cause ANR in hosts such as Laucher,SystemUI. keys for search <ANR Exception MSG   History>
05-04 11:37:35.489 E/RemoteViews(  985): ANR Warning,RemoteViews can only be used once ,if not ,it may cause ANR in hosts such as Laucher,SystemUI. keys for search <ANR Exception MSG   History>
05-04 11:37:35.489 E/RemoteViews(  985): ANR Warning,RemoteViews can only be used once ,if not ,it may cause ANR in hosts such as Laucher,SystemUI. keys for search <ANR Exception MSG   History>
05-04 11:37:35.489 E/RemoteViews(  985): ANR Warning,RemoteViews can only be used once ,if not ,it may cause ANR in hosts such as Laucher,SystemUI. keys for search <ANR Exception MSG   History>
05-04 11:37:35.508 E/RemoteViews( 2070): ANR Warning,RemoteViews can only be used once ,if not ,it may cause ANR in hosts such as Laucher,SystemUI. keys for search <ANR Exception MSG   History>
05-04 11:37:35.509 E/RemoteViews( 2070): ANR Warning,RemoteViews can only be used once ,if not ,it may cause ANR in hosts such as Laucher,SystemUI. keys for search <ANR Exception MSG   History>
05-04 11:37:35.509 E/RemoteViews( 2070): ANR Warning,RemoteViews can only be used once ,if not ,it may cause ANR in hosts such as Laucher,SystemUI. keys for search <ANR Exception MSG   History>
05-04 11:37:35.509 E/RemoteViews( 2070): ANR Warning,RemoteViews can only be used once ,if not ,it may cause ANR in hosts such as Laucher,SystemUI. keys for search <ANR Exception MSG   History>
05-04 11:37:35.509 E/RemoteViews( 2070): ANR Warning,RemoteViews can only be used once ,if not ,it may cause ANR in hosts such as Laucher,SystemUI. keys for search <ANR Exception MSG   History>
05-04 11:37:35.509 E/RemoteViews( 2070): ANR Warning,RemoteViews can only be used once ,if not ,it may cause ANR in hosts such as Laucher,SystemUI. keys for search <ANR Exception MSG   History>
05-04 11:37:35.510 E/RemoteViews( 2070): ANR Warning,RemoteViews can only be used once ,if not ,it may cause ANR in hosts such as Laucher,SystemUI. keys for search <ANR Exception MSG   History>
05-04 11:37:35.510 E/RemoteViews( 2070): ANR Warning,RemoteViews can only be used once ,if not ,it may cause ANR in hosts such as Laucher,SystemUI. keys for search <ANR Exception MSG   History>
05-04 11:37:35.532 E/RemoteViews( 2070): ANR Warning,RemoteViews can only be used once ,if not ,it may cause ANR in hosts such as Laucher,SystemUI. keys for search <ANR Exception MSG   History>
05-04 11:37:35.532 E/RemoteViews( 2070): ANR Warning,RemoteViews can only be used once ,if not ,it may cause ANR in hosts such as Laucher,SystemUI. keys for search <ANR Exception MSG   History>
05-04 11:37:35.533 E/RemoteViews( 2070): ANR Warning,RemoteViews can only be used once ,if not ,it may cause ANR in hosts such as Laucher,SystemUI. keys for search <ANR Exception MSG   History>
05-04 11:37:35.533 E/RemoteViews( 2070): ANR Warning,RemoteViews can only be used once ,if not ,it may cause ANR in hosts such as Laucher,SystemUI. keys for search <ANR Exception MSG   History>
05-04 11:37:35.533 E/RemoteViews( 2070): ANR Warning,RemoteViews can only be used once ,if not ,it may cause ANR in hosts such as Laucher,SystemUI. keys for search <ANR Exception MSG   History>
05-04 11:37:35.533 E/RemoteViews( 2070): ANR Warning,RemoteViews can only be used once ,if not ,it may cause ANR in hosts such as Laucher,SystemUI. keys for search <ANR Exception MSG   History>
05-04 11:37:35.533 E/RemoteViews( 2070): ANR Warning,RemoteViews can only be used once ,if not ,it may cause ANR in hosts such as Laucher,SystemUI. keys for search <ANR Exception MSG   History>
05-04 11:37:35.533 E/RemoteViews( 2070): ANR Warning,RemoteViews can only be used once ,if not ,it may cause ANR in hosts such as Laucher,SystemUI. keys for search <ANR Exception MSG   History>
05-04 11:38:14.995 E/memtrack(29600): Couldn't load memtrack module (No such file or directory)
05-04 11:38:14.995 E/android.os.Debug(29600): failed to load memtrack module: -2
05-04 11:39:02.894 E/memtrack(29687): Couldn't load memtrack module (No such file or directory)
05-04 11:39:02.894 E/android.os.Debug(29687): failed to load memtrack module: -2
05-04 11:39:07.877 E/memtrack(29701): Couldn't load memtrack module (No such file or directory)
05-04 11:39:07.877 E/android.os.Debug(29701): failed to load memtrack module: -2
05-04 11:39:17.926 E/memtrack(29729): Couldn't load memtrack module (No such file or directory)
05-04 11:39:17.926 E/android.os.Debug(29729): failed to load memtrack module: -2
05-04 11:40:43.744 E/RemoteViews(  985): ANR Warning,RemoteViews can only be used once ,if not ,it may cause ANR in hosts such as Laucher,SystemUI. keys for search <ANR Exception MSG   History>
05-04 11:40:43.763 E/RemoteViews(  985): ANR Warning,RemoteViews can only be used once ,if not ,it may cause ANR in hosts such as Laucher,SystemUI. keys for search <ANR Exception MSG   History>
05-04 11:40:43.778 E/RemoteViews( 2070): ANR Warning,RemoteViews can only be used once ,if not ,it may cause ANR in hosts such as Laucher,SystemUI. keys for search <ANR Exception MSG   History>
05-04 11:40:43.799 E/RemoteViews( 2070): ANR Warning,RemoteViews can only be used once ,if not ,it may cause ANR in hosts such as Laucher,SystemUI. keys for search <ANR Exception MSG   History>
05-04 11:41:12.606 E/dalvikvm(29918): /system/framework/am.jar odex has stale dependencies
05-04 11:41:12.757 E/memtrack(29918): Couldn't load memtrack module (No such file or directory)
05-04 11:41:12.757 E/android.os.Debug(29918): failed to load memtrack module: -2
05-04 11:41:12.837 E/jdwp    (29918): jdwp::setsockopt(SO_SNDTIMEO)
05-04 11:41:12.837 E/jdwp    (29918): jdwp::setsockopt(SO_RCVTIMEO)
05-04 11:41:40.462 E/RemoteViews( 2744): ANR Warning,RemoteViews can only be used once ,if not ,it may cause ANR in hosts such as Laucher,SystemUI. keys for search <ANR Exception MSG   History>
05-04 11:41:40.463 E/RemoteViews( 2744): ANR Warning,RemoteViews can only be used once ,if not ,it may cause ANR in hosts such as Laucher,SystemUI. keys for search <ANR Exception MSG   History>
05-04 11:41:40.464 E/RemoteViews( 2744): ANR Warning,RemoteViews can only be used once ,if not ,it may cause ANR in hosts such as Laucher,SystemUI. keys for search <ANR Exception MSG   History>
05-04 11:41:40.465 E/RemoteViews( 2744): ANR Warning,RemoteViews can only be used once ,if not ,it may cause ANR in hosts such as Laucher,SystemUI. keys for search <ANR Exception MSG   History>
05-04 11:41:40.466 E/RemoteViews( 2744): ANR Warning,RemoteViews can only be used once ,if not ,it may cause ANR in hosts such as Laucher,SystemUI. keys for search <ANR Exception MSG   History>
05-04 11:41:40.467 E/RemoteViews( 2744): ANR Warning,RemoteViews can only be used once ,if not ,it may cause ANR in hosts such as Laucher,SystemUI. keys for search <ANR Exception MSG   History>
05-04 11:41:40.476 E/RemoteViews(  985): ANR Warning,RemoteViews can only be used once ,if not ,it may cause ANR in hosts such as Laucher,SystemUI. keys for search <ANR Exception MSG   History>
05-04 11:41:40.479 E/RemoteViews(  985): ANR Warning,RemoteViews can only be used once ,if not ,it may cause ANR in hosts such as Laucher,SystemUI. keys for search <ANR Exception MSG   History>
05-04 11:41:40.479 E/RemoteViews(  985): ANR Warning,RemoteViews can only be used once ,if not ,it may cause ANR in hosts such as Laucher,SystemUI. keys for search <ANR Exception MSG   History>
05-04 11:41:40.479 E/RemoteViews(  985): ANR Warning,RemoteViews can only be used once ,if not ,it may cause ANR in hosts such as Laucher,SystemUI. keys for search <ANR Exception MSG   History>
05-04 11:41:40.481 E/RemoteViews(  985): ANR Warning,RemoteViews can only be used once ,if not ,it may cause ANR in hosts such as Laucher,SystemUI. keys for search <ANR Exception MSG   History>
05-04 11:41:40.481 E/RemoteViews(  985): ANR Warning,RemoteViews can only be used once ,if not ,it may cause ANR in hosts such as Laucher,SystemUI. keys for search <ANR Exception MSG   History>
05-04 11:41:40.481 E/RemoteViews(  985): ANR Warning,RemoteViews can only be used once ,if not ,it may cause ANR in hosts such as Laucher,SystemUI. keys for search <ANR Exception MSG   History>
05-04 11:41:40.482 E/RemoteViews(  985): ANR Warning,RemoteViews can only be used once ,if not ,it may cause ANR in hosts such as Laucher,SystemUI. keys for search <ANR Exception MSG   History>
05-04 11:41:40.496 E/RemoteViews(  985): ANR Warning,RemoteViews can only be used once ,if not ,it may cause ANR in hosts such as Laucher,SystemUI. keys for search <ANR Exception MSG   History>
05-04 11:41:40.497 E/RemoteViews(  985): ANR Warning,RemoteViews can only be used once ,if not ,it may cause ANR in hosts such as Laucher,SystemUI. keys for search <ANR Exception MSG   History>
05-04 11:41:40.498 E/RemoteViews(  985): ANR Warning,RemoteViews can only be used once ,if not ,it may cause ANR in hosts such as Laucher,SystemUI. keys for search <ANR Exception MSG   History>
05-04 11:41:40.498 E/RemoteViews(  985): ANR Warning,RemoteViews can only be used once ,if not ,it may cause ANR in hosts such as Laucher,SystemUI. keys for search <ANR Exception MSG   History>
05-04 11:41:40.498 E/RemoteViews(  985): ANR Warning,RemoteViews can only be used once ,if not ,it may cause ANR in hosts such as Laucher,SystemUI. keys for search <ANR Exception MSG   History>
05-04 11:41:40.498 E/RemoteViews(  985): ANR Warning,RemoteViews can only be used once ,if not ,it may cause ANR in hosts such as Laucher,SystemUI. keys for search <ANR Exception MSG   History>
05-04 11:41:40.502 E/RemoteViews(  985): ANR Warning,RemoteViews can only be used once ,if not ,it may cause ANR in hosts such as Laucher,SystemUI. keys for search <ANR Exception MSG   History>
05-04 11:41:40.502 E/RemoteViews(  985): ANR Warning,RemoteViews can only be used once ,if not ,it may cause ANR in hosts such as Laucher,SystemUI. keys for search <ANR Exception MSG   History>
05-04 11:41:40.526 E/RemoteViews( 2070): ANR Warning,RemoteViews can only be used once ,if not ,it may cause ANR in hosts such as Laucher,SystemUI. keys for search <ANR Exception MSG   History>
05-04 11:41:40.526 E/RemoteViews( 2070): ANR Warning,RemoteViews can only be used once ,if not ,it may cause ANR in hosts such as Laucher,SystemUI. keys for search <ANR Exception MSG   History>
05-04 11:41:40.526 E/RemoteViews( 2070): ANR Warning,RemoteViews can only be used once ,if not ,it may cause ANR in hosts such as Laucher,SystemUI. keys for search <ANR Exception MSG   History>
05-04 11:41:40.526 E/RemoteViews( 2070): ANR Warning,RemoteViews can only be used once ,if not ,it may cause ANR in hosts such as Laucher,SystemUI. keys for search <ANR Exception MSG   History>
05-04 11:41:40.526 E/RemoteViews( 2070): ANR Warning,RemoteViews can only be used once ,if not ,it may cause ANR in hosts such as Laucher,SystemUI. keys for search <ANR Exception MSG   History>
05-04 11:41:40.527 E/RemoteViews( 2070): ANR Warning,RemoteViews can only be used once ,if not ,it may cause ANR in hosts such as Laucher,SystemUI. keys for search <ANR Exception MSG   History>
05-04 11:41:40.527 E/RemoteViews( 2070): ANR Warning,RemoteViews can only be used once ,if not ,it may cause ANR in hosts such as Laucher,SystemUI. keys for search <ANR Exception MSG   History>
