--------- beginning of /dev/log/system
05-04 10:12:25.837 E/ActivityManager(  985): START {cmp=com.xinhe.ocr/.two.activity.credit.reinput.apply.ReInputCustomerApplyBasicThirdActivity u=0} from pid 11679
05-04 10:13:16.647 E/ActivityManager(  985): START {cmp=com.xinhe.ocr/.two.activity.credit.reinput.apply.ReInputCustomerApplyLinkManActivity u=0} from pid 11679
05-04 10:14:37.848 E/ActivityManager(  985): START {cmp=com.xinhe.ocr/.two.activity.credit.reinput.apply.ReInputCustomerApplyCertificateActivity u=0} from pid 11679
05-04 10:14:51.134 E/ActivityManager(  985): START {cmp=com.xinhe.ocr/.two.activity.credit.reinput.apply.ReInputCustomerApplyOccupationActivity u=0} from pid 11679
--------- beginning of /dev/log/main
05-04 10:15:24.075 E/QueryController(11650): Got null root node from accessibility - Retrying...
05-04 10:15:26.823 E/QueryController(11650): Got null root node from accessibility - Retrying...
05-04 10:15:29.496 E/QueryController(11650): Got null root node from accessibility - Retrying...
05-04 10:16:09.517 E/NetworkStats(  985): success. readNetworkStatsDetail size = 98
05-04 10:16:09.517 E/NetworkStats(  985): success. readNetworkStatsDetailWithPids end.
05-04 10:16:36.494 E/dalvikvm(12381): /system/framework/input.jar odex has stale dependencies
05-04 10:16:36.651 E/memtrack(12381): Couldn't load memtrack module (No such file or directory)
05-04 10:16:36.651 E/android.os.Debug(12381): failed to load memtrack module: -2
05-04 10:16:36.726 E/ActivityManager(  985): START {act=android.intent.action.MAIN cat=[android.intent.category.HOME] flg=0x10200000 cmp=com.oppo.launcher/.Launcher u=0} from pid 985
05-04 10:16:36.977 E/InputLog(  985): WindowManager :  startDockOrHome ok
05-04 10:16:36.984 E/jdwp    (12381): jdwp::setsockopt(SO_SNDTIMEO)
05-04 10:16:36.984 E/jdwp    (12381): jdwp::setsockopt(SO_RCVTIMEO)
05-04 10:16:37.517 E/dalvikvm(12395): /system/framework/ime.jar odex has stale dependencies
05-04 10:16:37.677 E/memtrack(12395): Couldn't load memtrack module (No such file or directory)
05-04 10:16:37.677 E/android.os.Debug(12395): failed to load memtrack module: -2
05-04 10:16:37.743 F/InputMethodManagerService(  985): Input Method Manager Crash
05-04 10:16:37.743 F/InputMethodManagerService(  985): java.lang.IllegalArgumentException: Unknown id: WARNING:
05-04 10:16:37.743 F/InputMethodManagerService(  985): 	at com.android.server.InputMethodManagerService.setInputMethodLocked(InputMethodManagerService.java:1748)
05-04 10:16:37.743 F/InputMethodManagerService(  985): 	at com.android.server.InputMethodManagerService.setInputMethodWithSubtypeId(InputMethodManagerService.java:2426)
05-04 10:16:37.743 F/InputMethodManagerService(  985): 	at com.android.server.InputMethodManagerService.setInputMethod(InputMethodManagerService.java:2204)
05-04 10:16:37.743 F/InputMethodManagerService(  985): 	at com.android.internal.view.IInputMethodManager$Stub.onTransact(IInputMethodManager.java:259)
05-04 10:16:37.743 F/InputMethodManagerService(  985): 	at com.android.server.InputMethodManagerService.onTransact(InputMethodManagerService.java:852)
05-04 10:16:37.743 F/InputMethodManagerService(  985): 	at android.os.Binder.execTransact(Binder.java:404)
05-04 10:16:37.743 F/InputMethodManagerService(  985): 	at dalvik.system.NativeStart.run(Native Method)
05-04 10:16:38.060 E/jdwp    (12395): jdwp::setsockopt(SO_SNDTIMEO)
05-04 10:16:38.060 E/jdwp    (12395): jdwp::setsockopt(SO_RCVTIMEO)
05-04 10:16:38.065 E/dalvikvm(12409): Could not find class 'com.qihoo360.mobilesafe.service.KLJobServiceXYZ', referenced from method com.qihoo360.mobilesafe.ui.index.MobileSafeApplication.onCreate
05-04 10:16:38.238 E/Parcel  (12409): Reading a NULL string not supported here.
05-04 10:16:38.393 E/dalvikvm(12427): /system/framework/am.jar odex has stale dependencies
05-04 10:16:38.543 E/memtrack(12427): Couldn't load memtrack module (No such file or directory)
05-04 10:16:38.544 E/android.os.Debug(12427): failed to load memtrack module: -2
05-04 10:16:38.663 E/MTKLogger/Utils(12444): MODEM_INDEX_SET added index: 1
05-04 10:16:38.663 E/MTKLogger/Utils(12444): NoSuchFieldException
05-04 10:16:38.664 E/MTKLogger/Utils(12444): NoSuchFieldException
05-04 10:16:38.665 E/MTKLogger/Utils(12444): NoSuchFieldException
05-04 10:16:38.666 E/MTKLogger/Utils(12444): NoSuchFieldException
05-04 10:16:38.667 E/MTKLogger/Utils(12444): NoSuchFieldException
05-04 10:16:38.668 E/MTKLogger/Utils(12444):  modem MODEM_MAP index: null
05-04 10:16:38.668 E/MTKLogger/Utils(12444):  modem MODEM_MAP index: null
05-04 10:16:38.668 E/MTKLogger/Utils(12444):  modem MODEM_MAP index: null
05-04 10:16:38.668 E/MTKLogger/Utils(12444):  modem MODEM_MAP index: null
05-04 10:16:38.668 E/MTKLogger/Utils(12444):  modem MODEM_MAP index: null
05-04 10:16:38.668 E/MTKLogger/Utils(12444):  modem MODEM_MAP index: null
05-04 10:16:38.668 E/MTKLogger/Utils(12444):  modem MODEM_MAP index: null
05-04 10:16:38.668 E/MTKLogger/Utils(12444):  modem MODEM_MAP index: null
05-04 10:16:38.688 E/jdwp    (12427): jdwp::setsockopt(SO_SNDTIMEO)
05-04 10:16:38.688 E/jdwp    (12427): jdwp::setsockopt(SO_RCVTIMEO)
05-04 10:16:38.989 E/Sensors (  985): handleToDriver handle(0)
05-04 10:16:38.989 E/Accel   (  985): ACC batch: handle:0, en:1, maxBatchReportLatencyNs:0 
05-04 10:16:38.989 E/Sensors (  985): sensor 0 go to common batch
05-04 10:16:38.989 E/Sensors (  985): handleToDriver handle(0)
05-04 10:16:38.989 E/Sensors (  985): handleToDriver handle(0)
05-04 10:16:38.990 E/Sensors (  985): new setDelay handle(0),ns(20000000)m, error(0), index(2)
05-04 10:16:38.990 E/Accel   (  985): ACC batch: handle:0, en:0, maxBatchReportLatencyNs:0 
05-04 10:16:38.990 E/Sensors (  985): sensor 0 go to common batch
05-04 10:16:38.990 E/Sensors (  985): handleToDriver handle(0)
05-04 10:16:38.990 E/Sensors (  985): go to batchsensor
05-04 10:16:38.990 E/Sensors (  985): handleToDriver handle(0)
05-04 10:16:41.852 E/RemoteViews( 2744): ANR Warning,RemoteViews can only be used once ,if not ,it may cause ANR in hosts such as Laucher,SystemUI. keys for search <ANR Exception MSG   History>
05-04 10:16:41.853 E/RemoteViews( 2744): ANR Warning,RemoteViews can only be used once ,if not ,it may cause ANR in hosts such as Laucher,SystemUI. keys for search <ANR Exception MSG   History>
05-04 10:16:41.854 E/RemoteViews( 2744): ANR Warning,RemoteViews can only be used once ,if not ,it may cause ANR in hosts such as Laucher,SystemUI. keys for search <ANR Exception MSG   History>
05-04 10:16:41.855 E/RemoteViews( 2744): ANR Warning,RemoteViews can only be used once ,if not ,it may cause ANR in hosts such as Laucher,SystemUI. keys for search <ANR Exception MSG   History>
05-04 10:16:41.855 E/RemoteViews( 2744): ANR Warning,RemoteViews can only be used once ,if not ,it may cause ANR in hosts such as Laucher,SystemUI. keys for search <ANR Exception MSG   History>
05-04 10:16:41.865 E/RemoteViews(  985): ANR Warning,RemoteViews can only be used once ,if not ,it may cause ANR in hosts such as Laucher,SystemUI. keys for search <ANR Exception MSG   History>
05-04 10:16:41.867 E/RemoteViews(  985): ANR Warning,RemoteViews can only be used once ,if not ,it may cause ANR in hosts such as Laucher,SystemUI. keys for search <ANR Exception MSG   History>
05-04 10:16:41.868 E/RemoteViews(  985): ANR Warning,RemoteViews can only be used once ,if not ,it may cause ANR in hosts such as Laucher,SystemUI. keys for search <ANR Exception MSG   History>
05-04 10:16:41.868 E/RemoteViews(  985): ANR Warning,RemoteViews can only be used once ,if not ,it may cause ANR in hosts such as Laucher,SystemUI. keys for search <ANR Exception MSG   History>
05-04 10:16:41.870 E/RemoteViews(  985): ANR Warning,RemoteViews can only be used once ,if not ,it may cause ANR in hosts such as Laucher,SystemUI. keys for search <ANR Exception MSG   History>
05-04 10:16:41.870 E/RemoteViews(  985): ANR Warning,RemoteViews can only be used once ,if not ,it may cause ANR in hosts such as Laucher,SystemUI. keys for search <ANR Exception MSG   History>
05-04 10:16:41.870 E/RemoteViews(  985): ANR Warning,RemoteViews can only be used once ,if not ,it may cause ANR in hosts such as Laucher,SystemUI. keys for search <ANR Exception MSG   History>
05-04 10:16:41.871 E/RemoteViews(  985): ANR Warning,RemoteViews can only be used once ,if not ,it may cause ANR in hosts such as Laucher,SystemUI. keys for search <ANR Exception MSG   History>
05-04 10:16:41.888 E/RemoteViews(  985): ANR Warning,RemoteViews can only be used once ,if not ,it may cause ANR in hosts such as Laucher,SystemUI. keys for search <ANR Exception MSG   History>
05-04 10:16:41.888 E/RemoteViews(  985): ANR Warning,RemoteViews can only be used once ,if not ,it may cause ANR in hosts such as Laucher,SystemUI. keys for search <ANR Exception MSG   History>
05-04 10:16:41.889 E/RemoteViews(  985): ANR Warning,RemoteViews can only be used once ,if not ,it may cause ANR in hosts such as Laucher,SystemUI. keys for search <ANR Exception MSG   History>
05-04 10:16:41.889 E/RemoteViews(  985): ANR Warning,RemoteViews can only be used once ,if not ,it may cause ANR in hosts such as Laucher,SystemUI. keys for search <ANR Exception MSG   History>
05-04 10:16:41.889 E/RemoteViews(  985): ANR Warning,RemoteViews can only be used once ,if not ,it may cause ANR in hosts such as Laucher,SystemUI. keys for search <ANR Exception MSG   History>
05-04 10:16:41.889 E/RemoteViews(  985): ANR Warning,RemoteViews can only be used once ,if not ,it may cause ANR in hosts such as Laucher,SystemUI. keys for search <ANR Exception MSG   History>
05-04 10:16:41.889 E/RemoteViews(  985): ANR Warning,RemoteViews can only be used once ,if not ,it may cause ANR in hosts such as Laucher,SystemUI. keys for search <ANR Exception MSG   History>
05-04 10:16:41.890 E/RemoteViews(  985): ANR Warning,RemoteViews can only be used once ,if not ,it may cause ANR in hosts such as Laucher,SystemUI. keys for search <ANR Exception MSG   History>
05-04 10:16:41.908 E/RemoteViews( 2070): ANR Warning,RemoteViews can only be used once ,if not ,it may cause ANR in hosts such as Laucher,SystemUI. keys for search <ANR Exception MSG   History>
05-04 10:16:41.908 E/RemoteViews( 2070): ANR Warning,RemoteViews can only be used once ,if not ,it may cause ANR in hosts such as Laucher,SystemUI. keys for search <ANR Exception MSG   History>
05-04 10:16:41.909 E/RemoteViews( 2070): ANR Warning,RemoteViews can only be used once ,if not ,it may cause ANR in hosts such as Laucher,SystemUI. keys for search <ANR Exception MSG   History>
05-04 10:16:41.909 E/RemoteViews( 2070): ANR Warning,RemoteViews can only be used once ,if not ,it may cause ANR in hosts such as Laucher,SystemUI. keys for search <ANR Exception MSG   History>
05-04 10:16:41.909 E/RemoteViews( 2070): ANR Warning,RemoteViews can only be used once ,if not ,it may cause ANR in hosts such as Laucher,SystemUI. keys for search <ANR Exception MSG   History>
05-04 10:16:41.909 E/RemoteViews( 2070): ANR Warning,RemoteViews can only be used once ,if not ,it may cause ANR in hosts such as Laucher,SystemUI. keys for search <ANR Exception MSG   History>
05-04 10:16:41.909 E/RemoteViews( 2070): ANR Warning,RemoteViews can only be used once ,if not ,it may cause ANR in hosts such as Laucher,SystemUI. keys for search <ANR Exception MSG   History>
05-04 10:16:41.909 E/RemoteViews( 2070): ANR Warning,RemoteViews can only be used once ,if not ,it may cause ANR in hosts such as Laucher,SystemUI. keys for search <ANR Exception MSG   History>
05-04 10:16:41.931 E/RemoteViews( 2070): ANR Warning,RemoteViews can only be used once ,if not ,it may cause ANR in hosts such as Laucher,SystemUI. keys for search <ANR Exception MSG   History>
05-04 10:16:41.931 E/RemoteViews( 2070): ANR Warning,RemoteViews can only be used once ,if not ,it may cause ANR in hosts such as Laucher,SystemUI. keys for search <ANR Exception MSG   History>
05-04 10:16:41.931 E/RemoteViews( 2070): ANR Warning,RemoteViews can only be used once ,if not ,it may cause ANR in hosts such as Laucher,SystemUI. keys for search <ANR Exception MSG   History>
05-04 10:16:41.931 E/RemoteViews( 2070): ANR Warning,RemoteViews can only be used once ,if not ,it may cause ANR in hosts such as Laucher,SystemUI. keys for search <ANR Exception MSG   History>
05-04 10:16:41.931 E/RemoteViews( 2070): ANR Warning,RemoteViews can only be used once ,if not ,it may cause ANR in hosts such as Laucher,SystemUI. keys for search <ANR Exception MSG   History>
05-04 10:16:41.931 E/RemoteViews( 2070): ANR Warning,RemoteViews can only be used once ,if not ,it may cause ANR in hosts such as Laucher,SystemUI. keys for search <ANR Exception MSG   History>
05-04 10:16:41.932 E/RemoteViews( 2070): ANR Warning,RemoteViews can only be used once ,if not ,it may cause ANR in hosts such as Laucher,SystemUI. keys for search <ANR Exception MSG   History>
05-04 10:16:41.932 E/RemoteViews( 2070): ANR Warning,RemoteViews can only be used once ,if not ,it may cause ANR in hosts such as Laucher,SystemUI. keys for search <ANR Exception MSG   History>
05-04 10:16:46.704 E/CoreDaemon( 3308): not Start Daemon in coredaemon
05-04 10:16:46.705 E/CoreDaemon( 3307): not Start Daemon in coredaemon
05-04 10:17:22.657 E/memtrack(12527): Couldn't load memtrack module (No such file or directory)
05-04 10:17:22.657 E/android.os.Debug(12527): failed to load memtrack module: -2
05-04 10:17:27.185 E/RemoteViews( 2479): ANR Warning,RemoteViews can only be used once ,if not ,it may cause ANR in hosts such as Laucher,SystemUI. keys for search <ANR Exception MSG   History>
05-04 10:17:27.251 E/RemoteViews( 2070): ANR Warning,RemoteViews can only be used once ,if not ,it may cause ANR in hosts such as Laucher,SystemUI. keys for search <ANR Exception MSG   History>
05-04 10:17:27.271 E/RemoteViews(  985): ANR Warning,RemoteViews can only be used once ,if not ,it may cause ANR in hosts such as Laucher,SystemUI. keys for search <ANR Exception MSG   History>
05-04 10:17:27.324 E/RemoteViews(  985): ANR Warning,RemoteViews can only be used once ,if not ,it may cause ANR in hosts such as Laucher,SystemUI. keys for search <ANR Exception MSG   History>
05-04 10:17:27.346 E/RemoteViews(  985): ANR Warning,RemoteViews can only be used once ,if not ,it may cause ANR in hosts such as Laucher,SystemUI. keys for search <ANR Exception MSG   History>
05-04 10:17:27.382 E/RemoteViews(  985): ANR Warning,RemoteViews can only be used once ,if not ,it may cause ANR in hosts such as Laucher,SystemUI. keys for search <ANR Exception MSG   History>
05-04 10:17:27.392 E/RemoteViews( 2070): ANR Warning,RemoteViews can only be used once ,if not ,it may cause ANR in hosts such as Laucher,SystemUI. keys for search <ANR Exception MSG   History>
05-04 10:17:27.434 E/RemoteViews( 2070): ANR Warning,RemoteViews can only be used once ,if not ,it may cause ANR in hosts such as Laucher,SystemUI. keys for search <ANR Exception MSG   History>
05-04 10:17:27.487 E/RemoteViews( 2070): ANR Warning,RemoteViews can only be used once ,if not ,it may cause ANR in hosts such as Laucher,SystemUI. keys for search <ANR Exception MSG   History>
05-04 10:17:27.507 E/RemoteViews( 2070): ANR Warning,RemoteViews can only be used once ,if not ,it may cause ANR in hosts such as Laucher,SystemUI. keys for search <ANR Exception MSG   History>
