05-04 12:20:40.953 W/IntentResolver( 1035): resolveIntent: multiple matches, only some with CATEGORY_DEFAULT
05-04 12:20:40.966 W/IntentResolver( 1035): resolveIntent: multiple matches, only some with CATEGORY_DEFAULT
05-04 12:20:40.969 W/IntentResolver( 1035): resolveIntent: multiple matches, only some with CATEGORY_DEFAULT
05-04 12:20:40.970 W/IntentResolver( 1035): resolveIntent: multiple matches, only some with CATEGORY_DEFAULT
05-04 12:20:40.971 W/IntentResolver( 1035): resolveIntent: multiple matches, only some with CATEGORY_DEFAULT
05-04 12:20:40.977 E/PowerManagerFlyme( 3469): getWakeLockInfo failed: java.lang.NoSuchMethodException: getWakeLockData []
05-04 12:20:41.847 I/AudioFlinger(  331): setParameters(): io 0, keyvalue mediaserver_monitor=1, calling pid 1035
05-04 12:20:41.848 W/AudioALSAHardware(  331): setParameters(), still have param.size() = 1, remain param = "mediaserver_monitor=1"
05-04 12:20:41.849 I/str_params(  331): key: 'mediaserver_monitor' value: '1'
05-04 12:20:41.851 I/AudioPolicyManager(  331): setStreamVolumeIndex stream = 7 index = 15 device = 0x400
05-04 12:20:42.146 W/ConnectionRateView( 1467): mDataConnection: true
05-04 12:20:42.146 W/ConnectionRateView( 1467): mDataConnection: true
05-04 12:20:42.164 I/SurfaceFlinger(  298): [Built-in Screen (type:0)] fps:0.665019,dur:3007.43,max:2017.03,min:990.40
05-04 12:20:43.156 W/ConnectionRateView( 1467): mDataConnection: true
05-04 12:20:43.157 W/ConnectionRateView( 1467): mDataConnection: true
05-04 12:20:43.190 I/SurfaceFlinger(  298): [Built-in Screen (type:0)] fps:0.974265,dur:1026.41,max:1026.41,min:1026.41
05-04 12:20:43.251 I/NetworkManagementMz: AutoUpdateWidgetProviderService( 2932): hasWidget:false  hasNotification:false
05-04 12:20:43.613 W/Watchdog( 1035): SWT Watchdog after wait current time:2364175
05-04 12:20:43.613 W/Watchdog( 1035): **Get SF Time **1
05-04 12:20:43.614 W/Watchdog( 1035): SWT Watchdog before synchronized:2364175
05-04 12:20:43.614 W/Watchdog( 1035): SWT Watchdog after synchronized:2364175
05-04 12:20:43.614 W/Watchdog( 1035): SWT Watchdog before wait timeout:30000
05-04 12:20:43.614 W/Watchdog( 1035): SWT Watchdog before wait current time:2364176
05-04 12:20:43.615 W/Watchdog( 1035): SWT Watchdog before wait start:2364176
05-04 12:20:43.615 W/Watchdog( 1035): SWT Watchdog before wait CHECK_INTERVAL:30000
05-04 12:20:44.182 W/ConnectionRateView( 1467): mDataConnection: true
05-04 12:20:44.183 W/ConnectionRateView( 1467): mDataConnection: true
05-04 12:20:44.199 I/SurfaceFlinger(  298): [Built-in Screen (type:0)] fps:0.991548,dur:1008.52,max:1008.52,min:1008.52
05-04 12:20:44.510 I/NetworkManagementSocketTagger( 4337): untagSocket(21)
05-04 12:20:45.191 W/ConnectionRateView( 1467): mDataConnection: true
05-04 12:20:45.191 W/ConnectionRateView( 1467): mDataConnection: true
05-04 12:20:45.261 I/SurfaceFlinger(  298): [Built-in Screen (type:0)] fps:1.881628,dur:1062.91,max:1052.03,min:10.88
05-04 12:20:45.669 I/thermal_repeater(  363): oh, queryMdThermalInfo (0)Bad file number
05-04 12:20:45.679 I/thermal_repeater(  363): [recvMdThermalInfo] ret=26, strLen=127,  1, 32767,,, -1, 32767, 18
05-04 12:20:46.049 W/IntentResolver( 1035): resolveIntent: multiple matches, only some with CATEGORY_DEFAULT
05-04 12:20:46.050 W/IntentResolver( 1035): resolveIntent: multiple matches, only some with CATEGORY_DEFAULT
05-04 12:20:46.051 W/IntentResolver( 1035): resolveIntent: multiple matches, only some with CATEGORY_DEFAULT
05-04 12:20:46.052 W/IntentResolver( 1035): resolveIntent: multiple matches, only some with CATEGORY_DEFAULT
05-04 12:20:46.060 E/PowerManagerFlyme( 3469): getWakeLockInfo failed: java.lang.NoSuchMethodException: getWakeLockData []
05-04 12:20:46.110 W/IntentResolver( 1035): resolveIntent: multiple matches, only some with CATEGORY_DEFAULT
05-04 12:20:46.111 W/IntentResolver( 1035): resolveIntent: multiple matches, only some with CATEGORY_DEFAULT
05-04 12:20:46.112 W/IntentResolver( 1035): resolveIntent: multiple matches, only some with CATEGORY_DEFAULT
05-04 12:20:46.113 W/IntentResolver( 1035): resolveIntent: multiple matches, only some with CATEGORY_DEFAULT
05-04 12:20:46.202 W/ConnectionRateView( 1467): mDataConnection: true
05-04 12:20:46.202 W/ConnectionRateView( 1467): mDataConnection: true
05-04 12:20:46.684 W/PerfScheduler( 1035): p is Empty
05-04 12:20:46.684 W/PerfScheduler( 1035): keyValue ==  null
05-04 12:20:46.684 W/PerfScheduler( 1035): Not Boost !
05-04 12:20:46.695 W/PerfScheduler( 1035): p is Empty
05-04 12:20:46.695 W/PerfScheduler( 1035): keyValue ==  null
05-04 12:20:46.695 W/PerfScheduler( 1035): Not Boost !
05-04 12:20:46.698 I/SurfaceFlinger(  298): [Built-in Screen (type:0)] fps:1.392035,dur:1436.75,max:971.85,min:464.90
05-04 12:20:46.708 W/PerfScheduler( 1035): p is Empty
05-04 12:20:46.708 W/PerfScheduler( 1035): keyValue ==  null
05-04 12:20:46.708 W/PerfScheduler( 1035): Not Boost !
05-04 12:20:46.721 W/PerfScheduler( 1035): p is Empty
05-04 12:20:46.721 W/PerfScheduler( 1035): keyValue ==  null
05-04 12:20:46.721 W/PerfScheduler( 1035): Not Boost !
05-04 12:20:46.732 W/PerfScheduler( 1035): p is Empty
05-04 12:20:46.732 W/PerfScheduler( 1035): keyValue ==  null
05-04 12:20:46.732 W/PerfScheduler( 1035): Not Boost !
05-04 12:20:46.743 I/PerfService( 1035): PerfServiceNative_boostDisableAsync:5
05-04 12:20:46.743 I/libPerfService( 1035): 5: set: 1
05-04 12:20:46.743 I/libPerfService( 1035): 5: set freq: 0
05-04 12:20:46.752 I/ActivityManager( 1035): START u0 {act=android.intent.action.MAIN cat=[android.intent.category.LAUNCHER] flg=0x10200000 cmp=vn.android.adbwireless/.MainActivity bnds=[294,1248][540,1536]} from uid 10084 on display 0 from pid 2088
05-04 12:20:46.760 W/PerfScheduler( 1035): p is Empty
05-04 12:20:46.760 W/PerfScheduler( 1035): keyValue ==  null
05-04 12:20:46.760 W/PerfScheduler( 1035): Not Boost !
05-04 12:20:46.777 W/PerfScheduler( 1035): p is Empty
05-04 12:20:46.777 W/PerfScheduler( 1035): keyValue ==  null
05-04 12:20:46.777 W/PerfScheduler( 1035): Not Boost !
05-04 12:20:46.780 I/System.out( 2088): createMD5, pathFile is /data/app/vn.android.adbwireless-1/base.apk
05-04 12:20:46.780 I/libPerfService( 1035): perfSetFavorPid - pid:6346, 18ca
05-04 12:20:46.787 I/WindowManager( 1035): Losing focus: Window{7391f44 u0 com.meizu.flyme.launcher/com.meizu.flyme.launcher.Launcher}
05-04 12:20:46.809 I/memtrack_graphic( 1035): graphic_memtrack_get_memory match 4:      ion_mm_heap 2088  8355840   3 ffffffc02e445780 ffffffc013f02000.
05-04 12:20:46.809 I/memtrack_graphic( 1035):  : 2088 2088 8355840 3 2785280
05-04 12:20:46.809 I/memtrack_graphic( 1035): graphic_memtrack_get_memory match 4:      ion_mm_heap 2088  8355840   2 ffffffc0386dcd40 ffffffc021d3b700.
05-04 12:20:46.809 I/memtrack_graphic( 1035):  : 2088 2088 8355840 2 6963200
05-04 12:20:46.809 I/memtrack_graphic( 1035): graphic_memtrack_get_memory match 4:      ion_mm_heap 2088  8355840   3 ffffffc02e589000 ffffffc02e4de000.
05-04 12:20:46.809 I/memtrack_graphic( 1035):  : 2088 2088 8355840 3 9748480
05-04 12:20:46.838 I/NetworkManagementSocketTagger( 2565): untagSocket(68)
05-04 12:20:46.867 I/WindowManager( 1035): Gaining focus: Window{1682d38d u0 vn.android.adbwireless/vn.android.adbwireless.MainActivity}
05-04 12:20:46.868 I/[MALI][Gralloc](  298): Usage: 0xb00, format: 0x1 stride: 1088 vertical_stride: 1920 size: 8355840
05-04 12:20:46.869 I/[MALI][Gralloc](  298): Usage: 0xb00, format: 0x1 stride: 1088 vertical_stride: 1920 size: 8355840
05-04 12:20:46.870 I/[MALI][Gralloc](  298): Usage: 0xb00, format: 0x1 stride: 1088 vertical_stride: 1920 size: 8355840
05-04 12:20:46.871 I/AppiumUnicodeIME( 7303): onFinishInput
05-04 12:20:46.872 I/AppiumUnicodeIME( 7303): onStartInput
05-04 12:20:46.875 I/libPerfService( 1035): perfSetFavorPid - pid:0, 0
05-04 12:20:46.878 I/NetworkManagementSocketTagger( 2565): untagSocket(59)
05-04 12:20:46.887 I/libPerfService( 1035): perfSetFavorPid - pid:6346, 18ca
05-04 12:20:47.149 I/KeyguardUpdateMonitor( 1467): handleBatteryUpdate index=0 updateInteresting=false
05-04 12:20:47.208 W/ConnectionRateView( 1467): mDataConnection: true
05-04 12:20:47.208 W/ConnectionRateView( 1467): mDataConnection: true
05-04 12:20:47.531 W/PerfScheduler( 1035): p is Empty
05-04 12:20:47.531 W/PerfScheduler( 1035): keyValue ==  null
05-04 12:20:47.531 W/PerfScheduler( 1035): Not Boost !
05-04 12:20:47.542 W/PerfScheduler( 1035): p is Empty
05-04 12:20:47.542 W/PerfScheduler( 1035): keyValue ==  null
05-04 12:20:47.542 W/PerfScheduler( 1035): Not Boost !
05-04 12:20:47.544 I/libPerfService( 1035): perfSetFavorPid - pid:0, 0
05-04 12:20:47.555 W/PerfScheduler( 1035): p is Empty
05-04 12:20:47.555 W/PerfScheduler( 1035): keyValue ==  null
05-04 12:20:47.555 W/PerfScheduler( 1035): Not Boost !
05-04 12:20:47.566 W/PerfScheduler( 1035): p is Empty
05-04 12:20:47.566 W/PerfScheduler( 1035): keyValue ==  null
05-04 12:20:47.567 W/PerfScheduler( 1035): Not Boost !
05-04 12:20:47.578 W/PerfScheduler( 1035): p is Empty
05-04 12:20:47.578 W/PerfScheduler( 1035): keyValue ==  null
05-04 12:20:47.578 W/PerfScheduler( 1035): Not Boost !
05-04 12:20:47.590 I/PerfService( 1035): PerfServiceNative_boostDisableAsync:5
05-04 12:20:47.590 I/libPerfService( 1035): 5: set: 1
05-04 12:20:47.591 I/libPerfService( 1035): 5: set freq: 0
05-04 12:20:47.650 I/libPerfService( 1035): perfSetFavorPid - pid:6346, 18ca
05-04 12:20:47.664 I/NetworkManagementSocketTagger( 2565): untagSocket(68)
05-04 12:20:47.705 I/NetworkManagementSocketTagger( 2565): untagSocket(67)
05-04 12:20:47.707 I/SurfaceFlinger(  298): [Built-in Screen (type:0)] fps:33.705879,dur:1008.73,max:308.07,min:9.47
05-04 12:20:47.726 I/NetworkManagementSocketTagger( 1035): untagSocket(221)
05-04 12:20:47.727 I/NetworkManagementSocketTagger( 1035): untagSocket(221)
05-04 12:20:47.788 W/recents.Component( 1467): create a new LoadPlan to load thumbnail -- background
05-04 12:20:47.793 W/recents.Performance( 1467): preload while task Change spend : 5
05-04 12:20:48.301 I/WindowManager( 1035): interceptKeyTq keycode=269 interactive=true keyguardActive=false policyFlags=22000000 down =true canceled = false isWakeKey=false mVolumeDownKeyTriggered =false mVolumeUpKeyTriggered =false result = 1 useHapticFeedback = false isInjected = false result = 1
05-04 12:20:48.419 I/WindowManager( 1035): interceptKeyTq keycode=3 interactive=true keyguardActive=false policyFlags=22000000 down =true canceled = false isWakeKey=false mVolumeDownKeyTriggered =false mVolumeUpKeyTriggered =false result = 1 useHapticFeedback = false isInjected = false result = 1
05-04 12:20:48.420 I/WindowManager( 1035): interceptKeyTi keyCode=3 down=true repeatCount=0 keyguardOn=false mHomePressed=false canceled=false metaState:0
05-04 12:20:48.420 W/PerfScheduler( 1035): p is Empty
05-04 12:20:48.420 W/PerfScheduler( 1035): keyValue ==  null
05-04 12:20:48.420 W/PerfScheduler( 1035): Not Boost !
05-04 12:20:48.425 I/libPerfService( 1035): perfSetFavorPid - pid:0, 0
05-04 12:20:48.426 I/recents.RecentsStage( 1467): resetStage
05-04 12:20:48.550 I/NetworkManagementSocketTagger( 4337): untagSocket(21)
05-04 12:20:48.599 I/WindowManager( 1035): interceptKeyTq keycode=3 interactive=true keyguardActive=false policyFlags=22000000 down =false canceled = false isWakeKey=false mVolumeDownKeyTriggered =false mVolumeUpKeyTriggered =false result = 1 useHapticFeedback = false isInjected = false result = 1
05-04 12:20:48.599 I/WindowManager( 1035): interceptKeyTi keyCode=3 down=false repeatCount=0 keyguardOn=false mHomePressed=true canceled=false metaState:0
05-04 12:20:48.599 W/PerfScheduler( 1035): p is Empty
05-04 12:20:48.599 W/PerfScheduler( 1035): keyValue ==  null
05-04 12:20:48.599 W/PerfScheduler( 1035): Not Boost !
05-04 12:20:48.600 I/WindowManager( 1035): interceptKey home mDoubleTapOnHomeBehavior === 0
05-04 12:20:48.613 I/ActivityManager( 1035): START u0 {act=android.intent.action.MAIN cat=[android.intent.category.HOME] flg=0x10200000 cmp=com.meizu.flyme.launcher/.Launcher} from uid 1000 on display 0 from pid 1035
05-04 12:20:48.629 W/PerfScheduler( 1035): p is Empty
05-04 12:20:48.629 W/PerfScheduler( 1035): keyValue ==  null
05-04 12:20:48.629 W/PerfScheduler( 1035): Not Boost !
05-04 12:20:48.630 I/[MALI][Gralloc](  298): Usage: 0x333, format: 0x1 stride: 544 vertical_stride: 960 size: 2088960
05-04 12:20:48.641 I/art     ( 1035): [heap] RegisterNativeAllocation start bytes:2088960
05-04 12:20:48.641 I/art     ( 1035): [heap] RegisterNativeAllocation native_bytes_allocated_:0
05-04 12:20:48.641 I/art     ( 1035): [heap] RegisterNativeAllocation new_native_bytes_allocated:0, native_bytes_allocated_:2088960, native_footprint_gc_watermark_:524288, growth_limit_:268435456
05-04 12:20:48.641 I/art     ( 1035): [heap] RegisterNativeAllocation end
05-04 12:20:48.648 I/recents.RecentsStage( 1467): resetStage
05-04 12:20:48.648 W/PerfScheduler( 1035): p is Empty
05-04 12:20:48.648 W/PerfScheduler( 1035): keyValue ==  null
05-04 12:20:48.648 W/PerfScheduler( 1035): Not Boost !
05-04 12:20:48.655 I/libPerfService( 1035): perfSetFavorPid - pid:2088, 828
05-04 12:20:48.662 I/WindowManager( 1035): Losing focus: Window{1682d38d u0 vn.android.adbwireless/vn.android.adbwireless.MainActivity}
05-04 12:20:48.705 I/WindowManager( 1035): Gaining focus: Window{7391f44 u0 com.meizu.flyme.launcher/com.meizu.flyme.launcher.Launcher}
05-04 12:20:48.706 I/[MALI][Gralloc](  298): Usage: 0xb00, format: 0x1 stride: 1088 vertical_stride: 1920 size: 8355840
05-04 12:20:48.707 I/[MALI][Gralloc](  298): Usage: 0xb00, format: 0x1 stride: 1088 vertical_stride: 1920 size: 8355840
05-04 12:20:48.707 I/[MALI][Gralloc](  298): Usage: 0xb00, format: 0x1 stride: 1088 vertical_stride: 1920 size: 8355840
05-04 12:20:48.710 I/System.out( 2088): launcher guest mode set draglayout visiable
05-04 12:20:48.712 I/SurfaceFlinger(  298): [Built-in Screen (type:0)] fps:10.944590,dur:1005.06,max:632.66,min:15.17
05-04 12:20:48.720 E/Launcher( 2088): had load blur wallpaper
05-04 12:20:48.757 I/libPerfService( 1035): perfSetFavorPid - pid:0, 0
05-04 12:20:48.796 I/libPerfService( 1035): perfSetFavorPid - pid:2088, 828
05-04 12:20:48.798 I/AppiumUnicodeIME( 7303): onFinishInput
05-04 12:20:48.798 I/AppiumUnicodeIME( 7303): onStartInput
05-04 12:20:48.838 I/libPerfService( 1035): perfSetFavorPid - pid:0, 0
05-04 12:20:48.912 I/art     ( 1035): Background partial concurrent mark sweep GC freed 17782(1030KB) AllocSpace objects, 4(968KB) LOS objects, 8% free, 44MB/48MB, paused 2.159ms total 266.105ms
05-04 12:20:49.038 I/libPerfService( 1035): perfSetFavorPid - pid:2088, 828
05-04 12:20:49.217 W/IntentResolver( 1035): resolveIntent: multiple matches, only some with CATEGORY_DEFAULT
05-04 12:20:49.221 W/IntentResolver( 1035): resolveIntent: multiple matches, only some with CATEGORY_DEFAULT
05-04 12:20:49.226 W/IntentResolver( 1035): resolveIntent: multiple matches, only some with CATEGORY_DEFAULT
05-04 12:20:49.230 W/IntentResolver( 1035): resolveIntent: multiple matches, only some with CATEGORY_DEFAULT
05-04 12:20:49.279 W/IntentResolver( 1035): resolveIntent: multiple matches, only some with CATEGORY_DEFAULT
05-04 12:20:49.280 W/IntentResolver( 1035): resolveIntent: multiple matches, only some with CATEGORY_DEFAULT
05-04 12:20:49.282 W/IntentResolver( 1035): resolveIntent: multiple matches, only some with CATEGORY_DEFAULT
05-04 12:20:49.284 W/IntentResolver( 1035): resolveIntent: multiple matches, only some with CATEGORY_DEFAULT
05-04 12:20:49.291 E/PowerManagerFlyme( 3469): getWakeLockInfo failed: java.lang.NoSuchMethodException: getWakeLockData []
05-04 12:20:49.293 I/libPerfService( 1035): perfSetFavorPid - pid:0, 0
05-04 12:20:49.666 W/recents.Component( 1467): create a new LoadPlan to load thumbnail -- background
05-04 12:20:49.687 W/ResourceType( 1467): No package identifier when getting value for resource number 0x00000000
05-04 12:20:49.688 W/PackageManager( 1467): Failure retrieving resources for vn.android.adbwireless: Resource ID #0x0
05-04 12:20:49.714 I/recents.TaskLoadPlan( 1467): 		 load thumbnail from system
05-04 12:20:49.715 W/recents.Performance( 1467): preload while task Change spend : 51
05-04 12:20:49.745 I/libPerfService( 1035): 7: set: 1
05-04 12:20:49.746 I/libPerfService( 1035): 7: set freq: 0
05-04 12:20:50.226 W/ConnectionRateView( 1467): mDataConnection: true
05-04 12:20:50.226 W/ConnectionRateView( 1467): mDataConnection: true
05-04 12:20:50.243 I/SurfaceFlinger(  298): [Built-in Screen (type:0)] fps:13.714292,dur:1531.25,max:937.69,min:15.52
05-04 12:20:50.592 I/libPerfService( 1035): 7: set: 1
05-04 12:20:50.592 I/libPerfService( 1035): 7: set freq: 0
05-04 12:20:50.683 I/thermal_repeater(  363): oh, queryMdThermalInfo (0)Bad file number
05-04 12:20:50.694 I/thermal_repeater(  363): [recvMdThermalInfo] ret=26, strLen=127,  1, 32767,,, -1, 32767, 18
05-04 12:20:51.234 W/ConnectionRateView( 1467): mDataConnection: true
05-04 12:20:51.234 W/ConnectionRateView( 1467): mDataConnection: true
05-04 12:20:51.258 I/SurfaceFlinger(  298): [Built-in Screen (type:0)] fps:0.985665,dur:1014.54,max:1014.54,min:1014.54
05-04 12:20:51.811 W/ActivityManager( 1035): getRunningAppProcesses: caller 10094 does not hold REAL_GET_TASKS; limiting output
05-04 12:20:51.846 I/AudioFlinger(  331): setParameters(): io 0, keyvalue mediaserver_monitor=1, calling pid 1035
05-04 12:20:51.846 W/AudioALSAHardware(  331): setParameters(), still have param.size() = 1, remain param = "mediaserver_monitor=1"
05-04 12:20:51.846 I/str_params(  331): key: 'mediaserver_monitor' value: '1'
05-04 12:20:51.847 I/AudioPolicyManager(  331): setStreamVolumeIndex stream = 7 index = 15 device = 0x400
05-04 12:20:52.590 I/NetworkManagementSocketTagger( 4337): untagSocket(21)
05-04 12:20:53.252 W/ConnectionRateView( 1467): mDataConnection: true
05-04 12:20:53.252 W/ConnectionRateView( 1467): mDataConnection: true
05-04 12:20:53.275 I/SurfaceFlinger(  298): [Built-in Screen (type:0)] fps:0.495785,dur:2017.00,max:2017.00,min:2017.00
05-04 12:20:54.262 W/ConnectionRateView( 1467): mDataConnection: true
05-04 12:20:54.262 W/ConnectionRateView( 1467): mDataConnection: true
05-04 12:20:54.302 I/SurfaceFlinger(  298): [Built-in Screen (type:0)] fps:0.973808,dur:1026.90,max:1026.90,min:1026.90
05-04 12:20:54.351 W/IntentResolver( 1035): resolveIntent: multiple matches, only some with CATEGORY_DEFAULT
05-04 12:20:54.354 W/IntentResolver( 1035): resolveIntent: multiple matches, only some with CATEGORY_DEFAULT
05-04 12:20:54.357 W/IntentResolver( 1035): resolveIntent: multiple matches, only some with CATEGORY_DEFAULT
05-04 12:20:54.359 W/IntentResolver( 1035): resolveIntent: multiple matches, only some with CATEGORY_DEFAULT
05-04 12:20:54.367 E/PowerManagerFlyme( 3469): getWakeLockInfo failed: java.lang.NoSuchMethodException: getWakeLockData []
05-04 12:20:54.443 I/art     ( 2932): Explicit concurrent mark sweep GC freed 6250(277KB) AllocSpace objects, 1(64KB) LOS objects, 16% free, 20MB/24MB, paused 2.021ms total 58.113ms
05-04 12:20:54.481 W/IntentResolver( 1035): resolveIntent: multiple matches, only some with CATEGORY_DEFAULT
05-04 12:20:54.482 W/IntentResolver( 1035): resolveIntent: multiple matches, only some with CATEGORY_DEFAULT
05-04 12:20:54.483 W/IntentResolver( 1035): resolveIntent: multiple matches, only some with CATEGORY_DEFAULT
05-04 12:20:54.484 W/IntentResolver( 1035): resolveIntent: multiple matches, only some with CATEGORY_DEFAULT
05-04 12:20:55.089 I/System.out( 5028): [CDS]close[45791]
05-04 12:20:55.089 I/NetworkManagementSocketTagger( 5028): untagSocket(66)
05-04 12:20:55.281 W/ConnectionRateView( 1467): mDataConnection: true
05-04 12:20:55.281 W/ConnectionRateView( 1467): mDataConnection: true
05-04 12:20:55.314 I/SurfaceFlinger(  298): [Built-in Screen (type:0)] fps:0.987851,dur:1012.30,max:1012.30,min:1012.30
05-04 12:20:55.699 I/thermal_repeater(  363): oh, queryMdThermalInfo (0)Bad file number
05-04 12:20:55.710 I/thermal_repeater(  363): [recvMdThermalInfo] ret=26, strLen=127,  1, 32767,,, -1, 32767, 18
05-04 12:20:56.630 I/NetworkManagementSocketTagger( 4337): untagSocket(21)
05-04 12:20:57.156 I/KeyguardUpdateMonitor( 1467): handleBatteryUpdate index=0 updateInteresting=false
05-04 12:20:57.201 I/SurfaceFlinger(  298): [Built-in Screen (type:0)] fps:0.530051,dur:1886.61,max:1886.61,min:1886.61
05-04 12:20:57.287 W/ConnectionRateView( 1467): mDataConnection: true
05-04 12:20:57.287 W/ConnectionRateView( 1467): mDataConnection: true
05-04 12:20:57.599 W/IntentResolver( 1035): resolveIntent: multiple matches, only some with CATEGORY_DEFAULT
05-04 12:20:57.601 W/IntentResolver( 1035): resolveIntent: multiple matches, only some with CATEGORY_DEFAULT
05-04 12:20:57.602 W/IntentResolver( 1035): resolveIntent: multiple matches, only some with CATEGORY_DEFAULT
05-04 12:20:57.603 W/IntentResolver( 1035): resolveIntent: multiple matches, only some with CATEGORY_DEFAULT
05-04 12:20:57.622 W/IntentResolver( 1035): resolveIntent: multiple matches, only some with CATEGORY_DEFAULT
05-04 12:20:57.626 W/IntentResolver( 1035): resolveIntent: multiple matches, only some with CATEGORY_DEFAULT
05-04 12:20:57.627 W/IntentResolver( 1035): resolveIntent: multiple matches, only some with CATEGORY_DEFAULT
05-04 12:20:57.628 W/IntentResolver( 1035): resolveIntent: multiple matches, only some with CATEGORY_DEFAULT
05-04 12:20:57.637 E/PowerManagerFlyme( 3469): getWakeLockInfo failed: java.lang.NoSuchMethodException: getWakeLockData []
05-04 12:20:58.297 W/ConnectionRateView( 1467): mDataConnection: true
05-04 12:20:58.297 W/ConnectionRateView( 1467): mDataConnection: true
05-04 12:20:58.335 I/SurfaceFlinger(  298): [Built-in Screen (type:0)] fps:1.762953,dur:1134.46,max:1033.44,min:101.02
05-04 12:21:00.012 I/libPerfService( 1035): perfSetFavorPid - pid:2088, 828
05-04 12:21:00.015 I/memtrack_graphic( 1035): graphic_memtrack_get_memory match 4:      ion_mm_heap 2088  8355840   2 ffffffc006242ec0 ffffffc01b164900.
05-04 12:21:00.015 I/memtrack_graphic( 1035):  : 2088 2088 8355840 2 4177920
05-04 12:21:00.015 I/memtrack_graphic( 1035): graphic_memtrack_get_memory match 4:      ion_mm_heap 2088  8355840   3 ffffffc038445b40 ffffffc065bbe400.
05-04 12:21:00.015 I/memtrack_graphic( 1035):  : 2088 2088 8355840 3 6963200
05-04 12:21:00.042 I/libPerfService( 1035): perfSetFavorPid - pid:0, 0
05-04 12:21:00.048 I/libPerfService( 1035): perfSetFavorPid - pid:2088, 828
05-04 12:21:00.064 I/SurfaceFlinger(  298): [Built-in Screen (type:0)] fps:0.578384,dur:1728.95,max:1728.95,min:1728.95
05-04 12:21:00.306 W/ConnectionRateView( 1467): mDataConnection: true
05-04 12:21:00.306 W/ConnectionRateView( 1467): mDataConnection: true
05-04 12:21:00.670 I/NetworkManagementSocketTagger( 4337): untagSocket(21)
05-04 12:21:00.716 I/thermal_repeater(  363): oh, queryMdThermalInfo (0)Bad file number
05-04 12:21:00.724 I/thermal_repeater(  363): [recvMdThermalInfo] ret=26, strLen=127,  1, 32767,,, -1, 32767, 18
05-04 12:21:01.849 I/AudioFlinger(  331): setParameters(): io 0, keyvalue mediaserver_monitor=1, calling pid 1035
05-04 12:21:01.850 W/AudioALSAHardware(  331): setParameters(), still have param.size() = 1, remain param = "mediaserver_monitor=1"
05-04 12:21:01.851 I/str_params(  331): key: 'mediaserver_monitor' value: '1'
05-04 12:21:01.852 I/AudioPolicyManager(  331): setStreamVolumeIndex stream = 7 index = 15 device = 0x400
05-04 12:21:02.324 W/ConnectionRateView( 1467): mDataConnection: true
05-04 12:21:02.324 W/ConnectionRateView( 1467): mDataConnection: true
05-04 12:21:02.328 I/libPerfService( 1035): perfSetFavorPid - pid:0, 0
05-04 12:21:02.351 I/SurfaceFlinger(  298): [Built-in Screen (type:0)] fps:0.874539,dur:2286.92,max:2023.21,min:263.70
05-04 12:21:02.760 W/IntentResolver( 1035): resolveIntent: multiple matches, only some with CATEGORY_DEFAULT
05-04 12:21:02.761 W/IntentResolver( 1035): resolveIntent: multiple matches, only some with CATEGORY_DEFAULT
05-04 12:21:02.762 W/IntentResolver( 1035): resolveIntent: multiple matches, only some with CATEGORY_DEFAULT
05-04 12:21:02.763 W/IntentResolver( 1035): resolveIntent: multiple matches, only some with CATEGORY_DEFAULT
05-04 12:21:02.770 E/PowerManagerFlyme( 3469): getWakeLockInfo failed: java.lang.NoSuchMethodException: getWakeLockData []
05-04 12:21:02.820 W/IntentResolver( 1035): resolveIntent: multiple matches, only some with CATEGORY_DEFAULT
05-04 12:21:02.822 W/IntentResolver( 1035): resolveIntent: multiple matches, only some with CATEGORY_DEFAULT
05-04 12:21:02.823 W/IntentResolver( 1035): resolveIntent: multiple matches, only some with CATEGORY_DEFAULT
05-04 12:21:02.824 W/IntentResolver( 1035): resolveIntent: multiple matches, only some with CATEGORY_DEFAULT
05-04 12:21:03.334 W/ConnectionRateView( 1467): mDataConnection: true
05-04 12:21:03.334 W/ConnectionRateView( 1467): mDataConnection: true
05-04 12:21:03.360 I/SurfaceFlinger(  298): [Built-in Screen (type:0)] fps:0.991179,dur:1008.90,max:1008.90,min:1008.90
05-04 12:21:04.711 I/NetworkManagementSocketTagger( 4337): untagSocket(21)
05-04 12:21:05.349 W/ConnectionRateView( 1467): mDataConnection: true
05-04 12:21:05.349 W/ConnectionRateView( 1467): mDataConnection: true
05-04 12:21:05.376 I/SurfaceFlinger(  298): [Built-in Screen (type:0)] fps:0.495900,dur:2016.54,max:2016.54,min:2016.54
05-04 12:21:05.729 I/thermal_repeater(  363): oh, queryMdThermalInfo (0)Bad file number
05-04 12:21:05.740 I/thermal_repeater(  363): [recvMdThermalInfo] ret=26, strLen=127,  1, 32767,,, -1, 32767, 18
05-04 12:21:05.921 W/IntentResolver( 1035): resolveIntent: multiple matches, only some with CATEGORY_DEFAULT
05-04 12:21:05.922 W/IntentResolver( 1035): resolveIntent: multiple matches, only some with CATEGORY_DEFAULT
05-04 12:21:05.923 W/IntentResolver( 1035): resolveIntent: multiple matches, only some with CATEGORY_DEFAULT
05-04 12:21:05.924 W/IntentResolver( 1035): resolveIntent: multiple matches, only some with CATEGORY_DEFAULT
05-04 12:21:05.969 W/IntentResolver( 1035): resolveIntent: multiple matches, only some with CATEGORY_DEFAULT
05-04 12:21:05.998 W/IntentResolver( 1035): resolveIntent: multiple matches, only some with CATEGORY_DEFAULT
05-04 12:21:06.011 W/IntentResolver( 1035): resolveIntent: multiple matches, only some with CATEGORY_DEFAULT
05-04 12:21:06.013 W/IntentResolver( 1035): resolveIntent: multiple matches, only some with CATEGORY_DEFAULT
05-04 12:21:06.019 E/PowerManagerFlyme( 3469): getWakeLockInfo failed: java.lang.NoSuchMethodException: getWakeLockData []
05-04 12:21:06.359 W/ConnectionRateView( 1467): mDataConnection: true
05-04 12:21:06.359 W/ConnectionRateView( 1467): mDataConnection: true
05-04 12:21:06.385 I/SurfaceFlinger(  298): [Built-in Screen (type:0)] fps:0.991403,dur:1008.67,max:1008.67,min:1008.67
05-04 12:21:07.374 W/ConnectionRateView( 1467): mDataConnection: true
05-04 12:21:07.374 W/ConnectionRateView( 1467): mDataConnection: true
05-04 12:21:07.447 I/SurfaceFlinger(  298): [Built-in Screen (type:0)] fps:1.882704,dur:1062.30,max:1051.42,min:10.88
05-04 12:21:07.571 D/[BT3.0+HS]PAL(  375): == chip_reset_fd is set ==
05-04 12:21:07.571 D/[BT3.0+HS]PAL(  375): 
05-04 12:21:07.571 D/[BT3.0+HS]PAL(  375): invalid reply message
05-04 12:21:07.571 D/[BT3.0+HS]PAL(  375): 
05-04 12:21:08.385 W/ConnectionRateView( 1467): mDataConnection: true
05-04 12:21:08.385 W/ConnectionRateView( 1467): mDataConnection: true
05-04 12:21:08.750 I/NetworkManagementSocketTagger( 4337): untagSocket(21)
05-04 12:21:08.981 I/Netd    (  326): Get netlink event, ifname: wlan0 action: 4
05-04 12:21:08.984 D/[BT3.0+HS]PAL(  375): == chip_reset_fd is set ==
05-04 12:21:08.984 D/[BT3.0+HS]PAL(  375): 
05-04 12:21:08.984 D/[BT3.0+HS]PAL(  375): invalid reply message
05-04 12:21:08.984 D/[BT3.0+HS]PAL(  375): 
05-04 12:21:08.984 I/Netd    (  326): Get netlink event, ifname: wlan0 action: 4
05-04 12:21:08.992 D/[BT3.0+HS]PAL(  375): == chip_reset_fd is set ==
05-04 12:21:08.992 D/[BT3.0+HS]PAL(  375): 
05-04 12:21:08.992 D/[BT3.0+HS]PAL(  375): invalid reply message
05-04 12:21:08.992 D/[BT3.0+HS]PAL(  375): 
05-04 12:21:09.078 E/WifiAutoJoinController ( 1035): attemptAutoJoin() num recent config 1 current="RJYFZX-Wifi-02"WPA_PSK ---> suppNetId=12
05-04 12:21:10.747 I/thermal_repeater(  363): oh, queryMdThermalInfo (0)Bad file number
05-04 12:21:10.754 I/thermal_repeater(  363): [recvMdThermalInfo] ret=26, strLen=127,  1, 32767,,, -1, 32767, 18
05-04 12:21:11.849 I/AudioFlinger(  331): setParameters(): io 0, keyvalue mediaserver_monitor=1, calling pid 1035
05-04 12:21:11.850 W/AudioALSAHardware(  331): setParameters(), still have param.size() = 1, remain param = "mediaserver_monitor=1"
05-04 12:21:11.850 I/str_params(  331): key: 'mediaserver_monitor' value: '1'
05-04 12:21:11.853 I/AudioPolicyManager(  331): setStreamVolumeIndex stream = 7 index = 15 device = 0x400
05-04 12:21:12.790 I/NetworkManagementSocketTagger( 4337): untagSocket(21)
05-04 12:21:13.616 W/Watchdog( 1035): SWT Watchdog after wait current time:2394177
05-04 12:21:13.616 W/Watchdog( 1035): **Get SF Time **1
05-04 12:21:13.617 W/Watchdog( 1035): SWT Watchdog before synchronized:2394178
05-04 12:21:13.617 W/Watchdog( 1035): SWT Watchdog after synchronized:2394178
05-04 12:21:13.617 W/Watchdog( 1035): SWT Watchdog before wait timeout:30000
05-04 12:21:13.617 W/Watchdog( 1035): SWT Watchdog before wait current time:2394179
05-04 12:21:13.617 W/Watchdog( 1035): SWT Watchdog before wait start:2394179
05-04 12:21:13.617 W/Watchdog( 1035): SWT Watchdog before wait CHECK_INTERVAL:30000
05-04 12:21:14.413 W/ConnectionRateView( 1467): mDataConnection: true
05-04 12:21:14.413 W/ConnectionRateView( 1467): mDataConnection: true
05-04 12:21:14.453 I/SurfaceFlinger(  298): [Built-in Screen (type:0)] fps:0.285499,dur:7005.28,max:6032.86,min:972.43
05-04 12:21:15.168 I/System.out( 5028): isEmailSend:POST
05-04 12:21:15.169 I/System.out( 5028): getAllHeaders:POST
05-04 12:21:15.169 I/System.out( 5028): httpHeader:Content-Type: application/json; charset=UTF-8
05-04 12:21:15.169 I/System.out( 5028): this.mCheckHandler:android.net.Proxy$DefaultHttpRequestCheckHandler@28c19d9
05-04 12:21:15.169 D/libc-netbsd( 5028): [getaddrinfo]: hostname=turbo2sdk-push.oupeng.com; servname=(null); cache_mode=(null), netid=0; mark=0
05-04 12:21:15.169 D/libc-netbsd( 5028): [getaddrinfo]: ai_addrlen=0; ai_canonname=(null); ai_flags=4; ai_family=0
05-04 12:21:15.169 D/libc-netbsd( 5028): [getaddrinfo]: hostname=turbo2sdk-push.oupeng.com; servname=(null); cache_mode=(null), netid=0; mark=0
05-04 12:21:15.169 D/libc-netbsd( 5028): [getaddrinfo]: ai_addrlen=0; ai_canonname=(null); ai_flags=1024; ai_family=0
05-04 12:21:15.170 D/libc-netbsd(  326): [getaddrinfo]: hostname=turbo2sdk-push.oupeng.com; servname=(null); cache_mode=local, netid=102; mark=917606
05-04 12:21:15.170 D/libc-netbsd(  326): [getaddrinfo]: ai_addrlen=0; ai_canonname=(null); ai_flags=1024; ai_family=0
05-04 12:21:15.170 D/libc-netbsd(  326): default dns: query_ipv6=0, query_ipv4=1
05-04 12:21:15.170 D/libc-netbsd(  326): res_queryN name = turbo2sdk-push.oupeng.com, class = 1, type = 1
05-04 12:21:15.170 D/libc-netbsd(  326): netid=102, dns0:202.106.0.20
05-04 12:21:15.170 D/libc-netbsd(  326): netid=102, dns1:8.8.8.8
05-04 12:21:15.193 D/libc-netbsd(  326): res_queryN name = turbo2sdk-push.oupeng.com succeed
05-04 12:21:15.193 D/libc-netbsd( 5028): getaddrinfo: turbo2sdk-push.oupeng.com get result from proxy >>
05-04 12:21:15.193 I/System.out( 5028): propertyValue:true
05-04 12:21:15.193 I/System.out( 5028): openConnection:1
05-04 12:21:15.193 D/libc-netbsd( 5028): [getaddrinfo]: hostname=59.151.95.247; servname=(null); cache_mode=(null), netid=0; mark=0
05-04 12:21:15.193 D/libc-netbsd( 5028): [getaddrinfo]: ai_addrlen=0; ai_canonname=(null); ai_flags=4; ai_family=0
05-04 12:21:15.194 I/System.out( 5028): [CDS]connect[/59.151.95.247:443] tm:60
05-04 12:21:15.423 W/ConnectionRateView( 1467): mDataConnection: true
05-04 12:21:15.423 W/ConnectionRateView( 1467): mDataConnection: true
05-04 12:21:15.462 I/SurfaceFlinger(  298): [Built-in Screen (type:0)] fps:0.991136,dur:1008.94,max:1008.94,min:1008.94
05-04 12:21:15.760 I/thermal_repeater(  363): oh, queryMdThermalInfo (0)Bad file number
05-04 12:21:15.771 I/thermal_repeater(  363): [recvMdThermalInfo] ret=26, strLen=127,  1, 32767,,, -1, 32767, 18
05-04 12:21:16.830 I/NetworkManagementSocketTagger( 4337): untagSocket(21)
05-04 12:21:17.165 I/KeyguardUpdateMonitor( 1467): handleBatteryUpdate index=0 updateInteresting=false
05-04 12:21:17.190 I/SurfaceFlinger(  298): [Built-in Screen (type:0)] fps:1.157203,dur:1728.31,max:990.81,min:737.49
05-04 12:21:17.461 W/ConnectionRateView( 1467): mDataConnection: true
05-04 12:21:17.461 W/ConnectionRateView( 1467): mDataConnection: true
05-04 12:21:18.479 W/ConnectionRateView( 1467): mDataConnection: true
05-04 12:21:18.479 W/ConnectionRateView( 1467): mDataConnection: true
05-04 12:21:18.504 I/SurfaceFlinger(  298): [Built-in Screen (type:0)] fps:2.282060,dur:1314.60,max:1015.84,min:17.79
05-04 12:21:19.497 W/ConnectionRateView( 1467): mDataConnection: true
05-04 12:21:19.497 W/ConnectionRateView( 1467): mDataConnection: true
05-04 12:21:19.513 I/SurfaceFlinger(  298): [Built-in Screen (type:0)] fps:0.991463,dur:1008.61,max:1008.61,min:1008.61
05-04 12:21:20.533 W/ConnectionRateView( 1467): mDataConnection: true
05-04 12:21:20.533 W/ConnectionRateView( 1467): mDataConnection: true
05-04 12:21:20.575 I/SurfaceFlinger(  298): [Built-in Screen (type:0)] fps:1.882655,dur:1062.33,max:1051.49,min:10.84
05-04 12:21:20.775 I/thermal_repeater(  363): oh, queryMdThermalInfo (0)Bad file number
05-04 12:21:20.786 I/thermal_repeater(  363): [recvMdThermalInfo] ret=26, strLen=127,  1, 32767,,, -1, 32767, 18
05-04 12:21:20.870 I/NetworkManagementSocketTagger( 4337): untagSocket(21)
05-04 12:21:21.801 W/ActivityManager( 1035): getRunningAppProcesses: caller 10094 does not hold REAL_GET_TASKS; limiting output
05-04 12:21:21.851 I/AudioFlinger(  331): setParameters(): io 0, keyvalue mediaserver_monitor=1, calling pid 1035
05-04 12:21:21.852 W/AudioALSAHardware(  331): setParameters(), still have param.size() = 1, remain param = "mediaserver_monitor=1"
05-04 12:21:21.852 I/str_params(  331): key: 'mediaserver_monitor' value: '1'
05-04 12:21:21.854 I/AudioPolicyManager(  331): setStreamVolumeIndex stream = 7 index = 15 device = 0x400
05-04 12:21:22.558 W/ConnectionRateView( 1467): mDataConnection: true
05-04 12:21:22.558 W/ConnectionRateView( 1467): mDataConnection: true
05-04 12:21:22.592 I/SurfaceFlinger(  298): [Built-in Screen (type:0)] fps:0.495784,dur:2017.01,max:2017.01,min:2017.01
05-04 12:21:23.567 W/ConnectionRateView( 1467): mDataConnection: true
05-04 12:21:23.567 W/ConnectionRateView( 1467): mDataConnection: true
05-04 12:21:23.601 I/SurfaceFlinger(  298): [Built-in Screen (type:0)] fps:0.991635,dur:1008.44,max:1008.44,min:1008.44
05-04 12:21:24.911 I/NetworkManagementSocketTagger( 4337): untagSocket(21)
05-04 12:21:25.597 W/ConnectionRateView( 1467): mDataConnection: true
05-04 12:21:25.597 W/ConnectionRateView( 1467): mDataConnection: true
05-04 12:21:25.636 I/SurfaceFlinger(  298): [Built-in Screen (type:0)] fps:0.491294,dur:2035.44,max:2035.44,min:2035.44
05-04 12:21:25.791 I/thermal_repeater(  363): oh, queryMdThermalInfo (0)Bad file number
05-04 12:21:25.801 I/thermal_repeater(  363): [recvMdThermalInfo] ret=26, strLen=127,  1, 32767,,, -1, 32767, 18
05-04 12:21:28.619 W/ConnectionRateView( 1467): mDataConnection: true
05-04 12:21:28.619 W/ConnectionRateView( 1467): mDataConnection: true
05-04 12:21:28.643 I/SurfaceFlinger(  298): [Built-in Screen (type:0)] fps:0.332570,dur:3006.89,max:3006.89,min:3006.89
05-04 12:21:28.950 I/NetworkManagementSocketTagger( 4337): untagSocket(21)
05-04 12:21:29.636 W/ConnectionRateView( 1467): mDataConnection: true
05-04 12:21:29.637 W/ConnectionRateView( 1467): mDataConnection: true
05-04 12:21:29.670 I/SurfaceFlinger(  298): [Built-in Screen (type:0)] fps:0.974189,dur:1026.50,max:1026.50,min:1026.50
05-04 12:21:30.809 I/thermal_repeater(  363): oh, queryMdThermalInfo (0)Bad file number
05-04 12:21:30.820 I/thermal_repeater(  363): [recvMdThermalInfo] ret=26, strLen=127,  1, 32767,,, -1, 32767, 18
05-04 12:21:31.654 W/ConnectionRateView( 1467): mDataConnection: true
05-04 12:21:31.654 W/ConnectionRateView( 1467): mDataConnection: true
05-04 12:21:31.687 I/SurfaceFlinger(  298): [Built-in Screen (type:0)] fps:0.991608,dur:2016.93,max:1025.61,min:991.32
05-04 12:21:31.851 I/AudioFlinger(  331): setParameters(): io 0, keyvalue mediaserver_monitor=1, calling pid 1035
05-04 12:21:31.852 W/AudioALSAHardware(  331): setParameters(), still have param.size() = 1, remain param = "mediaserver_monitor=1"
05-04 12:21:31.852 I/str_params(  331): key: 'mediaserver_monitor' value: '1'
05-04 12:21:31.854 I/AudioPolicyManager(  331): setStreamVolumeIndex stream = 7 index = 15 device = 0x400
05-04 12:21:32.671 W/ConnectionRateView( 1467): mDataConnection: true
05-04 12:21:32.671 W/ConnectionRateView( 1467): mDataConnection: true
05-04 12:21:32.695 I/SurfaceFlinger(  298): [Built-in Screen (type:0)] fps:0.991531,dur:1008.54,max:1008.54,min:1008.54
05-04 12:21:32.992 I/NetworkManagementSocketTagger( 4337): untagSocket(21)
05-04 12:21:34.691 W/ConnectionRateView( 1467): mDataConnection: true
05-04 12:21:34.691 W/ConnectionRateView( 1467): mDataConnection: true
05-04 12:21:34.731 I/SurfaceFlinger(  298): [Built-in Screen (type:0)] fps:0.491311,dur:2035.37,max:2035.37,min:2035.37
05-04 12:21:35.827 I/thermal_repeater(  363): oh, queryMdThermalInfo (0)Bad file number
05-04 12:21:35.839 I/thermal_repeater(  363): [recvMdThermalInfo] ret=26, strLen=127,  1, 32767,,, -1, 32767, 18
05-04 12:21:36.709 W/ConnectionRateView( 1467): mDataConnection: true
05-04 12:21:36.709 W/ConnectionRateView( 1467): mDataConnection: true
05-04 12:21:36.729 I/SurfaceFlinger(  298): [Built-in Screen (type:0)] fps:0.500375,dur:1998.50,max:1998.50,min:1998.50
05-04 12:21:37.033 I/NetworkManagementSocketTagger( 4337): untagSocket(21)
05-04 12:21:37.725 W/ConnectionRateView( 1467): mDataConnection: true
05-04 12:21:37.725 W/ConnectionRateView( 1467): mDataConnection: true
05-04 12:21:37.755 I/SurfaceFlinger(  298): [Built-in Screen (type:0)] fps:0.974231,dur:1026.45,max:1026.45,min:1026.45
05-04 12:21:38.742 W/ConnectionRateView( 1467): mDataConnection: true
05-04 12:21:38.742 W/ConnectionRateView( 1467): mDataConnection: true
05-04 12:21:38.782 I/SurfaceFlinger(  298): [Built-in Screen (type:0)] fps:0.974116,dur:1026.57,max:1026.57,min:1026.57
05-04 12:21:40.844 I/thermal_repeater(  363): oh, queryMdThermalInfo (0)Bad file number
05-04 12:21:40.855 I/thermal_repeater(  363): [recvMdThermalInfo] ret=26, strLen=127,  1, 32767,,, -1, 32767, 18
05-04 12:21:41.070 I/NetworkManagementSocketTagger( 4337): untagSocket(21)
05-04 12:21:41.852 I/AudioFlinger(  331): setParameters(): io 0, keyvalue mediaserver_monitor=1, calling pid 1035
05-04 12:21:41.853 W/AudioALSAHardware(  331): setParameters(), still have param.size() = 1, remain param = "mediaserver_monitor=1"
05-04 12:21:41.853 I/str_params(  331): key: 'mediaserver_monitor' value: '1'
05-04 12:21:41.856 I/AudioPolicyManager(  331): setStreamVolumeIndex stream = 7 index = 15 device = 0x400
05-04 12:21:42.264 I/libPerfService( 1035): perfSetFavorPid - pid:2088, 828
05-04 12:21:43.331 I/NetworkManagementMz: AutoUpdateWidgetProviderService( 2932): hasWidget:false  hasNotification:false
05-04 12:21:43.618 W/Watchdog( 1035): SWT Watchdog after wait current time:2424179
05-04 12:21:43.618 W/Watchdog( 1035): **Get SF Time **1
05-04 12:21:43.618 W/Watchdog( 1035): SWT Watchdog before synchronized:2424180
05-04 12:21:43.619 W/Watchdog( 1035): SWT Watchdog after synchronized:2424180
05-04 12:21:43.619 W/Watchdog( 1035): SWT Watchdog before wait timeout:30000
05-04 12:21:43.619 W/Watchdog( 1035): SWT Watchdog before wait current time:2424180
05-04 12:21:43.619 W/Watchdog( 1035): SWT Watchdog before wait start:2424180
05-04 12:21:43.619 W/Watchdog( 1035): SWT Watchdog before wait CHECK_INTERVAL:30000
05-04 12:21:44.772 W/ConnectionRateView( 1467): mDataConnection: true
05-04 12:21:44.772 W/ConnectionRateView( 1467): mDataConnection: true
05-04 12:21:44.775 I/libPerfService( 1035): perfSetFavorPid - pid:0, 0
05-04 12:21:44.797 I/SurfaceFlinger(  298): [Built-in Screen (type:0)] fps:0.166258,dur:6014.76,max:6014.76,min:6014.76
05-04 12:21:45.110 I/NetworkManagementSocketTagger( 4337): untagSocket(21)
05-04 12:21:45.547 I/libPerfService( 1035): perfSetFavorPid - pid:2088, 828
05-04 12:21:45.859 I/thermal_repeater(  363): oh, queryMdThermalInfo (0)Bad file number
05-04 12:21:45.870 I/thermal_repeater(  363): [recvMdThermalInfo] ret=26, strLen=127,  1, 32767,,, -1, 32767, 18
05-04 12:21:46.787 W/ConnectionRateView( 1467): mDataConnection: true
05-04 12:21:46.787 W/ConnectionRateView( 1467): mDataConnection: true
05-04 12:21:46.791 I/libPerfService( 1035): perfSetFavorPid - pid:0, 0
05-04 12:21:46.814 I/SurfaceFlinger(  298): [Built-in Screen (type:0)] fps:0.495701,dur:2017.34,max:2017.34,min:2017.34
05-04 12:21:47.175 I/KeyguardUpdateMonitor( 1467): handleBatteryUpdate index=0 updateInteresting=true
05-04 12:21:47.571 D/[BT3.0+HS]PAL(  375): == chip_reset_fd is set ==
05-04 12:21:47.572 D/[BT3.0+HS]PAL(  375): 
05-04 12:21:47.572 D/[BT3.0+HS]PAL(  375): invalid reply message
05-04 12:21:47.572 D/[BT3.0+HS]PAL(  375): 
05-04 12:21:47.794 W/ConnectionRateView( 1467): mDataConnection: true
05-04 12:21:47.794 W/ConnectionRateView( 1467): mDataConnection: true
05-04 12:21:47.816 I/SurfaceFlinger(  298): [Built-in Screen (type:0)] fps:3.992680,dur:1001.83,max:577.30,min:17.67
05-04 12:21:48.811 W/ConnectionRateView( 1467): mDataConnection: true
05-04 12:21:48.811 W/ConnectionRateView( 1467): mDataConnection: true
05-04 12:21:48.849 I/SurfaceFlinger(  298): [Built-in Screen (type:0)] fps:0.968373,dur:1032.66,max:1032.66,min:1032.66
05-04 12:21:48.908 D/[BT3.0+HS]PAL(  375): == chip_reset_fd is set ==
05-04 12:21:48.908 D/[BT3.0+HS]PAL(  375): 
05-04 12:21:48.908 D/[BT3.0+HS]PAL(  375): invalid reply message
05-04 12:21:48.908 D/[BT3.0+HS]PAL(  375): 
05-04 12:21:48.912 D/[BT3.0+HS]PAL(  375): == chip_reset_fd is set ==
05-04 12:21:48.912 D/[BT3.0+HS]PAL(  375): 
05-04 12:21:48.912 D/[BT3.0+HS]PAL(  375): invalid reply message
05-04 12:21:48.912 D/[BT3.0+HS]PAL(  375): 
05-04 12:21:48.913 I/Netd    (  326): Get netlink event, ifname: wlan0 action: 4
05-04 12:21:48.913 I/Netd    (  326): Get netlink event, ifname: wlan0 action: 4
05-04 12:21:48.991 E/WifiAutoJoinController ( 1035): attemptAutoJoin() num recent config 1 current="RJYFZX-Wifi-02"WPA_PSK ---> suppNetId=12
05-04 12:21:49.150 I/NetworkManagementSocketTagger( 4337): untagSocket(21)
05-04 12:21:49.830 W/ConnectionRateView( 1467): mDataConnection: true
05-04 12:21:49.830 W/ConnectionRateView( 1467): mDataConnection: true
05-04 12:21:49.858 I/SurfaceFlinger(  298): [Built-in Screen (type:0)] fps:0.991188,dur:1008.89,max:1008.89,min:1008.89
05-04 12:21:50.858 I/UsageStatsService( 1035): User[0] Flushing usage stats to disk
05-04 12:21:50.877 I/thermal_repeater(  363): oh, queryMdThermalInfo (0)Bad file number
05-04 12:21:50.892 I/thermal_repeater(  363): [recvMdThermalInfo] ret=26, strLen=127,  1, 32767,,, -1, 32767, 18
05-04 12:21:51.800 W/ActivityManager( 1035): getRunningAppProcesses: caller 10094 does not hold REAL_GET_TASKS; limiting output
05-04 12:21:51.851 W/ConnectionRateView( 1467): mDataConnection: true
05-04 12:21:51.851 W/ConnectionRateView( 1467): mDataConnection: true
05-04 12:21:51.865 I/AudioFlinger(  331): setParameters(): io 0, keyvalue mediaserver_monitor=1, calling pid 1035
05-04 12:21:51.865 W/AudioALSAHardware(  331): setParameters(), still have param.size() = 1, remain param = "mediaserver_monitor=1"
05-04 12:21:51.866 I/str_params(  331): key: 'mediaserver_monitor' value: '1'
05-04 12:21:51.869 I/AudioPolicyManager(  331): setStreamVolumeIndex stream = 7 index = 15 device = 0x400
05-04 12:21:51.874 I/SurfaceFlinger(  298): [Built-in Screen (type:0)] fps:0.495881,dur:2016.61,max:2016.61,min:2016.61
05-04 12:21:52.865 W/ConnectionRateView( 1467): mDataConnection: true
05-04 12:21:52.865 W/ConnectionRateView( 1467): mDataConnection: true
05-04 12:21:52.901 I/SurfaceFlinger(  298): [Built-in Screen (type:0)] fps:0.974187,dur:1026.50,max:1026.50,min:1026.50
05-04 12:21:53.190 I/NetworkManagementSocketTagger( 4337): untagSocket(21)
05-04 12:21:55.697 I/libPerfService( 1035): perfSetFavorPid - pid:2088, 828
05-04 12:21:55.887 W/ConnectionRateView( 1467): mDataConnection: true
05-04 12:21:55.887 W/ConnectionRateView( 1467): mDataConnection: true
05-04 12:21:55.891 I/libPerfService( 1035): perfSetFavorPid - pid:0, 0
05-04 12:21:55.899 I/thermal_repeater(  363): oh, queryMdThermalInfo (0)Bad file number
05-04 12:21:55.908 I/thermal_repeater(  363): [recvMdThermalInfo] ret=26, strLen=127,  1, 32767,,, -1, 32767, 18
05-04 12:21:55.926 I/SurfaceFlinger(  298): [Built-in Screen (type:0)] fps:0.330549,dur:3025.27,max:3025.27,min:3025.27
05-04 12:21:56.346 I/libPerfService( 1035): perfSetFavorPid - pid:2088, 828
05-04 12:21:57.230 I/NetworkManagementSocketTagger( 4337): untagSocket(21)
05-04 12:21:57.905 W/ConnectionRateView( 1467): mDataConnection: true
05-04 12:21:57.905 W/ConnectionRateView( 1467): mDataConnection: true
05-04 12:21:57.907 I/libPerfService( 1035): perfSetFavorPid - pid:0, 0
05-04 12:21:57.925 I/SurfaceFlinger(  298): [Built-in Screen (type:0)] fps:0.500267,dur:1998.93,max:1998.93,min:1998.93
05-04 12:21:59.923 W/ConnectionRateView( 1467): mDataConnection: true
05-04 12:21:59.923 W/ConnectionRateView( 1467): mDataConnection: true
05-04 12:21:59.942 I/SurfaceFlinger(  298): [Built-in Screen (type:0)] fps:0.495785,dur:2017.00,max:2017.00,min:2017.00
05-04 12:22:00.003 I/libPerfService( 1035): perfSetFavorPid - pid:2088, 828
05-04 12:22:00.913 I/thermal_repeater(  363): oh, queryMdThermalInfo (0)Bad file number
05-04 12:22:00.926 I/thermal_repeater(  363): [recvMdThermalInfo] ret=26, strLen=127,  1, 32767,,, -1, 32767, 18
05-04 12:22:01.270 I/NetworkManagementSocketTagger( 4337): untagSocket(21)
05-04 12:22:01.853 I/AudioFlinger(  331): setParameters(): io 0, keyvalue mediaserver_monitor=1, calling pid 1035
05-04 12:22:01.854 W/AudioALSAHardware(  331): setParameters(), still have param.size() = 1, remain param = "mediaserver_monitor=1"
05-04 12:22:01.855 I/str_params(  331): key: 'mediaserver_monitor' value: '1'
05-04 12:22:01.856 I/AudioPolicyManager(  331): setStreamVolumeIndex stream = 7 index = 15 device = 0x400
05-04 12:22:04.949 W/ConnectionRateView( 1467): mDataConnection: true
05-04 12:22:04.949 W/ConnectionRateView( 1467): mDataConnection: true
05-04 12:22:04.953 I/libPerfService( 1035): perfSetFavorPid - pid:0, 0
05-04 12:22:04.984 I/SurfaceFlinger(  298): [Built-in Screen (type:0)] fps:0.396647,dur:5042.27,max:4959.32,min:82.95
05-04 12:22:05.310 I/NetworkManagementSocketTagger( 4337): untagSocket(21)
05-04 12:22:05.931 I/thermal_repeater(  363): oh, queryMdThermalInfo (0)Bad file number
05-04 12:22:05.942 I/thermal_repeater(  363): [recvMdThermalInfo] ret=26, strLen=127,  1, 32767,,, -1, 32767, 18
05-04 12:22:06.100 W/IntentResolver( 1035): resolveIntent: multiple matches, only some with CATEGORY_DEFAULT
05-04 12:22:06.101 W/IntentResolver( 1035): resolveIntent: multiple matches, only some with CATEGORY_DEFAULT
05-04 12:22:06.102 W/IntentResolver( 1035): resolveIntent: multiple matches, only some with CATEGORY_DEFAULT
05-04 12:22:06.103 W/IntentResolver( 1035): resolveIntent: multiple matches, only some with CATEGORY_DEFAULT
05-04 12:22:06.110 E/PowerManagerFlyme( 3469): getWakeLockInfo failed: java.lang.NoSuchMethodException: getWakeLockData []
05-04 12:22:06.205 I/art     ( 2932): Explicit concurrent mark sweep GC freed 6487(287KB) AllocSpace objects, 1(64KB) LOS objects, 16% free, 20MB/24MB, paused 1.700ms total 56.885ms
05-04 12:22:06.222 W/IntentResolver( 1035): resolveIntent: multiple matches, only some with CATEGORY_DEFAULT
05-04 12:22:06.223 W/IntentResolver( 1035): resolveIntent: multiple matches, only some with CATEGORY_DEFAULT
05-04 12:22:06.224 W/IntentResolver( 1035): resolveIntent: multiple matches, only some with CATEGORY_DEFAULT
05-04 12:22:06.225 W/IntentResolver( 1035): resolveIntent: multiple matches, only some with CATEGORY_DEFAULT
05-04 12:22:07.971 W/ConnectionRateView( 1467): mDataConnection: true
05-04 12:22:07.971 W/ConnectionRateView( 1467): mDataConnection: true
05-04 12:22:08.010 I/SurfaceFlinger(  298): [Built-in Screen (type:0)] fps:0.330533,dur:3025.42,max:3025.42,min:3025.42
05-04 12:22:08.989 W/ConnectionRateView( 1467): mDataConnection: true
05-04 12:22:08.989 W/ConnectionRateView( 1467): mDataConnection: true
05-04 12:22:09.019 I/SurfaceFlinger(  298): [Built-in Screen (type:0)] fps:0.991008,dur:1009.07,max:1009.07,min:1009.07
05-04 12:22:09.331 W/IntentResolver( 1035): resolveIntent: multiple matches, only some with CATEGORY_DEFAULT
05-04 12:22:09.332 W/IntentResolver( 1035): resolveIntent: multiple matches, only some with CATEGORY_DEFAULT
05-04 12:22:09.333 W/IntentResolver( 1035): resolveIntent: multiple matches, only some with CATEGORY_DEFAULT
05-04 12:22:09.334 W/IntentResolver( 1035): resolveIntent: multiple matches, only some with CATEGORY_DEFAULT
05-04 12:22:09.349 I/NetworkManagementSocketTagger( 4337): untagSocket(21)
