05-12 14:59:07.016 D/BroadcastLimitPolicy( 5378): [ALLOW] [broadcast] callerPackage null start process with Intent { act=android.intent.action.PACKAGE_REMOVED dat=package:com.cgs.fund flg=0x4000010 (has extras) } componentName com.android.providers.downloads.ui/com.android.providers.downloads.ui.receiver.ApplicationInstallReceiver [reason:3]
05-12 14:59:07.016 D/VoldCmdListener(  144): CommandListener runCommand mkdir argv[2]:/storage/sdcard1/Android/data/com.xiaomi.vip/files/vip_all_tasks0c22ebf26810fd93ffdbc1a57526d071/
05-12 14:59:07.016 W/Vold    (  144): Returning OperationFailed - no handler for errno 30
05-12 14:59:07.046 D/WtProcessController( 5378): onAMProcStart callback
05-12 14:59:07.046 I/ActivityManager( 1930): Start proc android.process.mediaUI for broadcast com.android.providers.downloads.ui/.receiver.ApplicationInstallReceiver: pid=32306 uid=10009 gids={50009, 3007, 3003, 1028, 1015, 1023, 1024, 2001}
05-12 14:59:07.056 I/vip_debug(32247): NetworkMonitor.onReceive, disconnected
05-12 14:59:07.056 D/ConnectivityService( 1930): getActiveNetworkInfo 
05-12 14:59:07.096 E/cutils  (  144): Failed to mkdirat(/storage/sdcard1/Android): Read-only file system
05-12 14:59:07.096 W/ContextImpl(32247): Failed to ensure directory: /storage/sdcard1/Android/data/com.xiaomi.vip/files/vip_server_data0c22ebf26810fd93ffdbc1a57526d071
05-12 14:59:07.096 D/VoldCmdListener(  144): CommandListener runCommand mkdir argv[2]:/storage/sdcard1/Android/data/com.xiaomi.vip/files/vip_server_data0c22ebf26810fd93ffdbc1a57526d071/
05-12 14:59:07.096 W/Vold    (  144): Returning OperationFailed - no handler for errno 30
05-12 14:59:07.106 D/ActivityManager( 1930): Process state change from N  to R  next pss in 30000: ProcessRecord{4413b620 32306:android.process.mediaUI/u0a9}
05-12 14:59:07.136 D/PowerKeeperPolicy( 1930): killSensorsByUid uid = 10005 pid = 31944
05-12 14:59:07.136 D/ActivityManager( 1930): cleanUpApplicationRecordLocked -- 31944
05-12 14:59:07.146 D/miuisdk (32306): current sdk level is 9
05-12 14:59:07.196 D/dalvikvm(32306): GetMethodID: not returning static method Landroid/graphics/drawable/Drawable;.createFromXmlInner (Landroid/content/res/Resources;Lorg/xmlpull/v1/XmlPullParser;Landroid/util/AttributeSet;)Landroid/graphics/drawable/Drawable;
05-12 14:59:07.206 D/dalvikvm(32306): GetMethodID: not returning static method Landroid/text/util/Linkify;.gatherLinks (Ljava/util/ArrayList;Landroid/text/Spannable;Ljava/util/regex/Pattern;[Ljava/lang/String;Landroid/text/util/Linkify$MatchFilter;Landroid/text/util/Linkify$TransformFilter;)V
05-12 14:59:07.206 D/dalvikvm(32306): GetMethodID: not returning static method Landroid/text/util/Linkify;.gatherMapLinks (Ljava/util/ArrayList;Landroid/text/Spannable;)V
05-12 14:59:07.206 D/dalvikvm(32306): GetMethodID: not returning static method Landroid/text/util/Linkify;.pruneOverlaps (Ljava/util/ArrayList;)V
05-12 14:59:07.206 D/dalvikvm(32306): GetMethodID: not returning static method Landroid/text/util/Linkify;.applyLink (Ljava/lang/String;IILandroid/text/Spannable;)V
05-12 14:59:07.206 D/dalvikvm(32306): GetMethodID: not returning static method Landroid/text/util/Linkify;.gatherTelLinks (Ljava/util/ArrayList;Landroid/text/Spannable;)V
05-12 14:59:07.206 D/dalvikvm(32306): GetMethodID: not returning static method Landroid/text/util/Linkify;.gatherLinks (Ljava/util/ArrayList;Landroid/text/Spannable;Ljava/util/regex/Pattern;[Ljava/lang/String;Landroid/text/util/Linkify$MatchFilter;Landroid/text/util/Linkify$TransformFilter;)V
05-12 14:59:07.206 D/dalvikvm(32306): GetMethodID: not returning static method Landroid/text/util/Linkify;.addLinks (Landroid/text/Spannable;I)Z
05-12 14:59:07.216 E/cutils  (  144): Failed to mkdirat(/storage/sdcard1/Android): Read-only file system
05-12 14:59:07.216 W/ContextImpl(32247): Failed to ensure directory: /storage/sdcard1/Android/data/com.xiaomi.vip/files/vip_model0c22ebf26810fd93ffdbc1a57526d071
05-12 14:59:07.216 D/VoldCmdListener(  144): CommandListener runCommand mkdir argv[2]:/storage/sdcard1/Android/data/com.xiaomi.vip/files/vip_model0c22ebf26810fd93ffdbc1a57526d071/
05-12 14:59:07.216 W/Vold    (  144): Returning OperationFailed - no handler for errno 30
05-12 14:59:07.246 W/Settings(32306): Setting airplane_mode_on has moved from android.provider.Settings.System to android.provider.Settings.Global, returning read-only value.
05-12 14:59:07.256 D/DebugManager(32306): setUiDebug open=true
05-12 14:59:07.276 D/dalvikvm( 7228): GC_EXPLICIT freed 1206K, 30% free 14739K/20964K, paused 2ms+4ms, total 56ms
05-12 14:59:07.366 D/ActivityManager( 1930): Process state change from CE to S  next pss in 20000: ProcessRecord{43c7dc30 32247:com.xiaomi.vip/u0a74}
05-12 14:59:07.396 D/AppOps  ( 1930): checkOperation:code 50 uid 10041 package com.xiaomi.gamecenter
05-12 14:59:07.396 D/BroadcastLimitPolicy( 5378): [ALLOW] [broadcast] callerPackage null start process with Intent { act=android.intent.action.PACKAGE_REMOVED dat=package:com.cgs.fund flg=0x4000010 (has extras) } componentName com.xiaomi.gamecenter/com.xiaomi.gamecenter.service.GlobalReceiver [reason:3]
05-12 14:59:07.416 D/WtProcessController( 5378): onAMProcStart callback
05-12 14:59:07.416 I/ActivityManager( 1930): Start proc com.xiaomi.gamecenter for broadcast com.xiaomi.gamecenter/.service.GlobalReceiver: pid=32345 uid=10041 gids={50041, 1007, 3003, 1028, 1015, 2001}
05-12 14:59:07.436 D/ConnectivityService( 1930): getActiveNetworkInfo 
05-12 14:59:07.446 D/dalvikvm(  152): GC_EXPLICIT freed 44K, 40% free 12761K/20964K, paused 2ms+3ms, total 29ms
05-12 14:59:07.466 D/dalvikvm(  152): GC_EXPLICIT freed <1K, 40% free 12761K/20964K, paused 2ms+3ms, total 23ms
05-12 14:59:07.476 D/ActivityManager( 1930): Process state change from N  to R  next pss in 30000: ProcessRecord{43e960f0 32345:com.xiaomi.gamecenter/u0a41}
05-12 14:59:07.496 D/dalvikvm(  152): GC_EXPLICIT freed <1K, 40% free 12761K/20964K, paused 1ms+2ms, total 23ms
05-12 14:59:07.516 D/ActivityManager( 1930): Process state change from S  to CE next pss in 30000: ProcessRecord{43c7dc30 32247:com.xiaomi.vip/u0a74}
05-12 14:59:07.536 W/PushService( 4538): 2017-05-12 14:59:07,546 - [WARN::PushService] - [Thread:31] JOB: Handle intent action = com.xiaomi.mipush.SEND_MESSAGE
05-12 14:59:07.536 I/dalvikvm(32345): DexOpt: not all deps represented
05-12 14:59:07.536 E/dalvikvm(32345): /system/framework/cloud-common.jar odex has stale dependencies
05-12 14:59:07.556 I/vip_debug(32247): thread pool status : active count 0, core pool size 0, pool size 0(P:32247)(T:pool-1-thread-1)(C:RunnableHelper$2)at (null:-1)
05-12 14:59:07.566 D/miuisdk (32345): current sdk level is 9
05-12 14:59:07.586 E/cutils  (  144): Failed to mkdirat(/storage/sdcard1/Android): Read-only file system
05-12 14:59:07.586 I/vip_debug(32247): thread pool status : active count 1, core pool size 0, pool size 1(P:32247)(T:pool-1-thread-1)(C:RunnableHelper$2)at (null:-1)
05-12 14:59:07.586 W/ContextImpl(32247): Failed to ensure directory: /storage/sdcard1/Android/data/com.xiaomi.vip/files/PerformanceData
05-12 14:59:07.586 D/VoldCmdListener(  144): CommandListener runCommand mkdir argv[2]:/storage/sdcard1/Android/data/com.xiaomi.vip/files/PerformanceData/
05-12 14:59:07.586 W/Vold    (  144): Returning OperationFailed - no handler for errno 30
05-12 14:59:07.606 I/vip_debug(32247): Register Mi Push(P:32247)(T:Thread-1058)(C:XiaomiVipPushManager)at (null:-1)
05-12 14:59:07.606 D/dalvikvm(32345): GetMethodID: not returning static method Landroid/graphics/drawable/Drawable;.createFromXmlInner (Landroid/content/res/Resources;Lorg/xmlpull/v1/XmlPullParser;Landroid/util/AttributeSet;)Landroid/graphics/drawable/Drawable;
05-12 14:59:07.606 D/dalvikvm(32345): GetMethodID: not returning static method Landroid/text/util/Linkify;.gatherLinks (Ljava/util/ArrayList;Landroid/text/Spannable;Ljava/util/regex/Pattern;[Ljava/lang/String;Landroid/text/util/Linkify$MatchFilter;Landroid/text/util/Linkify$TransformFilter;)V
05-12 14:59:07.606 D/dalvikvm(32345): GetMethodID: not returning static method Landroid/text/util/Linkify;.gatherMapLinks (Ljava/util/ArrayList;Landroid/text/Spannable;)V
05-12 14:59:07.616 D/dalvikvm(32345): GetMethodID: not returning static method Landroid/text/util/Linkify;.pruneOverlaps (Ljava/util/ArrayList;)V
05-12 14:59:07.616 D/dalvikvm(32345): GetMethodID: not returning static method Landroid/text/util/Linkify;.applyLink (Ljava/lang/String;IILandroid/text/Spannable;)V
05-12 14:59:07.616 D/dalvikvm(32345): GetMethodID: not returning static method Landroid/text/util/Linkify;.gatherTelLinks (Ljava/util/ArrayList;Landroid/text/Spannable;)V
05-12 14:59:07.616 D/dalvikvm(32345): GetMethodID: not returning static method Landroid/text/util/Linkify;.gatherLinks (Ljava/util/ArrayList;Landroid/text/Spannable;Ljava/util/regex/Pattern;[Ljava/lang/String;Landroid/text/util/Linkify$MatchFilter;Landroid/text/util/Linkify$TransformFilter;)V
05-12 14:59:07.616 D/dalvikvm(32345): GetMethodID: not returning static method Landroid/text/util/Linkify;.addLinks (Landroid/text/Spannable;I)Z
05-12 14:59:07.646 E/dalvikvm(32345): Could not find class 'android.app.usage.UsageStatsManager', referenced from method aez.a
05-12 14:59:07.646 W/dalvikvm(32345): VFY: unable to resolve check-cast 432 (Landroid/app/usage/UsageStatsManager;) in Laez;
05-12 14:59:07.646 D/dalvikvm(32345): VFY: replacing opcode 0x1f at 0x0067
05-12 14:59:07.656 D/dalvikvm(32345): DexOpt: unable to opt direct call 0x0af2 at 0x9d in Laez;.a
05-12 14:59:07.736 I/vip_debug(32247): #2 Http request http://api.vip.miui.com/ip, params product=lte26007 miui_version=V8.1.2.0.KHLCNDI requestTime=1494572347321 requestId=4f4d7709-edfb-40 vip-gzip=1 imei=ba86ada8b80e3fdbb5f6c9e6a00cb6fb language=zh country=CN version=dev.1052 , headers (P:32247)(T:Thread-1061)(C:HttpProxy)at (null:-1)
05-12 14:59:07.766 D/UsbDeviceManager( 1930): mBatteryChangedReceiver onReceive action:android.intent.action.BATTERY_CHANGED plugType:2 mCurrentFunctions:mtp,adb
05-12 14:59:07.766 V/MiCloudSyncStateObserver( 6526): broadcast received
05-12 14:59:07.766 V/MiCloudSyncStateObserver( 6526): battery changed
05-12 14:59:07.766 D/WifiController( 1930): battery changed pluggedType: 2
05-12 14:59:07.776 I/InfoCollectManager( 6358): ACTION:android.intent.action.BATTERY_CHANGED
05-12 14:59:07.786 D/StatusBar.NetworkController( 4520): onSignalStrengthsChanged received on slotId :0signalStrength=SignalStrength: 21 99 -120 -160 -120 -1 -1 99 2147483647 2147483647 2147483647 2147483647 2147483647 gsm|lte level=5 cdmdlevel=0 evdolevel=0
05-12 14:59:07.796 D/StatusBar.NetworkController( 4520): onSignalStrengthsChanged received on slotId :0signalStrength=SignalStrength: 21 99 -120 -160 -120 -1 -1 99 2147483647 2147483647 2147483647 32767 2147483647 gsm|lte level=5 cdmdlevel=0 evdolevel=0
05-12 14:59:07.806 I/vip_debug(32247): #1 Http request http://api.vip.miui.com/sys/config, params product=lte26007 miui_version=V8.1.2.0.KHLCNDI requestTime=1494572347320 requestId=4c675a7a-778f-46 vip-gzip=1 imei=ba86ada8b80e3fdbb5f6c9e6a00cb6fb language=zh country=CN version=dev.1052 , headers (P:32247)(T:Thread-1060)(C:HttpProxy)at (null:-1)
05-12 14:59:07.816 D/ConnectivityService( 1930): getActiveNetworkInfo 
05-12 14:59:07.826 E/MnsTracer(MiLinkSDK)(games)(32345): main=>File Trace Level Changed = 63
05-12 14:59:07.826 E/MnsTracer(MiLinkSDK)(games)(32345): main=>Logcat Trace Level Changed = 63
05-12 14:59:07.826 E/MiLinkServiceBinder(MiLinkSDK)(games)(32345): main=>Client Protection Saved : 20001;8501028;8.5.01.028;DEBUG;games;com.xiaomi.gamecenter;zh_CN;;
05-12 14:59:07.856 I/MultiDex(32173): VM with version 1.6.0 does not have multidex support
05-12 14:59:07.856 I/MultiDex(32173): install
05-12 14:59:07.856 I/MultiDex(32173): MultiDexExtractor.load(/data/app/com.qihoo.appstore-1.apk, false)
05-12 14:59:07.866 I/MultiDex(32173): loading existing secondary dex files
05-12 14:59:07.866 I/MultiDex(32173): load found 0 secondary dex files
05-12 14:59:07.866 I/MultiDex(32173): install done
05-12 14:59:07.866 D/ActivityManager( 1930): Process state change from R  to S  next pss in 20000: ProcessRecord{43e960f0 32345:com.xiaomi.gamecenter/u0a41}
05-12 14:59:07.876 W/PushService( 4538): 2017-05-12 14:59:07,887 - [WARN::PushService] - [Thread:31] JOB: Handle intent action = com.xiaomi.mipush.SEND_MESSAGE
05-12 14:59:07.876 D/AppOps  ( 1930): checkOperation :code 50 uid 10097 package com.UCMobile
05-12 14:59:07.876 W/BroadcastQueueInjector( 1930): Unable to launch app com.UCMobile/10097 for broadcast Intent { act=android.intent.action.PACKAGE_REMOVED dat=package:com.cgs.fund flg=0x4000010 (has extras) }: process is not permitted to  auto start
05-12 14:59:07.886 D/AppOps  ( 1930): checkOperation :code 50 uid 10002 package com.nd.assistance
05-12 14:59:07.886 D/AppOps  ( 1930): checkOperation :code 50 uid 10264 package com.xh.caifupeixun
05-12 14:59:07.886 D/AppOps  ( 1930): checkOperation :code 50 uid 10248 package com.tencent.android.qqdownloader
05-12 14:59:07.886 D/AppOps  ( 1930): checkOperation :code 50 uid 10248 package com.tencent.android.qqdownloader
05-12 14:59:07.886 D/AppOps  ( 1930): checkOperation :code 50 uid 10117 package com.wandoujia.phoenix2.usbproxy
05-12 14:59:07.886 W/BroadcastQueueInjector( 1930): Unable to launch app com.nd.assistance/10002 for broadcast Intent { act=android.intent.action.PACKAGE_REMOVED dat=package:com.cgs.fund flg=0x4000010 (has extras) }: process is not permitted to  auto start
05-12 14:59:07.886 W/BroadcastQueueInjector( 1930): Unable to launch app com.xh.caifupeixun/10264 for broadcast Intent { act=android.intent.action.PACKAGE_REMOVED dat=package:com.cgs.fund flg=0x4000010 (has extras) }: process is not permitted to  auto start
05-12 14:59:07.886 W/BroadcastQueueInjector( 1930): Unable to launch app com.tencent.android.qqdownloader/10248 for broadcast Intent { act=android.intent.action.PACKAGE_REMOVED dat=package:com.cgs.fund flg=0x4000010 (has extras) }: process is not permitted to  auto start
05-12 14:59:07.886 W/BroadcastQueueInjector( 1930): Unable to launch app com.tencent.android.qqdownloader/10248 for broadcast Intent { act=android.intent.action.PACKAGE_REMOVED dat=package:com.cgs.fund flg=0x4000010 (has extras) }: process is not permitted to  auto start
05-12 14:59:07.886 W/BroadcastQueueInjector( 1930): Unable to launch app com.wandoujia.phoenix2.usbproxy/10117 for broadcast Intent { act=android.intent.action.PACKAGE_REMOVED dat=package:com.cgs.fund flg=0x4000010 (has extras) }: process is not permitted to  auto start
05-12 14:59:07.906 D/AppOps  ( 1930): checkOperation :code 50 uid 10322 package com.xihe.moblie.credit
05-12 14:59:07.906 D/AppOps  ( 1930): checkOperation :code 50 uid 10274 package com.baidu.appsearch
05-12 14:59:07.906 D/AppOps  ( 1930): checkOperation :code 50 uid 10274 package com.baidu.appsearch
05-12 14:59:07.906 D/AppOps  ( 1930): checkOperation :code 50 uid 10274 package com.baidu.appsearch
05-12 14:59:07.906 W/BroadcastQueueInjector( 1930): Unable to launch app com.xihe.moblie.credit/10322 for broadcast Intent { act=android.intent.action.PACKAGE_REMOVED dat=package:com.cgs.fund flg=0x4000010 (has extras) }: process is not permitted to  auto start
05-12 14:59:07.906 W/BroadcastQueueInjector( 1930): Unable to launch app com.baidu.appsearch/10274 for broadcast Intent { act=android.intent.action.PACKAGE_REMOVED dat=package:com.cgs.fund flg=0x4000010 (has extras) }: process is not permitted to  auto start
05-12 14:59:07.906 W/BroadcastQueueInjector( 1930): Unable to launch app com.baidu.appsearch/10274 for broadcast Intent { act=android.intent.action.PACKAGE_REMOVED dat=package:com.cgs.fund flg=0x4000010 (has extras) }: process is not permitted to  auto start
05-12 14:59:07.906 W/BroadcastQueueInjector( 1930): Unable to launch app com.baidu.appsearch/10274 for broadcast Intent { act=android.intent.action.PACKAGE_REMOVED dat=package:com.cgs.fund flg=0x4000010 (has extras) }: process is not permitted to  auto start
05-12 14:59:07.916 D/AppOps  ( 1930): checkOperation :code 50 uid 10274 package com.baidu.appsearch
05-12 14:59:07.916 D/AppOps  ( 1930): checkOperation :code 50 uid 10091 package com.tencent.mobileqq
05-12 14:59:07.916 D/DebugManager(32306): setUiDebug open=false
05-12 14:59:07.916 W/BroadcastQueueInjector( 1930): Unable to launch app com.baidu.appsearch/10274 for broadcast Intent { act=android.intent.action.PACKAGE_REMOVED dat=package:com.cgs.fund flg=0x4000010 (has extras) }: process is not permitted to  auto start
05-12 14:59:07.926 D/BroadcastLimitPolicy( 5378): [ALLOW] [broadcast] callerPackage null start process with Intent { act=android.intent.action.PACKAGE_REMOVED dat=package:com.cgs.fund flg=0x4000010 (has extras) } componentName com.tencent.mobileqq/com.tencent.open.business.base.appreport.AppReportReceiver [reason:3]
05-12 14:59:07.936 D/WtProcessController( 5378): onAMProcStart callback
05-12 14:59:07.936 I/ActivityManager( 1930): Start proc com.tencent.mobileqq:tool for broadcast com.tencent.mobileqq/com.tencent.open.business.base.appreport.AppReportReceiver: pid=32443 uid=10091 gids={50091, 1028, 1015, 3003, 3002, 3001}
05-12 14:59:07.946 D/ActivityManager( 1930): Process state change from S  to CE next pss in 30000: ProcessRecord{43e960f0 32345:com.xiaomi.gamecenter/u0a41}
05-12 14:59:07.956 I/dalvikvm(32443): Enabling JNI app bug workarounds for target SDK version 9...
05-12 14:59:07.976 D/ActivityManager( 1930): Process state change from N  to R  next pss in 30000: ProcessRecord{43d6f8d8 32443:com.tencent.mobileqq:tool/u0a91}
05-12 14:59:07.996 I/dalvikvm(32173): Could not find method android.content.res.Resources.getDrawable, referenced from method com.qihoo.utils.AndroidUtilsCompat.a
05-12 14:59:07.996 W/dalvikvm(32173): VFY: unable to resolve virtual method 524: Landroid/content/res/Resources;.getDrawable (ILandroid/content/res/Resources$Theme;)Landroid/graphics/drawable/Drawable;
05-12 14:59:07.996 D/dalvikvm(32173): VFY: replacing opcode 0x6e at 0x000c
05-12 14:59:08.006 D/ConnectivityService( 1930): getActiveNetworkInfo 
05-12 14:59:08.036 D/MSF.D.QLog(32443): QLog init
05-12 14:59:08.066 D/dalvikvm(32173): DexOpt: couldn't find field Landroid/app/Notification;.headsUpContentView
05-12 14:59:08.066 W/dalvikvm(32173): VFY: unable to resolve instance field 21
05-12 14:59:08.066 D/dalvikvm(32173): VFY: replacing opcode 0x54 at 0x002c
05-12 14:59:08.066 D/dalvikvm(32173): DexOpt: couldn't find field Landroid/app/Notification;.headsUpContentView
05-12 14:59:08.066 W/dalvikvm(32173): VFY: unable to resolve instance field 21
05-12 14:59:08.066 D/dalvikvm(32173): VFY: replacing opcode 0x54 at 0x005f
05-12 14:59:08.066 D/dalvikvm(32173): DexOpt: couldn't find field Landroid/app/Notification;.headsUpContentView
05-12 14:59:08.066 W/dalvikvm(32173): VFY: unable to resolve instance field 21
05-12 14:59:08.066 D/dalvikvm(32173): VFY: replacing opcode 0x54 at 0x002d
05-12 14:59:08.066 D/dalvikvm(32173): DexOpt: couldn't find field Landroid/app/Notification;.headsUpContentView
05-12 14:59:08.066 I/dalvikvm(32173): DexOpt: unable to optimize instance field ref 0x0015 at 0x69 in Lcom/morgoo/droidplugin/c/b/dn;.b
05-12 14:59:08.076 E/DexLoadOat(32443): Success
05-12 14:59:08.086 E/DexLoadOat(32443): Success
05-12 14:59:08.086 E/DexLoadOat(32443): Success
05-12 14:59:08.096 I/vip_debug(32247): failed to execute request, IP, java.net.UnknownHostException: Unable to resolve host "api.vip.miui.com": No address associated with hostname(P:32247)(T:Thread-1061)(C:Request)at (null:-1)
05-12 14:59:08.096 W/vip_debug(32247): IO_ERROR, java.net.UnknownHostException: Unable to resolve host "api.vip.miui.com": No address associated with hostname(P:32247)(T:Thread-1061)(C:vip_debug)at (null:-1)
05-12 14:59:08.096 E/DexLoadOat(32443): Success
05-12 14:59:08.096 D/ConnectivityService( 1930): getActiveNetworkInfo 
05-12 14:59:08.096 D/ConnectivityService( 1930): getActiveNetworkInfo 
05-12 14:59:08.126 D/WtProcessController( 5378): onAMProcStart callback
05-12 14:59:08.126 I/ActivityManager( 1930): Start proc com.tencent.mobileqq for content provider com.tencent.mobileqq/com.tencent.mqq.shared_file_accessor.ContentProviderImpl: pid=32470 uid=10091 gids={50091, 1028, 1015, 3003, 3002, 3001}
05-12 14:59:08.126 V/ActivityManagerServiceMU( 1930): Waiting to start provider ContentProviderRecord{4413d280 u0 com.tencent.mobileqq/com.tencent.mqq.shared_file_accessor.ContentProviderImpl} launchingApp=ProcessRecord{43e932b0 32470:com.tencent.mobileqq/u0a91} request by ProcessRecord{43d6f8d8 32443:com.tencent.mobileqq:tool/u0a91} waiting:0 ms
05-12 14:59:08.136 I/dalvikvm(32470): Enabling JNI app bug workarounds for target SDK version 9...
05-12 14:59:08.156 D/ActivityManager( 1930): Process state change from N  to R  next pss in 30000: ProcessRecord{43e932b0 32470:com.tencent.mobileqq/u0a91}
05-12 14:59:08.166 I/vip_debug(32247): failed to execute request, SYS_CONFIG, java.net.UnknownHostException: Unable to resolve host "api.vip.miui.com": No address associated with hostname(P:32247)(T:Thread-1060)(C:Request)at (null:-1)
05-12 14:59:08.176 D/ConnectivityService( 1930): getActiveNetworkInfo 
05-12 14:59:08.176 D/ConnectivityService( 1930): getActiveNetworkInfo 
05-12 14:59:08.196 W/vip_debug(32247): IO_ERROR, java.net.UnknownHostException: Unable to resolve host "api.vip.miui.com": No address associated with hostname(P:32247)(T:Thread-1060)(C:vip_debug)at (null:-1)
05-12 14:59:08.196 E/dalvikvm(32173): Could not find class 'android.app.ActivityManager$TaskDescription', referenced from method com.morgoo.droidplugin.c.b.hu.a
05-12 14:59:08.196 W/dalvikvm(32173): VFY: unable to resolve new-instance 27 (Landroid/app/ActivityManager$TaskDescription;) in Lcom/morgoo/droidplugin/c/b/hu;
05-12 14:59:08.196 D/dalvikvm(32173): VFY: replacing opcode 0x22 at 0x0025
05-12 14:59:08.196 E/dalvikvm(32173): Could not find class 'android.app.ActivityManager$TaskDescription', referenced from method com.morgoo.droidplugin.c.b.hu.a
05-12 14:59:08.196 W/dalvikvm(32173): VFY: unable to resolve new-instance 27 (Landroid/app/ActivityManager$TaskDescription;) in Lcom/morgoo/droidplugin/c/b/hu;
05-12 14:59:08.196 D/dalvikvm(32173): VFY: replacing opcode 0x22 at 0x002e
05-12 14:59:08.196 D/dalvikvm(32173): DexOpt: unable to opt direct call 0x0038 at 0x27 in Lcom/morgoo/droidplugin/c/b/hu;.a
05-12 14:59:08.196 D/dalvikvm(32173): DexOpt: unable to opt direct call 0x0037 at 0x30 in Lcom/morgoo/droidplugin/c/b/hu;.a
05-12 14:59:08.276 E/DexLoadOat(32470): Success
05-12 14:59:08.286 E/DexLoadOat(32470): Success
05-12 14:59:08.286 E/DexLoadOat(32470): Success
05-12 14:59:08.296 E/DexLoadOat(32470): Success
05-12 14:59:08.306 D/HotPatchTool(32470): injectPatchDex enable=false, isStartup=true
05-12 14:59:08.326 D/MSF.D.MonitorSocket(32470): Samsung above android 4.4 rom Donot Monitor Socket Netflow
05-12 14:59:08.346 D/HotPatchTool(32443): injectPatchDex enable=false, isStartup=true
05-12 14:59:08.356 D/ActivityManager( 1930): Process state change from R  to S  next pss in 20000: ProcessRecord{43e932b0 32470:com.tencent.mobileqq/u0a91}
05-12 14:59:08.366 I/AutoMonitor(32470): onActivityCreatecom.tencent.mobileqq.qipc.QIPCServiceEx@42d09ed0
05-12 14:59:08.366 I/AutoMonitor(32470): onActivityCreate1, 2
05-12 14:59:08.366 D/MSF.D.MonitorSocket(32443): Samsung above android 4.4 rom Donot Monitor Socket Netflow
05-12 14:59:08.386 D/qq_la   (32470): arm
05-12 14:59:08.386 D/dalvikvm(32470): Trying to load lib /data/user/0/com.tencent.mobileqq/lib/libqq_la.so 0x42c3f2f0
05-12 14:59:08.396 D/dalvikvm(32470): Added shared lib /data/user/0/com.tencent.mobileqq/lib/libqq_la.so 0x42c3f2f0
05-12 14:59:08.396 I/qq-la   (32470): JNI_OnLoad enter
05-12 14:59:08.406 D/Rdm     (32443): doStep...process=com.tencent.mobileqq:tool, sRdmState=0
05-12 14:59:08.406 D/mqq     (32443): a1.getUin() = *9183;key.time = 0, isLogined=false
05-12 14:59:08.406 D/mqq     (32443): a2.getUin() = *1630;key.time = 0, isLogined=true
05-12 14:59:08.406 D/mqq     (32443): a1.getUin() = *4910;key.time = 0, isLogined=true
05-12 14:59:08.406 D/mqq     (32443): a2.getUin() = *9183;key.time = 0, isLogined=false
05-12 14:59:08.406 W/beacon  (32470): get app channel fail!
05-12 14:59:08.416 V/CameraServiceListener(32173): Camera id 0 has status changed to 0x1
05-12 14:59:08.416 V/CameraServiceListener(32173): Camera id 1 has status changed to 0x1
05-12 14:59:08.426 V/NFC     (32173): this device does not have NFC support
05-12 14:59:08.436 W/beacon  (32443): get app channel fail!
05-12 14:59:08.436 D/WifiService( 1930): New client listening to asynchronous messages
05-12 14:59:08.476 D/WifiService( 1930): New client listening to asynchronous messages
05-12 14:59:08.506 D/MSF.S.MsfService( 8023): serivce onStart
05-12 14:59:08.506 D/MSF.D.Proxy(32470): start service finish
05-12 14:59:08.506 D/MSF.D.Proxy(32470): threadID:1085, threadName: GlobalPool-H-1 bind com.tencent.mobileqq.msf.service.MsfService service finished true
05-12 14:59:08.516 D/MSF.D.RemoteServiceProxy(32470): wait start com.tencent.mobileqq.msf.service.MsfService service result, skiped...
05-12 14:59:08.516 D/MSF.D.RemoteServiceProxy(32470): start MsfService ignore, 1
05-12 14:59:08.536 D/MSF.D.Proxy(32470): threadID:1086, threadName: GlobalPool-H-2 bind com.tencent.mobileqq.msf.service.MsfService service finished true
05-12 14:59:08.546 D/MSF.D.RemoteServiceProxy(32470): delay binding MSF Service
05-12 14:59:08.546 E/PluginFramework(32173): Didn't find class "com.qihoo360.mobilesafe.api.IPC" on path: DexPathList[[zip file "/data/data/com.qihoo.appstore/Plugin/com.qihoo360.mobilesafe.clean/apk/base-1.apk"],nativeLibraryDirectories=[/data/data/com.qihoo.appstore/Plugin/com.qihoo360.mobilesafe.clean/lib, /vendor/lib, /system/lib]]
05-12 14:59:08.546 E/PluginFramework(32173): java.lang.ClassNotFoundException: Didn't find class "com.qihoo360.mobilesafe.api.IPC" on path: DexPathList[[zip file "/data/data/com.qihoo.appstore/Plugin/com.qihoo360.mobilesafe.clean/apk/base-1.apk"],nativeLibraryDirectories=[/data/data/com.qihoo.appstore/Plugin/com.qihoo360.mobilesafe.clean/lib, /vendor/lib, /system/lib]]
05-12 14:59:08.546 E/PluginFramework(32173): 	at dalvik.system.BaseDexClassLoader.findClass(BaseDexClassLoader.java:56)
05-12 14:59:08.546 E/PluginFramework(32173): 	at java.lang.ClassLoader.loadClass(ClassLoader.java:497)
05-12 14:59:08.546 E/PluginFramework(32173): 	at com.morgoo.droidplugin.b.a.loadClass(AppStore:74)
05-12 14:59:08.546 E/PluginFramework(32173): 	at java.lang.ClassLoader.loadClass(ClassLoader.java:457)
05-12 14:59:08.546 E/PluginFramework(32173): 	at com.qihoo360.i.PluginFramework.a(Clean:71)
05-12 14:59:08.546 E/PluginFramework(32173): 	at com.qihoo360.i.PluginFramework.init(Clean:49)
05-12 14:59:08.546 E/PluginFramework(32173): 	at clean.jj.<init>(Clean:500)
05-12 14:59:08.546 E/PluginFramework(32173): 	at com.qihoo360.mobilesafe.clean.rely.PluginService.onBind(Clean:63)
05-12 14:59:08.546 E/PluginFramework(32173): 	at com.morgoo.droidplugin.stub.h.c(AppStore:207)
05-12 14:59:08.546 E/PluginFramework(32173): 	at com.morgoo.droidplugin.stub.h.b(AppStore:275)
05-12 14:59:08.546 E/PluginFramework(32173): 	at com.morgoo.droidplugin.stub.AbstractServiceStub.onBind(AppStore:145)
05-12 14:59:08.546 E/PluginFramework(32173): 	at android.app.ActivityThread.handleBindService(ActivityThread.java:2609)
05-12 14:59:08.546 E/PluginFramework(32173): 	at android.app.ActivityThread.access$1900(ActivityThread.java:147)
05-12 14:59:08.546 E/PluginFramework(32173): 	at android.app.ActivityThread$H.handleMessage(ActivityThread.java:1298)
05-12 14:59:08.546 E/PluginFramework(32173): 	at android.os.Handler.dispatchMessage(Handler.java:102)
05-12 14:59:08.546 E/PluginFramework(32173): 	at android.os.Looper.loop(Looper.java:136)
05-12 14:59:08.546 E/PluginFramework(32173): 	at android.app.ActivityThread.main(ActivityThread.java:5135)
05-12 14:59:08.546 E/PluginFramework(32173): 	at java.lang.reflect.Method.invokeNative(Native Method)
05-12 14:59:08.546 E/PluginFramework(32173): 	at java.lang.reflect.Method.invoke(Method.java:515)
05-12 14:59:08.546 E/PluginFramework(32173): 	at com.android.internal.os.ZygoteInit$MethodAndArgsCaller.run(ZygoteInit.java:798)
05-12 14:59:08.546 E/PluginFramework(32173): 	at com.android.internal.os.ZygoteInit.main(ZygoteInit.java:614)
05-12 14:59:08.546 E/PluginFramework(32173): 	at dalvik.system.NativeStart.main(Native Method)
05-12 14:59:08.576 D/StatisticCollector(32443): initCrashReport ... process:com.tencent.mobileqq:tool pid=32443
05-12 14:59:08.626 D/StatisticCollector(32443): initNativeCrashReport ... process:com.tencent.mobileqq:tool pid=32443
05-12 14:59:08.636 D/dalvikvm(32443): Trying to load lib /data/app-lib/com.tencent.mobileqq-2/libNativeRQD.so 0x42c3c8f0
05-12 14:59:08.636 D/dalvikvm(32443): Added shared lib /data/app-lib/com.tencent.mobileqq-2/libNativeRQD.so 0x42c3c8f0
05-12 14:59:08.636 D/dalvikvm(32443): No JNI_OnLoad found in /data/app-lib/com.tencent.mobileqq-2/libNativeRQD.so 0x42c3c8f0, skipping init
05-12 14:59:08.636 I/native_eup(32443): Java_com_tencent_feedback_eup_jni_NativeExceptionUpload_registNativeExceptionHandler2 start
05-12 14:59:08.636 I/native_eup(32443): JARJNIVERSION:1
05-12 14:59:08.636 I/native_eup(32443): found native exception upload!
05-12 14:59:08.636 I/native_eup(32443): found native exception handler!
05-12 14:59:08.636 I/native_eup(32443): regist handler start procType 1 , level 19 , tombDir:/data/data/com.tencent.mobileqq/app_tombs
05-12 14:59:08.636 I/native_eup(32443): registSignal start
05-12 14:59:08.636 I/native_eup(32443): registSignal end
05-12 14:59:08.636 I/native_eup(32443): regist handler end
05-12 14:59:08.636 I/native_eup(32443): Java_com_tencent_feedback_eup_jni_NativeExceptionUpload_registNativeExceptionHandler end
05-12 14:59:08.636 I/native_eup(32443): NativeRQDVersion:testbuildnum
05-12 14:59:08.636 D/WtProcessController( 5378): onAMProcStart callback
05-12 14:59:08.636 I/native_eup(32443): Java_com_tencent_feedback_eup_jni_NativeExceptionUpload_registNativeExceptionHandler2 start
05-12 14:59:08.636 I/native_eup(32443): JARJNIVERSION:0
05-12 14:59:08.636 I/native_eup(32443): found native exception upload!
05-12 14:59:08.636 I/native_eup(32443): found native exception handler!
05-12 14:59:08.636 I/native_eup(32443): regist handler start procType 1 , level 19 , tombDir:/data/data/com.tencent.mobileqq/app_tombs
05-12 14:59:08.636 I/native_eup(32443): registSignal start
05-12 14:59:08.636 I/native_eup(32443): registSignal end
05-12 14:59:08.636 I/native_eup(32443): regist handler end
05-12 14:59:08.636 I/native_eup(32443): Java_com_tencent_feedback_eup_jni_NativeExceptionUpload_registNativeExceptionHandler end
05-12 14:59:08.636 I/ActivityManager( 1930): Start proc com.qihoo.appstore:PluginP00 for service com.qihoo.appstore/com.morgoo.droidplugin.stub.ServiceStub$StubP00$P00: pid=32535 uid=10102 gids={50102, 1028, 1015, 3003, 3001, 3002}
05-12 14:59:08.646 I/native_eup(32443): NativeRQDVersion:testbuildnum
05-12 14:59:08.646 D/dalvikvm(32173): Trying to load lib /data/data/com.qihoo.appstore/Plugin/com.qihoo360.mobilesafe.clean/data/com.qihoo360.mobilesafe.clean/files/libmobilesafe360_clear-jni-4.1.so 0x42f4b698
05-12 14:59:08.656 D/dalvikvm(32173): Added shared lib /data/data/com.qihoo.appstore/Plugin/com.qihoo360.mobilesafe.clean/data/com.qihoo360.mobilesafe.clean/files/libmobilesafe360_clear-jni-4.1.so 0x42f4b698
05-12 14:59:08.656 W/ResourceType(32443): getEntry failing because entryIndex 1089 is beyond type entryCount 1089
05-12 14:59:08.656 W/ResourceType(32443): Failure getting entry for 0x7f0b0441 (t=10 e=1089) in package 0 (error -2147483647)
05-12 14:59:08.666 D/ActivityManager( 1930): Process state change from N  to S  next pss in 20000: ProcessRecord{43d41fa8 32535:com.qihoo.appstore:PluginP00/u0a102}
05-12 14:59:08.676 D/AutoMonitor(32443): MTA, cost=32 results: true
05-12 14:59:08.696 D/qq_la   (32443): arm
05-12 14:59:08.696 D/dalvikvm(32443): Trying to load lib /data/user/0/com.tencent.mobileqq/lib/libqq_la.so 0x42c3c8f0
05-12 14:59:08.696 D/dalvikvm(32443): Added shared lib /data/user/0/com.tencent.mobileqq/lib/libqq_la.so 0x42c3c8f0
05-12 14:59:08.696 I/qq-la   (32443): JNI_OnLoad enter
05-12 14:59:08.716 I/qq-la   (32470): traceAddr: 41634264, strTrace: /data/anr/traces.txt, logStudio: 0, optMode: 2, verifyMode: 3
05-12 14:59:08.716 E/QQAppInterface(32470): laResult: 15, verifyResult: 15
05-12 14:59:08.716 I/QQAppInterface(32470): enableManagerSmallLock true
05-12 14:59:08.716 D/mqq     (32470): doInit begin withcom.tencent.mobileqq
05-12 14:59:08.726 D/MSF.S.MsfService( 8023): serivce onStart
05-12 14:59:08.726 D/dalvikvm(32535): DexOpt: couldn't find static field Landroid/os/Build;.SUPPORTED_32_BIT_ABIS
05-12 14:59:08.726 W/dalvikvm(32535): VFY: unable to resolve static field 23 (SUPPORTED_32_BIT_ABIS) in Landroid/os/Build;
05-12 14:59:08.726 D/dalvikvm(32535): VFY: replacing opcode 0x62 at 0x0002
05-12 14:59:08.726 D/MSF.D.Proxy(32470): start service finish
05-12 14:59:08.736 D/MSF.S.MsfService( 8023): serivce onStart
05-12 14:59:08.736 D/MSF.D.Proxy(32470): threadID:1, threadName: main bind com.tencent.mobileqq.msf.service.MsfService service finished true
05-12 14:59:08.746 D/MSF.D.Proxy(32443): start service finish
05-12 14:59:08.746 D/mqq     (32470): a1.getUin() = *9183;key.time = 1478678054364, isLogined=false
05-12 14:59:08.746 D/mqq     (32470): a2.getUin() = *1630;key.time = 1471509280432, isLogined=true
05-12 14:59:08.746 D/mqq     (32470): a1.getUin() = *4910;key.time = 1478169010681, isLogined=true
05-12 14:59:08.746 D/mqq     (32470): a2.getUin() = *9183;key.time = 1478678054364, isLogined=false
05-12 14:59:08.746 D/mqq     (32470): a1.getUin() = *4910;key.time = 1478169010681, isLogined=true
05-12 14:59:08.746 D/mqq     (32470): a2.getUin() = *1630;key.time = 1471509280432, isLogined=true
05-12 14:59:08.746 D/mqq     (32470): a1.getUin() = *4910;key.time = 1478169010681, isLogined=true
05-12 14:59:08.746 D/mqq     (32470): a2.getUin() = *9183;key.time = 1478678054364, isLogined=false
05-12 14:59:08.746 D/MobileQQ(32470): createNewRuntime, truefalse5null
05-12 14:59:08.786 D/MSF.D.Proxy(32443): threadID:1090, threadName: GlobalPool-H-1 bind com.tencent.mobileqq.msf.service.MsfService service finished true
05-12 14:59:08.816 D/MSF.D.RemoteServiceProxy(32443): wait start com.tencent.mobileqq.msf.service.MsfService service result, skiped...
05-12 14:59:08.816 D/MSF.D.RemoteServiceProxy(32443): start MsfService ignore, 1
05-12 14:59:08.846 D/dalvikvm(32535): Trying to load lib /data/data/com.qihoo.appstore/.jiagu/libjiagu.so 0x42c3ed48
05-12 14:59:08.846 D/dalvikvm(32535): Added shared lib /data/data/com.qihoo.appstore/.jiagu/libjiagu.so 0x42c3ed48
05-12 14:59:08.856 D/MSF.D.RemoteServiceProxy(32470): wait start com.tencent.mobileqq.msf.service.MsfService service result, skiped...
05-12 14:59:08.856 D/MobileQQ(32470): CNR account != null and account.isLogined =false
05-12 14:59:08.856 I/mqq     (32470): [AppRuntime]QQAppInterface (*9183) onCreate,savedInstanceState=null
05-12 14:59:08.866 E/mqq     (32470): can not send intent ,false|true|false
05-12 14:59:08.866 D/MSF.D.Proxy(32443): threadID:1091, threadName: GlobalPool-H-2 bind com.tencent.mobileqq.msf.service.MsfService service finished true
05-12 14:59:08.866 D/MSF.D.RemoteServiceProxy(32443): delay binding MSF Service
05-12 14:59:08.886 I/UniformDownloadMgr<FileAssistant>(32470): [UniformDL] UniformDownloadMgr.getInstance.create
05-12 14:59:08.886 I/UniformDownloadMgr<FileAssistant>(32470): [UniformDL] UniformDownloadMgr onAppInit...
05-12 14:59:08.886 D/mqq     (32470): doInit finished
05-12 14:59:08.896 D/Rdm     (32470): doStep...process=com.tencent.mobileqq, sRdmState=0
05-12 14:59:08.896 D/mqq     (32470): a1.getUin() = *4910;key.time = 1478169010681, isLogined=true
05-12 14:59:08.896 D/mqq     (32470): a2.getUin() = *9183;key.time = 1478678054364, isLogined=false
05-12 14:59:08.896 D/mqq     (32470): a1.getUin() = *1630;key.time = 1471509280432, isLogined=true
05-12 14:59:08.896 D/mqq     (32470): a2.getUin() = *4910;key.time = 1478169010681, isLogined=true
05-12 14:59:08.896 D/StatisticCollector(32470): initCrashReport ... process:com.tencent.mobileqq pid=32470
05-12 14:59:08.936 D/StatisticCollector(32470): initNativeCrashReport ... process:com.tencent.mobileqq pid=32470
05-12 14:59:08.936 D/dalvikvm(32470): Trying to load lib /data/app-lib/com.tencent.mobileqq-2/libNativeRQD.so 0x42c3f2f0
05-12 14:59:08.936 D/dalvikvm(32470): Added shared lib /data/app-lib/com.tencent.mobileqq-2/libNativeRQD.so 0x42c3f2f0
05-12 14:59:08.936 D/dalvikvm(32470): No JNI_OnLoad found in /data/app-lib/com.tencent.mobileqq-2/libNativeRQD.so 0x42c3f2f0, skipping init
05-12 14:59:08.946 I/native_eup(32470): Java_com_tencent_feedback_eup_jni_NativeExceptionUpload_registNativeExceptionHandler2 start
05-12 14:59:08.946 I/native_eup(32470): JARJNIVERSION:1
05-12 14:59:08.946 I/native_eup(32470): found native exception upload!
05-12 14:59:08.946 I/native_eup(32470): found native exception handler!
05-12 14:59:08.946 I/native_eup(32470): regist handler start procType 1 , level 19 , tombDir:/data/user/0/com.tencent.mobileqq/app_tombs
05-12 14:59:08.946 I/native_eup(32470): registSignal start
05-12 14:59:08.946 I/native_eup(32470): registSignal end
05-12 14:59:08.946 I/native_eup(32470): regist handler end
05-12 14:59:08.946 I/native_eup(32470): Java_com_tencent_feedback_eup_jni_NativeExceptionUpload_registNativeExceptionHandler end
05-12 14:59:08.946 I/native_eup(32470): NativeRQDVersion:testbuildnum
05-12 14:59:08.946 I/native_eup(32470): Java_com_tencent_feedback_eup_jni_NativeExceptionUpload_registNativeExceptionHandler2 start
05-12 14:59:08.946 I/native_eup(32470): JARJNIVERSION:0
05-12 14:59:08.946 I/native_eup(32470): found native exception upload!
05-12 14:59:08.946 I/native_eup(32470): found native exception handler!
05-12 14:59:08.946 I/native_eup(32470): regist handler start procType 1 , level 19 , tombDir:/data/user/0/com.tencent.mobileqq/app_tombs
05-12 14:59:08.946 I/native_eup(32470): registSignal start
05-12 14:59:08.946 I/native_eup(32470): registSignal end
05-12 14:59:08.946 I/native_eup(32470): regist handler end
05-12 14:59:08.946 I/native_eup(32470): Java_com_tencent_feedback_eup_jni_NativeExceptionUpload_registNativeExceptionHandler end
05-12 14:59:08.946 I/native_eup(32470): NativeRQDVersion:testbuildnum
05-12 14:59:08.946 D/AutoMonitor(32470): MTA, cost=5 results: true
05-12 14:59:08.986 D/dalvikvm(32470): Trying to load lib /data/user/0/com.tencent.mobileqq/lib/libGIFEngine.so 0x42c3f2f0
05-12 14:59:08.986 D/dalvikvm(32470): Added shared lib /data/user/0/com.tencent.mobileqq/lib/libGIFEngine.so 0x42c3f2f0
05-12 14:59:08.996 D/MSF.D.RemoteServiceProxy(32470): wait start com.tencent.mobileqq.msf.service.MsfService service result, skiped...
05-12 14:59:08.996 D/MSF.D.RemoteServiceProxy(32470): wait start com.tencent.mobileqq.msf.service.MsfService service result, skiped...
05-12 14:59:08.996 D/ActivityManager( 1930): Process state change from S  to R  next pss in 30000: ProcessRecord{43e932b0 32470:com.tencent.mobileqq/u0a91}
05-12 14:59:09.006 D/MSF.D.RemoteServiceProxy(32470): threadID:1 onServiceConnected service:ComponentInfo{com.tencent.mobileqq/com.tencent.mobileqq.msf.service.MsfService}
05-12 14:59:09.006 D/ActivityManager( 1930): Process state change from R  to S  next pss in 20000: ProcessRecord{43e932b0 32470:com.tencent.mobileqq/u0a91}
05-12 14:59:09.016 D/MSF.D.RemoteServiceProxy(32470): Property get avail memory:982814720
05-12 14:59:09.026 D/MSF.D.RemoteServiceProxy(32470): Property get low memory feature:false
05-12 14:59:09.036 D/MSF.D.RemoteServiceProxy(32470): isMsfAlive:true, cur service process count:91
05-12 14:59:09.036 D/MSF.D.RemoteServiceProxy(32470): succ to pull msf service.
05-12 14:59:09.056 D/MSF.S.ReqHandler( 8023): handleMsfRequest registerMsfService
05-12 14:59:09.056 I/MSF.S.AppProcessManager( 8023): onRegisterApp process=com.tencent.mobileqq processBootName=com.tencent.mobileqq.broadcast.qq appid=537048707 callback=com.tencent.qphone.base.remote.IMsfServiceCallbacker$Stub$Proxy@433ed4b0
05-12 14:59:09.056 I/qq-la   (32443): traceAddr: 41634264, strTrace: /data/anr/traces.txt, logStudio: 0, optMode: 2, verifyMode: 3
05-12 14:59:09.056 E/QQAppInterface(32443): laResult: 15, verifyResult: 15
05-12 14:59:09.056 D/mqq     (32443): doInit begin withcom.tencent.mobileqq:tool
05-12 14:59:09.066 D/MSF.S.MsfService( 8023): serivce onStart
05-12 14:59:09.066 D/MSF.D.Proxy(32443): start service finish
05-12 14:59:09.066 D/MSF.D.Proxy(32443): threadID:1, threadName: main bind com.tencent.mobileqq.msf.service.MsfService service finished true
05-12 14:59:09.066 D/mqq     (32443): a1.getUin() = *9183;key.time = 1478678054364, isLogined=false
05-12 14:59:09.066 D/mqq     (32443): a2.getUin() = *4910;key.time = 1478169010681, isLogined=true
05-12 14:59:09.066 D/mqq     (32443): a1.getUin() = *1630;key.time = 1471509280432, isLogined=true
05-12 14:59:09.076 D/mqq     (32443): a2.getUin() = *9183;key.time = 1478678054364, isLogined=false
05-12 14:59:09.076 D/mqq     (32443): a1.getUin() = *1630;key.time = 1471509280432, isLogined=true
05-12 14:59:09.076 D/mqq     (32443): a2.getUin() = *4910;key.time = 1478169010681, isLogined=true
05-12 14:59:09.076 D/MobileQQ(32443): createNewRuntime, falsefalse5null
05-12 14:59:09.086 I/AutoMonitor(32470): onActivityCreatecom.tencent.mobileqq.app.CoreService$KernelService@42fc7db8
05-12 14:59:09.086 I/AutoMonitor(32470): onActivityCreate201, 2
05-12 14:59:09.086 D/MSF.D.RemoteServiceProxy(32443): wait start com.tencent.mobileqq.msf.service.MsfService service result, skiped...
05-12 14:59:09.086 D/MobileQQ(32443): CNR account != null and account.isLogined =false
05-12 14:59:09.086 I/mqq     (32443): [AppRuntime]ToolAppRuntime (*9183) onCreate,savedInstanceState=null
05-12 14:59:09.096 D/mqq     (32443): doInit finished
05-12 14:59:09.096 D/MSF.S.ReqHandler( 8023): handleMsfRequest registerMsfService
05-12 14:59:09.096 I/MSF.S.AppProcessManager( 8023): onRegisterApp process=com.tencent.mobileqq processBootName=com.tencent.mobileqq.broadcast.qq appid=537048707 callback=com.tencent.qphone.base.remote.IMsfServiceCallbacker$Stub$Proxy@42de3018
05-12 14:59:09.136 D/dalvikvm(32443): Trying to load lib /data/user/0/com.tencent.mobileqq/lib/libGIFEngine.so 0x42c3c8f0
05-12 14:59:09.136 D/dalvikvm(32443): Added shared lib /data/user/0/com.tencent.mobileqq/lib/libGIFEngine.so 0x42c3c8f0
05-12 14:59:09.136 D/AppOps  ( 1930): checkOperation :code 50 uid 10095 package com.cleanmaster.mguard_cn
05-12 14:59:09.136 D/mqq     (32443): a1.getUin() = *4910;key.time = 1478169010681, isLogined=true
05-12 14:59:09.136 D/mqq     (32443): a2.getUin() = *9183;key.time = 1478678054364, isLogined=false
05-12 14:59:09.146 D/mqq     (32443): a1.getUin() = *1630;key.time = 1471509280432, isLogined=true
05-12 14:59:09.146 D/mqq     (32443): a2.getUin() = *4910;key.time = 1478169010681, isLogined=true
05-12 14:59:09.146 D/mqq     (32443): a1.getUin() = *4910;key.time = 1478169010681, isLogined=true
05-12 14:59:09.146 D/mqq     (32443): a2.getUin() = *9183;key.time = 1478678054364, isLogined=false
05-12 14:59:09.146 D/mqq     (32443): a1.getUin() = *1630;key.time = 1471509280432, isLogined=true
05-12 14:59:09.146 D/mqq     (32443): a2.getUin() = *4910;key.time = 1478169010681, isLogined=true
05-12 14:59:09.146 D/AppOps  ( 1930): checkOperation :code 50 uid 10095 package com.cleanmaster.mguard_cn
05-12 14:59:09.146 D/AppOps  ( 1930): checkOperation :code 50 uid 10095 package com.cleanmaster.mguard_cn
05-12 14:59:09.146 D/AppOps  ( 1930): checkOperation :code 50 uid 10095 package com.cleanmaster.mguard_cn
05-12 14:59:09.146 W/BroadcastQueueInjector( 1930): Unable to launch app com.cleanmaster.mguard_cn/10095 for broadcast Intent { act=android.intent.action.PACKAGE_REMOVED dat=package:com.cgs.fund flg=0x4000010 (has extras) }: process is not permitted to  auto start
05-12 14:59:09.146 W/BroadcastQueueInjector( 1930): Unable to launch app com.cleanmaster.mguard_cn/10095 for broadcast Intent { act=android.intent.action.PACKAGE_REMOVED dat=package:com.cgs.fund flg=0x4000010 (has extras) }: process is not permitted to  auto start
05-12 14:59:09.146 W/BroadcastQueueInjector( 1930): Unable to launch app com.cleanmaster.mguard_cn/10095 for broadcast Intent { act=android.intent.action.PACKAGE_REMOVED dat=package:com.cgs.fund flg=0x4000010 (has extras) }: process is not permitted to  auto start
05-12 14:59:09.146 W/BroadcastQueueInjector( 1930): Unable to launch app com.cleanmaster.mguard_cn/10095 for broadcast Intent { act=android.intent.action.PACKAGE_REMOVED dat=package:com.cgs.fund flg=0x4000010 (has extras) }: process is not permitted to  auto start
05-12 14:59:09.156 D/AppOps  ( 1930): checkOperation :code 50 uid 10124 package com.rising.trafficwatcher
05-12 14:59:09.156 D/MSF.D.RemoteServiceProxy(32443): wait start com.tencent.mobileqq.msf.service.MsfService service result, skiped...
05-12 14:59:09.156 D/AppOps  ( 1930): checkOperation :code 50 uid 10326 package com.xinhe99.zichanjia
05-12 14:59:09.156 D/MSF.D.RemoteServiceProxy(32443): threadID:1 onServiceConnected service:ComponentInfo{com.tencent.mobileqq/com.tencent.mobileqq.msf.service.MsfService}
05-12 14:59:09.156 W/BroadcastQueueInjector( 1930): Unable to launch app com.rising.trafficwatcher/10124 for broadcast Intent { act=android.intent.action.PACKAGE_REMOVED dat=package:com.cgs.fund flg=0x4000010 (has extras) }: process is not permitted to  auto start
05-12 14:59:09.156 W/BroadcastQueueInjector( 1930): Unable to launch app com.xinhe99.zichanjia/10326 for broadcast Intent { act=android.intent.action.PACKAGE_REMOVED dat=package:com.cgs.fund flg=0x4000010 (has extras) }: process is not permitted to  auto start
05-12 14:59:09.176 D/PowerManagerService( 1930): Acquiring suspend blocker "PowerManagerService.WakeLocks".
05-12 14:59:09.176 D/PowerManagerService( 1930): Releasing suspend blocker "PowerManagerService.WakeLocks".
05-12 14:59:09.186 D/MSF.D.RemoteServiceProxy(32443): Property get avail memory:978812928
05-12 14:59:09.196 D/MSF.D.RemoteServiceProxy(32443): Property get low memory feature:false
05-12 14:59:09.196 D/dalvikvm( 6358): GC_CONCURRENT freed 1911K, 34% free 13961K/20964K, paused 2ms+2ms, total 48ms
05-12 14:59:09.196 D/MS