05-12 14:59:04.146 D/AndroidRuntime(32138): Calling main entry com.android.commands.pm.Pm
05-12 14:59:04.226 D/AndroidRuntime(32138): Shutting down VM
05-12 14:59:04.226 D/dalvikvm(32138): GC_CONCURRENT freed 381K, 40% free 586K/972K, paused 1ms+1ms, total 4ms
05-12 14:59:04.746 D/AndroidRuntime(32148): 
05-12 14:59:04.746 D/AndroidRuntime(32148): >>>>>> AndroidRuntime START com.android.internal.os.RuntimeInit <<<<<<
05-12 14:59:04.746 D/AndroidRuntime(32148): CheckJNI is OFF
05-12 14:59:04.756 D/dalvikvm(32148): Trying to load lib libjavacore.so 0x0
05-12 14:59:04.766 D/dalvikvm(32148): Added shared lib libjavacore.so 0x0
05-12 14:59:04.766 D/dalvikvm(32148): Trying to load lib libnativehelper.so 0x0
05-12 14:59:04.766 D/dalvikvm(32148): Added shared lib libnativehelper.so 0x0
05-12 14:59:04.766 D/dalvikvm(32148): No JNI_OnLoad found in libnativehelper.so 0x0, skipping init
05-12 14:59:04.776 I/dalvikvm(32148): DexOpt: not all deps represented
05-12 14:59:04.776 E/dalvikvm(32148): /system/framework/pm.jar odex has stale dependencies
05-12 14:59:04.796 D/dalvikvm(32148): Note: class Landroid/app/ActivityManagerNative; has 179 unimplemented (abstract) methods
05-12 14:59:04.936 E/memtrack(32148): Couldn't load memtrack module (No such file or directory)
05-12 14:59:04.936 E/android.os.Debug(32148): failed to load memtrack module: -2
05-12 14:59:04.996 D/AndroidRuntime(32148): Calling main entry com.android.commands.pm.Pm
05-12 14:59:05.036 I/ActivityManager( 1930): Force stopping com.cgs.fund appid=10328 user=-1: uninstall pkg
05-12 14:59:05.036 W/PackageManager( 1930): Couldn't delete native library directory /data/app-lib/com.cgs.fund
05-12 14:59:05.046 D/WtProcessController( 5378): onAMDestroyActivity callback
05-12 14:59:05.046 I/ActivityManager( 1930): Killing 645:com.cgs.fund/u0a328 (adj 7): stop com.cgs.fund
05-12 14:59:05.046 D/ActivityManager( 1930): cleanUpApplicationRecordLocked -- 645
05-12 14:59:05.046 I/ActivityManager( 1930):   Force finishing activity ActivityRecord{42d86e40 u0 com.cgs.fund/.ui.MainActivity t26}
05-12 14:59:05.056 D/PowerKeeperPolicy( 1930): killSensorsByUid uid = 10328 pid = 645
05-12 14:59:05.176 I/WindowState( 1930): WIN DEATH: Window{42c2e990 u0 com.cgs.fund/com.cgs.fund.ui.MainActivity}
05-12 14:59:05.176 I/WindowState( 1930): WIN DEATH: Window{42ca4970 u0 com.cgs.fund/com.cgs.fund.ui.MainActivity}
05-12 14:59:05.256 D/StatusBar.NetworkController( 4520): onSignalStrengthsChanged received on slotId :0signalStrength=SignalStrength: 23 99 -120 -160 -120 -1 -1 99 2147483647 2147483647 2147483647 2147483647 2147483647 gsm|lte level=5 cdmdlevel=0 evdolevel=0
05-12 14:59:05.266 I/ActivityManager( 1930): Force stopping com.cgs.fund appid=10328 user=0: pkg removed
05-12 14:59:05.316 D/dalvikvm( 7228): GC_EXPLICIT freed 914K, 30% free 14812K/20964K, paused 2ms+6ms, total 41ms
05-12 14:59:05.316 D/dalvikvm(28143): JIT code cache reset in 0 ms (4096 bytes 1/0)
05-12 14:59:05.346 D/dalvikvm(28143): GC_EXPLICIT freed 3225K, 37% free 13346K/20964K, paused 2ms+4ms, total 75ms
05-12 14:59:05.376 D/dalvikvm( 4520): GC_EXPLICIT freed 556K, 30% free 26773K/37752K, paused 12ms+7ms, total 68ms
05-12 14:59:05.386 D/dalvikvm( 6018): GC_EXPLICIT freed 187K, 64% free 13227K/36412K, paused 2ms+3ms, total 77ms
05-12 14:59:05.396 D/PowerKeeper.GMS( 6358): receive: android.intent.action.PACKAGE_REMOVED
05-12 14:59:05.396 W/ContextImpl( 7394): Implicit intents with startService are not safe: Intent { act=com.qihoo.appstore.ACTION_PACKAGE_REMOVED_NEED_CLEAR (has extras) } android.content.ContextWrapper.startService:494 com.qihoo.receiver.PackageReceiver.onReceive:63 android.app.LoadedApk$ReceiverDispatcher$Args.run:761 
05-12 14:59:05.396 I/InputReader( 1930): Reconfiguring input devices.  changes=0x00000010
05-12 14:59:05.396 I/PushHBAligPolicyService( 6358): onMessageHandler() MSG_SET_Push_Alig_POLICY
05-12 14:59:05.396 D/InputMethodUtils( 1930): getSelectedInputMethodStr: com.baidu.input_mi/.ImeService, 0
05-12 14:59:05.396 D/InputMethodManagerService( 1930): --- re-buildInputMethodList reset = false 
05-12 14:59:05.396 D/InputMethodManagerService( 1930):  ------ 
05-12 14:59:05.396 D/InputMethodManagerService( 1930): com.android.server.InputMethodManagerService.buildInputMethodListLocked(InputMethodManagerService.java:2525)
05-12 14:59:05.396 D/InputMethodManagerService( 1930): com.android.server.InputMethodManagerService$MyPackageMonitor.onSomePackagesChanged(InputMethodManagerService.java:524)
05-12 14:59:05.396 D/InputMethodManagerService( 1930): com.android.internal.content.PackageMonitor.onReceive(PackageMonitor.java:399)
05-12 14:59:05.396 D/InputMethodManagerService( 1930): android.app.LoadedApk$ReceiverDispatcher$Args.run(LoadedApk.java:761)
05-12 14:59:05.396 D/InputMethodManagerService( 1930): android.os.Handler.handleCallback(Handler.java:733)
05-12 14:59:05.396 D/InputMethodManagerService( 1930): android.os.Handler.dispatchMessage(Handler.java:95)
05-12 14:59:05.396 D/InputMethodManagerService( 1930): android.os.Looper.loop(Looper.java:136)
05-12 14:59:05.396 D/InputMethodManagerService( 1930): android.os.HandlerThread.run(HandlerThread.java:61)
05-12 14:59:05.406 D/dalvikvm( 5399): GC_EXPLICIT freed 5598K, 25% free 23784K/31344K, paused 3ms+23ms, total 138ms
05-12 14:59:05.406 D/Launcher.Model( 5399): Got broadcast:Intent { act=android.intent.action.PACKAGE_REMOVED dat=package:com.cgs.fund flg=0x4000010 (has extras) }
05-12 14:59:05.406 I/FireWallService( 6185): mina mPackageReceiver onReceive
05-12 14:59:05.416 D/ActivityManager( 1930): Process state change from IF to S  next pss in 20000: ProcessRecord{4358f980 6707:com.lbe.security.miui/u0a0}
05-12 14:59:05.426 I/WakelockPolicyManager( 6358): setWakelockPolicy
05-12 14:59:05.426 W/System.err( 5399): android.content.pm.PackageManager$NameNotFoundException: com.cgs.fund
05-12 14:59:05.426 W/System.err( 5399): 	at android.app.ApplicationPackageManager.getApplicationInfo(ApplicationPackageManager.java:227)
05-12 14:59:05.426 W/System.err( 5399): 	at com.miui.home.launcher.fc.u(LauncherModel.java:1823)
05-12 14:59:05.426 W/System.err( 5399): 	at com.miui.home.launcher.fc.w(LauncherModel.java:1893)
05-12 14:59:05.426 W/System.err( 5399): 	at com.miui.home.launcher.fc.a(LauncherModel.java:1910)
05-12 14:59:05.426 W/System.err( 5399): 	at com.miui.home.launcher.fc.l(LauncherModel.java:1871)
05-12 14:59:05.426 W/System.err( 5399): 	at com.miui.home.launcher.fc.a(LauncherModel.java:837)
05-12 14:59:05.426 W/System.err( 5399): 	at com.miui.home.launcher.bR.run(LauncherModel.java:658)
05-12 14:59:05.426 D/ConnectivityService( 1930): getActiveNetworkInfo 
05-12 14:59:05.436 W/System.err( 5399): 	at com.miui.home.launcher.bT.run(LauncherModel.java:679)
05-12 14:59:05.436 W/System.err( 5399): 	at android.os.Handler.handleCallback(Handler.java:733)
05-12 14:59:05.436 W/System.err( 5399): 	at android.os.Handler.dispatchMessage(Handler.java:95)
05-12 14:59:05.436 W/System.err( 5399): 	at android.os.Looper.loop(Looper.java:136)
05-12 14:59:05.436 W/System.err( 5399): 	at android.os.HandlerThread.run(HandlerThread.java:61)
05-12 14:59:05.436 D/Launcher.Model( 5399): Deleting item from database (2, 4) of screen 1
05-12 14:59:05.446 W/Analytics-Core-ConfigServer( 5559): HttpResponse is empty
05-12 14:59:05.446 W/ActivityManager( 1930): Unable to start service Intent { act=service_action_LOOPER_VALUE pkg=com.qihoo.gameassist } U=0: not found
05-12 14:59:05.446 D/PowerManagerService( 1930): Acquiring suspend blocker "PowerManagerService.WakeLocks".
05-12 14:59:05.456 D/NtpTrustedTime( 1930): currentTimeMillis() cache hit
05-12 14:59:05.456 W/Analytics-Core-TrackingServer( 5559): http response is empty
05-12 14:59:05.456 D/DnsProxyBlocker(  146): remove uid(10328)
05-12 14:59:05.456 V/LocationPolicy( 1930): ACTION_UID_REMOVED for uid=10328
05-12 14:59:05.456 V/LocationPolicy( 1930): writePolicyLocked()
05-12 14:59:05.456 D/ConnectivityService( 1930): getActiveNetworkInfo 
05-12 14:59:05.456 D/ConnectivityService( 1930): getActiveNetworkInfo 
05-12 14:59:05.506 W/System.err( 5399): android.content.pm.PackageManager$NameNotFoundException: com.cgs.fund
05-12 14:59:05.506 W/System.err( 5399): 	at android.app.ApplicationPackageManager.getApplicationInfo(ApplicationPackageManager.java:227)
05-12 14:59:05.506 W/System.err( 5399): 	at com.miui.home.launcher.fc.u(LauncherModel.java:1823)
05-12 14:59:05.506 W/System.err( 5399): 	at com.miui.home.launcher.fc.w(LauncherModel.java:1893)
05-12 14:59:05.506 W/System.err( 5399): 	at com.miui.home.launcher.fc.b(LauncherModel.java:92)
05-12 14:59:05.506 W/System.err( 5399): 	at com.miui.home.launcher.bL.run(LauncherModel.java:613)
05-12 14:59:05.506 W/System.err( 5399): 	at android.os.Handler.handleCallback(Handler.java:733)
05-12 14:59:05.506 W/System.err( 5399): 	at android.os.Handler.dispatchMessage(Handler.java:95)
05-12 14:59:05.506 W/System.err( 5399): 	at android.os.Looper.loop(Looper.java:136)
05-12 14:59:05.506 W/System.err( 5399): 	at android.os.HandlerThread.run(HandlerThread.java:61)
05-12 14:59:05.526 I/PushHBAligPolicyService( 6358): local data localData = {"push_hb_group":[],"push_hb_leader":{"alarm_action":"com.xiaomi.push.PING_TIMER","pkg_name":"com.xiaomi.xmsf"}}
05-12 14:59:05.536 D/dalvikvm( 1930): JIT code cache reset in 5 ms (1535900 bytes 6/0)
05-12 14:59:05.546 D/NtpTrustedTime( 1930): currentTimeMillis() cache hit
05-12 14:59:05.556 I/TrafficManageService( 6185): mina mTrafficStatsReceiver onReceive
05-12 14:59:05.556 D/dalvikvm( 1930): GC_EXPLICIT freed 2069K, 26% free 26977K/36156K, paused 26ms+21ms, total 255ms
05-12 14:59:05.556 D/dalvikvm( 1930): WAIT_FOR_CONCURRENT_GC blocked 66ms
05-12 14:59:05.556 W/ContextImpl( 6185): Calling a method in the system process without a qualified user: android.app.ContextImpl.sendBroadcast:1217 android.content.ContextWrapper.sendBroadcast:365 com.miui.networkassistant.service.tm.TrafficManageService.broadCastDataUsageUpdated:815 com.miui.networkassistant.service.tm.TrafficManageService$8.onReceive:1049 android.app.LoadedApk$ReceiverDispatcher$Args.run:761 
05-12 14:59:05.566 I/TrafficManageService( 6185): mina mPackageReceiver 0
05-12 14:59:05.576 W/WakelockManagerService( 6358): uid: 1000 is unblock state
05-12 14:59:05.576 W/WakelockManagerService( 6358): uid: 1001 is unblock state
05-12 14:59:05.576 W/WakelockManagerService( 6358): uid: 1002 is unblock state
05-12 14:59:05.576 W/WakelockManagerService( 6358): uid: 2000 is unblock state
05-12 14:59:05.576 W/WakelockManagerService( 6358): uid: 9800 is unblock state
05-12 14:59:05.576 W/WakelockManagerService( 6358): uid: 9801 is unblock state
05-12 14:59:05.576 W/WakelockManagerService( 6358): uid: 9802 is unblock state
05-12 14:59:05.576 W/WakelockManagerService( 6358): uid: 9810 is unblock state
05-12 14:59:05.576 W/WakelockManagerService( 6358): uid: 10000 is unblock state
05-12 14:59:05.576 W/WakelockManagerService( 6358): uid: 10001 is unblock state
05-12 14:59:05.576 W/WakelockManagerService( 6358): uid: 10002 is unblock state
05-12 14:59:05.576 W/WakelockManagerService( 6358): uid: 10003 is unblock state
05-12 14:59:05.576 W/WakelockManagerService( 6358): uid: 10004 is unblock state
05-12 14:59:05.576 W/WakelockManagerService( 6358): uid: 10005 is unblock state
05-12 14:59:05.576 W/WakelockManagerService( 6358): uid: 10006 is unblock state
05-12 14:59:05.586 W/WakelockManagerService( 6358): uid: 10007 is unblock state
05-12 14:59:05.586 W/WakelockManagerService( 6358): uid: 10008 is unblock state
05-12 14:59:05.586 W/WakelockManagerService( 6358): uid: 10009 is unblock state
05-12 14:59:05.586 W/WakelockManagerService( 6358): uid: 10010 is unblock state
05-12 14:59:05.586 W/WakelockManagerService( 6358): uid: 10011 is unblock state
05-12 14:59:05.586 W/WakelockManagerService( 6358): uid: 10012 is unblock state
05-12 14:59:05.586 W/WakelockManagerService( 6358): uid: 10013 is unblock state
05-12 14:59:05.586 W/WakelockManagerService( 6358): uid: 10014 is unblock state
05-12 14:59:05.586 W/WakelockManagerService( 6358): uid: 10015 is unblock state
05-12 14:59:05.586 W/WakelockManagerService( 6358): uid: 10016 is unblock state
05-12 14:59:05.586 W/WakelockManagerService( 6358): uid: 10017 is unblock state
05-12 14:59:05.586 W/WakelockManagerService( 6358): uid: 10018 is unblock state
05-12 14:59:05.586 W/WakelockManagerService( 6358): uid: 10019 is unblock state
05-12 14:59:05.586 W/WakelockManagerService( 6358): uid: 10020 is unblock state
05-12 14:59:05.586 W/WakelockManagerService( 6358): uid: 10021 is unblock state
05-12 14:59:05.586 W/WakelockManagerService( 6358): uid: 10022 is unblock state
05-12 14:59:05.586 W/WakelockManagerService( 6358): uid: 10023 is unblock state
05-12 14:59:05.586 W/WakelockManagerService( 6358): uid: 10024 is unblock state
05-12 14:59:05.586 W/WakelockManagerService( 6358): uid: 10025 is unblock state
05-12 14:59:05.586 W/WakelockManagerService( 6358): uid: 10026 is unblock state
05-12 14:59:05.586 W/WakelockManagerService( 6358): uid: 10027 is unblock state
05-12 14:59:05.586 W/WakelockManagerService( 6358): uid: 10028 is unblock state
05-12 14:59:05.586 W/WakelockManagerService( 6358): uid: 10029 is unblock state
05-12 14:59:05.586 W/WakelockManagerService( 6358): uid: 10030 is unblock state
05-12 14:59:05.586 W/WakelockManagerService( 6358): uid: 10031 is unblock state
05-12 14:59:05.586 W/WakelockManagerService( 6358): uid: 10032 is unblock state
05-12 14:59:05.596 W/WakelockManagerService( 6358): uid: 10033 is unblock state
05-12 14:59:05.596 W/WakelockManagerService( 6358): uid: 10034 is unblock state
05-12 14:59:05.596 W/WakelockManagerService( 6358): uid: 10035 is unblock state
05-12 14:59:05.596 W/WakelockManagerService( 6358): uid: 10036 is unblock state
05-12 14:59:05.596 W/WakelockManagerService( 6358): uid: 10037 is unblock state
05-12 14:59:05.596 W/WakelockManagerService( 6358): uid: 10038 is unblock state
05-12 14:59:05.596 W/WakelockManagerService( 6358): uid: 10039 is unblock state
05-12 14:59:05.596 W/WakelockManagerService( 6358): uid: 10040 is unblock state
05-12 14:59:05.596 W/WakelockManagerService( 6358): uid: 10041 is unblock state
05-12 14:59:05.596 W/WakelockManagerService( 6358): uid: 10042 is unblock state
05-12 14:59:05.596 W/WakelockManagerService( 6358): uid: 10043 is unblock state
05-12 14:59:05.596 W/WakelockManagerService( 6358): uid: 10044 is unblock state
05-12 14:59:05.596 W/WakelockManagerService( 6358): uid: 10045 is unblock state
05-12 14:59:05.596 W/WakelockManagerService( 6358): uid: 10046 is unblock state
05-12 14:59:05.596 W/WakelockManagerService( 6358): uid: 10047 is unblock state
05-12 14:59:05.596 W/WakelockManagerService( 6358): uid: 10048 is unblock state
05-12 14:59:05.596 W/WakelockManagerService( 6358): uid: 10049 is unblock state
05-12 14:59:05.596 W/WakelockManagerService( 6358): uid: 10050 is unblock state
05-12 14:59:05.596 W/WakelockManagerService( 6358): uid: 10051 is unblock state
05-12 14:59:05.596 W/WakelockManagerService( 6358): uid: 10052 is unblock state
05-12 14:59:05.596 W/WakelockManagerService( 6358): uid: 10053 is unblock state
05-12 14:59:05.596 W/WakelockManagerService( 6358): uid: 10054 is unblock state
05-12 14:59:05.596 W/WakelockManagerService( 6358): uid: 10055 is unblock state
05-12 14:59:05.596 W/WakelockManagerService( 6358): uid: 10056 is unblock state
05-12 14:59:05.596 W/WakelockManagerService( 6358): uid: 10057 is unblock state
05-12 14:59:05.596 W/WakelockManagerService( 6358): uid: 10058 is unblock state
05-12 14:59:05.596 W/WakelockManagerService( 6358): uid: 10059 is unblock state
05-12 14:59:05.596 W/WakelockManagerService( 6358): uid: 10060 is unblock state
05-12 14:59:05.596 W/WakelockManagerService( 6358): uid: 10061 is unblock state
05-12 14:59:05.596 W/WakelockManagerService( 6358): uid: 10062 is unblock state
05-12 14:59:05.596 W/WakelockManagerService( 6358): uid: 10063 is unblock state
05-12 14:59:05.596 W/WakelockManagerService( 6358): uid: 10064 is unblock state
05-12 14:59:05.596 W/WakelockManagerService( 6358): uid: 10065 is unblock state
05-12 14:59:05.596 W/WakelockManagerService( 6358): uid: 10066 is unblock state
05-12 14:59:05.596 W/WakelockManagerService( 6358): uid: 10067 is unblock state
05-12 14:59:05.596 W/WakelockManagerService( 6358): uid: 10068 is unblock state
05-12 14:59:05.596 W/WakelockManagerService( 6358): uid: 10069 is unblock state
05-12 14:59:05.596 W/WakelockManagerService( 6358): uid: 10070 is unblock state
05-12 14:59:05.596 W/WakelockManagerService( 6358): uid: 10071 is unblock state
05-12 14:59:05.596 W/WakelockManagerService( 6358): uid: 10072 is unblock state
05-12 14:59:05.596 W/WakelockManagerService( 6358): uid: 10073 is unblock state
05-12 14:59:05.596 W/WakelockManagerService( 6358): uid: 10074 is unblock state
05-12 14:59:05.596 W/WakelockManagerService( 6358): uid: 10078 is unblock state
05-12 14:59:05.596 W/WakelockManagerService( 6358): uid: 10079 is unblock state
05-12 14:59:05.606 W/WakelockManagerService( 6358): uid: 10080 is unblock state
05-12 14:59:05.606 W/WakelockManagerService( 6358): uid: 10081 is unblock state
05-12 14:59:05.606 W/WakelockManagerService( 6358): uid: 10082 is unblock state
05-12 14:59:05.606 W/WakelockManagerService( 6358): uid: 10083 is unblock state
05-12 14:59:05.606 W/WakelockManagerService( 6358): uid: 10084 is unblock state
05-12 14:59:05.606 W/WakelockManagerService( 6358): uid: 10085 is unblock state
05-12 14:59:05.606 W/WakelockManagerService( 6358): uid: 10086 is unblock state
05-12 14:59:05.606 W/WakelockManagerService( 6358): uid: 10088 is unblock state
05-12 14:59:05.606 W/WakelockManagerService( 6358): uid: 10089 is unblock state
05-12 14:59:05.606 W/WakelockManagerService( 6358): uid: 10090 is unblock state
05-12 14:59:05.606 W/WakelockManagerService( 6358): uid: 10092 is unblock state
05-12 14:59:05.606 W/WakelockManagerService( 6358): uid: 10093 is unblock state
05-12 14:59:05.606 W/WakelockManagerService( 6358): uid: 10094 is unblock state
05-12 14:59:05.606 W/WakelockManagerService( 6358): uid: 10095 is unblock state
05-12 14:59:05.606 D/ActivityManager( 1930): Process state change from S  to IF next pss in 20000: ProcessRecord{4358f980 6707:com.lbe.security.miui/u0a0}
05-12 14:59:05.616 W/WakelockManagerService( 6358): uid: 10097 is unblock state
05-12 14:59:05.616 W/WakelockManagerService( 6358): uid: 10098 is unblock state
05-12 14:59:05.616 W/WakelockManagerService( 6358): uid: 10099 is unblock state
05-12 14:59:05.616 W/WakelockManagerService( 6358): uid: 10100 is unblock state
05-12 14:59:05.616 W/WakelockManagerService( 6358): uid: 10101 is unblock state
05-12 14:59:05.616 W/WakelockManagerService( 6358): uid: 10102 is unblock state
05-12 14:59:05.616 W/WakelockManagerService( 6358): uid: 10103 is unblock state
05-12 14:59:05.616 W/WakelockManagerService( 6358): uid: 10104 is unblock state
05-12 14:59:05.616 W/WakelockManagerService( 6358): uid: 10105 is unblock state
05-12 14:59:05.626 D/AppOps  ( 1930): checkOperation:code 15 uid 10018 package com.android.mms
05-12 14:59:05.626 W/WakelockManagerService( 6358): uid: 10106 is unblock state
05-12 14:59:05.626 D/AppOps  ( 1930): checkOperation :code 50 uid 10103 package com.qihoo.browser
05-12 14:59:05.626 W/WakelockManagerService( 6358): uid: 10108 is unblock state
05-12 14:59:05.626 W/WakelockManagerService( 6358): uid: 10109 is unblock state
05-12 14:59:05.626 I/PowerKeeperService( 6358): onEnable
05-12 14:59:05.626 W/WakelockManagerService( 6358): uid: 10110 is unblock state
05-12 14:59:05.626 W/WakelockManagerService( 6358): uid: 10111 is unblock state
05-12 14:59:05.626 W/WakelockManagerService( 6358): uid: 10112 is unblock state
05-12 14:59:05.626 W/WakelockManagerService( 6358): uid: 10113 is unblock state
05-12 14:59:05.626 W/WakelockManagerService( 6358): uid: 10114 is unblock state
05-12 14:59:05.626 W/WakelockManagerService( 6358): uid: 10115 is unblock state
05-12 14:59:05.626 W/IntentResolver( 1930): resolveIntent: multiple matches, only some with CATEGORY_DEFAULT
05-12 14:59:05.626 W/BroadcastQueueInjector( 1930): Unable to launch app com.qihoo.browser/10103 for broadcast Intent { act=android.intent.action.PACKAGE_REMOVED dat=package:com.cgs.fund flg=0x4000010 (has extras) }: process is not permitted to  auto start
05-12 14:59:05.636 D/AppOps  ( 1930): checkOperation :code 50 uid 10095 package com.cleanmaster.mguard_cn
05-12 14:59:05.636 W/WakelockManagerService( 6358): uid: 10116 is unblock state
05-12 14:59:05.636 W/WakelockManagerService( 6358): uid: 10117 is unblock state
05-12 14:59:05.636 W/WakelockManagerService( 6358): uid: 10118 is unblock state
05-12 14:59:05.636 D/dalvikvm( 5329): GC_CONCURRENT freed 1937K, 33% free 14208K/20964K, paused 3ms+4ms, total 34ms
05-12 14:59:05.636 W/BroadcastQueueInjector( 1930): Unable to launch app com.cleanmaster.mguard_cn/10095 for broadcast Intent { act=android.intent.action.PACKAGE_REMOVED dat=package:com.cgs.fund flg=0x4000010 (has extras) }: process is not permitted to  auto start
05-12 14:59:05.646 I/PackageManager( 1930):   Action: "android.intent.action.SENDTO"
05-12 14:59:05.646 I/PackageManager( 1930):   Category: "android.intent.category.DEFAULT"
05-12 14:59:05.646 I/PackageManager( 1930):   Scheme: "sms"
05-12 14:59:05.646 W/WakelockManagerService( 6358): uid: 10119 is unblock state
05-12 14:59:05.646 W/WakelockManagerService( 6358): uid: 10120 is unblock state
05-12 14:59:05.646 W/WakelockManagerService( 6358): uid: 10122 is unblock state
05-12 14:59:05.646 W/WakelockManagerService( 6358): uid: 10123 is unblock state
05-12 14:59:05.646 W/WakelockManagerService( 6358): uid: 10124 is unblock state
05-12 14:59:05.646 I/PackageManager( 1930): Adding preferred activity ComponentInfo{com.android.mms/com.android.mms.ui.ComposeMessageRouterActivity} for user 0 :
05-12 14:59:05.656 W/WakelockManagerService( 6358): uid: 10125 is unblock state
05-12 14:59:05.656 W/WakelockManagerService( 6358): uid: 10128 is unblock state
05-12 14:59:05.656 W/WakelockManagerService( 6358): uid: 10156 is unblock state
05-12 14:59:05.656 W/WakelockManagerService( 6358): uid: 10160 is unblock state
05-12 14:59:05.656 W/WakelockManagerService( 6358): uid: 10173 is unblock state
05-12 14:59:05.656 W/ContextImpl( 7856): Implicit intents with startService are not safe: Intent { act=com.qihoo.appstore.zhushouhelper.IPluginService2 } android.content.ContextWrapper.bindService:517 com.qihoo.appstore.clean.r.run:127 java.util.concurrent.Executors$RunnableAdapter.call:422 
05-12 14:59:05.656 W/WakelockManagerService( 6358): uid: 10225 is unblock state
05-12 14:59:05.656 W/WakelockManagerService( 6358): uid: 10232 is unblock state
05-12 14:59:05.656 W/WakelockManagerService( 6358): uid: 10247 is unblock state
05-12 14:59:05.656 W/WakelockManagerService( 6358): uid: 10248 is unblock state
05-12 14:59:05.656 W/WakelockManagerService( 6358): uid: 10249 is unblock state
05-12 14:59:05.656 W/WakelockManagerService( 6358): uid: 10250 is unblock state
05-12 14:59:05.656 W/WakelockManagerService( 6358): uid: 10264 is unblock state
05-12 14:59:05.656 W/WakelockManagerService( 6358): uid: 10269 is unblock state
05-12 14:59:05.656 W/WakelockManagerService( 6358): uid: 10274 is unblock state
05-12 14:59:05.656 W/WakelockManagerService( 6358): uid: 10288 is unblock state
05-12 14:59:05.656 W/WakelockManagerService( 6358): uid: 10303 is unblock state
05-12 14:59:05.656 W/WakelockManagerService( 6358): uid: 10309 is unblock state
05-12 14:59:05.656 W/WakelockManagerService( 6358): uid: 10311 is unblock state
05-12 14:59:05.666 W/WakelockManagerService( 6358): uid: 10319 is unblock state
05-12 14:59:05.666 W/WakelockManagerService( 6358): uid: 10320 is unblock state
05-12 14:59:05.666 W/WakelockManagerService( 6358): uid: 10321 is unblock state
05-12 14:59:05.666 W/WakelockManagerService( 6358): uid: 10322 is unblock state
05-12 14:59:05.666 W/WakelockManagerService( 6358): uid: 10326 is unblock state
05-12 14:59:05.666 D/PowerKeeperPolicy( 1930): Caller[1000] updateWakelockBlockedUid:uid=10091, tag=null, block=false
05-12 14:59:05.666 D/PowerKeeperPolicy( 1930): Caller[1000] updateWakelockBlockedUid:uid=10091, tag=QFindBLE, block=true
05-12 14:59:05.696 I/PackageManager( 1930):   Action: "android.intent.action.SENDTO"
05-12 14:59:05.696 I/PackageManager( 1930):   Category: "android.intent.category.DEFAULT"
05-12 14:59:05.696 I/PackageManager( 1930):   Scheme: "smsto"
05-12 14:59:05.696 W/IntentResolver( 1930): resolveIntent: multiple matches, only some with CATEGORY_DEFAULT
05-12 14:59:05.696 I/PackageManager( 1930): Adding preferred activity ComponentInfo{com.android.mms/com.android.mms.ui.ComposeMessageRouterActivity} for user 0 :
05-12 14:59:05.726 D/PowerKeeperService( 6358): notifyUpdatePowerProfile
05-12 14:59:05.736 D/dalvikvm( 7856): GC_CONCURRENT freed 1545K, 26% free 15659K/20964K, paused 4ms+4ms, total 44ms
05-12 14:59:05.746 W/ProfileConfig( 6358): checkProfile device:lte26007 != full_lte26007 ret false
05-12 14:59:05.796 I/PackageManager( 1930):   Action: "android.intent.action.SENDTO"
05-12 14:59:05.796 I/PackageManager( 1930):   Category: "android.intent.category.DEFAULT"
05-12 14:59:05.796 I/PackageManager( 1930):   Scheme: "mms"
05-12 14:59:05.796 W/IntentResolver( 1930): resolveIntent: multiple matches, only some with CATEGORY_DEFAULT
05-12 14:59:05.796 I/PackageManager( 1930): Adding preferred activity ComponentInfo{com.android.mms/com.android.mms.ui.ComposeMessageRouterActivity} for user 0 :
05-12 14:59:05.816 W/IntentResolver( 1930): resolveIntent: multiple matches, only some with CATEGORY_DEFAULT
05-12 14:59:05.836 I/PackageManager( 1930):   Action: "android.intent.action.SENDTO"
05-12 14:59:05.836 I/PackageManager( 1930):   Category: "android.intent.category.DEFAULT"
05-12 14:59:05.836 I/PackageManager( 1930):   Scheme: "mmsto"
05-12 14:59:05.836 D/WtProcessController( 5378): onAMProcStart callback
05-12 14:59:05.836 I/PackageManager( 1930): Adding preferred activity ComponentInfo{com.android.mms/com.android.mms.ui.ComposeMessageRouterActivity} for user 0 :
05-12 14:59:05.836 I/ActivityManager( 1930): Start proc com.qihoo.appstore:PluginP01 for service com.qihoo.appstore/com.morgoo.droidplugin.stub.ServiceStub$StubP01$P00: pid=32173 uid=10102 gids={50102, 1028, 1015, 3003, 3001, 3002}
05-12 14:59:05.866 D/AppOps  ( 1930): checkOperation:code 15 uid 1001 package com.android.phone
05-12 14:59:05.866 D/AppOps  ( 1930): checkOperation:code 15 uid 1002 package com.android.bluetooth
05-12 14:59:05.866 W/IntentResolver( 1930): resolveIntent: multiple matches, only some with CATEGORY_DEFAULT
05-12 14:59:05.876 I/PackageManager( 1930):   Action: "android.intent.action.SENDTO"
05-12 14:59:05.876 I/PackageManager( 1930):   Category: "android.intent.category.DEFAULT"
05-12 14:59:05.876 I/PackageManager( 1930):   Scheme: "sms"
05-12 14:59:05.876 I/PackageManager( 1930): Adding preferred activity ComponentInfo{com.android.mms/com.android.mms.ui.ComposeMessageRouterActivity} for user 0 :
05-12 14:59:05.896 D/ActivityManager( 1930): Process state change from N  to S  next pss in 20000: ProcessRecord{42cbc188 32173:com.qihoo.appstore:PluginP01/u0a102}
05-12 14:59:05.906 W/IntentResolver( 1930): resolveIntent: multiple matches, only some with CATEGORY_DEFAULT
05-12 14:59:05.916 I/PackageManager( 1930):   Action: "android.intent.action.SENDTO"
05-12 14:59:05.916 I/PackageManager( 1930):   Category: "android.intent.category.DEFAULT"
05-12 14:59:05.916 I/PackageManager( 1930):   Scheme: "smsto"
05-12 14:59:05.916 I/PackageManager( 1930): Adding preferred activity ComponentInfo{com.android.mms/com.android.mms.ui.ComposeMessageRouterActivity} for user 0 :
05-12 14:59:05.966 W/IntentResolver( 1930): resolveIntent: multiple matches, only some with CATEGORY_DEFAULT
05-12 14:59:05.976 D/dalvikvm( 1930): GC_EXPLICIT freed 1121K, 26% free 27115K/36156K, paused 24ms+25ms, total 416ms
05-12 14:59:05.976 I/PackageManager( 1930):   Action: "android.intent.action.SENDTO"
05-12 14:59:05.976 I/PackageManager( 1930):   Category: "android.intent.category.DEFAULT"
05-12 14:59:05.976 I/PackageManager( 1930):   Scheme: "mms"
05-12 14:59:05.976 I/PackageManager( 1930): Adding preferred activity ComponentInfo{com.android.mms/com.android.mms.ui.ComposeMessageRouterActivity} for user 0 :
05-12 14:59:05.996 D/dalvikvm(32173): DexOpt: couldn't find static field Landroid/os/Build;.SUPPORTED_32_BIT_ABIS
05-12 14:59:05.996 W/dalvikvm(32173): VFY: unable to resolve static field 23 (SUPPORTED_32_BIT_ABIS) in Landroid/os/Build;
05-12 14:59:05.996 D/dalvikvm(32173): VFY: replacing opcode 0x62 at 0x0002
05-12 14:59:05.996 W/IntentResolver( 1930): resolveIntent: multiple matches, only some with CATEGORY_DEFAULT
05-12 14:59:06.006 I/PackageManager( 1930):   Action: "android.intent.action.SENDTO"
05-12 14:59:06.006 I/PackageManager( 1930):   Category: "android.intent.category.DEFAULT"
05-12 14:59:06.006 I/PackageManager( 1930):   Scheme: "mmsto"
05-12 14:59:06.006 I/PackageManager( 1930): Adding preferred activity ComponentInfo{com.android.mms/com.android.mms.ui.ComposeMessageRouterActivity} for user 0 :
05-12 14:59:06.016 D/InputMethodUtils( 1930): getSelectedInputMethodStr: com.baidu.input_mi/.ImeService, 0
05-12 14:59:06.016 D/InputMethodUtils( 1930): getEnabledInputMethodsStr: com.google.android.inputmethod.pinyin/.PinyinIME:com.baidu.input_mi/.ImeService:com.sohu.inputmethod.sogou.xiaomi/.SogouIME, 0
05-12 14:59:06.056 D/AndroidRuntime(32148): Shutting down VM
05-12 14:59:06.066 I/ProfileConfig( 6358): parseJSONStringToObject ret.mPrimaryPkgSparseArray:{0=[], 1=[], 2=[], 3=[com.miui.home], 4=[com.duokan.reader], 5=[com.miui.video], 6=[com.miui.gallery, com.android.camera]}
05-12 14:59:06.066 I/ProfileConfig( 6358): parseJSONStringToObject ret.mMIMESparseArray:{0=[], 1=[], 2=[], 3=[], 4=[text/*, application/pdf, application/msword, application/vnd.ms-excel, application/vnd.ms-powerpoint, application/vnd.ms-outlook], 5=[video/*], 6=[]}
05-12 14:59:06.066 I/ProfileConfig( 6358): parseJSONStringToObject ret.mParsedPkgSparseArray:{0=[], 1=[], 2=[], 3=[], 4=[com.android.contacts, com.android.htmlviewer, com.android.browser, com.UCMobile, com.duokan.reader, com.ijinshan.browser_fast, org.mozilla.firefox, com.tencent.mtt, com.qihoo.browser, sogou.mobile.explorer, com.tencent.mobileqq], 5=[com.miui.video, com.android.fileexplorer, com.ijinshan.browser_fast, com.UCMobile, com.nd.assistance, com.tencent.mobileqq, com.tencent.mtt, sogou.mobile.explorer], 6=[]}
05-12 14:59:06.066 I/ProfileConfig( 6358): parseJSONStringToObject ret.mGroupIdList:[0, 1, 2, 3, 4, 5, 6]
05-12 14:59:06.066 I/ProfileConfig( 6358): parseJSONStringToObject ret.mGroupTypeArray:{0=0, 1=0, 2=0, 3=0, 4=1, 5=1, 6=1}
05-12 14:59:06.066 I/ProfileConfig( 6358): parseJSONStringToObject ret.mGroupNameArray:{0=normal, 1=idle, 2=keyguard, 3=home, 4=reading, 5=media, 6=enhanceUI}
05-12 14:59:06.066 I/octvm_drv( 7420): common drv: get_current_battery_uAh will return 0
05-12 14:59:06.066 I/octvm_power( 7420): Action: set_cpu_powermode(middle) for [foreground_change]
05-12 14:59:06.066 I/octvm_drv( 7420): common drv: platform_set_power_profile -> platform not support
05-12 14:59:06.066 I/octvm_power( 7420): Action: set_lcd_mode(default) for [foreground_change]
05-12 14:59:06.066 I/octvm_drv( 7420): common drv: platform_set_lcd_mode -> platform not support
05-12 14:59:06.066 I/octvm_drv( 7420): common drv: get_current_battery_uAh will return 0
05-12 14:59:06.066 I/octvm_power( 7420): onPowerModeChanged[normal] called
05-12 14:59:06.066 D/dalvikvm(32148): GC_CONCURRENT freed 94K, 15% free 572K/672K, paused 0ms+0ms, total 4ms
05-12 14:59:06.066 D/octvm_power( 7420): add mode[idle 1]
05-12 14:59:06.066 D/octvm_power( 7420): add mode[keyguard 2]
05-12 14:59:06.066 D/octvm_power( 7420): add mode[home 3]
05-12 14:59:06.066 D/octvm_power( 7420): add mode[reading 4]
05-12 14:59:06.066 D/octvm_power( 7420): add mode[media 5]
05-12 14:59:06.066 D/octvm_power( 7420): add mode[enhanceUI 6]
05-12 14:59:06.066 I/octvm_power( 7420): set dfps_mode off
05-12 14:59:06.066 I/octvm_power( 7420): update power state config completed
05-12 14:59:06.066 D/octvm_power( 7420): already in mode 0, ignore this transition
05-12 14:59:06.126 D/PushHBAligPolicyService( 6358): leader: leader uid = 10073leader intent = Intent { act=com.xiaomi.push.PING_TIMER }
05-12 14:59:06.136 D/dalvikvm(32173): Trying to load lib /data/data/com.qihoo.appstore/.jiagu/libjiagu.so 0x42c41cf8
05-12 14:59:06.136 D/dalvikvm(32173): Added shared lib /data/data/com.qihoo.appstore/.jiagu/libjiagu.so 0x42c41cf8
05-12 14:59:06.166 D/NotificationService( 1930): index = 3 added notification: NotificationRecord(0x43805d88: pkg=com.qihoo.appstore user=UserHandle{0} id=10012 tag=null score=10: Notification(pri=1 contentView=com.qihoo.appstore/0x7f030203 vibrate=null sound=null defaults=0x0 flags=0x2 kind=[null]))
05-12 14:59:06.166 D/NotificationService( 1930): mSoundNotification = null
05-12 14:59:06.166 D/NotificationService( 1930): old = NotificationRecord(0x43b4cb08: pkg=com.qihoo.appstore user=UserHandle{0} id=10012 tag=null score=10: Notification(pri=1 contentView=com.qihoo.appstore/0x7f030203 vibrate=null sound=null defaults=0x0 flags=0x62 kind=[null]))
05-12 14:59:06.166 D/PhoneStatusBar( 4520): updateNotification pkg=com.qihoo.appstore;id=10012
05-12 14:59:06.166 D/BackupManagerService( 1930): Received broadcast Intent { act=android.intent.action.PACKAGE_REMOVED dat=package:com.cgs.fund flg=0x4000010 (has extras) }
05-12 14:59:06.166 V/BackupManagerService( 1930): removePackageParticipantsLocked: uid=10328 #1
05-12 14:59:06.166 D/JobSchedulerService( 1930): Receieved: android.intent.action.PACKAGE_REMOVED
05-12 14:59:06.166 D/JobSchedulerService( 1930): Removing jobs for uid: 10328
05-12 14:59:06.216 D/PowerManagerService( 1930): Releasing suspend blocker "PowerManagerService.WakeLocks".
05-12 14:59:06.226 D/NtpTrustedTime( 1930): forceRefresh() from cache miss: mServer=time.windows.com
05-12 14:59:06.226 I/XiaomiFirewall( 6185): firewall pkgName:android, result:0x0
05-12 14:59:06.226 D/NtpTrustedTime( 1930): currentTimeMillis() cache hit
05-12 14:59:06.226 W/SocketClient(  146): write error (Broken pipe)
05-12 14:59:06.246 D/NotificationService( 1930): -----old = NotificationRecord(0x43b4cb08: pkg=com.qihoo.appstore user=UserHandle{0} id=10012 tag=null score=10: Notification(pri=1 contentView=com.qihoo.appstore/0x7f030203 vibrate=null sound=null defaults=0x0 flags=0x62 kind=[null]))
05-12 14:59:06.246 D/NotificationService( 1930): index = 3 added notification: NotificationRecord(0x4393e5f0: pkg=com.qihoo.appstore user=UserHandle{0} id=10012 tag=null score=10: Notification(pri=1 contentView=com.qihoo.appstore/0x7f030203 vibrate=null sound=null defaults=0x0 flags=0x42 kind=[null]))
05-12 14:59:06.246 D/NotificationService( 1930): mSoundNotification = null
05-12 14:59:06.246 D/NotificationService( 1930): old = NotificationRecord(0x43805d88: pkg=com.qihoo.appstore user=UserHandle{0} id=10012 tag=null score=10: Notification(pri=1 contentView=com.qihoo.appstore/0x7f030203 vibrate=null sound=null defaults=0x0 flags=0x62 kind=[null]))
05-12 14:59:06.246 D/NotificationService( 1930): ----hasValidSound = false
05-12 14:59:06.256 D/NotificationService( 1930): -----old = NotificationRecord(0x43805d88: pkg=com.qihoo.appstore user=UserHandle{0} id=10012 tag=null score=10: Notification(pri=1 contentView=com.qihoo.appstore/0x7f030203 vibrate=null sound=null defaults=0x0 flags=0x62 kind=[null]))
05-12 14:59:06.256 D/NotificationService( 1930): ----hasValidSound = false
05-12 14:59:06.256 D/ActivityManager( 1930): Process state change from IF to S  next pss in 20000: ProcessRecord{4392f390 7228:android.process.acore/u0a7}
05-12 14:59:06.266 D/PhoneStatusBar( 4520): updateNotification pkg=com.qihoo.appstore;id=10012
05-12 14:59:06.276 W/System.err( 7228): android.content.pm.PackageManager$NameNotFoundException: com.cgs.fund
05-12 14:59:06.286 W/System.err( 7228): 	at android.app.ApplicationPackageManager.getPackageInfo(ApplicationPackageManager.java:82)
05-12 14:59:06.286 W/System.err( 7228): 	at com.android.providers.contacts.ContactDirectoryManager.onPackageChanged(ContactDirectoryManager.java:359)
05-12 14:59:06.286 W/System.err( 7228): 	at com.android.providers.contacts.ContactsProvider2.performBackgroundTask(ContactsProvider2.java:1870)
05-12 14:59:06.286 W/System.err( 7228): 	at com.android.providers.contacts.ContactsProvider2$1.handleMessage(ContactsProvider2.java:1643)
05-12 14:59:06.286 W/System.err( 7228): 	at android.os.Handler.dispatchMessage(Handler.java:102)
05-12 14:59:06.286 W/System.err( 7228): 	at android.os.Looper.loop(Looper.java:136)
05-12 14:59:06.286 W/System.err( 7228): 	at android.os.HandlerThread.run(HandlerThread.java:61)
05-12 14:59:06.306 D/VoicemailCleanupService( 7228): Cleaning up data for package: com.cgs.fund
05-12 14:59:06.306 D/AppOps  ( 1930): checkOperation:code 50 uid 10027 package com.xiaomi.providers.appindex
05-12 14:59:06.306 D/BroadcastLimitPolicy( 5378): [ALLOW] [broadcast] callerPackage null start process with Intent { act=android.intent.action.PACKAGE_REMOVED dat=package:com.cgs.fund flg=0x4000010 (has extras) } componentName com.xiaomi.providers.appindex/com.xiaomi.providers.appindex.PackageChangeReceiver [reason:3]
05-12 14:59:06.316 I/ActivityManager( 1930): Start proc com.xiaomi.providers.appindex for broadcast com.xiaomi.providers.appindex/.PackageChangeReceiver: pid=32191 uid=10027 gids={50027}
05-12 14:59:06.326 D/WtProcessController( 5378): onAMProcStart callback
05-12 14:59:06.326 E/mdb_debug(  194): usb_linux_client.c:usb_read[L-304]: ERROR: fd = 16, n = -1: 5, I/O error
05-12 14:59:06.326 E/mdb_debug(  194): transport_usb.c:remote_read[L-61]: remote usb: read terminated (message): 5, I/O error
05-12 14:59:06.326 E/mdb_debug(  194): transport.c:output_thread[L-214]: usb_fd16: remote read failed for transport: 5, I/O error
05-12 14:59:06.326 E/mdb_debug(  194): transport.c:output_thread[L-231]: usb_fd16: transport output thread is exiting: 5, I/O error
05-12 14:59:06.326 D/mdb_debug(  194): transport.c:transport_unref_locked[L-635]: transport: usb_fd16 unref (count=1)
05-12 14:59:06.326 D/mdb_debug(  194): 
05-12 14:59:06.326 D/ActivityManager( 1930): Process state change from S  to IF next pss in 20000: ProcessRecord{4392f390 7228:android.process.acore/u0a7}
05-12 14:59:06.346 D/mdb_debug(  194): mdb.c:handle_offline[L-69]: mdb: offline
05-12 14:59:06.346 E/mdb_debug(  194): transport.c:input_thread[L-279]: usb_fd16: transport input thread is exiting, fd 18
05-12 14:59:06.346 E/mdb_debug(  194): : 0, Success
05-12 14:59:06.356 D/UsbDeviceManager( 1930): updateState : state = CONFIGURED
05-12 14:59:06.356 V/UsbDeviceManager( 1930): USB UEVENT: {USB_STATE=CONFIGURED, SUBSYSTEM=android_usb, DEVPATH=/devices/virtual/android_usb/android0, SEQNUM=3269, ACTION=change}
05-12 14:59:06.366 D/UsbDeviceManager( 1930):  handleMessage msg:{ when=0 what=0 arg1=1 arg2=1 target=com.android.server.usb.UsbDeviceManager$UsbHandler } msg.arg1:1  msg.arg2  1
05-12 14:59:06.366 D/UsbDeviceManager( 1930):  containsFunction  functions: mtp,adb function: mtp
05-12 14:59:06.366 D/UsbDeviceManager( 1930): updateUsbNotification mConnected:true mConnected_InChargeOnlyMode:false  mCurrentFunctions:mtp,adb id:17040499
05-12 14:59:06.366 D/UsbDeviceManager( 1930):  updateAdbNotification start 
05-12 14:59:06.366 D/UsbDeviceManager( 1930):  containsFunction  functions: mtp,adb function: accessory
05-12 14:59:06.366 D/UsbDeviceManager( 1930):  updateUsbState  start mConnected:true mConfigured: true
05-12 14:59:06.366 D/lc-mla-manager(32205): 
05-12 14:59:06.366 D/lc-mla-manager(32205):     lc-mla-manager, version 1.0.0
05-12 14:59:06.366 D/lc-mla-manager(32205):     COPYRIGHT (C) 2012 LeadCore Technology CO., LTD
05-12 14:59:06.366 D/lc-mla-manager(32205):     Build time: Nov 24 2016 14:26:53
05-12 14:59:06.366 D/lc-mla-manager(32205): PID of lc-mla-manager: 32205
05-12 14:59:06.366 D/lc-mla-manager(32205): Current usb configuration: [mtp,adb]
05-12 14:59:06.366 D/lc-mla-manager(32205): read_usb_serial_number : [0]
05-12 14:59:06.366 D/lc-mla-manager(32205): usb_config_now not serial
05-12 14:59:06.366 D/UsbDeviceManager( 1930):  containsFunction  functions: mtp,adb function: audio_source
05-12 14:59:06.366 D/Tethering( 1930): tethering received usb status changed usbConnected = true mRndisEnabled = false mUsbTetherRequested = false
05-12 14:59:06.366 D/ActivityManager( 1930): Process state change from N  to R  next pss in 30000: ProcessRecord{43bf7298 32191:com.xiaomi.providers.appindex/u0a27}
05-12 14:59:06.366 D/UsbDeviceManager( 1930): broadcasting Intent { act=android.hardware.usb.action.USB_STATE flg=0x20000000 (has extras) } connected: true configured: true
05-12 14:59:06.366 D/ActivityManager( 1930): Process state change from IF to S  next pss in 20000: ProcessRecord{4392f390 7228:android.process.acore/u0a7}
05-12 14:59:06.366 D/ActivityManager( 1930): Process state change from S  to IF next pss in 20000: ProcessRecord{4392f390 7228:android.process.acore/u0a7}
05-12 14:59:06.386 I/dalvikvm(32191): DexOpt: not all deps represented
05-12 14:59:06.386 E/dalvikvm(32191): /system/app/AppIndexProvider.apk odex has stale dependencies
05-12 14:59:06.386 V/AppIndex.Database(32191): create Database
05-12 14:59:06.446 D/AppOps  ( 1930): checkOperation:code 50 uid 1000 package com.android.keychain
05-12 14:59:06.446 D/ActivityManager( 1930): Process state change from R  to S  next pss in 20000: ProcessRecord{42cb7ca0 31919:com.miui.cloudservice/u0a34}
05-12 14:59:06.456 D/BroadcastLimitPolicy( 5378): [ALLOW] [broadcast] callerPackage null start process with Intent { act=android.intent.action.PACKAGE_REMOVED dat=package:com.cgs.fund flg=0x4000010 (has extras) } componentName com.android.keychain/com.android.keychain.KeyChainBroadcastReceiver [reason:2]
05-12 14:59:06.456 E/mdb_debug(  194): usb_linux_client.c:usb_open_thread[L-215]: not support data port: data_port = 0: 25, Not a typewriter
05-12 14:59:06.456 D/mdb_debug(  194): usb_linux_client.c:usb_open_thread[L-224]: register_transport usb_fd16
05-12 14:59:06.456 D/MicloudPushService(31919): push service action : android.intent.action.PACKAGE_REMOVED sBindStatus:0
05-12 14:59:06.476 D/WtProcessController( 5378): onAMProcStart callback
05-12 14:59:06.476 I/ActivityManager( 1930): Start proc com.android.keychain for broadcast com.android.keychain/.KeyChainBroadcastReceiver: pid=32210 uid=1000 gids={41000, 3003, 1028, 1015, 1007, 3002, 3001, 2001, 3006, 3007, 1023, 1035}
05-12 14:59:06.476 D/ActivityManager( 1930): Process state change from S  to CE next pss in 30000: ProcessRecord{42cb7ca0 31919:com.miui.cloudservice/u0a34}
05-12 14:59:06.476 I/ActivityManager( 1930): Killing 31901:com.miui.cloudbackup/u0a6 (adj 15): empty for 661s
05-12 14:59:06.506 D/ActivityManager( 1930): Process state change from N  to R  next pss in 30000: ProcessRecord{43c3dbb0 32210:com.android.keychain/1000}
05-12 14:59:06.526 I/dalvikvm(32210): DexOpt: not all deps represented
05-12 14:59:06.526 E/dalvikvm(32210): /system/app/KeyChain.apk odex has stale dependencies
05-12 14:59:06.526 W/ContextImpl(32210): Calling a method in the system process without a qualified user: android.app.ContextImpl.startService:1573 android.content.ContextWrapper.startService:494 android.content.ContextWrapper.startService:494 com.android.keychain.KeyChainBroadcastReceiver.onReceive:12 android.app.ActivityThread.handleReceiver:2432 
05-12 14:59:06.526 D/ActivityManager( 1930): Process state change from R  to S  next pss in 20000: ProcessRecord{43c3dbb0 32210:com.android.keychain/1000}
05-12 14:59:06.546 W/PushService( 4538): 2017-05-12 14:59:06,560 - [WARN::PushService] - [Thread:31] JOB: Handle intent action = com.xiaomi.xmsf.push.UNINSTALL
05-12 14:59:06.546 D/PowerManagerService( 1930): Acquiring suspend blocker "PowerManagerService.WakeLocks".
05-12 14:59:06.556 D/PowerManagerService( 1930): Releasing suspend blocker "PowerManagerService.WakeLocks".
05-12 14:59:06.556 D/PowerManagerService( 1930): Acquiring suspend blocker "PowerManagerService.WakeLocks".
05-12 14:59:06.566 D/PowerManagerService( 1930): Releasing suspend blocker "PowerManagerService.WakeLocks".
05-12 14:59:06.566 D/PowerManagerService( 1930): Acquiring suspend blocker "PowerManagerService.WakeLocks".
05-12 14:59:06.576 D/AppOps  ( 1930): checkOperation:code 50 uid 10074 package com.xiaomi.vip
05-12 14:59:06.576 D/PowerManagerService( 1930): Releasing suspend blocker "PowerManagerService.WakeLocks".
05-12 14:59:06.586 D/BroadcastLimitPolicy( 5378): [ALLOW] [broadcast] callerPackage null start process with Intent { act=android.intent.action.PACKAGE_REMOVED dat=package:com.cgs.fund flg=0x4000010 (has extras) } componentName com.xiaomi.vip/com.xiaomi.vip.service.AppInstallReceiver [reason:3]
05-12 14:59:06.606 D/WtProcessController( 5378): onAMProcStart callback
05-12 14:59:06.606 I/ActivityManager( 1930): Start proc com.xiaomi.vip for broadcast com.xiaomi.vip/.service.AppInstallReceiver: pid=32247 uid=10074 gids={50074, 3003, 1028, 1015, 1007}
05-12 14:59:06.606 D/ActivityManager( 1930): cleanUpApplicationRecordLocked -- 31901
05-12 14:59:06.616 D/ActivityManager( 1930): Process state change from S  to CE next pss in 30000: ProcessRecord{43c3dbb0 32210:com.android.keychain/1000}
05-12 14:59:06.616 I/ActivityManager( 1930): Killing 31835:com.android.calendar/u0a4 (adj 15): empty for 661s
05-12 14:59:06.636 D/PowerKeeperPolicy( 1930): killSensorsByUid uid = 10006 pid = 31901
05-12 14:59:06.676 D/ActivityManager( 1930): Process state change from N  to R  next pss in 30000: ProcessRecord{43c7dc30 32247:com.xiaomi.vip/u0a74}
05-12 14:59:06.756 I/dalvikvm(32247): DexOpt: not all deps represented
05-12 14:59:06.756 E/dalvikvm(32247): /system/framework/cloud-common.jar odex has stale dependencies
05-12 14:59:06.756 I/dalvikvm(32247): DexOpt: not all deps represented
05-12 14:59:06.756 E/dalvikvm(32247): /system/framework/android-support-v13.jar odex has stale dependencies
05-12 14:59:06.756 I/dalvikvm(32247): DexOpt: not all deps represented
05-12 14:59:06.756 E/dalvikvm(32247): /system/framework/picasso.jar odex has stale dependencies
05-12 14:59:06.786 D/dalvikvm( 5162): GC_CONCURRENT freed 1640K, 29% free 15024K/20964K, paused 5ms+5ms, total 53ms
05-12 14:59:06.796 D/miuisdk (32247): current sdk level is 9
05-12 14:59:06.816 D/dalvikvm(32247): GetMethodID: not returning static method Landroid/graphics/drawable/Drawable;.createFromXmlInner (Landroid/content/res/Resources;Lorg/xmlpull/v1/XmlPullParser;Landroid/util/AttributeSet;)Landroid/graphics/drawable/Drawable;
05-12 14:59:06.816 D/dalvikvm(32247): GetMethodID: not returning static method Landroid/text/util/Linkify;.gatherLinks (Ljava/util/ArrayList;Landroid/text/Spannable;Ljava/util/regex/Pattern;[Ljava/lang/String;Landroid/text/util/Linkify$MatchFilter;Landroid/text/util/Linkify$TransformFilter;)V
05-12 14:59:06.816 D/dalvikvm(32247): GetMethodID: not returning static method Landroid/text/util/Linkify;.gatherMapLinks (Ljava/util/ArrayList;Landroid/text/Spannable;)V
05-12 14:59:06.816 D/dalvikvm(32247): GetMethodID: not returning static method Landroid/text/util/Linkify;.pruneOverlaps (Ljava/util/ArrayList;)V
05-12 14:59:06.816 D/dalvikvm(32247): GetMethodID: not returning static method Landroid/text/util/Linkify;.applyLink (Ljava/lang/String;IILandroid/text/Spannable;)V
05-12 14:59:06.816 D/dalvikvm(32247): GetMethodID: not returning static method Landroid/text/util/Linkify;.gatherTelLinks (Ljava/util/ArrayList;Landroid/text/Spannable;)V
05-12 14:59:06.816 D/dalvikvm(32247): GetMethodID: not returning static method Landroid/text/util/Linkify;.gatherLinks (Ljava/util/ArrayList;Landroid/text/Spannable;Ljava/util/regex/Pattern;[Ljava/lang/String;Landroid/text/util/Linkify$MatchFilter;Landroid/text/util/Linkify$TransformFilter;)V
05-12 14:59:06.816 D/dalvikvm(32247): GetMethodID: not returning static method Landroid/text/util/Linkify;.addLinks (Landroid/text/Spannable;I)Z
05-12 14:59:06.826 D/ActivityManager( 1930): cleanUpApplicationRecordLocked -- 31835
05-12 14:59:06.836 D/PowerKeeperPolicy( 1930): killSensorsByUid uid = 10004 pid = 31835
05-12 14:59:06.836 I/miuisdk (32247): loading module: com.miui.system
05-12 14:59:06.896 D/miuisdk (32247): process com.miui.system successful
05-12 14:59:06.896 D/miuisdk (32247): process modules finished
05-12 14:59:06.926 W/XiaomiVip(32247): failed to mkdirs /storage/emulated/0/MIUI/debug_log/XiaomiVip
05-12 14:59:06.956 I/vip_debug(32247): XiaomiVip, versionCode = 1052(P:32247)(T:main)(C:MiVipAppDelegate)at (null:-1)
05-12 14:59:06.996 I/vip_debug(32247): thread pool status : active count 0, core pool size 0, pool size 0(P:32247)(T:main)(C:RunnableHelper$2)at (null:-1)
05-12 14:59:06.996 I/ActivityManager( 1930): Killing 31944:com.android.providers.calendar/u0a5 (adj 15): empty for 657s
05-12 14:59:07.006 D/AppOps  ( 1930): checkOperation:code 50 uid 10009 package com.android.providers.downloads.ui
05-12 14:59:07.016 E/cutils  (  144): Failed to mkdirat(/storage/sdcard1/Android): Read-only file system
05-12 14:59:07.016 W/ContextImpl(32247): Failed to ensure directory: /storage/sdcard1/Android/data/com.xiaomi.vip/files/vip_all_tasks0c22ebf26810fd93ffdbc1a57526d071
