05-12 14:20:46.111 V/JobSchedulerService( 1930): isReadyToBeExecutedLocked: com.miui.core/com.miui.internal.server.CoreJobService jId=1, u0 ready=false pending=false active=false userRunning=true
05-12 14:20:46.111 V/JobSchedulerService( 1930): isReadyToBeExecutedLocked: com.android.settings/.cloud.ConnectivityChangeJobService jId=2, u0 ready=false pending=false active=false userRunning=true
05-12 14:20:46.111 V/JobSchedulerService( 1930): isReadyToBeExecutedLocked: com.android.updater/.DailyCheckJobService jId=100, u0 ready=false pending=false active=false userRunning=true
05-12 14:20:46.111 V/JobSchedulerService( 1930): isReadyToBeExecutedLocked: com.miui.gallery/.discovery.GalleryJobService jId=0, u0 ready=false pending=false active=false userRunning=true
05-12 14:20:46.111 V/JobSchedulerService( 1930): isReadyToBeExecutedLocked: com.android.mms/.update.JobScheduleService jId=1, u0 ready=false pending=false active=false userRunning=true
05-12 14:20:46.111 V/JobSchedulerService( 1930): isReadyToBeExecutedLocked: com.android.calendar/com.miui.calendar.job.RemoteJobService jId=1, u0 ready=false pending=false active=false userRunning=true
05-12 14:20:46.111 D/JobSchedulerService( 1930): No jobs pending.
05-12 14:20:46.111 D/JobSchedulerService( 1930): pending queue: 0 jobs.
05-12 14:20:46.121 D/PowerManagerService( 1930): Releasing suspend blocker "PowerManagerService.WakeLocks".
05-12 14:20:46.201 D/ConnectivityService( 1930): getActiveNetworkInfo 
05-12 14:20:46.201 D/ConnectivityService( 1930): getActiveNetworkInfo 
05-12 14:20:47.731 D/ConnectivityService( 1930): getActiveNetworkInfo 
05-12 14:20:51.231 D/ConnectivityService( 1930): getActiveNetworkInfo 
05-12 14:20:51.391 D/ConnectivityService( 1930): getActiveNetworkInfo 
05-12 14:21:00.001 D/PowerManagerService( 1930): Acquiring suspend blocker "PowerManagerService.WakeLocks".
05-12 14:21:00.131 D/PowerManagerService( 1930): Releasing suspend blocker "PowerManagerService.WakeLocks".
05-12 14:21:01.401 D/ConnectivityService( 1930): getActiveNetworkInfo 
05-12 14:21:07.121 D/WifiController( 1930): battery changed pluggedType: 2
05-12 14:21:11.411 D/ConnectivityService( 1930): getActiveNetworkInfo 
05-12 14:21:11.501 D/NotificationService( 1930): ----hasValidSound = false
05-12 14:21:11.541 D/NotificationService( 1930): ----hasValidSound = false
05-12 14:21:15.461 D/NotificationService( 1930): ----hasValidSound = false
05-12 14:21:21.411 D/ConnectivityService( 1930): getActiveNetworkInfo 
05-12 14:21:27.131 D/        (  135): event { THERMAL=46 }
05-12 14:21:30.391 I/DeviceStorageMonitorService( 1930): mFreeMem:8420356096 DEFAULT_THRESHOLD_INCREASE_PROTECT:104857600 getProtectedSpace return:41943040 DEFAULT_PROTECT_SIZE:41943040
05-12 14:21:31.421 D/ConnectivityService( 1930): getActiveNetworkInfo 
05-12 14:21:34.821 D/PowerManagerService( 1930): Acquiring suspend blocker "PowerManagerService.WakeLocks".
05-12 14:21:34.831 D/PowerManagerService( 1930): Releasing suspend blocker "PowerManagerService.WakeLocks".
05-12 14:21:34.831 W/SocketClient(  146): write error (Broken pipe)
05-12 14:21:36.201 D/WifiController( 1930): battery changed pluggedType: 2
05-12 14:21:40.841 D/PowerManagerService( 1930): Acquiring suspend blocker "PowerManagerService.WakeLocks".
05-12 14:21:40.841 D/PowerManagerService( 1930): Releasing suspend blocker "PowerManagerService.WakeLocks".
05-12 14:21:40.851 W/SocketClient(  146): write error (Broken pipe)
05-12 14:21:41.431 D/ConnectivityService( 1930): getActiveNetworkInfo 
05-12 14:21:46.851 D/PowerManagerService( 1930): Acquiring suspend blocker "PowerManagerService.WakeLocks".
05-12 14:21:46.851 D/PowerManagerService( 1930): Releasing suspend blocker "PowerManagerService.WakeLocks".
05-12 14:21:46.861 W/SocketClient(  146): write error (Broken pipe)
05-12 14:21:51.441 D/ConnectivityService( 1930): getActiveNetworkInfo 
05-12 14:21:52.861 D/PowerManagerService( 1930): Acquiring suspend blocker "PowerManagerService.WakeLocks".
05-12 14:21:52.861 D/PowerManagerService( 1930): Releasing suspend blocker "PowerManagerService.WakeLocks".
05-12 14:21:52.871 W/SocketClient(  146): write error (Broken pipe)
05-12 14:21:58.871 D/PowerManagerService( 1930): Acquiring suspend blocker "PowerManagerService.WakeLocks".
05-12 14:21:58.881 D/PowerManagerService( 1930): Releasing suspend blocker "PowerManagerService.WakeLocks".
05-12 14:21:58.881 W/SocketClient(  146): write error (Broken pipe)
05-12 14:22:00.001 D/PowerManagerService( 1930): Acquiring suspend blocker "PowerManagerService.WakeLocks".
05-12 14:22:00.101 D/PowerManagerService( 1930): Releasing suspend blocker "PowerManagerService.WakeLocks".
05-12 14:22:01.441 D/ConnectivityService( 1930): getActiveNetworkInfo 
05-12 14:22:04.891 D/PowerManagerService( 1930): Acquiring suspend blocker "PowerManagerService.WakeLocks".
05-12 14:22:04.891 D/PowerManagerService( 1930): Releasing suspend blocker "PowerManagerService.WakeLocks".
05-12 14:22:04.901 W/SocketClient(  146): write error (Broken pipe)
05-12 14:22:07.121 D/WifiController( 1930): battery changed pluggedType: 2
05-12 14:22:10.901 D/PowerManagerService( 1930): Acquiring suspend blocker "PowerManagerService.WakeLocks".
05-12 14:22:10.901 D/PowerManagerService( 1930): Releasing suspend blocker "PowerManagerService.WakeLocks".
05-12 14:22:10.911 W/SocketClient(  146): write error (Broken pipe)
05-12 14:22:11.451 D/ConnectivityService( 1930): getActiveNetworkInfo 
05-12 14:22:16.521 D/WifiController( 1930): battery changed pluggedType: 2
05-12 14:22:16.911 D/PowerManagerService( 1930): Acquiring suspend blocker "PowerManagerService.WakeLocks".
05-12 14:22:16.911 D/PowerManagerService( 1930): Releasing suspend blocker "PowerManagerService.WakeLocks".
05-12 14:22:16.921 W/SocketClient(  146): write error (Broken pipe)
05-12 14:22:21.461 D/ConnectivityService( 1930): getActiveNetworkInfo 
05-12 14:22:22.921 D/PowerManagerService( 1930): Acquiring suspend blocker "PowerManagerService.WakeLocks".
05-12 14:22:22.931 D/PowerManagerService( 1930): Releasing suspend blocker "PowerManagerService.WakeLocks".
05-12 14:22:22.931 W/SocketClient(  146): write error (Broken pipe)
05-12 14:22:27.281 D/        (  135): event { THERMAL=46 }
05-12 14:22:28.941 D/PowerManagerService( 1930): Acquiring suspend blocker "PowerManagerService.WakeLocks".
05-12 14:22:28.941 D/PowerManagerService( 1930): Releasing suspend blocker "PowerManagerService.WakeLocks".
05-12 14:22:28.951 W/SocketClient(  146): write error (Broken pipe)
05-12 14:22:30.401 I/DeviceStorageMonitorService( 1930): mFreeMem:8420356096 DEFAULT_THRESHOLD_INCREASE_PROTECT:104857600 getProtectedSpace return:41943040 DEFAULT_PROTECT_SIZE:41943040
05-12 14:22:31.471 D/ConnectivityService( 1930): getActiveNetworkInfo 
05-12 14:22:34.951 D/ActivityManager( 1930): Requesting PSS of: ProcessRecord{42c9a0e8 645:com.cgs.fund/u0a328}
05-12 14:22:34.951 D/PowerManagerService( 1930): Acquiring suspend blocker "PowerManagerService.WakeLocks".
05-12 14:22:34.951 D/PowerManagerService( 1930): Releasing suspend blocker "PowerManagerService.WakeLocks".
05-12 14:22:35.041 D/ActivityManager( 1930): PSS of 645:com.cgs.fund/u0a328: 36707 lastPss=36703 state=T 
05-12 14:22:35.041 D/ActivityManager( 1930): Collected PSS of 1 of 1 processes in 92ms
05-12 14:22:40.971 D/PowerManagerService( 1930): Acquiring suspend blocker "PowerManagerService.WakeLocks".
05-12 14:22:40.971 D/PowerManagerService( 1930): Releasing suspend blocker "PowerManagerService.WakeLocks".
05-12 14:22:40.981 W/SocketClient(  146): write error (Broken pipe)
05-12 14:22:41.481 D/ConnectivityService( 1930): getActiveNetworkInfo 
05-12 14:22:46.981 D/PowerManagerService( 1930): Acquiring suspend blocker "PowerManagerService.WakeLocks".
05-12 14:22:46.981 D/PowerManagerService( 1930): Releasing suspend blocker "PowerManagerService.WakeLocks".
05-12 14:22:46.991 W/SocketClient(  146): write error (Broken pipe)
05-12 14:22:51.481 D/ConnectivityService( 1930): getActiveNetworkInfo 
05-12 14:22:52.991 D/PowerManagerService( 1930): Acquiring suspend blocker "PowerManagerService.WakeLocks".
05-12 14:22:53.001 D/PowerManagerService( 1930): Releasing suspend blocker "PowerManagerService.WakeLocks".
05-12 14:22:53.001 W/SocketClient(  146): write error (Broken pipe)
05-12 14:22:56.721 D/WifiController( 1930): battery changed pluggedType: 2
05-12 14:22:59.011 D/PowerManagerService( 1930): Acquiring suspend blocker "PowerManagerService.WakeLocks".
05-12 14:22:59.011 D/PowerManagerService( 1930): Releasing suspend blocker "PowerManagerService.WakeLocks".
05-12 14:22:59.021 W/SocketClient(  146): write error (Broken pipe)
05-12 14:23:00.001 D/PowerManagerService( 1930): Acquiring suspend blocker "PowerManagerService.WakeLocks".
05-12 14:23:00.091 D/PowerManagerService( 1930): Releasing suspend blocker "PowerManagerService.WakeLocks".
05-12 14:23:01.491 D/ConnectivityService( 1930): getActiveNetworkInfo 
05-12 14:23:05.021 D/PowerManagerService( 1930): Acquiring suspend blocker "PowerManagerService.WakeLocks".
05-12 14:23:05.021 D/PowerManagerService( 1930): Releasing suspend blocker "PowerManagerService.WakeLocks".
05-12 14:23:05.031 W/SocketClient(  146): write error (Broken pipe)
05-12 14:23:07.121 D/WifiController( 1930): battery changed pluggedType: 2
05-12 14:23:11.031 D/PowerManagerService( 1930): Acquiring suspend blocker "PowerManagerService.WakeLocks".
05-12 14:23:11.031 D/PowerManagerService( 1930): Releasing suspend blocker "PowerManagerService.WakeLocks".
05-12 14:23:11.041 W/SocketClient(  146): write error (Broken pipe)
05-12 14:23:11.501 D/ConnectivityService( 1930): getActiveNetworkInfo 
05-12 14:23:17.041 D/PowerManagerService( 1930): Acquiring suspend blocker "PowerManagerService.WakeLocks".
05-12 14:23:17.041 D/PowerManagerService( 1930): Releasing suspend blocker "PowerManagerService.WakeLocks".
05-12 14:23:17.051 W/SocketClient(  146): write error (Broken pipe)
05-12 14:23:21.511 D/ConnectivityService( 1930): getActiveNetworkInfo 
05-12 14:23:23.051 D/PowerManagerService( 1930): Acquiring suspend blocker "PowerManagerService.WakeLocks".
05-12 14:23:23.061 D/PowerManagerService( 1930): Releasing suspend blocker "PowerManagerService.WakeLocks".
05-12 14:23:23.061 W/SocketClient(  146): write error (Broken pipe)
05-12 14:23:27.441 D/        (  135): event { THERMAL=46 }
05-12 14:23:28.111 W/ProcessCpuTracker( 1930): Skipping unknown process pid 29054
05-12 14:23:29.061 D/PowerManagerService( 1930): Acquiring suspend blocker "PowerManagerService.WakeLocks".
05-12 14:23:29.071 D/PowerManagerService( 1930): Releasing suspend blocker "PowerManagerService.WakeLocks".
05-12 14:23:29.071 W/SocketClient(  146): write error (Broken pipe)
05-12 14:23:30.401 I/DeviceStorageMonitorService( 1930): mFreeMem:8420356096 DEFAULT_THRESHOLD_INCREASE_PROTECT:104857600 getProtectedSpace return:41943040 DEFAULT_PROTECT_SIZE:41943040
05-12 14:23:31.511 D/ConnectivityService( 1930): getActiveNetworkInfo 
05-12 14:23:35.081 D/PowerManagerService( 1930): Acquiring suspend blocker "PowerManagerService.WakeLocks".
05-12 14:23:35.081 D/PowerManagerService( 1930): Releasing suspend blocker "PowerManagerService.WakeLocks".
05-12 14:23:35.091 W/SocketClient(  146): write error (Broken pipe)
05-12 14:23:36.961 D/WifiController( 1930): battery changed pluggedType: 2
05-12 14:23:41.521 D/ConnectivityService( 1930): getActiveNetworkInfo 
05-12 14:23:50.041 D/ConnectivityService( 1930): getActiveNetworkInfo 
05-12 14:23:51.531 D/ConnectivityService( 1930): getActiveNetworkInfo 
05-12 14:23:52.611 D/NotificationService( 1930): ----hasValidSound = false
05-12 14:24:00.001 D/PowerManagerService( 1930): Acquiring suspend blocker "PowerManagerService.WakeLocks".
05-12 14:24:00.091 D/PowerManagerService( 1930): Releasing suspend blocker "PowerManagerService.WakeLocks".
05-12 14:24:01.541 D/ConnectivityService( 1930): getActiveNetworkInfo 
05-12 14:24:07.121 D/WifiController( 1930): battery changed pluggedType: 2
05-12 14:24:11.551 D/ConnectivityService( 1930): getActiveNetworkInfo 
05-12 14:24:21.551 D/ConnectivityService( 1930): getActiveNetworkInfo 
05-12 14:24:27.601 D/        (  135): event { THERMAL=46 }
05-12 14:24:30.431 I/DeviceStorageMonitorService( 1930): mFreeMem:8420356096 DEFAULT_THRESHOLD_INCREASE_PROTECT:104857600 getProtectedSpace return:41943040 DEFAULT_PROTECT_SIZE:41943040
05-12 14:24:31.561 D/ConnectivityService( 1930): getActiveNetworkInfo 
05-12 14:24:41.571 D/ConnectivityService( 1930): getActiveNetworkInfo 
05-12 14:24:41.851 D/PowerManagerService( 1930): Acquiring suspend blocker "PowerManagerService.WakeLocks".
05-12 14:24:41.861 D/ActivityManager( 1930): Requesting PSS of: ProcessRecord{42c9a0e8 645:com.cgs.fund/u0a328}
05-12 14:24:41.861 D/PowerManagerService( 1930): Releasing suspend blocker "PowerManagerService.WakeLocks".
05-12 14:24:41.951 D/ActivityManager( 1930): PSS of 645:com.cgs.fund/u0a328: 36707 lastPss=36707 state=T 
05-12 14:24:41.951 D/ActivityManager( 1930): Collected PSS of 1 of 1 processes in 84ms
05-12 14:24:43.531 D/WifiP2pService( 1930): InactiveState{ when=-8ms what=147461 target=com.android.internal.util.StateMachine$SmHandler }
05-12 14:24:43.531 D/WifiP2pService( 1930): P2pEnabledState{ when=-9ms what=147461 target=com.android.internal.util.StateMachine$SmHandler }
05-12 14:24:43.531 D/WifiP2pService( 1930): DefaultState{ when=-9ms what=147461 target=com.android.internal.util.StateMachine$SmHandler }
05-12 14:24:43.561 D/ConnectivityService( 1930): getActiveNetworkInfo 
05-12 14:24:43.571 W/ContextImpl( 2184): Calling a method in the system process without a qualified user: android.app.ContextImpl.startService:1573 android.content.ContextWrapper.startService:494 android.content.ContextWrapper.startService:494 com.android.settings.MiuiSettingsReceiver.onReceive:102 android.app.ActivityThread.handleReceiver:2432 
05-12 14:24:43.581 W/BroadcastQueueInjector( 1930): Unable to launch app com.qihoo.browser/10103 for broadcast Intent { act=android.net.wifi.SCAN_RESULTS flg=0x4000010 }: process is not permitted to  auto start
05-12 14:24:43.601 D/ConnectivityService( 1930): getActiveNetworkInfo 
05-12 14:24:51.581 D/ConnectivityService( 1930): getActiveNetworkInfo 
05-12 14:25:00.001 D/PowerManagerService( 1930): Acquiring suspend blocker "PowerManagerService.WakeLocks".
05-12 14:25:00.131 D/PowerManagerService( 1930): Releasing suspend blocker "PowerManagerService.WakeLocks".
05-12 14:25:00.171 D/WifiP2pService( 1930): InactiveState{ when=-1ms what=147461 target=com.android.internal.util.StateMachine$SmHandler }
05-12 14:25:00.171 D/WifiP2pService( 1930): P2pEnabledState{ when=-1ms what=147461 target=com.android.internal.util.StateMachine$SmHandler }
05-12 14:25:00.171 D/WifiP2pService( 1930): DefaultState{ when=-1ms what=147461 target=com.android.internal.util.StateMachine$SmHandler }
05-12 14:25:00.211 D/ConnectivityService( 1930): getActiveNetworkInfo 
05-12 14:25:00.211 W/ContextImpl( 2184): Calling a method in the system process without a qualified user: android.app.ContextImpl.startService:1573 android.content.ContextWrapper.startService:494 android.content.ContextWrapper.startService:494 com.android.settings.MiuiSettingsReceiver.onReceive:102 android.app.ActivityThread.handleReceiver:2432 
05-12 14:25:00.241 W/BroadcastQueueInjector( 1930): Unable to launch app com.qihoo.browser/10103 for broadcast Intent { act=android.net.wifi.SCAN_RESULTS flg=0x4000010 }: process is not permitted to  auto start
05-12 14:25:00.261 D/ConnectivityService( 1930): getActiveNetworkInfo 
05-12 14:25:01.591 D/ConnectivityService( 1930): getActiveNetworkInfo 
05-12 14:25:07.121 D/WifiController( 1930): battery changed pluggedType: 2
05-12 14:25:11.591 D/ConnectivityService( 1930): getActiveNetworkInfo 
05-12 14:25:16.891 D/WifiP2pService( 1930): InactiveState{ when=0 what=147461 target=com.android.internal.util.StateMachine$SmHandler }
05-12 14:25:16.891 D/WifiP2pService( 1930): P2pEnabledState{ when=0 what=147461 target=com.android.internal.util.StateMachine$SmHandler }
05-12 14:25:16.891 D/WifiP2pService( 1930): DefaultState{ when=0 what=147461 target=com.android.internal.util.StateMachine$SmHandler }
05-12 14:25:16.931 D/ConnectivityService( 1930): getActiveNetworkInfo 
05-12 14:25:16.931 W/ContextImpl( 2184): Calling a method in the system process without a qualified user: android.app.ContextImpl.startService:1573 android.content.ContextWrapper.startService:494 android.content.ContextWrapper.startService:494 com.android.settings.MiuiSettingsReceiver.onReceive:102 android.app.ActivityThread.handleReceiver:2432 
05-12 14:25:16.961 W/BroadcastQueueInjector( 1930): Unable to launch app com.qihoo.browser/10103 for broadcast Intent { act=android.net.wifi.SCAN_RESULTS flg=0x4000010 }: process is not permitted to  auto start
05-12 14:25:16.981 D/ConnectivityService( 1930): getActiveNetworkInfo 
05-12 14:25:21.601 D/ConnectivityService( 1930): getActiveNetworkInfo 
05-12 14:25:27.771 D/        (  135): event { THERMAL=46 }
05-12 14:25:30.451 I/DeviceStorageMonitorService( 1930): mFreeMem:8420356096 DEFAULT_THRESHOLD_INCREASE_PROTECT:104857600 getProtectedSpace return:41943040 DEFAULT_PROTECT_SIZE:41943040
05-12 14:25:31.601 D/ConnectivityService( 1930): getActiveNetworkInfo 
05-12 14:25:41.611 D/ConnectivityService( 1930): getActiveNetworkInfo 
05-12 14:25:47.741 D/ConnectivityService( 1930): getActiveNetworkInfo 
05-12 14:25:51.331 D/ConnectivityService( 1930): getActiveNetworkInfo 
05-12 14:25:51.621 D/ConnectivityService( 1930): getActiveNetworkInfo 
05-12 14:26:00.001 D/PowerManagerService( 1930): Acquiring suspend blocker "PowerManagerService.WakeLocks".
05-12 14:26:00.081 D/ActivityManager( 1930): Requesting PSS of: ProcessRecord{439ace50 5399:com.miui.home/u0a16}
05-12 14:26:00.141 D/PowerManagerService( 1930): Releasing suspend blocker "PowerManagerService.WakeLocks".
05-12 14:26:00.201 D/ActivityManager( 1930): PSS of 5399:com.miui.home/u0a16: 33297 lastPss=33299 state=IF
05-12 14:26:00.201 D/ActivityManager( 1930): Collected PSS of 1 of 1 processes in 120ms
05-12 14:26:01.621 D/ConnectivityService( 1930): getActiveNetworkInfo 
05-12 14:26:11.631 D/ConnectivityService( 1930): getActiveNetworkInfo 
05-12 14:26:11.721 D/NotificationService( 1930): ----hasValidSound = false
05-12 14:26:11.751 D/NotificationService( 1930): ----hasValidSound = false
05-12 14:26:15.651 D/NotificationService( 1930): ----hasValidSound = false
05-12 14:26:17.841 D/WifiController( 1930): battery changed pluggedType: 2
05-12 14:26:21.641 D/ConnectivityService( 1930): getActiveNetworkInfo 
05-12 14:26:27.921 D/        (  135): event { THERMAL=46 }
05-12 14:26:30.471 I/DeviceStorageMonitorService( 1930): mFreeMem:8420356096 DEFAULT_THRESHOLD_INCREASE_PROTECT:104857600 getProtectedSpace return:41943040 DEFAULT_PROTECT_SIZE:41943040
05-12 14:26:31.641 D/ConnectivityService( 1930): getActiveNetworkInfo 
05-12 14:26:41.651 D/ConnectivityService( 1930): getActiveNetworkInfo 
05-12 14:26:51.661 D/ConnectivityService( 1930): getActiveNetworkInfo 
05-12 14:26:58.081 D/WifiController( 1930): battery changed pluggedType: 2
05-12 14:27:00.001 D/PowerManagerService( 1930): Acquiring suspend blocker "PowerManagerService.WakeLocks".
05-12 14:27:00.001 D/ActivityManager( 1930): Requesting PSS of: ProcessRecord{42c9a0e8 645:com.cgs.fund/u0a328}
05-12 14:27:00.091 D/PowerManagerService( 1930): Releasing suspend blocker "PowerManagerService.WakeLocks".
05-12 14:27:00.141 D/ActivityManager( 1930): PSS of 645:com.cgs.fund/u0a328: 36707 lastPss=36707 state=T 
05-12 14:27:00.141 D/ActivityManager( 1930): Collected PSS of 1 of 1 processes in 134ms
05-12 14:27:01.671 D/ConnectivityService( 1930): getActiveNetworkInfo 
05-12 14:27:07.121 D/WifiController( 1930): battery changed pluggedType: 2
05-12 14:27:11.671 D/ConnectivityService( 1930): getActiveNetworkInfo 
05-12 14:27:21.681 D/ConnectivityService( 1930): getActiveNetworkInfo 
05-12 14:27:28.081 D/        (  135): event { THERMAL=46 }
05-12 14:27:30.491 I/DeviceStorageMonitorService( 1930): mFreeMem:8420356096 DEFAULT_THRESHOLD_INCREASE_PROTECT:104857600 getProtectedSpace return:41943040 DEFAULT_PROTECT_SIZE:41943040
05-12 14:27:31.691 D/ConnectivityService( 1930): getActiveNetworkInfo 
05-12 14:27:38.321 D/WifiController( 1930): battery changed pluggedType: 2
05-12 14:27:41.701 D/ConnectivityService( 1930): getActiveNetworkInfo 
05-12 14:27:51.701 D/ConnectivityService( 1930): getActiveNetworkInfo 
05-12 14:27:59.991 D/PowerManagerService( 1930): Acquiring suspend blocker "PowerManagerService.WakeLocks".
05-12 14:28:00.071 D/ActivityManager( 1930): Requesting PSS of: ProcessRecord{439d8b18 7803:com.iflytek.speechcloud/u0a83}
05-12 14:28:00.071 D/ActivityManager( 1930): Requesting PSS of: ProcessRecord{435d6348 2184:com.android.settings/1000}
05-12 14:28:00.071 D/ActivityManager( 1930): Requesting PSS of: ProcessRecord{43535a00 5242:com.xiaomi.metok/u0a112}
05-12 14:28:00.071 D/ActivityManager( 1930): Requesting PSS of: ProcessRecord{43549f08 5618:com.kingroot.master:service/u0a109}
05-12 14:28:00.071 D/ActivityManager( 1930): Requesting PSS of: ProcessRecord{4358f980 6707:com.lbe.security.miui/u0a0}
05-12 14:28:00.071 D/ActivityManager( 1930): Requesting PSS of: ProcessRecord{4389fc68 6123:com.miui.securitycenter.remote/1000}
05-12 14:28:00.071 D/ActivityManager( 1930): Requesting PSS of: ProcessRecord{43c667e0 7882:com.miui.guardprovider/u0a42}
05-12 14:28:00.071 D/ActivityManager( 1930): Requesting PSS of: ProcessRecord{43632f80 7394:com.qihoo.daemon/u0a102}
05-12 14:28:00.071 D/ActivityManager( 1930): Requesting PSS of: ProcessRecord{4392f390 7228:android.process.acore/u0a7}
05-12 14:28:00.071 D/ActivityManager( 1930): Requesting PSS of: ProcessRecord{43a07f28 5420:com.miui.systemAdSolution/1000}
05-12 14:28:00.071 D/ActivityManager( 1930): Requesting PSS of: ProcessRecord{43a24340 5559:com.miui.analytics/u0a26}
05-12 14:28:00.071 D/ActivityManager( 1930): Requesting PSS of: ProcessRecord{43526f00 6358:com.miui.powerkeeper:service/1000}
05-12 14:28:00.071 D/ActivityManager( 1930): Requesting PSS of: ProcessRecord{43961ca8 7833:com.miui.antispam:provider/1000}
05-12 14:28:00.071 D/ActivityManager( 1930): Requesting PSS of: ProcessRecord{439f5380 5203:com.baidu.input_mi/u0a94}
05-12 14:28:00.071 D/ActivityManager( 1930): Requesting PSS of: ProcessRecord{43a637f0 6454:com.miui.sysbase/u0a119}
05-12 14:28:00.071 D/ActivityManager( 1930): Requesting PSS of: ProcessRecord{4377bd18 7598:com.android.incallui/u0a45}
05-12 14:28:00.071 D/ActivityManager( 1930): Requesting PSS of: ProcessRecord{4375e0d8 7414:com.android.defcontainer/u0a8}
05-12 14:28:00.071 D/ActivityManager( 1930): Requesting PSS of: ProcessRecord{438da878 6036:com.android.smspush/u0a70}
05-12 14:28:00.101 D/PowerManagerService( 1930): Releasing suspend blocker "PowerManagerService.WakeLocks".
05-12 14:28:00.161 D/ActivityManager( 1930): PSS of 7803:com.iflytek.speechcloud/u0a83: 2921 lastPss=2920 state=IF
05-12 14:28:00.211 D/ActivityManager( 1930): PSS of 2184:com.android.settings/1000: 9670 lastPss=10171 state=IF
05-12 14:28:00.241 D/ActivityManager( 1930): PSS of 5242:com.xiaomi.metok/u0a112: 7623 lastPss=7608 state=IF
05-12 14:28:00.271 D/ActivityManager( 1930): PSS of 5618:com.kingroot.master:service/u0a109: 14184 lastPss=12864 state=IF
05-12 14:28:00.301 D/ActivityManager( 1930): PSS of 6707:com.lbe.security.miui/u0a0: 10917 lastPss=10919 state=IF
05-12 14:28:00.331 D/ActivityManager( 1930): PSS of 6123:com.miui.securitycenter.remote/1000: 10045 lastPss=9507 state=IF
05-12 14:28:00.351 D/ActivityManager( 1930): PSS of 7882:com.miui.guardprovider/u0a42: 8527 lastPss=8530 state=IF
05-12 14:28:00.381 D/ActivityManager( 1930): PSS of 7394:com.qihoo.daemon/u0a102: 20218 lastPss=20101 state=IF
05-12 14:28:00.411 D/ActivityManager( 1930): PSS of 7228:android.process.acore/u0a7: 12371 lastPss=12372 state=IF
05-12 14:28:00.431 D/ActivityManager( 1930): PSS of 5420:com.miui.systemAdSolution/1000: 9228 lastPss=9228 state=IF
05-12 14:28:00.461 D/ActivityManager( 1930): PSS of 5559:com.miui.analytics/u0a26: 9766 lastPss=9768 state=IF
05-12 14:28:00.491 D/ActivityManager( 1930): PSS of 6358:com.miui.powerkeeper:service/1000: 11835 lastPss=11820 state=IF
05-12 14:28:00.511 D/ActivityManager( 1930): PSS of 7833:com.miui.antispam:provider/1000: 9094 lastPss=9097 state=IF
05-12 14:28:00.541 D/ActivityManager( 1930): PSS of 5203:com.baidu.input_mi/u0a94: 43115 lastPss=43119 state=IF
05-12 14:28:00.571 D/ActivityManager( 1930): PSS of 6454:com.miui.sysbase/u0a119: 7926 lastPss=7927 state=IF
05-12 14:28:00.591 D/ActivityManager( 1930): PSS of 7598:com.android.incallui/u0a45: 10014 lastPss=10014 state=IF
05-12 14:28:00.611 D/ActivityManager( 1930): PSS of 7414:com.android.defcontainer/u0a8: 4395 lastPss=4396 state=IF
05-12 14:28:00.631 D/ActivityManager( 1930): PSS of 6036:com.android.smspush/u0a70: 2762 lastPss=2760 state=IF
05-12 14:28:00.631 D/ActivityManager( 1930): Collected PSS of 18 of 18 processes in 558ms
05-12 14:28:01.711 D/ConnectivityService( 1930): getActiveNetworkInfo 
05-12 14:28:07.121 D/WifiController( 1930): battery changed pluggedType: 2
05-12 14:28:11.721 D/ConnectivityService( 1930): getActiveNetworkInfo 
05-12 14:28:18.581 D/WifiController( 1930): battery changed pluggedType: 2
05-12 14:28:21.731 D/ConnectivityService( 1930): getActiveNetworkInfo 
05-12 14:28:28.241 D/        (  135): event { THERMAL=46 }
05-12 14:28:30.511 I/DeviceStorageMonitorService( 1930): mFreeMem:8420356096 DEFAULT_THRESHOLD_INCREASE_PROTECT:104857600 getProtectedSpace return:41943040 DEFAULT_PROTECT_SIZE:41943040
05-12 14:28:31.731 D/ConnectivityService( 1930): getActiveNetworkInfo 
05-12 14:28:41.741 D/ConnectivityService( 1930): getActiveNetworkInfo 
05-12 14:28:51.751 D/ConnectivityService( 1930): getActiveNetworkInfo 
05-12 14:28:52.951 D/NotificationService( 1930): ----hasValidSound = false
05-12 14:29:00.001 D/PowerManagerService( 1930): Acquiring suspend blocker "PowerManagerService.WakeLocks".
05-12 14:29:00.001 D/ActivityManager( 1930): Requesting PSS of: ProcessRecord{42c9a0e8 645:com.cgs.fund/u0a328}
05-12 14:29:00.081 D/PowerManagerService( 1930): Releasing suspend blocker "PowerManagerService.WakeLocks".
05-12 14:29:00.141 D/ActivityManager( 1930): PSS of 645:com.cgs.fund/u0a328: 36707 lastPss=36707 state=T 
05-12 14:29:00.141 D/ActivityManager( 1930): Collected PSS of 1 of 1 processes in 127ms
05-12 14:29:01.761 D/ConnectivityService( 1930): getActiveNetworkInfo 
05-12 14:29:11.771 D/ConnectivityService( 1930): getActiveNetworkInfo 
05-12 14:29:21.771 D/ConnectivityService( 1930): getActiveNetworkInfo 
05-12 14:29:28.401 D/        (  135): event { THERMAL=46 }
05-12 14:29:30.541 I/DeviceStorageMonitorService( 1930): mFreeMem:8420356096 DEFAULT_THRESHOLD_INCREASE_PROTECT:104857600 getProtectedSpace return:41943040 DEFAULT_PROTECT_SIZE:41943040
05-12 14:29:31.771 D/ConnectivityService( 1930): getActiveNetworkInfo 
05-12 14:29:39.041 D/WifiController( 1930): battery changed pluggedType: 2
05-12 14:29:41.781 D/ConnectivityService( 1930): getActiveNetworkInfo 
05-12 14:29:46.161 D/JobScheduler.Time( 1930): Just received alarm: android.content.jobscheduler.JOB_DELAY_EXPIRED
05-12 14:29:46.171 D/JobScheduler.Time( 1930): Setting android.content.jobscheduler.JOB_DELAY_EXPIRED for: 178042540
05-12 14:29:46.171 D/PowerManagerService( 1930): Acquiring suspend blocker "PowerManagerService.WakeLocks".
05-12 14:29:46.191 D/ConnectivityService( 1930): getActiveNetworkInfo 
05-12 14:29:46.201 V/JobSchedulerService( 1930): isReadyToBeExecutedLocked: com.miui.gallery/.discovery.GalleryJobService jId=2, u0 ready=true pending=false active=false userRunning=true
05-12 14:29:46.201 V/JobSchedulerService( 1930): isReadyToBeExecutedLocked: com.miui.gallery/.discovery.GalleryJobService jId=3, u0 ready=false pending=false active=false userRunning=true
05-12 14:29:46.201 V/JobSchedulerService( 1930): isReadyToBeExecutedLocked: com.android.settings/.cloud.CloudJobService jId=1, u0 ready=false pending=false active=false userRunning=true
05-12 14:29:46.201 V/JobSchedulerService( 1930): isReadyToBeExecutedLocked: com.miui.whetstone/.cloudManager.CloudControlJobService jId=17493000, u0 ready=false pending=false active=false userRunning=true
05-12 14:29:46.201 V/JobSchedulerService( 1930): isReadyToBeExecutedLocked: com.android.calendar/com.miui.calendar.job.LocalJobService jId=0, u0 ready=false pending=false active=false userRunning=true
05-12 14:29:46.201 V/JobSchedulerService( 1930): isReadyToBeExecutedLocked: com.miui.mipub/.service.MipubJobService jId=100, u0 ready=false pending=false active=false userRunning=true
05-12 14:29:46.201 V/JobSchedulerService( 1930): isReadyToBeExecutedLocked: com.miui.securitycenter/.service.ConnectivityChangeJobService jId=100, u0 ready=false pending=false active=false userRunning=true
05-12 14:29:46.201 V/JobSchedulerService( 1930): isReadyToBeExecutedLocked: com.android.settings/.cloud.ConnectivityChangeJobService jId=2, u0 ready=false pending=false active=false userRunning=true
05-12 14:29:46.201 V/JobSchedulerService( 1930): isReadyToBeExecutedLocked: com.miui.analytics/.internal.JobSchedulerService jId=1, u0 ready=false pending=false active=false userRunning=true
05-12 14:29:46.201 V/JobSchedulerService( 1930): isReadyToBeExecutedLocked: com.miui.gallery/.discovery.GalleryJobService jId=1, u0 ready=false pending=false active=false userRunning=true
05-12 14:29:46.201 V/JobSchedulerService( 1930): isReadyToBeExecutedLocked: com.miui.core/com.miui.internal.server.CoreJobService jId=1, u0 ready=false pending=false active=false userRunning=true
05-12 14:29:46.201 V/JobSchedulerService( 1930): isReadyToBeExecutedLocked: com.android.settings/.cloud.ConnectivityChangeJobService jId=2, u0 ready=false pending=false active=false userRunning=true
05-12 14:29:46.201 V/JobSchedulerService( 1930): isReadyToBeExecutedLocked: com.android.updater/.DailyCheckJobService jId=100, u0 ready=false pending=false active=false userRunning=true
05-12 14:29:46.201 V/JobSchedulerService( 1930): isReadyToBeExecutedLocked: com.miui.gallery/.discovery.GalleryJobService jId=0, u0 ready=false pending=false active=false userRunning=true
05-12 14:29:46.201 V/JobSchedulerService( 1930): isReadyToBeExecutedLocked: com.android.mms/.update.JobScheduleService jId=1, u0 ready=false pending=false active=false userRunning=true
05-12 14:29:46.201 V/JobSchedulerService( 1930): isReadyToBeExecutedLocked: com.android.calendar/com.miui.calendar.job.RemoteJobService jId=1, u0 ready=false pending=false active=false userRunning=true
05-12 14:29:46.201 D/JobSchedulerService( 1930): maybeQueueReadyJobsForExecutionLockedH: Running jobs.
05-12 14:29:46.201 D/JobSchedulerService( 1930): idle=1 connectivity=0 charging=1 tot=1
05-12 14:29:46.201 D/JobSchedulerService( 1930): pending queue: 1 jobs.
05-12 14:29:46.201 D/JobServiceContext( 1930): Scheduling time out for '.discovery.GalleryJobService' jId: 2, in 8 s
05-12 14:29:46.211 D/ActivityManager( 1930): Process state change from CE to IB next pss in 20000: ProcessRecord{43852258 28355:com.miui.gallery/u0a15}
05-12 14:29:46.231 D/JobServiceContext( 1930): MSG_SERVICE_BOUND for com.miui.gallery/.discovery.GalleryJobService jId=2, u0
05-12 14:29:46.231 D/JobServiceContext( 1930): Scheduling time out for '.discovery.GalleryJobService' jId: 2, in 8 s
05-12 14:29:46.231 D/ConnectivityService( 1930): Sampling interval elapsed, updating statistics ..
05-12 14:29:46.251 D/ConnectivityService( 1930): Done.
05-12 14:29:46.251 D/ConnectivityService( 1930): Setting timer for 720seconds
05-12 14:29:46.291 D/JobServiceContext( 1930): MSG_CALLBACK of : 112..:[ComponentInfo{com.miui.gallery/com.miui.gallery.discovery.GalleryJobService},jId=2,u0,R=(-04:38,23:55:21),N=0,C=true,I=true,F=0,P=true(READY)] v:VERB_STARTING
05-12 14:29:46.291 D/JobServiceContext( 1930): Scheduling time out for '.discovery.GalleryJobService' jId: 2, in 60 s
05-12 14:29:46.301 D/JobServiceContext( 1930): MSG_CALLBACK of : 112..:[ComponentInfo{com.miui.gallery/com.miui.gallery.discovery.GalleryJobService},jId=2,u0,R=(-04:38,23:55:21),N=0,C=true,I=true,F=0,P=true(READY)] v:VERB_EXECUTING
05-12 14:29:46.301 D/PowerManagerService( 1930): Releasing suspend blocker "PowerManagerService.WakeLocks".
05-12 14:29:46.301 D/ActivityManager( 1930): Process state change from IB to S  next pss in 20000: ProcessRecord{43852258 28355:com.miui.gallery/u0a15}
05-12 14:29:46.301 D/JobSchedulerService( 1930): Completed 112..:[ComponentInfo{com.miui.gallery/com.miui.gallery.discovery.GalleryJobService},jId=2,u0,R=(-04:38,23:55:21),N=0,C=true,I=true,F=0,P=true(READY)], reschedule=false
05-12 14:29:46.301 V/JobStore( 1930): Writing jobs to disk.
05-12 14:29:46.301 D/JobStore( 1930): Saving job 3
05-12 14:29:46.301 D/JobStore( 1930): Saving job 1
05-12 14:29:46.301 D/JobStore( 1930): Saving job 17493000
05-12 14:29:46.301 D/JobStore( 1930): Saving job 0
05-12 14:29:46.301 D/JobStore( 1930): Saving job 100
05-12 14:29:46.301 D/JobStore( 1930): Saving job 100
05-12 14:29:46.301 D/JobStore( 1930): Saving job 2
05-12 14:29:46.301 D/JobStore( 1930): Saving job 1
05-12 14:29:46.301 D/JobStore( 1930): Saving job 1
05-12 14:29:46.301 D/JobStore( 1930): Saving job 1
05-12 14:29:46.301 D/JobStore( 1930): Saving job 2
05-12 14:29:46.301 D/JobStore( 1930): Saving job 100
05-12 14:29:46.301 D/JobStore( 1930): Saving job 0
05-12 14:29:46.301 D/JobStore( 1930): Saving job 1
05-12 14:29:46.301 D/JobStore( 1930): Saving job 1
05-12 14:29:46.311 D/JobScheduler.Time( 1930): Setting android.content.jobscheduler.JOB_DELAY_EXPIRED for: 178042540
05-12 14:29:46.311 D/JobScheduler.Time( 1930): Setting android.content.jobscheduler.JOB_DEADLINE_EXPIRED for: 180482589
05-12 14:29:46.321 V/JobStore( 1930): Finished writing, took 23ms
05-12 14:29:46.341 V/JobSchedulerService( 1930): Rescheduling executed periodic. New execution window [263781, 350181]s
05-12 14:29:46.341 V/JobStore( 1930): Writing jobs to disk.
05-12 14:29:46.341 D/JobStore( 1930): Added job status to store: 113..:[ComponentInfo{com.miui.gallery/com.miui.gallery.discovery.GalleryJobService},jId=2,u0,R=(23:55:21,47:55:21),N=0,C=true,I=true,F=0,P=true]
05-12 14:29:46.341 D/JobStore( 1930): Saving job 3
05-12 14:29:46.341 D/JobStore( 1930): Saving job 1
05-12 14:29:46.341 D/JobStore( 1930): Saving job 17493000
05-12 14:29:46.341 D/JobStore( 1930): Saving job 0
05-12 14:29:46.341 D/JobStore( 1930): Saving job 100
05-12 14:29:46.341 D/JobStore( 1930): Saving job 100
05-12 14:29:46.341 D/JobStore( 1930): Saving job 2
05-12 14:29:46.341 D/JobStore( 1930): Saving job 2
05-12 14:29:46.341 D/JobStore( 1930): Saving job 1
05-12 14:29:46.341 D/JobStore( 1930): Saving job 1
05-12 14:29:46.341 D/JobStore( 1930): Saving job 1
05-12 14:29:46.341 D/JobStore( 1930): Saving job 2
05-12 14:29:46.341 D/JobStore( 1930): Saving job 100
05-12 14:29:46.341 D/JobStore( 1930): Saving job 0
05-12 14:29:46.341 D/JobStore( 1930): Saving job 1
05-12 14:29:46.341 D/JobStore( 1930): Saving job 1
05-12 14:29:46.341 D/JobScheduler.Batt( 1930): Setting stable alarm to go off in 120s
05-12 14:29:46.341 V/JobSchedulerService( 1930): isReadyToBeExecutedLocked: com.miui.gallery/.discovery.GalleryJobService jId=3, u0 ready=false pending=false active=false userRunning=true
05-12 14:29:46.341 V/JobSchedulerService( 1930): isReadyToBeExecutedLocked: com.android.settings/.cloud.CloudJobService jId=1, u0 ready=false pending=false active=false userRunning=true
05-12 14:29:46.341 V/JobSchedulerService( 1930): isReadyToBeExecutedLocked: com.miui.whetstone/.cloudManager.CloudControlJobService jId=17493000, u0 ready=false pending=false active=false userRunning=true
05-12 14:29:46.341 V/JobSchedulerService( 1930): isReadyToBeExecutedLocked: com.android.calendar/com.miui.calendar.job.LocalJobService jId=0, u0 ready=false pending=false active=false userRunning=true
05-12 14:29:46.341 V/JobSchedulerService( 1930): isReadyToBeExecutedLocked: com.miui.mipub/.service.MipubJobService jId=100, u0 ready=false pending=false active=false userRunning=true
05-12 14:29:46.341 V/JobSchedulerService( 1930): isReadyToBeExecutedLocked: com.miui.securitycenter/.service.ConnectivityChangeJobService jId=100, u0 ready=false pending=false active=false userRunning=true
05-12 14:29:46.341 V/JobSchedulerService( 1930): isReadyToBeExecutedLocked: com.miui.gallery/.discovery.GalleryJobService jId=2, u0 ready=false pending=false active=false userRunning=true
05-12 14:29:46.341 V/JobSchedulerService( 1930): isReadyToBeExecutedLocked: com.android.settings/.cloud.ConnectivityChangeJobService jId=2, u0 ready=false pending=false active=false userRunning=true
05-12 14:29:46.341 V/JobSchedulerService( 1930): isReadyToBeExecutedLocked: com.miui.analytics/.internal.JobSchedulerService jId=1, u0 ready=false pending=false active=false userRunning=true
05-12 14:29:46.341 V/JobSchedulerService( 1930): isReadyToBeExecutedLocked: com.miui.gallery/.discovery.GalleryJobService jId=1, u0 ready=false pending=false active=false userRunning=true
05-12 14:29:46.341 V/JobSchedulerService( 1930): isReadyToBeExecutedLocked: com.miui.core/com.miui.internal.server.CoreJobService jId=1, u0 ready=false pending=false active=false userRunning=true
05-12 14:29:46.341 V/JobSchedulerService( 1930): isReadyToBeExecutedLocked: com.android.settings/.cloud.ConnectivityChangeJobService jId=2, u0 ready=false pending=false active=false userRunning=true
05-12 14:29:46.341 V/JobSchedulerService( 1930): isReadyToBeExecutedLocked: com.android.updater/.DailyCheckJobService jId=100, u0 ready=false pending=false active=false userRunning=true
05-12 14:29:46.341 V/JobSchedulerService( 1930): isReadyToBeExecutedLocked: com.miui.gallery/.discovery.GalleryJobService jId=0, u0 ready=false pending=false active=false userRunning=true
05-12 14:29:46.341 V/JobSchedulerService( 1930): isReadyToBeExecutedLocked: com.android.mms/.update.JobScheduleService jId=1, u0 ready=false pending=false active=false userRunning=true
05-12 14:29:46.341 V/JobSchedulerService( 1930): isReadyToBeExecutedLocked: com.android.calendar/com.miui.calendar.job.RemoteJobService jId=1, u0 ready=false pending=false active=false userRunning=true
05-12 14:29:46.341 D/JobSchedulerService( 1930): maybeQueueReadyJobsForExecutionLockedH: Not running anything.
05-12 14:29:46.341 D/JobSchedulerService( 1930): idle=0 connectivity=0 charging=0 tot=0
05-12 14:29:46.341 D/JobSchedulerService( 1930): pending queue: 0 jobs.
05-12 14:29:46.351 V/JobStore( 1930): Finished writing, took 15ms
05-12 14:29:46.391 D/ActivityManager( 1930): Process state change from S  to CE next pss in 30000: ProcessRecord{43852258 28355:com.miui.gallery/u0a15}
05-12 14:29:51.791 D/ConnectivityService( 1930): getActiveNetworkInfo 
05-12 14:30:00.001 D/PowerManagerService( 1930): Acquiring suspend blocker "PowerManagerService.WakeLocks".
05-12 14:30:00.021 D/ActivityManager( 1930): Requesting PSS of: ProcessRecord{436ac1c8 5162:com.kingroot.kinguser:service/u0a309}
05-12 14:30:00.081 D/ActivityManager( 1930): Requesting PSS of: ProcessRecord{43632d30 4520:com.android.systemui/1000}
05-12 14:30:00.091 D/ActivityManager( 1930): Requesting PSS of: ProcessRecord{4393b7f0 5378:com.miui.whetstone/1000}
05-12 14:30:00.091 D/ActivityManager( 1930): Requesting PSS of: ProcessRecord{438d34d0 5358:com.xiaomi.finddevice/9810}
05-12 14:30:00.091 D/ActivityManager( 1930): Requesting PSS of: ProcessRecord{438b83d8 5350:com.xiaomi.mitunes/1000}
05-12 14:30:00.091 D/ActivityManager( 1930): Requesting PSS of: ProcessRecord{438a29a8 5329:com.android.phone/1001}
05-12 14:30:00.091 D/ActivityManager( 1930): Requesting PSS of: ProcessRecord{439f1f18 5232:com.amap.android.location/u0a111}
05-12 14:30:00.091 D/ActivityManager( 1930): Requesting PSS of: ProcessRecord{436cb6a8 4596:com.miui.core/u0a79}
05-12 14:30:00.091 D/ActivityManager( 1930): Requesting PSS of: ProcessRecord{43635ae0 4538:com.xiaomi.xmsf/u0a73}
05-12 14:30:00.091 D/ActivityManager( 1930): Requesting PSS of: ProcessRecord{43483628 1930:system/1000}
05-12 14:30:00.111 D/PowerManagerService( 1930): Releasing suspend blocker "PowerManagerService.WakeLocks".
05-12 14:30:00.151 D/ActivityManager( 1930): PSS of 5162:com.kingroot.kinguser:service/u0a309: 15280 lastPss=15403 state=IF
05-12 14:30:00.201 D/ActivityManager( 1930): PSS of 4520:com.android.systemui/1000: 45636 lastPss=45685 state=P 
05-12 14:30:00.241 D/ActivityManager( 1930): PSS of 5378:com.miui.whetstone/1000: 11579 lastPss=11581 state=P 
05-12 14:30:00.271 D/ActivityManager( 1930): PSS of 5358:com.xiaomi.finddevice/9810: 10206 lastPss=10158 state=P 
05-12 14:30:00.291 D/ActivityManager( 1930): PSS of 5350:com.xiaomi.mitunes/1000: 2515 lastPss=2512 state=P 
05-12 14:30:00.321 D/ActivityManager( 1930): PSS of 5329:com.android.phone/1001: 14340 lastPss=14560 state=P 
05-12 14:30:00.351 D/ActivityManager( 1930): PSS of 5232:com.amap.android.location/u0a111: 7838 lastPss=7839 state=P 
05-12 14:30:00.371 D/ActivityManager( 1930): PSS of 4596:com.miui.core/u0a79: 4642 lastPss=4643 state=P 
05-12 14:30:00.391 D/ActivityManager( 1930): PSS of 4538:com.xiaomi.xmsf/u0a73: 11297 lastPss=9939 state=P 
05-12 14:30:00.441 D/ActivityManager( 1930): PSS of 1930:system/1000: 45114 lastPss=48244 state=P 
05-12 14:30:00.441 D/ActivityManager( 1930): Collected PSS of 10 of 10 processes in 418ms
05-12 14:30:01.791 D/ConnectivityService( 1930): getActiveNetworkInfo 
05-12 14:30:07.121 D/WifiController( 1930): battery changed pluggedType: 2
05-12 14:30:11.801 D/ConnectivityService( 1930): getActiveNetworkInfo 
05-12 14:30:21.811 D/ConnectivityService( 1930): getActiveNetworkInfo 
05-12 14:30:28.561 D/        (  135): event { THERMAL=46 }
05-12 14:30:30.571 I/DeviceStorageMonitorService( 1930): mFreeMem:8420356096 DEFAULT_THRESHOLD_INCREASE_PROTECT:104857600 getProtectedSpace return:41943040 DEFAULT_PROTECT_SIZE:41943040
05-12 14:30:31.821 D/ConnectivityService( 1930): getActiveNetworkInfo 
05-12 14:30:41.831 D/ConnectivityService( 1930): getActiveNetworkInfo 
05-12 14:30:46.221 D/ActivityManager( 1930): Requesting PSS of: ProcessRecord{43852258 28355:com.miui.gallery/u0a15}
05-12 14:30:46.251 D/ConnectivityService( 1930): getActiveNetworkInfo 
05-12 14:30:46.251 D/ConnectivityService( 1930): getActiveNetworkInfo 
05-12 14:30:46.361 D/ConnectivityService( 1930): getActiveNetworkInfo 
05-12 14:30:46.391 D/ActivityManager( 1930): PSS of 28355:com.miui.gallery/u0a15: 23026 lastPss=23018 state=CE
05-12 14:30:46.391 D/ActivityManager( 1930): Collected PSS of 1 of 1 processes in 169ms
05-12 14:30:47.751 D/ConnectivityService( 1930): getActiveNetworkInfo 
05-12 14:30:51.431 D/ConnectivityService( 1930): getActiveNetworkInfo 
05-12 14:30:51.841 D/ConnectivityService( 1930): getActiveNetworkInfo 
05-12 14:30:59.541 D/WifiController( 1930): battery changed pluggedType: 2
05-12 14:31:00.001 D/PowerManagerService( 1930): Acquiring suspend blocker "PowerManagerService.WakeLocks".
05-12 14:31:00.011 D/ActivityManager( 1930): Requesting PSS of: ProcessRecord{42c9a0e8 645:com.cgs.fund/u0a328}
05-12 14:31:00.081 D/PowerManagerService( 1930): Releasing suspend blocker "PowerManagerService.WakeLocks".
05-12 14:31:00.141 D/ActivityManager( 1930): PSS of 645:com.cgs.fund/u0a328: 36707 lastPss=36707 state=T 
05-12 14:31:00.141 D/ActivityManager( 1930): Collected PSS of 1 of 1 processes in 127ms
05-12 14:31:01.851 D/ConnectivityService( 1930): getActiveNetworkInfo 
05-12 14:31:07.121 D/WifiController( 1930): battery changed pluggedType: 2
05-12 14:31:11.861 D/ConnectivityService( 1930): getActiveNetworkInfo 
05-12 14:31:11.891 D/NotificationService( 1930): ----hasValidSound = false
05-12 14:31:11.901 D/NotificationService( 1930): ----hasValidSound = false
05-12 14:31:15.861 D/NotificationService( 1930): ----hasValidSound = false
05-12 14:31:21.861 D/ConnectivityService( 1930): getActiveNetworkInfo 
05-12 14:31:28.731 D/        (  135): event { THERMAL=46 }
05-12 14:31:30.591 I/DeviceStorageMonitorService( 1930): mFreeMem:8420356096 DEFAULT_THRESHOLD_INCREASE_PROTECT:104857600 getProtectedSpace return:41943040 DEFAULT_PROTECT_SIZE:41943040
05-12 14:31:31.871 D/ConnectivityService( 1930): getActiveNetworkInfo 
05-12 14:31:39.811 D/WifiController( 1930): battery changed pluggedType: 2
05-12 14:31:41.871 D/ConnectivityService( 1930): getActiveNetworkInfo 
05-12 14:31:49.561 D/PowerManagerService( 1930): Acquiring suspend blocker "PowerManagerService.WakeLocks".
05-12 14:31:49.581 D/JobScheduler.Batt( 1930): Stable charging fired @ 177783072 charging: true
05-12 14:31:49.581 D/JobScheduler.Batt( 1930): maybeReportNewChargingState: true
05-12 14:31:49.581 D/JobSchedulerService( 1930): queuing all ready jobs for execution:
05-12 14:31:49.581 V/JobSchedulerService( 1930): isReadyToBeExecutedLocked: com.miui.gallery/.discovery.GalleryJobService jId=3, u0 ready=false pending=false active=false userRunning=true
05-12 14:31:49.581 V/JobSchedulerService( 1930): isReadyToBeExecutedLocked: com.android.settings/.cloud.CloudJobService jId=1, u0 ready=false pending=false active=false userRunning=true
05-12 14:31:49.581 V/JobSchedulerService( 1930): isReadyToBeExecutedLocked: com.miui.whetstone/.cloudManager.CloudControlJobService jId=17493000, u0 ready=false pending=false active=false userRunning=true
05-12 14:31:49.581 V/JobSchedulerService( 1930): isReadyToBeExecutedLocked: com.android.calendar/com.miui.calendar.job.LocalJobService jId=0, u0 ready=false pending=false active=false userRunning=true
05-12 14:31:49.581 V/JobSchedulerService( 1930): isReadyToBeExecutedLocked: com.miui.mipub/.service.MipubJobService jId=100, u0 ready=false pending=false active=false userRunning=true
05-12 14:31:49.581 V/JobSchedulerService( 1930): isReadyToBeExecutedLocked: com.miui.securitycenter/.service.ConnectivityChangeJobService jId=100, u0 ready=false pending=false active=false userRunning=true
05-12 14:31:49.581 V/JobSchedulerService( 1930): isReadyToBeExecutedLocked: com.miui.gallery/.discovery.GalleryJobService jId=2, u0 ready=false pending=false active=false userRunning=true
05-12 14:31:49.581 V/JobSchedulerService( 1930): isReadyToBeExecutedLocked: com.android.settings/.cloud.ConnectivityChangeJobService jId=2, u0 ready=false pending=false active=false userRunning=true
05-12 14:31:49.581 V/JobSchedulerService( 1930): isReadyToBeExecutedLocked: com.miui.analytics/.internal.JobSchedulerService jId=1, u0 ready=false pending=false active=false userRunning=true
05-12 14:31:49.581 V/JobSchedulerService( 1930): isReadyToBeExecutedLocked: com.miui.gallery/.discovery.GalleryJobService jId=1, u0 ready=false pending=false active=false userRunning=true
05-12 14:31:49.581 V/JobSchedulerService( 1930): isReadyToBeExecutedLocked: com.miui.core/com.miui.internal.server.CoreJobService jId=1, u0 ready=false pending=false active=false userRunning=true
05-12 14:31:49.581 V/JobSchedulerService( 1930): isReadyToBeExecutedLocked: com.android.settings/.cloud.ConnectivityChangeJobService jId=2, u0 ready=false pending=false active=false userRunning=true
05-12 14:31:49.581 V/JobSchedulerService( 1930): isReadyToBeExecutedLocked: com.android.updater/.DailyCheckJobService jId=100, u0 ready=false pending=false active=false userRunning=true
05-12 14:31:49.581 V/JobSchedulerService( 1930): isReadyToBeExecutedLocked: com.miui.gallery/.discovery.GalleryJobService jId=0, u0 ready=false pending=false active=false userRunning=true
05-12 14:31:49.581 V/JobSchedulerService( 1930): isReadyToBeExecutedLocked: com.android.mms/.update.JobScheduleService jId=1, u0 ready=false pending=false active=false userRunning=true
05-12 14:31:49.581 V/JobSchedulerService( 1930): isReadyToBeExecutedLocked: com.android.calendar/com.miui.calendar.job.RemoteJobService jId=1, u0 ready=false pending=false active=false userRunning=true
05-12 14:31:49.581 D/JobSchedulerService( 1930): No jobs pending.
05-12 14:31:49.581 D/JobSchedulerService( 1930): pending queue: 0 jobs.
05-12 14:31:49.601 D/ConnectivityService( 1930): getActiveNetworkInfo 
05-12 14:31:49.611 D/ConnectivityService( 1930): getActiveNetworkInfo 
05-12 14:31:49.621 D/PowerManagerService( 1930): Releasing suspend blocker "PowerManagerService.WakeLocks".
05-12 14:31:51.881 D/ConnectivityService( 1930): getActiveNetworkInfo 
05-12 14:32:00.001 D/PowerManagerService( 1930): Acquiring suspend blocker "PowerManagerService.WakeLocks".
05-12 14:32:00.101 D/PowerManagerService( 1930): Releasing suspend blocker "PowerManagerService.WakeLocks".
05-12 14:32:01.891 D/ConnectivityService( 1930): getActiveNetworkInfo 
05-12 14:32:07.121 D/WifiController( 1930): battery changed pluggedType: 2
05-12 14:32:11.901 D/ConnectivityService( 1930): getActiveNetworkInfo 
05-12 14:32:20.001 D/WifiController( 1930): battery changed pluggedType: 2
05-12 14:32:21.901 D/ConnectivityService( 1930): getActiveNetworkInfo 
05-12 14:32:28.881 D/        (  135): event { THERMAL=46 }
05-12 14:32:30.601 I/DeviceStorageMonitorService( 1930): mFreeMem:8420356096 DEFAULT_THRESHOLD_INCREASE_PROTECT:104857600 getProtectedSpace return:41943040 DEFAULT_PROTECT_SIZE:41943040
05-12 14:32:31.911 D/ConnectivityService( 1930): getActiveNetworkInfo 
05-12 14:32:41.921 D/ConnectivityService( 1930): getActiveNetworkInfo 
05-12 14:32:51.931 D/ConnectivityService( 1930): getActiveNetworkInfo 
05-12 14:33:00.001 D/PowerManagerService( 1930): Acquiring suspend blocker "PowerManagerService.WakeLocks".
05-12 14:33:00.031 D/ActivityManager( 1930): Requesting PSS of: ProcessRecord{42c9a0e8 645:com.cgs.fund/u0a328}
