--------- beginning of /dev/log/system
05-12 14:13:54.521 I/ActivityManager( 1930): START u0 {flg=0x10000000 cmp=com.kingroot.kinguser/.activitys.SuNotifyActivity} from pid 27620
05-12 14:13:54.531 D/ActivityManager( 1930): Process state change from IF to T  next pss in 10000: ProcessRecord{436ac1c8 5162:com.kingroot.kinguser:service/u0a309}
05-12 14:13:54.531 D/ActivityManager( 1930): Requesting PSS of: ProcessRecord{4361b298 16896:com.android.htmlviewer/u0a43}
05-12 14:13:54.571 D/ActivityManager( 1930): Process state change from T  to IF next pss in 20000: ProcessRecord{436ac1c8 5162:com.kingroot.kinguser:service/u0a309}
05-12 14:13:54.571 E/ActivityThread(  645): Failed to find provider info for com.leadcore.sdb
05-12 14:13:54.641 D/ActivityManager( 1930): PSS of 16896:com.android.htmlviewer/u0a43: 32273 lastPss=32229 state=LA
05-12 14:13:54.641 D/ActivityManager( 1930): Collected PSS of 1 of 1 processes in 106ms
05-12 14:13:59.991 D/PowerManagerService( 1930): Acquiring suspend blocker "PowerManagerService.WakeLocks".
05-12 14:14:00.001 D/ActivityManager( 1930): Requesting PSS of: ProcessRecord{43901070 6185:com.miui.networkassistant.deamon/1000}
05-12 14:14:00.001 D/ActivityManager( 1930): Requesting PSS of: ProcessRecord{43f215d0 16967:com.xiaomi.smarthome/u0a81}
05-12 14:14:00.001 D/ActivityManager( 1930): Requesting PSS of: ProcessRecord{43bc62c8 16990:com.xiaomi.smarthome:core/u0a81}
05-12 14:14:00.001 D/ActivityManager( 1930): Requesting PSS of: ProcessRecord{43866f00 9424:com.miui.systemAdSolution:remote/1000}
05-12 14:14:00.001 D/ActivityManager( 1930): Requesting PSS of: ProcessRecord{43a28658 5580:android.process.media/u0a9}
05-12 14:14:00.001 D/ActivityManager( 1930): Requesting PSS of: ProcessRecord{43caae10 8023:com.tencent.mobileqq:MSF/u0a91}
05-12 14:14:00.001 D/ActivityManager( 1930): Requesting PSS of: ProcessRecord{42f8a5d8 14787:com.miui.cleanmaster/1000}
05-12 14:14:00.001 D/ActivityManager( 1930): Requesting PSS of: ProcessRecord{43879e28 28143:com.xiaomi.market/u0a55}
05-12 14:14:00.001 D/ActivityManager( 1930): Requesting PSS of: ProcessRecord{438907a8 9190:com.xiaomi.dm/1000}
05-12 14:14:00.001 D/ActivityManager( 1930): Requesting PSS of: ProcessRecord{437f8a58 9480:com.android.thememanager/9801}
05-12 14:14:00.001 D/ActivityManager( 1930): Requesting PSS of: ProcessRecord{43850580 6018:com.kingroot.master:task/u0a109}
05-12 14:14:00.001 D/ActivityManager( 1930): Requesting PSS of: ProcessRecord{43aa0c00 7856:com.qihoo.appstore/u0a102}
05-12 14:14:00.001 D/ActivityManager( 1930): Requesting PSS of: ProcessRecord{435d4010 12803:com.miui.video/u0a56}
05-12 14:14:00.001 D/ActivityManager( 1930): Requesting PSS of: ProcessRecord{438f80c8 17111:com.xiaomi.bluetooth/1002}
05-12 14:14:00.001 D/ActivityManager( 1930): Requesting PSS of: ProcessRecord{439cdca8 6526:com.miui.cloudservice:state/u0a34}
05-12 14:14:00.051 D/ActivityManager( 1930): Requesting PSS of: ProcessRecord{42c9a0e8 645:com.cgs.fund/u0a328}
05-12 14:14:00.101 D/PowerManagerService( 1930): Releasing suspend blocker "PowerManagerService.WakeLocks".
05-12 14:14:00.141 D/ActivityManager( 1930): PSS of 6185:com.miui.networkassistant.deamon/1000: 9743 lastPss=9727 state=S 
05-12 14:14:00.191 D/ActivityManager( 1930): PSS of 16967:com.xiaomi.smarthome/u0a81: 14200 lastPss=14104 state=S 
05-12 14:14:00.221 D/ActivityManager( 1930): PSS of 16990:com.xiaomi.smarthome:core/u0a81: 9300 lastPss=9292 state=S 
05-12 14:14:00.251 D/ActivityManager( 1930): PSS of 9424:com.miui.systemAdSolution:remote/1000: 3047 lastPss=3047 state=S 
05-12 14:14:00.281 D/ActivityManager( 1930): PSS of 5580:android.process.media/u0a9: 21927 lastPss=21927 state=S 
05-12 14:14:00.311 D/ActivityManager( 1930): PSS of 8023:com.tencent.mobileqq:MSF/u0a91: 17484 lastPss=17712 state=S 
05-12 14:14:00.331 D/ActivityManager( 1930): PSS of 14787:com.miui.cleanmaster/1000: 12397 lastPss=12397 state=S 
05-12 14:14:00.361 D/ActivityManager( 1930): PSS of 28143:com.xiaomi.market/u0a55: 11659 lastPss=11591 state=S 
05-12 14:14:00.381 D/ActivityManager( 1930): PSS of 9190:com.xiaomi.dm/1000: 7532 lastPss=7428 state=S 
05-12 14:14:00.411 D/ActivityManager( 1930): PSS of 9480:com.android.thememanager/9801: 10180 lastPss=10144 state=S 
05-12 14:14:00.441 D/ActivityManager( 1930): PSS of 6018:com.kingroot.master:task/u0a109: 30704 lastPss=30704 state=S 
05-12 14:14:00.471 D/ActivityManager( 1930): PSS of 7856:com.qihoo.appstore/u0a102: 32969 lastPss=32985 state=S 
05-12 14:14:00.501 D/ActivityManager( 1930): PSS of 12803:com.miui.video/u0a56: 13379 lastPss=13343 state=S 
05-12 14:14:00.521 D/ActivityManager( 1930): PSS of 17111:com.xiaomi.bluetooth/1002: 3732 lastPss=3732 state=S 
05-12 14:14:00.551 D/ActivityManager( 1930): PSS of 6526:com.miui.cloudservice:state/u0a34: 7407 lastPss=7407 state=S 
05-12 14:14:00.581 D/ActivityManager( 1930): PSS of 645:com.cgs.fund/u0a328: 36706 lastPss=36706 state=T 
05-12 14:14:00.581 D/ActivityManager( 1930): Collected PSS of 16 of 16 processes in 576ms
05-12 14:14:01.101 D/ConnectivityService( 1930): getActiveNetworkInfo 
05-12 14:14:11.111 D/ConnectivityService( 1930): getActiveNetworkInfo 
05-12 14:14:13.781 D/WifiController( 1930): battery changed pluggedType: 2
05-12 14:14:21.121 D/ConnectivityService( 1930): getActiveNetworkInfo 
05-12 14:14:26.001 D/        (  135): event { THERMAL=46 }
05-12 14:14:30.231 I/DeviceStorageMonitorService( 1930): mFreeMem:8420212736 DEFAULT_THRESHOLD_INCREASE_PROTECT:104857600 getProtectedSpace return:41943040 DEFAULT_PROTECT_SIZE:41943040
05-12 14:14:31.131 D/ConnectivityService( 1930): getActiveNetworkInfo 
05-12 14:14:41.131 D/ConnectivityService( 1930): getActiveNetworkInfo 
05-12 14:14:51.141 D/ConnectivityService( 1930): getActiveNetworkInfo 
05-12 14:14:53.891 D/WifiController( 1930): battery changed pluggedType: 2
05-12 14:15:00.001 D/PowerManagerService( 1930): Acquiring suspend blocker "PowerManagerService.WakeLocks".
05-12 14:15:00.001 D/ActivityManager( 1930): Requesting PSS of: ProcessRecord{436ac1c8 5162:com.kingroot.kinguser:service/u0a309}
05-12 14:15:00.061 D/ActivityManager( 1930): Requesting PSS of: ProcessRecord{43632d30 4520:com.android.systemui/1000}
05-12 14:15:00.081 D/ActivityManager( 1930): Requesting PSS of: ProcessRecord{4393b7f0 5378:com.miui.whetstone/1000}
05-12 14:15:00.081 D/ActivityManager( 1930): Requesting PSS of: ProcessRecord{438d34d0 5358:com.xiaomi.finddevice/9810}
05-12 14:15:00.081 D/ActivityManager( 1930): Requesting PSS of: ProcessRecord{438b83d8 5350:com.xiaomi.mitunes/1000}
05-12 14:15:00.081 D/ActivityManager( 1930): Requesting PSS of: ProcessRecord{438a29a8 5329:com.android.phone/1001}
05-12 14:15:00.081 D/ActivityManager( 1930): Requesting PSS of: ProcessRecord{439f1f18 5232:com.amap.android.location/u0a111}
05-12 14:15:00.081 D/ActivityManager( 1930): Requesting PSS of: ProcessRecord{436cb6a8 4596:com.miui.core/u0a79}
05-12 14:15:00.081 D/ActivityManager( 1930): Requesting PSS of: ProcessRecord{43635ae0 4538:com.xiaomi.xmsf/u0a73}
05-12 14:15:00.081 D/ActivityManager( 1930): Requesting PSS of: ProcessRecord{43483628 1930:system/1000}
05-12 14:15:00.081 D/PowerManagerService( 1930): Releasing suspend blocker "PowerManagerService.WakeLocks".
05-12 14:15:00.131 D/ActivityManager( 1930): PSS of 5162:com.kingroot.kinguser:service/u0a309: 15403 lastPss=15371 state=IF
05-12 14:15:00.191 D/ActivityManager( 1930): PSS of 4520:com.android.systemui/1000: 45685 lastPss=45685 state=P 
05-12 14:15:00.221 D/ActivityManager( 1930): PSS of 5378:com.miui.whetstone/1000: 11581 lastPss=11569 state=P 
05-12 14:15:00.251 D/ActivityManager( 1930): PSS of 5358:com.xiaomi.finddevice/9810: 10158 lastPss=10158 state=P 
05-12 14:15:00.281 D/ActivityManager( 1930): PSS of 5350:com.xiaomi.mitunes/1000: 2512 lastPss=2512 state=P 
05-12 14:15:00.311 D/ActivityManager( 1930): PSS of 5329:com.android.phone/1001: 14560 lastPss=14788 state=P 
05-12 14:15:00.331 D/ActivityManager( 1930): PSS of 5232:com.amap.android.location/u0a111: 7839 lastPss=7840 state=P 
05-12 14:15:00.361 D/ActivityManager( 1930): PSS of 4596:com.miui.core/u0a79: 4643 lastPss=4643 state=P 
05-12 14:15:00.381 D/ActivityManager( 1930): PSS of 4538:com.xiaomi.xmsf/u0a73: 9939 lastPss=10587 state=P 
05-12 14:15:00.431 D/ActivityManager( 1930): PSS of 1930:system/1000: 48244 lastPss=47877 state=P 
05-12 14:15:00.431 D/ActivityManager( 1930): Collected PSS of 10 of 10 processes in 418ms
05-12 14:15:01.141 D/ConnectivityService( 1930): getActiveNetworkInfo 
05-12 14:15:05.041 W/ProcessCpuTracker( 1930): Skipping unknown process pid 27976
05-12 14:15:07.121 D/WifiController( 1930): battery changed pluggedType: 2
05-12 14:15:11.151 D/ConnectivityService( 1930): getActiveNetworkInfo 
05-12 14:15:21.161 D/ConnectivityService( 1930): getActiveNetworkInfo 
05-12 14:15:26.161 D/        (  135): event { THERMAL=46 }
05-12 14:15:30.261 I/DeviceStorageMonitorService( 1930): mFreeMem:8420212736 DEFAULT_THRESHOLD_INCREASE_PROTECT:104857600 getProtectedSpace return:41943040 DEFAULT_PROTECT_SIZE:41943040
05-12 14:15:31.171 D/ConnectivityService( 1930): getActiveNetworkInfo 
05-12 14:15:34.051 D/WifiController( 1930): battery changed pluggedType: 2
05-12 14:15:41.181 D/ConnectivityService( 1930): getActiveNetworkInfo 
05-12 14:15:47.711 D/ConnectivityService( 1930): getActiveNetworkInfo 
05-12 14:15:51.131 D/ConnectivityService( 1930): getActiveNetworkInfo 
05-12 14:15:51.181 D/ConnectivityService( 1930): getActiveNetworkInfo 
05-12 14:16:00.001 D/PowerManagerService( 1930): Acquiring suspend blocker "PowerManagerService.WakeLocks".
05-12 14:16:00.081 D/ActivityManager( 1930): Requesting PSS of: ProcessRecord{42c9a0e8 645:com.cgs.fund/u0a328}
05-12 14:16:00.111 D/PowerManagerService( 1930): Releasing suspend blocker "PowerManagerService.WakeLocks".
05-12 14:16:00.191 D/ActivityManager( 1930): PSS of 645:com.cgs.fund/u0a328: 36706 lastPss=36706 state=T 
05-12 14:16:00.191 D/ActivityManager( 1930): Collected PSS of 1 of 1 processes in 108ms
05-12 14:16:01.191 D/ConnectivityService( 1930): getActiveNetworkInfo 
05-12 14:16:07.121 D/WifiController( 1930): battery changed pluggedType: 2
05-12 14:16:11.201 D/ConnectivityService( 1930): getActiveNetworkInfo 
05-12 14:16:11.271 D/NotificationService( 1930): ----hasValidSound = false
05-12 14:16:11.331 D/NotificationService( 1930): ----hasValidSound = false
05-12 14:16:15.161 D/NotificationService( 1930): ----hasValidSound = false
05-12 14:16:21.211 D/ConnectivityService( 1930): getActiveNetworkInfo 
05-12 14:16:23.541 D/ConnectivityService( 1930): getActiveNetworkInfo 
05-12 14:16:26.321 D/        (  135): event { THERMAL=46 }
05-12 14:16:30.281 I/DeviceStorageMonitorService( 1930): mFreeMem:8420212736 DEFAULT_THRESHOLD_INCREASE_PROTECT:104857600 getProtectedSpace return:41943040 DEFAULT_PROTECT_SIZE:41943040
05-12 14:16:31.231 D/ConnectivityService( 1930): getActiveNetworkInfo 
05-12 14:16:41.221 D/ConnectivityService( 1930): getActiveNetworkInfo 
05-12 14:16:49.001 D/JobScheduler.Time( 1930): Just received alarm: android.content.jobscheduler.JOB_DEADLINE_EXPIRED
05-12 14:16:49.001 D/JobScheduler.Time( 1930): Setting android.content.jobscheduler.JOB_DEADLINE_EXPIRED for: 250825227
05-12 14:16:49.001 D/PowerManagerService( 1930): Acquiring suspend blocker "PowerManagerService.WakeLocks".
05-12 14:16:49.011 D/ConnectivityService( 1930): getActiveNetworkInfo 
05-12 14:16:49.031 D/JobSchedulerService( 1930): queuing all ready jobs for execution:
05-12 14:16:49.031 V/JobSchedulerService( 1930): isReadyToBeExecutedLocked: com.miui.gallery/.discovery.GalleryJobService jId=2, u0 ready=false pending=false active=false userRunning=true
05-12 14:16:49.031 V/JobSchedulerService( 1930): isReadyToBeExecutedLocked: com.miui.gallery/.discovery.GalleryJobService jId=3, u0 ready=false pending=false active=false userRunning=true
05-12 14:16:49.031 V/JobSchedulerService( 1930): isReadyToBeExecutedLocked: com.miui.core/com.miui.internal.server.CoreJobService jId=1, u0 ready=true pending=true active=false userRunning=true
05-12 14:16:49.031 V/JobSchedulerService( 1930): isReadyToBeExecutedLocked: com.android.settings/.cloud.CloudJobService jId=1, u0 ready=false pending=false active=false userRunning=true
05-12 14:16:49.031 V/JobSchedulerService( 1930): isReadyToBeExecutedLocked: com.miui.whetstone/.cloudManager.CloudControlJobService jId=17493000, u0 ready=false pending=false active=false userRunning=true
05-12 14:16:49.031 V/JobSchedulerService( 1930): isReadyToBeExecutedLocked: com.android.calendar/com.miui.calendar.job.LocalJobService jId=0, u0 ready=false pending=false active=false userRunning=true
05-12 14:16:49.031 V/JobSchedulerService( 1930): isReadyToBeExecutedLocked: com.miui.mipub/.service.MipubJobService jId=100, u0 ready=false pending=false active=false userRunning=true
05-12 14:16:49.031 V/JobSchedulerService( 1930): isReadyToBeExecutedLocked: com.android.settings/.cloud.ConnectivityChangeJobService jId=2, u0 ready=false pending=false active=false userRunning=true
05-12 14:16:49.031 V/JobSchedulerService( 1930): isReadyToBeExecutedLocked: com.miui.analytics/.internal.JobSchedulerService jId=1, u0 ready=false pending=false active=false userRunning=true
05-12 14:16:49.041 V/JobSchedulerService( 1930): isReadyToBeExecutedLocked: com.miui.gallery/.discovery.GalleryJobService jId=1, u0 ready=false pending=false active=false userRunning=true
05-12 14:16:49.041 V/JobSchedulerService( 1930): isReadyToBeExecutedLocked: com.miui.securitycenter/.service.ConnectivityChangeJobService jId=100, u0 ready=true pending=false active=false userRunning=true
05-12 14:16:49.041 D/JobSchedulerService( 1930):     queued com.miui.securitycenter/.service.ConnectivityChangeJobService jId=100, u0
05-12 14:16:49.041 V/JobSchedulerService( 1930): isReadyToBeExecutedLocked: com.android.settings/.cloud.ConnectivityChangeJobService jId=2, u0 ready=false pending=false active=false userRunning=true
05-12 14:16:49.041 V/JobSchedulerService( 1930): isReadyToBeExecutedLocked: com.miui.gallery/.discovery.GalleryJobService jId=0, u0 ready=false pending=false active=false userRunning=true
05-12 14:16:49.041 V/JobSchedulerService( 1930): isReadyToBeExecutedLocked: com.android.updater/.DailyCheckJobService jId=100, u0 ready=false pending=false active=false userRunning=true
05-12 14:16:49.041 V/JobSchedulerService( 1930): isReadyToBeExecutedLocked: com.android.mms/.update.JobScheduleService jId=1, u0 ready=false pending=false active=false userRunning=true
05-12 14:16:49.041 V/JobSchedulerService( 1930): isReadyToBeExecutedLocked: com.android.calendar/com.miui.calendar.job.RemoteJobService jId=1, u0 ready=false pending=false active=false userRunning=true
05-12 14:16:49.041 D/JobSchedulerService( 1930): 2 jobs queued.
05-12 14:16:49.041 D/JobSchedulerService( 1930): pending queue: 2 jobs.
05-12 14:16:49.041 D/JobServiceContext( 1930): Scheduling time out for 'com.miui.internal.server.CoreJobService' jId: 1, in 8 s
05-12 14:16:49.061 D/JobServiceContext( 1930): Scheduling time out for '.service.ConnectivityChangeJobService' jId: 100, in 8 s
05-12 14:16:49.081 D/JobServiceContext( 1930): MSG_SERVICE_BOUND for com.miui.core/com.miui.internal.server.CoreJobService jId=1, u0
05-12 14:16:49.081 D/JobServiceContext( 1930): Scheduling time out for 'com.miui.internal.server.CoreJobService' jId: 1, in 8 s
05-12 14:16:49.081 D/JobServiceContext( 1930): MSG_SERVICE_BOUND for com.miui.securitycenter/.service.ConnectivityChangeJobService jId=100, u0
05-12 14:16:49.081 D/JobServiceContext( 1930): Scheduling time out for '.service.ConnectivityChangeJobService' jId: 100, in 8 s
05-12 14:16:49.081 D/JobServiceContext( 1930): MSG_CALLBACK of : 113..:[ComponentInfo{com.miui.core/com.miui.internal.server.CoreJobService},jId=1,u0,R=(-1:11:03,-11:03),N=1,C=false,I=false,F=0,P=false(READY)] v:VERB_STARTING
05-12 14:16:49.091 D/JobSchedulerService( 1930): Completed 113..:[ComponentInfo{com.miui.core/com.miui.internal.server.CoreJobService},jId=1,u0,R=(-1:11:03,-11:03),N=1,C=false,I=false,F=0,P=false(READY)], reschedule=false
05-12 14:16:49.091 V/JobSchedulerService( 1930): Rescheduling executed periodic. New execution window [176882, 180482]s
05-12 14:16:49.091 D/JobStore( 1930): Added job status to store: 113..:[ComponentInfo{com.miui.core/com.miui.internal.server.CoreJobService},jId=1,u0,R=(-00:00,1:00:00),N=1,C=false,I=false,F=0,P=false]
05-12 14:16:49.101 D/JobScheduler.Time( 1930): Setting android.content.jobscheduler.JOB_DELAY_EXPIRED for: 176882592
05-12 14:16:49.161 D/JobScheduler.Time( 1930): Setting android.content.jobscheduler.JOB_DEADLINE_EXPIRED for: 180482589
05-12 14:16:49.161 D/JobScheduler.Batt( 1930): Setting stable alarm to go off in 120s
05-12 14:16:49.161 D/JobServiceContext( 1930): MSG_CALLBACK of : 113..:[ComponentInfo{com.miui.securitycenter/com.miui.securitycenter.service.ConnectivityChangeJobService},jId=100,u0,R=(-1:07:11,46:52:48),N=0,C=false,I=false,F=0,P=true(READY)] v:VERB_STARTING
05-12 14:16:49.191 W/ContextImpl( 6185): Calling a method in the system process without a qualified user: android.app.ContextImpl.sendBroadcast:1217 android.content.ContextWrapper.sendBroadcast:365 com.miui.networkassistant.service.tm.TrafficManageService.broadCastDataUsageUpdated:815 com.miui.networkassistant.service.tm.TrafficManageService$8.onReceive:1049 android.app.LoadedApk$ReceiverDispatcher$Args.run:761 
05-12 14:16:49.191 D/JobSchedulerService( 1930): Completed 113..:[ComponentInfo{com.miui.securitycenter/com.miui.securitycenter.service.ConnectivityChangeJobService},jId=100,u0,R=(-1:07:11,46:52:48),N=0,C=false,I=false,F=0,P=true(READY)], reschedule=false
05-12 14:16:49.191 V/JobStore( 1930): Writing jobs to disk.
05-12 14:16:49.201 D/JobScheduler.Time( 1930): Setting android.content.jobscheduler.JOB_DELAY_EXPIRED for: 176926027
05-12 14:16:49.201 D/JobStore( 1930): Saving job 2
05-12 14:16:49.201 D/JobStore( 1930): Saving job 3
05-12 14:16:49.201 D/JobStore( 1930): Saving job 1
05-12 14:16:49.201 D/JobStore( 1930): Saving job 17493000
05-12 14:16:49.201 D/JobStore( 1930): Saving job 0
05-12 14:16:49.201 D/JobStore( 1930): Saving job 100
05-12 14:16:49.201 D/JobStore( 1930): Saving job 2
05-12 14:16:49.201 D/JobStore( 1930): Saving job 1
05-12 14:16:49.201 D/JobStore( 1930): Saving job 1
05-12 14:16:49.201 D/JobStore( 1930): Saving job 1
05-12 14:16:49.201 D/JobStore( 1930): Saving job 2
05-12 14:16:49.201 D/JobStore( 1930): Saving job 0
05-12 14:16:49.201 D/JobStore( 1930): Saving job 100
05-12 14:16:49.201 D/JobStore( 1930): Saving job 1
05-12 14:16:49.201 D/JobStore( 1930): Saving job 1
05-12 14:16:49.201 D/JobScheduler.Time( 1930): Setting android.content.jobscheduler.JOB_DEADLINE_EXPIRED for: 180482589
05-12 14:16:49.211 V/JobSchedulerService( 1930): Rescheduling executed periodic. New execution window [345651, 518451]s
05-12 14:16:49.211 V/JobStore( 1930): Writing jobs to disk.
05-12 14:16:49.211 D/JobStore( 1930): Added job status to store: 113..:[ComponentInfo{com.miui.securitycenter/com.miui.securitycenter.service.ConnectivityChangeJobService},jId=100,u0,R=(46:52:48,94:52:48),N=0,C=false,I=false,F=0,P=true]
05-12 14:16:49.211 D/JobScheduler.Batt( 1930): Setting stable alarm to go off in 120s
05-12 14:16:49.211 V/JobStore( 1930): Finished writing, took 15ms
05-12 14:16:49.221 D/JobStore( 1930): Saving job 2
05-12 14:16:49.221 V/JobSchedulerService( 1930): isReadyToBeExecutedLocked: com.miui.gallery/.discovery.GalleryJobService jId=2, u0 ready=false pending=false active=false userRunning=true
05-12 14:16:49.221 V/JobSchedulerService( 1930): isReadyToBeExecutedLocked: com.miui.gallery/.discovery.GalleryJobService jId=3, u0 ready=false pending=false active=false userRunning=true
05-12 14:16:49.221 D/JobStore( 1930): Saving job 3
05-12 14:16:49.221 V/JobSchedulerService( 1930): isReadyToBeExecutedLocked: com.android.settings/.cloud.CloudJobService jId=1, u0 ready=false pending=false active=false userRunning=true
05-12 14:16:49.221 V/JobSchedulerService( 1930): isReadyToBeExecutedLocked: com.miui.whetstone/.cloudManager.CloudControlJobService jId=17493000, u0 ready=false pending=false active=false userRunning=true
05-12 14:16:49.221 V/JobSchedulerService( 1930): isReadyToBeExecutedLocked: com.android.calendar/com.miui.calendar.job.LocalJobService jId=0, u0 ready=false pending=false active=false userRunning=true
05-12 14:16:49.221 V/JobSchedulerService( 1930): isReadyToBeExecutedLocked: com.miui.mipub/.service.MipubJobService jId=100, u0 ready=false pending=false active=false userRunning=true
05-12 14:16:49.221 V/JobSchedulerService( 1930): isReadyToBeExecutedLocked: com.miui.securitycenter/.service.ConnectivityChangeJobService jId=100, u0 ready=false pending=false active=false userRunning=true
05-12 14:16:49.221 V/JobSchedulerService( 1930): isReadyToBeExecutedLocked: com.android.settings/.cloud.ConnectivityChangeJobService jId=2, u0 ready=false pending=false active=false userRunning=true
05-12 14:16:49.221 V/JobSchedulerService( 1930): isReadyToBeExecutedLocked: com.miui.analytics/.internal.JobSchedulerService jId=1, u0 ready=false pending=false active=false userRunning=true
05-12 14:16:49.221 V/JobSchedulerService( 1930): isReadyToBeExecutedLocked: com.miui.gallery/.discovery.GalleryJobService jId=1, u0 ready=false pending=false active=false userRunning=true
05-12 14:16:49.221 V/JobSchedulerService( 1930): isReadyToBeExecutedLocked: com.miui.core/com.miui.internal.server.CoreJobService jId=1, u0 ready=false pending=false active=false userRunning=true
05-12 14:16:49.221 D/JobStore( 1930): Saving job 1
05-12 14:16:49.221 V/JobSchedulerService( 1930): isReadyToBeExecutedLocked: com.android.settings/.cloud.ConnectivityChangeJobService jId=2, u0 ready=false pending=false active=false userRunning=true
05-12 14:16:49.221 V/JobSchedulerService( 1930): isReadyToBeExecutedLocked: com.miui.gallery/.discovery.GalleryJobService jId=0, u0 ready=false pending=false active=false userRunning=true
05-12 14:16:49.221 V/JobSchedulerService( 1930): isReadyToBeExecutedLocked: com.android.updater/.DailyCheckJobService jId=100, u0 ready=false pending=false active=false userRunning=true
05-12 14:16:49.221 V/JobSchedulerService( 1930): isReadyToBeExecutedLocked: com.android.mms/.update.JobScheduleService jId=1, u0 ready=false pending=false active=false userRunning=true
05-12 14:16:49.221 D/JobStore( 1930): Saving job 17493000
05-12 14:16:49.221 V/JobSchedulerService( 1930): isReadyToBeExecutedLocked: com.android.calendar/com.miui.calendar.job.RemoteJobService jId=1, u0 ready=false pending=false active=false userRunning=true
05-12 14:16:49.221 D/JobSchedulerService( 1930): maybeQueueReadyJobsForExecutionLockedH: Not running anything.
05-12 14:16:49.221 D/JobSchedulerService( 1930): idle=0 connectivity=0 charging=0 tot=0
05-12 14:16:49.221 D/JobSchedulerService( 1930): pending queue: 0 jobs.
05-12 14:16:49.231 D/JobStore( 1930): Saving job 0
05-12 14:16:49.231 D/JobStore( 1930): Saving job 100
05-12 14:16:49.241 D/JobStore( 1930): Saving job 100
05-12 14:16:49.241 D/JobStore( 1930): Saving job 2
05-12 14:16:49.241 D/JobStore( 1930): Saving job 1
05-12 14:16:49.241 D/JobStore( 1930): Saving job 1
05-12 14:16:49.241 D/JobStore( 1930): Saving job 1
05-12 14:16:49.241 D/JobStore( 1930): Saving job 2
05-12 14:16:49.241 D/JobStore( 1930): Saving job 0
05-12 14:16:49.241 D/JobStore( 1930): Saving job 100
05-12 14:16:49.241 D/JobStore( 1930): Saving job 1
05-12 14:16:49.241 D/JobStore( 1930): Saving job 1
05-12 14:16:49.241 I/ActivityManager( 1930): Start proc com.miui.bugreport:remote for broadcast com.miui.bugreport/.receiver.NativeDebugReceiver: pid=28198 uid=1000 gids={41000, 3003, 1028, 1015, 1007, 3002, 3001, 2001, 3006, 3007, 1023, 1035}
05-12 14:16:49.251 V/JobStore( 1930): Finished writing, took 41ms
05-12 14:16:49.271 D/ActivityManager( 1930): Process state change from N  to R  next pss in 30000: ProcessRecord{4381cd10 28198:com.miui.bugreport:remote/1000}
05-12 14:16:49.471 D/ConnectivityService( 1930): getActiveNetworkInfo 
05-12 14:16:49.471 D/ConnectivityService( 1930): getActiveNetworkInfo 
05-12 14:16:49.471 W/ActivityThread(28198): ClassLoader.loadClass: The class loader returned by Thread.getContextClassLoader() may fail for processes that host multiple applications. You should explicitly specify a context class loader. For example: Thread.setContextClassLoader(getClass().getClassLoader());
05-12 14:16:49.501 D/ActivityManager( 1930): Process state change from R  to S  next pss in 20000: ProcessRecord{4381cd10 28198:com.miui.bugreport:remote/1000}
05-12 14:16:49.511 W/ContextImpl(28198): Calling a method in the system process without a qualified user: android.app.ContextImpl.startService:1573 android.content.ContextWrapper.startService:494 miui.core.SdkManager$1.run:189 android.os.Handler.handleCallback:733 android.os.Handler.dispatchMessage:95 
05-12 14:16:49.541 D/ConnectivityService( 1930): getActiveNetworkInfo 
05-12 14:16:49.551 D/ConnectivityService( 1930): getActiveNetworkInfo 
05-12 14:16:49.551 D/ConnectivityService( 1930): getActiveNetworkInfo 
05-12 14:16:49.551 D/ConnectivityService( 1930): getActiveNetworkInfo 
05-12 14:16:49.551 D/WifiService( 1930): New client listening to asynchronous messages
05-12 14:16:49.561 D/ConnectivityService( 1930): getActiveNetworkInfo 
05-12 14:16:49.581 D/ConnectivityService( 1930): getActiveNetworkInfo 
05-12 14:16:49.581 D/ActivityManager( 1930): Process state change from S  to CE next pss in 30000: ProcessRecord{4381cd10 28198:com.miui.bugreport:remote/1000}
05-12 14:16:49.581 I/ActivityManager( 1930): Killing 23428:com.miui.cloudbackup/u0a6 (adj 15): empty for 2170s
05-12 14:16:49.671 D/ActivityManager( 1930): cleanUpApplicationRecordLocked -- 23428
05-12 14:16:49.721 D/JobScheduler.Time( 1930): Just received alarm: android.content.jobscheduler.JOB_DELAY_EXPIRED
05-12 14:16:49.721 D/JobScheduler.Time( 1930): Setting android.content.jobscheduler.JOB_DELAY_EXPIRED for: 176926027
05-12 14:16:49.731 D/PowerManagerService( 1930): Releasing suspend blocker "PowerManagerService.WakeLocks".
05-12 14:16:51.221 D/ConnectivityService( 1930): getActiveNetworkInfo 
05-12 14:16:51.371 D/WifiP2pService( 1930): InactiveState{ when=0 what=147461 target=com.android.internal.util.StateMachine$SmHandler }
05-12 14:16:51.371 D/WifiP2pService( 1930): P2pEnabledState{ when=0 what=147461 target=com.android.internal.util.StateMachine$SmHandler }
05-12 14:16:51.371 D/WifiP2pService( 1930): DefaultState{ when=0 what=147461 target=com.android.internal.util.StateMachine$SmHandler }
05-12 14:16:51.391 D/ConnectivityService( 1930): getActiveNetworkInfo 
05-12 14:16:51.391 W/ContextImpl( 2184): Calling a method in the system process without a qualified user: android.app.ContextImpl.startService:1573 android.content.ContextWrapper.startService:494 android.content.ContextWrapper.startService:494 com.android.settings.MiuiSettingsReceiver.onReceive:102 android.app.ActivityThread.handleReceiver:2432 
05-12 14:16:51.411 D/ConnectivityService( 1930): getActiveNetworkInfo 
05-12 14:16:51.411 W/BroadcastQueueInjector( 1930): Unable to launch app com.qihoo.browser/10103 for broadcast Intent { act=android.net.wifi.SCAN_RESULTS flg=0x4000010 }: process is not permitted to  auto start
05-12 14:16:54.531 D/WifiController( 1930): battery changed pluggedType: 2
05-12 14:17:00.001 D/PowerManagerService( 1930): Acquiring suspend blocker "PowerManagerService.WakeLocks".
05-12 14:17:00.091 D/PowerManagerService( 1930): Releasing suspend blocker "PowerManagerService.WakeLocks".
05-12 14:17:01.231 D/ConnectivityService( 1930): getActiveNetworkInfo 
05-12 14:17:07.131 D/WifiController( 1930): battery changed pluggedType: 2
05-12 14:17:08.021 D/WifiP2pService( 1930): InactiveState{ when=-2ms what=147461 target=com.android.internal.util.StateMachine$SmHandler }
05-12 14:17:08.021 D/WifiP2pService( 1930): P2pEnabledState{ when=-3ms what=147461 target=com.android.internal.util.StateMachine$SmHandler }
05-12 14:17:08.021 D/WifiP2pService( 1930): DefaultState{ when=-3ms what=147461 target=com.android.internal.util.StateMachine$SmHandler }
05-12 14:17:08.051 D/ConnectivityService( 1930): getActiveNetworkInfo 
05-12 14:17:08.061 W/ContextImpl( 2184): Calling a method in the system process without a qualified user: android.app.ContextImpl.startService:1573 android.content.ContextWrapper.startService:494 android.content.ContextWrapper.startService:494 com.android.settings.MiuiSettingsReceiver.onReceive:102 android.app.ActivityThread.handleReceiver:2432 
05-12 14:17:08.091 W/BroadcastQueueInjector( 1930): Unable to launch app com.qihoo.browser/10103 for broadcast Intent { act=android.net.wifi.SCAN_RESULTS flg=0x4000010 }: process is not permitted to  auto start
05-12 14:17:08.121 D/ConnectivityService( 1930): getActiveNetworkInfo 
05-12 14:17:11.241 D/ConnectivityService( 1930): getActiveNetworkInfo 
05-12 14:17:21.251 D/ConnectivityService( 1930): getActiveNetworkInfo 
05-12 14:17:24.761 D/WifiP2pService( 1930): InactiveState{ when=0 what=147461 target=com.android.internal.util.StateMachine$SmHandler }
05-12 14:17:24.761 D/WifiP2pService( 1930): P2pEnabledState{ when=-1ms what=147461 target=com.android.internal.util.StateMachine$SmHandler }
05-12 14:17:24.761 D/WifiP2pService( 1930): DefaultState{ when=-1ms what=147461 target=com.android.internal.util.StateMachine$SmHandler }
05-12 14:17:24.831 D/ActivityManager( 1930): Requesting PSS of: ProcessRecord{4381cd10 28198:com.miui.bugreport:remote/1000}
05-12 14:17:24.831 D/ConnectivityService( 1930): getActiveNetworkInfo 
05-12 14:17:24.831 W/ContextImpl( 2184): Calling a method in the system process without a qualified user: android.app.ContextImpl.startService:1573 android.content.ContextWrapper.startService:494 android.content.ContextWrapper.startService:494 com.android.settings.MiuiSettingsReceiver.onReceive:102 android.app.ActivityThread.handleReceiver:2432 
05-12 14:17:24.861 W/BroadcastQueueInjector( 1930): Unable to launch app com.qihoo.browser/10103 for broadcast Intent { act=android.net.wifi.SCAN_RESULTS flg=0x4000010 }: process is not permitted to  auto start
05-12 14:17:24.871 D/ConnectivityService( 1930): getActiveNetworkInfo 
05-12 14:17:24.951 D/ActivityManager( 1930): PSS of 28198:com.miui.bugreport:remote/1000: 6603 lastPss=0 state=CE
05-12 14:17:24.951 D/ActivityManager( 1930): Collected PSS of 1 of 1 processes in 117ms
05-12 14:17:26.481 D/        (  135): event { THERMAL=46 }
05-12 14:17:30.291 I/DeviceStorageMonitorService( 1930): mFreeMem:8420356096 DEFAULT_THRESHOLD_INCREASE_PROTECT:104857600 getProtectedSpace return:41943040 DEFAULT_PROTECT_SIZE:41943040
05-12 14:17:31.251 D/ConnectivityService( 1930): getActiveNetworkInfo 
05-12 14:17:34.741 D/WifiController( 1930): battery changed pluggedType: 2
05-12 14:17:41.261 D/ConnectivityService( 1930): getActiveNetworkInfo 
05-12 14:17:46.101 D/PowerManagerService( 1930): Acquiring suspend blocker "PowerManagerService.WakeLocks".
05-12 14:17:46.111 D/JobScheduler.Time( 1930): Just received alarm: android.content.jobscheduler.JOB_DELAY_EXPIRED
05-12 14:17:46.111 D/JobScheduler.Time( 1930): Setting android.content.jobscheduler.JOB_DELAY_EXPIRED for: 177381665
05-12 14:17:46.111 V/JobSchedulerService( 1930): isReadyToBeExecutedLocked: com.miui.gallery/.discovery.GalleryJobService jId=2, u0 ready=false pending=false active=false userRunning=true
05-12 14:17:46.111 V/JobSchedulerService( 1930): isReadyToBeExecutedLocked: com.miui.gallery/.discovery.GalleryJobService jId=3, u0 ready=false pending=false active=false userRunning=true
05-12 14:17:46.111 V/JobSchedulerService( 1930): isReadyToBeExecutedLocked: com.android.settings/.cloud.CloudJobService jId=1, u0 ready=false pending=false active=false userRunning=true
05-12 14:17:46.111 V/JobSchedulerService( 1930): isReadyToBeExecutedLocked: com.miui.whetstone/.cloudManager.CloudControlJobService jId=17493000, u0 ready=false pending=false active=false userRunning=true
05-12 14:17:46.111 V/JobSchedulerService( 1930): isReadyToBeExecutedLocked: com.android.calendar/com.miui.calendar.job.LocalJobService jId=0, u0 ready=false pending=false active=false userRunning=true
05-12 14:17:46.111 V/JobSchedulerService( 1930): isReadyToBeExecutedLocked: com.miui.mipub/.service.MipubJobService jId=100, u0 ready=false pending=false active=false userRunning=true
05-12 14:17:46.111 V/JobSchedulerService( 1930): isReadyToBeExecutedLocked: com.miui.securitycenter/.service.ConnectivityChangeJobService jId=100, u0 ready=false pending=false active=false userRunning=true
05-12 14:17:46.111 V/JobSchedulerService( 1930): isReadyToBeExecutedLocked: com.android.settings/.cloud.ConnectivityChangeJobService jId=2, u0 ready=false pending=false active=false userRunning=true
05-12 14:17:46.111 V/JobSchedulerService( 1930): isReadyToBeExecutedLocked: com.miui.analytics/.internal.JobSchedulerService jId=1, u0 ready=false pending=false active=false userRunning=true
05-12 14:17:46.111 V/JobSchedulerService( 1930): isReadyToBeExecutedLocked: com.miui.gallery/.discovery.GalleryJobService jId=1, u0 ready=false pending=false active=false userRunning=true
05-12 14:17:46.111 V/JobSchedulerService( 1930): isReadyToBeExecutedLocked: com.miui.core/com.miui.internal.server.CoreJobService jId=1, u0 ready=false pending=false active=false userRunning=true
05-12 14:17:46.111 V/JobSchedulerService( 1930): isReadyToBeExecutedLocked: com.android.settings/.cloud.ConnectivityChangeJobService jId=2, u0 ready=false pending=false active=false userRunning=true
05-12 14:17:46.111 V/JobSchedulerService( 1930): isReadyToBeExecutedLocked: com.miui.gallery/.discovery.GalleryJobService jId=0, u0 ready=true pending=false active=false userRunning=true
05-12 14:17:46.111 V/JobSchedulerService( 1930): isReadyToBeExecutedLocked: com.android.updater/.DailyCheckJobService jId=100, u0 ready=false pending=false active=false userRunning=true
05-12 14:17:46.111 V/JobSchedulerService( 1930): isReadyToBeExecutedLocked: com.android.mms/.update.JobScheduleService jId=1, u0 ready=false pending=false active=false userRunning=true
05-12 14:17:46.111 V/JobSchedulerService( 1930): isReadyToBeExecutedLocked: com.android.calendar/com.miui.calendar.job.RemoteJobService jId=1, u0 ready=false pending=false active=false userRunning=true
05-12 14:17:46.111 D/JobSchedulerService( 1930): maybeQueueReadyJobsForExecutionLockedH: Running jobs.
05-12 14:17:46.111 D/JobSchedulerService( 1930): idle=0 connectivity=0 charging=1 tot=1
05-12 14:17:46.111 D/JobSchedulerService( 1930): pending queue: 1 jobs.
05-12 14:17:46.111 D/JobServiceContext( 1930): Scheduling time out for '.discovery.GalleryJobService' jId: 0, in 8 s
05-12 14:17:46.151 I/ActivityManager( 1930): Start proc com.miui.gallery for service com.miui.gallery/.discovery.GalleryJobService: pid=28355 uid=10015 gids={50015, 3003, 1028, 1015, 1023, 1035}
05-12 14:17:46.161 D/ConnectivityService( 1930): Sampling interval elapsed, updating statistics ..
05-12 14:17:46.161 D/ConnectivityService( 1930): Done.
05-12 14:17:46.161 D/ConnectivityService( 1930): Setting timer for 720seconds
05-12 14:17:46.171 D/PowerManagerService( 1930): Releasing suspend blocker "PowerManagerService.WakeLocks".
05-12 14:17:46.201 D/ActivityManager( 1930): Process state change from N  to IB next pss in 20000: ProcessRecord{43852258 28355:com.miui.gallery/u0a15}
05-12 14:17:46.441 D/PowerManagerService( 1930): Acquiring suspend blocker "PowerManagerService.WakeLocks".
05-12 14:17:46.441 D/JobServiceContext( 1930): MSG_SERVICE_BOUND for com.miui.gallery/.discovery.GalleryJobService jId=0, u0
05-12 14:17:46.441 D/JobServiceContext( 1930): Scheduling time out for '.discovery.GalleryJobService' jId: 0, in 8 s
05-12 14:17:46.451 D/JobServiceContext( 1930): MSG_CALLBACK of : 113..:[ComponentInfo{com.miui.gallery/com.miui.gallery.discovery.GalleryJobService},jId=0,u0,R=(-00:13,23:59:46),N=0,C=true,I=false,F=0,P=true(READY)] v:VERB_STARTING
05-12 14:17:46.451 D/JobServiceContext( 1930): Scheduling time out for '.discovery.GalleryJobService' jId: 0, in 60 s
05-12 14:17:46.491 D/JobServiceContext( 1930): MSG_CALLBACK of : 113..:[ComponentInfo{com.miui.gallery/com.miui.gallery.discovery.GalleryJobService},jId=0,u0,R=(-00:13,23:59:46),N=0,C=true,I=false,F=0,P=true(READY)] v:VERB_EXECUTING
05-12 14:17:46.491 D/PowerManagerService( 1930): Releasing suspend blocker "PowerManagerService.WakeLocks".
05-12 14:17:46.491 D/ActivityManager( 1930): Process state change from IB to S  next pss in 20000: ProcessRecord{43852258 28355:com.miui.gallery/u0a15}
05-12 14:17:46.491 D/JobSchedulerService( 1930): Completed 113..:[ComponentInfo{com.miui.gallery/com.miui.gallery.discovery.GalleryJobService},jId=0,u0,R=(-00:13,23:59:46),N=0,C=true,I=false,F=0,P=true(READY)], reschedule=false
05-12 14:17:46.491 V/JobStore( 1930): Writing jobs to disk.
05-12 14:17:46.491 D/JobScheduler.Time( 1930): Setting android.content.jobscheduler.JOB_DELAY_EXPIRED for: 177381665
05-12 14:17:46.491 D/JobStore( 1930): Saving job 2
05-12 14:17:46.491 D/JobStore( 1930): Saving job 3
05-12 14:17:46.491 D/JobStore( 1930): Saving job 1
05-12 14:17:46.491 D/JobStore( 1930): Saving job 17493000
05-12 14:17:46.491 D/JobStore( 1930): Saving job 0
05-12 14:17:46.491 D/JobStore( 1930): Saving job 100
05-12 14:17:46.491 D/JobStore( 1930): Saving job 100
05-12 14:17:46.491 D/JobStore( 1930): Saving job 2
05-12 14:17:46.491 D/JobStore( 1930): Saving job 1
05-12 14:17:46.491 D/JobStore( 1930): Saving job 1
05-12 14:17:46.491 D/JobStore( 1930): Saving job 1
05-12 14:17:46.491 D/JobStore( 1930): Saving job 2
05-12 14:17:46.491 D/JobStore( 1930): Saving job 100
05-12 14:17:46.491 D/JobStore( 1930): Saving job 1
05-12 14:17:46.491 D/JobStore( 1930): Saving job 1
05-12 14:17:46.501 V/JobStore( 1930): Finished writing, took 8ms
05-12 14:17:46.501 D/JobScheduler.Time( 1930): Setting android.content.jobscheduler.JOB_DEADLINE_EXPIRED for: 180482589
05-12 14:17:46.501 V/JobSchedulerService( 1930): Rescheduling executed periodic. New execution window [263326, 349726]s
05-12 14:17:46.501 V/JobStore( 1930): Writing jobs to disk.
05-12 14:17:46.501 D/JobStore( 1930): Added job status to store: 113..:[ComponentInfo{com.miui.gallery/com.miui.gallery.discovery.GalleryJobService},jId=0,u0,R=(23:59:46,47:59:46),N=0,C=true,I=false,F=0,P=true]
05-12 14:17:46.501 D/JobScheduler.Batt( 1930): Setting stable alarm to go off in 120s
05-12 14:17:46.501 D/JobStore( 1930): Saving job 2
05-12 14:17:46.501 D/JobStore( 1930): Saving job 3
05-12 14:17:46.501 D/JobStore( 1930): Saving job 1
05-12 14:17:46.501 D/JobStore( 1930): Saving job 17493000
05-12 14:17:46.501 D/JobStore( 1930): Saving job 0
05-12 14:17:46.501 D/JobStore( 1930): Saving job 100
05-12 14:17:46.501 D/JobStore( 1930): Saving job 100
05-12 14:17:46.501 D/JobStore( 1930): Saving job 2
05-12 14:17:46.501 D/JobStore( 1930): Saving job 1
05-12 14:17:46.501 D/JobStore( 1930): Saving job 1
05-12 14:17:46.501 D/JobStore( 1930): Saving job 1
05-12 14:17:46.501 D/JobStore( 1930): Saving job 2
05-12 14:17:46.501 D/JobStore( 1930): Saving job 100
05-12 14:17:46.501 D/JobStore( 1930): Saving job 0
05-12 14:17:46.501 D/JobStore( 1930): Saving job 1
05-12 14:17:46.501 D/JobStore( 1930): Saving job 1
05-12 14:17:46.511 V/JobSchedulerService( 1930): isReadyToBeExecutedLocked: com.miui.gallery/.discovery.GalleryJobService jId=2, u0 ready=false pending=false active=false userRunning=true
05-12 14:17:46.511 V/JobSchedulerService( 1930): isReadyToBeExecutedLocked: com.miui.gallery/.discovery.GalleryJobService jId=3, u0 ready=false pending=false active=false userRunning=true
05-12 14:17:46.511 V/JobSchedulerService( 1930): isReadyToBeExecutedLocked: com.android.settings/.cloud.CloudJobService jId=1, u0 ready=false pending=false active=false userRunning=true
05-12 14:17:46.511 V/JobSchedulerService( 1930): isReadyToBeExecutedLocked: com.miui.whetstone/.cloudManager.CloudControlJobService jId=17493000, u0 ready=false pending=false active=false userRunning=true
05-12 14:17:46.511 V/JobSchedulerService( 1930): isReadyToBeExecutedLocked: com.android.calendar/com.miui.calendar.job.LocalJobService jId=0, u0 ready=false pending=false active=false userRunning=true
05-12 14:17:46.511 V/JobSchedulerService( 1930): isReadyToBeExecutedLocked: com.miui.mipub/.service.MipubJobService jId=100, u0 ready=false pending=false active=false userRunning=true
05-12 14:17:46.511 V/JobSchedulerService( 1930): isReadyToBeExecutedLocked: com.miui.securitycenter/.service.ConnectivityChangeJobService jId=100, u0 ready=false pending=false active=false userRunning=true
05-12 14:17:46.511 V/JobSchedulerService( 1930): isReadyToBeExecutedLocked: com.android.settings/.cloud.ConnectivityChangeJobService jId=2, u0 ready=false pending=false active=false userRunning=true
05-12 14:17:46.511 V/JobSchedulerService( 1930): isReadyToBeExecutedLocked: com.miui.analytics/.internal.JobSchedulerService jId=1, u0 ready=false pending=false active=false userRunning=true
05-12 14:17:46.511 V/JobSchedulerService( 1930): isReadyToBeExecutedLocked: com.miui.gallery/.discovery.GalleryJobService jId=1, u0 ready=false pending=false active=false userRunning=true
05-12 14:17:46.511 V/JobSchedulerService( 1930): isReadyToBeExecutedLocked: com.miui.core/com.miui.internal.server.CoreJobService jId=1, u0 ready=false pending=false active=false userRunning=true
05-12 14:17:46.511 V/JobSchedulerService( 1930): isReadyToBeExecutedLocked: com.android.settings/.cloud.ConnectivityChangeJobService jId=2, u0 ready=false pending=false active=false userRunning=true
05-12 14:17:46.511 V/JobSchedulerService( 1930): isReadyToBeExecutedLocked: com.android.updater/.DailyCheckJobService jId=100, u0 ready=false pending=false active=false userRunning=true
05-12 14:17:46.511 V/JobSchedulerService( 1930): isReadyToBeExecutedLocked: com.miui.gallery/.discovery.GalleryJobService jId=0, u0 ready=false pending=false active=false userRunning=true
05-12 14:17:46.511 V/JobSchedulerService( 1930): isReadyToBeExecutedLocked: com.android.mms/.update.JobScheduleService jId=1, u0 ready=false pending=false active=false userRunning=true
05-12 14:17:46.511 V/JobSchedulerService( 1930): isReadyToBeExecutedLocked: com.android.calendar/com.miui.calendar.job.RemoteJobService jId=1, u0 ready=false pending=false active=false userRunning=true
05-12 14:17:46.511 D/JobSchedulerService( 1930): maybeQueueReadyJobsForExecutionLockedH: Not running anything.
05-12 14:17:46.511 D/JobSchedulerService( 1930): idle=0 connectivity=0 charging=0 tot=0
05-12 14:17:46.511 D/JobSchedulerService( 1930): pending queue: 0 jobs.
05-12 14:17:46.511 V/JobStore( 1930): Finished writing, took 10ms
05-12 14:17:48.591 D/ActivityManager( 1930): Process state change from S  to CE next pss in 30000: ProcessRecord{43852258 28355:com.miui.gallery/u0a15}
05-12 14:17:48.591 I/ActivityManager( 1930): Killing 23446:com.miui.cloudservice/u0a34 (adj 15): empty for 2228s
05-12 14:17:48.651 D/ActivityManager( 1930): cleanUpApplicationRecordLocked -- 23446
05-12 14:17:51.271 D/ConnectivityService( 1930): getActiveNetworkInfo 
05-12 14:18:00.001 D/PowerManagerService( 1930): Acquiring suspend blocker "PowerManagerService.WakeLocks".
05-12 14:18:00.101 D/ActivityManager( 1930): Requesting PSS of: ProcessRecord{42c9a0e8 645:com.cgs.fund/u0a328}
05-12 14:18:00.101 D/PowerManagerService( 1930): Releasing suspend blocker "PowerManagerService.WakeLocks".
05-12 14:18:00.181 D/ActivityManager( 1930): PSS of 645:com.cgs.fund/u0a328: 36690 lastPss=36706 state=T 
05-12 14:18:00.181 D/ActivityManager( 1930): Collected PSS of 1 of 1 processes in 73ms
05-12 14:18:01.271 D/ConnectivityService( 1930): getActiveNetworkInfo 
05-12 14:18:07.121 D/WifiController( 1930): battery changed pluggedType: 2
05-12 14:18:11.281 D/ConnectivityService( 1930): getActiveNetworkInfo 
05-12 14:18:15.001 D/WifiController( 1930): battery changed pluggedType: 2
05-12 14:18:21.291 D/ConnectivityService( 1930): getActiveNetworkInfo 
05-12 14:18:26.641 D/        (  135): event { THERMAL=46 }
05-12 14:18:30.311 I/DeviceStorageMonitorService( 1930): mFreeMem:8420356096 DEFAULT_THRESHOLD_INCREASE_PROTECT:104857600 getProtectedSpace return:41943040 DEFAULT_PROTECT_SIZE:41943040
05-12 14:18:31.301 D/ConnectivityService( 1930): getActiveNetworkInfo 
05-12 14:18:41.301 D/ConnectivityService( 1930): getActiveNetworkInfo 
05-12 14:18:51.311 D/ConnectivityService( 1930): getActiveNetworkInfo 
05-12 14:18:52.441 D/NotificationService( 1930): ----hasValidSound = false
05-12 14:18:55.241 D/WifiController( 1930): battery changed pluggedType: 2
05-12 14:19:00.001 D/PowerManagerService( 1930): Acquiring suspend blocker "PowerManagerService.WakeLocks".
05-12 14:19:00.001 D/ActivityManager( 1930): Requesting PSS of: ProcessRecord{43852258 28355:com.miui.gallery/u0a15}
05-12 14:19:00.101 D/PowerManagerService( 1930): Releasing suspend blocker "PowerManagerService.WakeLocks".
05-12 14:19:00.141 D/ActivityManager( 1930): PSS of 28355:com.miui.gallery/u0a15: 23018 lastPss=0 state=CE
05-12 14:19:00.141 D/ActivityManager( 1930): Collected PSS of 1 of 1 processes in 131ms
05-12 14:19:01.321 D/ConnectivityService( 1930): getActiveNetworkInfo 
05-12 14:19:07.121 D/WifiController( 1930): battery changed pluggedType: 2
05-12 14:19:11.331 D/ConnectivityService( 1930): getActiveNetworkInfo 
05-12 14:19:21.331 D/ConnectivityService( 1930): getActiveNetworkInfo 
05-12 14:19:26.801 D/        (  135): event { THERMAL=46 }
05-12 14:19:30.341 I/DeviceStorageMonitorService( 1930): mFreeMem:8420356096 DEFAULT_THRESHOLD_INCREASE_PROTECT:104857600 getProtectedSpace return:41943040 DEFAULT_PROTECT_SIZE:41943040
05-12 14:19:31.341 D/ConnectivityService( 1930): getActiveNetworkInfo 
05-12 14:19:35.481 D/WifiController( 1930): battery changed pluggedType: 2
05-12 14:19:41.351 D/ConnectivityService( 1930): getActiveNetworkInfo 
05-12 14:19:51.361 D/ConnectivityService( 1930): getActiveNetworkInfo 
05-12 14:20:00.001 D/PowerManagerService( 1930): Acquiring suspend blocker "PowerManagerService.WakeLocks".
05-12 14:20:00.101 D/PowerManagerService( 1930): Releasing suspend blocker "PowerManagerService.WakeLocks".
05-12 14:20:01.361 D/ConnectivityService( 1930): getActiveNetworkInfo 
05-12 14:20:07.121 D/WifiController( 1930): battery changed pluggedType: 2
05-12 14:20:11.371 D/ConnectivityService( 1930): getActiveNetworkInfo 
05-12 14:20:21.381 D/ConnectivityService( 1930): getActiveNetworkInfo 
05-12 14:20:26.961 D/        (  135): event { THERMAL=46 }
05-12 14:20:30.371 I/DeviceStorageMonitorService( 1930): mFreeMem:8420356096 DEFAULT_THRESHOLD_INCREASE_PROTECT:104857600 getProtectedSpace return:41943040 DEFAULT_PROTECT_SIZE:41943040
05-12 14:20:31.391 D/ConnectivityService( 1930): getActiveNetworkInfo 
05-12 14:20:33.061 D/ActivityManager( 1930): Requesting PSS of: ProcessRecord{42c9a0e8 645:com.cgs.fund/u0a328}
05-12 14:20:33.251 D/ActivityManager( 1930): PSS of 645:com.cgs.fund/u0a328: 36703 lastPss=36690 state=T 
05-12 14:20:33.251 D/ActivityManager( 1930): Collected PSS of 1 of 1 processes in 171ms
05-12 14:20:41.391 D/ConnectivityService( 1930): getActiveNetworkInfo 
05-12 14:20:46.101 D/PowerManagerService( 1930): Acquiring suspend blocker "PowerManagerService.WakeLocks".
05-12 14:20:46.101 D/JobScheduler.Batt( 1930): Stable charging fired @ 177119599 charging: true
05-12 14:20:46.101 D/JobScheduler.Batt( 1930): maybeReportNewChargingState: true
05-12 14:20:46.111 D/JobSchedulerService( 1930): queuing all ready jobs for execution:
05-12 14:20:46.111 V/JobSchedulerService( 1930): isReadyToBeExecutedLocked: com.miui.gallery/.discovery.GalleryJobService jId=2, u0 ready=false pending=false active=false userRunning=true
05-12 14:20:46.111 V/JobSchedulerService( 1930): isReadyToBeExecutedLocked: com.miui.gallery/.discovery.GalleryJobService jId=3, u0 ready=false pending=false active=false userRunning=true
05-12 14:20:46.111 V/JobSchedulerService( 1930): isReadyToBeExecutedLocked: com.android.settings/.cloud.CloudJobService jId=1, u0 ready=false pending=false active=false userRunning=true
05-12 14:20:46.111 V/JobSchedulerService( 1930): isReadyToBeExecutedLocked: com.miui.whetstone/.cloudManager.CloudControlJobService jId=17493000, u0 ready=false pending=false active=false userRunning=true
05-12 14:20:46.111 V/JobSchedulerService( 1930): isReadyToBeExecutedLocked: com.android.calendar/com.miui.calendar.job.LocalJobService jId=0, u0 ready=false pending=false active=false userRunning=true
05-12 14:20:46.111 V/JobSchedulerService( 1930): isReadyToBeExecutedLocked: com.miui.mipub/.service.MipubJobService jId=100, u0 ready=false pending=false active=false userRunning=true
05-12 14:20:46.111 V/JobSchedulerService( 1930): isReadyToBeExecutedLocked: com.miui.securitycenter/.service.ConnectivityChangeJobService jId=100, u0 ready=false pending=false active=false userRunning=true
05-12 14:20:46.111 V/JobSchedulerService( 1930): isReadyToBeExecutedLocked: com.android.settings/.cloud.ConnectivityChangeJobService jId=2, u0 ready=false pending=false active=false userRunning=true
05-12 14:20:46.111 V/JobSchedulerService( 1930): isReadyToBeExecutedLocked: com.miui.analytics/.internal.JobSchedulerService jId=1, u0 ready=false pending=false active=false userRunning=true
05-12 14:20:46.111 V/JobSchedulerService( 1930): isReadyToBeExecutedLocked: com.miui.gallery/.discovery.GalleryJobService jId=1, u0 ready=false pending=false active=false userRunning=true
