08-08 14:16:30.240 W/System.err( 3061): 	at dalvik.system.NativeStart.run(Native Method)
08-08 14:16:30.240 W/System.err( 3061): 	at com.android.server.pm.Settings.getApplicationEnabledSettingLPr(Settings.java:2873)
08-08 14:16:30.240 W/System.err( 3061): 	at com.android.server.pm.PackageManagerService.getApplicationEnabledSetting(PackageManagerService.java:10917)
08-08 14:16:30.240 W/System.err( 3061): 	at android.content.pm.IPackageManager$Stub.onTransact(IPackageManager.java:1081)
08-08 14:16:30.240 W/System.err( 3061): 	at com.android.server.pm.PackageManagerService.onTransact(PackageManagerService.java:1683)
08-08 14:16:30.240 W/System.err( 3061): 	at huawei.com.android.server.pm.HwPackageManagerService.onTransact(HwPackageManagerService.java:361)
08-08 14:16:30.240 W/System.err( 3061): 	at android.os.Binder.transact(Binder.java:361)
08-08 14:16:30.240 W/System.err( 3061): 	at java.lang.IllegalArgumentException: Unknown package: com.qihoo.mkiller
08-08 14:16:30.240 W/System.err( 3061): com.kingroot.hook.binder.BinderProxyBase.onTransact(SourceFile:34)
08-08 14:16:30.240 W/System.err( 3061): 	at android.os.Binder.execTransact(Binder.java:404)
08-08 14:16:30.240 W/System.err( 3061): 	at dalvik.system.NativeStart.run(Native Method)
08-08 14:16:30.240 W/System.err( 3061): 	at com.android.server.pm.Settings.getApplicationEnabledSettingLPr(Settings.java:2873)
08-08 14:16:30.240 W/System.err( 3061): 	at com.android.server.pm.PackageManagerService.getApplicationEnabledSetting(PackageManagerService.java:10917)
08-08 14:16:30.240 W/System.err( 3061): 	at android.content.pm.IPackageManager$Stub.onTransact(IPackageManager.java:1081)
08-08 14:16:30.240 W/System.err( 3061): 	at com.android.server.pm.PackageManagerService.onTransact(PackageManagerService.java:1683)
08-08 14:16:30.240 W/System.err( 3061): 	at java.lang.IllegalArgumentException: Unknown package: com.qihoo.vpnmaster
08-08 14:16:30.240 W/System.err( 3061): huawei.com.android.server.pm.HwPackageManagerService.onTransact(HwPackageManagerService.java:361)
08-08 14:16:30.240 W/System.err( 3061): 	at android.os.Binder.transact(Binder.java:361)
08-08 14:16:30.240 W/System.err( 3061): 	at com.kingroot.hook.binder.BinderProxyBase.onTransact(SourceFile:34)
08-08 14:16:30.240 W/System.err( 3061): 	at android.os.Binder.execTransact(Binder.java:404)
08-08 14:16:30.240 W/System.err( 3061): 	at dalvik.system.NativeStart.run(Native Method)
08-08 14:16:30.240 W/System.err( 3061): 	at com.android.server.pm.Settings.getApplicationEnabledSettingLPr(Settings.java:2873)
08-08 14:16:30.240 W/System.err( 3061): 	at com.android.server.pm.PackageManagerService.getApplicationEnabledSetting(PackageManagerService.java:10917)
08-08 14:16:30.240 W/System.err( 3061): 	at android.content.pm.IPackageManager$Stub.onTransact(IPackageManager.java:1081)
08-08 14:16:30.240 W/System.err( 3061): 	at com.android.server.pm.PackageManagerService.onTransact(PackageManagerService.java:1683)
08-08 14:16:30.240 W/System.err( 3061): 	at huawei.com.android.server.pm.HwPackageManagerService.onTransact(HwPackageManagerService.java:361)
08-08 14:16:30.240 W/System.err( 3061): 	at android.os.Binder.transact(Binder.java:361)
08-08 14:16:30.240 W/System.err( 3061): 	at com.kingroot.hook.binder.BinderProxyBase.onTransact(SourceFile:34)
08-08 14:16:30.240 W/System.err( 3061): java.lang.IllegalArgumentException: Unknown package: com.qihoo.freewifi
08-08 14:16:30.240 W/System.err( 3061): 	at android.os.Binder.execTransact(Binder.java:404)
08-08 14:16:30.240 W/System.err( 3061): 	at dalvik.system.NativeStart.run(Native Method)
08-08 14:16:30.240 W/System.err( 3061): 	at com.android.server.pm.Settings.getApplicationEnabledSettingLPr(Settings.java:2873)
08-08 14:16:30.240 W/System.err( 3061): 	at com.android.server.pm.PackageManagerService.getApplicationEnabledSetting(PackageManagerService.java:10917)
08-08 14:16:30.240 W/System.err( 3061): 	at android.content.pm.IPackageManager$Stub.onTransact(IPackageManager.java:1081)
08-08 14:16:30.240 W/System.err( 3061): 	at com.android.server.pm.PackageManagerService.onTransact(PackageManagerService.java:1683)
08-08 14:16:30.240 W/System.err( 3061): 	at java.lang.IllegalArgumentException: Unknown package: com.qihoo360.mobilesafe_lenovohuawei.com.android.server.pm.HwPackageManagerService.onTransact(HwPackageManagerService.java:361)
08-08 14:16:30.240 W/System.err( 3061): 	at 
08-08 14:16:30.240 W/System.err( 3061): android.os.Binder.transact(Binder.java:361)
08-08 14:16:30.240 W/System.err( 3061): 	at com.kingroot.hook.binder.BinderProxyBase.onTransact(SourceFile:34)
08-08 14:16:30.240 W/System.err( 3061): 	at android.os.Binder.execTransact(Binder.java:404)
08-08 14:16:30.240 W/System.err( 3061): 	at dalvik.system.NativeStart.run(Native Method)
08-08 14:16:30.240 W/System.err( 3061): 	at com.android.server.pm.Settings.getApplicationEnabledSettingLPr(Settings.java:2873)
08-08 14:16:30.240 W/System.err( 3061): 	at com.android.server.pm.PackageManagerService.getApplicationEnabledSetting(PackageManagerService.java:10917)
08-08 14:16:30.240 W/System.err( 3061): 	at android.content.pm.IPackageManager$Stub.onTransact(IPackageManager.java:1081)
08-08 14:16:30.240 W/System.err( 3061): 	at com.android.server.pm.PackageManagerService.onTransact(PackageManagerService.java:1683)
08-08 14:16:30.240 W/System.err( 3061): 	at huawei.com.android.server.pm.HwPackageManagerService.onTransact(HwPackageManagerService.java:361)
08-08 14:16:30.240 W/System.err( 3061): 	at android.os.Binder.transact(Binder.java:361)
08-08 14:16:30.245 W/System.err( 3061): 	at java.lang.IllegalArgumentException: Unknown package: com.qihoo.cleandroid_cn
08-08 14:16:30.245 W/System.err( 3061): com.kingroot.hook.binder.BinderProxyBase.onTransact(SourceFile:34)
08-08 14:16:30.245 W/System.err( 3061): 	at android.os.Binder.execTransact(Binder.java:404)
08-08 14:16:30.245 W/System.err( 3061): 	at dalvik.system.NativeStart.run(Native Method)
08-08 14:16:30.245 W/System.err( 3061): 	at com.android.server.pm.Settings.getApplicationEnabledSettingLPr(Settings.java:2873)
08-08 14:16:30.245 W/System.err( 3061): 	at com.android.server.pm.PackageManagerService.getApplicationEnabledSetting(PackageManagerService.java:10917)
08-08 14:16:30.245 W/System.err( 3061): 	at android.content.pm.IPackageManager$Stub.onTransact(IPackageManager.java:1081)
08-08 14:16:30.245 W/System.err( 3061): 	at com.android.server.pm.PackageManagerService.onTransact(PackageManagerService.java:1683)
08-08 14:16:30.245 W/System.err( 3061): 	at huawei.com.android.server.pm.HwPackageManagerService.onTransact(HwPackageManagerService.java:361)
08-08 14:16:30.245 W/System.err( 3061): 	at java.lang.IllegalArgumentException: Unknown package: com.qihoo360.mobilesafe_lenovoa60
08-08 14:16:30.245 W/System.err( 3061): android.os.Binder.transact(Binder.java:361)
08-08 14:16:30.245 W/System.err( 3061): 	at com.kingroot.hook.binder.BinderProxyBase.onTransact(SourceFile:34)
08-08 14:16:30.245 W/System.err( 3061): 	at android.os.Binder.execTransact(Binder.java:404)
08-08 14:16:30.245 W/System.err( 3061): 	at dalvik.system.NativeStart.run(Native Method)
08-08 14:16:30.245 W/System.err( 3061): 	at com.android.server.pm.Settings.getApplicationEnabledSettingLPr(Settings.java:2873)
08-08 14:16:30.245 W/System.err( 3061): 	at com.android.server.pm.PackageManagerService.getApplicationEnabledSetting(PackageManagerService.java:10917)
08-08 14:16:30.245 W/System.err( 3061): 	at android.content.pm.IPackageManager$Stub.onTransact(IPackageManager.java:1081)
08-08 14:16:30.245 W/System.err( 3061): 	at com.android.server.pm.PackageManagerService.onTransact(PackageManagerService.java:1683)
08-08 14:16:30.245 W/System.err( 3061): 	at huawei.com.android.server.pm.HwPackageManagerService.onTransact(HwPackageManagerService.java:361)
08-08 14:16:30.245 W/System.err( 3061): 	at android.os.Binder.transact(Binder.java:361)
08-08 14:16:30.245 W/System.err( 3061): 	at java.lang.IllegalArgumentException: Unknown package: com.qihoo.cleandroid
08-08 14:16:30.245 W/System.err( 3061): com.kingroot.hook.binder.BinderProxyBase.onTransact(SourceFile:34)
08-08 14:16:30.245 W/System.err( 3061): 	at android.os.Binder.execTransact(Binder.java:404)
08-08 14:16:30.245 W/System.err( 3061): 	at dalvik.system.NativeStart.run(Native Method)
08-08 14:16:30.245 W/System.err( 3061): 	at com.android.server.pm.Settings.getApplicationEnabledSettingLPr(Settings.java:2873)
08-08 14:16:30.245 W/System.err( 3061): 	at com.android.server.pm.PackageManagerService.getApplicationEnabledSetting(PackageManagerService.java:10917)
08-08 14:16:30.245 W/System.err( 3061): 	at android.content.pm.IPackageManager$Stub.onTransact(IPackageManager.java:1081)
08-08 14:16:30.245 W/System.err( 3061): 	at com.android.server.pm.PackageManagerService.onTransact(PackageManagerService.java:1683)
08-08 14:16:30.245 W/System.err( 3061): 	at huawei.com.android.server.pm.HwPackageManagerService.onTransact(HwPackageManagerService.java:361)
08-08 14:16:30.245 W/System.err( 3061): 	at java.lang.IllegalArgumentException: Unknown package: com.qihoo360.mobilesafe_lenovo_k800
08-08 14:16:30.245 W/System.err( 3061): android.os.Binder.transact(Binder.java:361)
08-08 14:16:30.245 W/System.err( 3061): 	at com.kingroot.hook.binder.BinderProxyBase.onTransact(SourceFile:34)
08-08 14:16:30.245 W/System.err( 3061): 	at android.os.Binder.execTransact(Binder.java:404)
08-08 14:16:30.245 W/System.err( 3061): 	at dalvik.system.NativeStart.run(Native Method)
08-08 14:16:30.245 W/System.err( 3061): 	at com.android.server.pm.Settings.getApplicationEnabledSettingLPr(Settings.java:2873)
08-08 14:16:30.245 W/System.err( 3061): 	at com.android.server.pm.PackageManagerService.getApplicationEnabledSetting(PackageManagerService.java:10917)
08-08 14:16:30.245 W/System.err( 3061): 	at android.content.pm.IPackageManager$Stub.onTransact(IPackageManager.java:1081)
08-08 14:16:30.245 W/System.err( 3061): 	at com.android.server.pm.PackageManagerService.onTransact(PackageManagerService.java:1683)
08-08 14:16:30.245 W/System.err( 3061): 	at huawei.com.android.server.pm.HwPackageManagerService.onTransact(HwPackageManagerService.java:361)
08-08 14:16:30.245 W/System.err( 3061): 	at android.os.Binder.transact(Binder.java:361)
08-08 14:16:30.245 W/System.err( 3061): java.lang.IllegalArgumentException: Unknown package: com.qihoo.appstore
08-08 14:16:30.245 W/System.err( 3061): 	at com.kingroot.hook.binder.BinderProxyBase.onTransact(SourceFile:34)
08-08 14:16:30.245 W/System.err( 3061): 	at android.os.Binder.execTransact(Binder.java:404)
08-08 14:16:30.245 W/System.err( 3061): 	at dalvik.system.NativeStart.run(Native Method)
08-08 14:16:30.245 W/System.err( 3061): 	at com.android.server.pm.Settings.getApplicationEnabledSettingLPr(Settings.java:2873)
08-08 14:16:30.245 W/System.err( 3061): 	at com.android.server.pm.PackageManagerService.getApplicationEnabledSetting(PackageManagerService.java:10917)
08-08 14:16:30.245 W/System.err( 3061): 	at android.content.pm.IPackageManager$Stub.onTransact(IPackageManager.java:1081)
08-08 14:16:30.245 W/System.err( 3061): 	at com.android.server.pm.PackageManagerService.onTransact(PackageManagerService.java:1683)
08-08 14:16:30.245 W/System.err( 3061): 	at huawei.com.android.server.pm.HwPackageManagerService.onTransact(HwPackageManagerService.java:361)
08-08 14:16:30.245 W/System.err( 3061): 	at android.os.Binder.transact(Binder.java:361)
08-08 14:16:30.245 W/System.err( 3061): 	at com.kingroot.hook.binder.BinderProxyBase.onTransact(SourceFile:34)
08-08 14:16:30.245 W/System.err( 3061): 	at android.os.Binder.execTransact(Binder.java:404)
08-08 14:16:30.245 W/System.err( 3061): 	at dalvik.system.NativeStart.run(Native Method)
08-08 14:16:30.245 W/System.err( 3061): java.lang.IllegalArgumentException: Unknown package: net.qihoo.launcher
08-08 14:16:30.245 W/System.err( 3061): 	at com.android.server.pm.Settings.getApplicationEnabledSettingLPr(Settings.java:2873)
08-08 14:16:30.245 W/System.err( 3061): 	at java.lang.IllegalArgumentException: Unknown package: com.qihoo.antiviruscom.android.server.pm.PackageManagerService.getApplicationEnabledSetting(PackageManagerService.java:10917)
08-08 14:16:30.245 W/System.err( 3061): 	at 
08-08 14:16:30.245 W/System.err( 3061): android.content.pm.IPackageManager$Stub.onTransact(IPackageManager.java:1081)
08-08 14:16:30.245 W/System.err( 3061): 	at com.android.server.pm.PackageManagerService.onTransact(PackageManagerService.java:1683)
08-08 14:16:30.245 W/System.err( 3061): 	at huawei.com.android.server.pm.HwPackageManagerService.onTransact(HwPackageManagerService.java:361)
08-08 14:16:30.245 W/System.err( 3061): 	at android.os.Binder.transact(Binder.java:361)
08-08 14:16:30.245 W/System.err( 3061): 	at com.kingroot.hook.binder.BinderProxyBase.onTransact(SourceFile:34)
08-08 14:16:30.245 W/System.err( 3061): 	at 	at android.os.Binder.execTransact(Binder.java:404)
08-08 14:16:30.245 W/System.err( 3061): 	at com.android.server.pm.Settings.getApplicationEnabledSettingLPr(Settings.java:2873)
08-08 14:16:30.245 W/System.err( 3061): 	at dalvik.system.NativeStart.run(Native Method)
08-08 14:16:30.245 W/System.err( 3061): com.android.server.pm.PackageManagerService.getApplicationEnabledSetting(PackageManagerService.java:10917)
08-08 14:16:30.245 W/System.err( 3061): 	at android.content.pm.IPackageManager$Stub.onTransact(IPackageManager.java:1081)
08-08 14:16:30.245 W/System.err( 3061): 	at com.android.server.pm.PackageManagerService.onTransact(PackageManagerService.java:1683)
08-08 14:16:30.245 W/System.err( 3061): 	at huawei.com.android.server.pm.HwPackageManagerService.onTransact(HwPackageManagerService.java:361)
08-08 14:16:30.245 W/System.err( 3061): 	at android.os.Binder.transact(Binder.java:361)
08-08 14:16:30.245 W/System.err( 3061): 	at com.kingroot.hook.binder.BinderProxyBase.onTransact(SourceFile:34)
08-08 14:16:30.245 W/System.err( 3061): 	at android.os.Binder.execTransact(Binder.java:404)
08-08 14:16:30.245 W/System.err( 3061): 	at dalvik.system.NativeStart.run(Native Method)
08-08 14:16:30.245 W/System.err( 3061): java.lang.IllegalArgumentException: Unknown package: com.qihoo360.ilauncher
08-08 14:16:30.245 W/System.err( 3061): 	at com.android.server.pm.Settings.getApplicationEnabledSettingLPr(Settings.java:2873)
08-08 14:16:30.245 W/System.err( 3061): 	at com.android.server.pm.PackageManagerService.getApplicationEnabledSetting(PackageManagerService.java:10917)
08-08 14:16:30.245 W/System.err( 3061): 	at android.content.pm.IPackageManager$Stub.onTransact(IPackageManager.java:1081)
08-08 14:16:30.245 W/System.err( 3061): 	at java.lang.IllegalArgumentException: Unknown package: com.qihoo.vpnmaster
08-08 14:16:30.245 W/System.err( 3061): com.android.server.pm.PackageManagerService.onTransact(PackageManagerService.java:1683)
08-08 14:16:30.245 W/System.err( 3061): 	at huawei.com.android.server.pm.HwPackageManagerService.onTransact(HwPackageManagerService.java:361)
08-08 14:16:30.245 W/System.err( 3061): 	at android.os.Binder.transact(Binder.java:361)
08-08 14:16:30.245 W/System.err( 3061): 	at com.kingroot.hook.binder.BinderProxyBase.onTransact(SourceFile:34)
08-08 14:16:30.250 W/System.err( 3061): 	at android.os.Binder.execTransact(Binder.java:404)
08-08 14:16:30.250 W/System.err( 3061): 	at 	at dalvik.system.NativeStart.run(Native Method)
08-08 14:16:30.250 W/System.err( 3061): com.android.server.pm.Settings.getApplicationEnabledSettingLPr(Settings.java:2873)
08-08 14:16:30.250 W/System.err( 3061): 	at com.android.server.pm.PackageManagerService.getApplicationEnabledSetting(PackageManagerService.java:10917)
08-08 14:16:30.250 W/System.err( 3061): 	at android.content.pm.IPackageManager$Stub.onTransact(IPackageManager.java:1081)
08-08 14:16:30.250 W/System.err( 3061): 	at com.android.server.pm.PackageManagerService.onTransact(PackageManagerService.java:1683)
08-08 14:16:30.250 W/System.err( 3061): 	at huawei.com.android.server.pm.HwPackageManagerService.onTransact(HwPackageManagerService.java:361)
08-08 14:16:30.250 W/System.err( 3061): 	at android.os.Binder.transact(Binder.java:361)
08-08 14:16:30.250 W/System.err( 3061): 	at com.kingroot.hook.binder.BinderProxyBase.onTransact(SourceFile:34)
08-08 14:16:30.250 W/System.err( 3061): 	at android.os.Binder.execTransact(Binder.java:404)
08-08 14:16:30.250 W/System.err( 3061): 	at dalvik.system.NativeStart.run(Native Method)
08-08 14:16:30.250 W/System.err( 3061): java.lang.IllegalArgumentException: Unknown package: net.qihoo.launcher.theme.p508
08-08 14:16:30.250 W/System.err( 3061): 	at com.android.server.pm.Settings.getApplicationEnabledSettingLPr(Settings.java:2873)
08-08 14:16:30.250 W/System.err( 3061): 	at java.lang.IllegalArgumentException: Unknown package: com.qihoo360.mobilesafe_lenovocom.android.server.pm.PackageManagerService.getApplicationEnabledSetting(PackageManagerService.java:10917)
08-08 14:16:30.250 W/System.err( 3061): 	at 
08-08 14:16:30.250 W/System.err( 3061): android.content.pm.IPackageManager$Stub.onTransact(IPackageManager.java:1081)
08-08 14:16:30.250 W/System.err( 3061): 	at com.android.server.pm.PackageManagerService.onTransact(PackageManagerService.java:1683)
08-08 14:16:30.250 W/System.err( 3061): 	at huawei.com.android.server.pm.HwPackageManagerService.onTransact(HwPackageManagerService.java:361)
08-08 14:16:30.250 W/System.err( 3061): 	at 	at android.os.Binder.transact(Binder.java:361)
08-08 14:16:30.250 W/System.err( 3061): 	at com.android.server.pm.Settings.getApplicationEnabledSettingLPr(Settings.java:2873)
08-08 14:16:30.250 W/System.err( 3061): 	at com.kingroot.hook.binder.BinderProxyBase.onTransact(SourceFile:34)
08-08 14:16:30.250 W/System.err( 3061): 	at com.android.server.pm.PackageManagerService.getApplicationEnabledSetting(PackageManagerService.java:10917)
08-08 14:16:30.250 W/System.err( 3061): 	at android.os.Binder.execTransact(Binder.java:404)
08-08 14:16:30.250 W/System.err( 3061): 	at android.content.pm.IPackageManager$Stub.onTransact(IPackageManager.java:1081)
08-08 14:16:30.250 W/System.err( 3061): 	at dalvik.system.NativeStart.run(Native Method)
08-08 14:16:30.250 W/System.err( 3061): com.android.server.pm.PackageManagerService.onTransact(PackageManagerService.java:1683)
08-08 14:16:30.250 W/System.err( 3061): 	at huawei.com.android.server.pm.HwPackageManagerService.onTransact(HwPackageManagerService.java:361)
08-08 14:16:30.250 W/System.err( 3061): 	at android.os.Binder.transact(Binder.java:361)
08-08 14:16:30.250 W/System.err( 3061): 	at com.kingroot.hook.binder.BinderProxyBase.onTransact(SourceFile:34)
08-08 14:16:30.250 W/System.err( 3061): 	at android.os.Binder.execTransact(Binder.java:404)
08-08 14:16:30.250 W/System.err( 3061): 	at dalvik.system.NativeStart.run(Native Method)
08-08 14:16:30.250 W/System.err( 3061): java.lang.IllegalArgumentException: Unknown package: com.qihoo.browser
08-08 14:16:30.250 W/System.err( 3061): java.lang.IllegalArgumentException: Unknown package: com.qihoo360.mobilesafe_lenovoa60
08-08 14:16:30.250 W/System.err( 3061): 	at 	at com.android.server.pm.Settings.getApplicationEnabledSettingLPr(Settings.java:2873)
08-08 14:16:30.250 W/System.err( 3061): 	at com.android.server.pm.Settings.getApplicationEnabledSettingLPr(Settings.java:2873)
08-08 14:16:30.250 W/System.err( 3061): 	at com.android.server.pm.PackageManagerService.getApplicationEnabledSetting(PackageManagerService.java:10917)
08-08 14:16:30.250 W/System.err( 3061): 	at com.android.server.pm.PackageManagerService.getApplicationEnabledSetting(PackageManagerService.java:10917)
08-08 14:16:30.250 W/System.err( 3061): 	at android.content.pm.IPackageManager$Stub.onTransact(IPackageManager.java:1081)
08-08 14:16:30.250 W/System.err( 3061): 	at android.content.pm.IPackageManager$Stub.onTransact(IPackageManager.java:1081)
08-08 14:16:30.250 W/System.err( 3061): 	at com.android.server.pm.PackageManagerService.onTransact(PackageManagerService.java:1683)
08-08 14:16:30.250 W/System.err( 3061): 	at com.android.server.pm.PackageManagerService.onTransact(PackageManagerService.java:1683)
08-08 14:16:30.250 W/System.err( 3061): 	at huawei.com.android.server.pm.HwPackageManagerService.onTransact(HwPackageManagerService.java:361)
08-08 14:16:30.250 W/System.err( 3061): 	at huawei.com.android.server.pm.HwPackageManagerService.onTransact(HwPackageManagerService.java:361)
08-08 14:16:30.250 W/System.err( 3061): 	at android.os.Binder.transact(Binder.java:361)
08-08 14:16:30.250 W/System.err( 3061): 	at android.os.Binder.transact(Binder.java:361)
08-08 14:16:30.250 W/System.err( 3061): 	at com.kingroot.hook.binder.BinderProxyBase.onTransact(SourceFile:34)
08-08 14:16:30.250 W/System.err( 3061): 	at com.kingroot.hook.binder.BinderProxyBase.onTransact(SourceFile:34)
08-08 14:16:30.250 W/System.err( 3061): 	at android.os.Binder.execTransact(Binder.java:404)
08-08 14:16:30.250 W/System.err( 3061): 	at android.os.Binder.execTransact(Binder.java:404)
08-08 14:16:30.250 W/System.err( 3061): 	at dalvik.system.NativeStart.run(Native Method)
08-08 14:16:30.250 W/System.err( 3061): dalvik.system.NativeStart.run(Native Method)
08-08 14:16:30.250 W/System.err( 3061): java.lang.IllegalArgumentException: Unknown package: com.qihoo360.mobilesafe_lenovo_k800
08-08 14:16:30.250 W/System.err( 3061): 	at com.android.server.pm.Settings.getApplicationEnabledSettingLPr(Settings.java:2873)
08-08 14:16:30.250 W/System.err( 3061): 	at com.android.server.pm.PackageManagerService.getApplicationEnabledSetting(PackageManagerService.java:10917)
08-08 14:16:30.250 W/System.err( 3061): 	at android.content.pm.IPackageManager$Stub.onTransact(IPackageManager.java:1081)
08-08 14:16:30.250 W/System.err( 3061): 	at com.android.server.pm.PackageManagerService.onTransact(PackageManagerService.java:1683)
08-08 14:16:30.250 W/System.err( 3061): 	at huawei.com.android.server.pm.HwPackageManagerService.onTransact(HwPackageManagerService.java:361)
08-08 14:16:30.250 W/System.err( 3061): 	at android.os.Binder.transact(Binder.java:361)
08-08 14:16:30.250 W/System.err( 3061): 	at com.kingroot.hook.binder.BinderProxyBase.onTransact(SourceFile:34)
08-08 14:16:30.250 W/System.err( 3061): 	at android.os.Binder.execTransact(Binder.java:404)
08-08 14:16:30.250 W/System.err( 3061): 	at dalvik.system.NativeStart.run(Native Method)
08-08 14:16:30.255 W/System.err( 3061): java.lang.IllegalArgumentException: Unknown package: net.qihoo.launcher
08-08 14:16:30.255 W/System.err( 3061): 	at com.android.server.pm.Settings.getApplicationEnabledSettingLPr(Settings.java:2873)
08-08 14:16:30.255 W/System.err( 3061): 	at com.android.server.pm.PackageManagerService.getApplicationEnabledSetting(PackageManagerService.java:10917)
08-08 14:16:30.255 W/System.err( 3061): 	at android.content.pm.IPackageManager$Stub.onTransact(IPackageManager.java:1081)
08-08 14:16:30.255 W/System.err( 3061): 	at com.android.server.pm.PackageManagerService.onTransact(PackageManagerService.java:1683)
08-08 14:16:30.255 W/System.err( 3061): 	at huawei.com.android.server.pm.HwPackageManagerService.onTransact(HwPackageManagerService.java:361)
08-08 14:16:30.255 W/System.err( 3061): 	at android.os.Binder.transact(Binder.java:361)
08-08 14:16:30.255 W/System.err( 3061): 	at com.kingroot.hook.binder.BinderProxyBase.onTransact(SourceFile:34)
08-08 14:16:30.255 W/System.err( 3061): 	at android.os.Binder.execTransact(Binder.java:404)
08-08 14:16:30.255 W/System.err( 3061): 	at dalvik.system.NativeStart.run(Native Method)
08-08 14:16:30.255 W/System.err( 3061): java.lang.IllegalArgumentException: Unknown package: com.qihoo360.ilauncher
08-08 14:16:30.255 W/System.err( 3061): 	at com.android.server.pm.Settings.getApplicationEnabledSettingLPr(Settings.java:2873)
08-08 14:16:30.255 W/System.err( 3061): 	at com.android.server.pm.PackageManagerService.getApplicationEnabledSetting(PackageManagerService.java:10917)
08-08 14:16:30.255 W/System.err( 3061): 	at android.content.pm.IPackageManager$Stub.onTransact(IPackageManager.java:1081)
08-08 14:16:30.255 W/System.err( 3061): 	at com.android.server.pm.PackageManagerService.onTransact(PackageManagerService.java:1683)
08-08 14:16:30.255 W/System.err( 3061): 	at huawei.com.android.server.pm.HwPackageManagerService.onTransact(HwPackageManagerService.java:361)
08-08 14:16:30.255 W/System.err( 3061): 	at android.os.Binder.transact(Binder.java:361)
08-08 14:16:30.255 W/System.err( 3061): 	at com.kingroot.hook.binder.BinderProxyBase.onTransact(SourceFile:34)
08-08 14:16:30.255 W/System.err( 3061): 	at android.os.Binder.execTransact(Binder.java:404)
08-08 14:16:30.255 W/System.err( 3061): 	at dalvik.system.NativeStart.run(Native Method)
08-08 14:16:30.255 W/System.err( 3061): java.lang.IllegalArgumentException: Unknown package: net.qihoo.launcher.theme.p508
08-08 14:16:30.255 W/System.err( 3061): 	at com.android.server.pm.Settings.getApplicationEnabledSettingLPr(Settings.java:2873)
08-08 14:16:30.255 W/System.err( 3061): 	at com.android.server.pm.PackageManagerService.getApplicationEnabledSetting(PackageManagerService.java:10917)
08-08 14:16:30.255 W/System.err( 3061): 	at android.content.pm.IPackageManager$Stub.onTransact(IPackageManager.java:1081)
08-08 14:16:30.255 W/System.err( 3061): 	at com.android.server.pm.PackageManagerService.onTransact(PackageManagerService.java:1683)
08-08 14:16:30.255 W/System.err( 3061): 	at huawei.com.android.server.pm.HwPackageManagerService.onTransact(HwPackageManagerService.java:361)
08-08 14:16:30.255 W/System.err( 3061): 	at android.os.Binder.transact(Binder.java:361)
08-08 14:16:30.255 W/System.err( 3061): 	at com.kingroot.hook.binder.BinderProxyBase.onTransact(SourceFile:34)
08-08 14:16:30.255 W/System.err( 3061): 	at android.os.Binder.execTransact(Binder.java:404)
08-08 14:16:30.255 W/System.err( 3061): 	at dalvik.system.NativeStart.run(Native Method)
08-08 14:16:30.255 W/System.err( 3061): java.lang.IllegalArgumentException: Unknown package: com.qihoo.browser
08-08 14:16:30.255 W/System.err( 3061): 	at com.android.server.pm.Settings.getApplicationEnabledSettingLPr(Settings.java:2873)
08-08 14:16:30.255 W/System.err( 3061): 	at com.android.server.pm.PackageManagerService.getApplicationEnabledSetting(PackageManagerService.java:10917)
08-08 14:16:30.255 W/System.err( 3061): 	at android.content.pm.IPackageManager$Stub.onTransact(IPackageManager.java:1081)
08-08 14:16:30.255 W/System.err( 3061): 	at com.android.server.pm.PackageManagerService.onTransact(PackageManagerService.java:1683)
08-08 14:16:30.255 W/System.err( 3061): 	at huawei.com.android.server.pm.HwPackageManagerService.onTransact(HwPackageManagerService.java:361)
08-08 14:16:30.255 W/System.err( 3061): 	at android.os.Binder.transact(Binder.java:361)
08-08 14:16:30.255 W/System.err( 3061): 	at com.kingroot.hook.binder.BinderProxyBase.onTransact(SourceFile:34)
08-08 14:16:30.255 W/System.err( 3061): 	at android.os.Binder.execTransact(Binder.java:404)
08-08 14:16:30.255 W/System.err( 3061): 	at dalvik.system.NativeStart.run(Native Method)
08-08 14:16:30.260 I/DbHelper( 4420): DbHelper:update()
08-08 14:16:30.365 I/ActivityManager( 3061): filter receiver for action = android.net.wifi.SCAN_RESULTS
08-08 14:16:30.400 I/HwSystemManager( 3731): HoldService:preHoldShow start!
08-08 14:16:30.400 I/HwSystemManager( 3731): HoldService:The prePermissionType is: 1
08-08 14:16:30.415 I/HwSystemManager( 3825): PermissionDBAdapter:preInstalledAppsPermissionEmendation no need emendation!
08-08 14:16:30.420 I/HwSystemManager( 3825): PermissionDBAdapter:checkDBErrorBecauseofHOTA packageNameDBList size 16
08-08 14:16:30.420 I/HwSystemManager( 3825): PermissionDBAdapter:checkDBErrorBecauseofHOTA nameList is0
08-08 14:16:30.440 W/System.err( 3349): org.json.JSONException: Value <!DOCTYPE of type java.lang.String cannot be converted to JSONObject
08-08 14:16:30.440 W/System.err( 3349): 	at org.json.JSON.typeMismatch(JSON.java:111)
08-08 14:16:30.440 W/System.err( 3349): 	at org.json.JSONObject.<init>(JSONObject.java:159)
08-08 14:16:30.440 W/System.err( 3349): 	at org.json.JSONObject.<init>(JSONObject.java:172)
08-08 14:16:30.440 W/System.err( 3349): 	at com.baidu.location.BDLocation.<init>(Unknown Source)
08-08 14:16:30.440 W/System.err( 3349): 	at com.baidu.location.H$a.a(Unknown Source)
08-08 14:16:30.440 W/System.err( 3349): 	at com.baidu.location.z.run(Unknown Source)
08-08 14:16:30.440 E/NLP     ( 3349): result:[location failed], reason:[location type is0]
08-08 14:16:30.440 W/BaiduNetworkLocationProvider1( 3349): reported location is null or locType is 0
08-08 14:16:30.655 W/UserActionWrapper(13561): UserActionWrapper:1
08-08 14:16:30.660 I/report: (13561): B_ACSDK_SDK_Result--{B71=0, B60=-1, B51=ssid_"RJYFZX-Wifi-01"74:1f:4a:cd:93:26, B61=0, B52=1, B62=0, B63=12F2965EB2C79835AE2C3A77915C38AD, B50=2.2.06, B58=java.net.SocketException: recvfrom failed: ECONNRESET (Connection reset by peer), B59=-1, B54=123.151.10.177:14000, B53=dispatcher.3g.qq.com, B56=-7, B55=1, B76=0, B69=}
08-08 14:16:30.680 W/HwLauncher( 3500): BubbleTextView mAnimateRunnable.run()
08-08 14:16:30.680 W/HwLauncher( 3500): BubbleTextView BubbleTextView.run
08-08 14:16:30.700 I/CAPALiteReceiver( 3452): USER STATE: STATIONARY SUB STATE: UNKNOWN
08-08 14:16:32.240 E/Thermal-daemon( 2421): [flash_led] temp_new :35  temp_old :34
08-08 14:16:32.740 E/Thermal-daemon( 2421): [ap] temp_new :42  temp_old :41
08-08 14:16:32.740 E/Thermal-daemon( 2421): Report temperature: [ap] temp :42  report_threshold:1
08-08 14:16:32.745 I/ThermalStateManager( 3452): thermal action: cpu_a15 policy:1497600
08-08 14:16:32.930 I/logserver( 2423): get alarm time = 101875 (sec.)!
08-08 14:16:32.930 I/logserver( 2423): send_files, commercial version, send by other, return!
08-08 14:16:32.935 I/logserver( 2423): Object Path:/data/log/apr/, mask=0x00000008
08-08 14:16:32.935 I/logserver( 2423): Timeout, apr update!
08-08 14:16:32.935 I/logserver( 2423): event->len=80, name=H60-L01_V100R001CHNC00B317_7N2SSE154P048512_20161230183303_statistics
08-08 14:16:32.935 I/logserver( 2423): process_one_event, can not find this event(H60-L01_V100R001CHNC00B317_7N2SSE154P048512_20161230183303_statistics)
08-08 14:16:32.935 I/logserver( 2423): clean_cur_cache:962, system(rm -r /data/log/logcache/3340064/* > /dev/null 2>&1)
08-08 14:16:33.955 I/HwSystemManager( 3731): HoldService:preHoldShow start!
08-08 14:16:33.955 I/HwSystemManager( 3731): HoldService:The prePermissionType is: 1
08-08 14:16:33.965 I/HwSystemManager( 3731): HoldService:preHoldShow start!
08-08 14:16:33.965 I/HwSystemManager( 3731): HoldService:The prePermissionType is: 1
08-08 14:16:34.025 I/ApplicationsProvider(28776): System.gc()
08-08 14:16:34.400 I/Process (13839): Sending signal. PID: 13839 SIG: 9
08-08 14:16:35.190 W/System.err( 3895): org.json.JSONException: Value <!DOCTYPE of type java.lang.String cannot be converted to JSONObject
08-08 14:16:35.195 E/android_hardware_fm.cpp(13906): register_android_hardware_fm_fmradio
08-08 14:16:35.195 E/FM_HAL  (13906): [FM_HAL], fm_dynamic_lib is libbcmfm_if
08-08 14:16:35.195 E/FM_HAL  (13906): [FM_HAL], libname is libbcmfm_if
08-08 14:16:35.195 W/System.err( 3895): 	at org.json.JSON.typeMismatch(JSON.java:111)
08-08 14:16:35.195 W/System.err( 3895): 	at org.json.JSONObject.<init>(JSONObject.java:159)
08-08 14:16:35.195 W/System.err( 3895): 	at org.json.JSONObject.<init>(JSONObject.java:172)
08-08 14:16:35.195 E/fm_if.c (13906): find the id:libbcmfm_if and begins to open the devices
08-08 14:16:35.195 W/System.err( 3895): 	at com.baidu.location.BDLocation.<init>(Unknown Source)
08-08 14:16:35.195 E/android_hardware_fm.cpp(13906): register_android_hardware_fm_fmradio, ret is 0
08-08 14:16:35.195 W/System.err( 3895): 	at com.baidu.location.LocationClient.for(Unknown Source)
08-08 14:16:35.195 W/System.err( 3895): 	at com.baidu.location.LocationClient.int(Unknown Source)
08-08 14:16:35.195 W/System.err( 3895): 	at com.baidu.location.LocationClient$a.handleMessage(Unknown Source)
08-08 14:16:35.195 W/System.err( 3895): 	at android.os.Handler.dispatchMessage(Handler.java:102)
08-08 14:16:35.195 E/        (13906): ProtocolErrorLog wangkang test!!
08-08 14:16:35.195 W/System.err( 3895): 	at android.os.Looper.loop(Looper.java:136)
08-08 14:16:35.195 W/System.err( 3895): 	at android.app.ActivityThread.main(ActivityThread.java:5314)
08-08 14:16:35.195 W/System.err( 3895): 	at java.lang.reflect.Method.invokeNative(Native Method)
08-08 14:16:35.195 W/System.err( 3895): 	at java.lang.reflect.Method.invoke(Method.java:515)
08-08 14:16:35.195 W/System.err( 3895): 	at com.android.internal.os.ZygoteInit$MethodAndArgsCaller.run(ZygoteInit.java:864)
08-08 14:16:35.195 W/System.err( 3895): 	at com.android.internal.os.ZygoteInit.main(ZygoteInit.java:680)
08-08 14:16:35.195 W/System.err( 3895): 	at dalvik.system.NativeStart.main(Native Method)
08-08 14:16:35.205 W/System.err( 3895): org.json.JSONException: Value <!DOCTYPE of type java.lang.String cannot be converted to JSONObject
08-08 14:16:35.205 W/System.err( 3895): 	at org.json.JSON.typeMismatch(JSON.java:111)
08-08 14:16:35.205 W/System.err( 3895): 	at org.json.JSONObject.<init>(JSONObject.java:159)
08-08 14:16:35.205 W/System.err( 3895): 	at org.json.JSONObject.<init>(JSONObject.java:172)
08-08 14:16:35.205 W/System.err( 3895): 	at com.baidu.location.BDLocation.<init>(Unknown Source)
08-08 14:16:35.205 W/System.err( 3895): 	at com.baidu.location.LocationClient.a(Unknown Source)
08-08 14:16:35.205 W/System.err( 3895): 	at com.baidu.location.LocationClient.a(Unknown Source)
08-08 14:16:35.205 W/System.err( 3895): 	at com.baidu.location.LocationClient$a.handleMessage(Unknown Source)
08-08 14:16:35.205 W/System.err( 3895): 	at android.os.Handler.dispatchMessage(Handler.java:102)
08-08 14:16:35.205 W/System.err( 3895): 	at android.os.Looper.loop(Looper.java:136)
08-08 14:16:35.205 W/System.err( 3895): 	at android.app.ActivityThread.main(ActivityThread.java:5314)
08-08 14:16:35.205 W/System.err( 3895): 	at java.lang.reflect.Method.invokeNative(Native Method)
08-08 14:16:35.205 W/System.err( 3895): 	at java.lang.reflect.Method.invoke(Method.java:515)
08-08 14:16:35.210 W/System.err( 3895): 	at com.android.internal.os.ZygoteInit$MethodAndArgsCaller.run(ZygoteInit.java:864)
08-08 14:16:35.210 W/System.err( 3895): 	at com.android.internal.os.ZygoteInit.main(ZygoteInit.java:680)
08-08 14:16:35.210 W/System.err( 3895): 	at dalvik.system.NativeStart.main(Native Method)
08-08 14:16:35.225 I/HwSystemManager( 3731): OptimizeProvider:startup allow delete is executed for Uri:content://com.huawei.android.batteryspriteprovider/startupallowapps
08-08 14:16:35.310 I/ActivityManager( 3061): filter receiver for action = android.net.wifi.SCAN_RESULTS
08-08 14:16:35.910 E/android_hardware_fm.cpp(13920): register_android_hardware_fm_fmradio
08-08 14:16:35.910 E/FM_HAL  (13920): [FM_HAL], fm_dynamic_lib is libbcmfm_if
08-08 14:16:35.910 E/FM_HAL  (13920): [FM_HAL], libname is libbcmfm_if
08-08 14:16:35.910 E/fm_if.c (13920): find the id:libbcmfm_if and begins to open the devices
08-08 14:16:35.910 E/android_hardware_fm.cpp(13920): register_android_hardware_fm_fmradio, ret is 0
08-08 14:16:35.915 E/        (13920): ProtocolErrorLog wangkang test!!
08-08 14:16:36.650 E/android_hardware_fm.cpp(13930): register_android_hardware_fm_fmradio
08-08 14:16:36.650 E/FM_HAL  (13930): [FM_HAL], fm_dynamic_lib is libbcmfm_if
08-08 14:16:36.650 E/FM_HAL  (13930): [FM_HAL], libname is libbcmfm_if
08-08 14:16:36.650 E/fm_if.c (13930): find the id:libbcmfm_if and begins to open the devices
08-08 14:16:36.650 E/android_hardware_fm.cpp(13930): register_android_hardware_fm_fmradio, ret is 0
08-08 14:16:36.650 E/        (13930): ProtocolErrorLog wangkang test!!
08-08 14:16:36.660 E/CommandListener( 2407): readDefRoute call readDefRoute
08-08 14:16:36.660 E/SecondaryTablController( 2407): isWifiDefaultRouteExisted /system/bin/ip route
08-08 14:16:37.665 E/CommandListener( 2407): readDefRoute Rsp ok
08-08 14:16:39.035 I/wpa_supplicant( 3206): wlan0: HEART-BEAT-ACK: 3301
08-08 14:16:40.070 W/System.err( 3895): org.json.JSONException: Value <!DOCTYPE of type java.lang.String cannot be converted to JSONObject
08-08 14:16:40.070 W/System.err( 3895): 	at org.json.JSON.typeMismatch(JSON.java:111)
08-08 14:16:40.070 W/System.err( 3895): 	at org.json.JSONObject.<init>(JSONObject.java:159)
08-08 14:16:40.070 W/System.err( 3895): 	at org.json.JSONObject.<init>(JSONObject.java:172)
08-08 14:16:40.070 W/System.err( 3895): 	at com.baidu.location.BDLocation.<init>(Unknown Source)
08-08 14:16:40.070 W/System.err( 3895): 	at com.baidu.location.LocationClient.for(Unknown Source)
08-08 14:16:40.070 W/System.err( 3895): 	at com.baidu.location.LocationClient.int(Unknown Source)
08-08 14:16:40.070 W/System.err( 3895): 	at com.baidu.location.LocationClient$a.handleMessage(Unknown Source)
08-08 14:16:40.070 W/System.err( 3895): 	at android.os.Handler.dispatchMessage(Handler.java:102)
08-08 14:16:40.070 W/System.err( 3895): 	at android.os.Looper.loop(Looper.java:136)
08-08 14:16:40.070 W/System.err( 3895): 	at android.app.ActivityThread.main(ActivityThread.java:5314)
08-08 14:16:40.070 W/System.err( 3895): 	at java.lang.reflect.Method.invokeNative(Native Method)
08-08 14:16:40.070 W/System.err( 3895): 	at java.lang.reflect.Method.invoke(Method.java:515)
08-08 14:16:40.070 W/System.err( 3895): 	at com.android.internal.os.ZygoteInit$MethodAndArgsCaller.run(ZygoteInit.java:864)
08-08 14:16:40.070 W/System.err( 3895): 	at com.android.internal.os.ZygoteInit.main(ZygoteInit.java:680)
08-08 14:16:40.070 W/System.err( 3895): 	at dalvik.system.NativeStart.main(Native Method)
08-08 14:16:40.075 W/System.err( 3895): org.json.JSONException: Value <!DOCTYPE of type java.lang.String cannot be converted to JSONObject
08-08 14:16:40.075 W/System.err( 3895): 	at org.json.JSON.typeMismatch(JSON.java:111)
08-08 14:16:40.075 W/System.err( 3895): 	at org.json.JSONObject.<init>(JSONObject.java:159)
08-08 14:16:40.075 W/System.err( 3895): 	at org.json.JSONObject.<init>(JSONObject.java:172)
08-08 14:16:40.075 W/System.err( 3895): 	at com.baidu.location.BDLocation.<init>(Unknown Source)
08-08 14:16:40.075 W/System.err( 3895): 	at com.baidu.location.LocationClient.a(Unknown Source)
08-08 14:16:40.075 W/System.err( 3895): 	at com.baidu.location.LocationClient.a(Unknown Source)
08-08 14:16:40.075 W/System.err( 3895): 	at com.baidu.location.LocationClient$a.handleMessage(Unknown Source)
08-08 14:16:40.075 W/System.err( 3895): 	at android.os.Handler.dispatchMessage(Handler.java:102)
08-08 14:16:40.075 W/System.err( 3895): 	at android.os.Looper.loop(Looper.java:136)
08-08 14:16:40.075 W/System.err( 3895): 	at android.app.ActivityThread.main(ActivityThread.java:5314)
08-08 14:16:40.075 W/System.err( 3895): 	at java.lang.reflect.Method.invokeNative(Native Method)
08-08 14:16:40.075 W/System.err( 3895): 	at java.lang.reflect.Method.invoke(Method.java:515)
08-08 14:16:40.075 W/System.err( 3895): 	at com.android.internal.os.ZygoteInit$MethodAndArgsCaller.run(ZygoteInit.java:864)
08-08 14:16:40.075 W/System.err( 3895): 	at com.android.internal.os.ZygoteInit.main(ZygoteInit.java:680)
08-08 14:16:40.075 W/System.err( 3895): 	at dalvik.system.NativeStart.main(Native Method)
08-08 14:16:40.325 I/ActivityManager( 3061): filter receiver for action = android.net.wifi.SCAN_RESULTS
08-08 14:16:40.350 I/HwLauncher( 3500): BubbleTextView clearNewAppIndicateInDB
