int logctl_get(): open '/dev/hwlog_switch' fail -1, 13. Permission denied

Note: log switch off, only log_main and log_events will have logs!
--------- beginning of /dev/log/main
08-03 17:32:00.465 W/System.err( 3079): 	at android.os.Binder.transact(Binder.java:361)
08-03 17:32:00.465 W/System.err( 3079): 	at com.kingroot.hook.binder.BinderProxyBase.onTransact(SourceFile:34)
08-03 17:32:00.465 W/System.err( 3079): 	at android.os.Binder.execTransact(Binder.java:404)
08-03 17:32:00.465 W/System.err( 3079): 	at dalvik.system.NativeStart.run(Native Method)
08-03 17:32:00.465 W/System.err( 3079): java.lang.IllegalArgumentException: Unknown package: com.qihoo.permroot
08-03 17:32:00.465 W/System.err( 3079): 	at com.android.server.pm.Settings.getApplicationEnabledSettingLPr(Settings.java:2873)
08-03 17:32:00.465 W/System.err( 3079): 	at com.android.server.pm.PackageManagerService.getApplicationEnabledSetting(PackageManagerService.java:10917)
08-03 17:32:00.465 W/System.err( 3079): 	at android.content.pm.IPackageManager$Stub.onTransact(IPackageManager.java:1081)
08-03 17:32:00.465 W/System.err( 3079): 	at com.android.server.pm.PackageManagerService.onTransact(PackageManagerService.java:1683)
08-03 17:32:00.465 W/System.err( 3079): 	at huawei.com.android.server.pm.HwPackageManagerService.onTransact(HwPackageManagerService.java:361)
08-03 17:32:00.465 W/System.err( 3079): 	at android.os.Binder.transact(Binder.java:361)
08-03 17:32:00.465 W/System.err( 3079): 	at com.kingroot.hook.binder.BinderProxyBase.onTransact(SourceFile:34)
08-03 17:32:00.465 W/System.err( 3079): 	at android.os.Binder.execTransact(Binder.java:404)
08-03 17:32:00.465 W/System.err( 3079): 	at dalvik.system.NativeStart.run(Native Method)
08-03 17:32:00.465 W/System.err( 3079): java.lang.IllegalArgumentException: Unknown package: com.qihoo.permmgr
08-03 17:32:00.465 W/System.err( 3079): 	at com.android.server.pm.Settings.getApplicationEnabledSettingLPr(Settings.java:2873)
08-03 17:32:00.470 W/System.err( 3079): 	at com.android.server.pm.PackageManagerService.getApplicationEnabledSetting(PackageManagerService.java:10917)
08-03 17:32:00.470 W/System.err( 3079): 	at android.content.pm.IPackageManager$Stub.onTransact(IPackageManager.java:1081)
08-03 17:32:00.470 W/System.err( 3079): 	at com.android.server.pm.PackageManagerService.onTransact(PackageManagerService.java:1683)
08-03 17:32:00.470 W/System.err( 3079): 	at huawei.com.android.server.pm.HwPackageManagerService.onTransact(HwPackageManagerService.java:361)
08-03 17:32:00.470 W/System.err( 3079): 	at android.os.Binder.transact(Binder.java:361)
08-03 17:32:00.470 W/System.err( 3079): 	at com.kingroot.hook.binder.BinderProxyBase.onTransact(SourceFile:34)
08-03 17:32:00.470 W/System.err( 3079): 	at android.os.Binder.execTransact(Binder.java:404)
08-03 17:32:00.470 W/System.err( 3079): 	at dalvik.system.NativeStart.run(Native Method)
08-03 17:32:00.470 W/System.err( 3079): java.lang.IllegalArgumentException: Unknown package: com.qihoo.root
08-03 17:32:00.470 W/System.err( 3079): 	at com.android.server.pm.Settings.getApplicationEnabledSettingLPr(Settings.java:2873)
08-03 17:32:00.470 W/System.err( 3079): 	at com.android.server.pm.PackageManagerService.getApplicationEnabledSetting(PackageManagerService.java:10917)
08-03 17:32:00.470 W/System.err( 3079): 	at android.content.pm.IPackageManager$Stub.onTransact(IPackageManager.java:1081)
08-03 17:32:00.470 W/System.err( 3079): 	at com.android.server.pm.PackageManagerService.onTransact(PackageManagerService.java:1683)
08-03 17:32:00.470 W/System.err( 3079): 	at huawei.com.android.server.pm.HwPackageManagerService.onTransact(HwPackageManagerService.java:361)
08-03 17:32:00.470 W/System.err( 3079): 	at android.os.Binder.transact(Binder.java:361)
08-03 17:32:00.470 W/System.err( 3079): 	at com.kingroot.hook.binder.BinderProxyBase.onTransact(SourceFile:34)
08-03 17:32:00.470 W/System.err( 3079): 	at android.os.Binder.execTransact(Binder.java:404)
08-03 17:32:00.470 W/System.err( 3079): 	at dalvik.system.NativeStart.run(Native Method)
08-03 17:32:00.470 W/System.err( 3079): java.lang.IllegalArgumentException: Unknown package: com.adsafe
08-03 17:32:00.470 W/System.err( 3079): 	at com.android.server.pm.Settings.getApplicationEnabledSettingLPr(Settings.java:2873)
08-03 17:32:00.470 W/System.err( 3079): 	at com.android.server.pm.PackageManagerService.getApplicationEnabledSetting(PackageManagerService.java:10917)
08-03 17:32:00.470 W/System.err( 3079): 	at android.content.pm.IPackageManager$Stub.onTransact(IPackageManager.java:1081)
08-03 17:32:00.470 W/System.err( 3079): 	at com.android.server.pm.PackageManagerService.onTransact(PackageManagerService.java:1683)
08-03 17:32:00.470 W/System.err( 3079): 	at huawei.com.android.server.pm.HwPackageManagerService.onTransact(HwPackageManagerService.java:361)
08-03 17:32:00.470 W/System.err( 3079): 	at android.os.Binder.transact(Binder.java:361)
08-03 17:32:00.470 W/System.err( 3079): 	at com.kingroot.hook.binder.BinderProxyBase.onTransact(SourceFile:34)
08-03 17:32:00.470 W/System.err( 3079): 	at android.os.Binder.execTransact(Binder.java:404)
08-03 17:32:00.470 W/System.err( 3079): 	at dalvik.system.NativeStart.run(Native Method)
08-03 17:32:00.470 W/System.err( 3079): java.lang.IllegalArgumentException: Unknown package: com.sec.android.service.powerManager
08-03 17:32:00.470 W/System.err( 3079): 	at com.android.server.pm.Settings.getApplicationEnabledSettingLPr(Settings.java:2873)
08-03 17:32:00.470 W/System.err( 3079): 	at com.android.server.pm.PackageManagerService.getApplicationEnabledSetting(PackageManagerService.java:10917)
08-03 17:32:00.470 W/System.err( 3079): 	at android.content.pm.IPackageManager$Stub.onTransact(IPackageManager.java:1081)
08-03 17:32:00.470 W/System.err( 3079): 	at com.android.server.pm.PackageManagerService.onTransact(PackageManagerService.java:1683)
08-03 17:32:00.470 W/System.err( 3079): 	at huawei.com.android.server.pm.HwPackageManagerService.onTransact(HwPackageManagerService.java:361)
08-03 17:32:00.470 W/System.err( 3079): 	at android.os.Binder.transact(Binder.java:361)
08-03 17:32:00.470 W/System.err( 3079): 	at com.kingroot.hook.binder.BinderProxyBase.onTransact(SourceFile:34)
08-03 17:32:00.470 W/System.err( 3079): 	at android.os.Binder.execTransact(Binder.java:404)
08-03 17:32:00.470 W/System.err( 3079): 	at dalvik.system.NativeStart.run(Native Method)
08-03 17:32:00.470 W/System.err( 3079): java.lang.IllegalArgumentException: Unknown package: eu.chainfire.supersu
08-03 17:32:00.475 W/System.err( 3079): 	at com.android.server.pm.Settings.getApplicationEnabledSettingLPr(Settings.java:2873)
08-03 17:32:00.475 W/System.err( 3079): 	at com.android.server.pm.PackageManagerService.getApplicationEnabledSetting(PackageManagerService.java:10917)
08-03 17:32:00.475 W/System.err( 3079): 	at android.content.pm.IPackageManager$Stub.onTransact(IPackageManager.java:1081)
08-03 17:32:00.475 W/System.err( 3079): 	at com.android.server.pm.PackageManagerService.onTransact(PackageManagerService.java:1683)
08-03 17:32:00.475 W/System.err( 3079): 	at huawei.com.android.server.pm.HwPackageManagerService.onTransact(HwPackageManagerService.java:361)
08-03 17:32:00.475 W/System.err( 3079): 	at android.os.Binder.transact(Binder.java:361)
08-03 17:32:00.475 W/System.err( 3079): 	at com.kingroot.hook.binder.BinderProxyBase.onTransact(SourceFile:34)
08-03 17:32:00.475 W/System.err( 3079): 	at android.os.Binder.execTransact(Binder.java:404)
08-03 17:32:00.475 W/System.err( 3079): 	at dalvik.system.NativeStart.run(Native Method)
08-03 17:32:00.475 W/System.err( 3079): java.lang.IllegalArgumentException: Unknown package: com.master.root
08-03 17:32:00.475 W/System.err( 3079): 	at com.android.server.pm.Settings.getApplicationEnabledSettingLPr(Settings.java:2873)
08-03 17:32:00.475 W/System.err( 3079): 	at com.android.server.pm.PackageManagerService.getApplicationEnabledSetting(PackageManagerService.java:10917)
08-03 17:32:00.475 W/System.err( 3079): 	at android.content.pm.IPackageManager$Stub.onTransact(IPackageManager.java:1081)
08-03 17:32:00.475 W/System.err( 3079): 	at com.android.server.pm.PackageManagerService.onTransact(PackageManagerService.java:1683)
08-03 17:32:00.475 W/System.err( 3079): 	at huawei.com.android.server.pm.HwPackageManagerService.onTransact(HwPackageManagerService.java:361)
08-03 17:32:00.475 W/System.err( 3079): 	at android.os.Binder.transact(Binder.java:361)
08-03 17:32:00.475 W/System.err( 3079): 	at com.kingroot.hook.binder.BinderProxyBase.onTransact(SourceFile:34)
08-03 17:32:00.475 W/System.err( 3079): 	at android.os.Binder.execTransact(Binder.java:404)
08-03 17:32:00.475 W/System.err( 3079): 	at dalvik.system.NativeStart.run(Native Method)
08-03 17:32:00.475 W/System.err( 3079): java.lang.IllegalArgumentException: Unknown package: com.tommy.superuser
08-03 17:32:00.475 W/System.err( 3079): 	at com.android.server.pm.Settings.getApplicationEnabledSettingLPr(Settings.java:2873)
08-03 17:32:00.475 W/System.err( 3079): 	at com.android.server.pm.PackageManagerService.getApplicationEnabledSetting(PackageManagerService.java:10917)
08-03 17:32:00.475 W/System.err( 3079): 	at android.content.pm.IPackageManager$Stub.onTransact(IPackageManager.java:1081)
08-03 17:32:00.475 W/System.err( 3079): 	at com.android.server.pm.PackageManagerService.onTransact(PackageManagerService.java:1683)
08-03 17:32:00.475 W/System.err( 3079): 	at huawei.com.android.server.pm.HwPackageManagerService.onTransact(HwPackageManagerService.java:361)
08-03 17:32:00.475 W/System.err( 3079): 	at android.os.Binder.transact(Binder.java:361)
08-03 17:32:00.475 W/System.err( 3079): 	at com.kingroot.hook.binder.BinderProxyBase.onTransact(SourceFile:34)
08-03 17:32:00.475 W/System.err( 3079): 	at android.os.Binder.execTransact(Binder.java:404)
08-03 17:32:00.475 W/System.err( 3079): 	at dalvik.system.NativeStart.run(Native Method)
08-03 17:32:00.480 W/System.err( 3079): java.lang.IllegalArgumentException: Unknown package: com.zhiqupk.root
08-03 17:32:00.480 W/System.err( 3079): 	at com.android.server.pm.Settings.getApplicationEnabledSettingLPr(Settings.java:2873)
08-03 17:32:00.480 W/System.err( 3079): 	at com.android.server.pm.PackageManagerService.getApplicationEnabledSetting(PackageManagerService.java:10917)
08-03 17:32:00.480 W/System.err( 3079): 	at android.content.pm.IPackageManager$Stub.onTransact(IPackageManager.java:1081)
08-03 17:32:00.480 W/System.err( 3079): 	at com.android.server.pm.PackageManagerService.onTransact(PackageManagerService.java:1683)
08-03 17:32:00.480 W/System.err( 3079): 	at huawei.com.android.server.pm.HwPackageManagerService.onTransact(HwPackageManagerService.java:361)
08-03 17:32:00.480 W/System.err( 3079): 	at android.os.Binder.transact(Binder.java:361)
08-03 17:32:00.480 W/System.err( 3079): 	at com.kingroot.hook.binder.BinderProxyBase.onTransact(SourceFile:34)
08-03 17:32:00.480 W/System.err( 3079): 	at android.os.Binder.execTransact(Binder.java:404)
08-03 17:32:00.480 W/System.err( 3079): 	at dalvik.system.NativeStart.run(Native Method)
08-03 17:32:00.480 W/System.err( 3079): java.lang.IllegalArgumentException: Unknown package: com.mgyun.superuser
08-03 17:32:00.480 W/System.err( 3079): 	at com.android.server.pm.Settings.getApplicationEnabledSettingLPr(Settings.java:2873)
08-03 17:32:00.480 W/System.err( 3079): 	at com.android.server.pm.PackageManagerService.getApplicationEnabledSetting(PackageManagerService.java:10917)
08-03 17:32:00.480 W/System.err( 3079): 	at android.content.pm.IPackageManager$Stub.onTransact(IPackageManager.java:1081)
08-03 17:32:00.480 W/System.err( 3079): 	at com.android.server.pm.PackageManagerService.onTransact(PackageManagerService.java:1683)
08-03 17:32:00.480 W/System.err( 3079): 	at huawei.com.android.server.pm.HwPackageManagerService.onTransact(HwPackageManagerService.java:361)
08-03 17:32:00.480 W/System.err( 3079): 	at android.os.Binder.transact(Binder.java:361)
08-03 17:32:00.480 W/System.err( 3079): 	at com.kingroot.hook.binder.BinderProxyBase.onTransact(SourceFile:34)
08-03 17:32:00.480 W/System.err( 3079): 	at android.os.Binder.execTransact(Binder.java:404)
08-03 17:32:00.480 W/System.err( 3079): 	at dalvik.system.NativeStart.run(Native Method)
08-03 17:32:00.480 W/System.err( 3079): java.lang.IllegalArgumentException: Unknown package: com.mgyun.shua.su
08-03 17:32:00.480 W/System.err( 3079): 	at com.android.server.pm.Settings.getApplicationEnabledSettingLPr(Settings.java:2873)
08-03 17:32:00.480 W/System.err( 3079): 	at com.android.server.pm.PackageManagerService.getApplicationEnabledSetting(PackageManagerService.java:10917)
08-03 17:32:00.480 W/System.err( 3079): 	at android.content.pm.IPackageManager$Stub.onTransact(IPackageManager.java:1081)
08-03 17:32:00.480 W/System.err( 3079): 	at com.android.server.pm.PackageManagerService.onTransact(PackageManagerService.java:1683)
08-03 17:32:00.480 W/System.err( 3079): 	at huawei.com.android.server.pm.HwPackageManagerService.onTransact(HwPackageManagerService.java:361)
08-03 17:32:00.480 W/System.err( 3079): 	at android.os.Binder.transact(Binder.java:361)
08-03 17:32:00.480 W/System.err( 3079): 	at com.kingroot.hook.binder.BinderProxyBase.onTransact(SourceFile:34)
08-03 17:32:00.480 W/System.err( 3079): 	at android.os.Binder.execTransact(Binder.java:404)
08-03 17:32:00.480 W/System.err( 3079): 	at dalvik.system.NativeStart.run(Native Method)
08-03 17:32:00.485 W/System.err( 3079): java.lang.IllegalArgumentException: Unknown package: com.mgyun.rootmaster
08-03 17:32:00.485 W/System.err( 3079): 	at com.android.server.pm.Settings.getApplicationEnabledSettingLPr(Settings.java:2873)
08-03 17:32:00.485 W/System.err( 3079): 	at com.android.server.pm.PackageManagerService.getApplicationEnabledSetting(PackageManagerService.java:10917)
08-03 17:32:00.485 W/System.err( 3079): 	at android.content.pm.IPackageManager$Stub.onTransact(IPackageManager.java:1081)
08-03 17:32:00.485 W/System.err( 3079): 	at com.android.server.pm.PackageManagerService.onTransact(PackageManagerService.java:1683)
08-03 17:32:00.485 W/System.err( 3079): 	at huawei.com.android.server.pm.HwPackageManagerService.onTransact(HwPackageManagerService.java:361)
08-03 17:32:00.485 W/System.err( 3079): 	at android.os.Binder.transact(Binder.java:361)
08-03 17:32:00.485 W/System.err( 3079): 	at com.kingroot.hook.binder.BinderProxyBase.onTransact(SourceFile:34)
08-03 17:32:00.485 W/System.err( 3079): 	at android.os.Binder.execTransact(Binder.java:404)
08-03 17:32:00.485 W/System.err( 3079): 	at dalvik.system.NativeStart.run(Native Method)
08-03 17:32:00.485 W/System.err( 3079): java.lang.IllegalArgumentException: Unknown package: com.iroot
08-03 17:32:00.485 W/System.err( 3079): 	at com.android.server.pm.Settings.getApplicationEnabledSettingLPr(Settings.java:2873)
08-03 17:32:00.485 W/System.err( 3079): 	at com.android.server.pm.PackageManagerService.getApplicationEnabledSetting(PackageManagerService.java:10917)
08-03 17:32:00.485 W/System.err( 3079): 	at android.content.pm.IPackageManager$Stub.onTransact(IPackageManager.java:1081)
08-03 17:32:00.485 W/System.err( 3079): 	at com.android.server.pm.PackageManagerService.onTransact(PackageManagerService.java:1683)
08-03 17:32:00.485 W/System.err( 3079): 	at huawei.com.android.server.pm.HwPackageManagerService.onTransact(HwPackageManagerService.java:361)
08-03 17:32:00.485 W/System.err( 3079): 	at android.os.Binder.transact(Binder.java:361)
08-03 17:32:00.485 W/System.err( 3079): 	at com.kingroot.hook.binder.BinderProxyBase.onTransact(SourceFile:34)
08-03 17:32:00.485 W/System.err( 3079): 	at android.os.Binder.execTransact(Binder.java:404)
08-03 17:32:00.485 W/System.err( 3079): 	at dalvik.system.NativeStart.run(Native Method)
08-03 17:32:00.485 W/System.err( 3079): java.lang.IllegalArgumentException: Unknown package: com.lbe.security.su
08-03 17:32:00.485 I/HwLauncher( 3481): ClockDynamicUpdater date changed!!!!!!
08-03 17:32:00.485 W/System.err( 3079): 	at com.android.server.pm.Settings.getApplicationEnabledSettingLPr(Settings.java:2873)
08-03 17:32:00.485 W/System.err( 3079): 	at com.android.server.pm.PackageManagerService.getApplicationEnabledSetting(PackageManagerService.java:10917)
08-03 17:32:00.485 W/System.err( 3079): 	at android.content.pm.IPackageManager$Stub.onTransact(IPackageManager.java:1081)
08-03 17:32:00.485 W/System.err( 3079): 	at com.android.server.pm.PackageManagerService.onTransact(PackageManagerService.java:1683)
08-03 17:32:00.485 W/System.err( 3079): 	at huawei.com.android.server.pm.HwPackageManagerService.onTransact(HwPackageManagerService.java:361)
08-03 17:32:00.485 W/System.err( 3079): 	at android.os.Binder.transact(Binder.java:361)
08-03 17:32:00.485 W/System.err( 3079): 	at com.kingroot.hook.binder.BinderProxyBase.onTransact(SourceFile:34)
08-03 17:32:00.485 W/System.err( 3079): 	at android.os.Binder.execTransact(Binder.java:404)
08-03 17:32:00.485 W/System.err( 3079): 	at dalvik.system.NativeStart.run(Native Method)
08-03 17:32:00.485 W/System.err( 3079): java.lang.IllegalArgumentException: Unknown package: com.lbe.security.shuame
08-03 17:32:00.485 I/HwLauncher( 3481): DynamicIconData , getDrawableForDynamic begin, pkg = com.android.deskclock, picName = deskclock_bg
08-03 17:32:00.485 W/System.err( 3079): 	at com.android.server.pm.Settings.getApplicationEnabledSettingLPr(Settings.java:2873)
08-03 17:32:00.490 W/System.err( 3079): 	at com.android.server.pm.PackageManagerService.getApplicationEnabledSetting(PackageManagerService.java:10917)
08-03 17:32:00.490 W/System.err( 3079): 	at android.content.pm.IPackageManager$Stub.onTransact(IPackageManager.java:1081)
08-03 17:32:00.490 W/System.err( 3079): 	at com.android.server.pm.PackageManagerService.onTransact(PackageManagerService.java:1683)
08-03 17:32:00.490 W/System.err( 3079): 	at huawei.com.android.server.pm.HwPackageManagerService.onTransact(HwPackageManagerService.java:361)
08-03 17:32:00.490 W/System.err( 3079): 	at android.os.Binder.transact(Binder.java:361)
08-03 17:32:00.490 W/System.err( 3079): 	at com.kingroot.hook.binder.BinderProxyBase.onTransact(SourceFile:34)
08-03 17:32:00.490 W/System.err( 3079): 	at android.os.Binder.execTransact(Binder.java:404)
08-03 17:32:00.490 W/System.err( 3079): 	at dalvik.system.NativeStart.run(Native Method)
08-03 17:32:00.490 W/System.err( 3079): java.lang.IllegalArgumentException: Unknown package: com.sdfloat.netraffic
08-03 17:32:00.490 W/System.err( 3079): 	at com.android.server.pm.Settings.getApplicationEnabledSettingLPr(Settings.java:2873)
08-03 17:32:00.490 W/System.err( 3079): 	at com.android.server.pm.PackageManagerService.getApplicationEnabledSetting(PackageManagerService.java:10917)
08-03 17:32:00.490 W/System.err( 3079): 	at android.content.pm.IPackageManager$Stub.onTransact(IPackageManager.java:1081)
08-03 17:32:00.490 W/System.err( 3079): 	at com.android.server.pm.PackageManagerService.onTransact(PackageManagerService.java:1683)
08-03 17:32:00.490 W/System.err( 3079): 	at huawei.com.android.server.pm.HwPackageManagerService.onTransact(HwPackageManagerService.java:361)
08-03 17:32:00.490 W/System.err( 3079): 	at android.os.Binder.transact(Binder.java:361)
08-03 17:32:00.490 W/System.err( 3079): 	at com.kingroot.hook.binder.BinderProxyBase.onTransact(SourceFile:34)
08-03 17:32:00.490 W/System.err( 3079): 	at android.os.Binder.execTransact(Binder.java:404)
08-03 17:32:00.490 W/System.err( 3079): 	at dalvik.system.NativeStart.run(Native Method)
08-03 17:32:00.490 W/System.err( 3079): java.lang.IllegalArgumentException: Unknown package: android.atools.bootstartsetting
08-03 17:32:00.490 W/System.err( 3079): 	at com.android.server.pm.Settings.getApplicationEnabledSettingLPr(Settings.java:2873)
08-03 17:32:00.490 W/System.err( 3079): 	at com.android.server.pm.PackageManagerService.getApplicationEnabledSetting(PackageManagerService.java:10917)
08-03 17:32:00.490 W/System.err( 3079): 	at android.content.pm.IPackageManager$Stub.onTransact(IPackageManager.java:1081)
08-03 17:32:00.490 W/System.err( 3079): 	at com.android.server.pm.PackageManagerService.onTransact(PackageManagerService.java:1683)
08-03 17:32:00.490 W/System.err( 3079): 	at huawei.com.android.server.pm.HwPackageManagerService.onTransact(HwPackageManagerService.java:361)
08-03 17:32:00.490 W/System.err( 3079): 	at android.os.Binder.transact(Binder.java:361)
08-03 17:32:00.490 W/System.err( 3079): 	at com.kingroot.hook.binder.BinderProxyBase.onTransact(SourceFile:34)
08-03 17:32:00.490 W/System.err( 3079): 	at android.os.Binder.execTransact(Binder.java:404)
08-03 17:32:00.490 W/System.err( 3079): 	at dalvik.system.NativeStart.run(Native Method)
08-03 17:32:00.490 W/System.err( 3079): java.lang.IllegalArgumentException: Unknown package: com.android.update
08-03 17:32:00.495 W/System.err( 3079): 	at com.android.server.pm.Settings.getApplicationEnabledSettingLPr(Settings.java:2873)
08-03 17:32:00.495 W/System.err( 3079): 	at com.android.server.pm.PackageManagerService.getApplicationEnabledSetting(PackageManagerService.java:10917)
08-03 17:32:00.495 W/System.err( 3079): 	at android.content.pm.IPackageManager$Stub.onTransact(IPackageManager.java:1081)
08-03 17:32:00.495 W/System.err( 3079): 	at com.android.server.pm.PackageManagerService.onTransact(PackageManagerService.java:1683)
08-03 17:32:00.495 W/System.err( 3079): 	at huawei.com.android.server.pm.HwPackageManagerService.onTransact(HwPackageManagerService.java:361)
08-03 17:32:00.495 W/System.err( 3079): 	at android.os.Binder.transact(Binder.java:361)
08-03 17:32:00.495 W/System.err( 3079): 	at com.kingroot.hook.binder.BinderProxyBase.onTransact(SourceFile:34)
08-03 17:32:00.495 W/System.err( 3079): 	at android.os.Binder.execTransact(Binder.java:404)
08-03 17:32:00.495 W/System.err( 3079): 	at dalvik.system.NativeStart.run(Native Method)
08-03 17:32:00.495 I/HwLauncher( 3481): DynamicIconData , getDrawableForDynamic end, pkg = com.android.deskclock, picName = deskclock_bg
08-03 17:32:00.495 W/System.err( 3079): java.lang.IllegalArgumentException: Unknown package: com.atools.nettraffic
08-03 17:32:00.495 I/HwLauncher( 3481): DynamicIconData , getDrawableForDynamic begin, pkg = com.android.deskclock, picName = deskclock_bg
08-03 17:32:00.495 W/System.err( 3079): 	at com.android.server.pm.Settings.getApplicationEnabledSettingLPr(Settings.java:2873)
08-03 17:32:00.495 W/System.err( 3079): 	at com.android.server.pm.PackageManagerService.getApplicationEnabledSetting(PackageManagerService.java:10917)
08-03 17:32:00.495 W/System.err( 3079): 	at android.content.pm.IPackageManager$Stub.onTransact(IPackageManager.java:1081)
08-03 17:32:00.495 W/System.err( 3079): 	at com.android.server.pm.PackageManagerService.onTransact(PackageManagerService.java:1683)
08-03 17:32:00.495 W/System.err( 3079): 	at huawei.com.android.server.pm.HwPackageManagerService.onTransact(HwPackageManagerService.java:361)
08-03 17:32:00.495 W/System.err( 3079): 	at android.os.Binder.transact(Binder.java:361)
08-03 17:32:00.495 W/System.err( 3079): 	at com.kingroot.hook.binder.BinderProxyBase.onTransact(SourceFile:34)
08-03 17:32:00.495 W/System.err( 3079): 	at android.os.Binder.execTransact(Binder.java:404)
08-03 17:32:00.495 W/System.err( 3079): 	at dalvik.system.NativeStart.run(Native Method)
08-03 17:32:00.495 W/System.err( 3079): java.lang.IllegalArgumentException: Unknown package: com.batteryiconmod.atools.battery
08-03 17:32:00.495 W/System.err( 3079): 	at com.android.server.pm.Settings.getApplicationEnabledSettingLPr(Settings.java:2873)
08-03 17:32:00.495 W/System.err( 3079): 	at com.android.server.pm.PackageManagerService.getApplicationEnabledSetting(PackageManagerService.java:10917)
08-03 17:32:00.495 W/System.err( 3079): 	at android.content.pm.IPackageManager$Stub.onTransact(IPackageManager.java:1081)
08-03 17:32:00.495 W/System.err( 3079): 	at com.android.server.pm.PackageManagerService.onTransact(PackageManagerService.java:1683)
08-03 17:32:00.495 W/System.err( 3079): 	at huawei.com.android.server.pm.HwPackageManagerService.onTransact(HwPackageManagerService.java:361)
08-03 17:32:00.495 W/System.err( 3079): 	at android.os.Binder.transact(Binder.java:361)
08-03 17:32:00.495 W/System.err( 3079): 	at com.kingroot.hook.binder.BinderProxyBase.onTransact(SourceFile:34)
08-03 17:32:00.495 W/System.err( 3079): 	at android.os.Binder.execTransact(Binder.java:404)
08-03 17:32:00.495 W/System.err( 3079): 	at dalvik.system.NativeStart.run(Native Method)
08-03 17:32:00.500 W/System.err( 3079): java.lang.IllegalArgumentException: Unknown package: com.bwx.bequick
08-03 17:32:00.500 W/System.err( 3079): 	at com.android.server.pm.Settings.getApplicationEnabledSettingLPr(Settings.java:2873)
08-03 17:32:00.500 W/System.err( 3079): 	at com.android.server.pm.PackageManagerService.getApplicationEnabledSetting(PackageManagerService.java:10917)
08-03 17:32:00.500 W/System.err( 3079): 	at android.content.pm.IPackageManager$Stub.onTransact(IPackageManager.java:1081)
08-03 17:32:00.500 W/System.err( 3079): 	at com.android.server.pm.PackageManagerService.onTransact(PackageManagerService.java:1683)
08-03 17:32:00.500 W/System.err( 3079): 	at huawei.com.android.server.pm.HwPackageManagerService.onTransact(HwPackageManagerService.java:361)
08-03 17:32:00.500 W/System.err( 3079): 	at android.os.Binder.transact(Binder.java:361)
08-03 17:32:00.500 W/System.err( 3079): 	at com.kingroot.hook.binder.BinderProxyBase.onTransact(SourceFile:34)
08-03 17:32:00.500 W/System.err( 3079): 	at android.os.Binder.execTransact(Binder.java:404)
08-03 17:32:00.500 W/System.err( 3079): 	at dalvik.system.NativeStart.run(Native Method)
08-03 17:32:00.500 W/System.err( 3079): java.lang.IllegalArgumentException: Unknown package: com.catsw.FontMgr
08-03 17:32:00.500 W/System.err( 3079): 	at com.android.server.pm.Settings.getApplicationEnabledSettingLPr(Settings.java:2873)
08-03 17:32:00.500 W/System.err( 3079): 	at com.android.server.pm.PackageManagerService.getApplicationEnabledSetting(PackageManagerService.java:10917)
08-03 17:32:00.500 W/System.err( 3079): 	at android.content.pm.IPackageManager$Stub.onTransact(IPackageManager.java:1081)
08-03 17:32:00.500 W/System.err( 3079): 	at com.android.server.pm.PackageManagerService.onTransact(PackageManagerService.java:1683)
08-03 17:32:00.500 W/System.err( 3079): 	at huawei.com.android.server.pm.HwPackageManagerService.onTransact(HwPackageManagerService.java:361)
08-03 17:32:00.500 W/System.err( 3079): 	at android.os.Binder.transact(Binder.java:361)
08-03 17:32:00.500 W/System.err( 3079): 	at com.kingroot.hook.binder.BinderProxyBase.onTransact(SourceFile:34)
08-03 17:32:00.500 W/System.err( 3079): 	at android.os.Binder.execTransact(Binder.java:404)
08-03 17:32:00.500 W/System.err( 3079): 	at dalvik.system.NativeStart.run(Native Method)
08-03 17:32:00.500 W/System.err( 3079): java.lang.IllegalArgumentException: Unknown package: com.evilsunflower.reader.evilGuigu
08-03 17:32:00.500 I/HwLauncher( 3481): DynamicIconData , getDrawableForDynamic end, pkg = com.android.deskclock, picName = deskclock_bg
08-03 17:32:00.500 W/System.err( 3079): 	at com.android.server.pm.Settings.getApplicationEnabledSettingLPr(Settings.java:2873)
08-03 17:32:00.500 W/System.err( 3079): 	at com.android.server.pm.PackageManagerService.getApplicationEnabledSetting(PackageManagerService.java:10917)
08-03 17:32:00.500 W/System.err( 3079): 	at android.content.pm.IPackageManager$Stub.onTransact(IPackageManager.java:1081)
08-03 17:32:00.505 W/System.err( 3079): 	at com.android.server.pm.PackageManagerService.onTransact(PackageManagerService.java:1683)
08-03 17:32:00.505 W/System.err( 3079): 	at huawei.com.android.server.pm.HwPackageManagerService.onTransact(HwPackageManagerService.java:361)
08-03 17:32:00.505 W/System.err( 3079): 	at android.os.Binder.transact(Binder.java:361)
08-03 17:32:00.505 W/System.err( 3079): 	at com.kingroot.hook.binder.BinderProxyBase.onTransact(SourceFile:34)
08-03 17:32:00.505 W/System.err( 3079): 	at android.os.Binder.execTransact(Binder.java:404)
08-03 17:32:00.505 W/System.err( 3079): 	at dalvik.system.NativeStart.run(Native Method)
08-03 17:32:00.505 W/System.err( 3079): java.lang.IllegalArgumentException: Unknown package: com.evilsunflower.reader.evilZenyang16
08-03 17:32:00.505 W/System.err( 3079): 	at com.android.server.pm.Settings.getApplicationEnabledSettingLPr(Settings.java:2873)
08-03 17:32:00.505 W/System.err( 3079): 	at com.android.server.pm.PackageManagerService.getApplicationEnabledSetting(PackageManagerService.java:10917)
08-03 17:32:00.505 W/System.err( 3079): 	at android.content.pm.IPackageManager$Stub.onTransact(IPackageManager.java:1081)
08-03 17:32:00.505 W/System.err( 3079): 	at com.android.server.pm.PackageManagerService.onTransact(PackageManagerService.java:1683)
08-03 17:32:00.505 W/System.err( 3079): 	at huawei.com.android.server.pm.HwPackageManagerService.onTransact(HwPackageManagerService.java:361)
08-03 17:32:00.505 W/System.err( 3079): 	at android.os.Binder.transact(Binder.java:361)
08-03 17:32:00.505 W/System.err( 3079): 	at com.kingroot.hook.binder.BinderProxyBase.onTransact(SourceFile:34)
08-03 17:32:00.505 W/System.err( 3079): 	at android.os.Binder.execTransact(Binder.java:404)
08-03 17:32:00.505 W/System.err( 3079): 	at dalvik.system.NativeStart.run(Native Method)
08-03 17:32:00.505 W/System.err( 3079): java.lang.IllegalArgumentException: Unknown package: com.google.android.downand
08-03 17:32:00.505 W/System.err( 3079): 	at com.android.server.pm.Settings.getApplicationEnabledSettingLPr(Settings.java:2873)
08-03 17:32:00.505 W/System.err( 3079): 	at com.android.server.pm.PackageManagerService.getApplicationEnabledSetting(PackageManagerService.java:10917)
08-03 17:32:00.505 W/System.err( 3079): 	at android.content.pm.IPackageManager$Stub.onTransact(IPackageManager.java:1081)
08-03 17:32:00.505 W/System.err( 3079): 	at com.android.server.pm.PackageManagerService.onTransact(PackageManagerService.java:1683)
08-03 17:32:00.505 W/System.err( 3079): 	at huawei.com.android.server.pm.HwPackageManagerService.onTransact(HwPackageManagerService.java:361)
08-03 17:32:00.505 W/System.err( 3079): 	at android.os.Binder.transact(Binder.java:361)
08-03 17:32:00.505 W/System.err( 3079): 	at com.kingroot.hook.binder.BinderProxyBase.onTransact(SourceFile:34)
08-03 17:32:00.505 W/System.err( 3079): 	at android.os.Binder.execTransact(Binder.java:404)
08-03 17:32:00.505 I/HwLauncher( 3481): Launcher.Utilities createIconBitmap sourceWidth = 180sourceHeight = 180
08-03 17:32:00.505 W/System.err( 3079): 	at dalvik.system.NativeStart.run(Native Method)
08-03 17:32:00.505 W/System.err( 3079): java.lang.IllegalArgumentException: Unknown package: com.google.android.smart
08-03 17:32:00.505 W/System.err( 3079): 	at com.android.server.pm.Settings.getApplicationEnabledSettingLPr(Settings.java:2873)
08-03 17:32:00.505 W/System.err( 3079): 	at com.android.server.pm.PackageManagerService.getApplicationEnabledSetting(PackageManagerService.java:10917)
08-03 17:32:00.505 W/System.err( 3079): 	at android.content.pm.IPackageManager$Stub.onTransact(IPackageManager.java:1081)
08-03 17:32:00.510 W/System.err( 3079): 	at com.android.server.pm.PackageManagerService.onTransact(PackageManagerService.java:1683)
08-03 17:32:00.510 W/System.err( 3079): 	at huawei.com.android.server.pm.HwPackageManagerService.onTransact(HwPackageManagerService.java:361)
08-03 17:32:00.510 W/System.err( 3079): 	at android.os.Binder.transact(Binder.java:361)
08-03 17:32:00.510 W/System.err( 3079): 	at com.kingroot.hook.binder.BinderProxyBase.onTransact(SourceFile:34)
08-03 17:32:00.510 W/System.err( 3079): 	at android.os.Binder.execTransact(Binder.java:404)
08-03 17:32:00.510 W/System.err( 3079): 	at dalvik.system.NativeStart.run(Native Method)
08-03 17:32:00.510 W/System.err( 3079): java.lang.IllegalArgumentException: Unknown package: com.qihoo360.mobilesafe_mtk6573
08-03 17:32:00.510 W/System.err( 3079): 	at com.android.server.pm.Settings.getApplicationEnabledSettingLPr(Settings.java:2873)
08-03 17:32:00.510 W/System.err( 3079): 	at com.android.server.pm.PackageManagerService.getApplicationEnabledSetting(PackageManagerService.java:10917)
08-03 17:32:00.510 W/System.err( 3079): 	at android.content.pm.IPackageManager$Stub.onTransact(IPackageManager.java:1081)
08-03 17:32:00.510 W/System.err( 3079): 	at com.android.server.pm.PackageManagerService.onTransact(PackageManagerService.java:1683)
08-03 17:32:00.510 W/System.err( 3079): 	at huawei.com.android.server.pm.HwPackageManagerService.onTransact(HwPackageManagerService.java:361)
08-03 17:32:00.510 W/System.err( 3079): 	at android.os.Binder.transact(Binder.java:361)
08-03 17:32:00.510 W/System.err( 3079): 	at com.kingroot.hook.binder.BinderProxyBase.onTransact(SourceFile:34)
08-03 17:32:00.510 W/System.err( 3079): 	at android.os.Binder.execTransact(Binder.java:404)
08-03 17:32:00.510 W/System.err( 3079): 	at dalvik.system.NativeStart.run(Native Method)
08-03 17:32:00.510 W/System.err( 3079): java.lang.IllegalArgumentException: Unknown package: com.qihoo360.mobilesafe_mobilepad
08-03 17:32:00.510 W/System.err( 3079): 	at com.android.server.pm.Settings.getApplicationEnabledSettingLPr(Settings.java:2873)
08-03 17:32:00.515 W/System.err( 3079): 	at com.android.server.pm.PackageManagerService.getApplicationEnabledSetting(PackageManagerService.java:10917)
08-03 17:32:00.515 W/System.err( 3079): 	at android.content.pm.IPackageManager$Stub.onTransact(IPackageManager.java:1081)
08-03 17:32:00.515 W/System.err( 3079): 	at com.android.server.pm.PackageManagerService.onTransact(PackageManagerService.java:1683)
08-03 17:32:00.515 W/System.err( 3079): 	at huawei.com.android.server.pm.HwPackageManagerService.onTransact(HwPackageManagerService.java:361)
08-03 17:32:00.515 W/System.err( 3079): 	at android.os.Binder.transact(Binder.java:361)
08-03 17:32:00.515 W/System.err( 3079): 	at com.kingroot.hook.binder.BinderProxyBase.onTransact(SourceFile:34)
08-03 17:32:00.515 W/System.err( 3079): 	at android.os.Binder.execTransact(Binder.java:404)
08-03 17:32:00.515 W/System.err( 3079): 	at dalvik.system.NativeStart.run(Native Method)
08-03 17:32:00.515 W/System.err( 3079): java.lang.IllegalArgumentException: Unknown package: com.qihoo360.mobilesafe_meizu
08-03 17:32:00.515 W/System.err( 3079): 	at com.android.server.pm.Settings.getApplicationEnabledSettingLPr(Settings.java:2873)
08-03 17:32:00.515 W/System.err( 3079): 	at com.android.server.pm.PackageManagerService.getApplicationEnabledSetting(PackageManagerService.java:10917)
08-03 17:32:00.515 W/System.err( 3079): 	at android.content.pm.IPackageManager$Stub.onTransact(IPackageManager.java:1081)
08-03 17:32:00.515 W/System.err( 3079): 	at com.android.server.pm.PackageManagerService.onTransact(PackageManagerService.java:1683)
08-03 17:32:00.515 W/System.err( 3079): 	at huawei.com.android.server.pm.HwPackageManagerService.onTransact(HwPackageManagerService.java:361)
08-03 17:32:00.515 W/System.err( 3079): 	at android.os.Binder.transact(Binder.java:361)
08-03 17:32:00.515 W/System.err( 3079): 	at com.kingroot.hook.binder.BinderProxyBase.onTransact(SourceFile:34)
08-03 17:32:00.515 W/System.err( 3079): 	at android.os.Binder.execTransact(Binder.java:404)
08-03 17:32:00.515 W/System.err( 3079): 	at dalvik.system.NativeStart.run(Native Method)
08-03 17:32:00.515 I/HwLauncher( 3481): ClockDynamicUpdater calender update folder at CalenderDynamicUpdater
08-03 17:32:00.515 I/HwLauncher( 3481): DynamicUpdater call updateFolder
08-03 17:32:00.515 W/System.err( 3079): java.lang.IllegalArgumentException: Unknown package: com.qihoo360.mobilesafe_lite
08-03 17:32:00.515 I/HwLauncher( 3481): ClockDynamicUpdater Calender update and call updateFolder
08-03 17:32:00.515 W/System.err( 3079): 	at com.android.server.pm.Settings.getApplicationEnabledSettingLPr(Settings.java:2873)
08-03 17:32:00.515 W/System.err( 3079): 	at com.android.server.pm.PackageManagerService.getApplicationEnabledSetting(PackageManagerService.java:10917)
08-03 17:32:00.515 W/System.err( 3079): 	at android.content.pm.IPackageManager$Stub.onTransact(IPackageManager.java:1081)
08-03 17:32:00.515 W/System.err( 3079): 	at com.android.server.pm.PackageManagerService.onTransact(PackageManagerService.java:1683)
08-03 17:32:00.515 W/System.err( 3079): 	at huawei.com.android.server.pm.HwPackageManagerService.onTransact(HwPackageManagerService.java:361)
08-03 17:32:00.515 W/System.err( 3079): 	at android.os.Binder.transact(Binder.java:361)
08-03 17:32:00.515 W/System.err( 3079): 	at com.kingroot.hook.binder.BinderProxyBase.onTransact(SourceFile:34)
08-03 17:32:00.515 W/System.err( 3079): 	at android.os.Binder.execTransact(Binder.java:404)
08-03 17:32:00.515 W/System.err( 3079): 	at dalvik.system.NativeStart.run(Native Method)
08-03 17:32:00.515 W/System.err( 3079): java.lang.IllegalArgumentException: Unknown package: com.qihoo360.mobilesafe.opti.powerctl
08-03 17:32:00.520 W/System.err( 3079): 	at com.android.server.pm.Settings.getApplicationEnabledSettingLPr(Settings.java:2873)
08-03 17:32:00.520 W/System.err( 3079): 	at com.android.server.pm.PackageManagerService.getApplicationEnabledSetting(PackageManagerService.java:10917)
08-03 17:32:00.520 W/System.err( 3079): 	at android.content.pm.IPackageManager$Stub.onTransact(IPackageManager.java:1081)
08-03 17:32:00.520 W/System.err( 3079): 	at com.android.server.pm.PackageManagerService.onTransact(PackageManagerService.java:1683)
08-03 17:32:00.520 W/System.err( 3079): 	at huawei.com.android.server.pm.HwPackageManagerService.onTransact(HwPackageManagerService.java:361)
08-03 17:32:00.520 W/System.err( 3079): 	at android.os.Binder.transact(Binder.java:361)
08-03 17:32:00.520 W/System.err( 3079): 	at com.kingroot.hook.binder.BinderProxyBase.onTransact(SourceFile:34)
08-03 17:32:00.520 W/System.err( 3079): 	at android.os.Binder.execTransact(Binder.java:404)
08-03 17:32:00.520 W/System.err( 3079): 	at dalvik.system.NativeStart.run(Native Method)
08-03 17:32:00.520 W/System.err( 3079): java.lang.IllegalArgumentException: Unknown package: com.qihoo360.mobilesafe.opti
08-03 17:32:00.520 W/System.err( 3079): 	at com.android.server.pm.Settings.getApplicationEnabledSettingLPr(Settings.java:2873)
08-03 17:32:00.520 W/System.err( 3079): 	at com.android.server.pm.PackageManagerService.getApplicationEnabledSetting(PackageManagerService.java:10917)
08-03 17:32:00.520 W/System.err( 3079): 	at android.content.pm.IPackageManager$Stub.onTransact(IPackageManager.java:1081)
08-03 17:32:00.520 W/System.err( 3079): 	at com.android.server.pm.PackageManagerService.onTransact(PackageManagerService.java:1683)
08-03 17:32:00.520 W/System.err( 3079): 	at huawei.com.android.server.pm.HwPackageManagerService.onTransact(HwPackageManagerService.java:361)
08-03 17:32:00.520 W/System.err( 3079): 	at android.os.Binder.transact(Binder.java:361)
08-03 17:32:00.520 W/System.err( 3079): 	at com.kingroot.hook.binder.BinderProxyBase.onTransact(SourceFile:34)
08-03 17:32:00.520 W/System.err( 3079): 	at android.os.Binder.execTransact(Binder.java:404)
08-03 17:32:00.520 W/System.err( 3079): 	at dalvik.system.NativeStart.run(Native Method)
08-03 17:32:00.520 W/System.err( 3079): java.lang.IllegalArgumentException: Unknown package: com.qihoo360.mobilesafe
08-03 17:32:00.520 W/System.err( 3079): 	at com.android.server.pm.Settings.getApplicationEnabledSettingLPr(Settings.java:2873)
08-03 17:32:00.520 W/System.err( 3079): 	at com.android.server.pm.PackageManagerService.getApplicationEnabledSetting(PackageManagerService.java:10917)
08-03 17:32:00.520 W/System.err( 3079): 	at android.content.pm.IPackageManager$Stub.onTransact(IPackageManager.java:1081)
08-03 17:32:00.520 W/System.err( 3079): 	at com.android.server.pm.PackageManagerService.onTransact(PackageManagerService.java:1683)
08-03 17:32:00.520 W/System.err( 3079): 	at huawei.com.android.server.pm.HwPackageManagerService.onTransact(HwPackageManagerService.java:361)
08-03 17:32:00.520 W/System.err( 3079): 	at android.os.Binder.transact(Binder.java:361)
08-03 17:32:00.520 W/System.err( 3079): 	at com.kingroot.hook.binder.BinderProxyBase.onTransact(SourceFile:34)
08-03 17:32:00.520 W/System.err( 3079): 	at android.os.Binder.execTransact(Binder.java:404)
08-03 17:32:00.520 W/System.err( 3079): 	at dalvik.system.NativeStart.run(Native Method)
08-03 17:32:00.520 W/System.err( 3079): java.lang.IllegalArgumentException: Unknown package: com.qihoo360.launcher
08-03 17:32:00.520 W/System.err( 3079): 	at com.android.server.pm.Settings.getApplicationEnabledSettingLPr(Settings.java:2873)
08-03 17:32:00.520 W/System.err( 3079): 	at com.android.server.pm.PackageManagerService.getApplicationEnabledSetting(PackageManagerService.java:10917)
08-03 17:32:00.520 W/System.err( 3079): 	at android.content.pm.IPackageManager$Stub.onTransact(IPackageManager.java:1081)
08-03 17:32:00.525 W/System.err( 3079): 	at com.android.server.pm.PackageManagerService.onTransact(PackageManagerService.java:1683)
08-03 17:32:00.525 W/System.err( 3079): 	at huawei.com.android.server.pm.HwPackageManagerService.onTransact(HwPackageManagerService.java:361)
08-03 17:32:00.525 W/System.err( 3079): 	at android.os.Binder.transact(Binder.java:361)
08-03 17:32:00.525 W/System.err( 3079): 	at com.kingroot.hook.binder.BinderProxyBase.onTransact(SourceFile:34)
08-03 17:32:00.525 W/System.err( 3079): 	at android.os.Binder.execTransact(Binder.java:404)
08-03 17:32:00.525 W/System.err( 3079): 	at dalvik.system.NativeStart.run(Native Method)
08-03 17:32:00.525 W/System.err( 3079): java.lang.IllegalArgumentException: Unknown package: com.qihoo360.contacts
08-03 17:32:00.525 W/System.err( 3079): 	at com.android.server.pm.Settings.getApplicationEnabledSettingLPr(Settings.java:2873)
08-03 17:32:00.525 W/System.err( 3079): 	at com.android.server.pm.PackageManagerService.getApplicationEnabledSetting(PackageManagerService.java:10917)
08-03 17:32:00.525 W/System.err( 3079): 	at android.content.pm.IPackageManager$Stub.onTransact(IPackageManager.java:1081)
08-03 17:32:00.525 W/System.err( 3079): 	at com.android.server.pm.PackageManagerService.onTransact(PackageManagerService.java:1683)
08-03 17:32:00.525 W/System.err( 3079): 	at huawei.com.android.server.pm.HwPackageManagerService.onTransact(HwPackageManagerService.java:361)
08-03 17:32:00.525 W/System.err( 3079): 	at android.os.Binder.transact(Binder.java:361)
08-03 17:32:00.525 W/System.err( 3079): 	at com.kingroot.hook.binder.BinderProxyBase.onTransact(SourceFile:34)
08-03 17:32:00.525 W/System.err( 3079): 	at android.os.Binder.execTransact(Binder.java:404)
08-03 17:32:00.525 W/System.err( 3079): 	at dalvik.system.NativeStart.run(Native Method)
08-03 17:32:00.525 W/System.err( 3079): java.lang.IllegalArgumentException: Unknown package: com.qihoo.security
08-03 17:32:00.525 W/System.err( 3079): 	at com.android.server.pm.Settings.getApplicationEnabledSettingLPr(Settings.java:2873)
08-03 17:32:00.525 W/System.err( 3079): 	at com.android.server.pm.PackageManagerService.getApplicationEnabledSetting(PackageManagerService.java:10917)
08-03 17:32:00.525 W/System.err( 3079): 	at android.content.pm.IPackageManager$Stub.onTransact(IPackageManager.java:1081)
08-03 17:32:00.525 W/System.err( 3079): 	at com.android.server.pm.PackageManagerService.onTransact(PackageManagerService.java:1683)
08-03 17:32:00.525 W/System.err( 3079): 	at huawei.com.android.server.pm.HwPackageManagerService.onTransact(HwPackageManagerService.java:361)
08-03 17:32:00.525 W/System.err( 3079): 	at android.os.Binder.transact(Binder.java:361)
08-03 17:32:00.525 W/System.err( 3079): 	at com.kingroot.hook.binder.BinderProxyBase.onTransact(SourceFile:34)
08-03 17:32:00.525 W/System.err( 3079): 	at android.os.Binder.execTransact(Binder.java:404)
08-03 17:32:00.525 W/System.err( 3079): 	at dalvik.system.NativeStart.run(Native Method)
08-03 17:32:00.530 W/System.err( 3079): java.lang.IllegalArgumentException: Unknown package: com.qihoo.msafe
08-03 17:32:00.530 W/System.err( 3079): 	at com.android.server.pm.Settings.getApplicationEnabledSettingLPr(Settings.java:2873)
08-03 17:32:00.530 W/System.err( 3079): 	at com.android.server.pm.PackageManagerService.getApplicationEnabledSetting(PackageManagerService.java:10917)
08-03 17:32:00.530 W/System.err( 3079): 	at android.content.pm.IPackageManager$Stub.onTransact(IPackageManager.java:1081)
08-03 17:32:00.530 W/System.err( 3079): 	at com.android.server.pm.PackageManagerService.onTransact(PackageManagerService.java:1683)
08-03 17:32:00.530 W/System.err( 3079): 	at huawei.com.android.server.pm.HwPackageManagerService.onTransact(HwPackageManagerService.java:361)
08-03 17:32:00.530 W/System.err( 3079): 	at android.os.Binder.transact(Binder.java:361)
08-03 17:32:00.530 W/System.err( 3079): 	at com.kingroot.hook.binder.BinderProxyBase.onTransact(SourceFile:34)
08-03 17:32:00.530 W/System.err( 3079): 	at android.os.Binder.execTransact(Binder.java:404)
08-03 17:32:00.530 W/System.err( 3079): 	at dalvik.system.NativeStart.run(Native Method)
08-03 17:32:00.530 W/System.err( 3079): java.lang.IllegalArgumentException: Unknown package: com.qihoo.mkillercom.qihoo360.transfer
08-03 17:32:00.530 I/HwLauncher( 3481): CalenderDynamicUpdater date changed!!!!!!
08-03 17:32:00.530 I/HwLauncher( 3481): CalenderDynamicUpdater Calender update and call updateFolder
08-03 17:32:00.530 W/System.err( 3079): 	at com.android.server.pm.Settings.getApplicationEnabledSettingLPr(Settings.java:2873)
08-03 17:32:00.530 W/System.err( 3079): 	at com.android.server.pm.PackageManagerService.getApplicationEnabledSetting(PackageManagerService.java:10917)
08-03 17:32:00.530 W/System.err( 3079): 	at android.content.pm.IPackageManager$Stub.onTransact(IPackageManager.java:1081)
08-03 17:32:00.530 W/System.err( 3079): 	at com.android.server.pm.PackageManagerService.onTransact(PackageManagerService.java:1683)
08-03 17:32:00.530 W/System.err( 3079): 	at huawei.com.android.server.pm.HwPackageManagerService.onTransact(HwPackageManagerService.java:361)
08-03 17:32:00.530 W/System.err( 3079): 	at android.os.Binder.transact(Binder.java:361)
08-03 17:32:00.530 W/System.err( 3079): 	at com.kingroot.hook.binder.BinderProxyBase.onTransact(SourceFile:34)
08-03 17:32:00.530 W/System.err( 3079): 	at android.os.Binder.execTransact(Binder.java:404)
08-03 17:32:00.530 W/System.err( 3079): 	at dalvik.system.NativeStart.run(Native Method)
08-03 17:32:00.530 W/System.err( 3079): java.lang.IllegalArgumentException: Unknown package: com.qihoo.mkiller
08-03 17:32:00.535 W/System.err( 3079): 	at com.android.server.pm.Settings.getApplicationEnabledSettingLPr(Settings.java:2873)
08-03 17:32:00.535 W/System.err( 3079): 	at com.android.server.pm.PackageManagerService.getApplicationEnabledSetting(PackageManagerService.java:10917)
08-03 17:32:00.535 W/System.err( 3079): 	at android.content.pm.IPackageManager$Stub.onTransact(IPackageManager.java:1081)
08-03 17:32:00.535 W/System.err( 3079): 	at com.android.server.pm.PackageManagerService.onTransact(PackageManagerService.java:1683)
08-03 17:32:00.535 W/System.err( 3079): 	at huawei.com.android.server.pm.HwPackageManagerService.onTransact(HwPackageManagerService.java:361)
08-03 17:32:00.535 W/System.err( 3079): 	at android.os.Binder.transact(Binder.java:361)
08-03 17:32:00.535 W/System.err( 3079): 	at com.kingroot.hook.binder.BinderProxyBase.onTransact(SourceFile:34)
08-03 17:32:00.535 W/System.err( 3079): 	at android.os.Binder.execTransact(Binder.java:404)
08-03 17:32:00.535 W/System.err( 3079): 	at dalvik.system.NativeStart.run(Native Method)
08-03 17:32:00.535 W/System.err( 3079): java.lang.IllegalArgumentException: Unknown package: com.qihoo.freewifi
08-03 17:32:00.535 W/System.err( 3079): 	at com.android.server.pm.Settings.getApplicationEnabledSettingLPr(Settings.java:2873)
08-03 17:32:00.535 W/System.err( 3079): 	at com.android.server.pm.PackageManagerService.getApplicationEnabledSetting(PackageManagerService.java:10917)
08-03 17:32:00.535 W/System.err( 3079): 	at android.content.pm.IPackageManager$Stub.onTransact(IPackageManager.java:1081)
08-03 17:32:00.535 W/System.err( 3079): 	at com.android.server.pm.PackageManagerService.onTransact(PackageManagerService.java:1683)
08-03 17:32:00.535 W/System.err( 3079): 	at huawei.com.android.server.pm.HwPackageManagerService.onTransact(HwPackageManagerService.java:361)
08-03 17:32:00.535 W/System.err( 3079): 	at android.os.Binder.transact(Binder.java:361)
08-03 17:32:00.535 W/System.err( 3079): 	at com.kingroot.hook.binder.BinderProxyBase.onTransact(SourceFile:34)
08-03 17:32:00.535 W/System.err( 3079): 	at android.os.Binder.execTransact(Binder.java:404)
08-03 17:32:00.535 W/System.err( 3079): 	at dalvik.system.NativeStart.run(Native Method)
08-03 17:32:00.535 W/System.err( 3079): java.lang.IllegalArgumentException: Unknown package: com.qihoo.cleandroid_cn
08-03 17:32:00.535 W/System.err( 3079): 	at com.android.server.pm.Settings.getApplicationEnabledSettingLPr(Settings.java:2873)
08-03 17:32:00.535 W/System.err( 3079): 	at com.android.server.pm.PackageManagerService.getApplicationEnabledSetting(PackageManagerService.java:10917)
08-03 17:32:00.535 W/System.err( 3079): 	at android.content.pm.IPackageManager$Stub.onTransact(IPackageManager.java:1081)
08-03 17:32:00.535 W/System.err( 3079): 	at com.android.server.pm.PackageManagerService.onTransact(PackageManagerService.java:1683)
08-03 17:32:00.535 W/System.err( 3079): 	at huawei.com.android.server.pm.HwPackageManagerService.onTransact(HwPackageManagerService.java:361)
08-03 17:32:00.535 W/System.err( 3079): 	at android.os.Binder.transact(Binder.java:361)
