08-03 17:32:00.620 W/System.err( 3079): java.lang.IllegalArgumentException: Unknown package: com.abbgoogoo.ggsu
08-03 17:32:00.620 W/System.err( 3079): 	at com.android.server.pm.Settings.getApplicationEnabledSettingLPr(Settings.java:2873)
08-03 17:32:00.620 W/System.err( 3079): 	at com.android.server.pm.PackageManagerService.getApplicationEnabledSetting(PackageManagerService.java:10917)
08-03 17:32:00.620 W/System.err( 3079): 	at android.content.pm.IPackageManager$Stub.onTransact(IPackageManager.java:1081)
08-03 17:32:00.620 W/System.err( 3079): 	at com.android.server.pm.PackageManagerService.onTransact(PackageManagerService.java:1683)
08-03 17:32:00.620 W/System.err( 3079): 	at huawei.com.android.server.pm.HwPackageManagerService.onTransact(HwPackageManagerService.java:361)
08-03 17:32:00.620 W/System.err( 3079): 	at android.os.Binder.transact(Binder.java:361)
08-03 17:32:00.625 W/System.err( 3079): 	at com.kingroot.hook.binder.BinderProxyBase.onTransact(SourceFile:34)
08-03 17:32:00.625 W/System.err( 3079): 	at android.os.Binder.execTransact(Binder.java:404)
08-03 17:32:00.625 W/System.err( 3079): 	at dalvik.system.NativeStart.run(Native Method)
08-03 17:32:00.625 W/System.err( 3079): java.lang.IllegalArgumentException: Unknown package: com.qihoo360.mobilesafe.onekeyroot
08-03 17:32:00.625 W/System.err( 3079): 	at com.android.server.pm.Settings.getApplicationEnabledSettingLPr(Settings.java:2873)
08-03 17:32:00.625 W/System.err( 3079): 	at com.android.server.pm.PackageManagerService.getApplicationEnabledSetting(PackageManagerService.java:10917)
08-03 17:32:00.625 W/System.err( 3079): 	at android.content.pm.IPackageManager$Stub.onTransact(IPackageManager.java:1081)
08-03 17:32:00.625 W/System.err( 3079): 	at com.android.server.pm.PackageManagerService.onTransact(PackageManagerService.java:1683)
08-03 17:32:00.625 W/System.err( 3079): 	at huawei.com.android.server.pm.HwPackageManagerService.onTransact(HwPackageManagerService.java:361)
08-03 17:32:00.625 W/System.err( 3079): 	at android.os.Binder.transact(Binder.java:361)
08-03 17:32:00.625 W/System.err( 3079): 	at com.kingroot.hook.binder.BinderProxyBase.onTransact(SourceFile:34)
08-03 17:32:00.625 W/System.err( 3079): 	at android.os.Binder.execTransact(Binder.java:404)
08-03 17:32:00.625 W/System.err( 3079): 	at dalvik.system.NativeStart.run(Native Method)
08-03 17:32:00.625 W/System.err( 3079): java.lang.IllegalArgumentException: Unknown package: com.dianxinos.superuser
08-03 17:32:00.625 W/System.err( 3079): 	at com.android.server.pm.Settings.getApplicationEnabledSettingLPr(Settings.java:2873)
08-03 17:32:00.625 W/System.err( 3079): 	at com.android.server.pm.PackageManagerService.getApplicationEnabledSetting(PackageManagerService.java:10917)
08-03 17:32:00.625 W/System.err( 3079): 	at android.content.pm.IPackageManager$Stub.onTransact(IPackageManager.java:1081)
08-03 17:32:00.625 W/System.err( 3079): 	at com.android.server.pm.PackageManagerService.onTransact(PackageManagerService.java:1683)
08-03 17:32:00.625 W/System.err( 3079): 	at huawei.com.android.server.pm.HwPackageManagerService.onTransact(HwPackageManagerService.java:361)
08-03 17:32:00.625 W/System.err( 3079): 	at android.os.Binder.transact(Binder.java:361)
08-03 17:32:00.625 W/System.err( 3079): 	at com.kingroot.hook.binder.BinderProxyBase.onTransact(SourceFile:34)
08-03 17:32:00.625 W/System.err( 3079): 	at android.os.Binder.execTransact(Binder.java:404)
08-03 17:32:00.625 W/System.err( 3079): 	at dalvik.system.NativeStart.run(Native Method)
08-03 17:32:00.625 W/System.err( 3079): java.lang.IllegalArgumentException: Unknown package: com.baidu.easyroot
08-03 17:32:00.625 W/System.err( 3079): 	at com.android.server.pm.Settings.getApplicationEnabledSettingLPr(Settings.java:2873)
08-03 17:32:00.630 W/System.err( 3079): 	at com.android.server.pm.PackageManagerService.getApplicationEnabledSetting(PackageManagerService.java:10917)
08-03 17:32:00.630 W/System.err( 3079): 	at android.content.pm.IPackageManager$Stub.onTransact(IPackageManager.java:1081)
08-03 17:32:00.630 W/System.err( 3079): 	at com.android.server.pm.PackageManagerService.onTransact(PackageManagerService.java:1683)
08-03 17:32:00.630 W/System.err( 3079): 	at huawei.com.android.server.pm.HwPackageManagerService.onTransact(HwPackageManagerService.java:361)
08-03 17:32:00.630 W/System.err( 3079): 	at android.os.Binder.transact(Binder.java:361)
08-03 17:32:00.630 W/System.err( 3079): 	at com.kingroot.hook.binder.BinderProxyBase.onTransact(SourceFile:34)
08-03 17:32:00.630 W/System.err( 3079): 	at android.os.Binder.execTransact(Binder.java:404)
08-03 17:32:00.630 W/System.err( 3079): 	at dalvik.system.NativeStart.run(Native Method)
08-03 17:32:00.630 W/System.err( 3079): java.lang.IllegalArgumentException: Unknown package: com.qihoo.permroot
08-03 17:32:00.630 W/System.err( 3079): 	at com.android.server.pm.Settings.getApplicationEnabledSettingLPr(Settings.java:2873)
08-03 17:32:00.630 W/System.err( 3079): 	at com.android.server.pm.PackageManagerService.getApplicationEnabledSetting(PackageManagerService.java:10917)
08-03 17:32:00.630 W/System.err( 3079): 	at android.content.pm.IPackageManager$Stub.onTransact(IPackageManager.java:1081)
08-03 17:32:00.630 W/System.err( 3079): 	at com.android.server.pm.PackageManagerService.onTransact(PackageManagerService.java:1683)
08-03 17:32:00.630 W/System.err( 3079): 	at huawei.com.android.server.pm.HwPackageManagerService.onTransact(HwPackageManagerService.java:361)
08-03 17:32:00.630 W/System.err( 3079): 	at android.os.Binder.transact(Binder.java:361)
08-03 17:32:00.630 W/System.err( 3079): 	at com.kingroot.hook.binder.BinderProxyBase.onTransact(SourceFile:34)
08-03 17:32:00.630 W/System.err( 3079): 	at android.os.Binder.execTransact(Binder.java:404)
08-03 17:32:00.630 W/System.err( 3079): 	at dalvik.system.NativeStart.run(Native Method)
08-03 17:32:00.630 W/System.err( 3079): java.lang.IllegalArgumentException: Unknown package: com.qihoo.permmgr
08-03 17:32:00.630 W/System.err( 3079): 	at com.android.server.pm.Settings.getApplicationEnabledSettingLPr(Settings.java:2873)
08-03 17:32:00.630 W/System.err( 3079): 	at com.android.server.pm.PackageManagerService.getApplicationEnabledSetting(PackageManagerService.java:10917)
08-03 17:32:00.630 W/System.err( 3079): 	at android.content.pm.IPackageManager$Stub.onTransact(IPackageManager.java:1081)
08-03 17:32:00.630 W/System.err( 3079): 	at com.android.server.pm.PackageManagerService.onTransact(PackageManagerService.java:1683)
08-03 17:32:00.635 W/System.err( 3079): 	at huawei.com.android.server.pm.HwPackageManagerService.onTransact(HwPackageManagerService.java:361)
08-03 17:32:00.635 W/System.err( 3079): 	at android.os.Binder.transact(Binder.java:361)
08-03 17:32:00.635 W/System.err( 3079): 	at com.kingroot.hook.binder.BinderProxyBase.onTransact(SourceFile:34)
08-03 17:32:00.635 W/System.err( 3079): 	at android.os.Binder.execTransact(Binder.java:404)
08-03 17:32:00.635 W/System.err( 3079): 	at dalvik.system.NativeStart.run(Native Method)
08-03 17:32:00.635 W/System.err( 3079): java.lang.IllegalArgumentException: Unknown package: com.qihoo.root
08-03 17:32:00.635 W/System.err( 3079): 	at com.android.server.pm.Settings.getApplicationEnabledSettingLPr(Settings.java:2873)
08-03 17:32:00.635 W/System.err( 3079): 	at com.android.server.pm.PackageManagerService.getApplicationEnabledSetting(PackageManagerService.java:10917)
08-03 17:32:00.635 W/System.err( 3079): 	at android.content.pm.IPackageManager$Stub.onTransact(IPackageManager.java:1081)
08-03 17:32:00.635 W/System.err( 3079): 	at com.android.server.pm.PackageManagerService.onTransact(PackageManagerService.java:1683)
08-03 17:32:00.635 W/System.err( 3079): 	at huawei.com.android.server.pm.HwPackageManagerService.onTransact(HwPackageManagerService.java:361)
08-03 17:32:00.635 W/System.err( 3079): 	at android.os.Binder.transact(Binder.java:361)
08-03 17:32:00.635 W/System.err( 3079): 	at com.kingroot.hook.binder.BinderProxyBase.onTransact(SourceFile:34)
08-03 17:32:00.635 W/System.err( 3079): 	at android.os.Binder.execTransact(Binder.java:404)
08-03 17:32:00.635 W/System.err( 3079): 	at dalvik.system.NativeStart.run(Native Method)
08-03 17:32:00.635 W/System.err( 3079): java.lang.IllegalArgumentException: Unknown package: com.adsafe
08-03 17:32:00.635 W/System.err( 3079): 	at com.android.server.pm.Settings.getApplicationEnabledSettingLPr(Settings.java:2873)
08-03 17:32:00.635 W/System.err( 3079): 	at com.android.server.pm.PackageManagerService.getApplicationEnabledSetting(PackageManagerService.java:10917)
08-03 17:32:00.635 W/System.err( 3079): 	at android.content.pm.IPackageManager$Stub.onTransact(IPackageManager.java:1081)
08-03 17:32:00.635 W/System.err( 3079): 	at com.android.server.pm.PackageManagerService.onTransact(PackageManagerService.java:1683)
08-03 17:32:00.635 W/System.err( 3079): 	at huawei.com.android.server.pm.HwPackageManagerService.onTransact(HwPackageManagerService.java:361)
08-03 17:32:00.635 W/System.err( 3079): 	at android.os.Binder.transact(Binder.java:361)
08-03 17:32:00.635 W/System.err( 3079): 	at com.kingroot.hook.binder.BinderProxyBase.onTransact(SourceFile:34)
08-03 17:32:00.635 W/System.err( 3079): 	at android.os.Binder.execTransact(Binder.java:404)
08-03 17:32:00.635 W/System.err( 3079): 	at dalvik.system.NativeStart.run(Native Method)
08-03 17:32:00.635 W/System.err( 3079): java.lang.IllegalArgumentException: Unknown package: com.sec.android.service.powerManager
08-03 17:32:00.635 W/System.err( 3079): 	at com.android.server.pm.Settings.getApplicationEnabledSettingLPr(Settings.java:2873)
08-03 17:32:00.635 W/System.err( 3079): 	at com.android.server.pm.PackageManagerService.getApplicationEnabledSetting(PackageManagerService.java:10917)
08-03 17:32:00.635 W/System.err( 3079): 	at android.content.pm.IPackageManager$Stub.onTransact(IPackageManager.java:1081)
08-03 17:32:00.635 W/System.err( 3079): 	at com.android.server.pm.PackageManagerService.onTransact(PackageManagerService.java:1683)
08-03 17:32:00.635 W/System.err( 3079): 	at huawei.com.android.server.pm.HwPackageManagerService.onTransact(HwPackageManagerService.java:361)
08-03 17:32:00.635 W/System.err( 3079): 	at android.os.Binder.transact(Binder.java:361)
08-03 17:32:00.635 W/System.err( 3079): 	at com.kingroot.hook.binder.BinderProxyBase.onTransact(SourceFile:34)
08-03 17:32:00.635 W/System.err( 3079): 	at android.os.Binder.execTransact(Binder.java:404)
08-03 17:32:00.640 W/System.err( 3079): 	at dalvik.system.NativeStart.run(Native Method)
08-03 17:32:00.640 W/System.err( 3079): java.lang.IllegalArgumentException: Unknown package: eu.chainfire.supersu
08-03 17:32:00.640 W/System.err( 3079): 	at com.android.server.pm.Settings.getApplicationEnabledSettingLPr(Settings.java:2873)
08-03 17:32:00.640 W/System.err( 3079): 	at com.android.server.pm.PackageManagerService.getApplicationEnabledSetting(PackageManagerService.java:10917)
08-03 17:32:00.640 W/System.err( 3079): 	at android.content.pm.IPackageManager$Stub.onTransact(IPackageManager.java:1081)
08-03 17:32:00.640 W/System.err( 3079): 	at com.android.server.pm.PackageManagerService.onTransact(PackageManagerService.java:1683)
08-03 17:32:00.640 W/System.err( 3079): 	at huawei.com.android.server.pm.HwPackageManagerService.onTransact(HwPackageManagerService.java:361)
08-03 17:32:00.640 W/System.err( 3079): 	at android.os.Binder.transact(Binder.java:361)
08-03 17:32:00.640 W/System.err( 3079): 	at com.kingroot.hook.binder.BinderProxyBase.onTransact(SourceFile:34)
08-03 17:32:00.640 W/System.err( 3079): 	at android.os.Binder.execTransact(Binder.java:404)
08-03 17:32:00.640 W/System.err( 3079): 	at dalvik.system.NativeStart.run(Native Method)
08-03 17:32:00.640 W/System.err( 3079): java.lang.IllegalArgumentException: Unknown package: com.master.root
08-03 17:32:00.640 W/System.err( 3079): 	at com.android.server.pm.Settings.getApplicationEnabledSettingLPr(Settings.java:2873)
08-03 17:32:00.640 W/System.err( 3079): 	at com.android.server.pm.PackageManagerService.getApplicationEnabledSetting(PackageManagerService.java:10917)
08-03 17:32:00.640 W/System.err( 3079): 	at android.content.pm.IPackageManager$Stub.onTransact(IPackageManager.java:1081)
08-03 17:32:00.640 W/System.err( 3079): 	at com.android.server.pm.PackageManagerService.onTransact(PackageManagerService.java:1683)
08-03 17:32:00.640 W/System.err( 3079): 	at huawei.com.android.server.pm.HwPackageManagerService.onTransact(HwPackageManagerService.java:361)
08-03 17:32:00.640 W/System.err( 3079): 	at android.os.Binder.transact(Binder.java:361)
08-03 17:32:00.640 W/System.err( 3079): 	at com.kingroot.hook.binder.BinderProxyBase.onTransact(SourceFile:34)
08-03 17:32:00.640 W/System.err( 3079): 	at android.os.Binder.execTransact(Binder.java:404)
08-03 17:32:00.640 W/System.err( 3079): 	at dalvik.system.NativeStart.run(Native Method)
08-03 17:32:00.640 W/System.err( 3079): java.lang.IllegalArgumentException: Unknown package: com.tommy.superuser
08-03 17:32:00.640 W/System.err( 3079): 	at com.android.server.pm.Settings.getApplicationEnabledSettingLPr(Settings.java:2873)
08-03 17:32:00.640 W/System.err( 3079): 	at com.android.server.pm.PackageManagerService.getApplicationEnabledSetting(PackageManagerService.java:10917)
08-03 17:32:00.640 W/System.err( 3079): 	at android.content.pm.IPackageManager$Stub.onTransact(IPackageManager.java:1081)
08-03 17:32:00.640 W/System.err( 3079): 	at com.android.server.pm.PackageManagerService.onTransact(PackageManagerService.java:1683)
08-03 17:32:00.640 W/System.err( 3079): 	at huawei.com.android.server.pm.HwPackageManagerService.onTransact(HwPackageManagerService.java:361)
08-03 17:32:00.640 W/System.err( 3079): 	at android.os.Binder.transact(Binder.java:361)
08-03 17:32:00.640 W/System.err( 3079): 	at com.kingroot.hook.binder.BinderProxyBase.onTransact(SourceFile:34)
08-03 17:32:00.640 W/System.err( 3079): 	at android.os.Binder.execTransact(Binder.java:404)
08-03 17:32:00.640 W/System.err( 3079): 	at dalvik.system.NativeStart.run(Native Method)
08-03 17:32:00.645 W/System.err( 3079): java.lang.IllegalArgumentException: Unknown package: com.zhiqupk.root
08-03 17:32:00.645 W/System.err( 3350): org.json.JSONException: Value <!DOCTYPE of type java.lang.String cannot be converted to JSONObject
08-03 17:32:00.645 W/System.err( 3350): 	at org.json.JSON.typeMismatch(JSON.java:111)
08-03 17:32:00.645 W/System.err( 3079): 	at com.android.server.pm.Settings.getApplicationEnabledSettingLPr(Settings.java:2873)
08-03 17:32:00.645 W/System.err( 3350): 	at org.json.JSONObject.<init>(JSONObject.java:159)
08-03 17:32:00.645 W/System.err( 3079): 	at com.android.server.pm.PackageManagerService.getApplicationEnabledSetting(PackageManagerService.java:10917)
08-03 17:32:00.645 W/System.err( 3350): 	at org.json.JSONObject.<init>(JSONObject.java:172)
08-03 17:32:00.645 W/System.err( 3079): 	at android.content.pm.IPackageManager$Stub.onTransact(IPackageManager.java:1081)
08-03 17:32:00.645 W/System.err( 3350): 	at com.baidu.location.BDLocation.<init>(Unknown Source)
08-03 17:32:00.645 W/System.err( 3079): 	at com.android.server.pm.PackageManagerService.onTransact(PackageManagerService.java:1683)
08-03 17:32:00.645 W/System.err( 3350): 	at com.baidu.location.H$a.a(Unknown Source)
08-03 17:32:00.645 W/System.err( 3350): 	at com.baidu.location.z.run(Unknown Source)
08-03 17:32:00.645 W/System.err( 3079): 	at huawei.com.android.server.pm.HwPackageManagerService.onTransact(HwPackageManagerService.java:361)
08-03 17:32:00.645 W/System.err( 3079): 	at android.os.Binder.transact(Binder.java:361)
08-03 17:32:00.645 W/System.err( 3079): 	at com.kingroot.hook.binder.BinderProxyBase.onTransact(SourceFile:34)
08-03 17:32:00.645 W/System.err( 3079): 	at android.os.Binder.execTransact(Binder.java:404)
08-03 17:32:00.645 W/System.err( 3079): 	at dalvik.system.NativeStart.run(Native Method)
08-03 17:32:00.645 E/NLP     ( 3350): result:[location failed], reason:[location type is0]
08-03 17:32:00.645 W/System.err( 3079): java.lang.IllegalArgumentException: Unknown package: com.mgyun.superuser
08-03 17:32:00.645 W/BaiduNetworkLocationProvider1( 3350): reported location is null or locType is 0
08-03 17:32:00.645 W/System.err( 3079): 	at com.android.server.pm.Settings.getApplicationEnabledSettingLPr(Settings.java:2873)
08-03 17:32:00.645 W/System.err( 3079): 	at com.android.server.pm.PackageManagerService.getApplicationEnabledSetting(PackageManagerService.java:10917)
08-03 17:32:00.645 W/System.err( 3079): 	at android.content.pm.IPackageManager$Stub.onTransact(IPackageManager.java:1081)
08-03 17:32:00.645 W/System.err( 3079): 	at com.android.server.pm.PackageManagerService.onTransact(PackageManagerService.java:1683)
08-03 17:32:00.645 W/System.err( 3079): 	at huawei.com.android.server.pm.HwPackageManagerService.onTransact(HwPackageManagerService.java:361)
08-03 17:32:00.645 W/System.err( 3079): 	at android.os.Binder.transact(Binder.java:361)
08-03 17:32:00.645 W/System.err( 3079): 	at com.kingroot.hook.binder.BinderProxyBase.onTransact(SourceFile:34)
08-03 17:32:00.645 W/System.err( 3079): 	at android.os.Binder.execTransact(Binder.java:404)
08-03 17:32:00.645 W/System.err( 3079): 	at dalvik.system.NativeStart.run(Native Method)
08-03 17:32:00.645 W/System.err( 3079): java.lang.IllegalArgumentException: Unknown package: com.mgyun.shua.su
08-03 17:32:00.645 W/System.err( 3079): 	at com.android.server.pm.Settings.getApplicationEnabledSettingLPr(Settings.java:2873)
08-03 17:32:00.645 W/System.err( 3079): 	at com.android.server.pm.PackageManagerService.getApplicationEnabledSetting(PackageManagerService.java:10917)
08-03 17:32:00.645 W/System.err( 3079): 	at android.content.pm.IPackageManager$Stub.onTransact(IPackageManager.java:1081)
08-03 17:32:00.645 W/System.err( 3079): 	at com.android.server.pm.PackageManagerService.onTransact(PackageManagerService.java:1683)
08-03 17:32:00.645 W/System.err( 3079): 	at huawei.com.android.server.pm.HwPackageManagerService.onTransact(HwPackageManagerService.java:361)
08-03 17:32:00.645 W/System.err( 3079): 	at android.os.Binder.transact(Binder.java:361)
08-03 17:32:00.645 W/System.err( 3079): 	at com.kingroot.hook.binder.BinderProxyBase.onTransact(SourceFile:34)
08-03 17:32:00.645 W/System.err( 3079): 	at android.os.Binder.execTransact(Binder.java:404)
08-03 17:32:00.645 W/System.err( 3079): 	at dalvik.system.NativeStart.run(Native Method)
08-03 17:32:00.650 W/System.err( 3079): java.lang.IllegalArgumentException: Unknown package: com.mgyun.rootmaster
08-03 17:32:00.650 W/System.err( 3956): org.json.JSONException: Value <!DOCTYPE of type java.lang.String cannot be converted to JSONObject
08-03 17:32:00.650 W/System.err( 3079): 	at com.android.server.pm.Settings.getApplicationEnabledSettingLPr(Settings.java:2873)
08-03 17:32:00.650 W/System.err( 3079): 	at com.android.server.pm.PackageManagerService.getApplicationEnabledSetting(PackageManagerService.java:10917)
08-03 17:32:00.650 W/System.err( 3956): 	at org.json.JSON.typeMismatch(JSON.java:111)
08-03 17:32:00.650 W/System.err( 3079): 	at android.content.pm.IPackageManager$Stub.onTransact(IPackageManager.java:1081)
08-03 17:32:00.650 W/System.err( 3956): 	at org.json.JSONObject.<init>(JSONObject.java:159)
08-03 17:32:00.650 W/System.err( 3079): 	at com.android.server.pm.PackageManagerService.onTransact(PackageManagerService.java:1683)
08-03 17:32:00.650 W/System.err( 3956): 	at org.json.JSONObject.<init>(JSONObject.java:172)
08-03 17:32:00.650 W/System.err( 3079): 	at huawei.com.android.server.pm.HwPackageManagerService.onTransact(HwPackageManagerService.java:361)
08-03 17:32:00.650 W/System.err( 3956): 	at com.baidu.location.BDLocation.<init>(Unknown Source)
08-03 17:32:00.650 W/System.err( 3079): 	at android.os.Binder.transact(Binder.java:361)
08-03 17:32:00.650 W/System.err( 3956): 	at com.baidu.location.LocationClient.for(Unknown Source)
08-03 17:32:00.650 W/System.err( 3079): 	at com.kingroot.hook.binder.BinderProxyBase.onTransact(SourceFile:34)
08-03 17:32:00.650 W/System.err( 3956): 	at com.baidu.location.LocationClient.int(Unknown Source)
08-03 17:32:00.650 W/System.err( 3079): 	at android.os.Binder.execTransact(Binder.java:404)
08-03 17:32:00.650 W/System.err( 3956): 	at com.baidu.location.LocationClient$a.handleMessage(Unknown Source)
08-03 17:32:00.650 W/System.err( 3079): 	at dalvik.system.NativeStart.run(Native Method)
08-03 17:32:00.650 W/System.err( 3956): 	at android.os.Handler.dispatchMessage(Handler.java:102)
08-03 17:32:00.650 W/System.err( 3956): 	at android.os.Looper.loop(Looper.java:136)
08-03 17:32:00.650 W/System.err( 3956): 	at android.app.ActivityThread.main(ActivityThread.java:5314)
08-03 17:32:00.650 W/System.err( 3956): 	at java.lang.reflect.Method.invokeNative(Native Method)
08-03 17:32:00.650 W/System.err( 3956): 	at java.lang.reflect.Method.invoke(Method.java:515)
08-03 17:32:00.650 W/System.err( 3956): 	at com.android.internal.os.ZygoteInit$MethodAndArgsCaller.run(ZygoteInit.java:864)
08-03 17:32:00.650 W/System.err( 3956): 	at com.android.internal.os.ZygoteInit.main(ZygoteInit.java:680)
08-03 17:32:00.650 W/System.err( 3956): 	at dalvik.system.NativeStart.main(Native Method)
08-03 17:32:00.650 W/System.err( 3079): java.lang.IllegalArgumentException: Unknown package: com.iroot
08-03 17:32:00.650 W/System.err( 3079): 	at com.android.server.pm.Settings.getApplicationEnabledSettingLPr(Settings.java:2873)
08-03 17:32:00.650 W/System.err( 3079): 	at com.android.server.pm.PackageManagerService.getApplicationEnabledSetting(PackageManagerService.java:10917)
08-03 17:32:00.650 W/System.err( 3079): 	at android.content.pm.IPackageManager$Stub.onTransact(IPackageManager.java:1081)
08-03 17:32:00.650 W/System.err( 3079): 	at com.android.server.pm.PackageManagerService.onTransact(PackageManagerService.java:1683)
08-03 17:32:00.650 W/System.err( 3079): 	at huawei.com.android.server.pm.HwPackageManagerService.onTransact(HwPackageManagerService.java:361)
08-03 17:32:00.650 W/System.err( 3079): 	at android.os.Binder.transact(Binder.java:361)
08-03 17:32:00.650 W/System.err( 3079): 	at com.kingroot.hook.binder.BinderProxyBase.onTransact(SourceFile:34)
08-03 17:32:00.650 W/System.err( 3079): 	at android.os.Binder.execTransact(Binder.java:404)
08-03 17:32:00.650 W/System.err( 3079): 	at dalvik.system.NativeStart.run(Native Method)
08-03 17:32:00.655 W/System.err( 3956): org.json.JSONException: Value <!DOCTYPE of type java.lang.String cannot be converted to JSONObject
08-03 17:32:00.655 W/System.err( 3079): java.lang.IllegalArgumentException: Unknown package: com.lbe.security.su
08-03 17:32:00.655 W/System.err( 3956): 	at org.json.JSON.typeMismatch(JSON.java:111)
08-03 17:32:00.655 W/System.err( 3079): 	at com.android.server.pm.Settings.getApplicationEnabledSettingLPr(Settings.java:2873)
08-03 17:32:00.655 W/System.err( 3079): 	at com.android.server.pm.PackageManagerService.getApplicationEnabledSetting(PackageManagerService.java:10917)
08-03 17:32:00.655 W/System.err( 3956): 	at org.json.JSONObject.<init>(JSONObject.java:159)
08-03 17:32:00.655 W/System.err( 3079): 	at android.content.pm.IPackageManager$Stub.onTransact(IPackageManager.java:1081)
08-03 17:32:00.655 W/System.err( 3956): 	at org.json.JSONObject.<init>(JSONObject.java:172)
08-03 17:32:00.655 W/System.err( 3956): 	at com.baidu.location.BDLocation.<init>(Unknown Source)
08-03 17:32:00.655 W/System.err( 3079): 	at com.android.server.pm.PackageManagerService.onTransact(PackageManagerService.java:1683)
08-03 17:32:00.655 W/System.err( 3956): 	at com.baidu.location.LocationClient.a(Unknown Source)
08-03 17:32:00.655 W/System.err( 3079): 	at huawei.com.android.server.pm.HwPackageManagerService.onTransact(HwPackageManagerService.java:361)
08-03 17:32:00.655 W/System.err( 3956): 	at com.baidu.location.LocationClient.a(Unknown Source)
08-03 17:32:00.655 W/System.err( 3079): 	at android.os.Binder.transact(Binder.java:361)
08-03 17:32:00.655 W/System.err( 3956): 	at com.baidu.location.LocationClient$a.handleMessage(Unknown Source)
08-03 17:32:00.655 W/System.err( 3079): 	at com.kingroot.hook.binder.BinderProxyBase.onTransact(SourceFile:34)
08-03 17:32:00.655 W/System.err( 3956): 	at android.os.Handler.dispatchMessage(Handler.java:102)
08-03 17:32:00.655 W/System.err( 3079): 	at android.os.Binder.execTransact(Binder.java:404)
08-03 17:32:00.655 W/System.err( 3956): 	at android.os.Looper.loop(Looper.java:136)
08-03 17:32:00.655 W/System.err( 3956): 	at android.app.ActivityThread.main(ActivityThread.java:5314)
08-03 17:32:00.655 W/System.err( 3079): 	at dalvik.system.NativeStart.run(Native Method)
08-03 17:32:00.655 W/System.err( 3956): 	at java.lang.reflect.Method.invokeNative(Native Method)
08-03 17:32:00.655 W/System.err( 3956): 	at java.lang.reflect.Method.invoke(Method.java:515)
08-03 17:32:00.655 W/System.err( 3956): 	at com.android.internal.os.ZygoteInit$MethodAndArgsCaller.run(ZygoteInit.java:864)
08-03 17:32:00.655 W/System.err( 3956): 	at com.android.internal.os.ZygoteInit.main(ZygoteInit.java:680)
08-03 17:32:00.655 W/System.err( 3956): 	at dalvik.system.NativeStart.main(Native Method)
08-03 17:32:00.655 W/System.err( 3079): java.lang.IllegalArgumentException: Unknown package: com.lbe.security.shuame
08-03 17:32:00.655 W/System.err( 3079): 	at com.android.server.pm.Settings.getApplicationEnabledSettingLPr(Settings.java:2873)
08-03 17:32:00.655 W/System.err( 3079): 	at com.android.server.pm.PackageManagerService.getApplicationEnabledSetting(PackageManagerService.java:10917)
08-03 17:32:00.655 W/System.err( 3079): 	at android.content.pm.IPackageManager$Stub.onTransact(IPackageManager.java:1081)
08-03 17:32:00.655 W/System.err( 3079): 	at com.android.server.pm.PackageManagerService.onTransact(PackageManagerService.java:1683)
08-03 17:32:00.655 W/System.err( 3079): 	at huawei.com.android.server.pm.HwPackageManagerService.onTransact(HwPackageManagerService.java:361)
08-03 17:32:00.655 W/System.err( 3079): 	at android.os.Binder.transact(Binder.java:361)
08-03 17:32:00.655 W/System.err( 3079): 	at com.kingroot.hook.binder.BinderProxyBase.onTransact(SourceFile:34)
08-03 17:32:00.655 W/System.err( 3079): 	at android.os.Binder.execTransact(Binder.java:404)
08-03 17:32:00.655 W/System.err( 3079): 	at dalvik.system.NativeStart.run(Native Method)
08-03 17:32:00.655 W/System.err( 3079): java.lang.IllegalArgumentException: Unknown package: com.sdfloat.netraffic
08-03 17:32:00.655 W/System.err( 3079): 	at com.android.server.pm.Settings.getApplicationEnabledSettingLPr(Settings.java:2873)
08-03 17:32:00.655 W/System.err( 3079): 	at com.android.server.pm.PackageManagerService.getApplicationEnabledSetting(PackageManagerService.java:10917)
08-03 17:32:00.655 W/System.err( 3079): 	at android.content.pm.IPackageManager$Stub.onTransact(IPackageManager.java:1081)
08-03 17:32:00.655 W/System.err( 3079): 	at com.android.server.pm.PackageManagerService.onTransact(PackageManagerService.java:1683)
08-03 17:32:00.655 W/System.err( 3079): 	at huawei.com.android.server.pm.HwPackageManagerService.onTransact(HwPackageManagerService.java:361)
08-03 17:32:00.655 W/System.err( 3079): 	at android.os.Binder.transact(Binder.java:361)
08-03 17:32:00.655 W/System.err( 3079): 	at com.kingroot.hook.binder.BinderProxyBase.onTransact(SourceFile:34)
08-03 17:32:00.655 W/System.err( 3079): 	at android.os.Binder.execTransact(Binder.java:404)
08-03 17:32:00.655 W/System.err( 3079): 	at dalvik.system.NativeStart.run(Native Method)
08-03 17:32:00.660 W/System.err( 3079): java.lang.IllegalArgumentException: Unknown package: android.atools.bootstartsetting
08-03 17:32:00.660 W/System.err( 3079): 	at com.android.server.pm.Settings.getApplicationEnabledSettingLPr(Settings.java:2873)
08-03 17:32:00.660 W/System.err( 3079): 	at com.android.server.pm.PackageManagerService.getApplicationEnabledSetting(PackageManagerService.java:10917)
08-03 17:32:00.660 W/System.err( 3079): 	at android.content.pm.IPackageManager$Stub.onTransact(IPackageManager.java:1081)
08-03 17:32:00.660 W/System.err( 3079): 	at com.android.server.pm.PackageManagerService.onTransact(PackageManagerService.java:1683)
08-03 17:32:00.660 W/System.err( 3079): 	at huawei.com.android.server.pm.HwPackageManagerService.onTransact(HwPackageManagerService.java:361)
08-03 17:32:00.660 W/System.err( 3079): 	at android.os.Binder.transact(Binder.java:361)
08-03 17:32:00.660 W/System.err( 3079): 	at com.kingroot.hook.binder.BinderProxyBase.onTransact(SourceFile:34)
08-03 17:32:00.660 W/System.err( 3079): 	at android.os.Binder.execTransact(Binder.java:404)
08-03 17:32:00.660 W/System.err( 3079): 	at dalvik.system.NativeStart.run(Native Method)
08-03 17:32:00.660 W/System.err( 3079): java.lang.IllegalArgumentException: Unknown package: com.android.update
08-03 17:32:00.660 W/System.err( 3079): 	at com.android.server.pm.Settings.getApplicationEnabledSettingLPr(Settings.java:2873)
08-03 17:32:00.660 W/System.err( 3079): 	at com.android.server.pm.PackageManagerService.getApplicationEnabledSetting(PackageManagerService.java:10917)
08-03 17:32:00.660 W/System.err( 3079): 	at android.content.pm.IPackageManager$Stub.onTransact(IPackageManager.java:1081)
08-03 17:32:00.660 W/System.err( 3079): 	at com.android.server.pm.PackageManagerService.onTransact(PackageManagerService.java:1683)
08-03 17:32:00.660 W/System.err( 3079): 	at huawei.com.android.server.pm.HwPackageManagerService.onTransact(HwPackageManagerService.java:361)
08-03 17:32:00.660 W/System.err( 3079): 	at android.os.Binder.transact(Binder.java:361)
08-03 17:32:00.660 W/System.err( 3079): 	at com.kingroot.hook.binder.BinderProxyBase.onTransact(SourceFile:34)
08-03 17:32:00.660 W/System.err( 3079): 	at android.os.Binder.execTransact(Binder.java:404)
08-03 17:32:00.660 W/System.err( 3079): 	at dalvik.system.NativeStart.run(Native Method)
08-03 17:32:00.660 W/System.err( 3079): java.lang.IllegalArgumentException: Unknown package: com.atools.nettraffic
08-03 17:32:00.660 W/System.err( 3079): 	at com.android.server.pm.Settings.getApplicationEnabledSettingLPr(Settings.java:2873)
08-03 17:32:00.660 W/System.err( 3079): 	at com.android.server.pm.PackageManagerService.getApplicationEnabledSetting(PackageManagerService.java:10917)
08-03 17:32:00.660 W/System.err( 3079): 	at android.content.pm.IPackageManager$Stub.onTransact(IPackageManager.java:1081)
08-03 17:32:00.660 W/System.err( 3079): 	at com.android.server.pm.PackageManagerService.onTransact(PackageManagerService.java:1683)
08-03 17:32:00.660 W/System.err( 3079): 	at huawei.com.android.server.pm.HwPackageManagerService.onTransact(HwPackageManagerService.java:361)
08-03 17:32:00.660 W/System.err( 3079): 	at android.os.Binder.transact(Binder.java:361)
08-03 17:32:00.660 W/System.err( 3079): 	at com.kingroot.hook.binder.BinderProxyBase.onTransact(SourceFile:34)
08-03 17:32:00.660 W/System.err( 3079): 	at android.os.Binder.execTransact(Binder.java:404)
08-03 17:32:00.660 W/System.err( 3079): 	at dalvik.system.NativeStart.run(Native Method)
08-03 17:32:00.660 W/System.err( 3079): java.lang.IllegalArgumentException: Unknown package: com.batteryiconmod.atools.battery
08-03 17:32:00.660 W/System.err( 3079): 	at com.android.server.pm.Settings.getApplicationEnabledSettingLPr(Settings.java:2873)
08-03 17:32:00.660 W/System.err( 3079): 	at com.android.server.pm.PackageManagerService.getApplicationEnabledSetting(PackageManagerService.java:10917)
08-03 17:32:00.660 W/System.err( 3079): 	at android.content.pm.IPackageManager$Stub.onTransact(IPackageManager.java:1081)
08-03 17:32:00.660 W/System.err( 3079): 	at com.android.server.pm.PackageManagerService.onTransact(PackageManagerService.java:1683)
08-03 17:32:00.660 W/System.err( 3079): 	at huawei.com.android.server.pm.HwPackageManagerService.onTransact(HwPackageManagerService.java:361)
08-03 17:32:00.660 W/System.err( 3079): 	at android.os.Binder.transact(Binder.java:361)
08-03 17:32:00.660 W/System.err( 3079): 	at com.kingroot.hook.binder.BinderProxyBase.onTransact(SourceFile:34)
08-03 17:32:00.660 W/System.err( 3079): 	at android.os.Binder.execTransact(Binder.java:404)
08-03 17:32:00.660 W/System.err( 3079): 	at dalvik.system.NativeStart.run(Native Method)
08-03 17:32:00.660 W/System.err( 3079): java.lang.IllegalArgumentException: Unknown package: com.bwx.bequick
08-03 17:32:00.660 W/System.err( 3079): 	at com.android.server.pm.Settings.getApplicationEnabledSettingLPr(Settings.java:2873)
08-03 17:32:00.665 W/System.err( 3079): 	at com.android.server.pm.PackageManagerService.getApplicationEnabledSetting(PackageManagerService.java:10917)
08-03 17:32:00.665 W/System.err( 3079): 	at android.content.pm.IPackageManager$Stub.onTransact(IPackageManager.java:1081)
08-03 17:32:00.665 W/System.err( 3079): 	at com.android.server.pm.PackageManagerService.onTransact(PackageManagerService.java:1683)
08-03 17:32:00.665 W/System.err( 3079): 	at huawei.com.android.server.pm.HwPackageManagerService.onTransact(HwPackageManagerService.java:361)
08-03 17:32:00.665 W/System.err( 3079): 	at android.os.Binder.transact(Binder.java:361)
08-03 17:32:00.665 W/System.err( 3079): 	at com.kingroot.hook.binder.BinderProxyBase.onTransact(SourceFile:34)
08-03 17:32:00.665 W/System.err( 3079): 	at android.os.Binder.execTransact(Binder.java:404)
08-03 17:32:00.665 W/System.err( 3079): 	at dalvik.system.NativeStart.run(Native Method)
08-03 17:32:00.665 W/System.err( 3079): java.lang.IllegalArgumentException: Unknown package: com.catsw.FontMgr
08-03 17:32:00.665 W/System.err( 3079): 	at com.android.server.pm.Settings.getApplicationEnabledSettingLPr(Settings.java:2873)
08-03 17:32:00.665 W/System.err( 3079): 	at com.android.server.pm.PackageManagerService.getApplicationEnabledSetting(PackageManagerService.java:10917)
08-03 17:32:00.665 W/System.err( 3079): 	at android.content.pm.IPackageManager$Stub.onTransact(IPackageManager.java:1081)
08-03 17:32:00.665 W/System.err( 3079): 	at com.android.server.pm.PackageManagerService.onTransact(PackageManagerService.java:1683)
08-03 17:32:00.665 W/System.err( 3079): 	at huawei.com.android.server.pm.HwPackageManagerService.onTransact(HwPackageManagerService.java:361)
08-03 17:32:00.665 W/System.err( 3079): 	at android.os.Binder.transact(Binder.java:361)
08-03 17:32:00.665 W/System.err( 3079): 	at com.kingroot.hook.binder.BinderProxyBase.onTransact(SourceFile:34)
08-03 17:32:00.665 W/System.err( 3079): 	at android.os.Binder.execTransact(Binder.java:404)
08-03 17:32:00.665 W/System.err( 3079): 	at dalvik.system.NativeStart.run(Native Method)
08-03 17:32:00.665 W/System.err( 3079): java.lang.IllegalArgumentException: Unknown package: com.evilsunflower.reader.evilGuigu
08-03 17:32:00.665 W/System.err( 3079): 	at com.android.server.pm.Settings.getApplicationEnabledSettingLPr(Settings.java:2873)
08-03 17:32:00.665 W/System.err( 3079): 	at com.android.server.pm.PackageManagerService.getApplicationEnabledSetting(PackageManagerService.java:10917)
08-03 17:32:00.665 W/System.err( 3079): 	at android.content.pm.IPackageManager$Stub.onTransact(IPackageManager.java:1081)
08-03 17:32:00.665 W/System.err( 3079): 	at com.android.server.pm.PackageManagerService.onTransact(PackageManagerService.java:1683)
08-03 17:32:00.665 W/System.err( 3079): 	at huawei.com.android.server.pm.HwPackageManagerService.onTransact(HwPackageManagerService.java:361)
08-03 17:32:00.665 W/System.err( 3079): 	at android.os.Binder.transact(Binder.java:361)
08-03 17:32:00.665 W/System.err( 3079): 	at com.kingroot.hook.binder.BinderProxyBase.onTransact(SourceFile:34)
08-03 17:32:00.665 W/System.err( 3079): 	at android.os.Binder.execTransact(Binder.java:404)
08-03 17:32:00.665 W/System.err( 3079): 	at dalvik.system.NativeStart.run(Native Method)
08-03 17:32:00.665 W/System.err( 3079): java.lang.IllegalArgumentException: Unknown package: com.evilsunflower.reader.evilZenyang16
08-03 17:32:00.665 W/System.err( 3079): 	at com.android.server.pm.Settings.getApplicationEnabledSettingLPr(Settings.java:2873)
08-03 17:32:00.665 W/System.err( 3079): 	at com.android.server.pm.PackageManagerService.getApplicationEnabledSetting(PackageManagerService.java:10917)
08-03 17:32:00.665 W/System.err( 3079): 	at android.content.pm.IPackageManager$Stub.onTransact(IPackageManager.java:1081)
08-03 17:32:00.665 W/System.err( 3079): 	at com.android.server.pm.PackageManagerService.onTransact(PackageManagerService.java:1683)
08-03 17:32:00.665 W/System.err( 3079): 	at huawei.com.android.server.pm.HwPackageManagerService.onTransact(HwPackageManagerService.java:361)
08-03 17:32:00.665 W/System.err( 3079): 	at android.os.Binder.transact(Binder.java:361)
08-03 17:32:00.665 W/System.err( 3079): 	at com.kingroot.hook.binder.BinderProxyBase.onTransact(SourceFile:34)
08-03 17:32:00.665 W/System.err( 3079): 	at android.os.Binder.execTransact(Binder.java:404)
08-03 17:32:00.665 W/System.err( 3079): 	at dalvik.system.NativeStart.run(Native Method)
08-03 17:32:00.665 W/System.err( 3079): java.lang.IllegalArgumentException: Unknown package: com.google.android.downand
08-03 17:32:00.665 W/System.err( 3079): 	at com.android.server.pm.Settings.getApplicationEnabledSettingLPr(Settings.java:2873)
08-03 17:32:00.665 W/System.err( 3079): 	at com.android.server.pm.PackageManagerService.getApplicationEnabledSetting(PackageManagerService.java:10917)
08-03 17:32:00.665 W/System.err( 3079): 	at android.content.pm.IPackageManager$Stub.onTransact(IPackageManager.java:1081)
08-03 17:32:00.665 W/System.err( 3079): 	at com.android.server.pm.PackageManagerService.onTransact(PackageManagerService.java:1683)
08-03 17:32:00.665 W/System.err( 3079): 	at huawei.com.android.server.pm.HwPackageManagerService.onTransact(HwPackageManagerService.java:361)
08-03 17:32:00.665 W/System.err( 3079): 	at android.os.Binder.transact(Binder.java:361)
08-03 17:32:00.665 W/System.err( 3079): 	at com.kingroot.hook.binder.BinderProxyBase.onTransact(SourceFile:34)
08-03 17:32:00.665 W/System.err( 3079): 	at android.os.Binder.execTransact(Binder.java:404)
08-03 17:32:00.665 W/System.err( 3079): 	at dalvik.system.NativeStart.run(Native Method)
08-03 17:32:00.665 W/System.err( 3079): java.lang.IllegalArgumentException: Unknown package: com.google.android.smart
08-03 17:32:00.665 W/System.err( 3079): 	at com.android.server.pm.Settings.getApplicationEnabledSettingLPr(Settings.java:2873)
08-03 17:32:00.665 W/System.err( 3079): 	at com.android.server.pm.PackageManagerService.getApplicationEnabledSetting(PackageManagerService.java:10917)
08-03 17:32:00.665 W/System.err( 3079): 	at android.content.pm.IPackageManager$Stub.onTransact(IPackageManager.java:1081)
08-03 17:32:00.665 W/System.err( 3079): 	at com.android.server.pm.PackageManagerService.onTransact(PackageManagerService.java:1683)
08-03 17:32:00.670 W/System.err( 3079): 	at huawei.com.android.server.pm.HwPackageManagerService.onTransact(HwPackageManagerService.java:361)
08-03 17:32:00.670 W/System.err( 3079): 	at android.os.Binder.transact(Binder.java:361)
08-03 17:32:00.670 W/System.err( 3079): 	at com.kingroot.hook.binder.BinderProxyBase.onTransact(SourceFile:34)
08-03 17:32:00.670 W/System.err( 3079): 	at android.os.Binder.execTransact(Binder.java:404)
08-03 17:32:00.670 W/System.err( 3079): 	at dalvik.system.NativeStart.run(Native Method)
08-03 17:32:00.670 W/System.err( 3079): java.lang.IllegalArgumentException: Unknown package: com.qihoo360.mobilesafe_mtk6573
08-03 17:32:00.670 W/System.err( 3079): 	at com.android.server.pm.Settings.getApplicationEnabledSettingLPr(Settings.java:2873)
08-03 17:32:00.670 W/System.err( 3079): 	at com.android.server.pm.PackageManagerService.getApplicationEnabledSetting(PackageManagerService.java:10917)
08-03 17:32:00.670 W/System.err( 3079): 	at android.content.pm.IPackageManager$Stub.onTransact(IPackageManager.java:1081)
08-03 17:32:00.670 W/System.err( 3079): 	at com.android.server.pm.PackageManagerService.onTransact(PackageManagerService.java:1683)
08-03 17:32:00.670 W/System.err( 3079): 	at huawei.com.android.server.pm.HwPackageManagerService.onTransact(HwPackageManagerService.java:361)
08-03 17:32:00.670 W/System.err( 3079): 	at android.os.Binder.transact(Binder.java:361)
08-03 17:32:00.670 W/System.err( 3079): 	at com.kingroot.hook.binder.BinderProxyBase.onTransact(SourceFile:34)
08-03 17:32:00.670 W/System.err( 3079): 	at android.os.Binder.execTransact(Binder.java:404)
08-03 17:32:00.670 W/System.err( 3079): 	at dalvik.system.NativeStart.run(Native Method)
08-03 17:32:00.670 W/System.err( 3079): java.lang.IllegalArgumentException: Unknown package: com.qihoo360.mobilesafe_mobilepad
08-03 17:32:00.670 W/System.err( 3079): 	at com.android.server.pm.Settings.getApplicationEnabledSettingLPr(Settings.java:2873)
08-03 17:32:00.670 W/System.err( 3079): 	at com.android.server.pm.PackageManagerService.getApplicationEnabledSetting(PackageManagerService.java:10917)
08-03 17:32:00.670 W/System.err( 3079): 	at android.content.pm.IPackageManager$Stub.onTransact(IPackageManager.java:1081)
08-03 17:32:00.670 W/System.err( 3079): 	at com.android.server.pm.PackageManagerService.onTransact(PackageManagerService.java:1683)
08-03 17:32:00.670 W/System.err( 3079): 	at huawei.com.android.server.pm.HwPackageManagerService.onTransact(HwPackageManagerService.java:361)
08-03 17:32:00.670 W/System.err( 3079): 	at android.os.Binder.transact(Binder.java:361)
08-03 17:32:00.670 W/System.err( 3079): 	at com.kingroot.hook.binder.BinderProxyBase.onTransact(SourceFile:34)
08-03 17:32:00.670 W/System.err( 3079): 	at android.os.Binder.execTransact(Binder.java:404)
08-03 17:32:00.670 W/System.err( 3079): 	at dalvik.system.NativeStart.run(Native Method)
08-03 17:32:00.670 W/System.err( 3079): java.lang.IllegalArgumentException: Unknown package: com.qihoo360.mobilesafe_meizu
08-03 17:32:00.670 W/System.err( 3079): 	at com.android.server.pm.Settings.getApplicationEnabledSettingLPr(Settings.java:2873)
08-03 17:32:00.670 W/System.err( 3079): 	at com.android.server.pm.PackageManagerService.getApplicationEnabledSetting(PackageManagerService.java:10917)
08-03 17:32:00.670 W/System.err( 3079): 	at android.content.pm.IPackageManager$Stub.onTransact(IPackageManager.java:1081)
08-03 17:32:00.670 W/System.err( 3079): 	at com.android.server.pm.PackageManagerService.onTransact(PackageManagerService.java:1683)
08-03 17:32:00.670 W/System.err( 3079): 	at huawei.com.android.server.pm.HwPackageManagerService.onTransact(HwPackageManagerService.java:361)
08-03 17:32:00.670 W/System.err( 3079): 	at android.os.Binder.transact(Binder.java:361)
08-03 17:32:00.670 W/System.err( 3079): 	at com.kingroot.hook.binder.BinderProxyBase.onTransact(SourceFile:34)
08-03 17:32:00.670 W/System.err( 3079): 	at android.os.Binder.execTransact(Binder.java:404)
08-03 17:32:00.670 W/System.err( 3079): 	at dalvik.system.NativeStart.run(Native Method)
08-03 17:32:00.670 W/System.err( 3079): java.lang.IllegalArgumentException: Unknown package: com.qihoo360.mobilesafe_lite
08-03 17:32:00.670 W/System.err( 3079): 	at com.android.server.pm.Settings.getApplicationEnabledSettingLPr(Settings.java:2873)
08-03 17:32:00.670 W/System.err( 3079): 	at com.android.server.pm.PackageManagerService.getApplicationEnabledSetting(PackageManagerService.java:10917)
08-03 17:32:00.670 W/System.err( 3079): 	at android.content.pm.IPackageManager$Stub.onTransact(IPackageManager.java:1081)
08-03 17:32:00.670 W/System.err( 3079): 	at com.android.server.pm.PackageManagerService.onTransact(PackageManagerService.java:1683)
08-03 17:32:00.670 W/System.err( 3079): 	at huawei.com.android.server.pm.HwPackageManagerService.onTransact(HwPackageManagerService.java:361)
08-03 17:32:00.670 W/System.err( 3079): 	at android.os.Binder.transact(Binder.java:361)
08-03 17:32:00.670 W/System.err( 3079): 	at com.kingroot.hook.binder.BinderProxyBase.onTransact(SourceFile:34)
08-03 17:32:00.670 W/System.err( 3079): 	at android.os.Binder.execTransact(Binder.java:404)
08-03 17:32:00.670 W/System.err( 3079): 	at dalvik.system.NativeStart.run(Native Method)
08-03 17:32:00.670 W/System.err( 3079): java.lang.IllegalArgumentException: Unknown package: com.qihoo360.mobilesafe.opti.powerctl
08-03 17:32:00.670 W/System.err( 3079): 	at com.android.server.pm.Settings.getApplicationEnabledSettingLPr(Settings.java:2873)
08-03 17:32:00.670 W/System.err( 3079): 	at com.android.server.pm.PackageManagerService.getApplicationEnabledSetting(PackageManagerService.java:10917)
08-03 17:32:00.670 W/System.err( 3079): 	at android.content.pm.IPackageManager$Stub.onTransact(IPackageManager.java:1081)
08-03 17:32:00.670 W/System.err( 3079): 	at com.android.server.pm.PackageManagerService.onTransact(PackageManagerService.java:1683)
08-03 17:32:00.670 W/System.err( 3079): 	at huawei.com.android.server.pm.HwPackageManagerService.onTransact(HwPackageManagerService.java:361)
08-03 17:32:00.670 W/System.err( 3079): 	at android.os.Binder.transact(Binder.java:361)
08-03 17:32:00.675 W/System.err( 3079): 	at com.kingroot.hook.binder.BinderProxyBase.onTransact(SourceFile:34)
08-03 17:32:00.675 W/System.err( 3079): 	at android.os.Binder.execTransact(Binder.java:404)
08-03 17:32:00.675 W/System.err( 3079): 	at dalvik.system.NativeStart.run(Native Method)
08-03 17:32:00.675 W/System.err( 3079): java.lang.IllegalArgumentException: Unknown package: com.qihoo360.mobilesafe.opti
08-03 17:32:00.675 W/System.err( 3079): 	at com.android.server.pm.Settings.getApplicationEnabledSettingLPr(Settings.java:2873)
08-03 17:32:00.675 W/System.err( 3079): 	at com.android.server.pm.PackageManagerService.getApplicationEnabledSetting(PackageManagerService.java:10917)
08-03 17:32:00.675 W/System.err( 3079): 	at android.content.pm.IPackageManager$Stub.onTransact(IPackageManager.java:1081)
08-03 17:32:00.675 W/System.err( 3079): 	at com.android.server.pm.PackageManagerService.onTransact(PackageManagerService.java:1683)
08-03 17:32:00.675 W/System.err( 3079): 	at huawei.com.android.server.pm.HwPackageManagerService.onTransact(HwPackageManagerService.java:361)
08-03 17:32:00.675 W/System.err( 3079): 	at android.os.Binder.transact(Binder.java:361)
08-03 17:32:00.675 W/System.err( 3079): 	at com.kingroot.hook.binder.BinderProxyBase.onTransact(SourceFile:34)
08-03 17:32:00.675 W/System.err( 3079): 	at android.os.Binder.execTransact(Binder.java:404)
08-03 17:32:00.675 W/System.err( 3079): 	at dalvik.system.NativeStart.run(Native Method)
08-03 17:32:00.675 W/System.err( 3079): java.lang.IllegalArgumentException: Unknown package: com.qihoo360.mobilesafe
08-03 17:32:00.675 W/System.err( 3079): 	at com.android.server.pm.Settings.getApplicationEnabledSettingLPr(Settings.java:2873)
08-03 17:32:00.675 W/System.err( 3079): 	at com.android.server.pm.PackageManagerService.getApplicationEnabledSetting(PackageManagerService.java:10917)
08-03 17:32:00.675 W/System.err( 3079): 	at android.content.pm.IPackageManager$Stub.onTransact(IPackageManager.java:1081)
08-03 17:32:00.675 W/System.err( 3079): 	at com.android.server.pm.PackageManagerService.onTransact(PackageManagerService.java:1683)
08-03 17:32:00.675 W/System.err( 3079): 	at huawei.com.android.server.pm.HwPackageManagerService.onTransact(HwPackageManagerService.java:361)
08-03 17:32:00.675 W/System.err( 3079): 	at android.os.Binder.transact(Binder.java:361)
08-03 17:32:00.675 W/System.err( 3079): 	at com.kingroot.hook.binder.BinderProxyBase.onTransact(SourceFile:34)
08-03 17:32:00.675 W/System.err( 3079): 	at android.os.Binder.execTransact(Binder.java:404)
08-03 17:32:00.675 W/System.err( 3079): 	at dalvik.system.NativeStart.run(Native Method)
08-03 17:32:00.675 W/System.err( 3079): java.lang.IllegalArgumentException: Unknown package: com.qihoo360.launcher
08-03 17:32:00.675 W/System.err( 3079): 	at com.android.server.pm.Settings.getApplicationEnabledSettingLPr(Settings.java:2873)
08-03 17:32:00.675 W/System.err( 3079): 	at com.android.server.pm.PackageManagerService.getApplicationEnabledSetting(PackageManagerService.java:10917)
08-03 17:32:00.675 W/System.err( 3079): 	at android.content.pm.IPackageManager$Stub.onTransact(IPackageManager.java:1081)
08-03 17:32:00.675 W/System.err( 3079): 	at com.android.server.pm.PackageManagerService.onTransact(PackageManagerService.java:1683)
08-03 17:32:00.675 W/System.err( 3079): 	at huawei.com.android.server.pm.HwPackageManagerService.onTransact(HwPackageManagerService.java:361)
08-03 17:32:00.675 W/System.err( 3079): 	at android.os.Binder.transact(Binder.java:361)
08-03 17:32:00.675 W/System.err( 3079): 	at com.kingroot.hook.binder.BinderProxyBase.onTransact(SourceFile:34)
08-03 17:32:00.675 W/System.err( 3079): 	at android.os.Binder.execTransact(Binder.java:404)
08-03 17:32:00.675 W/System.err( 3079): 	at dalvik.system.NativeStart.run(Native Method)
08-03 17:32:00.675 W/System.err( 3079): java.lang.IllegalArgumentException: Unknown package: com.qihoo360.contacts
08-03 17:32:00.675 W/System.err( 3079): 	at com.android.server.pm.Settings.getApplicationEnabledSettingLPr(Settings.java:2873)
08-03 17:32:00.675 W/System.err( 3079): 	at com.android.server.pm.PackageManagerService.getApplicationEnabledSetting(PackageManagerService.java:10917)
08-03 17:32:00.675 W/System.err( 3079): 	at android.content.pm.IPackageManager$Stub.onTransact(IPackageManager.java:1081)
08-03 17:32:00.675 W/System.err( 3079): 	at com.android.server.pm.PackageManagerService.onTransact(PackageManagerService.java:1683)
08-03 17:32:00.675 W/System.err( 3079): 	at huawei.com.android.server.pm.HwPackageManagerService.onTransact(HwPackageManagerService.java:361)
08-03 17:32:00.675 W/System.err( 3079): 	at android.os.Binder.transact(Binder.java:361)
08-03 17:32:00.675 W/System.err( 3079): 	at com.kingroot.hook.binder.BinderProxyBase.onTransact(SourceFile:34)
