08-08 14:16:30.175 W/System.err( 3061): 	at dalvik.system.NativeStart.run(Native Method)
08-08 14:16:30.175 W/System.err( 3061): java.lang.IllegalArgumentException: Unknown package: com.sec.android.service.powerManager
08-08 14:16:30.175 W/System.err( 3061): 	at java.lang.IllegalArgumentException: Unknown package: com.qihoo.permroot
08-08 14:16:30.175 W/System.err( 3061): com.android.server.pm.Settings.getApplicationEnabledSettingLPr(Settings.java:2873)
08-08 14:16:30.175 W/System.err( 3061): 	at com.android.server.pm.PackageManagerService.getApplicationEnabledSetting(PackageManagerService.java:10917)
08-08 14:16:30.175 W/System.err( 3061): 	at android.content.pm.IPackageManager$Stub.onTransact(IPackageManager.java:1081)
08-08 14:16:30.175 W/System.err( 3061): 	at com.android.server.pm.PackageManagerService.onTransact(PackageManagerService.java:1683)
08-08 14:16:30.175 W/System.err( 3061): 	at huawei.com.android.server.pm.HwPackageManagerService.onTransact(HwPackageManagerService.java:361)
08-08 14:16:30.175 W/System.err( 3061): 	at 	at android.os.Binder.transact(Binder.java:361)
08-08 14:16:30.175 W/System.err( 3061): 	at com.android.server.pm.Settings.getApplicationEnabledSettingLPr(Settings.java:2873)com.kingroot.hook.binder.BinderProxyBase.onTransact(SourceFile:34)
08-08 14:16:30.175 W/System.err( 3061): 	at 
08-08 14:16:30.175 W/System.err( 3061): android.os.Binder.execTransact(Binder.java:404)
08-08 14:16:30.175 W/System.err( 3061): 	at 	at dalvik.system.NativeStart.run(Native Method)
08-08 14:16:30.175 W/System.err( 3061): com.android.server.pm.PackageManagerService.getApplicationEnabledSetting(PackageManagerService.java:10917)
08-08 14:16:30.175 W/System.err( 3061): 	at android.content.pm.IPackageManager$Stub.onTransact(IPackageManager.java:1081)
08-08 14:16:30.175 W/System.err( 3061): 	at com.android.server.pm.PackageManagerService.onTransact(PackageManagerService.java:1683)
08-08 14:16:30.175 W/System.err( 3061): 	at huawei.com.android.server.pm.HwPackageManagerService.onTransact(HwPackageManagerService.java:361)
08-08 14:16:30.175 W/System.err( 3061): 	at android.os.Binder.transact(Binder.java:361)
08-08 14:16:30.175 W/System.err( 3061): 	at com.kingroot.hook.binder.BinderProxyBase.onTransact(SourceFile:34)
08-08 14:16:30.175 W/System.err( 3061): java.lang.IllegalArgumentException: Unknown package: eu.chainfire.supersu
08-08 14:16:30.175 W/System.err( 3061): 	at android.os.Binder.execTransact(Binder.java:404)
08-08 14:16:30.175 W/System.err( 3061): 	at dalvik.system.NativeStart.run(Native Method)
08-08 14:16:30.175 W/System.err( 3061): 	at com.android.server.pm.Settings.getApplicationEnabledSettingLPr(Settings.java:2873)
08-08 14:16:30.175 W/System.err( 3061): 	at com.android.server.pm.PackageManagerService.getApplicationEnabledSetting(PackageManagerService.java:10917)
08-08 14:16:30.175 W/System.err( 3061): 	at android.content.pm.IPackageManager$Stub.onTransact(IPackageManager.java:1081)
08-08 14:16:30.175 W/System.err( 3061): 	at java.lang.IllegalArgumentException: Unknown package: com.qihoo.permmgr
08-08 14:16:30.175 W/System.err( 3061): com.android.server.pm.PackageManagerService.onTransact(PackageManagerService.java:1683)
08-08 14:16:30.175 W/System.err( 3061): 	at huawei.com.android.server.pm.HwPackageManagerService.onTransact(HwPackageManagerService.java:361)
08-08 14:16:30.175 W/System.err( 3061): 	at android.os.Binder.transact(Binder.java:361)
08-08 14:16:30.175 W/System.err( 3061): 	at com.kingroot.hook.binder.BinderProxyBase.onTransact(SourceFile:34)
08-08 14:16:30.175 W/System.err( 3061): 	at android.os.Binder.execTransact(Binder.java:404)
08-08 14:16:30.175 W/System.err( 3061): 	at dalvik.system.NativeStart.run(Native Method)
08-08 14:16:30.175 W/System.err( 3061): 	at com.android.server.pm.Settings.getApplicationEnabledSettingLPr(Settings.java:2873)
08-08 14:16:30.175 W/System.err( 3061): 	at com.android.server.pm.PackageManagerService.getApplicationEnabledSetting(PackageManagerService.java:10917)
08-08 14:16:30.175 W/System.err( 3061): 	at android.content.pm.IPackageManager$Stub.onTransact(IPackageManager.java:1081)
08-08 14:16:30.175 W/System.err( 3061): 	at com.android.server.pm.PackageManagerService.onTransact(PackageManagerService.java:1683)
08-08 14:16:30.175 W/System.err( 3061): 	at huawei.com.android.server.pm.HwPackageManagerService.onTransact(HwPackageManagerService.java:361)java.lang.IllegalArgumentException: Unknown package: com.master.root
08-08 14:16:30.175 W/System.err( 3061): 	at android.os.Binder.transact(Binder.java:361)
08-08 14:16:30.175 W/System.err( 3061): 	at com.kingroot.hook.binder.BinderProxyBase.onTransact(SourceFile:34)
08-08 14:16:30.175 W/System.err( 3061): 	at android.os.Binder.execTransact(Binder.java:404)
08-08 14:16:30.175 W/System.err( 3061): 	at dalvik.system.NativeStart.run(Native Method)
08-08 14:16:30.175 W/System.err( 3061): 	at com.android.server.pm.Settings.getApplicationEnabledSettingLPr(Settings.java:2873)
08-08 14:16:30.175 W/System.err( 3061): 	at com.android.server.pm.PackageManagerService.getApplicationEnabledSetting(PackageManagerService.java:10917)
08-08 14:16:30.175 W/System.err( 3061): 	at android.content.pm.IPackageManager$Stub.onTransact(IPackageManager.java:1081)
08-08 14:16:30.175 W/System.err( 3061): 	at com.android.server.pm.PackageManagerService.onTransact(PackageManagerService.java:1683)
08-08 14:16:30.175 W/System.err( 3061): 	at huawei.com.android.server.pm.HwPackageManagerService.onTransact(HwPackageManagerService.java:361)
08-08 14:16:30.175 W/System.err( 3061): 	at android.os.Binder.transact(Binder.java:361)
08-08 14:16:30.175 W/System.err( 3061): 	at com.kingroot.hook.binder.BinderProxyBase.onTransact(SourceFile:34)
08-08 14:16:30.175 W/System.err( 3061): 	at java.lang.IllegalArgumentException: Unknown package: com.qihoo.root
08-08 14:16:30.175 W/System.err( 3061): android.os.Binder.execTransact(Binder.java:404)
08-08 14:16:30.175 W/System.err( 3061): 	at dalvik.system.NativeStart.run(Native Method)
08-08 14:16:30.175 W/System.err( 3061): 	at com.android.server.pm.Settings.getApplicationEnabledSettingLPr(Settings.java:2873)
08-08 14:16:30.175 W/System.err( 3061): 	at com.android.server.pm.PackageManagerService.getApplicationEnabledSetting(PackageManagerService.java:10917)
08-08 14:16:30.175 W/System.err( 3061): java.lang.IllegalArgumentException: Unknown package: com.tommy.superuser
08-08 14:16:30.175 W/System.err( 3061): 	at android.content.pm.IPackageManager$Stub.onTransact(IPackageManager.java:1081)
08-08 14:16:30.175 W/System.err( 3061): 	at com.android.server.pm.PackageManagerService.onTransact(PackageManagerService.java:1683)
08-08 14:16:30.175 W/System.err( 3061): 	at huawei.com.android.server.pm.HwPackageManagerService.onTransact(HwPackageManagerService.java:361)
08-08 14:16:30.175 W/System.err( 3061): 	at 	at android.os.Binder.transact(Binder.java:361)
08-08 14:16:30.175 W/System.err( 3061): 	at com.android.server.pm.Settings.getApplicationEnabledSettingLPr(Settings.java:2873)com.kingroot.hook.binder.BinderProxyBase.onTransact(SourceFile:34)
08-08 14:16:30.175 W/System.err( 3061): 	at 
08-08 14:16:30.175 W/System.err( 3061): 	at android.os.Binder.execTransact(Binder.java:404)
08-08 14:16:30.175 W/System.err( 3061): 	at com.android.server.pm.PackageManagerService.getApplicationEnabledSetting(PackageManagerService.java:10917)dalvik.system.NativeStart.run(Native Method)
08-08 14:16:30.175 W/System.err( 3061): 	at android.content.pm.IPackageManager$Stub.onTransact(IPackageManager.java:1081)
08-08 14:16:30.180 W/System.err( 3061): 	at com.android.server.pm.PackageManagerService.onTransact(PackageManagerService.java:1683)
08-08 14:16:30.180 W/System.err( 3061): 	at huawei.com.android.server.pm.HwPackageManagerService.onTransact(HwPackageManagerService.java:361)
08-08 14:16:30.180 W/System.err( 3061): 	at android.os.Binder.transact(Binder.java:361)
08-08 14:16:30.180 W/System.err( 3061): 	at com.kingroot.hook.binder.BinderProxyBase.onTransact(SourceFile:34)
08-08 14:16:30.180 W/System.err( 3061): 	at android.os.Binder.execTransact(Binder.java:404)
08-08 14:16:30.180 W/System.err( 3061): 	at java.lang.IllegalArgumentException: Unknown package: com.adsafe
08-08 14:16:30.180 W/System.err( 3061): dalvik.system.NativeStart.run(Native Method)
08-08 14:16:30.180 W/System.err( 3061): 	at com.android.server.pm.Settings.getApplicationEnabledSettingLPr(Settings.java:2873)
08-08 14:16:30.180 W/System.err( 3061): 	at com.android.server.pm.PackageManagerService.getApplicationEnabledSetting(PackageManagerService.java:10917)
08-08 14:16:30.180 W/System.err( 3061): 	at java.lang.IllegalArgumentException: Unknown package: com.zhiqupk.root
08-08 14:16:30.180 W/System.err( 3061): android.content.pm.IPackageManager$Stub.onTransact(IPackageManager.java:1081)
08-08 14:16:30.180 W/System.err( 3061): 	at com.android.server.pm.PackageManagerService.onTransact(PackageManagerService.java:1683)
08-08 14:16:30.180 W/System.err( 3061): 	at huawei.com.android.server.pm.HwPackageManagerService.onTransact(HwPackageManagerService.java:361)
08-08 14:16:30.180 W/System.err( 3061): 	at android.os.Binder.transact(Binder.java:361)
08-08 14:16:30.180 W/System.err( 3061): 	at 	at com.kingroot.hook.binder.BinderProxyBase.onTransact(SourceFile:34)
08-08 14:16:30.180 W/System.err( 3061): 	at com.android.server.pm.Settings.getApplicationEnabledSettingLPr(Settings.java:2873)
08-08 14:16:30.180 W/System.err( 3061): 	at android.os.Binder.execTransact(Binder.java:404)
08-08 14:16:30.180 W/System.err( 3061): 	at com.android.server.pm.PackageManagerService.getApplicationEnabledSetting(PackageManagerService.java:10917)
08-08 14:16:30.180 W/System.err( 3061): 	at dalvik.system.NativeStart.run(Native Method)
08-08 14:16:30.180 W/System.err( 3061): android.content.pm.IPackageManager$Stub.onTransact(IPackageManager.java:1081)
08-08 14:16:30.180 W/System.err( 3061): 	at com.android.server.pm.PackageManagerService.onTransact(PackageManagerService.java:1683)
08-08 14:16:30.180 W/System.err( 3061): 	at huawei.com.android.server.pm.HwPackageManagerService.onTransact(HwPackageManagerService.java:361)
08-08 14:16:30.180 W/System.err( 3061): 	at android.os.Binder.transact(Binder.java:361)
08-08 14:16:30.180 W/System.err( 3061): 	at com.kingroot.hook.binder.BinderProxyBase.onTransact(SourceFile:34)
08-08 14:16:30.180 W/System.err( 3061): 	at android.os.Binder.execTransact(Binder.java:404)
08-08 14:16:30.180 W/System.err( 3061): 	at dalvik.system.NativeStart.run(Native Method)
08-08 14:16:30.180 W/System.err( 3061): java.lang.IllegalArgumentException: Unknown package: com.sec.android.service.powerManager
08-08 14:16:30.180 W/System.err( 3061): 	at com.android.server.pm.Settings.getApplicationEnabledSettingLPr(Settings.java:2873)
08-08 14:16:30.180 W/System.err( 3061): 	at com.android.server.pm.PackageManagerService.getApplicationEnabledSetting(PackageManagerService.java:10917)
08-08 14:16:30.180 W/System.err( 3061): 	at java.lang.IllegalArgumentException: Unknown package: com.mgyun.superuser
08-08 14:16:30.180 W/System.err( 3061): android.content.pm.IPackageManager$Stub.onTransact(IPackageManager.java:1081)
08-08 14:16:30.180 W/System.err( 3061): 	at com.android.server.pm.PackageManagerService.onTransact(PackageManagerService.java:1683)
08-08 14:16:30.180 W/System.err( 3061): 	at huawei.com.android.server.pm.HwPackageManagerService.onTransact(HwPackageManagerService.java:361)
08-08 14:16:30.180 W/System.err( 3061): 	at android.os.Binder.transact(Binder.java:361)
08-08 14:16:30.180 W/System.err( 3061): 	at com.kingroot.hook.binder.BinderProxyBase.onTransact(SourceFile:34)
08-08 14:16:30.180 W/System.err( 3061): 	at android.os.Binder.execTransact(Binder.java:404)
08-08 14:16:30.180 W/System.err( 3061): 	at dalvik.system.NativeStart.run(Native Method)
08-08 14:16:30.180 W/System.err( 3061): 	at com.android.server.pm.Settings.getApplicationEnabledSettingLPr(Settings.java:2873)
08-08 14:16:30.180 W/System.err( 3061): 	at com.android.server.pm.PackageManagerService.getApplicationEnabledSetting(PackageManagerService.java:10917)
08-08 14:16:30.180 W/System.err( 3061): 	at android.content.pm.IPackageManager$Stub.onTransact(IPackageManager.java:1081)
08-08 14:16:30.180 W/System.err( 3061): 	at com.android.server.pm.PackageManagerService.onTransact(PackageManagerService.java:1683)
08-08 14:16:30.180 W/System.err( 3061): 	at huawei.com.android.server.pm.HwPackageManagerService.onTransact(HwPackageManagerService.java:361)
08-08 14:16:30.180 W/System.err( 3061): 	at android.os.Binder.transact(Binder.java:361)
08-08 14:16:30.180 W/System.err( 3061): 	at com.kingroot.hook.binder.BinderProxyBase.onTransact(SourceFile:34)
08-08 14:16:30.180 W/System.err( 3061): java.lang.IllegalArgumentException: Unknown package: eu.chainfire.supersu
08-08 14:16:30.180 W/System.err( 3061): 	at android.os.Binder.execTransact(Binder.java:404)
08-08 14:16:30.180 W/System.err( 3061): 	at dalvik.system.NativeStart.run(Native Method)
08-08 14:16:30.180 W/System.err( 3061): 	at com.android.server.pm.Settings.getApplicationEnabledSettingLPr(Settings.java:2873)
08-08 14:16:30.180 W/System.err( 3061): 	at com.android.server.pm.PackageManagerService.getApplicationEnabledSetting(PackageManagerService.java:10917)
08-08 14:16:30.180 W/System.err( 3061): 	at android.content.pm.IPackageManager$Stub.onTransact(IPackageManager.java:1081)
08-08 14:16:30.180 W/System.err( 3061): java.lang.IllegalArgumentException: Unknown package: com.mgyun.shua.su
08-08 14:16:30.180 W/System.err( 3061): 	at com.android.server.pm.PackageManagerService.onTransact(PackageManagerService.java:1683)
08-08 14:16:30.180 W/System.err( 3061): 	at huawei.com.android.server.pm.HwPackageManagerService.onTransact(HwPackageManagerService.java:361)
08-08 14:16:30.180 W/System.err( 3061): 	at android.os.Binder.transact(Binder.java:361)
08-08 14:16:30.180 W/System.err( 3061): 	at 	at com.kingroot.hook.binder.BinderProxyBase.onTransact(SourceFile:34)
08-08 14:16:30.180 W/System.err( 3061): 	at com.android.server.pm.Settings.getApplicationEnabledSettingLPr(Settings.java:2873)
08-08 14:16:30.180 W/System.err( 3061): 	at android.os.Binder.execTransact(Binder.java:404)
08-08 14:16:30.180 W/System.err( 3061): 	at com.android.server.pm.PackageManagerService.getApplicationEnabledSetting(PackageManagerService.java:10917)dalvik.system.NativeStart.run(Native Method)
08-08 14:16:30.180 W/System.err( 3061): 	at android.content.pm.IPackageManager$Stub.onTransact(IPackageManager.java:1081)
08-08 14:16:30.180 W/System.err( 3061): 	at com.android.server.pm.PackageManagerService.onTransact(PackageManagerService.java:1683)
08-08 14:16:30.180 W/System.err( 3061): 	at huawei.com.android.server.pm.HwPackageManagerService.onTransact(HwPackageManagerService.java:361)
08-08 14:16:30.180 W/System.err( 3061): 	at android.os.Binder.transact(Binder.java:361)
08-08 14:16:30.180 W/System.err( 3061): 	at com.kingroot.hook.binder.BinderProxyBase.onTransact(SourceFile:34)
08-08 14:16:30.180 W/System.err( 3061): 	at java.lang.IllegalArgumentException: Unknown package: com.master.root
08-08 14:16:30.180 W/System.err( 3061): android.os.Binder.execTransact(Binder.java:404)
08-08 14:16:30.180 W/System.err( 3061): 	at dalvik.system.NativeStart.run(Native Method)
08-08 14:16:30.180 W/System.err( 3061): 	at com.android.server.pm.Settings.getApplicationEnabledSettingLPr(Settings.java:2873)
08-08 14:16:30.180 W/System.err( 3061): 	at com.android.server.pm.PackageManagerService.getApplicationEnabledSetting(PackageManagerService.java:10917)
08-08 14:16:30.180 W/System.err( 3061): 	at android.content.pm.IPackageManager$Stub.onTransact(IPackageManager.java:1081)
08-08 14:16:30.185 W/System.err( 3061): java.lang.IllegalArgumentException: Unknown package: com.mgyun.rootmaster	at 
08-08 14:16:30.185 W/System.err( 3061): com.android.server.pm.PackageManagerService.onTransact(PackageManagerService.java:1683)
08-08 14:16:30.185 W/System.err( 3061): 	at huawei.com.android.server.pm.HwPackageManagerService.onTransact(HwPackageManagerService.java:361)
08-08 14:16:30.185 W/System.err( 3061): 	at android.os.Binder.transact(Binder.java:361)
08-08 14:16:30.185 W/System.err( 3061): 	at com.kingroot.hook.binder.BinderProxyBase.onTransact(SourceFile:34)
08-08 14:16:30.185 W/System.err( 3061): 	at android.os.Binder.execTransact(Binder.java:404)
08-08 14:16:30.185 W/System.err( 3061): 	at 	at dalvik.system.NativeStart.run(Native Method)
08-08 14:16:30.185 W/System.err( 3061): com.android.server.pm.Settings.getApplicationEnabledSettingLPr(Settings.java:2873)
08-08 14:16:30.185 W/System.err( 3061): 	at com.android.server.pm.PackageManagerService.getApplicationEnabledSetting(PackageManagerService.java:10917)
08-08 14:16:30.185 W/System.err( 3061): 	at android.content.pm.IPackageManager$Stub.onTransact(IPackageManager.java:1081)
08-08 14:16:30.185 W/System.err( 3061): 	at com.android.server.pm.PackageManagerService.onTransact(PackageManagerService.java:1683)
08-08 14:16:30.185 W/System.err( 3061): 	at huawei.com.android.server.pm.HwPackageManagerService.onTransact(HwPackageManagerService.java:361)
08-08 14:16:30.185 W/System.err( 3061): 	at android.os.Binder.transact(Binder.java:361)
08-08 14:16:30.185 W/System.err( 3061): 	at com.kingroot.hook.binder.BinderProxyBase.onTransact(SourceFile:34)
08-08 14:16:30.185 W/System.err( 3061): 	at java.lang.IllegalArgumentException: Unknown package: com.tommy.superuserandroid.os.Binder.execTransact(Binder.java:404)
08-08 14:16:30.185 W/System.err( 3061): 	at 
08-08 14:16:30.185 W/System.err( 3061): dalvik.system.NativeStart.run(Native Method)
08-08 14:16:30.185 W/System.err( 3061): 	at com.android.server.pm.Settings.getApplicationEnabledSettingLPr(Settings.java:2873)
08-08 14:16:30.185 W/System.err( 3061): 	at com.android.server.pm.PackageManagerService.getApplicationEnabledSetting(PackageManagerService.java:10917)
08-08 14:16:30.185 W/System.err( 3061): 	at java.lang.IllegalArgumentException: Unknown package: com.iroot
08-08 14:16:30.185 W/System.err( 3061): android.content.pm.IPackageManager$Stub.onTransact(IPackageManager.java:1081)
08-08 14:16:30.185 W/System.err( 3061): 	at com.android.server.pm.PackageManagerService.onTransact(PackageManagerService.java:1683)
08-08 14:16:30.185 W/System.err( 3061): 	at huawei.com.android.server.pm.HwPackageManagerService.onTransact(HwPackageManagerService.java:361)
08-08 14:16:30.185 W/System.err( 3061): 	at android.os.Binder.transact(Binder.java:361)
08-08 14:16:30.185 W/System.err( 3061): 	at 	at com.kingroot.hook.binder.BinderProxyBase.onTransact(SourceFile:34)
08-08 14:16:30.185 W/System.err( 3061): com.android.server.pm.Settings.getApplicationEnabledSettingLPr(Settings.java:2873)
08-08 14:16:30.185 W/System.err( 3061): 	at com.android.server.pm.PackageManagerService.getApplicationEnabledSetting(PackageManagerService.java:10917)
08-08 14:16:30.185 W/System.err( 3061): 	at android.content.pm.IPackageManager$Stub.onTransact(IPackageManager.java:1081)
08-08 14:16:30.185 W/System.err( 3061): 	at com.android.server.pm.PackageManagerService.onTransact(PackageManagerService.java:1683)
08-08 14:16:30.185 W/System.err( 3061): 	at huawei.com.android.server.pm.HwPackageManagerService.onTransact(HwPackageManagerService.java:361)
08-08 14:16:30.185 W/System.err( 3061): 	at 	at android.os.Binder.transact(Binder.java:361)
08-08 14:16:30.185 W/System.err( 3061): 	at android.os.Binder.execTransact(Binder.java:404)
08-08 14:16:30.185 W/System.err( 3061): 	at com.kingroot.hook.binder.BinderProxyBase.onTransact(SourceFile:34)
08-08 14:16:30.185 W/System.err( 3061): 	at dalvik.system.NativeStart.run(Native Method)
08-08 14:16:30.185 W/System.err( 3061): android.os.Binder.execTransact(Binder.java:404)
08-08 14:16:30.185 W/System.err( 3061): 	at dalvik.system.NativeStart.run(Native Method)
08-08 14:16:30.185 W/System.err( 3061): java.lang.IllegalArgumentException: Unknown package: com.lbe.security.su
08-08 14:16:30.185 W/System.err( 3061): java.lang.IllegalArgumentException: Unknown package: com.zhiqupk.root
08-08 14:16:30.185 W/System.err( 3061): 	at 	at com.android.server.pm.Settings.getApplicationEnabledSettingLPr(Settings.java:2873)
08-08 14:16:30.185 W/System.err( 3061): 	at com.android.server.pm.Settings.getApplicationEnabledSettingLPr(Settings.java:2873)
08-08 14:16:30.185 W/System.err( 3061): 	at com.android.server.pm.PackageManagerService.getApplicationEnabledSetting(PackageManagerService.java:10917)
08-08 14:16:30.185 W/System.err( 3061): com.android.server.pm.PackageManagerService.getApplicationEnabledSetting(PackageManagerService.java:10917)
08-08 14:16:30.185 W/System.err( 3061): 	at 	at android.content.pm.IPackageManager$Stub.onTransact(IPackageManager.java:1081)
08-08 14:16:30.185 W/System.err( 3061): 	at android.content.pm.IPackageManager$Stub.onTransact(IPackageManager.java:1081)
08-08 14:16:30.185 W/System.err( 3061): 	at com.android.server.pm.PackageManagerService.onTransact(PackageManagerService.java:1683)
08-08 14:16:30.185 W/System.err( 3061): 	at com.android.server.pm.PackageManagerService.onTransact(PackageManagerService.java:1683)
08-08 14:16:30.185 W/System.err( 3061): 	at huawei.com.android.server.pm.HwPackageManagerService.onTransact(HwPackageManagerService.java:361)
08-08 14:16:30.185 W/System.err( 3061): 	at huawei.com.android.server.pm.HwPackageManagerService.onTransact(HwPackageManagerService.java:361)
08-08 14:16:30.185 W/System.err( 3061): 	at android.os.Binder.transact(Binder.java:361)
08-08 14:16:30.185 W/System.err( 3061): 	at android.os.Binder.transact(Binder.java:361)
08-08 14:16:30.185 W/System.err( 3061): 	at com.kingroot.hook.binder.BinderProxyBase.onTransact(SourceFile:34)
08-08 14:16:30.185 W/System.err( 3061): 	at com.kingroot.hook.binder.BinderProxyBase.onTransact(SourceFile:34)
08-08 14:16:30.185 W/System.err( 3061): android.os.Binder.execTransact(Binder.java:404)
08-08 14:16:30.185 W/System.err( 3061): 	at 	at dalvik.system.NativeStart.run(Native Method)
08-08 14:16:30.185 W/System.err( 3061): android.os.Binder.execTransact(Binder.java:404)
08-08 14:16:30.185 W/System.err( 3061): 	at dalvik.system.NativeStart.run(Native Method)
08-08 14:16:30.190 W/System.err( 3061): java.lang.IllegalArgumentException: Unknown package: com.mgyun.superuser
08-08 14:16:30.190 W/System.err( 3061): java.lang.IllegalArgumentException: Unknown package: com.lbe.security.shuame
08-08 14:16:30.190 W/System.err( 3061): 	at 	at com.android.server.pm.Settings.getApplicationEnabledSettingLPr(Settings.java:2873)
08-08 14:16:30.190 W/System.err( 3061): 	at com.android.server.pm.Settings.getApplicationEnabledSettingLPr(Settings.java:2873)com.android.server.pm.PackageManagerService.getApplicationEnabledSetting(PackageManagerService.java:10917)
08-08 14:16:30.190 W/System.err( 3061): 	at 
08-08 14:16:30.190 W/System.err( 3061): android.content.pm.IPackageManager$Stub.onTransact(IPackageManager.java:1081)	at 
08-08 14:16:30.190 W/System.err( 3061): 	at com.android.server.pm.PackageManagerService.getApplicationEnabledSetting(PackageManagerService.java:10917)com.android.server.pm.PackageManagerService.onTransact(PackageManagerService.java:1683)
08-08 14:16:30.190 W/System.err( 3061): 	at 
08-08 14:16:30.190 W/System.err( 3061): 	at huawei.com.android.server.pm.HwPackageManagerService.onTransact(HwPackageManagerService.java:361)
08-08 14:16:30.190 W/System.err( 3061): 	at android.content.pm.IPackageManager$Stub.onTransact(IPackageManager.java:1081)
08-08 14:16:30.190 W/System.err( 3061): android.os.Binder.transact(Binder.java:361)
08-08 14:16:30.190 W/System.err( 3061): 	at 	at com.kingroot.hook.binder.BinderProxyBase.onTransact(SourceFile:34)
08-08 14:16:30.190 W/System.err( 3061): 	at com.android.server.pm.PackageManagerService.onTransact(PackageManagerService.java:1683)
08-08 14:16:30.190 W/System.err( 3061): 	at huawei.com.android.server.pm.HwPackageManagerService.onTransact(HwPackageManagerService.java:361)
08-08 14:16:30.190 W/System.err( 3061): 	at android.os.Binder.transact(Binder.java:361)
08-08 14:16:30.190 W/System.err( 3061): 	at com.kingroot.hook.binder.BinderProxyBase.onTransact(SourceFile:34)
08-08 14:16:30.190 W/System.err( 3061): 	at android.os.Binder.execTransact(Binder.java:404)
08-08 14:16:30.190 W/System.err( 3061): 	at dalvik.system.NativeStart.run(Native Method)
08-08 14:16:30.190 W/System.err( 3061): android.os.Binder.execTransact(Binder.java:404)
08-08 14:16:30.190 W/System.err( 3061): 	at dalvik.system.NativeStart.run(Native Method)
08-08 14:16:30.190 W/System.err( 3061): java.lang.IllegalArgumentException: Unknown package: com.sdfloat.netraffic
08-08 14:16:30.190 W/System.err( 3061): java.lang.IllegalArgumentException: Unknown package: com.mgyun.shua.su
08-08 14:16:30.190 W/System.err( 3061): 	at 	at com.android.server.pm.Settings.getApplicationEnabledSettingLPr(Settings.java:2873)
08-08 14:16:30.190 W/System.err( 3061): com.android.server.pm.Settings.getApplicationEnabledSettingLPr(Settings.java:2873)
08-08 14:16:30.190 W/System.err( 3061): 	at 	at com.android.server.pm.PackageManagerService.getApplicationEnabledSetting(PackageManagerService.java:10917)
08-08 14:16:30.190 W/System.err( 3061): com.android.server.pm.PackageManagerService.getApplicationEnabledSetting(PackageManagerService.java:10917)
08-08 14:16:30.190 W/System.err( 3061): 	at 	at android.content.pm.IPackageManager$Stub.onTransact(IPackageManager.java:1081)android.content.pm.IPackageManager$Stub.onTransact(IPackageManager.java:1081)
08-08 14:16:30.190 W/System.err( 3061): 	at 
08-08 14:16:30.190 W/System.err( 3061): 	at com.android.server.pm.PackageManagerService.onTransact(PackageManagerService.java:1683)
08-08 14:16:30.190 W/System.err( 3061): 	at com.android.server.pm.PackageManagerService.onTransact(PackageManagerService.java:1683)
08-08 14:16:30.190 W/System.err( 3061): 	at huawei.com.android.server.pm.HwPackageManagerService.onTransact(HwPackageManagerService.java:361)
08-08 14:16:30.190 W/System.err( 3061): 	at huawei.com.android.server.pm.HwPackageManagerService.onTransact(HwPackageManagerService.java:361)
08-08 14:16:30.190 W/System.err( 3061): 	at android.os.Binder.transact(Binder.java:361)
08-08 14:16:30.190 W/System.err( 3061): 	at android.os.Binder.transact(Binder.java:361)
08-08 14:16:30.190 W/System.err( 3061): 	at com.kingroot.hook.binder.BinderProxyBase.onTransact(SourceFile:34)
08-08 14:16:30.190 W/System.err( 3061): 	at com.kingroot.hook.binder.BinderProxyBase.onTransact(SourceFile:34)
08-08 14:16:30.190 W/System.err( 3061): 	at android.os.Binder.execTransact(Binder.java:404)
08-08 14:16:30.190 W/System.err( 3061): 	at android.os.Binder.execTransact(Binder.java:404)
08-08 14:16:30.190 W/System.err( 3061): 	at dalvik.system.NativeStart.run(Native Method)
08-08 14:16:30.190 W/System.err( 3061): dalvik.system.NativeStart.run(Native Method)
08-08 14:16:30.195 W/System.err( 3061): java.lang.IllegalArgumentException: Unknown package: android.atools.bootstartsetting
08-08 14:16:30.195 W/System.err( 3061): java.lang.IllegalArgumentException: Unknown package: com.mgyun.rootmaster
08-08 14:16:30.195 W/System.err( 3061): 	at 	at com.android.server.pm.Settings.getApplicationEnabledSettingLPr(Settings.java:2873)
08-08 14:16:30.195 W/System.err( 3061): 	at com.android.server.pm.Settings.getApplicationEnabledSettingLPr(Settings.java:2873)com.android.server.pm.PackageManagerService.getApplicationEnabledSetting(PackageManagerService.java:10917)
08-08 14:16:30.195 W/System.err( 3061): 	at 
08-08 14:16:30.195 W/System.err( 3061): 	at com.android.server.pm.PackageManagerService.getApplicationEnabledSetting(PackageManagerService.java:10917)android.content.pm.IPackageManager$Stub.onTransact(IPackageManager.java:1081)
08-08 14:16:30.195 W/System.err( 3061): 	at 
08-08 14:16:30.195 W/System.err( 3061): com.android.server.pm.PackageManagerService.onTransact(PackageManagerService.java:1683)
08-08 14:16:30.195 W/System.err( 3061): 	at 	at huawei.com.android.server.pm.HwPackageManagerService.onTransact(HwPackageManagerService.java:361)
08-08 14:16:30.195 W/System.err( 3061): 	at android.content.pm.IPackageManager$Stub.onTransact(IPackageManager.java:1081)
08-08 14:16:30.195 W/System.err( 3061): 	at android.os.Binder.transact(Binder.java:361)
08-08 14:16:30.195 W/System.err( 3061): 	at com.android.server.pm.PackageManagerService.onTransact(PackageManagerService.java:1683)
08-08 14:16:30.195 W/System.err( 3061): 	at com.kingroot.hook.binder.BinderProxyBase.onTransact(SourceFile:34)
08-08 14:16:30.195 W/System.err( 3061): 	at huawei.com.android.server.pm.HwPackageManagerService.onTransact(HwPackageManagerService.java:361)
08-08 14:16:30.195 W/System.err( 3061): 	at android.os.Binder.execTransact(Binder.java:404)
08-08 14:16:30.195 W/System.err( 3061): 	at android.os.Binder.transact(Binder.java:361)
08-08 14:16:30.195 W/System.err( 3061): 	at dalvik.system.NativeStart.run(Native Method)
08-08 14:16:30.195 W/System.err( 3061): com.kingroot.hook.binder.BinderProxyBase.onTransact(SourceFile:34)
08-08 14:16:30.195 W/System.err( 3061): 	at android.os.Binder.execTransact(Binder.java:404)
08-08 14:16:30.195 W/System.err( 3061): 	at dalvik.system.NativeStart.run(Native Method)
08-08 14:16:30.195 W/System.err( 3061): java.lang.IllegalArgumentException: Unknown package: com.android.update
08-08 14:16:30.195 W/System.err( 3061): java.lang.IllegalArgumentException: Unknown package: com.iroot
08-08 14:16:30.195 W/System.err( 3061): 	at 	at com.android.server.pm.Settings.getApplicationEnabledSettingLPr(Settings.java:2873)com.android.server.pm.Settings.getApplicationEnabledSettingLPr(Settings.java:2873)
08-08 14:16:30.195 W/System.err( 3061): 	at 
08-08 14:16:30.195 W/System.err( 3061): 	at com.android.server.pm.PackageManagerService.getApplicationEnabledSetting(PackageManagerService.java:10917)
08-08 14:16:30.195 W/System.err( 3061): 	at com.android.server.pm.PackageManagerService.getApplicationEnabledSetting(PackageManagerService.java:10917)
08-08 14:16:30.195 W/System.err( 3061): 	at android.content.pm.IPackageManager$Stub.onTransact(IPackageManager.java:1081)
08-08 14:16:30.195 W/System.err( 3061): 	at android.content.pm.IPackageManager$Stub.onTransact(IPackageManager.java:1081)
08-08 14:16:30.195 W/System.err( 3061): 	at com.android.server.pm.PackageManagerService.onTransact(PackageManagerService.java:1683)
08-08 14:16:30.195 W/System.err( 3061): 	at com.android.server.pm.PackageManagerService.onTransact(PackageManagerService.java:1683)
08-08 14:16:30.195 W/System.err( 3061): 	at huawei.com.android.server.pm.HwPackageManagerService.onTransact(HwPackageManagerService.java:361)
08-08 14:16:30.195 W/System.err( 3061): 	at huawei.com.android.server.pm.HwPackageManagerService.onTransact(HwPackageManagerService.java:361)
08-08 14:16:30.195 W/System.err( 3061): 	at android.os.Binder.transact(Binder.java:361)
08-08 14:16:30.195 W/System.err( 3061): 	at android.os.Binder.transact(Binder.java:361)
08-08 14:16:30.195 W/System.err( 3061): 	at com.kingroot.hook.binder.BinderProxyBase.onTransact(SourceFile:34)
08-08 14:16:30.195 W/System.err( 3061): 	at com.kingroot.hook.binder.BinderProxyBase.onTransact(SourceFile:34)
08-08 14:16:30.195 W/System.err( 3061): 	at android.os.Binder.execTransact(Binder.java:404)
08-08 14:16:30.195 W/System.err( 3061): 	at android.os.Binder.execTransact(Binder.java:404)
08-08 14:16:30.195 W/System.err( 3061): dalvik.system.NativeStart.run(Native Method)
08-08 14:16:30.195 W/System.err( 3061): 	at dalvik.system.NativeStart.run(Native Method)
08-08 14:16:30.195 W/System.err( 3061): java.lang.IllegalArgumentException: Unknown package: com.atools.nettraffic
08-08 14:16:30.200 W/System.err( 3061): 	at com.android.server.pm.Settings.getApplicationEnabledSettingLPr(Settings.java:2873)
08-08 14:16:30.200 W/System.err( 3061): 	at com.android.server.pm.PackageManagerService.getApplicationEnabledSetting(PackageManagerService.java:10917)
08-08 14:16:30.200 W/System.err( 3061): 	at android.content.pm.IPackageManager$Stub.onTransact(IPackageManager.java:1081)
08-08 14:16:30.200 W/System.err( 3061): 	at java.lang.IllegalArgumentException: Unknown package: com.lbe.security.su
08-08 14:16:30.200 W/System.err( 3061): com.android.server.pm.PackageManagerService.onTransact(PackageManagerService.java:1683)
08-08 14:16:30.200 W/System.err( 3061): 	at huawei.com.android.server.pm.HwPackageManagerService.onTransact(HwPackageManagerService.java:361)
08-08 14:16:30.200 W/System.err( 3061): 	at android.os.Binder.transact(Binder.java:361)
08-08 14:16:30.200 W/System.err( 3061): 	at com.kingroot.hook.binder.BinderProxyBase.onTransact(SourceFile:34)
08-08 14:16:30.200 W/System.err( 3061): 	at android.os.Binder.execTransact(Binder.java:404)
08-08 14:16:30.200 W/System.err( 3061): 	at dalvik.system.NativeStart.run(Native Method)
08-08 14:16:30.200 W/System.err( 3061): 	at com.android.server.pm.Settings.getApplicationEnabledSettingLPr(Settings.java:2873)
08-08 14:16:30.200 W/System.err( 3061): 	at com.android.server.pm.PackageManagerService.getApplicationEnabledSetting(PackageManagerService.java:10917)
08-08 14:16:30.200 W/System.err( 3061): 	at android.content.pm.IPackageManager$Stub.onTransact(IPackageManager.java:1081)
08-08 14:16:30.200 W/System.err( 3061): 	at com.android.server.pm.PackageManagerService.onTransact(PackageManagerService.java:1683)
08-08 14:16:30.200 W/System.err( 3061): 	at huawei.com.android.server.pm.HwPackageManagerService.onTransact(HwPackageManagerService.java:361)
08-08 14:16:30.200 W/System.err( 3061): 	at android.os.Binder.transact(Binder.java:361)
08-08 14:16:30.200 W/System.err( 3061): 	at com.kingroot.hook.binder.BinderProxyBase.onTransact(SourceFile:34)
08-08 14:16:30.200 W/System.err( 3061): 	at android.os.Binder.execTransact(Binder.java:404)
08-08 14:16:30.200 W/System.err( 3061): 	at dalvik.system.NativeStart.run(Native Method)
08-08 14:16:30.200 W/System.err( 3061): java.lang.IllegalArgumentException: Unknown package: com.batteryiconmod.atools.battery
08-08 14:16:30.200 W/System.err( 3061): 	at com.android.server.pm.Settings.getApplicationEnabledSettingLPr(Settings.java:2873)
08-08 14:16:30.200 W/System.err( 3061): 	at java.lang.IllegalArgumentException: Unknown package: com.lbe.security.shuame
08-08 14:16:30.200 W/System.err( 3061): com.android.server.pm.PackageManagerService.getApplicationEnabledSetting(PackageManagerService.java:10917)
08-08 14:16:30.200 W/System.err( 3061): 	at android.content.pm.IPackageManager$Stub.onTransact(IPackageManager.java:1081)
08-08 14:16:30.200 W/System.err( 3061): 	at com.android.server.pm.PackageManagerService.onTransact(PackageManagerService.java:1683)
08-08 14:16:30.200 W/System.err( 3061): 	at huawei.com.android.server.pm.HwPackageManagerService.onTransact(HwPackageManagerService.java:361)
08-08 14:16:30.200 W/System.err( 3061): 	at android.os.Binder.transact(Binder.java:361)
08-08 14:16:30.200 W/System.err( 3061): 	at 	at com.kingroot.hook.binder.BinderProxyBase.onTransact(SourceFile:34)
08-08 14:16:30.200 W/System.err( 3061): 	at com.android.server.pm.Settings.getApplicationEnabledSettingLPr(Settings.java:2873)
08-08 14:16:30.200 W/System.err( 3061): 	at android.os.Binder.execTransact(Binder.java:404)
08-08 14:16:30.200 W/System.err( 3061): 	at com.android.server.pm.PackageManagerService.getApplicationEnabledSetting(PackageManagerService.java:10917)
08-08 14:16:30.200 W/System.err( 3061): 	at dalvik.system.NativeStart.run(Native Method)
08-08 14:16:30.200 W/System.err( 3895): org.json.JSONException: Value <!DOCTYPE of type java.lang.String cannot be converted to JSONObject
08-08 14:16:30.200 W/System.err( 3061): android.content.pm.IPackageManager$Stub.onTransact(IPackageManager.java:1081)
08-08 14:16:30.200 W/System.err( 3061): 	at com.android.server.pm.PackageManagerService.onTransact(PackageManagerService.java:1683)
08-08 14:16:30.200 W/System.err( 3061): 	at huawei.com.android.server.pm.HwPackageManagerService.onTransact(HwPackageManagerService.java:361)
08-08 14:16:30.200 W/System.err( 3061): 	at android.os.Binder.transact(Binder.java:361)
08-08 14:16:30.200 W/System.err( 3061): 	at com.kingroot.hook.binder.BinderProxyBase.onTransact(SourceFile:34)
08-08 14:16:30.200 W/System.err( 3061): 	at android.os.Binder.execTransact(Binder.java:404)
08-08 14:16:30.200 W/System.err( 3061): 	at dalvik.system.NativeStart.run(Native Method)
08-08 14:16:30.200 W/System.err( 3895): 	at org.json.JSON.typeMismatch(JSON.java:111)
08-08 14:16:30.200 W/System.err( 3895): 	at org.json.JSONObject.<init>(JSONObject.java:159)
08-08 14:16:30.200 W/System.err( 3895): 	at org.json.JSONObject.<init>(JSONObject.java:172)
08-08 14:16:30.200 W/System.err( 3895): 	at com.baidu.location.BDLocation.<init>(Unknown Source)
08-08 14:16:30.200 W/System.err( 3061): java.lang.IllegalArgumentException: Unknown package: com.bwx.bequick
08-08 14:16:30.200 W/System.err( 3895): 	at com.baidu.location.LocationClient.for(Unknown Source)
08-08 14:16:30.200 W/System.err( 3895): 	at com.baidu.location.LocationClient.int(Unknown Source)
08-08 14:16:30.200 W/System.err( 3895): 	at com.baidu.location.LocationClient$a.handleMessage(Unknown Source)
08-08 14:16:30.200 W/System.err( 3895): 	at android.os.Handler.dispatchMessage(Handler.java:102)
08-08 14:16:30.200 W/System.err( 3895): 	at android.os.Looper.loop(Looper.java:136)
08-08 14:16:30.200 W/System.err( 3061): 	at com.android.server.pm.Settings.getApplicationEnabledSettingLPr(Settings.java:2873)
08-08 14:16:30.200 W/System.err( 3895): 	at android.app.ActivityThread.main(ActivityThread.java:5314)
08-08 14:16:30.200 W/System.err( 3895): 	at java.lang.reflect.Method.invokeNative(Native Method)
08-08 14:16:30.200 W/System.err( 3061): 	at com.android.server.pm.PackageManagerService.getApplicationEnabledSetting(PackageManagerService.java:10917)
08-08 14:16:30.200 W/System.err( 3895): 	at java.lang.reflect.Method.invoke(Method.java:515)
08-08 14:16:30.200 W/System.err( 3061): 	at java.lang.IllegalArgumentException: Unknown package: com.sdfloat.netraffic
08-08 14:16:30.200 W/System.err( 3895): 	at com.android.internal.os.ZygoteInit$MethodAndArgsCaller.run(ZygoteInit.java:864)
08-08 14:16:30.200 W/System.err( 3895): 	at com.android.internal.os.ZygoteInit.main(ZygoteInit.java:680)
08-08 14:16:30.200 W/System.err( 3061): android.content.pm.IPackageManager$Stub.onTransact(IPackageManager.java:1081)
08-08 14:16:30.200 W/System.err( 3895): 	at dalvik.system.NativeStart.main(Native Method)
08-08 14:16:30.200 W/System.err( 3061): 	at com.android.server.pm.PackageManagerService.onTransact(PackageManagerService.java:1683)
08-08 14:16:30.200 W/System.err( 3061): 	at huawei.com.android.server.pm.HwPackageManagerService.onTransact(HwPackageManagerService.java:361)
08-08 14:16:30.200 W/System.err( 3061): 	at android.os.Binder.transact(Binder.java:361)
08-08 14:16:30.200 W/System.err( 3061): 	at com.kingroot.hook.binder.BinderProxyBase.onTransact(SourceFile:34)
08-08 14:16:30.200 W/System.err( 3061): 	at android.os.Binder.execTransact(Binder.java:404)
08-08 14:16:30.200 W/System.err( 3061): 	at dalvik.system.NativeStart.run(Native Method)
08-08 14:16:30.200 W/System.err( 3061): 	at com.android.server.pm.Settings.getApplicationEnabledSettingLPr(Settings.java:2873)
08-08 14:16:30.200 W/System.err( 3061): 	at java.lang.IllegalArgumentException: Unknown package: com.catsw.FontMgr
08-08 14:16:30.200 W/System.err( 3061): com.android.server.pm.PackageManagerService.getApplicationEnabledSetting(PackageManagerService.java:10917)
08-08 14:16:30.200 W/System.err( 3061): 	at android.content.pm.IPackageManager$Stub.onTransact(IPackageManager.java:1081)
08-08 14:16:30.200 W/System.err( 3061): 	at com.android.server.pm.PackageManagerService.onTransact(PackageManagerService.java:1683)
08-08 14:16:30.200 W/System.err( 3061): 	at 	at huawei.com.android.server.pm.HwPackageManagerService.onTransact(HwPackageManagerService.java:361)
08-08 14:16:30.200 W/System.err( 3061): 	at com.android.server.pm.Settings.getApplicationEnabledSettingLPr(Settings.java:2873)
08-08 14:16:30.200 W/System.err( 3061): 	at android.os.Binder.transact(Binder.java:361)
08-08 14:16:30.200 W/System.err( 3061): com.android.server.pm.PackageManagerService.getApplicationEnabledSetting(PackageManagerService.java:10917)
08-08 14:16:30.200 W/System.err( 3061): 	at 	at android.content.pm.IPackageManager$Stub.onTransact(IPackageManager.java:1081)
08-08 14:16:30.200 W/System.err( 3061): 	at com.kingroot.hook.binder.BinderProxyBase.onTransact(SourceFile:34)
08-08 14:16:30.200 W/System.err( 3061): 	at com.android.server.pm.PackageManagerService.onTransact(PackageManagerService.java:1683)
08-08 14:16:30.200 W/System.err( 3061): 	at android.os.Binder.execTransact(Binder.java:404)
08-08 14:16:30.205 W/System.err( 3061): 	at huawei.com.android.server.pm.HwPackageManagerService.onTransact(HwPackageManagerService.java:361)
08-08 14:16:30.205 W/System.err( 3061): dalvik.system.NativeStart.run(Native Method)
08-08 14:16:30.205 W/System.err( 3061): 	at android.os.Binder.transact(Binder.java:361)
08-08 14:16:30.205 W/System.err( 3061): 	at com.kingroot.hook.binder.BinderProxyBase.onTransact(SourceFile:34)
08-08 14:16:30.205 W/System.err( 3061): 	at android.os.Binder.execTransact(Binder.java:404)
08-08 14:16:30.205 W/System.err( 3061): 	at dalvik.system.NativeStart.run(Native Method)
08-08 14:16:30.205 W/System.err( 3061): java.lang.IllegalArgumentException: Unknown package: com.evilsunflower.reader.evilGuigu
08-08 14:16:30.205 W/System.err( 3061): java.lang.IllegalArgumentException: Unknown package: android.atools.bootstartsetting
08-08 14:16:30.205 W/System.err( 3061): 	at 	at com.android.server.pm.Settings.getApplicationEnabledSettingLPr(Settings.java:2873)
08-08 14:16:30.205 W/System.err( 3061): 	at com.android.server.pm.Settings.getApplicationEnabledSettingLPr(Settings.java:2873)
08-08 14:16:30.205 W/System.err( 3061): 	at com.android.server.pm.PackageManagerService.getApplicationEnabledSetting(PackageManagerService.java:10917)
08-08 14:16:30.205 W/System.err( 3061): 	at com.android.server.pm.PackageManagerService.getApplicationEnabledSetting(PackageManagerService.java:10917)
08-08 14:16:30.205 W/System.err( 3061): 	at android.content.pm.IPackageManager$Stub.onTransact(IPackageManager.java:1081)
08-08 14:16:30.205 W/System.err( 3061): 	at android.content.pm.IPackageManager$Stub.onTransact(IPackageManager.java:1081)
08-08 14:16:30.205 W/System.err( 3061): 	at com.android.server.pm.PackageManagerService.onTransact(PackageManagerService.java:1683)
08-08 14:16:30.205 W/System.err( 3061): 	at com.android.server.pm.PackageManagerService.onTransact(PackageManagerService.java:1683)
08-08 14:16:30.205 W/System.err( 3061): 	at huawei.com.android.server.pm.HwPackageManagerService.onTransact(HwPackageManagerService.java:361)
08-08 14:16:30.205 W/System.err( 3061): 	at huawei.com.android.server.pm.HwPackageManagerService.onTransact(HwPackageManagerService.java:361)
08-08 14:16:30.205 W/System.err( 3061): 	at android.os.Binder.transact(Binder.java:361)
08-08 14:16:30.205 W/System.err( 3061): 	at android.os.Binder.transact(Binder.java:361)
08-08 14:16:30.205 W/System.err( 3061): 	at com.kingroot.hook.binder.BinderProxyBase.onTransact(SourceFile:34)
08-08 14:16:30.205 W/System.err( 3061): 	at com.kingroot.hook.binder.BinderProxyBase.onTransact(SourceFile:34)
08-08 14:16:30.205 W/System.err( 3061): 	at android.os.Binder.execTransact(Binder.java:404)
08-08 14:16:30.205 W/System.err( 3061): 	at android.os.Binder.execTransact(Binder.java:404)
08-08 14:16:30.205 W/System.err( 3061): 	at dalvik.system.NativeStart.run(Native Method)
08-08 14:16:30.205 W/System.err( 3895): org.json.JSONException: Value <!DOCTYPE of type java.lang.String cannot be converted to JSONObject
08-08 14:16:30.205 W/System.err( 3061): dalvik.system.NativeStart.run(Native Method)
08-08 14:16:30.205 W/System.err( 3895): 	at org.json.JSON.typeMismatch(JSON.java:111)
08-08 14:16:30.205 W/System.err( 3895): 	at org.json.JSONObject.<init>(JSONObject.java:159)
08-08 14:16:30.205 W/System.err( 3895): 	at org.json.JSONObject.<init>(JSONObject.java:172)
08-08 14:16:30.205 W/System.err( 3895): 	at com.baidu.location.BDLocation.<init>(Unknown Source)
08-08 14:16:30.205 W/System.err( 3895): 	at com.baidu.location.LocationClient.a(Unknown Source)
08-08 14:16:30.205 W/System.err( 3895): 	at com.baidu.location.LocationClient.a(Unknown Source)
08-08 14:16:30.205 W/System.err( 3061): java.lang.IllegalArgumentException: Unknown package: com.android.update
08-08 14:16:30.205 W/System.err( 3895): 	at com.baidu.location.LocationClient$a.handleMessage(Unknown Source)
08-08 14:16:30.205 W/System.err( 3061): java.lang.IllegalArgumentException: Unknown package: com.evilsunflower.reader.evilZenyang16
08-08 14:16:30.205 W/System.err( 3895): 	at android.os.Handler.dispatchMessage(Handler.java:102)
08-08 14:16:30.205 W/System.err( 3895): 	at android.os.Looper.loop(Looper.java:136)
08-08 14:16:30.205 W/System.err( 3895): 	at android.app.ActivityThread.main(ActivityThread.java:5314)
08-08 14:16:30.205 W/System.err( 3895): 	at java.lang.reflect.Method.invokeNative(Native Method)
08-08 14:16:30.205 W/System.err( 3895): 	at java.lang.reflect.Method.invoke(Method.java:515)
08-08 14:16:30.205 W/System.err( 3895): 	at com.android.internal.os.ZygoteInit$MethodAndArgsCaller.run(ZygoteInit.java:864)
08-08 14:16:30.205 W/System.err( 3895): 	at com.android.internal.os.ZygoteInit.main(ZygoteInit.java:680)
08-08 14:16:30.205 W/System.err( 3895): 	at dalvik.system.NativeStart.main(Native Method)
08-08 14:16:30.205 W/System.err( 3061): 	at 	at com.android.server.pm.Settings.getApplicationEnabledSettingLPr(Settings.java:2873)
08-08 14:16:30.205 W/System.err( 3061): 	at com.android.server.pm.Settings.getApplicationEnabledSettingLPr(Settings.java:2873)
08-08 14:16:30.205 W/System.err( 3061): 	at com.android.server.pm.PackageManagerService.getApplicationEnabledSetting(PackageManagerService.java:10917)
08-08 14:16:30.205 W/System.err( 3061): 	at com.android.server.pm.PackageManagerService.getApplicationEnabledSetting(PackageManagerService.java:10917)
08-08 14:16:30.205 W/System.err( 3061): 	at android.content.pm.IPackageManager$Stub.onTransact(IPackageManager.java:1081)android.content.pm.IPackageManager$Stub.onTransact(IPackageManager.java:1081)
08-08 14:16:30.205 W/System.err( 3061): 	at 
08-08 14:16:30.205 W/System.err( 3061): 	at com.android.server.pm.PackageManagerService.onTransact(PackageManagerService.java:1683)
08-08 14:16:30.205 W/System.err( 3061): 	at com.android.server.pm.PackageManagerService.onTransact(PackageManagerService.java:1683)
08-08 14:16:30.205 W/System.err( 3061): 	at huawei.com.android.server.pm.HwPackageManagerService.onTransact(HwPackageManagerService.java:361)
08-08 14:16:30.205 W/System.err( 3061): 	at huawei.com.android.server.pm.HwPackageManagerService.onTransact(HwPackageManagerService.java:361)
08-08 14:16:30.205 W/System.err( 3061): 	at android.os.Binder.transact(Binder.java:361)
08-08 14:16:30.205 W/System.err( 3061): 	at android.os.Binder.transact(Binder.java:361)
08-08 14:16:30.205 W/System.err( 3061): 	at com.kingroot.hook.binder.BinderProxyBase.onTransact(SourceFile:34)
08-08 14:16:30.205 W/System.err( 3061): 	at com.kingroot.hook.binder.BinderProxyBase.onTransact(SourceFile:34)
08-08 14:16:30.205 W/System.err( 3061): 	at android.os.Binder.execTransact(Binder.java:404)
08-08 14:16:30.205 W/System.err( 3061): 	at android.os.Binder.execTransact(Binder.java:404)
08-08 14:16:30.205 W/System.err( 3061): 	at dalvik.system.NativeStart.run(Native Method)
08-08 14:16:30.205 W/System.err( 3061): dalvik.system.NativeStart.run(Native Method)
08-08 14:16:30.210 W/System.err( 3061): java.lang.IllegalArgumentException: Unknown package: com.google.android.downand
08-08 14:16:30.210 W/System.err( 3061): java.lang.IllegalArgumentException: Unknown package: com.atools.nettraffic
08-08 14:16:30.210 W/System.err( 3061): 	at 	at com.android.server.pm.Settings.getApplicationEnabledSettingLPr(Settings.java:2873)
08-08 14:16:30.210 W/System.err( 3061): 	at com.android.server.pm.Settings.getApplicationEnabledSettingLPr(Settings.java:2873)
08-08 14:16:30.210 W/System.err( 3061): 	at com.android.server.pm.PackageManagerService.getApplicationEnabledSetting(PackageManagerService.java:10917)
08-08 14:16:30.210 W/System.err( 3061): 	at com.android.server.pm.PackageManagerService.getApplicationEnabledSetting(PackageManagerService.java:10917)
08-08 14:16:30.210 W/System.err( 3061): 	at android.content.pm.IPackageManager$Stub.onTransact(IPackageManager.java:1081)
08-08 14:16:30.210 W/System.err( 3061): 	at android.content.pm.IPackageManager$Stub.onTransact(IPackageManager.java:1081)
08-08 14:16:30.210 W/System.err( 3061): 	at com.android.server.pm.PackageManagerService.onTransact(PackageManagerService.java:1683)
08-08 14:16:30.210 W/System.err( 3061): 	at com.android.server.pm.PackageManagerService.onTransact(PackageManagerService.java:1683)
08-08 14:16:30.210 W/System.err( 3061): 	at huawei.com.android.server.pm.HwPackageManagerService.onTransact(HwPackageManagerService.java:361)
08-08 14:16:30.210 W/System.err( 3061): 	at huawei.com.android.server.pm.HwPackageManagerService.onTransact(HwPackageManagerService.java:361)
08-08 14:16:30.210 W/System.err( 3061): 	at android.os.Binder.transact(Binder.java:361)
08-08 14:16:30.210 W/System.err( 3061): 	at android.os.Binder.transact(Binder.java:361)
08-08 14:16:30.210 W/System.err( 3061): 	at com.kingroot.hook.binder.BinderProxyBase.onTransact(SourceFile:34)
08-08 14:16:30.210 W/System.err( 3061): 	at com.kingroot.hook.binder.BinderProxyBase.onTransact(SourceFile:34)
