05-04 05:12:49.388 E/ActivityManager( 2941): 	at android.os.Binder.execTransact(Binder.java:453)
05-04 05:13:19.473 E/PowerManagerService( 2941): Only X4,X3 support this feature for low power consumption!
05-04 05:14:05.514 E/PowerManagerService( 2941): Only X4,X3 support this feature for low power consumption!
05-04 05:14:05.834 E/PowerManagerService( 2941): Only X4,X3 support this feature for low power consumption!
05-04 05:17:52.953 E/PowerManagerService( 2941): Only X4,X3 support this feature for low power consumption!
05-04 05:17:52.953 E/PowerManagerService( 2941): Only X4,X3 support this feature for low power consumption!
05-04 05:21:52.940 E/PowerManagerService( 2941): Only X4,X3 support this feature for low power consumption!
05-04 05:21:52.972 E/PowerManagerService( 2941): Only X4,X3 support this feature for low power consumption!
05-04 05:30:55.263 E/PowerManagerService( 2941): Only X4,X3 support this feature for low power consumption!
05-04 05:30:55.306 E/PowerManagerService( 2941): Only X4,X3 support this feature for low power consumption!
05-04 05:39:59.226 E/PowerManagerService( 2941): Only X4,X3 support this feature for low power consumption!
05-04 05:39:59.238 E/PowerManagerService( 2941): Only X4,X3 support this feature for low power consumption!
05-04 05:49:07.589 E/PowerManagerService( 2941): Only X4,X3 support this feature for low power consumption!
05-04 05:49:07.608 E/PowerManagerService( 2941): Only X4,X3 support this feature for low power consumption!
05-04 05:58:07.567 E/PowerManagerService( 2941): Only X4,X3 support this feature for low power consumption!
05-04 05:58:07.602 E/PowerManagerService( 2941): Only X4,X3 support this feature for low power consumption!
05-04 06:07:15.961 E/PowerManagerService( 2941): Only X4,X3 support this feature for low power consumption!
05-04 06:07:16.051 E/PowerManagerService( 2941): Only X4,X3 support this feature for low power consumption!
05-04 06:16:20.092 E/PowerManagerService( 2941): Only X4,X3 support this feature for low power consumption!
05-04 06:16:20.117 E/PowerManagerService( 2941): Only X4,X3 support this feature for low power consumption!
05-04 06:25:28.341 E/PowerManagerService( 2941): Only X4,X3 support this feature for low power consumption!
05-04 06:25:28.371 E/PowerManagerService( 2941): Only X4,X3 support this feature for low power consumption!
05-04 06:34:32.041 E/PowerManagerService( 2941): Only X4,X3 support this feature for low power consumption!
05-04 06:34:32.086 E/PowerManagerService( 2941): Only X4,X3 support this feature for low power consumption!
05-04 06:40:56.572 E/PowerManagerService( 2941): Only X4,X3 support this feature for low power consumption!
05-04 06:40:56.579 E/PowerManagerService( 2941): Only X4,X3 support this feature for low power consumption!
05-04 06:43:34.838 E/PowerManagerService( 2941): Only X4,X3 support this feature for low power consumption!
05-04 06:43:34.871 E/PowerManagerService( 2941): Only X4,X3 support this feature for low power consumption!
05-04 06:49:58.298 E/PowerManagerService( 2941): Only X4,X3 support this feature for low power consumption!
05-04 06:49:58.412 E/ThermalEngine(  504): Unable to read max frequency from online cpu.
05-04 06:49:58.412 E/ThermalEngine(  504): Failed to set desired CPU[1] frequency limit to 2457600
05-04 06:49:58.649 E/Icon    ( 4428): Unable to load resource 0xffffffff from pkg=com.xiaomi.xmsf
05-04 06:49:58.649 E/Icon    ( 4428): android.content.res.Resources$NotFoundException: Resource ID #0xffffffff
05-04 06:49:58.649 E/Icon    ( 4428): 	at android.content.res.Resources.getValue(Resources.java:1369)
05-04 06:49:58.649 E/Icon    ( 4428): 	at android.content.res.MiuiResources.getValue(MiuiResources.java:145)
05-04 06:49:58.649 E/Icon    ( 4428): 	at android.content.res.Resources.getDrawable(Resources.java:822)
05-04 06:49:58.649 E/Icon    ( 4428): 	at android.graphics.drawable.Icon.loadDrawableInner(Icon.java:313)
05-04 06:49:58.649 E/Icon    ( 4428): 	at android.graphics.drawable.Icon.loadDrawable(Icon.java:269)
05-04 06:49:58.649 E/Icon    ( 4428): 	at android.widget.ImageView.setImageIcon(ImageView.java:498)
05-04 06:49:58.649 E/Icon    ( 4428): 	at java.lang.reflect.Method.invoke(Native Method)
05-04 06:49:58.649 E/Icon    ( 4428): 	at android.widget.RemoteViews$ReflectionAction.apply(RemoteViews.java:1296)
05-04 06:49:58.649 E/Icon    ( 4428): 	at android.widget.RemoteViews.performApply(RemoteViews.java:2804)
05-04 06:49:58.649 E/Icon    ( 4428): 	at android.widget.RemoteViews.apply(RemoteViews.java:2764)
05-04 06:49:58.649 E/Icon    ( 4428): 	at com.android.systemui.statusbar.BaseStatusBar.inflateViews(BaseStatusBar.java:635)
05-04 06:49:58.649 E/Icon    ( 4428): 	at com.android.systemui.statusbar.BaseStatusBar.addNotificationViews(BaseStatusBar.java:1012)
05-04 06:49:58.649 E/Icon    ( 4428): 	at com.android.systemui.statusbar.phone.PhoneStatusBar.addNotification(PhoneStatusBar.java:1825)
05-04 06:49:58.649 E/Icon    ( 4428): 	at com.android.systemui.statusbar.CommandQueue$H.handleMessage(CommandQueue.java:442)
05-04 06:49:58.649 E/Icon    ( 4428): 	at android.os.Handler.dispatchMessage(Handler.java:102)
05-04 06:49:58.649 E/Icon    ( 4428): 	at android.os.Looper.loop(Looper.java:154)
05-04 06:49:58.649 E/Icon    ( 4428): 	at android.app.ActivityThread.main(ActivityThread.java:5462)
05-04 06:49:58.649 E/Icon    ( 4428): 	at java.lang.reflect.Method.invoke(Native Method)
05-04 06:49:58.649 E/Icon    ( 4428): 	at com.android.internal.os.ZygoteInit$MethodAndArgsCaller.run(ZygoteInit.java:739)
05-04 06:49:58.649 E/Icon    ( 4428): 	at com.android.internal.os.ZygoteInit.main(ZygoteInit.java:629)
05-04 06:49:58.733 E/Metok   ( 5032): get current cell error
05-04 06:49:58.752 E/ExtMediaPlayer-JNI(16406): env->IsInstanceOf fails
05-04 06:49:58.752 E/MediaPlayer-JNI(16406): JNIMediaPlayerFactory: bIsQCMediaPlayerPresent 0
05-04 06:49:58.752 E/ExtMediaPlayer-JNI(16406): env->IsInstanceOf fails
05-04 06:49:58.752 E/MediaPlayer-JNI(16406): JNIMediaPlayerFactory: bIsQCMediaPlayerPresent 0
05-04 06:49:58.784 E/Icon    ( 4428): Unable to load resource 0xffffffff from pkg=com.xiaomi.xmsf
05-04 06:49:58.784 E/Icon    ( 4428): android.content.res.Resources$NotFoundException: Resource ID #0xffffffff
05-04 06:49:58.784 E/Icon    ( 4428): 	at android.content.res.Resources.getValue(Resources.java:1369)
05-04 06:49:58.784 E/Icon    ( 4428): 	at android.content.res.MiuiResources.getValue(MiuiResources.java:145)
05-04 06:49:58.784 E/Icon    ( 4428): 	at android.content.res.Resources.getDrawable(Resources.java:822)
05-04 06:49:58.784 E/Icon    ( 4428): 	at android.graphics.drawable.Icon.loadDrawableInner(Icon.java:313)
05-04 06:49:58.784 E/Icon    ( 4428): 	at android.graphics.drawable.Icon.loadDrawable(Icon.java:269)
05-04 06:49:58.784 E/Icon    ( 4428): 	at android.widget.ImageView.setImageIcon(ImageView.java:498)
05-04 06:49:58.784 E/Icon    ( 4428): 	at java.lang.reflect.Method.invoke(Native Method)
05-04 06:49:58.784 E/Icon    ( 4428): 	at android.widget.RemoteViews$ReflectionAction.apply(RemoteViews.java:1296)
05-04 06:49:58.784 E/Icon    ( 4428): 	at android.widget.RemoteViews.performApply(RemoteViews.java:2804)
05-04 06:49:58.784 E/Icon    ( 4428): 	at android.widget.RemoteViews.reapply(RemoteViews.java:2795)
05-04 06:49:58.784 E/Icon    ( 4428): 	at com.android.systemui.statusbar.BaseStatusBar.updateNotification(BaseStatusBar.java:1115)
05-04 06:49:58.784 E/Icon    ( 4428): 	at com.android.systemui.statusbar.phone.PhoneStatusBar.updateNotification(PhoneStatusBar.java:2428)
05-04 06:49:58.784 E/Icon    ( 4428): 	at com.android.systemui.statusbar.CommandQueue$H.handleMessage(CommandQueue.java:447)
05-04 06:49:58.784 E/Icon    ( 4428): 	at android.os.Handler.dispatchMessage(Handler.java:102)
05-04 06:49:58.784 E/Icon    ( 4428): 	at android.os.Looper.loop(Looper.java:154)
05-04 06:49:58.784 E/Icon    ( 4428): 	at android.app.ActivityThread.main(ActivityThread.java:5462)
05-04 06:49:58.784 E/Icon    ( 4428): 	at java.lang.reflect.Method.invoke(Native Method)
05-04 06:49:58.784 E/Icon    ( 4428): 	at com.android.internal.os.ZygoteInit$MethodAndArgsCaller.run(ZygoteInit.java:739)
05-04 06:49:58.784 E/Icon    ( 4428): 	at com.android.internal.os.ZygoteInit.main(ZygoteInit.java:629)
05-04 06:49:59.555 E/TemplateFactory(17289): org.json.JSONException: Value <!DOCTYPE of type java.lang.String cannot be converted to JSONObject
05-04 06:50:03.207 E/ThermalEngine(  504): Unable to read max frequency from online cpu.
05-04 06:50:03.207 E/ThermalEngine(  504): Failed to set desired CPU[2] frequency limit to 2457600
05-04 06:50:03.212 E/ThermalEngine(  504): Unable to read max frequency from online cpu.
05-04 06:50:03.212 E/ThermalEngine(  504): Failed to set desired CPU[1] frequency limit to 2457600
05-04 06:50:03.883 E/ThermalEngine(  504): Unable to read max frequency from online cpu.
05-04 06:50:03.884 E/ThermalEngine(  504): Failed to set desired CPU[2] frequency limit to 2457600
05-04 06:50:06.325 E/ThermalEngine(  504): Unable to read max frequency from online cpu.
05-04 06:50:06.325 E/ThermalEngine(  504): Failed to set desired CPU[3] frequency limit to 2457600
05-04 06:50:07.780 E/ThermalEngine(  504): Unable to read max frequency from online cpu.
05-04 06:50:07.780 E/ThermalEngine(  504): Failed to set desired CPU[3] frequency limit to 2457600
05-04 06:50:07.823 E/ThermalEngine(  504): Unable to read max frequency from online cpu.
05-04 06:50:07.823 E/ThermalEngine(  504): Failed to set desired CPU[2] frequency limit to 2457600
05-04 06:50:19.425 E/ThermalEngine(  504): Unable to read max frequency from online cpu.
05-04 06:50:19.425 E/ThermalEngine(  504): Failed to set desired CPU[3] frequency limit to 2457600
05-04 06:50:19.826 E/ThermalEngine(  504): Unable to read max frequency from online cpu.
05-04 06:50:19.826 E/ThermalEngine(  504): Failed to set desired CPU[3] frequency limit to 2457600
05-04 06:50:26.874 E/ThermalEngine(  504): Unable to read max frequency from online cpu.
05-04 06:50:26.875 E/ThermalEngine(  504): Failed to set desired CPU[3] frequency limit to 2457600
05-04 06:50:26.879 E/ThermalEngine(  504): Unable to read max frequency from online cpu.
05-04 06:50:26.879 E/ThermalEngine(  504): Failed to set desired CPU[2] frequency limit to 2457600
05-04 06:50:28.809 E/PowerManagerService( 2941): Only X4,X3 support this feature for low power consumption!
05-04 06:53:37.376 E/ThermalEngine(  504): Unable to read max frequency from online cpu.
05-04 06:53:37.377 E/ThermalEngine(  504): Failed to set desired CPU[3] frequency limit to 2457600
05-04 06:53:37.384 E/ThermalEngine(  504): Unable to read max frequency from online cpu.
05-04 06:53:37.384 E/ThermalEngine(  504): Failed to set desired CPU[2] frequency limit to 2457600
05-04 06:54:05.094 E/PowerManagerService( 2941): Only X4,X3 support this feature for low power consumption!
05-04 06:54:05.150 E/ThermalEngine(  504): Unable to read max frequency from online cpu.
05-04 06:54:05.150 E/ThermalEngine(  504): Failed to set desired CPU[1] frequency limit to 2457600
05-04 06:54:05.166 E/NetdConnector( 2941): NDC Command {673 firewall enable_chain dozable} took too long (27778ms)
05-04 06:54:05.215 E/PowerManagerService( 2941): Only X4,X3 support this feature for low power consumption!
05-04 06:54:05.282 E/PowerManagerService( 2941): Only X4,X3 support this feature for low power consumption!
05-04 06:54:05.283 E/PowerManagerService( 2941): Only X4,X3 support this feature for low power consumption!
05-04 06:54:05.581 E/avast! Shepherd( 5625): ConfigDownloaderThread: Sending metadata failed (http://streamback.ff.avast.com:80 => )
05-04 06:54:05.581 E/avast! Shepherd( 5625): java.lang.RuntimeException: Sending metadata failed (http://streamback.ff.avast.com:80 => )
05-04 06:54:05.581 E/avast! Shepherd( 5625): 	at com.avast.android.shepherd.obfuscated.aj.a(Unknown Source)
05-04 06:54:05.581 E/avast! Shepherd( 5625): 	at com.avast.android.shepherd.obfuscated.aj.a(Unknown Source)
05-04 06:54:05.581 E/avast! Shepherd( 5625): 	at com.avast.android.shepherd.obfuscated.ar.a(Unknown Source)
05-04 06:54:05.581 E/avast! Shepherd( 5625): 	at com.avast.android.shepherd.obfuscated.x.a(Unknown Source)
05-04 06:54:05.581 E/avast! Shepherd( 5625): 	at com.avast.android.shepherd.obfuscated.x.run(Unknown Source)
05-04 06:54:05.581 E/avast! Shepherd( 5625): Caused by: java.io.IOException: last block incomplete in decryption
05-04 06:54:05.581 E/avast! Shepherd( 5625): 	at javax.crypto.CipherOutputStream.close(CipherOutputStream.java:138)
05-04 06:54:05.581 E/avast! Shepherd( 5625): 	at com.avast.android.shepherd.obfuscated.m.a(Unknown Source)
05-04 06:54:05.581 E/avast! Shepherd( 5625): 	at com.avast.android.shepherd.obfuscated.m.close(Unknown Source)
05-04 06:54:05.581 E/avast! Shepherd( 5625): 	at com.avast.android.shepherd.obfuscated.p.a(Unknown Source)
05-04 06:54:05.581 E/avast! Shepherd( 5625): 	at com.avast.android.shepherd.obfuscated.p.a(Unknown Source)
05-04 06:54:05.581 E/avast! Shepherd( 5625): 	at com.avast.android.shepherd.obfuscated.p.a(Unknown Source)
05-04 06:54:05.581 E/avast! Shepherd( 5625): 	at com.avast.android.shepherd.obfuscated.p.a(Unknown Source)
05-04 06:54:05.581 E/avast! Shepherd( 5625): 	at com.avast.android.shepherd.obfuscated.aj.a(Unknown Source)
05-04 06:54:05.581 E/avast! Shepherd( 5625): 	... 5 more
05-04 06:58:58.752 E/PowerManagerService( 2941): Only X4,X3 support this feature for low power consumption!
05-04 06:58:58.784 E/PowerManagerService( 2941): Only X4,X3 support this feature for low power consumption!
05-04 07:00:00.415 E/PowerManagerService( 2941): Only X4,X3 support this feature for low power consumption!
05-04 07:00:00.447 E/PowerManagerService( 2941): Only X4,X3 support this feature for low power consumption!
05-04 07:08:02.638 E/PowerManagerService( 2941): Only X4,X3 support this feature for low power consumption!
05-04 07:08:02.731 E/PowerManagerService( 2941): Only X4,X3 support this feature for low power consumption!
05-04 07:08:02.769 E/ThermalEngine(  504): Unable to read max frequency from online cpu.
05-04 07:08:02.769 E/ThermalEngine(  504): Failed to set desired CPU[2] frequency limit to 2457600
05-04 07:08:02.771 E/ThermalEngine(  504): Unable to read max frequency from online cpu.
05-04 07:08:02.772 E/ThermalEngine(  504): Failed to set desired CPU[1] frequency limit to 2457600
05-04 07:17:10.881 E/PowerManagerService( 2941): Only X4,X3 support this feature for low power consumption!
05-04 07:17:10.918 E/PowerManagerService( 2941): Only X4,X3 support this feature for low power consumption!
05-04 07:17:11.019 E/ThermalEngine(  504): Unable to read max frequency from online cpu.
05-04 07:17:11.019 E/ThermalEngine(  504): Failed to set desired CPU[2] frequency limit to 2457600
05-04 07:17:11.021 E/ThermalEngine(  504): Unable to read max frequency from online cpu.
05-04 07:17:11.021 E/ThermalEngine(  504): Failed to set desired CPU[1] frequency limit to 2457600
05-04 07:22:13.413 E/PowerManagerService( 2941): Only X4,X3 support this feature for low power consumption!
05-04 07:22:13.436 E/PowerManagerService( 2941): Only X4,X3 support this feature for low power consumption!
05-04 07:22:13.440 E/native  ( 2941): do suspend false
05-04 07:22:13.569 E/native  ( 2941): do suspend true
05-04 07:26:14.122 E/PowerManagerService( 2941): Only X4,X3 support this feature for low power consumption!
05-04 07:26:14.174 E/PowerManagerService( 2941): Only X4,X3 support this feature for low power consumption!
05-04 07:35:21.210 E/PowerManagerService( 2941): Only X4,X3 support this feature for low power consumption!
05-04 07:35:21.228 E/PowerManagerService( 2941): Only X4,X3 support this feature for low power consumption!
05-04 07:44:24.482 E/PowerManagerService( 2941): Only X4,X3 support this feature for low power consumption!
05-04 07:44:24.521 E/PowerManagerService( 2941): Only X4,X3 support this feature for low power consumption!
05-04 07:44:24.613 E/Analytics-Core-TrackingServer( 5694): parseHttpResponse exception: 
05-04 07:44:24.613 E/Analytics-Core-TrackingServer( 5694): org.json.JSONException: Value <!DOCTYPE of type java.lang.String cannot be converted to JSONObject
05-04 07:44:24.613 E/Analytics-Core-TrackingServer( 5694): 	at org.json.JSON.typeMismatch(JSON.java:111)
05-04 07:44:24.613 E/Analytics-Core-TrackingServer( 5694): 	at org.json.JSONObject.<init>(JSONObject.java:160)
05-04 07:44:24.613 E/Analytics-Core-TrackingServer( 5694): 	at org.json.JSONObject.<init>(JSONObject.java:173)
05-04 07:44:24.613 E/Analytics-Core-TrackingServer( 5694): 	at com.miui.analytics.internal.service.i.a(SourceFile:136)
05-04 07:44:24.613 E/Analytics-Core-TrackingServer( 5694): 	at com.miui.analytics.internal.service.g.a(SourceFile:51)
05-04 07:44:24.613 E/Analytics-Core-TrackingServer( 5694): 	at com.miui.analytics.internal.service.g.by(SourceFile:55)
05-04 07:44:24.613 E/Analytics-Core-TrackingServer( 5694): 	at com.miui.analytics.internal.service.b.a(SourceFile:142)
05-04 07:44:24.613 E/Analytics-Core-TrackingServer( 5694): 	at com.miui.analytics.internal.service.b.a(SourceFile:92)
05-04 07:44:24.613 E/Analytics-Core-TrackingServer( 5694): 	at com.miui.analytics.internal.service.b.r(SourceFile:70)
05-04 07:44:24.613 E/Analytics-Core-TrackingServer( 5694): 	at com.miui.analytics.internal.policy.a.e$2.run(SourceFile:295)
05-04 07:44:24.613 E/Analytics-Core-TrackingServer( 5694): 	at java.util.concurrent.ThreadPoolExecutor.runWorker(ThreadPoolExecutor.java:1113)
05-04 07:44:24.613 E/Analytics-Core-TrackingServer( 5694): 	at java.util.concurrent.ThreadPoolExecutor$Worker.run(ThreadPoolExecutor.java:588)
05-04 07:44:24.613 E/Analytics-Core-TrackingServer( 5694): 	at java.lang.Thread.run(Thread.java:818)
05-04 07:46:57.551 E/PowerManagerService( 2941): Only X4,X3 support this feature for low power consumption!
05-04 07:46:57.574 E/DatabaseUtils( 2941): Writing exception to parcel
05-04 07:46:57.574 E/DatabaseUtils( 2941): java.lang.SecurityException: com.sogou.activity.src was not granted  this permission: android.permission.WRITE_SETTINGS.
05-04 07:46:57.574 E/DatabaseUtils( 2941): 	at android.provider.Settings.isCallingPackageAllowedToPerformAppOpsProtectedOperation(Settings.java:8507)
05-04 07:46:57.574 E/DatabaseUtils( 2941): 	at android.provider.Settings.checkAndNoteWriteSettingsOperation(Settings.java:8389)
05-04 07:46:57.574 E/DatabaseUtils( 2941): 	at com.android.providers.settings.SettingsProvider.mutateSystemSetting(SettingsProvider.java:915)
05-04 07:46:57.574 E/DatabaseUtils( 2941): 	at com.android.providers.settings.SettingsProvider.insertSystemSetting(SettingsProvider.java:890)
05-04 07:46:57.574 E/DatabaseUtils( 2941): 	at com.android.providers.settings.SettingsProvider.call(SettingsProvider.java:263)
05-04 07:46:57.574 E/DatabaseUtils( 2941): 	at android.content.ContentProvider$Transport.call(ContentProvider.java:398)
05-04 07:46:57.574 E/DatabaseUtils( 2941): 	at android.content.ContentProviderNative.onTransact(ContentProviderNative.java:283)
05-04 07:46:57.574 E/DatabaseUtils( 2941): 	at android.os.Binder.execTransact(Binder.java:453)
05-04 07:46:57.577 E/DatabaseUtils( 2941): Writing exception to parcel
05-04 07:46:57.577 E/DatabaseUtils( 2941): java.lang.SecurityException: com.sogou.activity.src was not granted  this permission: android.permission.WRITE_SETTINGS.
05-04 07:46:57.577 E/DatabaseUtils( 2941): 	at android.provider.Settings.isCallingPackageAllowedToPerformAppOpsProtectedOperation(Settings.java:8507)
05-04 07:46:57.577 E/DatabaseUtils( 2941): 	at android.provider.Settings.checkAndNoteWriteSettingsOperation(Settings.java:8389)
05-04 07:46:57.577 E/DatabaseUtils( 2941): 	at com.android.providers.settings.SettingsProvider.mutateSystemSetting(SettingsProvider.java:915)
05-04 07:46:57.577 E/DatabaseUtils( 2941): 	at com.android.providers.settings.SettingsProvider.insertSystemSetting(SettingsProvider.java:890)
05-04 07:46:57.577 E/DatabaseUtils( 2941): 	at com.android.providers.settings.SettingsProvider.call(SettingsProvider.java:263)
05-04 07:46:57.577 E/DatabaseUtils( 2941): 	at android.content.ContentProvider$Transport.call(ContentProvider.java:398)
05-04 07:46:57.577 E/DatabaseUtils( 2941): 	at android.content.ContentProviderNative.onTransact(ContentProviderNative.java:283)
05-04 07:46:57.577 E/DatabaseUtils( 2941): 	at android.os.Binder.execTransact(Binder.java:453)
05-04 07:46:57.600 E/ThermalEngine(  504): Unable to read max frequency from online cpu.
05-04 07:46:57.600 E/ThermalEngine(  504): Failed to set desired CPU[2] frequency limit to 2457600
05-04 07:46:57.608 E/ThermalEngine(  504): Unable to read max frequency from online cpu.
05-04 07:46:57.610 E/ThermalEngine(  504): Failed to set desired CPU[1] frequency limit to 2457600
05-04 07:46:57.905 E/Icon    ( 4428): Unable to load resource 0xffffffff from pkg=com.xiaomi.xmsf
05-04 07:46:57.905 E/Icon    ( 4428): android.content.res.Resources$NotFoundException: Resource ID #0xffffffff
05-04 07:46:57.905 E/Icon    ( 4428): 	at android.content.res.Resources.getValue(Resources.java:1369)
05-04 07:46:57.905 E/Icon    ( 4428): 	at android.content.res.MiuiResources.getValue(MiuiResources.java:145)
05-04 07:46:57.905 E/Icon    ( 4428): 	at android.content.res.Resources.getDrawable(Resources.java:822)
05-04 07:46:57.905 E/Icon    ( 4428): 	at android.graphics.drawable.Icon.loadDrawableInner(Icon.java:313)
05-04 07:46:57.905 E/Icon    ( 4428): 	at android.graphics.drawable.Icon.loadDrawable(Icon.java:269)
05-04 07:46:57.905 E/Icon    ( 4428): 	at android.widget.ImageView.setImageIcon(ImageView.java:498)
05-04 07:46:57.905 E/Icon    ( 4428): 	at java.lang.reflect.Method.invoke(Native Method)
05-04 07:46:57.905 E/Icon    ( 4428): 	at android.widget.RemoteViews$ReflectionAction.apply(RemoteViews.java:1296)
05-04 07:46:57.905 E/Icon    ( 4428): 	at android.widget.RemoteViews.performApply(RemoteViews.java:2804)
05-04 07:46:57.905 E/Icon    ( 4428): 	at android.widget.RemoteViews.apply(RemoteViews.java:2764)
05-04 07:46:57.905 E/Icon    ( 4428): 	at com.android.systemui.statusbar.BaseStatusBar.inflateViews(BaseStatusBar.java:635)
05-04 07:46:57.905 E/Icon    ( 4428): 	at com.android.systemui.statusbar.BaseStatusBar.addNotificationViews(BaseStatusBar.java:1012)
05-04 07:46:57.905 E/Icon    ( 4428): 	at com.android.systemui.statusbar.phone.PhoneStatusBar.addNotification(PhoneStatusBar.java:1825)
05-04 07:46:57.905 E/Icon    ( 4428): 	at com.android.systemui.statusbar.CommandQueue$H.handleMessage(CommandQueue.java:442)
05-04 07:46:57.905 E/Icon    ( 4428): 	at android.os.Handler.dispatchMessage(Handler.java:102)
05-04 07:46:57.905 E/Icon    ( 4428): 	at android.os.Looper.loop(Looper.java:154)
05-04 07:46:57.905 E/Icon    ( 4428): 	at android.app.ActivityThread.main(ActivityThread.java:5462)
05-04 07:46:57.905 E/Icon    ( 4428): 	at java.lang.reflect.Method.invoke(Native Method)
05-04 07:46:57.905 E/Icon    ( 4428): 	at com.android.internal.os.ZygoteInit$MethodAndArgsCaller.run(ZygoteInit.java:739)
05-04 07:46:57.905 E/Icon    ( 4428): 	at com.android.internal.os.ZygoteInit.main(ZygoteInit.java:629)
05-04 07:46:58.014 E/Icon    ( 4428): Unable to load resource 0xffffffff from pkg=com.xiaomi.xmsf
05-04 07:46:58.014 E/Icon    ( 4428): android.content.res.Resources$NotFoundException: Resource ID #0xffffffff
05-04 07:46:58.014 E/Icon    ( 4428): 	at android.content.res.Resources.getValue(Resources.java:1369)
05-04 07:46:58.014 E/Icon    ( 4428): 	at android.content.res.MiuiResources.getValue(MiuiResources.java:145)
05-04 07:46:58.014 E/Icon    ( 4428): 	at android.content.res.Resources.getDrawable(Resources.java:822)
05-04 07:46:58.014 E/Icon    ( 4428): 	at android.graphics.drawable.Icon.loadDrawableInner(Icon.java:313)
05-04 07:46:58.014 E/Icon    ( 4428): 	at android.graphics.drawable.Icon.loadDrawable(Icon.java:269)
05-04 07:46:58.014 E/Icon    ( 4428): 	at android.widget.ImageView.setImageIcon(ImageView.java:498)
05-04 07:46:58.014 E/Icon    ( 4428): 	at java.lang.reflect.Method.invoke(Native Method)
05-04 07:46:58.014 E/Icon    ( 4428): 	at android.widget.RemoteViews$ReflectionAction.apply(RemoteViews.java:1296)
05-04 07:46:58.014 E/Icon    ( 4428): 	at android.widget.RemoteViews.performApply(RemoteViews.java:2804)
05-04 07:46:58.014 E/Icon    ( 4428): 	at android.widget.RemoteViews.reapply(RemoteViews.java:2795)
05-04 07:46:58.014 E/Icon    ( 4428): 	at com.android.systemui.statusbar.BaseStatusBar.updateNotification(BaseStatusBar.java:1115)
05-04 07:46:58.014 E/Icon    ( 4428): 	at com.android.systemui.statusbar.phone.PhoneStatusBar.updateNotification(PhoneStatusBar.java:2428)
05-04 07:46:58.014 E/Icon    ( 4428): 	at com.android.systemui.statusbar.CommandQueue$H.handleMessage(CommandQueue.java:447)
05-04 07:46:58.014 E/Icon    ( 4428): 	at android.os.Handler.dispatchMessage(Handler.java:102)
05-04 07:46:58.014 E/Icon    ( 4428): 	at android.os.Looper.loop(Looper.java:154)
05-04 07:46:58.014 E/Icon    ( 4428): 	at android.app.ActivityThread.main(ActivityThread.java:5462)
05-04 07:46:58.014 E/Icon    ( 4428): 	at java.lang.reflect.Method.invoke(Native Method)
05-04 07:46:58.014 E/Icon    ( 4428): 	at com.android.internal.os.ZygoteInit$MethodAndArgsCaller.run(ZygoteInit.java:739)
05-04 07:46:58.014 E/Icon    ( 4428): 	at com.android.internal.os.ZygoteInit.main(ZygoteInit.java:629)
05-04 07:46:58.257 E/Micloud ( 8103): MiCloudServerException
05-04 07:46:58.257 E/Micloud ( 8103): com.xiaomi.accountsdk.request.CipherException: fail to decrypt by aescoder
05-04 07:46:58.257 E/Micloud ( 8103): 	at com.xiaomi.accountsdk.utils.AESCoder.decrypt(AESCoder.java:58)
05-04 07:46:58.257 E/Micloud ( 8103): 	at com.xiaomi.micloudsdk.request.CloudRequestHelper.httpPostRequest(CloudRequestHelper.java:145)
05-04 07:46:58.257 E/Micloud ( 8103): 	at com.xiaomi.micloudsdk.request.CloudRequestHelper.httpPostRequestWithDecodeData(CloudRequestHelper.java:73)
05-04 07:46:58.257 E/Micloud ( 8103): 	at com.xiaomi.micloudsdk.request.Request.execute(Request.java:296)
05-04 07:46:58.257 E/Micloud ( 8103): 	at com.xiaomi.micloudsdk.request.Request.securePost(Request.java:189)
05-04 07:46:58.257 E/Micloud ( 8103): 	at com.xiaomi.micloudsdk.request.Request.securePost(Request.java:181)
05-04 07:46:58.257 E/Micloud ( 8103): 	at com.miui.gallery.util.deviceprovider.BigMiCloudProvider.securePost(BigMiCloudProvider.java:117)
05-04 07:46:58.257 E/Micloud ( 8103): 	at com.miui.gallery.net.GalleryNetwork.performRequest(GalleryNetwork.java:41)
05-04 07:46:58.257 E/Micloud ( 8103): 	at com.android.volley.NetworkDispatcher.run(NetworkDispatcher.java:110)
05-04 07:46:58.257 E/Micloud ( 8103): Caused by: java.lang.IllegalArgumentException: bad base-64
05-04 07:46:58.257 E/Micloud ( 8103): 	at android.util.Base64.decode(Base64.java:161)
05-04 07:46:58.257 E/Micloud ( 8103): 	at android.util.Base64.decode(Base64.java:136)
05-04 07:46:58.257 E/Micloud ( 8103): 	at android.util.Base64.decode(Base64.java:118)
05-04 07:46:58.257 E/Micloud ( 8103): 	at com.xiaomi.accountsdk.utils.AESCoder.decrypt(AESCoder.java:52)
05-04 07:46:58.257 E/Micloud ( 8103): 	... 8 more
05-04 07:46:58.258 E/Micloud ( 8103): CloudServer Exception: 
05-04 07:46:58.258 E/Micloud ( 8103): com.xiaomi.micloudsdk.exception.CloudServerException: status: 0
05-04 07:46:58.258 E/Micloud ( 8103): 	at com.xiaomi.micloudsdk.request.CloudRequestHelper.httpPostRequest(CloudRequestHelper.java:148)
05-04 07:46:58.258 E/Micloud ( 8103): 	at com.xiaomi.micloudsdk.request.CloudRequestHelper.httpPostRequestWithDecodeData(CloudRequestHelper.java:73)
05-04 07:46:58.258 E/Micloud ( 8103): 	at com.xiaomi.micloudsdk.request.Request.execute(Request.java:296)
05-04 07:46:58.258 E/Micloud ( 8103): 	at com.xiaomi.micloudsdk.request.Request.securePost(Request.java:189)
05-04 07:46:58.258 E/Micloud ( 8103): 	at com.xiaomi.micloudsdk.request.Request.securePost(Request.java:181)
05-04 07:46:58.258 E/Micloud ( 8103): 	at com.miui.gallery.util.deviceprovider.BigMiCloudProvider.securePost(BigMiCloudProvider.java:117)
05-04 07:46:58.258 E/Micloud ( 8103): 	at com.miui.gallery.net.GalleryNetwork.performRequest(GalleryNetwork.java:41)
05-04 07:46:58.258 E/Micloud ( 8103): 	at com.android.volley.NetworkDispatcher.run(NetworkDispatcher.java:110)
05-04 07:46:58.265 E/MiuiGallery2_CloudControlRequestHelper( 8103): Request failed, errorCode: NET_ERROR, errorMessage: null, responseData: com.miui.gallery.cloud.GalleryMiCloudServerException.
05-04 07:47:00.418 E/ThermalEngine(  504): Unable to read max frequency from online cpu.
05-04 07:47:00.418 E/ThermalEngine(  504): Failed to set desired CPU[3] frequency limit to 2457600
05-04 07:47:00.465 E/ThermalEngine(  504): Unable to read max frequency from online cpu.
05-04 07:47:00.465 E/ThermalEngine(  504): Failed to set desired CPU[2] frequency limit to 2457600
05-04 07:47:02.960 E/ThermalEngine(  504): Unable to read max frequency from online cpu.
05-04 07:47:02.960 E/ThermalEngine(  504): Failed to set desired CPU[3] frequency limit to 2457600
05-04 07:47:02.965 E/ThermalEngine(  504): Unable to read max frequency from online cpu.
05-04 07:47:02.966 E/ThermalEngine(  504): Failed to set desired CPU[2] frequency limit to 2457600
05-04 07:47:12.413 E/fakecell_settings( 5445): < sysbase_app > failed to get device info
05-04 07:47:12.466 E/ThermalEngine(  504): Unable to read max frequency from online cpu.
05-04 07:47:12.466 E/ThermalEngine(  504): Failed to set desired CPU[3] frequency limit to 2457600
05-04 07:47:12.515 E/ThermalEngine(  504): Unable to read max frequency from online cpu.
05-04 07:47:12.515 E/ThermalEngine(  504): Failed to set desired CPU[2] frequency limit to 2457600
05-04 07:47:13.953 E/PowerManagerService( 2941): Only X4,X3 support this feature for low power consumption!
05-04 07:47:13.957 E/PowerManagerService( 2941): Only X4,X3 support this feature for low power consumption!
05-04 07:47:14.997 E/PowerManagerService( 2941): Only X4,X3 support this feature for low power consumption!
05-04 07:47:18.449 E/ThermalEngine(  504): Unable to read max frequency from online cpu.
05-04 07:47:18.449 E/ThermalEngine(  504): Failed to set desired CPU[3] frequency limit to 2457600
05-04 07:47:18.452 E/ThermalEngine(  504): Unable to read max frequency from online cpu.
05-04 07:47:18.453 E/ThermalEngine(  504): Failed to set desired CPU[2] frequency limit to 2457600
05-04 07:47:18.456 E/ThermalEngine(  504): Unable to read max frequency from online cpu.
05-04 07:47:18.457 E/ThermalEngine(  504): Failed to set desired CPU[1] frequency limit to 2457600
05-04 07:47:18.933 E/PowerManagerService( 2941): Only X4,X3 support this feature for low power consumption!
05-04 07:47:19.187 E/PowerManagerService( 2941): Only X4,X3 support this feature for low power consumption!
05-04 07:49:06.234 E/PowerManagerService( 2941): Only X4,X3 support this feature for low power consumption!
05-04 07:49:06.329 E/ThermalEngine(  504): Unable to read max frequency from online cpu.
05-04 07:49:06.329 E/ThermalEngine(  504): Failed to set desired CPU[2] frequency limit to 2457600
05-04 07:49:06.358 E/Micloud ( 8103): MiCloudServerException
05-04 07:49:06.358 E/Micloud ( 8103): com.xiaomi.accountsdk.request.CipherException: fail to decrypt by aescoder
05-04 07:49:06.358 E/Micloud ( 8103): 	at com.xiaomi.accountsdk.utils.AESCoder.decrypt(AESCoder.java:58)
05-04 07:49:06.358 E/Micloud ( 8103): 	at com.xiaomi.micloudsdk.request.CloudRequestHelper.httpPostRequest(CloudRequestHelper.java:145)
05-04 07:49:06.358 E/Micloud ( 8103): 	at com.xiaomi.micloudsdk.request.CloudRequestHelper.httpPostRequestWithDecodeData(CloudRequestHelper.java:73)
05-04 07:49:06.358 E/Micloud ( 8103): 	at com.xiaomi.micloudsdk.request.Request.execute(Request.java:296)
05-04 07:49:06.358 E/Micloud ( 8103): 	at com.xiaomi.micloudsdk.request.Request.securePost(Request.java:189)
05-04 07:49:06.358 E/Micloud ( 8103): 	at com.xiaomi.micloudsdk.request.Request.securePost(Request.java:181)
05-04 07:49:06.358 E/Micloud ( 8103): 	at com.miui.gallery.util.deviceprovider.BigMiCloudProvider.securePost(BigMiCloudProvider.java:117)
05-04 07:49:06.358 E/Micloud ( 8103): 	at com.miui.gallery.net.GalleryNetwork.performRequest(GalleryNetwork.java:41)
05-04 07:49:06.358 E/Micloud ( 8103): 	at com.android.volley.NetworkDispatcher.run(NetworkDispatcher.java:110)
05-04 07:49:06.358 E/Micloud ( 8103): Caused by: java.lang.IllegalArgumentException: bad base-64
05-04 07:49:06.358 E/Micloud ( 8103): 	at android.util.Base64.decode(Base64.java:161)
05-04 07:49:06.358 E/Micloud ( 8103): 	at android.util.Base64.decode(Base64.java:136)
05-04 07:49:06.358 E/Micloud ( 8103): 	at android.util.Base64.decode(Base64.java:118)
05-04 07:49:06.358 E/Micloud ( 8103): 	at com.xiaomi.accountsdk.utils.AESCoder.decrypt(AESCoder.java:52)
05-04 07:49:06.358 E/Micloud ( 8103): 	... 8 more
05-04 07:49:06.358 E/Micloud ( 8103): CloudServer Exception: 
05-04 07:49:06.358 E/Micloud ( 8103): com.xiaomi.micloudsdk.exception.CloudServerException: status: 0
05-04 07:49:06.358 E/Micloud ( 8103): 	at com.xiaomi.micloudsdk.request.CloudRequestHelper.httpPostRequest(CloudRequestHelper.java:148)
05-04 07:49:06.358 E/Micloud ( 8103): 	at com.xiaomi.micloudsdk.request.CloudRequestHelper.httpPostRequestWithDecodeData(CloudRequestHelper.java:73)
05-04 07:49:06.358 E/Micloud ( 8103): 	at com.xiaomi.micloudsdk.request.Request.execute(Request.java:296)
05-04 07:49:06.358 E/Micloud ( 8103): 	at com.xiaomi.micloudsdk.request.Request.securePost(Request.java:189)
05-04 07:49:06.358 E/Micloud ( 8103): 	at com.xiaomi.micloudsdk.request.Request.securePost(Request.java:181)
05-04 07:49:06.358 E/Micloud ( 8103): 	at com.miui.gallery.util.deviceprovider.BigMiCloudProvider.securePost(BigMiCloudProvider.java:117)
05-04 07:49:06.358 E/Micloud ( 8103): 	at com.miui.gallery.net.GalleryNetwork.performRequest(GalleryNetwork.java:41)
05-04 07:49:06.358 E/Micloud ( 8103): 	at com.android.volley.NetworkDispatcher.run(NetworkDispatcher.java:110)
05-04 07:49:06.359 E/MiuiGallery2_CloudControlRequestHelper( 8103): Request failed, errorCode: NET_ERROR, errorMessage: null, responseData: com.miui.gallery.cloud.GalleryMiCloudServerException.
05-04 07:49:06.364 E/PowerManagerService( 2941): Only X4,X3 support this feature for low power consumption!
05-04 07:49:06.389 E/ThermalEngine(  504): Unable to read max frequency from online cpu.
05-04 07:49:06.389 E/ThermalEngine(  504): Failed to set desired CPU[1] frequency limit to 2457600
05-04 07:49:58.806 E/PowerManagerService( 2941): Only X4,X3 support this feature for low power consumption!
05-04 07:49:58.818 E/DatabaseUtils( 2941): Writing exception to parcel
05-04 07:49:58.818 E/DatabaseUtils( 2941): java.lang.SecurityException: com.sogou.activity.src was not granted  this permission: android.permission.WRITE_SETTINGS.
05-04 07:49:58.818 E/DatabaseUtils( 2941): 	at android.provider.Settings.isCallingPackageAllowedToPerformAppOpsProtectedOperation(Settings.java:8507)
05-04 07:49:58.818 E/DatabaseUtils( 2941): 	at android.provider.Settings.checkAndNoteWriteSettingsOperation(Settings.java:8389)
05-04 07:49:58.818 E/DatabaseUtils( 2941): 	at com.android.providers.settings.SettingsProvider.mutateSystemSetting(SettingsProvider.java:915)
05-04 07:49:58.818 E/DatabaseUtils( 2941): 	at com.android.providers.settings.SettingsProvider.insertSystemSetting(SettingsProvider.java:890)
05-04 07:49:58.818 E/DatabaseUtils( 2941): 	at com.android.providers.settings.SettingsProvider.call(SettingsProvider.java:263)
05-04 07:49:58.818 E/DatabaseUtils( 2941): 	at android.content.ContentProvider$Transport.call(ContentProvider.java:398)
05-04 07:49:58.818 E/DatabaseUtils( 2941): 	at android.content.ContentProviderNative.onTransact(ContentProviderNative.java:283)
05-04 07:49:58.818 E/DatabaseUtils( 2941): 	at android.os.Binder.execTransact(Binder.java:453)
05-04 07:49:58.821 E/DatabaseUtils( 2941): Writing exception to parcel
05-04 07:49:58.821 E/DatabaseUtils( 2941): java.lang.SecurityException: com.sogou.activity.src was not granted  this permission: android.permission.WRITE_SETTINGS.
05-04 07:49:58.821 E/DatabaseUtils( 2941): 	at android.provider.Settings.isCallingPackageAllowedToPerformAppOpsProtectedOperation(Settings.java:8507)
05-04 07:49:58.821 E/DatabaseUtils( 2941): 	at android.provider.Settings.checkAndNoteWriteSettingsOperation(Settings.java:8389)
05-04 07:49:58.821 E/DatabaseUtils( 2941): 	at com.android.providers.settings.SettingsProvider.mutateSystemSetting(SettingsProvider.java:915)
05-04 07:49:58.821 E/DatabaseUtils( 2941): 	at com.android.providers.settings.SettingsProvider.insertSystemSetting(SettingsProvider.java:890)
05-04 07:49:58.821 E/DatabaseUtils( 2941): 	at com.android.providers.settings.SettingsProvider.call(SettingsProvider.java:263)
05-04 07:49:58.821 E/DatabaseUtils( 2941): 	at android.content.ContentProvider$Transport.call(ContentProvider.java:398)
05-04 07:49:58.821 E/DatabaseUtils( 2941): 	at android.content.ContentProviderNative.onTransact(ContentProviderNative.java:283)
05-04 07:49:58.821 E/DatabaseUtils( 2941): 	at android.os.Binder.execTransact(Binder.java:453)
05-04 07:49:58.850 E/PowerManagerService( 2941): Only X4,X3 support this feature for low power consumption!
05-04 07:49:58.851 E/PowerManagerService( 2941): Only X4,X3 support this feature for low power consumption!
05-04 07:49:58.852 E/PowerManagerService( 2941): Only X4,X3 support this feature for low power consumption!
05-04 07:50:21.586 E/PowerManagerService( 2941): Only X4,X3 support this feature for low power consumption!
05-04 07:50:21.719 E/Micloud ( 8103): MiCloudServerException
05-04 07:50:21.719 E/Micloud ( 8103): com.xiaomi.accountsdk.request.CipherException: fail to decrypt by aescoder
05-04 07:50:21.719 E/Micloud ( 8103): 	at com.xiaomi.accountsdk.utils.AESCoder.decrypt(AESCoder.java:58)
05-04 07:50:21.719 E/Micloud ( 8103): 	at com.xiaomi.micloudsdk.request.CloudRequestHelper.httpPostRequest(CloudRequestHelper.java:145)
05-04 07:50:21.719 E/Micloud ( 8103): 	at com.xiaomi.micloudsdk.request.CloudRequestHelper.httpPostRequestWithDecodeData(CloudRequestHelper.java:73)
05-04 07:50:21.719 E/Micloud ( 8103): 	at com.xiaomi.micloudsdk.request.Request.execute(Request.java:296)
05-04 07:50:21.719 E/Micloud ( 8103): 	at com.xiaomi.micloudsdk.request.Request.securePost(Request.java:189)
05-04 07:50:21.719 E/Micloud ( 8103): 	at com.xiaomi.micloudsdk.request.Request.securePost(Request.java:181)
05-04 07:50:21.719 E/Micloud ( 8103): 	at com.miui.gallery.util.deviceprovider.BigMiCloudProvider.securePost(BigMiCloudProvider.java:117)
05-04 07:50:21.719 E/Micloud ( 8103): 	at com.miui.gallery.net.GalleryNetwork.performRequest(GalleryNetwork.java:41)
05-04 07:50:21.719 E/Micloud ( 8103): 	at com.android.volley.NetworkDispatcher.run(NetworkDispatcher.java:110)
05-04 07:50:21.719 E/Micloud ( 8103): Caused by: java.lang.IllegalArgumentException: bad base-64
05-04 07:50:21.719 E/Micloud ( 8103): 	at android.util.Base64.decode(Base64.java:161)
05-04 07:50:21.719 E/Micloud ( 8103): 	at android.util.Base64.decode(Base64.java:136)
05-04 07:50:21.719 E/Micloud ( 8103): 	at android.util.Base64.decode(Base64.java:118)
05-04 07:50:21.719 E/Micloud ( 8103): 	at com.xiaomi.accountsdk.utils.AESCoder.decrypt(AESCoder.java:52)
05-04 07:50:21.719 E/Micloud ( 8103): 	... 8 more
05-04 07:50:21.719 E/Micloud ( 8103): CloudServer Exception: 
05-04 07:50:21.719 E/Micloud ( 8103): com.xiaomi.micloudsdk.exception.CloudServerException: status: 0
05-04 07:50:21.719 E/Micloud ( 8103): 	at com.xiaomi.micloudsdk.request.CloudRequestHelper.httpPostRequest(CloudRequestHelper.java:148)
05-04 07:50:21.719 E/Micloud ( 8103): 	at com.xiaomi.micloudsdk.request.CloudRequestHelper.httpPostRequestWithDecodeData(CloudRequestHelper.java:73)
05-04 07:50:21.719 E/Micloud ( 8103): 	at com.xiaomi.micloudsdk.request.Request.execute(Request.java:296)
05-04 07:50:21.719 E/Micloud ( 8103): 	at com.xiaomi.micloudsdk.request.Request.securePost(Request.java:189)
05-04 07:50:21.719 E/Micloud ( 8103): 	at com.xiaomi.micloudsdk.request.Request.securePost(Request.java:181)
05-04 07:50:21.719 E/Micloud ( 8103): 	at com.miui.gallery.util.deviceprovider.BigMiCloudProvider.securePost(BigMiCloudProvider.java:117)
05-04 07:50:21.719 E/Micloud ( 8103): 	at com.miui.gallery.net.GalleryNetwork.performRequest(GalleryNetwork.java:41)
05-04 07:50:21.719 E/Micloud ( 8103): 	at com.android.volley.NetworkDispatcher.run(NetworkDispatcher.java:110)
05-04 07:50:21.721 E/MiuiGallery2_CloudControlRequestHelper( 8103): Request failed, errorCode: NET_ERROR, errorMessage: null, responseData: com.miui.gallery.cloud.GalleryMiCloudServerException.
05-04 07:50:21.725 E/PowerManagerService( 2941): Only X4,X3 support this feature for low power consumption!
05-04 07:52:23.044 E/PowerManagerService( 2941): Only X4,X3 support this feature for low power consumption!
05-04 07:52:23.088 E/DatabaseUtils( 2941): Writing exception to parcel
05-04 07:52:23.088 E/DatabaseUtils( 2941): java.lang.SecurityException: com.sogou.activity.src was not granted  this permission: android.permission.WRITE_SETTINGS.
05-04 07:52:23.088 E/DatabaseUtils( 2941): 	at android.provider.Settings.isCallingPackageAllowedToPerformAppOpsProtectedOperation(Settings.java:8507)
05-04 07:52:23.088 E/DatabaseUtils( 2941): 	at android.provider.Settings.checkAndNoteWriteSettingsOperation(Settings.java:8389)
05-04 07:52:23.088 E/DatabaseUtils( 2941): 	at com.android.providers.settings.SettingsProvider.mutateSystemSetting(SettingsProvider.java:915)
05-04 07:52:23.088 E/DatabaseUtils( 2941): 	at com.android.providers.settings.SettingsProvider.insertSystemSetting(SettingsProvider.java:890)
05-04 07:52:23.088 E/DatabaseUtils( 2941): 	at com.android.providers.settings.SettingsProvider.call(SettingsProvider.java:263)
05-04 07:52:23.088 E/DatabaseUtils( 2941): 	at android.content.ContentProvider$Transport.call(ContentProvider.java:398)
05-04 07:52:23.088 E/DatabaseUtils( 2941): 	at android.content.ContentProviderNative.onTransact(ContentProviderNative.java:283)
05-04 07:52:23.088 E/DatabaseUtils( 2941): 	at android.os.Binder.execTransact(Binder.java:453)
05-04 07:52:23.090 E/DatabaseUtils( 2941): Writing exception to parcel
05-04 07:52:23.090 E/DatabaseUtils( 2941): java.lang.SecurityException: com.sogou.activity.src was not granted  this permission: android.permission.WRITE_SETTINGS.
05-04 07:52:23.090 E/DatabaseUtils( 2941): 	at android.provider.Settings.isCallingPackageAllowedToPerformAppOpsProtectedOperation(Settings.java:8507)
05-04 07:52:23.090 E/DatabaseUtils( 2941): 	at android.provider.Settings.checkAndNoteWriteSettingsOperation(Settings.java:8389)
05-04 07:52:23.090 E/DatabaseUtils( 2941): 	at com.android.providers.settings.SettingsProvider.mutateSystemSetting(SettingsProvider.java:915)
05-04 07:52:23.090 E/DatabaseUtils( 2941): 	at com.android.providers.settings.SettingsProvider.insertSystemSetting(SettingsProvider.java:890)
05-04 07:52:23.090 E/DatabaseUtils( 2941): 	at com.android.providers.settings.SettingsProvider.call(SettingsProvider.java:263)
05-04 07:52:23.090 E/DatabaseUtils( 2941): 	at android.content.ContentProvider$Transport.call(ContentProvider.java:398)
05-04 07:52:23.090 E/DatabaseUtils( 2941): 	at android.content.ContentProviderNative.onTransact(ContentProviderNative.java:283)
05-04 07:52:23.090 E/DatabaseUtils( 2941): 	at android.os.Binder.execTransact(Binder.java:453)
05-04 07:52:23.171 E/Micloud ( 8103): MiCloudServerException
05-04 07:52:23.171 E/Micloud ( 8103): com.xiaomi.accountsdk.request.CipherException: fail to decrypt by aescoder
05-04 07:52:23.171 E/Micloud ( 8103): 	at com.xiaomi.accountsdk.utils.AESCoder.decrypt(AESCoder.java:58)
05-04 07:52:23.171 E/Micloud ( 8103): 	at com.xiaomi.micloudsdk.request.CloudRequestHelper.httpPostRequest(CloudRequestHelper.java:145)
05-04 07:52:23.171 E/Micloud ( 8103): 	at com.xiaomi.micloudsdk.request.CloudRequestHelper.httpPostRequestWithDecodeData(CloudRequestHelper.java:73)
05-04 07:52:23.171 E/Micloud ( 8103): 	at com.xiaomi.micloudsdk.request.Request.execute(Request.java:296)
05-04 07:52:23.171 E/Micloud ( 8103): 	at com.xiaomi.micloudsdk.request.Request.securePost(Request.java:189)
05-04 07:52:23.171 E/Micloud ( 8103): 	at com.xiaomi.micloudsdk.request.Request.securePost(Request.java:181)
05-04 07:52:23.171 E/Micloud ( 8103): 	at com.miui.gallery.util.deviceprovider.BigMiCloudProvider.securePost(BigMiCloudProvider.java:117)
05-04 07:52:23.171 E/Micloud ( 8103): 	at com.miui.gallery.net.GalleryNetwork.performRequest(GalleryNetwork.java:41)
05-04 07:52:23.171 E/Micloud ( 8103): 	at com.android.volley.NetworkDispatcher.run(NetworkDispatcher.java:110)
05-04 07:52:23.171 E/Micloud ( 8103): Caused by: java.lang.IllegalArgumentException: bad base-64
05-04 07:52:23.171 E/Micloud ( 8103): 	at android.util.Base64.decode(Base64.java:161)
05-04 07:52:23.171 E/Micloud ( 8103): 	at android.util.Base64.decode(Base64.java:136)
05-04 07:52:23.171 E/Micloud ( 8103): 	at android.util.Base64.decode(Base64.java:118)
05-04 07:52:23.171 E/Micloud ( 8103): 	at com.xiaomi.accountsdk.utils.AESCoder.decrypt(AESCoder.java:52)
05-04 07:52:23.171 E/Micloud ( 8103): 	... 8 more
05-04 07:52:23.171 E/Micloud ( 8103): CloudServer Exception: 
05-04 07:52:23.171 E/Micloud ( 8103): com.xiaomi.micloudsdk.exception.CloudServerException: status: 0
05-04 07:52:23.171 E/Micloud ( 8103): 	at com.xiaomi.micloudsdk.request.CloudRequestHelper.httpPostRequest(CloudRequestHelper.java:148)
05-04 07:52:23.171 E/Micloud ( 8103): 	at com.xiaomi.micloudsdk.request.CloudRequestHelper.httpPostRequestWithDecodeData(CloudRequestHelper.java:73)
05-04 07:52:23.171 E/Micloud ( 8103): 	at com.xiaomi.micloudsdk.request.Request.execute(Request.java:296)
05-04 07:52:23.171 E/Micloud ( 8103): 	at com.xiaomi.micloudsdk.request.Request.securePost(Request.java:189)
05-04 07:52:23.171 E/Micloud ( 8103): 	at com.xiaomi.micloudsdk.request.Request.securePost(Request.java:181)
05-04 07:52:23.171 E/Micloud ( 8103): 	at com.miui.gallery.util.deviceprovider.BigMiCloudProvider.securePost(BigMiCloudProvider.java:117)
05-04 07:52:23.171 E/Micloud ( 8103): 	at com.miui.gallery.net.GalleryNetwork.performRequest(GalleryNetwork.java:41)
05-04 07:52:23.171 E/Micloud ( 8103): 	at com.android.volley.NetworkDispatcher.run(NetworkDispatcher.java:110)
05-04 07:52:23.174 E/MiuiGallery2_CloudControlRequestHelper( 8103): Request failed, errorCode: NET_ERROR, errorMessage: null, responseData: com.miui.gallery.cloud.GalleryMiCloudServerException.
05-04 07:52:23.180 E/PowerManagerService( 2941): Only X4,X3 support this feature for low power consumption!
05-04 07:54:06.396 E/PowerManagerService( 2941): Only X4,X3 support this feature for low power consumption!
05-04 07:54:06.441 E/PowerManagerService( 2941): Only X4,X3 support this feature for low power consumption!
05-04 07:55:21.999 E/PowerManagerService( 2941): Only X4,X3 support this feature for low power consumption!
05-04 07:55:22.082 E/PowerManagerService( 2941): Only X4,X3 support this feature for low power consumption!
05-04 07:57:24.670 E/PowerManagerService( 2941): Only X4,X3 support this feature for low power consumption!
05-04 07:57:24.709 E/DatabaseUtils( 2941): Writing exception to parcel
05-04 07:57:24.709 E/DatabaseUtils( 2941): java.lang.SecurityException: com.sogou.activity.src was not granted  this permission: android.permission.WRITE_SETTINGS.
05-04 07:57:24.709 E/DatabaseUtils( 2941): 	at android.provider.Settings.isCallingPackageAllowedToPerformAppOpsProtectedOperation(Settings.java:8507)
05-04 07:57:24.709 E/DatabaseUtils( 2941): 	at android.provider.Settings.checkAndNoteWriteSettingsOperation(Settings.java:8389)
05-04 07:57:24.709 E/DatabaseUtils( 2941): 	at com.android.providers.settings.SettingsProvider.mutateSystemSetting(SettingsProvider.java:915)
05-04 07:57:24.709 E/DatabaseUtils( 2941): 	at com.android.providers.settings.SettingsProvider.insertSystemSetting(SettingsProvider.java:890)
05-04 07:57:24.709 E/DatabaseUtils( 2941): 	at com.android.providers.settings.SettingsProvider.call(SettingsProvider.java:263)
05-04 07:57:24.709 E/DatabaseUtils( 2941): 	at android.content.ContentProvider$Transport.call(ContentProvider.java:398)
05-04 07:57:24.709 E/DatabaseUtils( 2941): 	at android.content.ContentProviderNative.onTransact(ContentProviderNative.java:283)
05-04 07:57:24.709 E/DatabaseUtils( 2941): 	at android.os.Binder.execTransact(Binder.java:453)
05-04 07:57:24.712 E/DatabaseUtils( 2941): Writing exception to parcel
05-04 07:57:24.712 E/DatabaseUtils( 2941): java.lang.SecurityException: com.sogou.activity.src was not granted  this permission: android.permission.WRITE_SETTINGS.
05-04 07:57:24.712 E/DatabaseUtils( 2941): 	at android.provider.Settings.isCallingPackageAllowedToPerformAppOpsProtectedOperation(Settings.java:8507)
05-04 07:57:24.712 E/DatabaseUtils( 2941): 	at android.provider.Settings.checkAndNoteWriteSettingsOperation(Settings.java:8389)
05-04 07:57:24.712 E/DatabaseUtils( 2941): 	at com.android.providers.settings.SettingsProvider.mutateSystemSetting(SettingsProvider.java:915)
05-04 07:57:24.712 E/DatabaseUtils( 2941): 	at com.android.providers.settings.SettingsProvider.insertSystemSetting(SettingsProvider.java:890)
05-04 07:57:24.712 E/DatabaseUtils( 2941): 	at com.android.providers.settings.SettingsProvider.call(SettingsProvider.java:263)
05-04 07:57:24.712 E/DatabaseUtils( 2941): 	at android.content.ContentProvider$Transport.call(ContentProvider.java:398)
