05-04 04:19:06.439 E/ActivityManager( 2941): 	at com.android.server.am.ActiveServices.realStartServiceLocked(ActiveServices.java:1751)
05-04 04:19:06.439 E/ActivityManager( 2941): 	at com.android.server.am.ActiveServices.attachApplicationLocked(ActiveServices.java:2233)
05-04 04:19:06.439 E/ActivityManager( 2941): 	at com.android.server.am.ActivityManagerService.attachApplicationLocked(ActivityManagerService.java:6558)
05-04 04:19:06.439 E/ActivityManager( 2941): 	at com.android.server.am.ActivityManagerService.attachApplication(ActivityManagerService.java:6609)
05-04 04:19:06.439 E/ActivityManager( 2941): 	at android.app.ActivityManagerNative.onTransact(ActivityManagerNative.java:507)
05-04 04:19:06.439 E/ActivityManager( 2941): 	at com.android.server.am.ActivityManagerService.onTransact(ActivityManagerService.java:2602)
05-04 04:19:06.439 E/ActivityManager( 2941): 	at android.os.Binder.execTransact(Binder.java:453)
05-04 04:19:06.483 E/PowerManagerService( 2941): Only X4,X3 support this feature for low power consumption!
05-04 04:20:13.091 E/PowerManagerService( 2941): Only X4,X3 support this feature for low power consumption!
05-04 04:20:13.184 E/PowerManagerService( 2941): Only X4,X3 support this feature for low power consumption!
05-04 04:20:13.207 E/ActivityManager( 2941): Exception thrown starting services in ProcessRecord{d9873ba 15705:com.qihoo.appstore:PluginP01/u0a109}
05-04 04:20:13.207 E/ActivityManager( 2941): android.os.TransactionTooLargeException: data parcel size 345728 bytes
05-04 04:20:13.207 E/ActivityManager( 2941): 	at android.os.BinderProxy.transactNative(Native Method)
05-04 04:20:13.207 E/ActivityManager( 2941): 	at android.os.BinderProxy.transact(Binder.java:506)
05-04 04:20:13.207 E/ActivityManager( 2941): 	at android.app.ApplicationThreadProxy.scheduleServiceArgs(ApplicationThreadNative.java:986)
05-04 04:20:13.207 E/ActivityManager( 2941): 	at com.android.server.am.ActiveServices.sendServiceArgsLocked(ActiveServices.java:1810)
05-04 04:20:13.207 E/ActivityManager( 2941): 	at com.android.server.am.ActiveServices.realStartServiceLocked(ActiveServices.java:1751)
05-04 04:20:13.207 E/ActivityManager( 2941): 	at com.android.server.am.ActiveServices.attachApplicationLocked(ActiveServices.java:2233)
05-04 04:20:13.207 E/ActivityManager( 2941): 	at com.android.server.am.ActivityManagerService.attachApplicationLocked(ActivityManagerService.java:6558)
05-04 04:20:13.207 E/ActivityManager( 2941): 	at com.android.server.am.ActivityManagerService.attachApplication(ActivityManagerService.java:6609)
05-04 04:20:13.207 E/ActivityManager( 2941): 	at android.app.ActivityManagerNative.onTransact(ActivityManagerNative.java:507)
05-04 04:20:13.207 E/ActivityManager( 2941): 	at com.android.server.am.ActivityManagerService.onTransact(ActivityManagerService.java:2602)
05-04 04:20:13.207 E/ActivityManager( 2941): 	at android.os.Binder.execTransact(Binder.java:453)
05-04 04:23:08.497 E/PowerManagerService( 2941): Only X4,X3 support this feature for low power consumption!
05-04 04:23:26.833 E/PowerManagerService( 2941): Only X4,X3 support this feature for low power consumption!
05-04 04:23:26.845 E/PowerManagerService( 2941): Only X4,X3 support this feature for low power consumption!
05-04 04:23:27.886 E/PowerManagerService( 2941): Only X4,X3 support this feature for low power consumption!
05-04 04:23:31.827 E/PowerManagerService( 2941): Only X4,X3 support this feature for low power consumption!
05-04 04:23:32.064 E/PowerManagerService( 2941): Only X4,X3 support this feature for low power consumption!
05-04 04:23:48.842 E/PowerManagerService( 2941): Only X4,X3 support this feature for low power consumption!
05-04 04:23:48.867 E/PowerManagerService( 2941): Only X4,X3 support this feature for low power consumption!
05-04 04:23:48.869 E/PowerManagerService( 2941): Only X4,X3 support this feature for low power consumption!
05-04 04:23:48.871 E/PowerManagerService( 2941): Only X4,X3 support this feature for low power consumption!
05-04 04:24:05.432 E/PowerManagerService( 2941): Only X4,X3 support this feature for low power consumption!
05-04 04:24:05.475 E/PowerManagerService( 2941): Only X4,X3 support this feature for low power consumption!
05-04 04:29:14.557 E/PowerManagerService( 2941): Only X4,X3 support this feature for low power consumption!
05-04 04:29:14.622 E/PowerManagerService( 2941): Only X4,X3 support this feature for low power consumption!
05-04 04:37:18.655 E/PowerManagerService( 2941): Only X4,X3 support this feature for low power consumption!
05-04 04:37:18.701 E/PowerManagerService( 2941): Only X4,X3 support this feature for low power consumption!
05-04 04:38:15.378 E/PowerManagerService( 2941): Only X4,X3 support this feature for low power consumption!
05-04 04:38:15.409 E/PowerManagerService( 2941): Only X4,X3 support this feature for low power consumption!
05-04 04:47:18.803 E/PowerManagerService( 2941): Only X4,X3 support this feature for low power consumption!
05-04 04:47:18.857 E/PowerManagerService( 2941): Only X4,X3 support this feature for low power consumption!
05-04 04:56:27.024 E/PowerManagerService( 2941): Only X4,X3 support this feature for low power consumption!
05-04 04:56:27.057 E/PowerManagerService( 2941): Only X4,X3 support this feature for low power consumption!
05-04 05:05:31.278 E/PowerManagerService( 2941): Only X4,X3 support this feature for low power consumption!
05-04 05:05:31.319 E/PowerManagerService( 2941): Only X4,X3 support this feature for low power consumption!
05-04 05:05:31.489 E/PowerManagerService( 2941): Only X4,X3 support this feature for low power consumption!
05-04 05:05:32.546 E/PowerManagerService( 2941): Only X4,X3 support this feature for low power consumption!
05-04 05:05:32.548 E/PowerManagerService( 2941): Only X4,X3 support this feature for low power consumption!
05-04 05:05:33.595 E/PowerManagerService( 2941): Only X4,X3 support this feature for low power consumption!
05-04 05:06:27.740 E/PowerManagerService( 2941): Only X4,X3 support this feature for low power consumption!
05-04 05:06:28.779 E/PowerManagerService( 2941): Only X4,X3 support this feature for low power consumption!
05-04 05:06:28.797 E/PowerManagerService( 2941): Only X4,X3 support this feature for low power consumption!
05-04 05:06:29.334 E/PowerManagerService( 2941): Only X4,X3 support this feature for low power consumption!
05-04 05:12:48.994 E/PowerManagerService( 2941): Only X4,X3 support this feature for low power consumption!
05-04 05:12:49.388 E/ActivityManager( 2941): Exception thrown starting services in ProcessRecord{b6eaf72 16387:com.qihoo.appstore:PluginP01/u0a109}
05-04 05:12:49.388 E/ActivityManager( 2941): android.os.TransactionTooLargeException: data parcel size 345728 bytes
05-04 05:12:49.388 E/ActivityManager( 2941): 	at android.os.BinderProxy.transactNative(Native Method)
05-04 05:12:49.388 E/ActivityManager( 2941): 	at android.os.BinderProxy.transact(Binder.java:506)
05-04 05:12:49.388 E/ActivityManager( 2941): 	at android.app.ApplicationThreadProxy.scheduleServiceArgs(ApplicationThreadNative.java:986)
05-04 05:12:49.388 E/ActivityManager( 2941): 	at com.android.server.am.ActiveServices.sendServiceArgsLocked(ActiveServices.java:1810)
05-04 05:12:49.388 E/ActivityManager( 2941): 	at com.android.server.am.ActiveServices.realStartServiceLocked(ActiveServices.java:1751)
05-04 05:12:49.388 E/ActivityManager( 2941): 	at com.android.server.am.ActiveServices.attachApplicationLocked(ActiveServices.java:2233)
05-04 05:12:49.388 E/ActivityManager( 2941): 	at com.android.server.am.ActivityManagerService.attachApplicationLocked(ActivityManagerService.java:6558)
05-04 05:12:49.388 E/ActivityManager( 2941): 	at com.android.server.am.ActivityManagerService.attachApplication(ActivityManagerService.java:6609)
05-04 05:12:49.388 E/ActivityManager( 2941): 	at android.app.ActivityManagerNative.onTransact(ActivityManagerNative.java:507)
05-04 05:12:49.388 E/ActivityManager( 2941): 	at com.android.server.am.ActivityManagerService.onTransact(ActivityManagerService.java:2602)
05-04 05:12:49.388 E/ActivityManager( 2941): 	at android.os.Binder.execTransact(Binder.java:453)
05-04 05:13:19.473 E/PowerManagerService( 2941): Only X4,X3 support this feature for low power consumption!
05-04 05:14:05.514 E/PowerManagerService( 2941): Only X4,X3 support this feature for low power consumption!
05-04 05:14:05.834 E/PowerManagerService( 2941): Only X4,X3 support this feature for low power consumption!
05-04 05:17:52.953 E/PowerManagerService( 2941): Only X4,X3 support this feature for low power consumption!
05-04 05:17:52.953 E/PowerManagerService( 2941): Only X4,X3 support this feature for low power consumption!
05-04 05:21:52.940 E/PowerManagerService( 2941): Only X4,X3 support this feature for low power consumption!
05-04 05:21:52.972 E/PowerManagerService( 2941): Only X4,X3 support this feature for low power consumption!
05-04 05:30:55.263 E/PowerManagerService( 2941): Only X4,X3 support this feature for low power consumption!
05-04 05:30:55.306 E/PowerManagerService( 2941): Only X4,X3 support this feature for low power consumption!
05-04 05:39:59.226 E/PowerManagerService( 2941): Only X4,X3 support this feature for low power consumption!
05-04 05:39:59.238 E/PowerManagerService( 2941): Only X4,X3 support this feature for low power consumption!
05-04 05:49:07.589 E/PowerManagerService( 2941): Only X4,X3 support this feature for low power consumption!
05-04 05:49:07.608 E/PowerManagerService( 2941): Only X4,X3 support this feature for low power consumption!
05-04 05:58:07.567 E/PowerManagerService( 2941): Only X4,X3 support this feature for low power consumption!
05-04 05:58:07.602 E/PowerManagerService( 2941): Only X4,X3 support this feature for low power consumption!
05-04 06:07:15.961 E/PowerManagerService( 2941): Only X4,X3 support this feature for low power consumption!
05-04 06:07:16.051 E/PowerManagerService( 2941): Only X4,X3 support this feature for low power consumption!
05-04 06:16:20.092 E/PowerManagerService( 2941): Only X4,X3 support this feature for low power consumption!
05-04 06:16:20.117 E/PowerManagerService( 2941): Only X4,X3 support this feature for low power consumption!
05-04 06:25:28.341 E/PowerManagerService( 2941): Only X4,X3 support this feature for low power consumption!
05-04 06:25:28.371 E/PowerManagerService( 2941): Only X4,X3 support this feature for low power consumption!
05-04 06:34:32.041 E/PowerManagerService( 2941): Only X4,X3 support this feature for low power consumption!
05-04 06:34:32.086 E/PowerManagerService( 2941): Only X4,X3 support this feature for low power consumption!
05-04 06:40:56.572 E/PowerManagerService( 2941): Only X4,X3 support this feature for low power consumption!
05-04 06:40:56.579 E/PowerManagerService( 2941): Only X4,X3 support this feature for low power consumption!
05-04 06:43:34.838 E/PowerManagerService( 2941): Only X4,X3 support this feature for low power consumption!
05-04 06:43:34.871 E/PowerManagerService( 2941): Only X4,X3 support this feature for low power consumption!
05-04 06:49:58.298 E/PowerManagerService( 2941): Only X4,X3 support this feature for low power consumption!
05-04 06:50:28.809 E/PowerManagerService( 2941): Only X4,X3 support this feature for low power consumption!
05-04 06:54:05.094 E/PowerManagerService( 2941): Only X4,X3 support this feature for low power consumption!
05-04 06:54:05.166 E/NetdConnector( 2941): NDC Command {673 firewall enable_chain dozable} took too long (27778ms)
05-04 06:54:05.215 E/PowerManagerService( 2941): Only X4,X3 support this feature for low power consumption!
05-04 06:54:05.282 E/PowerManagerService( 2941): Only X4,X3 support this feature for low power consumption!
05-04 06:54:05.283 E/PowerManagerService( 2941): Only X4,X3 support this feature for low power consumption!
05-04 06:58:58.752 E/PowerManagerService( 2941): Only X4,X3 support this feature for low power consumption!
05-04 06:58:58.784 E/PowerManagerService( 2941): Only X4,X3 support this feature for low power consumption!
05-04 07:00:00.415 E/PowerManagerService( 2941): Only X4,X3 support this feature for low power consumption!
05-04 07:00:00.447 E/PowerManagerService( 2941): Only X4,X3 support this feature for low power consumption!
05-04 07:08:02.638 E/PowerManagerService( 2941): Only X4,X3 support this feature for low power consumption!
05-04 07:08:02.731 E/PowerManagerService( 2941): Only X4,X3 support this feature for low power consumption!
05-04 07:17:10.881 E/PowerManagerService( 2941): Only X4,X3 support this feature for low power consumption!
05-04 07:17:10.918 E/PowerManagerService( 2941): Only X4,X3 support this feature for low power consumption!
05-04 07:22:13.413 E/PowerManagerService( 2941): Only X4,X3 support this feature for low power consumption!
05-04 07:22:13.436 E/PowerManagerService( 2941): Only X4,X3 support this feature for low power consumption!
05-04 07:26:14.122 E/PowerManagerService( 2941): Only X4,X3 support this feature for low power consumption!
05-04 07:26:14.174 E/PowerManagerService( 2941): Only X4,X3 support this feature for low power consumption!
05-04 07:35:21.210 E/PowerManagerService( 2941): Only X4,X3 support this feature for low power consumption!
05-04 07:35:21.228 E/PowerManagerService( 2941): Only X4,X3 support this feature for low power consumption!
05-04 07:44:24.482 E/PowerManagerService( 2941): Only X4,X3 support this feature for low power consumption!
05-04 07:44:24.521 E/PowerManagerService( 2941): Only X4,X3 support this feature for low power consumption!
05-04 07:46:57.551 E/PowerManagerService( 2941): Only X4,X3 support this feature for low power consumption!
05-04 07:47:13.953 E/PowerManagerService( 2941): Only X4,X3 support this feature for low power consumption!
05-04 07:47:13.957 E/PowerManagerService( 2941): Only X4,X3 support this feature for low power consumption!
05-04 07:47:14.997 E/PowerManagerService( 2941): Only X4,X3 support this feature for low power consumption!
05-04 07:47:18.933 E/PowerManagerService( 2941): Only X4,X3 support this feature for low power consumption!
05-04 07:47:19.187 E/PowerManagerService( 2941): Only X4,X3 support this feature for low power consumption!
05-04 07:49:06.234 E/PowerManagerService( 2941): Only X4,X3 support this feature for low power consumption!
05-04 07:49:06.364 E/PowerManagerService( 2941): Only X4,X3 support this feature for low power consumption!
05-04 07:49:58.806 E/PowerManagerService( 2941): Only X4,X3 support this feature for low power consumption!
05-04 07:49:58.850 E/PowerManagerService( 2941): Only X4,X3 support this feature for low power consumption!
05-04 07:49:58.851 E/PowerManagerService( 2941): Only X4,X3 support this feature for low power consumption!
05-04 07:49:58.852 E/PowerManagerService( 2941): Only X4,X3 support this feature for low power consumption!
05-04 07:50:21.586 E/PowerManagerService( 2941): Only X4,X3 support this feature for low power consumption!
05-04 07:50:21.725 E/PowerManagerService( 2941): Only X4,X3 support this feature for low power consumption!
05-04 07:52:23.044 E/PowerManagerService( 2941): Only X4,X3 support this feature for low power consumption!
05-04 07:52:23.180 E/PowerManagerService( 2941): Only X4,X3 support this feature for low power consumption!
05-04 07:54:06.396 E/PowerManagerService( 2941): Only X4,X3 support this feature for low power consumption!
05-04 07:54:06.441 E/PowerManagerService( 2941): Only X4,X3 support this feature for low power consumption!
05-04 07:55:21.999 E/PowerManagerService( 2941): Only X4,X3 support this feature for low power consumption!
05-04 07:55:22.082 E/PowerManagerService( 2941): Only X4,X3 support this feature for low power consumption!
05-04 07:57:24.670 E/PowerManagerService( 2941): Only X4,X3 support this feature for low power consumption!
05-04 07:57:41.047 E/PowerManagerService( 2941): Only X4,X3 support this feature for low power consumption!
05-04 07:57:41.055 E/PowerManagerService( 2941): Only X4,X3 support this feature for low power consumption!
05-04 07:57:42.097 E/PowerManagerService( 2941): Only X4,X3 support this feature for low power consumption!
05-04 07:57:42.422 E/PowerManagerService( 2941): Only X4,X3 support this feature for low power consumption!
05-04 07:57:42.778 E/PowerManagerService( 2941): Only X4,X3 support this feature for low power consumption!
05-04 07:57:47.773 E/PowerManagerService( 2941): Only X4,X3 support this feature for low power consumption!
05-04 07:57:47.816 E/PowerManagerService( 2941): Only X4,X3 support this feature for low power consumption!
05-04 08:00:23.087 E/PowerManagerService( 2941): Only X4,X3 support this feature for low power consumption!
05-04 08:00:23.173 E/PowerManagerService( 2941): Only X4,X3 support this feature for low power consumption!
05-04 08:02:13.482 E/PowerManagerService( 2941): Only X4,X3 support this feature for low power consumption!
05-04 08:02:13.550 E/PowerManagerService( 2941): Only X4,X3 support this feature for low power consumption!
05-04 08:04:06.166 E/PowerManagerService( 2941): Only X4,X3 support this feature for low power consumption!
05-04 08:04:06.394 E/PowerManagerService( 2941): Only X4,X3 support this feature for low power consumption!
05-04 08:05:21.980 E/PowerManagerService( 2941): Only X4,X3 support this feature for low power consumption!
05-04 08:05:22.054 E/PowerManagerService( 2941): Only X4,X3 support this feature for low power consumption!
05-04 08:07:31.014 E/PowerManagerService( 2941): Only X4,X3 support this feature for low power consumption!
05-04 08:07:47.618 E/PowerManagerService( 2941): Only X4,X3 support this feature for low power consumption!
05-04 08:07:47.624 E/PowerManagerService( 2941): Only X4,X3 support this feature for low power consumption!
05-04 08:07:48.662 E/PowerManagerService( 2941): Only X4,X3 support this feature for low power consumption!
05-04 08:07:52.593 E/PowerManagerService( 2941): Only X4,X3 support this feature for low power consumption!
05-04 08:07:52.830 E/PowerManagerService( 2941): Only X4,X3 support this feature for low power consumption!
05-04 08:10:23.636 E/PowerManagerService( 2941): Only X4,X3 support this feature for low power consumption!
05-04 08:10:23.712 E/PowerManagerService( 2941): Only X4,X3 support this feature for low power consumption!
05-04 08:12:13.846 E/PowerManagerService( 2941): Only X4,X3 support this feature for low power consumption!
05-04 08:12:13.935 E/PowerManagerService( 2941): Only X4,X3 support this feature for low power consumption!
05-04 08:14:06.510 E/PowerManagerService( 2941): Only X4,X3 support this feature for low power consumption!
05-04 08:14:06.655 E/PowerManagerService( 2941): Only X4,X3 support this feature for low power consumption!
05-04 08:15:22.173 E/PowerManagerService( 2941): Only X4,X3 support this feature for low power consumption!
05-04 08:15:22.302 E/PowerManagerService( 2941): Only X4,X3 support this feature for low power consumption!
05-04 08:17:33.076 E/PowerManagerService( 2941): Only X4,X3 support this feature for low power consumption!
05-04 08:17:49.499 E/PowerManagerService( 2941): Only X4,X3 support this feature for low power consumption!
05-04 08:17:49.503 E/PowerManagerService( 2941): Only X4,X3 support this feature for low power consumption!
05-04 08:17:50.545 E/PowerManagerService( 2941): Only X4,X3 support this feature for low power consumption!
05-04 08:17:54.475 E/PowerManagerService( 2941): Only X4,X3 support this feature for low power consumption!
05-04 08:17:54.719 E/PowerManagerService( 2941): Only X4,X3 support this feature for low power consumption!
05-04 08:19:06.171 E/PowerManagerService( 2941): Only X4,X3 support this feature for low power consumption!
05-04 08:19:06.381 E/PowerManagerService( 2941): Only X4,X3 support this feature for low power consumption!
05-04 08:20:21.894 E/PowerManagerService( 2941): Only X4,X3 support this feature for low power consumption!
05-04 08:20:21.941 E/PowerManagerService( 2941): Only X4,X3 support this feature for low power consumption!
05-04 08:22:37.820 E/PowerManagerService( 2941): Only X4,X3 support this feature for low power consumption!
05-04 08:22:43.087 E/PowerManagerService( 2941): Only X4,X3 support this feature for low power consumption!
05-04 08:24:05.739 E/PowerManagerService( 2941): Only X4,X3 support this feature for low power consumption!
05-04 08:24:05.834 E/NetdConnector( 2941): NDC Command {689 firewall enable_chain dozable} took too long (82744ms)
05-04 08:24:05.867 E/PowerManagerService( 2941): Only X4,X3 support this feature for low power consumption!
05-04 08:25:22.434 E/PowerManagerService( 2941): Only X4,X3 support this feature for low power consumption!
05-04 08:25:22.511 E/PowerManagerService( 2941): Only X4,X3 support this feature for low power consumption!
05-04 08:27:35.088 E/PowerManagerService( 2941): Only X4,X3 support this feature for low power consumption!
05-04 08:27:51.493 E/PowerManagerService( 2941): Only X4,X3 support this feature for low power consumption!
05-04 08:27:51.502 E/PowerManagerService( 2941): Only X4,X3 support this feature for low power consumption!
05-04 08:27:52.539 E/PowerManagerService( 2941): Only X4,X3 support this feature for low power consumption!
05-04 08:27:56.486 E/PowerManagerService( 2941): Only X4,X3 support this feature for low power consumption!
05-04 08:27:56.730 E/PowerManagerService( 2941): Only X4,X3 support this feature for low power consumption!
05-04 08:30:23.059 E/PowerManagerService( 2941): Only X4,X3 support this feature for low power consumption!
05-04 08:30:23.116 E/PowerManagerService( 2941): Only X4,X3 support this feature for low power consumption!
05-04 08:32:14.526 E/PowerManagerService( 2941): Only X4,X3 support this feature for low power consumption!
05-04 08:32:14.605 E/PowerManagerService( 2941): Only X4,X3 support this feature for low power consumption!
05-04 08:34:06.142 E/PowerManagerService( 2941): Only X4,X3 support this feature for low power consumption!
05-04 08:34:06.917 E/PowerManagerService( 2941): Only X4,X3 support this feature for low power consumption!
05-04 08:35:22.433 E/PowerManagerService( 2941): Only X4,X3 support this feature for low power consumption!
05-04 08:35:22.576 E/PowerManagerService( 2941): Only X4,X3 support this feature for low power consumption!
05-04 08:37:45.236 E/PowerManagerService( 2941): Only X4,X3 support this feature for low power consumption!
05-04 08:38:03.648 E/PowerManagerService( 2941): Only X4,X3 support this feature for low power consumption!
05-04 08:38:03.651 E/PowerManagerService( 2941): Only X4,X3 support this feature for low power consumption!
05-04 08:38:04.691 E/PowerManagerService( 2941): Only X4,X3 support this feature for low power consumption!
05-04 08:38:08.629 E/PowerManagerService( 2941): Only X4,X3 support this feature for low power consumption!
05-04 08:38:08.890 E/PowerManagerService( 2941): Only X4,X3 support this feature for low power consumption!
05-04 08:40:23.412 E/PowerManagerService( 2941): Only X4,X3 support this feature for low power consumption!
05-04 08:40:23.475 E/PowerManagerService( 2941): Only X4,X3 support this feature for low power consumption!
05-04 08:42:14.072 E/PowerManagerService( 2941): Only X4,X3 support this feature for low power consumption!
05-04 08:42:14.128 E/PowerManagerService( 2941): Only X4,X3 support this feature for low power consumption!
05-04 08:44:06.458 E/PowerManagerService( 2941): Only X4,X3 support this feature for low power consumption!
05-04 08:44:06.521 E/PowerManagerService( 2941): Only X4,X3 support this feature for low power consumption!
05-04 08:45:22.127 E/PowerManagerService( 2941): Only X4,X3 support this feature for low power consumption!
05-04 08:45:22.191 E/PowerManagerService( 2941): Only X4,X3 support this feature for low power consumption!
05-04 08:46:04.851 E/PowerManagerService( 2941): Only X4,X3 support this feature for low power consumption!
05-04 08:46:04.919 E/PowerManagerService( 2941): Only X4,X3 support this feature for low power consumption!
05-04 08:46:04.919 E/PowerManagerService( 2941): Only X4,X3 support this feature for low power consumption!
05-04 08:46:04.932 E/PowerManagerService( 2941): Only X4,X3 support this feature for low power consumption!
05-04 08:46:05.006 E/ActivityManager( 2941): Invalid thumbnail dimensions: 0x0
05-04 08:46:05.023 E/PowerManagerService( 2941): Only X4,X3 support this feature for low power consumption!
05-04 08:46:05.675 E/ConnectivityService( 2941): RemoteException caught trying to send a callback msg for NetworkRequest [ id=22, legacyType=-1, [ Capabilities: INTERNET&NOT_RESTRICTED&TRUSTED] ]
05-04 08:46:18.212 E/ConnectivityService( 2941): Unexpected mtu value: 0, wlan0
05-04 08:46:18.590 E/ActivityManager( 2941): Invalid thumbnail dimensions: 0x0
05-04 08:46:19.532 E/bt_a2dp_hw(  457): adev_set_parameters: ERROR: set param called even when stream out is null
05-04 08:46:21.368 E/ConnectivityService( 2941): RemoteException caught trying to send a callback msg for NetworkRequest [ id=27, legacyType=-1, [ Capabilities: INTERNET&NOT_RESTRICTED&TRUSTED] ]
05-04 08:46:21.369 E/ConnectivityService( 2941): RemoteException caught trying to send a callback msg for NetworkRequest [ id=26, legacyType=-1, [ Capabilities: INTERNET&NOT_RESTRICTED&TRUSTED] ]
05-04 08:46:29.829 E/bt_a2dp_hw(  457): adev_set_parameters: ERROR: set param called even when stream out is null
05-04 08:46:36.066 E/PowerManagerService( 2941): Only X4,X3 support this feature for low power consumption!
05-04 08:46:36.090 E/PowerManagerService( 2941): Only X4,X3 support this feature for low power consumption!
05-04 08:46:38.176 E/PowerManagerService( 2941): Only X4,X3 support this feature for low power consumption!
05-04 08:46:41.604 E/PowerManagerService( 2941): Only X4,X3 support this feature for low power consumption!
05-04 08:46:42.636 E/PowerManagerService( 2941): Only X4,X3 support this feature for low power consumption!
05-04 08:46:42.648 E/PowerManagerService( 2941): Only X4,X3 support this feature for low power consumption!
05-04 08:46:43.683 E/PowerManagerService( 2941): Only X4,X3 support this feature for low power consumption!
05-04 08:46:43.700 E/PowerManagerService( 2941): Only X4,X3 support this feature for low power consumption!
05-04 08:46:44.742 E/PowerManagerService( 2941): Only X4,X3 support this feature for low power consumption!
05-04 08:46:57.244 E/PowerManagerService( 2941): Only X4,X3 support this feature for low power consumption!
05-04 08:46:57.245 E/PowerManagerService( 2941): Only X4,X3 support this feature for low power consumption!
05-04 08:46:57.335 E/PowerManagerService( 2941): Only X4,X3 support this feature for low power consumption!
05-04 08:46:59.404 E/PowerManagerService( 2941): Only X4,X3 support this feature for low power consumption!
05-04 08:46:59.422 E/PowerManagerService( 2941): Only X4,X3 support this feature for low power consumption!
05-04 08:47:00.461 E/PowerManagerService( 2941): Only X4,X3 support this feature for low power consumption!
05-04 08:47:00.478 E/PowerManagerService( 2941): Only X4,X3 support this feature for low power consumption!
05-04 08:47:01.567 E/PowerManagerService( 2941): Only X4,X3 support this feature for low power consumption!
05-04 08:47:01.578 E/PowerManagerService( 2941): Only X4,X3 support this feature for low power consumption!
05-04 08:47:02.620 E/PowerManagerService( 2941): Only X4,X3 support this feature for low power consumption!
05-04 08:47:02.637 E/PowerManagerService( 2941): Only X4,X3 support this feature for low power consumption!
05-04 08:47:03.692 E/PowerManagerService( 2941): Only X4,X3 support this feature for low power consumption!
05-04 08:47:03.709 E/PowerManagerService( 2941): Only X4,X3 support this feature for low power consumption!
05-04 08:47:11.048 E/PowerManagerService( 2941): Only X4,X3 support this feature for low power consumption!
05-04 08:47:11.078 E/PowerManagerService( 2941): Only X4,X3 support this feature for low power consumption!
05-04 08:47:12.274 E/PowerManagerService( 2941): Only X4,X3 support this feature for low power consumption!
05-04 08:47:12.287 E/PowerManagerService( 2941): Only X4,X3 support this feature for low power consumption!
05-04 08:47:13.305 E/PowerManagerService( 2941): Only X4,X3 support this feature for low power consumption!
05-04 08:47:13.322 E/PowerManagerService( 2941): Only X4,X3 support this feature for low power consumption!
05-04 08:47:14.429 E/PowerManagerService( 2941): Only X4,X3 support this feature for low power consumption!
05-04 08:47:14.450 E/PowerManagerService( 2941): Only X4,X3 support this feature for low power consumption!
05-04 08:47:14.990 E/PowerManagerService( 2941): Only X4,X3 support this feature for low power consumption!
05-04 08:47:20.841 E/PowerManagerService( 2941): Only X4,X3 support this feature for low power consumption!
05-04 08:47:21.024 E/PowerManagerService( 2941): Only X4,X3 support this feature for low power consumption!
05-04 08:49:06.057 E/PowerManagerService( 2941): Only X4,X3 support this feature for low power consumption!
05-04 08:49:06.128 E/PowerManagerService( 2941): Only X4,X3 support this feature for low power consumption!
05-04 08:50:12.827 E/PowerManagerService( 2941): Only X4,X3 support this feature for low power consumption!
05-04 08:50:13.050 E/PowerManagerService( 2941): Only X4,X3 support this feature for low power consumption!
05-04 08:52:00.453 E/PowerManagerService( 2941): Only X4,X3 support this feature for low power consumption!
05-04 08:52:00.857 E/PowerManagerService( 2941): Only X4,X3 support this feature for low power consumption!
05-04 08:54:07.233 E/PowerManagerService( 2941): Only X4,X3 support this feature for low power consumption!
05-04 08:54:07.417 E/PowerManagerService( 2941): Only X4,X3 support this feature for low power consumption!
05-04 08:54:09.109 E/PowerManagerService( 2941): Only X4,X3 support this feature for low power consumption!
05-04 08:54:09.222 E/PowerManagerService( 2941): Only X4,X3 support this feature for low power consumption!
05-04 08:55:12.710 E/PowerManagerService( 2941): Only X4,X3 support this feature for low power consumption!
05-04 08:55:12.781 E/PowerManagerService( 2941): Only X4,X3 support this feature for low power consumption!
05-04 08:59:09.982 E/PowerManagerService( 2941): Only X4,X3 support this feature for low power consumption!
05-04 08:59:26.404 E/PowerManagerService( 2941): Only X4,X3 support this feature for low power consumption!
05-04 08:59:26.409 E/PowerManagerService( 2941): Only X4,X3 support this feature for low power consumption!
05-04 08:59:27.445 E/PowerManagerService( 2941): Only X4,X3 support this feature for low power consumption!
05-04 08:59:31.373 E/PowerManagerService( 2941): Only X4,X3 support this feature for low power consumption!
05-04 08:59:31.615 E/PowerManagerService( 2941): Only X4,X3 support this feature for low power consumption!
05-04 09:00:12.560 E/PowerManagerService( 2941): Only X4,X3 support this feature for low power consumption!
05-04 09:00:12.619 E/PowerManagerService( 2941): Only X4,X3 support this feature for low power consumption!
05-04 09:02:45.596 E/PowerManagerService( 2941): Only X4,X3 support this feature for low power consumption!
05-04 09:02:45.656 E/PowerManagerService( 2941): Only X4,X3 support this feature for low power consumption!
05-04 09:04:05.621 E/PowerManagerService( 2941): Only X4,X3 support this feature for low power consumption!
05-04 09:04:05.761 E/PowerManagerService( 2941): Only X4,X3 support this feature for low power consumption!
05-04 09:05:13.212 E/PowerManagerService( 2941): Only X4,X3 support this feature for low power consumption!
05-04 09:05:13.336 E/PowerManagerService( 2941): Only X4,X3 support this feature for low power consumption!
05-04 09:09:18.877 E/PowerManagerService( 2941): Only X4,X3 support this feature for low power consumption!
05-04 09:09:36.303 E/PowerManagerService( 2941): Only X4,X3 support this feature for low power consumption!
05-04 09:09:36.306 E/PowerManagerService( 2941): Only X4,X3 support this feature for low power consumption!
05-04 09:09:37.344 E/PowerManagerService( 2941): Only X4,X3 support this feature for low power consumption!
05-04 09:09:41.296 E/PowerManagerService( 2941): Only X4,X3 support this feature for low power consumption!
05-04 09:09:41.535 E/PowerManagerService( 2941): Only X4,X3 support this feature for low power consumption!
05-04 09:10:12.266 E/PowerManagerService( 2941): Only X4,X3 support this feature for low power consumption!
05-04 09:10:12.339 E/PowerManagerService( 2941): Only X4,X3 support this feature for low power consumption!
05-04 09:11:00.080 E/PowerManagerService( 2941): Only X4,X3 support this feature for low power consumption!
05-04 09:11:00.135 E/PowerManagerService( 2941): Only X4,X3 support this feature for low power consumption!
05-04 09:11:00.159 E/PowerManagerService( 2941): Only X4,X3 support this feature for low power consumption!
05-04 09:11:00.195 E/ActivityManager( 2941): Invalid thumbnail dimensions: 0x0
05-04 09:11:00.795 E/ConnectivityService( 2941): RemoteException caught trying to send a callback msg for NetworkRequest [ id=29, legacyType=-1, [ Capabilities: INTERNET&NOT_RESTRICTED&TRUSTED] ]
05-04 09:11:14.484 E/ConnectivityService( 2941): Unexpected mtu value: 0, wlan0
05-04 09:11:14.730 E/ActivityManager( 2941): Invalid thumbnail dimensions: 0x0
05-04 09:11:15.806 E/bt_a2dp_hw(  457): adev_set_parameters: ERROR: set param called even when stream out is null
05-04 09:11:16.568 E/ConnectivityService( 2941): RemoteException caught trying to send a callback msg for NetworkRequest [ id=33, legacyType=-1, [ Capabilities: INTERNET&NOT_RESTRICTED&TRUSTED] ]
05-04 09:11:16.569 E/ConnectivityService( 2941): RemoteException caught trying to send a callback msg for NetworkRequest [ id=32, legacyType=-1, [ Capabilities: INTERNET&NOT_RESTRICTED&TRUSTED] ]
05-04 09:11:26.116 E/bt_a2dp_hw(  457): adev_set_parameters: ERROR: set param called even when stream out is null
05-04 09:11:31.355 E/PowerManagerService( 2941): Only X4,X3 support this feature for low power consumption!
05-04 09:11:31.375 E/PowerManagerService( 2941): Only X4,X3 support this feature for low power consumption!
05-04 09:11:32.399 E/PowerManagerService( 2941): Only X4,X3 support this feature for low power consumption!
05-04 09:11:32.416 E/PowerManagerService( 2941): Only X4,X3 support this feature for low power consumption!
05-04 09:11:33.458 E/PowerManagerService( 2941): Only X4,X3 support this feature for low power consumption!
05-04 09:11:33.484 E/PowerManagerService( 2941): Only X4,X3 support this feature for low power consumption!
05-04 09:11:35.687 E/PowerManagerService( 2941): Only X4,X3 support this feature for low power consumption!
05-04 09:11:39.108 E/PowerManagerService( 2941): Only X4,X3 support this feature for low power consumption!
05-04 09:11:40.149 E/PowerManagerService( 2941): Only X4,X3 support this feature for low power consumption!
05-04 09:11:40.163 E/PowerManagerService( 2941): Only X4,X3 support this feature for low power consumption!
05-04 09:11:41.199 E/PowerManagerService( 2941): Only X4,X3 support this feature for low power consumption!
05-04 09:11:41.216 E/PowerManagerService( 2941): Only X4,X3 support this feature for low power consumption!
05-04 09:11:42.258 E/PowerManagerService( 2941): Only X4,X3 support this feature for low power consumption!
05-04 09:11:48.734 E/PowerManagerService( 2941): Only X4,X3 support this feature for low power consumption!
05-04 09:12:04.352 E/PowerManagerService( 2941): Only X4,X3 support this feature for low power consumption!
05-04 09:12:04.365 E/PowerManagerService( 2941): Only X4,X3 support this feature for low power consumption!
05-04 09:12:05.422 E/PowerManagerService( 2941): Only X4,X3 support this feature for low power consumption!
05-04 09:12:05.434 E/PowerManagerService( 2941): Only X4,X3 support this feature for low power consumption!
05-04 09:12:06.470 E/PowerManagerService( 2941): Only X4,X3 support this feature for low power consumption!
05-04 09:12:06.490 E/PowerManagerService( 2941): Only X4,X3 support this feature for low power consumption!
05-04 09:12:07.030 E/PowerManagerService( 2941): Only X4,X3 support this feature for low power consumption!
05-04 09:14:06.460 E/PowerManagerService( 2941): Only X4,X3 support this feature for low power consumption!
05-04 09:14:06.678 E/PowerManagerService( 2941): Only X4,X3 support this feature for low power consumption!
05-04 09:15:13.030 E/PowerManagerService( 2941): Only X4,X3 support this feature for low power consumption!
05-04 09:15:13.066 E/PowerManagerService( 2941): Only X4,X3 support this feature for low power consumption!
05-04 09:16:59.463 E/PowerManagerService( 2941): Only X4,X3 support this feature for low power consumption!
05-04 09:16:59.552 E/PowerManagerService( 2941): Only X4,X3 support this feature for low power consumption!
05-04 09:17:04.008 E/PowerManagerService( 2941): Only X4,X3 support this feature for low power consumption!
05-04 09:17:04.042 E/NetdConnector( 2941): NDC Command {758 firewall enable_chain dozable} took too long (4391ms)
05-04 09:17:09.603 E/PowerManagerService( 2941): Only X4,X3 support this feature for low power consumption!
05-04 09:19:06.835 E/PowerManagerService( 2941): Only X4,X3 support this feature for low power consumption!
05-04 09:19:06.894 E/PowerManagerService( 2941): Only X4,X3 support this feature for low power consumption!
05-04 09:20:12.621 E/PowerManagerService( 2941): Only X4,X3 support this feature for low power consumption!
05-04 09:20:12.755 E/PowerManagerService( 2941): Only X4,X3 support this feature for low power consumption!
05-04 09:24:09.158 E/PowerManagerService( 2941): Only X4,X3 support this feature for low power consumption!
05-04 09:24:09.327 E/PowerManagerService( 2941): Only X4,X3 support this feature for low power consumption!
05-04 09:24:19.089 E/PowerManagerService( 2941): Only X4,X3 support this feature for low power consumption!
05-04 09:24:35.437 E/PowerManagerService( 2941): Only X4,X3 support this feature for low power consumption!
05-04 09:24:35.439 E/PowerManagerService( 2941): Only X4,X3 support this feature for low power consumption!
05-04 09:24:36.477 E/PowerManagerService( 2941): Only X4,X3 support this feature for low power consumption!
05-04 09:24:40.440 E/PowerManagerService( 2941): Only X4,X3 support this feature for low power consumption!
05-04 09:24:40.689 E/PowerManagerService( 2941): Only X4,X3 support this feature for low power consumption!
05-04 09:25:12.466 E/PowerManagerService( 2941): Only X4,X3 support this feature for low power consumption!
05-04 09:25:12.525 E/PowerManagerService( 2941): Only X4,X3 support this feature for low power consumption!
05-04 09:25:20.503 E/PowerManagerService( 2941): Only X4,X3 support this feature for low power consumption!
05-04 09:25:20.504 E/PowerManagerService( 2941): Only X4,X3 support this feature for low power consumption!
05-04 09:26:22.873 E/PowerManagerService( 2941): Only X4,X3 support this feature for low power consumption!
05-04 09:26:22.950 E/PowerManagerService( 2941): Only X4,X3 support this feature for low power consumption!
05-04 09:30:10.778 E/PowerManagerService( 2941): Only X4,X3 support this feature for low power consumption!
05-04 09:30:10.825 E/bt_a2dp_hw(  457): adev_set_parameters: ERROR: set param called even when stream out is null
05-04 09:30:11.573 E/bt_a2dp_hw(  457): adev_set_parameters: ERROR: set param called even when stream out is null
05-04 09:30:11.683 E/bt_a2dp_hw(  457): adev_set_parameters: ERROR: set param called even when stream out is null
05-04 09:30:13.740 E/ActivityThread( 5064): Failed to find provider info for com.xiaomi.tv.gallerylockscreen.lockscreen_magazine_provider
05-04 09:30:14.140 E/ConnectivityService( 2941): RemoteException caught trying to send a callback msg for NetworkRequest [ id=35, legacyType=-1, [ Capabilities: INTERNET&NOT_RESTRICTED&TRUSTED] ]
05-04 09:30:20.049 E/ActivityManager( 2941): Invalid thumbnail dimensions: 0x0
05-04 09:30:27.749 E/ActivityManager( 2941): Invalid thumbnail dimensions: 0x0
05-04 09:30:39.606 E/ActivityManager( 2941): Invalid thumbnail dimensions: 0x0
05-04 09:31:00.557 E/ActivityManager( 2941): Invalid thumbnail dimensions: 0x0
05-04 09:31:10.633 E/ActivityThread( 4428): Failed to find provider info for com.xiaomi.tv.gallerylockscreen.lockscreen_magazine_provider
05-04 09:31:10.657 E/bt_a2dp_hw(  457): adev_set_parameters: ERROR: set param called even when stream out is null
05-04 09:31:10.662 E/ActivityThread( 4428): Failed to find provider info for com.xiaomi.tv.gallerylockscreen.lockscreen_magazine_provider
05-04 09:31:10.662 E/ActivityThread( 4428): Failed to find provider info for com.xiaomi.tv.gallerylockscreen.lockscreen_magazine_provider
05-04 09:31:11.053 E/PowerManagerService( 2941): Only X4,X3 support this feature for low power consumption!
05-04 09:31:11.464 E/PowerManagerService( 2941): Only X4,X3 support this feature for low power consumption!
05-04 09:31:11.501 E/bt_a2dp_hw(  457): adev_set_parameters: ERROR: set param called even when stream out is null
05-04 09:31:15.251 E/ActivityThread( 5064): Failed to find provider info for com.xiaomi.tv.gallerylockscreen.lockscreen_magazine_provider
05-04 09:31:16.196 E/ConnectivityService( 2941): RemoteException caught trying to send a callback msg for NetworkRequest [ id=42, legacyType=-1, [ Capabilities: INTERNET&NOT_RESTRICTED&TRUSTED] ]
05-04 09:31:16.197 E/ConnectivityService( 2941): RemoteException caught trying to send a callback msg for NetworkRequest [ id=41, legacyType=-1, [ Capabilities: INTERNET&NOT_RESTRICTED&TRUSTED] ]
05-04 09:31:27.992 E/ConnectivityService( 2941): RemoteException caught trying to send a callback msg for NetworkRequest [ id=37, legacyType=-1, [ Capabilities: INTERNET&NOT_RESTRICTED&TRUSTED] ]
05-04 09:37:08.291 E/ActivityManager( 2941): Invalid thumbnail dimensions: 0x0
05-04 09:37:12.822 E/ActivityManager( 2941): Invalid thumbnail dimensions: 0x0
05-04 09:37:14.171 E/ActivityManager( 2941): Invalid thumbnail dimensions: 0x0
05-04 09:41:20.794 E/ActivityManager( 2941): Invalid thumbnail dimensions: 0x0
05-04 09:41:25.534 E/ActivityManager( 2941): Invalid thumbnail dimensions: 0x0
05-04 09:41:26.723 E/ActivityManager( 2941): Invalid thumbnail dimensions: 0x0
05-04 09:42:12.507 E/ActivityManager( 2941): Invalid thumbnail dimensions: 0x0
05-04 09:42:38.129 E/ActivityManager( 2941): Invalid thumbnail dimensions: 0x0
05-04 09:43:06.672 E/ActivityManager( 2941): Invalid thumbnail dimensions: 0x0
05-04 09:44:29.151 E/ActivityManager( 2941): Invalid thumbnail dimensions: 0x0
05-04 09:44:34.041 E/ActivityManager( 2941): Invalid thumbnail dimensions: 0x0
05-04 09:44:35.196 E/ActivityManager( 2941): Invalid thumbnail dimensions: 0x0
05-04 09:50:12.446 E/ConnectivityService( 2941): EVENT_NETWORK_INFO_CHANGED from unknown NetworkAgent
05-04 09:50:13.399 E/ConnectivityService( 2941): RemoteException caught trying to send a callback msg for NetworkRequest [ id=44, legacyType=-1, [ Capabilities: INTERNET&NOT_RESTRICTED&TRUSTED] ]
05-04 09:50:13.894 E/ConnectivityService( 2941): Unexpected mtu value: 0, wlan0
05-04 09:50:14.272 E/ActivityManager( 2941): Invalid thumbnail dimensions: 0x0
05-04 09:50:16.698 E/ConnectivityService( 2941): RemoteException caught trying to send a callback msg for NetworkRequest [ id=46, legacyType=-1, [ Capabilities: INTERNET&NOT_RESTRICTED&TRUSTED] ]
05-04 09:50:16.699 E/ConnectivityService( 2941): RemoteException caught trying to send a callback msg for NetworkRequest [ id=47, legacyType=-1, [ Capabilities: INTERNET&NOT_RESTRICTED&TRUSTED] ]
05-04 09:50:43.734 E/ActivityManager( 2941): Invalid thumbnail dimensions: 0x0
05-04 10:00:14.276 E/ActivityManager( 2941): Invalid thumbnail dimensions: 0x0
05-04 10:02:10.438 E/ActivityManager( 2941): Invalid thumbnail dimensions: 0x0
05-04 10:02:10.956 E/ActivityManager( 2941): Invalid thumbnail dimensions: 0x0
05-04 10:02:15.854 E/ActivityManager( 2941): Invalid thumbnail dimensions: 0x0
05-04 10:02:15.890 E/ActivityManager( 2941): Invalid thumbnail dimensions: 0x0
05-04 10:02:17.086 E/ActivityManager( 2941): Invalid thumbnail dimensions: 0x0
05-04 10:02:17.112 E/ActivityManager( 2941): Invalid thumbnail dimensions: 0x0
05-04 10:02:20.043 E/ActivityManager( 2941): Invalid thumbnail dimensions: 0x0
05-04 10:05:24.497 E/ActivityManager( 2941): Invalid thumbnail dimensions: 0x0
05-04 10:05:24.970 E/ActivityThread( 4428): Failed to find provider info for com.xiaomi.tv.gallerylockscreen.lockscreen_magazine_provider
05-04 10:05:24.978 E/ActivityThread( 4428): Failed to find provider info for com.xiaomi.tv.gallerylockscreen.lockscreen_magazine_provider
05-04 10:05:24.979 E/ActivityThread( 4428): Failed to find provider info for com.xiaomi.tv.gallerylockscreen.lockscreen_magazine_provider
05-04 10:05:25.038 E/bt_a2dp_hw(  457): adev_set_parameters: ERROR: set param called even when stream out is null
05-04 10:05:27.299 E/PowerManagerService( 2941): Only X4,X3 support this feature for low power consumption!
05-04 10:06:08.424 E/PowerManagerService( 2941): Only X4,X3 support this feature for low power consumption!
05-04 10:06:08.504 E/bt_a2dp_hw(  457): adev_set_parameters: ERROR: set param called even when stream out is null
05-04 10:06:09.656 E/NetdConnector( 2941): NDC Command {853 firewall disable_chain standby} took too long (1100ms)
05-04 10:06:51.292 E/ActivityThread( 5064): Failed to find provider info for com.xiaomi.tv.gallerylockscreen.lockscreen_magazine_provider
05-04 10:06:51.638 E/ConnectivityService( 2941): RemoteException caught trying to send a callback msg for NetworkRequest [ id=49, legacyType=-1, [ Capabilities: INTERNET&NOT_RESTRICTED&TRUSTED] ]
05-04 10:07:06.376 E/ActivityManager( 2941): Invalid thumbnail dimensions: 0x0
05-04 10:07:11.716 E/ActivityManager( 2941): Invalid thumbnail dimensions: 0x0
05-04 10:07:41.790 E/ActivityManager( 2941): Invalid thumbnail dimensions: 0x0
05-04 10:07:47.953 E/ActivityManager( 2941): Invalid thumbnail dimensions: 0x0
05-04 10:08:04.822 E/ActivityManager( 2941): Invalid thumbnail dimensions: 0x0
05-04 10:08:48.030 E/ConnectivityService( 2941): RemoteException caught trying to send a callback msg for NetworkRequest [ id=53, legacyType=-1, [ Capabilities: INTERNET&NOT_RESTRICTED&TRUSTED] ]
05-04 10:09:30.041 E/ActivityManager( 2941): Invalid thumbnail dimensions: 0x0
05-04 10:09:34.641 E/ActivityManager( 2941): Invalid thumbnail dimensions: 0x0
05-04 10:09:35.872 E/ActivityManager( 2941): Invalid thumbnail dimensions: 0x0
05-04 10:15:14.954 E/AndroidRuntime( 9881): *** FATAL EXCEPTION IN SYSTEM PROCESS: main
05-04 10:15:14.954 E/AndroidRuntime( 9881): java.lang.IllegalStateException: UiAutomationService android.accessibilityservice.IAccessibilityServiceClient$Stub$Proxy@c1ca95ealready registered!
05-04 10:15:14.954 E/AndroidRuntime( 9881): 	at android.os.Parcel.readException(Parcel.java:1628)
05-04 10:15:14.954 E/AndroidRuntime( 9881): 	at android.os.Parcel.readException(Parcel.java:1573)
05-04 10:15:14.954 E/AndroidRuntime( 9881): 	at android.view.accessibility.IAccessibilityManager$Stub$Proxy.registerUiTestAutomationService(IAccessibilityManager.java:352)
05-04 10:15:14.954 E/AndroidRuntime( 9881): 	at android.app.UiAutomationConnection.registerUiTestAutomationServiceLocked(UiAutomationConnection.java:337)
05-04 10:15:14.954 E/AndroidRuntime( 9881): 	at android.app.UiAutomationConnection.connect(UiAutomationConnection.java:89)
05-04 10:15:14.954 E/AndroidRuntime( 9881): 	at android.app.UiAutomation.connect(UiAutomation.java:197)
05-04 10:15:14.954 E/AndroidRuntime( 9881): 	at com.android.uiautomator.core.UiAutomationShellWrapper.connect(UiAutomationShellWrapper.java:32)
05-04 10:15:14.954 E/AndroidRuntime( 9881): 	at com.android.commands.uiautomator.DumpCommand.run(DumpCommand.java:74)
05-04 10:15:14.954 E/AndroidRuntime( 9881): 	at com.android.commands.uiautomator.Launcher.main(Launcher.java:83)
05-04 10:15:14.954 E/AndroidRuntime( 9881): 	at com.android.internal.os.RuntimeInit.nativeFinishInit(Native Method)
05-04 10:15:14.954 E/AndroidRuntime( 9881): 	at com.android.internal.os.RuntimeInit.main(RuntimeInit.java:316)
05-04 10:15:14.980 E/AndroidRuntime( 9881): Error reporting crash
05-04 10:15:14.980 E/AndroidRuntime( 9881): java.lang.RuntimeException: Bad file descriptor
05-04 10:15:14.980 E/AndroidRuntime( 9881): 	at android.os.BinderProxy.transactNative(Native Method)
05-04 10:15:14.980 E/AndroidRuntime( 9881): 	at android.os.BinderProxy.transact(Binder.java:506)
05-04 10:15:14.980 E/AndroidRuntime( 9881): 	at android.os.ServiceManagerProxy.getService(ServiceManagerNative.java:123)
05-04 10:15:14.980 E/AndroidRuntime( 9881): 	at android.os.ServiceManager.getService(ServiceManager.java:55)
05-04 10:15:14.980 E/AndroidRuntime( 9881): 	at miui.mqsas.sdk.MQSEventManagerDelegate.getMQSService(MQSEventManagerDelegate.java:85)
05-04 10:15:14.980 E/AndroidRuntime( 9881): 	at miui.mqsas.sdk.MQSEventManagerDelegate.reportJavaExceptionEvent(MQSEventManagerDelegate.java:36)
05-04 10:15:14.980 E/AndroidRuntime( 9881): 	at com.android.internal.os.RuntimeInitInjector.onJE(RuntimeInitInjector.java:58)
05-04 10:15:14.980 E/AndroidRuntime( 9881): 	at com.android.internal.os.RuntimeInit$UncaughtHandler.uncaughtException(RuntimeInit.java:134)
05-04 10:15:14.980 E/AndroidRuntime( 9881): 	at java.lang.ThreadGroup.uncaughtException(ThreadGroup.java:693)
