05-03 20:05:56.303 E/ThermalEngine(  504): Failed to set desired CPU[1] frequency limit to 2457600
05-03 20:05:58.207 E/ThermalEngine(  504): Unable to read max frequency from online cpu.
05-03 20:05:58.207 E/ThermalEngine(  504): Failed to set desired CPU[3] frequency limit to 2457600
05-03 20:05:58.251 E/ThermalEngine(  504): Unable to read max frequency from online cpu.
05-03 20:05:58.251 E/ThermalEngine(  504): Failed to set desired CPU[2] frequency limit to 2457600
05-03 20:06:00.353 E/ThermalEngine(  504): Unable to read max frequency from online cpu.
05-03 20:06:00.360 E/ThermalEngine(  504): Failed to set desired CPU[3] frequency limit to 2457600
05-03 20:06:06.403 E/ThermalEngine(  504): Unable to read max frequency from online cpu.
05-03 20:06:06.403 E/ThermalEngine(  504): Failed to set desired CPU[3] frequency limit to 2457600
05-03 20:06:06.411 E/ThermalEngine(  504): Unable to read max frequency from online cpu.
05-03 20:06:06.411 E/ThermalEngine(  504): Failed to set desired CPU[2] frequency limit to 2457600
05-03 20:06:06.453 E/ThermalEngine(  504): Unable to read max frequency from online cpu.
05-03 20:06:06.453 E/ThermalEngine(  504): Failed to set desired CPU[1] frequency limit to 2457600
05-03 20:06:12.354 E/ThermalEngine(  504): Unable to read max frequency from online cpu.
05-03 20:06:12.354 E/ThermalEngine(  504): Failed to set desired CPU[3] frequency limit to 2457600
05-03 20:06:22.800 E/ThermalEngine(  504): Unable to read max frequency from online cpu.
05-03 20:06:22.800 E/ThermalEngine(  504): Failed to set desired CPU[2] frequency limit to 2457600
05-03 20:06:28.507 E/ThermalEngine(  504): Unable to read max frequency from online cpu.
05-03 20:06:28.507 E/ThermalEngine(  504): Failed to set desired CPU[3] frequency limit to 2457600
05-03 20:06:34.158 E/LocSvc_libulp( 2941): I/int ulp_msg_process_system_update(UlpSystemEvent): systemEvent:5 
05-03 20:06:34.158 E/LocSvc_libulp( 2941): I/int ulp_msg_process_start_req(), at ulp state = 1
05-03 20:06:34.159 E/LocSvc_api_v02( 2941): I/---> locClientSendReq line 2020 QMI_LOC_GET_BEST_AVAILABLE_POSITION_REQ_V02
05-03 20:06:34.163 E/LocSvc_ApiV02( 2941): I/<--- void globalRespCb(locClientHandleType, uint32_t, locClientRespIndUnionType, void*) line 115 QMI_LOC_GET_BEST_AVAILABLE_POSITION_REQ_V02
05-03 20:06:34.163 E/LocSvc_libulp( 2941): I/int ulp_brain_process_zpp_position_report(loc_sess_status, LocPosTechMask, UlpLocation*), report ZPP position to providers,report_position = 1
05-03 20:06:34.163 E/IzatSvc_PassiveLocListener( 2941): E/Exiting with error virtual void izat_manager::IzatPassiveLocationListener::onLocationChanged(const izat_manager::IzatLocation*, izat_manager::IzatLocationStatus) line 113 "1"
05-03 20:06:37.503 E/ThermalEngine(  504): Unable to read max frequency from online cpu.
05-03 20:06:37.503 E/ThermalEngine(  504): Failed to set desired CPU[3] frequency limit to 2457600
05-03 20:06:43.603 E/ThermalEngine(  504): Unable to read max frequency from online cpu.
05-03 20:06:43.603 E/ThermalEngine(  504): Failed to set desired CPU[3] frequency limit to 2457600
05-03 20:06:43.613 E/ThermalEngine(  504): Unable to read max frequency from online cpu.
05-03 20:06:43.613 E/ThermalEngine(  504): Failed to set desired CPU[2] frequency limit to 2457600
05-03 20:06:48.806 E/ThermalEngine(  504): Unable to read max frequency from online cpu.
05-03 20:06:48.806 E/ThermalEngine(  504): Failed to set desired CPU[3] frequency limit to 2457600
05-03 20:07:00.370 E/ThermalEngine(  504): Unable to read max frequency from online cpu.
05-03 20:07:00.370 E/ThermalEngine(  504): Failed to set desired CPU[2] frequency limit to 2457600
05-03 20:07:07.732 E/ThermalEngine(  504): Unable to read max frequency from online cpu.
05-03 20:07:07.732 E/ThermalEngine(  504): Failed to set desired CPU[2] frequency limit to 2457600
05-03 20:07:07.735 E/ThermalEngine(  504): Unable to read max frequency from online cpu.
05-03 20:07:07.735 E/ThermalEngine(  504): Failed to set desired CPU[1] frequency limit to 2457600
05-03 20:07:13.754 E/ThermalEngine(  504): Unable to read max frequency from online cpu.
05-03 20:07:13.754 E/ThermalEngine(  504): Failed to set desired CPU[3] frequency limit to 2457600
05-03 20:07:13.756 E/ThermalEngine(  504): Unable to read max frequency from online cpu.
05-03 20:07:13.756 E/ThermalEngine(  504): Failed to set desired CPU[2] frequency limit to 2457600
05-03 20:07:19.156 E/ThermalEngine(  504): Unable to read max frequency from online cpu.
05-03 20:07:19.156 E/ThermalEngine(  504): Failed to set desired CPU[3] frequency limit to 2457600
05-03 20:07:25.854 E/ThermalEngine(  504): Unable to read max frequency from online cpu.
05-03 20:07:25.854 E/ThermalEngine(  504): Failed to set desired CPU[3] frequency limit to 2457600
05-03 20:07:29.355 E/ThermalEngine(  504): Unable to read max frequency from online cpu.
05-03 20:07:29.355 E/ThermalEngine(  504): Failed to set desired CPU[3] frequency limit to 2457600
05-03 20:07:31.131 E/DatabaseUtils( 2941): Writing exception to parcel
05-03 20:07:31.131 E/DatabaseUtils( 2941): java.lang.SecurityException: com.sogou.activity.src was not granted  this permission: android.permission.WRITE_SETTINGS.
05-03 20:07:31.131 E/DatabaseUtils( 2941): 	at android.provider.Settings.isCallingPackageAllowedToPerformAppOpsProtectedOperation(Settings.java:8507)
05-03 20:07:31.131 E/DatabaseUtils( 2941): 	at android.provider.Settings.checkAndNoteWriteSettingsOperation(Settings.java:8389)
05-03 20:07:31.131 E/DatabaseUtils( 2941): 	at com.android.providers.settings.SettingsProvider.mutateSystemSetting(SettingsProvider.java:915)
05-03 20:07:31.131 E/DatabaseUtils( 2941): 	at com.android.providers.settings.SettingsProvider.insertSystemSetting(SettingsProvider.java:890)
05-03 20:07:31.131 E/DatabaseUtils( 2941): 	at com.android.providers.settings.SettingsProvider.call(SettingsProvider.java:263)
05-03 20:07:31.131 E/DatabaseUtils( 2941): 	at android.content.ContentProvider$Transport.call(ContentProvider.java:398)
05-03 20:07:31.131 E/DatabaseUtils( 2941): 	at android.content.ContentProviderNative.onTransact(ContentProviderNative.java:283)
05-03 20:07:31.131 E/DatabaseUtils( 2941): 	at android.os.Binder.execTransact(Binder.java:453)
05-03 20:07:31.136 E/DatabaseUtils( 2941): Writing exception to parcel
05-03 20:07:31.136 E/DatabaseUtils( 2941): java.lang.SecurityException: com.sogou.activity.src was not granted  this permission: android.permission.WRITE_SETTINGS.
05-03 20:07:31.136 E/DatabaseUtils( 2941): 	at android.provider.Settings.isCallingPackageAllowedToPerformAppOpsProtectedOperation(Settings.java:8507)
05-03 20:07:31.136 E/DatabaseUtils( 2941): 	at android.provider.Settings.checkAndNoteWriteSettingsOperation(Settings.java:8389)
05-03 20:07:31.136 E/DatabaseUtils( 2941): 	at com.android.providers.settings.SettingsProvider.mutateSystemSetting(SettingsProvider.java:915)
05-03 20:07:31.136 E/DatabaseUtils( 2941): 	at com.android.providers.settings.SettingsProvider.insertSystemSetting(SettingsProvider.java:890)
05-03 20:07:31.136 E/DatabaseUtils( 2941): 	at com.android.providers.settings.SettingsProvider.call(SettingsProvider.java:263)
05-03 20:07:31.136 E/DatabaseUtils( 2941): 	at android.content.ContentProvider$Transport.call(ContentProvider.java:398)
05-03 20:07:31.136 E/DatabaseUtils( 2941): 	at android.content.ContentProviderNative.onTransact(ContentProviderNative.java:283)
05-03 20:07:31.136 E/DatabaseUtils( 2941): 	at android.os.Binder.execTransact(Binder.java:453)
05-03 20:07:34.158 E/LocSvc_libulp( 2941): I/int ulp_msg_process_system_update(UlpSystemEvent): systemEvent:5 
05-03 20:07:34.159 E/LocSvc_libulp( 2941): I/int ulp_msg_process_start_req(), at ulp state = 1
05-03 20:07:34.159 E/LocSvc_api_v02( 2941): I/---> locClientSendReq line 2020 QMI_LOC_GET_BEST_AVAILABLE_POSITION_REQ_V02
05-03 20:07:34.163 E/LocSvc_ApiV02( 2941): I/<--- void globalRespCb(locClientHandleType, uint32_t, locClientRespIndUnionType, void*) line 115 QMI_LOC_GET_BEST_AVAILABLE_POSITION_REQ_V02
05-03 20:07:34.163 E/LocSvc_libulp( 2941): I/int ulp_brain_process_zpp_position_report(loc_sess_status, LocPosTechMask, UlpLocation*), report ZPP position to providers,report_position = 1
05-03 20:07:34.163 E/IzatSvc_PassiveLocListener( 2941): E/Exiting with error virtual void izat_manager::IzatPassiveLocationListener::onLocationChanged(const izat_manager::IzatLocation*, izat_manager::IzatLocationStatus) line 113 "1"
05-03 20:07:36.253 E/ThermalEngine(  504): Unable to read max frequency from online cpu.
05-03 20:07:36.253 E/ThermalEngine(  504): Failed to set desired CPU[3] frequency limit to 2457600
05-03 20:07:36.261 E/ThermalEngine(  504): Unable to read max frequency from online cpu.
05-03 20:07:36.261 E/ThermalEngine(  504): Failed to set desired CPU[2] frequency limit to 2457600
05-03 20:07:36.302 E/ThermalEngine(  504): Unable to read max frequency from online cpu.
05-03 20:07:36.302 E/ThermalEngine(  504): Failed to set desired CPU[1] frequency limit to 2457600
05-03 20:07:49.607 E/ThermalEngine(  504): Unable to read max frequency from online cpu.
05-03 20:07:49.607 E/ThermalEngine(  504): Failed to set desired CPU[3] frequency limit to 2457600
05-03 20:07:59.805 E/ThermalEngine(  504): Unable to read max frequency from online cpu.
05-03 20:07:59.805 E/ThermalEngine(  504): Failed to set desired CPU[3] frequency limit to 2457600
05-03 20:08:09.255 E/ThermalEngine(  504): Unable to read max frequency from online cpu.
05-03 20:08:09.255 E/ThermalEngine(  504): Failed to set desired CPU[3] frequency limit to 2457600
05-03 20:08:09.262 E/ThermalEngine(  504): Unable to read max frequency from online cpu.
05-03 20:08:09.262 E/ThermalEngine(  504): Failed to set desired CPU[2] frequency limit to 2457600
05-03 20:08:13.304 E/ThermalEngine(  504): Unable to read max frequency from online cpu.
05-03 20:08:13.304 E/ThermalEngine(  504): Failed to set desired CPU[3] frequency limit to 2457600
05-03 20:08:13.308 E/ThermalEngine(  504): Unable to read max frequency from online cpu.
05-03 20:08:13.309 E/ThermalEngine(  504): Failed to set desired CPU[2] frequency limit to 2457600
05-03 20:08:26.404 E/ThermalEngine(  504): Unable to read max frequency from online cpu.
05-03 20:08:26.404 E/ThermalEngine(  504): Failed to set desired CPU[3] frequency limit to 2457600
05-03 20:08:31.454 E/ThermalEngine(  504): Unable to read max frequency from online cpu.
05-03 20:08:31.454 E/ThermalEngine(  504): Failed to set desired CPU[3] frequency limit to 2457600
05-03 20:08:31.462 E/ThermalEngine(  504): Unable to read max frequency from online cpu.
05-03 20:08:31.462 E/ThermalEngine(  504): Failed to set desired CPU[2] frequency limit to 2457600
05-03 20:08:34.159 E/LocSvc_libulp( 2941): I/int ulp_msg_process_system_update(UlpSystemEvent): systemEvent:5 
05-03 20:08:34.159 E/LocSvc_libulp( 2941): I/int ulp_msg_process_start_req(), at ulp state = 1
05-03 20:08:34.159 E/LocSvc_api_v02( 2941): I/---> locClientSendReq line 2020 QMI_LOC_GET_BEST_AVAILABLE_POSITION_REQ_V02
05-03 20:08:34.164 E/LocSvc_ApiV02( 2941): I/<--- void globalRespCb(locClientHandleType, uint32_t, locClientRespIndUnionType, void*) line 115 QMI_LOC_GET_BEST_AVAILABLE_POSITION_REQ_V02
05-03 20:08:34.165 E/LocSvc_libulp( 2941): I/int ulp_brain_process_zpp_position_report(loc_sess_status, LocPosTechMask, UlpLocation*), report ZPP position to providers,report_position = 1
05-03 20:08:34.165 E/IzatSvc_PassiveLocListener( 2941): E/Exiting with error virtual void izat_manager::IzatPassiveLocationListener::onLocationChanged(const izat_manager::IzatLocation*, izat_manager::IzatLocationStatus) line 113 "1"
05-03 20:08:40.216 E/ThermalEngine(  504): Unable to read max frequency from online cpu.
05-03 20:08:40.216 E/ThermalEngine(  504): Failed to set desired CPU[3] frequency limit to 2457600
05-03 20:08:58.653 E/ThermalEngine(  504): Unable to read max frequency from online cpu.
05-03 20:08:58.653 E/ThermalEngine(  504): Failed to set desired CPU[3] frequency limit to 2457600
05-03 20:08:58.661 E/ThermalEngine(  504): Unable to read max frequency from online cpu.
05-03 20:08:58.662 E/ThermalEngine(  504): Failed to set desired CPU[2] frequency limit to 2457600
05-03 20:09:00.154 E/ThermalEngine(  504): Unable to read max frequency from online cpu.
05-03 20:09:00.154 E/ThermalEngine(  504): Failed to set desired CPU[3] frequency limit to 2457600
05-03 20:09:04.703 E/ThermalEngine(  504): Unable to read max frequency from online cpu.
05-03 20:09:04.703 E/ThermalEngine(  504): Failed to set desired CPU[3] frequency limit to 2457600
05-03 20:09:04.706 E/ThermalEngine(  504): Unable to read max frequency from online cpu.
05-03 20:09:04.706 E/ThermalEngine(  504): Failed to set desired CPU[2] frequency limit to 2457600
05-03 20:09:17.805 E/ThermalEngine(  504): Unable to read max frequency from online cpu.
05-03 20:09:17.805 E/ThermalEngine(  504): Failed to set desired CPU[3] frequency limit to 2457600
05-03 20:09:17.812 E/ThermalEngine(  504): Unable to read max frequency from online cpu.
05-03 20:09:17.812 E/ThermalEngine(  504): Failed to set desired CPU[2] frequency limit to 2457600
05-03 20:09:30.657 E/ThermalEngine(  504): Unable to read max frequency from online cpu.
05-03 20:09:30.658 E/ThermalEngine(  504): Failed to set desired CPU[3] frequency limit to 2457600
05-03 20:09:34.159 E/LocSvc_libulp( 2941): I/int ulp_msg_process_system_update(UlpSystemEvent): systemEvent:5 
05-03 20:09:34.159 E/LocSvc_libulp( 2941): I/int ulp_msg_process_start_req(), at ulp state = 1
05-03 20:09:34.159 E/LocSvc_api_v02( 2941): I/---> locClientSendReq line 2020 QMI_LOC_GET_BEST_AVAILABLE_POSITION_REQ_V02
05-03 20:09:34.164 E/LocSvc_ApiV02( 2941): I/<--- void globalRespCb(locClientHandleType, uint32_t, locClientRespIndUnionType, void*) line 115 QMI_LOC_GET_BEST_AVAILABLE_POSITION_REQ_V02
05-03 20:09:34.164 E/LocSvc_libulp( 2941): I/int ulp_brain_process_zpp_position_report(loc_sess_status, LocPosTechMask, UlpLocation*), report ZPP position to providers,report_position = 1
05-03 20:09:34.164 E/IzatSvc_PassiveLocListener( 2941): E/Exiting with error virtual void izat_manager::IzatPassiveLocationListener::onLocationChanged(const izat_manager::IzatLocation*, izat_manager::IzatLocationStatus) line 113 "1"
05-03 20:09:40.857 E/ThermalEngine(  504): Unable to read max frequency from online cpu.
05-03 20:09:40.857 E/ThermalEngine(  504): Failed to set desired CPU[3] frequency limit to 2457600
05-03 20:09:51.053 E/ThermalEngine(  504): Unable to read max frequency from online cpu.
05-03 20:09:51.053 E/ThermalEngine(  504): Failed to set desired CPU[3] frequency limit to 2457600
05-03 20:09:51.058 E/ThermalEngine(  504): Unable to read max frequency from online cpu.
05-03 20:09:51.058 E/ThermalEngine(  504): Failed to set desired CPU[2] frequency limit to 2457600
05-03 20:10:00.108 E/ThermalEngine(  504): Unable to read max frequency from online cpu.
05-03 20:10:00.109 E/ThermalEngine(  504): Failed to set desired CPU[2] frequency limit to 2457600
05-03 20:10:04.105 E/ThermalEngine(  504): Unable to read max frequency from online cpu.
05-03 20:10:04.105 E/ThermalEngine(  504): Failed to set desired CPU[3] frequency limit to 2457600
05-03 20:10:04.111 E/ThermalEngine(  504): Unable to read max frequency from online cpu.
05-03 20:10:04.111 E/ThermalEngine(  504): Failed to set desired CPU[2] frequency limit to 2457600
05-03 20:10:09.153 E/ThermalEngine(  504): Unable to read max frequency from online cpu.
05-03 20:10:09.153 E/ThermalEngine(  504): Failed to set desired CPU[3] frequency limit to 2457600
05-03 20:10:09.161 E/ThermalEngine(  504): Unable to read max frequency from online cpu.
05-03 20:10:09.161 E/ThermalEngine(  504): Failed to set desired CPU[2] frequency limit to 2457600
05-03 20:10:15.255 E/ThermalEngine(  504): Unable to read max frequency from online cpu.
05-03 20:10:15.255 E/ThermalEngine(  504): Failed to set desired CPU[3] frequency limit to 2457600
05-03 20:10:15.262 E/ThermalEngine(  504): Unable to read max frequency from online cpu.
05-03 20:10:15.262 E/ThermalEngine(  504): Failed to set desired CPU[2] frequency limit to 2457600
05-03 20:10:21.407 E/ThermalEngine(  504): Unable to read max frequency from online cpu.
05-03 20:10:21.407 E/ThermalEngine(  504): Failed to set desired CPU[3] frequency limit to 2457600
05-03 20:10:30.354 E/ThermalEngine(  504): Unable to read max frequency from online cpu.
05-03 20:10:30.354 E/ThermalEngine(  504): Failed to set desired CPU[3] frequency limit to 2457600
05-03 20:10:30.357 E/ThermalEngine(  504): Unable to read max frequency from online cpu.
05-03 20:10:30.357 E/ThermalEngine(  504): Failed to set desired CPU[2] frequency limit to 2457600
05-03 20:10:34.159 E/LocSvc_libulp( 2941): I/int ulp_msg_process_system_update(UlpSystemEvent): systemEvent:5 
05-03 20:10:34.159 E/LocSvc_libulp( 2941): I/int ulp_msg_process_start_req(), at ulp state = 1
05-03 20:10:34.159 E/LocSvc_api_v02( 2941): I/---> locClientSendReq line 2020 QMI_LOC_GET_BEST_AVAILABLE_POSITION_REQ_V02
05-03 20:10:34.165 E/LocSvc_ApiV02( 2941): I/<--- void globalRespCb(locClientHandleType, uint32_t, locClientRespIndUnionType, void*) line 115 QMI_LOC_GET_BEST_AVAILABLE_POSITION_REQ_V02
05-03 20:10:34.165 E/LocSvc_libulp( 2941): I/int ulp_brain_process_zpp_position_report(loc_sess_status, LocPosTechMask, UlpLocation*), report ZPP position to providers,report_position = 1
05-03 20:10:34.165 E/IzatSvc_PassiveLocListener( 2941): E/Exiting with error virtual void izat_manager::IzatPassiveLocationListener::onLocationChanged(const izat_manager::IzatLocation*, izat_manager::IzatLocationStatus) line 113 "1"
05-03 20:10:35.009 E/CoreDaemon(11453): not Start Daemon in coredaemon
05-03 20:10:35.017 E/CoreDaemon(11452): not Start Daemon in coredaemon
05-03 20:10:35.404 E/ThermalEngine(  504): Unable to read max frequency from online cpu.
05-03 20:10:35.404 E/ThermalEngine(  504): Failed to set desired CPU[3] frequency limit to 2457600
05-03 20:10:35.407 E/ThermalEngine(  504): Unable to read max frequency from online cpu.
05-03 20:10:35.407 E/ThermalEngine(  504): Failed to set desired CPU[2] frequency limit to 2457600
05-03 20:10:41.657 E/ThermalEngine(  504): Unable to read max frequency from online cpu.
05-03 20:10:41.658 E/ThermalEngine(  504): Failed to set desired CPU[3] frequency limit to 2457600
05-03 20:10:45.469 E/ThermalEngine(  504): Unable to read max frequency from online cpu.
05-03 20:10:45.469 E/ThermalEngine(  504): Failed to set desired CPU[2] frequency limit to 2457600
05-03 20:10:46.284 E/ThermalEngine(  504): Unable to read max frequency from online cpu.
05-03 20:10:46.284 E/ThermalEngine(  504): Failed to set desired CPU[2] frequency limit to 2457600
05-03 20:10:46.336 E/ThermalEngine(  504): Unable to read max frequency from online cpu.
05-03 20:10:46.337 E/ThermalEngine(  504): Failed to set desired CPU[1] frequency limit to 2457600
05-03 20:10:51.857 E/ThermalEngine(  504): Unable to read max frequency from online cpu.
05-03 20:10:51.857 E/ThermalEngine(  504): Failed to set desired CPU[3] frequency limit to 2457600
05-03 20:10:56.576 E/ThermalEngine(  504): Unable to read max frequency from online cpu.
05-03 20:10:56.576 E/ThermalEngine(  504): Failed to set desired CPU[2] frequency limit to 2457600
05-03 20:10:58.597 E/ThermalEngine(  504): Unable to read max frequency from online cpu.
05-03 20:10:58.597 E/ThermalEngine(  504): Failed to set desired CPU[2] frequency limit to 2457600
05-03 20:11:00.155 E/ThermalEngine(  504): Unable to read max frequency from online cpu.
05-03 20:11:00.155 E/ThermalEngine(  504): Failed to set desired CPU[3] frequency limit to 2457600
05-03 20:11:12.108 E/ThermalEngine(  504): Unable to read max frequency from online cpu.
05-03 20:11:12.108 E/ThermalEngine(  504): Failed to set desired CPU[3] frequency limit to 2457600
05-03 20:11:12.942 E/DatabaseUtils( 2941): Writing exception to parcel
05-03 20:11:12.942 E/DatabaseUtils( 2941): java.lang.SecurityException: com.sogou.activity.src was not granted  this permission: android.permission.WRITE_SETTINGS.
05-03 20:11:12.942 E/DatabaseUtils( 2941): 	at android.provider.Settings.isCallingPackageAllowedToPerformAppOpsProtectedOperation(Settings.java:8507)
05-03 20:11:12.942 E/DatabaseUtils( 2941): 	at android.provider.Settings.checkAndNoteWriteSettingsOperation(Settings.java:8389)
05-03 20:11:12.942 E/DatabaseUtils( 2941): 	at com.android.providers.settings.SettingsProvider.mutateSystemSetting(SettingsProvider.java:915)
05-03 20:11:12.942 E/DatabaseUtils( 2941): 	at com.android.providers.settings.SettingsProvider.insertSystemSetting(SettingsProvider.java:890)
05-03 20:11:12.942 E/DatabaseUtils( 2941): 	at com.android.providers.settings.SettingsProvider.call(SettingsProvider.java:263)
05-03 20:11:12.942 E/DatabaseUtils( 2941): 	at android.content.ContentProvider$Transport.call(ContentProvider.java:398)
05-03 20:11:12.942 E/DatabaseUtils( 2941): 	at android.content.ContentProviderNative.onTransact(ContentProviderNative.java:283)
05-03 20:11:12.942 E/DatabaseUtils( 2941): 	at android.os.Binder.execTransact(Binder.java:453)
05-03 20:11:12.947 E/DatabaseUtils( 2941): Writing exception to parcel
05-03 20:11:12.947 E/DatabaseUtils( 2941): java.lang.SecurityException: com.sogou.activity.src was not granted  this permission: android.permission.WRITE_SETTINGS.
05-03 20:11:12.947 E/DatabaseUtils( 2941): 	at android.provider.Settings.isCallingPackageAllowedToPerformAppOpsProtectedOperation(Settings.java:8507)
05-03 20:11:12.947 E/DatabaseUtils( 2941): 	at android.provider.Settings.checkAndNoteWriteSettingsOperation(Settings.java:8389)
05-03 20:11:12.947 E/DatabaseUtils( 2941): 	at com.android.providers.settings.SettingsProvider.mutateSystemSetting(SettingsProvider.java:915)
05-03 20:11:12.947 E/DatabaseUtils( 2941): 	at com.android.providers.settings.SettingsProvider.insertSystemSetting(SettingsProvider.java:890)
05-03 20:11:12.947 E/DatabaseUtils( 2941): 	at com.android.providers.settings.SettingsProvider.call(SettingsProvider.java:263)
05-03 20:11:12.947 E/DatabaseUtils( 2941): 	at android.content.ContentProvider$Transport.call(ContentProvider.java:398)
05-03 20:11:12.947 E/DatabaseUtils( 2941): 	at android.content.ContentProviderNative.onTransact(ContentProviderNative.java:283)
05-03 20:11:12.947 E/DatabaseUtils( 2941): 	at android.os.Binder.execTransact(Binder.java:453)
05-03 20:11:13.005 E/ThermalEngine(  504): Unable to read max frequency from online cpu.
05-03 20:11:13.005 E/ThermalEngine(  504): Failed to set desired CPU[2] frequency limit to 2457600
05-03 20:11:13.257 E/LocationEngine( 6103): server resp err
05-03 20:11:13.417 E/LocSvc_flp( 2941): I/===> int flp_inject_location(FlpLocation*) line 253 
05-03 20:11:13.417 E/        ( 2941): I/===> int FlpLocationClient::flp_inject_location(FlpExtLocation*) line 265 
05-03 20:11:13.421 E/LocSvc_eng( 2941): I/===> int loc_eng_inject_location(loc_eng_data_s_type&, double, double, float) line 2123 
05-03 20:11:13.427 E/LocSvc_api_v02( 2941): I/---> locClientSendReq line 2020 QMI_LOC_INJECT_POSITION_REQ_V02
05-03 20:11:13.427 E/LocSvc_libulp( 2941): I/int ulp_brain_process_gnp_position_report(UlpLocation*), first_fix_pending 1, request active = 0,gnss running 0, gnss state 0 quipc running 0 quipc state 0
05-03 20:11:13.427 E/LocSvc_libulp( 2941): I/int ulp_brain_process_gnp_position_report(UlpLocation*), report GNP position to hybrid fix requests = 0
05-03 20:11:13.427 E/LocSvc_libulp( 2941): I/int ulp_brain_transition_all_providers(), before transition, 
05-03 20:11:13.427 E/LocSvc_libulp( 2941):  GNSS provider state = 0,  GNSS selected to run = 0,  GNSS onoff_cnt = 5, GNSS high speed flag = 0 
05-03 20:11:13.427 E/LocSvc_libulp( 2941):  QUIPC provider state = 0, QUIPC selected to run = 0, QUIPC onoff_cnt = 5, 
05-03 20:11:13.427 E/LocSvc_libulp( 2941):  GNP provider state = 0,   GNP selected to run = 0,   GNP onoff_cnt = 1, 
05-03 20:11:13.427 E/LocSvc_libulp( 2941): E/int ulp_brain_transition_all_providers(), no QUIPC/GNSS transition logic run due to both engines are OFF 
05-03 20:11:13.427 E/LocSvc_libulp( 2941): I/int ulp_brain_transition_all_providers(), after transition, 
05-03 20:11:13.427 E/LocSvc_libulp( 2941):  GNSS provider state = 0,  GNSS selected to run = 0,  GNSS onoff_cnt = 5, GNSS high speed flag = 0 
05-03 20:11:13.427 E/LocSvc_libulp( 2941):  QUIPC provider state = 0, QUIPC selected to run = 0, QUIPC onoff_cnt = 5, 
05-03 20:11:13.427 E/LocSvc_libulp( 2941):  GNP provider state = 0,   GNP selected to run = 0,   GNP onoff_cnt = 1 
05-03 20:11:13.430 E/LocSvc_ApiV02( 2941): I/<--- void globalRespCb(locClientHandleType, uint32_t, locClientRespIndUnionType, void*) line 115 QMI_LOC_INJECT_POSITION_REQ_V02
05-03 20:11:13.718 E/LocSvc_flp( 2941): I/===> int flp_inject_location(FlpLocation*) line 253 
05-03 20:11:13.718 E/        ( 2941): I/===> int FlpLocationClient::flp_inject_location(FlpExtLocation*) line 265 
05-03 20:11:13.720 E/LocSvc_libulp( 2941): I/int ulp_brain_process_gnp_position_report(UlpLocation*), first_fix_pending 1, request active = 0,gnss running 0, gnss state 0 quipc running 0 quipc state 0
05-03 20:11:13.720 E/LocSvc_libulp( 2941): I/int ulp_brain_process_gnp_position_report(UlpLocation*), report GNP position to hybrid fix requests = 0
05-03 20:11:13.720 E/LocSvc_api_v02( 2941): I/---> locClientSendReq line 2020 QMI_LOC_INJECT_POSITION_REQ_V02
05-03 20:11:13.720 E/LocSvc_libulp( 2941): I/int ulp_brain_transition_all_providers(), before transition, 
05-03 20:11:13.720 E/LocSvc_libulp( 2941):  GNSS provider state = 0,  GNSS selected to run = 0,  GNSS onoff_cnt = 5, GNSS high speed flag = 0 
05-03 20:11:13.720 E/LocSvc_libulp( 2941):  QUIPC provider state = 0, QUIPC selected to run = 0, QUIPC onoff_cnt = 5, 
05-03 20:11:13.720 E/LocSvc_libulp( 2941):  GNP provider state = 0,   GNP selected to run = 0,   GNP onoff_cnt = 1, 
05-03 20:11:13.720 E/LocSvc_libulp( 2941): E/int ulp_brain_transition_all_providers(), no QUIPC/GNSS transition logic run due to both engines are OFF 
05-03 20:11:13.720 E/LocSvc_libulp( 2941): I/int ulp_brain_transition_all_providers(), after transition, 
05-03 20:11:13.720 E/LocSvc_libulp( 2941):  GNSS provider state = 0,  GNSS selected to run = 0,  GNSS onoff_cnt = 5, GNSS high speed flag = 0 
05-03 20:11:13.720 E/LocSvc_libulp( 2941):  QUIPC provider state = 0, QUIPC selected to run = 0, QUIPC onoff_cnt = 5, 
05-03 20:11:13.720 E/LocSvc_libulp( 2941):  GNP provider state = 0,   GNP selected to run = 0,   GNP onoff_cnt = 1 
05-03 20:11:13.720 E/LocSvc_eng( 2941): I/===> int loc_eng_inject_location(loc_eng_data_s_type&, double, double, float) line 2123 
05-03 20:11:13.723 E/LocSvc_ApiV02( 2941): I/<--- void globalRespCb(locClientHandleType, uint32_t, locClientRespIndUnionType, void*) line 115 QMI_LOC_INJECT_POSITION_REQ_V02
05-03 20:11:18.403 E/ThermalEngine(  504): Unable to read max frequency from online cpu.
05-03 20:11:18.403 E/ThermalEngine(  504): Failed to set desired CPU[3] frequency limit to 2457600
05-03 20:11:18.411 E/ThermalEngine(  504): Unable to read max frequency from online cpu.
05-03 20:11:18.411 E/ThermalEngine(  504): Failed to set desired CPU[2] frequency limit to 2457600
05-03 20:11:18.453 E/ThermalEngine(  504): Unable to read max frequency from online cpu.
05-03 20:11:18.453 E/ThermalEngine(  504): Failed to set desired CPU[1] frequency limit to 2457600
05-03 20:11:22.255 E/ThermalEngine(  504): Unable to read max frequency from online cpu.
05-03 20:11:22.255 E/ThermalEngine(  504): Failed to set desired CPU[3] frequency limit to 2457600
05-03 20:11:23.107 E/ThermalEngine(  504): Unable to read max frequency from online cpu.
05-03 20:11:23.107 E/ThermalEngine(  504): Failed to set desired CPU[2] frequency limit to 2457600
05-03 20:11:23.112 E/ThermalEngine(  504): Unable to read max frequency from online cpu.
05-03 20:11:23.113 E/ThermalEngine(  504): Failed to set desired CPU[1] frequency limit to 2457600
05-03 20:11:27.803 E/ThermalEngine(  504): Unable to read max frequency from online cpu.
05-03 20:11:27.803 E/ThermalEngine(  504): Failed to set desired CPU[3] frequency limit to 2457600
05-03 20:11:27.806 E/ThermalEngine(  504): Unable to read max frequency from online cpu.
05-03 20:11:27.806 E/ThermalEngine(  504): Failed to set desired CPU[2] frequency limit to 2457600
05-03 20:11:32.455 E/ThermalEngine(  504): Unable to read max frequency from online cpu.
05-03 20:11:32.455 E/ThermalEngine(  504): Failed to set desired CPU[3] frequency limit to 2457600
05-03 20:11:34.159 E/LocSvc_libulp( 2941): I/int ulp_msg_process_system_update(UlpSystemEvent): systemEvent:5 
05-03 20:11:34.159 E/LocSvc_libulp( 2941): I/int ulp_msg_process_start_req(), at ulp state = 1
05-03 20:11:34.161 E/LocSvc_api_v02( 2941): I/---> locClientSendReq line 2020 QMI_LOC_GET_BEST_AVAILABLE_POSITION_REQ_V02
05-03 20:11:34.165 E/LocSvc_ApiV02( 2941): I/<--- void globalRespCb(locClientHandleType, uint32_t, locClientRespIndUnionType, void*) line 115 QMI_LOC_GET_BEST_AVAILABLE_POSITION_REQ_V02
05-03 20:11:34.169 E/LocSvc_libulp( 2941): I/int ulp_brain_process_zpp_position_report(loc_sess_status, LocPosTechMask, UlpLocation*), report ZPP position to providers,report_position = 1
05-03 20:11:34.170 E/IzatSvc_PassiveLocListener( 2941): E/Exiting with error virtual void izat_manager::IzatPassiveLocationListener::onLocationChanged(const izat_manager::IzatLocation*, izat_manager::IzatLocationStatus) line 113 "1"
05-03 20:11:42.657 E/ThermalEngine(  504): Unable to read max frequency from online cpu.
05-03 20:11:42.657 E/ThermalEngine(  504): Failed to set desired CPU[3] frequency limit to 2457600
05-03 20:11:48.154 E/ThermalEngine(  504): Unable to read max frequency from online cpu.
05-03 20:11:48.154 E/ThermalEngine(  504): Failed to set desired CPU[3] frequency limit to 2457600
05-03 20:11:53.205 E/ThermalEngine(  504): Unable to read max frequency from online cpu.
05-03 20:11:53.205 E/ThermalEngine(  504): Failed to set desired CPU[3] frequency limit to 2457600
05-03 20:11:53.208 E/ThermalEngine(  504): Unable to read max frequency from online cpu.
05-03 20:11:53.208 E/ThermalEngine(  504): Failed to set desired CPU[2] frequency limit to 2457600
05-03 20:11:59.304 E/ThermalEngine(  504): Unable to read max frequency from online cpu.
05-03 20:11:59.304 E/ThermalEngine(  504): Failed to set desired CPU[3] frequency limit to 2457600
05-03 20:12:00.258 E/ThermalEngine(  504): Unable to read max frequency from online cpu.
05-03 20:12:00.258 E/ThermalEngine(  504): Failed to set desired CPU[2] frequency limit to 2457600
05-03 20:12:06.348 E/ThermalEngine(  504): Unable to read max frequency from online cpu.
05-03 20:12:06.349 E/ThermalEngine(  504): Failed to set desired CPU[2] frequency limit to 2457600
05-03 20:12:06.351 E/ThermalEngine(  504): Unable to read max frequency from online cpu.
05-03 20:12:06.351 E/ThermalEngine(  504): Failed to set desired CPU[1] frequency limit to 2457600
05-03 20:12:12.958 E/ThermalEngine(  504): Unable to read max frequency from online cpu.
05-03 20:12:12.959 E/ThermalEngine(  504): Failed to set desired CPU[3] frequency limit to 2457600
05-03 20:12:16.455 E/ThermalEngine(  504): Unable to read max frequency from online cpu.
05-03 20:12:16.455 E/ThermalEngine(  504): Failed to set desired CPU[3] frequency limit to 2457600
05-03 20:12:23.205 E/ThermalEngine(  504): Unable to read max frequency from online cpu.
05-03 20:12:23.205 E/ThermalEngine(  504): Failed to set desired CPU[3] frequency limit to 2457600
05-03 20:12:30.553 E/ThermalEngine(  504): Unable to read max frequency from online cpu.
05-03 20:12:30.553 E/ThermalEngine(  504): Failed to set desired CPU[3] frequency limit to 2457600
05-03 20:12:30.556 E/ThermalEngine(  504): Unable to read max frequency from online cpu.
05-03 20:12:30.557 E/ThermalEngine(  504): Failed to set desired CPU[2] frequency limit to 2457600
05-03 20:12:34.159 E/LocSvc_libulp( 2941): I/int ulp_msg_process_system_update(UlpSystemEvent): systemEvent:5 
05-03 20:12:34.159 E/LocSvc_libulp( 2941): I/int ulp_msg_process_start_req(), at ulp state = 1
05-03 20:12:34.160 E/LocSvc_api_v02( 2941): I/---> locClientSendReq line 2020 QMI_LOC_GET_BEST_AVAILABLE_POSITION_REQ_V02
05-03 20:12:34.166 E/LocSvc_ApiV02( 2941): I/<--- void globalRespCb(locClientHandleType, uint32_t, locClientRespIndUnionType, void*) line 115 QMI_LOC_GET_BEST_AVAILABLE_POSITION_REQ_V02
05-03 20:12:34.166 E/LocSvc_libulp( 2941): I/int ulp_brain_process_zpp_position_report(loc_sess_status, LocPosTechMask, UlpLocation*), report ZPP position to providers,report_position = 1
05-03 20:12:34.166 E/IzatSvc_PassiveLocListener( 2941): E/Exiting with error virtual void izat_manager::IzatPassiveLocationListener::onLocationChanged(const izat_manager::IzatLocation*, izat_manager::IzatLocationStatus) line 113 "1"
05-03 20:12:43.457 E/ThermalEngine(  504): Unable to read max frequency from online cpu.
05-03 20:12:43.458 E/ThermalEngine(  504): Failed to set desired CPU[3] frequency limit to 2457600
05-03 20:12:47.654 E/ThermalEngine(  504): Unable to read max frequency from online cpu.
05-03 20:12:47.654 E/ThermalEngine(  504): Failed to set desired CPU[3] frequency limit to 2457600
05-03 20:12:47.661 E/ThermalEngine(  504): Unable to read max frequency from online cpu.
05-03 20:12:47.662 E/ThermalEngine(  504): Failed to set desired CPU[2] frequency limit to 2457600
05-03 20:12:53.654 E/ThermalEngine(  504): Unable to read max frequency from online cpu.
05-03 20:12:53.654 E/ThermalEngine(  504): Failed to set desired CPU[3] frequency limit to 2457600
05-03 20:12:53.701 E/ThermalEngine(  504): Unable to read max frequency from online cpu.
05-03 20:12:53.701 E/ThermalEngine(  504): Failed to set desired CPU[2] frequency limit to 2457600
05-03 20:12:56.754 E/ThermalEngine(  504): Unable to read max frequency from online cpu.
05-03 20:12:56.754 E/ThermalEngine(  504): Failed to set desired CPU[3] frequency limit to 2457600
05-03 20:13:03.907 E/ThermalEngine(  504): Unable to read max frequency from online cpu.
05-03 20:13:03.907 E/ThermalEngine(  504): Failed to set desired CPU[3] frequency limit to 2457600
05-03 20:13:19.853 E/ThermalEngine(  504): Unable to read max frequency from online cpu.
05-03 20:13:19.853 E/ThermalEngine(  504): Failed to set desired CPU[3] frequency limit to 2457600
05-03 20:13:19.856 E/ThermalEngine(  504): Unable to read max frequency from online cpu.
05-03 20:13:19.857 E/ThermalEngine(  504): Failed to set desired CPU[2] frequency limit to 2457600
05-03 20:13:24.155 E/ThermalEngine(  504): Unable to read max frequency from online cpu.
05-03 20:13:24.155 E/ThermalEngine(  504): Failed to set desired CPU[3] frequency limit to 2457600
05-03 20:13:34.159 E/LocSvc_libulp( 2941): I/int ulp_msg_process_system_update(UlpSystemEvent): systemEvent:5 
05-03 20:13:34.160 E/LocSvc_libulp( 2941): I/int ulp_msg_process_start_req(), at ulp state = 1
05-03 20:13:34.160 E/LocSvc_api_v02( 2941): I/---> locClientSendReq line 2020 QMI_LOC_GET_BEST_AVAILABLE_POSITION_REQ_V02
05-03 20:13:34.164 E/LocSvc_ApiV02( 2941): I/<--- void globalRespCb(locClientHandleType, uint32_t, locClientRespIndUnionType, void*) line 115 QMI_LOC_GET_BEST_AVAILABLE_POSITION_REQ_V02
05-03 20:13:34.165 E/LocSvc_libulp( 2941): I/int ulp_brain_process_zpp_position_report(loc_sess_status, LocPosTechMask, UlpLocation*), report ZPP position to providers,report_position = 1
05-03 20:13:34.165 E/IzatSvc_PassiveLocListener( 2941): E/Exiting with error virtual void izat_manager::IzatPassiveLocationListener::onLocationChanged(const izat_manager::IzatLocation*, izat_manager::IzatLocationStatus) line 113 "1"
05-03 20:13:34.355 E/ThermalEngine(  504): Unable to read max frequency from online cpu.
05-03 20:13:34.355 E/ThermalEngine(  504): Failed to set desired CPU[3] frequency limit to 2457600
05-03 20:13:44.003 E/ThermalEngine(  504): Unable to read max frequency from online cpu.
05-03 20:13:44.003 E/ThermalEngine(  504): Failed to set desired CPU[3] frequency limit to 2457600
05-03 20:13:44.017 E/ThermalEngine(  504): Unable to read max frequency from online cpu.
05-03 20:13:44.017 E/ThermalEngine(  504): Failed to set desired CPU[2] frequency limit to 2457600
05-03 20:13:57.171 E/ThermalEngine(  504): Unable to read max frequency from online cpu.
05-03 20:13:57.171 E/ThermalEngine(  504): Failed to set desired CPU[2] frequency limit to 2457600
05-03 20:14:00.093 E/ThermalEngine(  504): Unable to read max frequency from online cpu.
05-03 20:14:00.093 E/ThermalEngine(  504): Failed to set desired CPU[2] frequency limit to 2457600
05-03 20:14:04.708 E/ThermalEngine(  504): Unable to read max frequency from online cpu.
05-03 20:14:04.708 E/ThermalEngine(  504): Failed to set desired CPU[3] frequency limit to 2457600
05-03 20:14:05.102 E/ThermalEngine(  504): Unable to read max frequency from online cpu.
05-03 20:14:05.103 E/ThermalEngine(  504): Failed to set desired CPU[2] frequency limit to 2457600
05-03 20:14:05.110 E/ThermalEngine(  504): Unable to read max frequency from online cpu.
05-03 20:14:05.111 E/ThermalEngine(  504): Failed to set desired CPU[1] frequency limit to 2457600
05-03 20:14:05.153 E/Icon    ( 4428): Unable to load resource 0xffffffff from pkg=com.xiaomi.xmsf
05-03 20:14:05.153 E/Icon    ( 4428): android.content.res.Resources$NotFoundException: Resource ID #0xffffffff
05-03 20:14:05.153 E/Icon    ( 4428): 	at android.content.res.Resources.getValue(Resources.java:1369)
05-03 20:14:05.153 E/Icon    ( 4428): 	at android.content.res.MiuiResources.getValue(MiuiResources.java:145)
05-03 20:14:05.153 E/Icon    ( 4428): 	at android.content.res.Resources.getDrawable(Resources.java:822)
05-03 20:14:05.153 E/Icon    ( 4428): 	at android.graphics.drawable.Icon.loadDrawableInner(Icon.java:313)
05-03 20:14:05.153 E/Icon    ( 4428): 	at android.graphics.drawable.Icon.loadDrawable(Icon.java:269)
05-03 20:14:05.153 E/Icon    ( 4428): 	at android.widget.ImageView.setImageIcon(ImageView.java:498)
05-03 20:14:05.153 E/Icon    ( 4428): 	at java.lang.reflect.Method.invoke(Native Method)
05-03 20:14:05.153 E/Icon    ( 4428): 	at android.widget.RemoteViews$ReflectionAction.apply(RemoteViews.java:1296)
05-03 20:14:05.153 E/Icon    ( 4428): 	at android.widget.RemoteViews.performApply(RemoteViews.java:2804)
05-03 20:14:05.153 E/Icon    ( 4428): 	at android.widget.RemoteViews.apply(RemoteViews.java:2764)
05-03 20:14:05.153 E/Icon    ( 4428): 	at com.android.systemui.statusbar.BaseStatusBar.inflateViews(BaseStatusBar.java:635)
05-03 20:14:05.153 E/Icon    ( 4428): 	at com.android.systemui.statusbar.BaseStatusBar.addNotificationViews(BaseStatusBar.java:1012)
05-03 20:14:05.153 E/Icon    ( 4428): 	at com.android.systemui.statusbar.phone.PhoneStatusBar.addNotification(PhoneStatusBar.java:1825)
05-03 20:14:05.153 E/Icon    ( 4428): 	at com.android.systemui.statusbar.CommandQueue$H.handleMessage(CommandQueue.java:442)
05-03 20:14:05.153 E/Icon    ( 4428): 	at android.os.Handler.dispatchMessage(Handler.java:102)
05-03 20:14:05.153 E/Icon    ( 4428): 	at android.os.Looper.loop(Looper.java:154)
05-03 20:14:05.153 E/Icon    ( 4428): 	at android.app.ActivityThread.main(ActivityThread.java:5462)
05-03 20:14:05.153 E/Icon    ( 4428): 	at java.lang.reflect.Method.invoke(Native Method)
05-03 20:14:05.153 E/Icon    ( 4428): 	at com.android.internal.os.ZygoteInit$MethodAndArgsCaller.run(ZygoteInit.java:739)
05-03 20:14:05.153 E/Icon    ( 4428): 	at com.android.internal.os.ZygoteInit.main(ZygoteInit.java:629)
05-03 20:14:09.104 E/ThermalEngine(  504): Unable to read max frequency from online cpu.
05-03 20:14:09.104 E/ThermalEngine(  504): Failed to set desired CPU[3] frequency limit to 2457600
05-03 20:14:09.111 E/ThermalEngine(  504): Unable to read max frequency from online cpu.
05-03 20:14:09.112 E/ThermalEngine(  504): Failed to set desired CPU[2] frequency limit to 2457600
05-03 20:14:14.908 E/ThermalEngine(  504): Unable to read max frequency from online cpu.
05-03 20:14:14.908 E/ThermalEngine(  504): Failed to set desired CPU[3] frequency limit to 2457600
05-03 20:14:20.205 E/ThermalEngine(  504): Unable to read max frequency from online cpu.
05-03 20:14:20.205 E/ThermalEngine(  504): Failed to set desired CPU[3] frequency limit to 2457600
05-03 20:14:20.208 E/ThermalEngine(  504): Unable to read max frequency from online cpu.
05-03 20:14:20.208 E/ThermalEngine(  504): Failed to set desired CPU[2] frequency limit to 2457600
05-03 20:14:25.108 E/ThermalEngine(  504): Unable to read max frequency from online cpu.
05-03 20:14:25.108 E/ThermalEngine(  504): Failed to set desired CPU[3] frequency limit to 2457600
05-03 20:14:34.160 E/LocSvc_libulp( 2941): I/int ulp_msg_process_system_update(UlpSystemEvent): systemEvent:5 
05-03 20:14:34.160 E/LocSvc_libulp( 2941): I/int ulp_msg_process_start_req(), at ulp state = 1
05-03 20:14:34.160 E/LocSvc_api_v02( 2941): I/---> locClientSendReq line 2020 QMI_LOC_GET_BEST_AVAILABLE_POSITION_REQ_V02
05-03 20:14:34.165 E/LocSvc_ApiV02( 2941): I/<--- void globalRespCb(locClientHandleType, uint32_t, locClientRespIndUnionType, void*) line 115 QMI_LOC_GET_BEST_AVAILABLE_POSITION_REQ_V02
05-03 20:14:34.165 E/LocSvc_libulp( 2941): I/int ulp_brain_process_zpp_position_report(loc_sess_status, LocPosTechMask, UlpLocation*), report ZPP position to providers,report_position = 1
05-03 20:14:34.165 E/IzatSvc_PassiveLocListener( 2941): E/Exiting with error virtual void izat_manager::IzatPassiveLocationListener::onLocationChanged(const izat_manager::IzatLocation*, izat_manager::IzatLocationStatus) line 113 "1"
05-03 20:14:35.309 E/ThermalEngine(  504): Unable to read max frequency from online cpu.
05-03 20:14:35.309 E/ThermalEngine(  504): Failed to set desired CPU[3] frequency limit to 2457600
05-03 20:14:39.734 E/ThermalEngine(  504): Unable to read max frequency from online cpu.
05-03 20:14:39.734 E/ThermalEngine(  504): Failed to set desired CPU[3] frequency limit to 2457600
05-03 20:14:45.508 E/ThermalEngine(  504): Unable to read max frequency from online cpu.
05-03 20:14:45.508 E/ThermalEngine(  504): Failed to set desired CPU[3] frequency limit to 2457600
05-03 20:15:00.104 E/ThermalEngine(  504): Unable to read max frequency from online cpu.
05-03 20:15:00.104 E/ThermalEngine(  504): Failed to set desired CPU[3] frequency limit to 2457600
05-03 20:15:00.153 E/ThermalEngine(  504): Unable to read max frequency from online cpu.
05-03 20:15:00.153 E/ThermalEngine(  504): Failed to set desired CPU[2] frequency limit to 2457600
05-03 20:15:05.704 E/ThermalEngine(  504): Unable to read max frequency from online cpu.
05-03 20:15:05.705 E/ThermalEngine(  504): Failed to set desired CPU[3] frequency limit to 2457600
05-03 20:15:15.906 E/ThermalEngine(  504): Unable to read max frequency from online cpu.
05-03 20:15:15.906 E/ThermalEngine(  504): Failed to set desired CPU[3] frequency limit to 2457600
05-03 20:15:25.804 E/ThermalEngine(  504): Unable to read max frequency from online cpu.
05-03 20:15:25.805 E/ThermalEngine(  504): Failed to set desired CPU[3] frequency limit to 2457600
05-03 20:15:25.853 E/ThermalEngine(  504): Unable to read max frequency from online cpu.
05-03 20:15:25.853 E/ThermalEngine(  504): Failed to set desired CPU[2] frequency limit to 2457600
05-03 20:15:32.854 E/ThermalEngine(  504): Unable to read max frequency from online cpu.
05-03 20:15:32.854 E/ThermalEngine(  504): Failed to set desired CPU[3] frequency limit to 2457600
05-03 20:15:34.160 E/LocSvc_libulp( 2941): I/int ulp_msg_process_system_update(UlpSystemEvent): systemEvent:5 
05-03 20:15:34.160 E/LocSvc_libulp( 2941): I/int ulp_msg_process_start_req(), at ulp state = 1
05-03 20:15:34.160 E/LocSvc_api_v02( 2941): I/---> locClientSendReq line 2020 QMI_LOC_GET_BEST_AVAILABLE_POSITION_REQ_V02
05-03 20:15:34.164 E/LocSvc_ApiV02( 2941): I/<--- void globalRespCb(locClientHandleType, uint32_t, locClientRespIndUnionType, void*) line 115 QMI_LOC_GET_BEST_AVAILABLE_POSITION_REQ_V02
05-03 20:15:34.164 E/LocSvc_libulp( 2941): I/int ulp_brain_process_zpp_position_report(loc_sess_status, LocPosTechMask, UlpLocation*), report ZPP position to providers,report_position = 1
05-03 20:15:34.164 E/IzatSvc_PassiveLocListener( 2941): E/Exiting with error virtual void izat_manager::IzatPassiveLocationListener::onLocationChanged(const izat_manager::IzatLocation*, izat_manager::IzatLocationStatus) line 113 "1"
05-03 20:15:36.209 E/ThermalEngine(  504): Unable to read max frequency from online cpu.
05-03 20:15:36.209 E/ThermalEngine(  504): Failed to set desired CPU[3] frequency limit to 2457600
05-03 20:15:37.953 E/ThermalEngine(  504): Unable to read max frequency from online cpu.
05-03 20:15:37.954 E/ThermalEngine(  504): Failed to set desired CPU[3] frequency limit to 2457600
05-03 20:15:37.959 E/ThermalEngine(  504): Unable to read max frequency from online cpu.
05-03 20:15:37.959 E/ThermalEngine(  504): Failed to set desired CPU[2] frequency limit to 2457600
05-03 20:15:45.553 E/ThermalEngine(  504): Unable to read max frequency from online cpu.
05-03 20:15:45.553 E/ThermalEngine(  504): Failed to set desired CPU[3] frequency limit to 2457600
05-03 20:15:45.603 E/ThermalEngine(  504): Unable to read max frequency from online cpu.
05-03 20:15:45.603 E/ThermalEngine(  504): Failed to set desired CPU[2] frequency limit to 2457600
05-03 20:15:46.459 E/ThermalEngine(  504): Unable to read max frequency from online cpu.
05-03 20:15:46.459 E/ThermalEngine(  504): Failed to set desired CPU[1] frequency limit to 2457600
05-03 20:15:55.104 E/ThermalEngine(  504): Unable to read max frequency from online cpu.
05-03 20:15:55.104 E/ThermalEngine(  504): Failed to set desired CPU[3] frequency limit to 2457600
05-03 20:15:57.010 E/ThermalEngine(  504): Unable to read max frequency from online cpu.
05-03 20:15:57.010 E/ThermalEngine(  504): Failed to set desired CPU[2] frequency limit to 2457600
05-03 20:16:00.107 E/ThermalEngine(  504): Unable to read max frequency from online cpu.
05-03 20:16:00.107 E/ThermalEngine(  504): Failed to set desired CPU[3] frequency limit to 2457600
05-03 20:16:00.112 E/ThermalEngine(  504): Unable to read max frequency from online cpu.
05-03 20:16:00.112 E/ThermalEngine(  504): Failed to set desired CPU[2] frequency limit to 2457600
05-03 20:16:00.152 E/ThermalEngine(  504): Unable to read max frequency from online cpu.
05-03 20:16:00.152 E/ThermalEngine(  504): Failed to set desired CPU[1] frequency limit to 2457600
05-03 20:16:06.508 E/ThermalEngine(  504): Unable to read max frequency from online cpu.
05-03 20:16:06.508 E/ThermalEngine(  504): Failed to set desired CPU[3] frequency limit to 2457600
05-03 20:16:08.301 E/DatabaseUtils( 2941): Writing exception to parcel
05-03 20:16:08.301 E/DatabaseUtils( 2941): java.lang.SecurityException: com.sogou.activity.src was not granted  this permission: android.permission.WRITE_SETTINGS.
05-03 20:16:08.301 E/DatabaseUtils( 2941): 	at android.provider.Settings.isCallingPackageAllowedToPerformAppOpsProtectedOperation(Settings.java:8507)
05-03 20:16:08.301 E/DatabaseUtils( 2941): 	at android.provider.Settings.checkAndNoteWriteSettingsOperation(Settings.java:8389)
05-03 20:16:08.301 E/DatabaseUtils( 2941): 	at com.android.providers.settings.SettingsProvider.mutateSystemSetting(SettingsProvider.java:915)
05-03 20:16:08.301 E/DatabaseUtils( 2941): 	at com.android.providers.settings.SettingsProvider.insertSystemSetting(SettingsProvider.java:890)
05-03 20:16:08.301 E/DatabaseUtils( 2941): 	at com.android.providers.settings.SettingsProvider.call(SettingsProvider.java:263)
05-03 20:16:08.301 E/DatabaseUtils( 2941): 	at android.content.ContentProvider$Transport.call(ContentProvider.java:398)
05-03 20:16:08.301 E/DatabaseUtils( 2941): 	at android.content.ContentProviderNative.onTransact(ContentProviderNative.java:283)
05-03 20:16:08.301 E/DatabaseUtils( 2941): 	at android.os.Binder.execTransact(Binder.java:453)
05-03 20:16:08.303 E/DatabaseUtils( 2941): Writing exception to parcel
05-03 20:16:08.303 E/DatabaseUtils( 2941): java.lang.SecurityException: com.sogou.activity.src was not granted  this permission: android.permission.WRITE_SETTINGS.
05-03 20:16:08.303 E/DatabaseUtils( 2941): 	at android.provider.Settings.isCallingPackageAllowedToPerformAppOpsProtectedOperation(Settings.java:8507)
05-03 20:16:08.303 E/DatabaseUtils( 2941): 	at android.provider.Settings.checkAndNoteWriteSettingsOperation(Settings.java:8389)
05-03 20:16:08.303 E/DatabaseUtils( 2941): 	at com.android.providers.settings.SettingsProvider.mutateSystemSetting(SettingsProvider.java:915)
05-03 20:16:08.303 E/DatabaseUtils( 2941): 	at com.android.providers.settings.SettingsProvider.insertSystemSetting(SettingsProvider.java:890)
05-03 20:16:08.303 E/DatabaseUtils( 2941): 	at com.android.providers.settings.SettingsProvider.call(SettingsProvider.java:263)
05-03 20:16:08.303 E/DatabaseUtils( 2941): 	at android.content.ContentProvider$Transport.call(ContentProvider.java:398)
05-03 20:16:08.303 E/DatabaseUtils( 2941): 	at android.content.ContentProviderNative.onTransact(ContentProviderNative.java:283)
05-03 20:16:08.303 E/DatabaseUtils( 2941): 	at android.os.Binder.execTransact(Binder.java:453)
05-03 20:16:08.359 E/ThermalEngine(  504): Unable to read max frequency from online cpu.
05-03 20:16:08.359 E/ThermalEngine(  504): Failed to set desired CPU[2] frequency limit to 2457600
05-03 20:16:08.412 E/ThermalEngine(  504): Unable to read max frequency from online cpu.
05-03 20:16:08.412 E/ThermalEngine(  504): Failed to set desired CPU[1] frequency limit to 2457600
