05-03 11:03:50.046 E/ActivityThread( 4428): Failed to find provider info for com.xiaomi.tv.gallerylockscreen.lockscreen_magazine_provider
05-03 11:03:50.048 E/ActivityThread( 4428): Failed to find provider info for com.xiaomi.tv.gallerylockscreen.lockscreen_magazine_provider
05-03 11:03:50.184 E/bt_a2dp_hw(  457): adev_set_parameters: ERROR: set param called even when stream out is null
05-03 11:03:50.352 E/PowerManagerService( 2941): Only X4,X3 support this feature for low power consumption!
05-03 11:04:05.006 E/PowerManagerService( 2941): Only X4,X3 support this feature for low power consumption!
05-03 11:04:05.069 E/PowerManagerService( 2941): Only X4,X3 support this feature for low power consumption!
05-03 11:05:13.494 E/PowerManagerService( 2941): Only X4,X3 support this feature for low power consumption!
05-03 11:05:13.608 E/PowerManagerService( 2941): Only X4,X3 support this feature for low power consumption!
05-03 11:10:13.642 E/PowerManagerService( 2941): Only X4,X3 support this feature for low power consumption!
05-03 11:10:13.808 E/PowerManagerService( 2941): Only X4,X3 support this feature for low power consumption!
05-03 11:11:47.192 E/PowerManagerService( 2941): Only X4,X3 support this feature for low power consumption!
05-03 11:11:47.252 E/PowerManagerService( 2941): Only X4,X3 support this feature for low power consumption!
05-03 11:14:05.002 E/PowerManagerService( 2941): Only X4,X3 support this feature for low power consumption!
05-03 11:14:05.233 E/PowerManagerService( 2941): Only X4,X3 support this feature for low power consumption!
05-03 11:15:13.600 E/PowerManagerService( 2941): Only X4,X3 support this feature for low power consumption!
05-03 11:15:13.672 E/PowerManagerService( 2941): Only X4,X3 support this feature for low power consumption!
05-03 11:15:46.121 E/PowerManagerService( 2941): Only X4,X3 support this feature for low power consumption!
05-03 11:15:46.679 E/PowerManagerService( 2941): Only X4,X3 support this feature for low power consumption!
05-03 11:15:46.701 E/PowerManagerService( 2941): Only X4,X3 support this feature for low power consumption!
05-03 11:15:51.410 E/PowerManagerService( 2941): Only X4,X3 support this feature for low power consumption!
05-03 11:15:51.414 E/PowerManagerService( 2941): Only X4,X3 support this feature for low power consumption!
05-03 11:15:52.506 E/PowerManagerService( 2941): Only X4,X3 support this feature for low power consumption!
05-03 11:15:54.187 E/PowerManagerService( 2941): Only X4,X3 support this feature for low power consumption!
05-03 11:15:54.741 E/PowerManagerService( 2941): Only X4,X3 support this feature for low power consumption!
05-03 11:19:05.003 E/PowerManagerService( 2941): Only X4,X3 support this feature for low power consumption!
05-03 11:19:05.071 E/PowerManagerService( 2941): Only X4,X3 support this feature for low power consumption!
05-03 11:20:13.444 E/PowerManagerService( 2941): Only X4,X3 support this feature for low power consumption!
05-03 11:20:13.513 E/PowerManagerService( 2941): Only X4,X3 support this feature for low power consumption!
05-03 11:20:19.353 E/PowerManagerService( 2941): Only X4,X3 support this feature for low power consumption!
05-03 11:20:24.609 E/PowerManagerService( 2941): Only X4,X3 support this feature for low power consumption!
05-03 11:23:59.317 E/NetdConnector( 2941): NDC Command {447 firewall enable_chain dozable} took too long (214688ms)
05-03 11:24:05.003 E/PowerManagerService( 2941): Only X4,X3 support this feature for low power consumption!
05-03 11:24:05.200 E/PowerManagerService( 2941): Only X4,X3 support this feature for low power consumption!
05-03 11:25:13.579 E/PowerManagerService( 2941): Only X4,X3 support this feature for low power consumption!
05-03 11:25:13.641 E/PowerManagerService( 2941): Only X4,X3 support this feature for low power consumption!
05-03 11:26:13.954 E/PowerManagerService( 2941): Only X4,X3 support this feature for low power consumption!
05-03 11:26:14.606 E/PowerManagerService( 2941): Only X4,X3 support this feature for low power consumption!
05-03 11:30:12.485 E/PowerManagerService( 2941): Only X4,X3 support this feature for low power consumption!
05-03 11:30:12.547 E/PowerManagerService( 2941): Only X4,X3 support this feature for low power consumption!
05-03 11:33:53.588 E/PowerManagerService( 2941): Only X4,X3 support this feature for low power consumption!
05-03 11:33:58.999 E/PowerManagerService( 2941): Only X4,X3 support this feature for low power consumption!
05-03 11:34:04.574 E/NetdConnector( 2941): NDC Command {451 firewall enable_chain dozable} took too long (5573ms)
05-03 11:34:05.008 E/PowerManagerService( 2941): Only X4,X3 support this feature for low power consumption!
05-03 11:34:05.309 E/PowerManagerService( 2941): Only X4,X3 support this feature for low power consumption!
05-03 11:35:13.666 E/PowerManagerService( 2941): Only X4,X3 support this feature for low power consumption!
05-03 11:35:13.726 E/PowerManagerService( 2941): Only X4,X3 support this feature for low power consumption!
05-03 11:40:12.688 E/PowerManagerService( 2941): Only X4,X3 support this feature for low power consumption!
05-03 11:40:12.742 E/PowerManagerService( 2941): Only X4,X3 support this feature for low power consumption!
05-03 11:44:08.012 E/PowerManagerService( 2941): Only X4,X3 support this feature for low power consumption!
05-03 11:44:08.177 E/PowerManagerService( 2941): Only X4,X3 support this feature for low power consumption!
05-03 11:45:12.904 E/PowerManagerService( 2941): Only X4,X3 support this feature for low power consumption!
05-03 11:45:12.984 E/PowerManagerService( 2941): Only X4,X3 support this feature for low power consumption!
05-03 11:46:09.394 E/PowerManagerService( 2941): Only X4,X3 support this feature for low power consumption!
05-03 11:46:09.469 E/PowerManagerService( 2941): Only X4,X3 support this feature for low power consumption!
05-03 11:48:54.325 E/PowerManagerService( 2941): Only X4,X3 support this feature for low power consumption!
05-03 11:48:54.861 E/PowerManagerService( 2941): Only X4,X3 support this feature for low power consumption!
05-03 11:48:54.875 E/PowerManagerService( 2941): Only X4,X3 support this feature for low power consumption!
05-03 11:48:55.053 E/PowerManagerService( 2941): Only X4,X3 support this feature for low power consumption!
05-03 11:48:55.054 E/PowerManagerService( 2941): Only X4,X3 support this feature for low power consumption!
05-03 11:48:56.899 E/PowerManagerService( 2941): Only X4,X3 support this feature for low power consumption!
05-03 11:49:05.002 E/PowerManagerService( 2941): Only X4,X3 support this feature for low power consumption!
05-03 11:49:05.047 E/PowerManagerService( 2941): Only X4,X3 support this feature for low power consumption!
05-03 11:50:13.429 E/PowerManagerService( 2941): Only X4,X3 support this feature for low power consumption!
05-03 11:50:13.500 E/PowerManagerService( 2941): Only X4,X3 support this feature for low power consumption!
05-03 11:54:07.360 E/PowerManagerService( 2941): Only X4,X3 support this feature for low power consumption!
05-03 11:54:07.500 E/PowerManagerService( 2941): Only X4,X3 support this feature for low power consumption!
05-03 11:54:09.106 E/PowerManagerService( 2941): Only X4,X3 support this feature for low power consumption!
05-03 11:54:14.313 E/PowerManagerService( 2941): Only X4,X3 support this feature for low power consumption!
05-03 11:55:13.527 E/PowerManagerService( 2941): Only X4,X3 support this feature for low power consumption!
05-03 11:55:13.645 E/PowerManagerService( 2941): Only X4,X3 support this feature for low power consumption!
05-03 11:55:13.681 E/NetdConnector( 2941): NDC Command {453 firewall enable_chain dozable} took too long (59358ms)
05-03 11:56:13.953 E/PowerManagerService( 2941): Only X4,X3 support this feature for low power consumption!
05-03 11:56:14.414 E/PowerManagerService( 2941): Only X4,X3 support this feature for low power consumption!
05-03 12:00:15.772 E/PowerManagerService( 2941): Only X4,X3 support this feature for low power consumption!
05-03 12:00:15.828 E/PowerManagerService( 2941): Only X4,X3 support this feature for low power consumption!
05-03 12:01:44.291 E/PowerManagerService( 2941): Only X4,X3 support this feature for low power consumption!
05-03 12:01:44.973 E/PowerManagerService( 2941): Only X4,X3 support this feature for low power consumption!
05-03 12:04:06.608 E/PowerManagerService( 2941): Only X4,X3 support this feature for low power consumption!
05-03 12:04:06.831 E/PowerManagerService( 2941): Only X4,X3 support this feature for low power consumption!
05-03 12:04:09.398 E/PowerManagerService( 2941): Only X4,X3 support this feature for low power consumption!
05-03 12:04:11.907 E/PowerManagerService( 2941): Only X4,X3 support this feature for low power consumption!
05-03 12:05:13.163 E/PowerManagerService( 2941): Only X4,X3 support this feature for low power consumption!
05-03 12:05:13.214 E/PowerManagerService( 2941): Only X4,X3 support this feature for low power consumption!
05-03 12:09:17.903 E/PowerManagerService( 2941): Only X4,X3 support this feature for low power consumption!
05-03 12:09:24.726 E/PowerManagerService( 2941): Only X4,X3 support this feature for low power consumption!
05-03 12:09:48.147 E/PowerManagerService( 2941): Only X4,X3 support this feature for low power consumption!
05-03 12:09:48.157 E/PowerManagerService( 2941): Only X4,X3 support this feature for low power consumption!
05-03 12:09:48.174 E/PowerManagerService( 2941): Only X4,X3 support this feature for low power consumption!
05-03 12:09:48.183 E/PowerManagerService( 2941): Only X4,X3 support this feature for low power consumption!
05-03 12:09:48.184 E/PowerManagerService( 2941): Only X4,X3 support this feature for low power consumption!
05-03 12:09:48.184 E/PowerManagerService( 2941): Only X4,X3 support this feature for low power consumption!
05-03 12:14:06.599 E/PowerManagerService( 2941): Only X4,X3 support this feature for low power consumption!
05-03 12:14:06.688 E/PowerManagerService( 2941): Only X4,X3 support this feature for low power consumption!
05-03 12:14:06.688 E/PowerManagerService( 2941): Only X4,X3 support this feature for low power consumption!
05-03 12:14:06.689 E/PowerManagerService( 2941): Only X4,X3 support this feature for low power consumption!
05-03 12:14:13.344 E/PowerManagerService( 2941): Only X4,X3 support this feature for low power consumption!
05-03 12:14:13.357 E/PowerManagerService( 2941): Only X4,X3 support this feature for low power consumption!
05-03 12:16:04.407 E/PowerManagerService( 2941): Only X4,X3 support this feature for low power consumption!
05-03 12:16:04.426 E/PowerManagerService( 2941): Only X4,X3 support this feature for low power consumption!
05-03 12:23:14.038 E/PowerManagerService( 2941): Only X4,X3 support this feature for low power consumption!
05-03 12:23:14.068 E/PowerManagerService( 2941): Only X4,X3 support this feature for low power consumption!
05-03 12:24:18.638 E/PowerManagerService( 2941): Only X4,X3 support this feature for low power consumption!
05-03 12:24:19.157 E/PowerManagerService( 2941): Only X4,X3 support this feature for low power consumption!
05-03 12:24:19.168 E/PowerManagerService( 2941): Only X4,X3 support this feature for low power consumption!
05-03 12:24:40.369 E/PowerManagerService( 2941): Only X4,X3 support this feature for low power consumption!
05-03 12:28:15.758 E/PowerManagerService( 2941): Only X4,X3 support this feature for low power consumption!
05-03 12:28:15.775 E/PowerManagerService( 2941): Only X4,X3 support this feature for low power consumption!
05-03 12:28:15.790 E/PowerManagerService( 2941): Only X4,X3 support this feature for low power consumption!
05-03 12:28:15.828 E/PowerManagerService( 2941): Only X4,X3 support this feature for low power consumption!
05-03 12:28:15.840 E/PowerManagerService( 2941): Only X4,X3 support this feature for low power consumption!
05-03 12:28:15.850 E/PowerManagerService( 2941): Only X4,X3 support this feature for low power consumption!
05-03 12:28:15.861 E/PowerManagerService( 2941): Only X4,X3 support this feature for low power consumption!
05-03 12:28:15.878 E/PowerManagerService( 2941): Only X4,X3 support this feature for low power consumption!
05-03 12:28:20.720 E/PowerManagerService( 2941): Only X4,X3 support this feature for low power consumption!
05-03 12:28:20.727 E/PowerManagerService( 2941): Only X4,X3 support this feature for low power consumption!
05-03 12:32:15.322 E/PowerManagerService( 2941): Only X4,X3 support this feature for low power consumption!
05-03 12:32:15.363 E/PowerManagerService( 2941): Only X4,X3 support this feature for low power consumption!
05-03 12:39:38.843 E/PowerManagerService( 2941): Only X4,X3 support this feature for low power consumption!
05-03 12:39:39.381 E/PowerManagerService( 2941): Only X4,X3 support this feature for low power consumption!
05-03 12:39:39.397 E/PowerManagerService( 2941): Only X4,X3 support this feature for low power consumption!
05-03 12:39:41.223 E/PowerManagerService( 2941): Only X4,X3 support this feature for low power consumption!
05-03 12:41:16.736 E/PowerManagerService( 2941): Only X4,X3 support this feature for low power consumption!
05-03 12:41:16.757 E/PowerManagerService( 2941): Only X4,X3 support this feature for low power consumption!
05-03 12:50:19.863 E/PowerManagerService( 2941): Only X4,X3 support this feature for low power consumption!
05-03 12:50:19.871 E/PowerManagerService( 2941): Only X4,X3 support this feature for low power consumption!
05-03 12:54:39.858 E/PowerManagerService( 2941): Only X4,X3 support this feature for low power consumption!
05-03 12:54:40.396 E/PowerManagerService( 2941): Only X4,X3 support this feature for low power consumption!
05-03 12:54:40.414 E/PowerManagerService( 2941): Only X4,X3 support this feature for low power consumption!
05-03 12:54:42.652 E/PowerManagerService( 2941): Only X4,X3 support this feature for low power consumption!
05-03 12:54:42.653 E/PowerManagerService( 2941): Only X4,X3 support this feature for low power consumption!
05-03 12:54:44.480 E/PowerManagerService( 2941): Only X4,X3 support this feature for low power consumption!
05-03 12:55:43.127 E/PowerManagerService( 2941): Only X4,X3 support this feature for low power consumption!
05-03 12:56:12.265 E/NetlinkEvent(  452): NetlinkEvent::FindParam(): Parameter 'TIME_NS' not found
05-03 12:56:12.265 E/NetlinkEvent(  452): NetlinkEvent::FindParam(): Parameter 'UID' not found
05-03 12:56:12.865 E/NetlinkEvent(  452): NetlinkEvent::FindParam(): Parameter 'TIME_NS' not found
05-03 12:56:12.865 E/NetlinkEvent(  452): NetlinkEvent::FindParam(): Parameter 'UID' not found
05-03 12:56:13.487 E/PowerManagerService( 2941): Only X4,X3 support this feature for low power consumption!
05-03 12:56:16.877 E/NetdConnector( 2941): NDC Command {461 firewall enable_chain dozable} took too long (3380ms)
05-03 13:02:13.686 E/PowerManagerService( 2941): Only X4,X3 support this feature for low power consumption!
05-03 13:02:13.686 E/PowerManagerService( 2941): Only X4,X3 support this feature for low power consumption!
05-03 13:04:06.923 E/PowerManagerService( 2941): Only X4,X3 support this feature for low power consumption!
05-03 13:04:06.994 E/PowerManagerService( 2941): Only X4,X3 support this feature for low power consumption!
05-03 13:04:43.168 E/PowerManagerService( 2941): Only X4,X3 support this feature for low power consumption!
05-03 13:04:43.201 E/PowerManagerService( 2941): Only X4,X3 support this feature for low power consumption!
05-03 13:09:43.377 E/PowerManagerService( 2941): Only X4,X3 support this feature for low power consumption!
05-03 13:09:43.904 E/PowerManagerService( 2941): Only X4,X3 support this feature for low power consumption!
05-03 13:09:43.922 E/PowerManagerService( 2941): Only X4,X3 support this feature for low power consumption!
05-03 13:10:12.177 E/PowerManagerService( 2941): Only X4,X3 support this feature for low power consumption!
05-03 13:10:12.188 E/PowerManagerService( 2941): Only X4,X3 support this feature for low power consumption!
05-03 13:10:13.229 E/PowerManagerService( 2941): Only X4,X3 support this feature for low power consumption!
05-03 13:13:46.808 E/PowerManagerService( 2941): Only X4,X3 support this feature for low power consumption!
05-03 13:13:46.847 E/PowerManagerService( 2941): Only X4,X3 support this feature for low power consumption!
05-03 13:20:34.070 E/PowerManagerService( 2941): Only X4,X3 support this feature for low power consumption!
05-03 13:20:34.267 E/bt_a2dp_hw(  457): adev_set_parameters: ERROR: set param called even when stream out is null
05-03 13:20:35.287 E/NetdConnector( 2941): NDC Command {464 firewall disable_chain dozable} took too long (1157ms)
05-03 13:20:37.292 E/ActivityThread( 5064): Failed to find provider info for com.xiaomi.tv.gallerylockscreen.lockscreen_magazine_provider
05-03 13:20:38.420 E/ActivityManager( 2941): Invalid thumbnail dimensions: 0x0
05-03 13:27:09.239 E/ActivityManager( 2941): Invalid thumbnail dimensions: 0x0
05-03 13:27:14.218 E/ActivityManager( 2941): Invalid thumbnail dimensions: 0x0
05-03 13:27:15.772 E/ActivityManager( 2941): Invalid thumbnail dimensions: 0x0
05-03 13:29:12.574 E/libprocessgroup( 2941): failed to kill 1 processes for processgroup 23196
05-03 13:29:38.859 E/ActivityManager( 2941): Invalid thumbnail dimensions: 0x0
05-03 13:31:10.628 E/ActivityManager( 2941): Invalid thumbnail dimensions: 0x0
05-03 13:31:15.236 E/ActivityManager( 2941): Invalid thumbnail dimensions: 0x0
05-03 13:31:16.766 E/ActivityManager( 2941): Invalid thumbnail dimensions: 0x0
05-03 13:34:45.314 E/ActivityManager( 2941): Invalid thumbnail dimensions: 0x0
05-03 14:08:32.794 E/ActivityManager( 2941): Invalid thumbnail dimensions: 0x0
05-03 14:08:50.027 E/ConnectivityService( 2941): RemoteException caught trying to send a callback msg for NetworkRequest [ id=6, legacyType=-1, [ Capabilities: INTERNET&NOT_RESTRICTED&TRUSTED] ]
05-03 14:08:50.028 E/ConnectivityService( 2941): RemoteException caught trying to send a callback msg for NetworkRequest [ id=5, legacyType=-1, [ Capabilities: INTERNET&NOT_RESTRICTED&TRUSTED] ]
05-03 14:08:50.294 E/ActivityManager( 2941): Invalid thumbnail dimensions: 0x0
05-03 14:08:59.571 E/ActivityThread( 2989): Failed to find provider info for com.android.updater.provider
05-03 14:09:02.822 E/ActivityManager( 2941): Invalid thumbnail dimensions: 0x0
05-03 14:09:10.696 E/ActivityManager( 2941): Invalid thumbnail dimensions: 0x0
05-03 14:10:10.775 E/ConnectivityService( 2941): RemoteException caught trying to send a callback msg for NetworkRequest [ id=8, legacyType=-1, [ Capabilities: INTERNET&NOT_RESTRICTED&TRUSTED] ]
05-03 17:03:35.162 E/ActivityManager( 2941): Invalid thumbnail dimensions: 0x0
05-03 17:03:40.157 E/ActivityManager( 2941): Invalid thumbnail dimensions: 0x0
05-03 17:03:41.597 E/ActivityManager( 2941): Invalid thumbnail dimensions: 0x0
05-03 17:08:02.945 E/ActivityManager( 2941): Invalid thumbnail dimensions: 0x0
05-03 17:15:06.208 E/ActivityManager( 2941): Invalid thumbnail dimensions: 0x0
05-03 17:15:11.004 E/ActivityManager( 2941): Invalid thumbnail dimensions: 0x0
05-03 17:15:12.255 E/ActivityManager( 2941): Invalid thumbnail dimensions: 0x0
05-03 17:17:14.684 E/ActivityManager( 2941): Invalid thumbnail dimensions: 0x0
05-03 17:18:47.776 E/ActivityManager( 2941): Invalid thumbnail dimensions: 0x0
05-03 17:18:52.860 E/ActivityManager( 2941): Invalid thumbnail dimensions: 0x0
05-03 17:18:54.169 E/ActivityManager( 2941): Invalid thumbnail dimensions: 0x0
05-03 17:22:02.852 E/ActivityManager( 2941): Invalid thumbnail dimensions: 0x0
05-03 17:35:30.905 E/ActivityManager( 2941): Invalid thumbnail dimensions: 0x0
05-03 17:35:36.135 E/ActivityManager( 2941): Invalid thumbnail dimensions: 0x0
05-03 17:35:37.419 E/ActivityManager( 2941): Invalid thumbnail dimensions: 0x0
05-03 17:37:34.531 E/ActivityManager( 2941): Invalid thumbnail dimensions: 0x0
05-03 17:37:39.513 E/ActivityManager( 2941): Invalid thumbnail dimensions: 0x0
05-03 17:37:40.779 E/ActivityManager( 2941): Invalid thumbnail dimensions: 0x0
05-03 17:40:31.201 E/ActivityManager( 2941): Invalid thumbnail dimensions: 0x0
05-03 17:40:35.840 E/ActivityManager( 2941): Invalid thumbnail dimensions: 0x0
05-03 17:40:37.062 E/ActivityManager( 2941): Invalid thumbnail dimensions: 0x0
05-03 17:44:44.284 E/ActivityManager( 2941): Invalid thumbnail dimensions: 0x0
05-03 17:47:30.468 E/ActivityManager( 2941): Invalid thumbnail dimensions: 0x0
05-03 17:47:35.426 E/ActivityManager( 2941): Invalid thumbnail dimensions: 0x0
05-03 17:47:36.618 E/ActivityManager( 2941): Invalid thumbnail dimensions: 0x0
05-03 17:50:53.210 E/ActivityManager( 2941): Invalid thumbnail dimensions: 0x0
05-03 17:50:59.291 E/ActivityManager( 2941): Invalid thumbnail dimensions: 0x0
05-03 17:51:00.465 E/ActivityManager( 2941): Invalid thumbnail dimensions: 0x0
05-03 17:54:21.212 E/ActivityManager( 2941): Invalid thumbnail dimensions: 0x0
05-03 17:54:25.794 E/ActivityManager( 2941): Invalid thumbnail dimensions: 0x0
05-03 17:54:27.010 E/ActivityManager( 2941): Invalid thumbnail dimensions: 0x0
--------- beginning of crash
05-03 17:59:29.771 E/AndroidRuntime(12248): *** FATAL EXCEPTION IN SYSTEM PROCESS: main
05-03 17:59:29.771 E/AndroidRuntime(12248): java.lang.IllegalStateException: UiAutomationService android.accessibilityservice.IAccessibilityServiceClient$Stub$Proxy@966603aalready registered!
05-03 17:59:29.771 E/AndroidRuntime(12248): 	at android.os.Parcel.readException(Parcel.java:1628)
05-03 17:59:29.771 E/AndroidRuntime(12248): 	at android.os.Parcel.readException(Parcel.java:1573)
05-03 17:59:29.771 E/AndroidRuntime(12248): 	at android.view.accessibility.IAccessibilityManager$Stub$Proxy.registerUiTestAutomationService(IAccessibilityManager.java:352)
05-03 17:59:29.771 E/AndroidRuntime(12248): 	at android.app.UiAutomationConnection.registerUiTestAutomationServiceLocked(UiAutomationConnection.java:337)
05-03 17:59:29.771 E/AndroidRuntime(12248): 	at android.app.UiAutomationConnection.connect(UiAutomationConnection.java:89)
05-03 17:59:29.771 E/AndroidRuntime(12248): 	at android.app.UiAutomation.connect(UiAutomation.java:197)
05-03 17:59:29.771 E/AndroidRuntime(12248): 	at com.android.uiautomator.core.UiAutomationShellWrapper.connect(UiAutomationShellWrapper.java:32)
05-03 17:59:29.771 E/AndroidRuntime(12248): 	at com.android.commands.uiautomator.DumpCommand.run(DumpCommand.java:74)
05-03 17:59:29.771 E/AndroidRuntime(12248): 	at com.android.commands.uiautomator.Launcher.main(Launcher.java:83)
05-03 17:59:29.771 E/AndroidRuntime(12248): 	at com.android.internal.os.RuntimeInit.nativeFinishInit(Native Method)
05-03 17:59:29.771 E/AndroidRuntime(12248): 	at com.android.internal.os.RuntimeInit.main(RuntimeInit.java:316)
05-03 17:59:29.806 E/AndroidRuntime(12248): Error reporting crash
05-03 17:59:29.806 E/AndroidRuntime(12248): java.lang.RuntimeException: Bad file descriptor
05-03 17:59:29.806 E/AndroidRuntime(12248): 	at android.os.BinderProxy.transactNative(Native Method)
05-03 17:59:29.806 E/AndroidRuntime(12248): 	at android.os.BinderProxy.transact(Binder.java:506)
05-03 17:59:29.806 E/AndroidRuntime(12248): 	at android.os.ServiceManagerProxy.getService(ServiceManagerNative.java:123)
05-03 17:59:29.806 E/AndroidRuntime(12248): 	at android.os.ServiceManager.getService(ServiceManager.java:55)
05-03 17:59:29.806 E/AndroidRuntime(12248): 	at miui.mqsas.sdk.MQSEventManagerDelegate.getMQSService(MQSEventManagerDelegate.java:85)
05-03 17:59:29.806 E/AndroidRuntime(12248): 	at miui.mqsas.sdk.MQSEventManagerDelegate.reportJavaExceptionEvent(MQSEventManagerDelegate.java:36)
05-03 17:59:29.806 E/AndroidRuntime(12248): 	at com.android.internal.os.RuntimeInitInjector.onJE(RuntimeInitInjector.java:58)
05-03 17:59:29.806 E/AndroidRuntime(12248): 	at com.android.internal.os.RuntimeInit$UncaughtHandler.uncaughtException(RuntimeInit.java:134)
05-03 17:59:29.806 E/AndroidRuntime(12248): 	at java.lang.ThreadGroup.uncaughtException(ThreadGroup.java:693)
05-03 17:59:29.806 E/AndroidRuntime(12248): 	at java.lang.ThreadGroup.uncaughtException(ThreadGroup.java:690)
05-03 17:59:46.230 E/AndroidRuntime(12273): *** FATAL EXCEPTION IN SYSTEM PROCESS: main
05-03 17:59:46.230 E/AndroidRuntime(12273): java.lang.IllegalStateException: UiAutomationService android.accessibilityservice.IAccessibilityServiceClient$Stub$Proxy@8c4d4ebalready registered!
05-03 17:59:46.230 E/AndroidRuntime(12273): 	at android.os.Parcel.readException(Parcel.java:1628)
05-03 17:59:46.230 E/AndroidRuntime(12273): 	at android.os.Parcel.readException(Parcel.java:1573)
05-03 17:59:46.230 E/AndroidRuntime(12273): 	at android.view.accessibility.IAccessibilityManager$Stub$Proxy.registerUiTestAutomationService(IAccessibilityManager.java:352)
05-03 17:59:46.230 E/AndroidRuntime(12273): 	at android.app.UiAutomationConnection.registerUiTestAutomationServiceLocked(UiAutomationConnection.java:337)
05-03 17:59:46.230 E/AndroidRuntime(12273): 	at android.app.UiAutomationConnection.connect(UiAutomationConnection.java:89)
05-03 17:59:46.230 E/AndroidRuntime(12273): 	at android.app.UiAutomation.connect(UiAutomation.java:197)
05-03 17:59:46.230 E/AndroidRuntime(12273): 	at com.android.uiautomator.core.UiAutomationShellWrapper.connect(UiAutomationShellWrapper.java:32)
05-03 17:59:46.230 E/AndroidRuntime(12273): 	at com.android.commands.uiautomator.DumpCommand.run(DumpCommand.java:74)
05-03 17:59:46.230 E/AndroidRuntime(12273): 	at com.android.commands.uiautomator.Launcher.main(Launcher.java:83)
05-03 17:59:46.230 E/AndroidRuntime(12273): 	at com.android.internal.os.RuntimeInit.nativeFinishInit(Native Method)
05-03 17:59:46.230 E/AndroidRuntime(12273): 	at com.android.internal.os.RuntimeInit.main(RuntimeInit.java:316)
05-03 17:59:46.235 E/AndroidRuntime(12273): Error reporting crash
05-03 17:59:46.235 E/AndroidRuntime(12273): java.lang.RuntimeException: Bad file descriptor
05-03 17:59:46.235 E/AndroidRuntime(12273): 	at android.os.BinderProxy.transactNative(Native Method)
05-03 17:59:46.235 E/AndroidRuntime(12273): 	at android.os.BinderProxy.transact(Binder.java:506)
05-03 17:59:46.235 E/AndroidRuntime(12273): 	at android.os.ServiceManagerProxy.getService(ServiceManagerNative.java:123)
05-03 17:59:46.235 E/AndroidRuntime(12273): 	at android.os.ServiceManager.getService(ServiceManager.java:55)
05-03 17:59:46.235 E/AndroidRuntime(12273): 	at miui.mqsas.sdk.MQSEventManagerDelegate.getMQSService(MQSEventManagerDelegate.java:85)
05-03 17:59:46.235 E/AndroidRuntime(12273): 	at miui.mqsas.sdk.MQSEventManagerDelegate.reportJavaExceptionEvent(MQSEventManagerDelegate.java:36)
05-03 17:59:46.235 E/AndroidRuntime(12273): 	at com.android.internal.os.RuntimeInitInjector.onJE(RuntimeInitInjector.java:58)
05-03 17:59:46.235 E/AndroidRuntime(12273): 	at com.android.internal.os.RuntimeInit$UncaughtHandler.uncaughtException(RuntimeInit.java:134)
05-03 17:59:46.235 E/AndroidRuntime(12273): 	at java.lang.ThreadGroup.uncaughtException(ThreadGroup.java:693)
05-03 17:59:46.235 E/AndroidRuntime(12273): 	at java.lang.ThreadGroup.uncaughtException(ThreadGroup.java:690)
05-03 17:59:49.666 E/ActivityManager( 2941): Invalid thumbnail dimensions: 0x0
05-03 18:02:29.475 E/ActivityManager( 2941): Invalid thumbnail dimensions: 0x0
05-03 18:02:35.081 E/ActivityManager( 2941): Invalid thumbnail dimensions: 0x0
05-03 18:02:36.330 E/ActivityManager( 2941): Invalid thumbnail dimensions: 0x0
05-03 18:08:04.059 E/ActivityManager( 2941): Invalid thumbnail dimensions: 0x0
05-03 18:26:27.191 E/ActivityManager( 2941): Invalid thumbnail dimensions: 0x0
05-03 18:26:32.976 E/ActivityThread(11527): Failed to find provider info for com.android.updater.provider
05-03 18:26:39.558 E/ActivityManager( 2941): Invalid thumbnail dimensions: 0x0
05-03 18:27:05.207 E/ActivityManager( 2941): Invalid thumbnail dimensions: 0x0
05-03 18:28:05.272 E/ConnectivityService( 2941): RemoteException caught trying to send a callback msg for NetworkRequest [ id=12, legacyType=-1, [ Capabilities: INTERNET&NOT_RESTRICTED&TRUSTED] ]
05-03 18:29:04.354 E/ActivityManager( 2941): Invalid thumbnail dimensions: 0x0
05-03 18:29:08.948 E/ActivityManager( 2941): Invalid thumbnail dimensions: 0x0
05-03 18:29:10.236 E/ActivityManager( 2941): Invalid thumbnail dimensions: 0x0
05-03 18:54:46.004 E/ActivityManager( 2941): Invalid thumbnail dimensions: 0x0
05-03 18:58:45.112 E/ActivityManager( 2941): Invalid thumbnail dimensions: 0x0
05-03 19:11:05.780 E/NetlinkEvent(  452): NetlinkEvent::FindParam(): Parameter 'TIME_NS' not found
05-03 19:11:05.780 E/NetlinkEvent(  452): NetlinkEvent::FindParam(): Parameter 'UID' not found
05-03 19:11:11.852 E/NetlinkEvent(  452): NetlinkEvent::FindParam(): Parameter 'TIME_NS' not found
05-03 19:11:11.852 E/NetlinkEvent(  452): NetlinkEvent::FindParam(): Parameter 'UID' not found
05-03 19:24:05.253 E/Icon    ( 4428): Unable to load resource 0xffffffff from pkg=com.xiaomi.xmsf
05-03 19:24:05.253 E/Icon    ( 4428): android.content.res.Resources$NotFoundException: Resource ID #0xffffffff
05-03 19:24:05.253 E/Icon    ( 4428): 	at android.content.res.Resources.getValue(Resources.java:1369)
05-03 19:24:05.253 E/Icon    ( 4428): 	at android.content.res.MiuiResources.getValue(MiuiResources.java:145)
05-03 19:24:05.253 E/Icon    ( 4428): 	at android.content.res.Resources.getDrawable(Resources.java:822)
05-03 19:24:05.253 E/Icon    ( 4428): 	at android.graphics.drawable.Icon.loadDrawableInner(Icon.java:313)
05-03 19:24:05.253 E/Icon    ( 4428): 	at android.graphics.drawable.Icon.loadDrawable(Icon.java:269)
05-03 19:24:05.253 E/Icon    ( 4428): 	at android.widget.ImageView.setImageIcon(ImageView.java:498)
05-03 19:24:05.253 E/Icon    ( 4428): 	at java.lang.reflect.Method.invoke(Native Method)
05-03 19:24:05.253 E/Icon    ( 4428): 	at android.widget.RemoteViews$ReflectionAction.apply(RemoteViews.java:1296)
05-03 19:24:05.253 E/Icon    ( 4428): 	at android.widget.RemoteViews.performApply(RemoteViews.java:2804)
05-03 19:24:05.253 E/Icon    ( 4428): 	at android.widget.RemoteViews.reapply(RemoteViews.java:2795)
05-03 19:24:05.253 E/Icon    ( 4428): 	at com.android.systemui.statusbar.BaseStatusBar.updateNotification(BaseStatusBar.java:1115)
05-03 19:24:05.253 E/Icon    ( 4428): 	at com.android.systemui.statusbar.phone.PhoneStatusBar.updateNotification(PhoneStatusBar.java:2428)
05-03 19:24:05.253 E/Icon    ( 4428): 	at com.android.systemui.statusbar.CommandQueue$H.handleMessage(CommandQueue.java:447)
05-03 19:24:05.253 E/Icon    ( 4428): 	at android.os.Handler.dispatchMessage(Handler.java:102)
05-03 19:24:05.253 E/Icon    ( 4428): 	at android.os.Looper.loop(Looper.java:154)
05-03 19:24:05.253 E/Icon    ( 4428): 	at android.app.ActivityThread.main(ActivityThread.java:5462)
05-03 19:24:05.253 E/Icon    ( 4428): 	at java.lang.reflect.Method.invoke(Native Method)
05-03 19:24:05.253 E/Icon    ( 4428): 	at com.android.internal.os.ZygoteInit$MethodAndArgsCaller.run(ZygoteInit.java:739)
05-03 19:24:05.253 E/Icon    ( 4428): 	at com.android.internal.os.ZygoteInit.main(ZygoteInit.java:629)
05-03 19:24:05.956 E/ThermalEngine(  504): Unable to read max frequency from online cpu.
05-03 19:24:05.956 E/ThermalEngine(  504): Failed to set desired CPU[2] frequency limit to 2457600
05-03 19:24:06.061 E/ThermalEngine(  504): Unable to read max frequency from online cpu.
05-03 19:24:06.061 E/ThermalEngine(  504): Failed to set desired CPU[1] frequency limit to 2457600
05-03 19:24:14.453 E/ThermalEngine(  504): Unable to read max frequency from online cpu.
05-03 19:24:14.453 E/ThermalEngine(  504): Failed to set desired CPU[3] frequency limit to 2457600
05-03 19:24:24.603 E/ThermalEngine(  504): Unable to read max frequency from online cpu.
05-03 19:24:24.603 E/ThermalEngine(  504): Failed to set desired CPU[3] frequency limit to 2457600
05-03 19:24:28.653 E/ThermalEngine(  504): Unable to read max frequency from online cpu.
05-03 19:24:28.653 E/ThermalEngine(  504): Failed to set desired CPU[3] frequency limit to 2457600
05-03 19:24:32.755 E/ThermalEngine(  504): Unable to read max frequency from online cpu.
05-03 19:24:32.755 E/ThermalEngine(  504): Failed to set desired CPU[3] frequency limit to 2457600
05-03 19:24:32.762 E/ThermalEngine(  504): Unable to read max frequency from online cpu.
05-03 19:24:32.762 E/ThermalEngine(  504): Failed to set desired CPU[2] frequency limit to 2457600
05-03 19:24:34.150 E/LocSvc_libulp( 2941): I/int ulp_msg_process_system_update(UlpSystemEvent): systemEvent:5 
05-03 19:24:34.150 E/LocSvc_libulp( 2941): I/int ulp_msg_process_start_req(), at ulp state = 1
05-03 19:24:34.151 E/LocSvc_api_v02( 2941): I/---> locClientSendReq line 2020 QMI_LOC_GET_BEST_AVAILABLE_POSITION_REQ_V02
05-03 19:24:34.155 E/LocSvc_ApiV02( 2941): I/<--- void globalRespCb(locClientHandleType, uint32_t, locClientRespIndUnionType, void*) line 115 QMI_LOC_GET_BEST_AVAILABLE_POSITION_REQ_V02
05-03 19:24:34.155 E/LocSvc_libulp( 2941): I/int ulp_brain_process_zpp_position_report(loc_sess_status, LocPosTechMask, UlpLocation*), report ZPP position to providers,report_position = 1
05-03 19:24:34.155 E/IzatSvc_PassiveLocListener( 2941): E/Exiting with error virtual void izat_manager::IzatPassiveLocationListener::onLocationChanged(const izat_manager::IzatLocation*, izat_manager::IzatLocationStatus) line 113 "1"
05-03 19:24:35.054 E/ThermalEngine(  504): Unable to read max frequency from online cpu.
05-03 19:24:35.055 E/ThermalEngine(  504): Failed to set desired CPU[3] frequency limit to 2457600
05-03 19:24:35.059 E/ThermalEngine(  504): Unable to read max frequency from online cpu.
05-03 19:24:35.060 E/ThermalEngine(  504): Failed to set desired CPU[2] frequency limit to 2457600
05-03 19:24:38.803 E/ThermalEngine(  504): Unable to read max frequency from online cpu.
05-03 19:24:38.803 E/ThermalEngine(  504): Failed to set desired CPU[3] frequency limit to 2457600
05-03 19:24:43.854 E/ThermalEngine(  504): Unable to read max frequency from online cpu.
05-03 19:24:43.854 E/ThermalEngine(  504): Failed to set desired CPU[3] frequency limit to 2457600
05-03 19:24:49.254 E/ThermalEngine(  504): Unable to read max frequency from online cpu.
05-03 19:24:49.254 E/ThermalEngine(  504): Failed to set desired CPU[3] frequency limit to 2457600
05-03 19:24:54.953 E/ThermalEngine(  504): Unable to read max frequency from online cpu.
05-03 19:24:54.953 E/ThermalEngine(  504): Failed to set desired CPU[3] frequency limit to 2457600
05-03 19:25:05.054 E/ThermalEngine(  504): Unable to read max frequency from online cpu.
05-03 19:25:05.054 E/ThermalEngine(  504): Failed to set desired CPU[3] frequency limit to 2457600
05-03 19:25:05.057 E/ThermalEngine(  504): Unable to read max frequency from online cpu.
05-03 19:25:05.057 E/ThermalEngine(  504): Failed to set desired CPU[2] frequency limit to 2457600
05-03 19:25:15.457 E/ThermalEngine(  504): Unable to read max frequency from online cpu.
05-03 19:25:15.458 E/ThermalEngine(  504): Failed to set desired CPU[3] frequency limit to 2457600
05-03 19:25:30.205 E/ThermalEngine(  504): Unable to read max frequency from online cpu.
05-03 19:25:30.205 E/ThermalEngine(  504): Failed to set desired CPU[3] frequency limit to 2457600
05-03 19:25:30.210 E/ThermalEngine(  504): Unable to read max frequency from online cpu.
05-03 19:25:30.210 E/ThermalEngine(  504): Failed to set desired CPU[2] frequency limit to 2457600
05-03 19:25:34.151 E/LocSvc_libulp( 2941): I/int ulp_msg_process_system_update(UlpSystemEvent): systemEvent:5 
05-03 19:25:34.151 E/LocSvc_libulp( 2941): I/int ulp_msg_process_start_req(), at ulp state = 1
05-03 19:25:34.151 E/LocSvc_api_v02( 2941): I/---> locClientSendReq line 2020 QMI_LOC_GET_BEST_AVAILABLE_POSITION_REQ_V02
05-03 19:25:34.157 E/LocSvc_ApiV02( 2941): I/<--- void globalRespCb(locClientHandleType, uint32_t, locClientRespIndUnionType, void*) line 115 QMI_LOC_GET_BEST_AVAILABLE_POSITION_REQ_V02
05-03 19:25:34.157 E/LocSvc_libulp( 2941): I/int ulp_brain_process_zpp_position_report(loc_sess_status, LocPosTechMask, UlpLocation*), report ZPP position to providers,report_position = 1
05-03 19:25:34.157 E/IzatSvc_PassiveLocListener( 2941): E/Exiting with error virtual void izat_manager::IzatPassiveLocationListener::onLocationChanged(const izat_manager::IzatLocation*, izat_manager::IzatLocationStatus) line 113 "1"
05-03 19:25:37.214 E/ThermalEngine(  504): Unable to read max frequency from online cpu.
05-03 19:25:37.214 E/ThermalEngine(  504): Failed to set desired CPU[3] frequency limit to 2457600
05-03 19:25:38.254 E/ThermalEngine(  504): Unable to read max frequency from online cpu.
05-03 19:25:38.254 E/ThermalEngine(  504): Failed to set desired CPU[3] frequency limit to 2457600
05-03 19:25:43.304 E/ThermalEngine(  504): Unable to read max frequency from online cpu.
05-03 19:25:43.304 E/ThermalEngine(  504): Failed to set desired CPU[3] frequency limit to 2457600
05-03 19:25:44.657 E/ThermalEngine(  504): Unable to read max frequency from online cpu.
05-03 19:25:44.657 E/ThermalEngine(  504): Failed to set desired CPU[3] frequency limit to 2457600
05-03 19:25:45.153 E/ThermalEngine(  504): Unable to read max frequency from online cpu.
05-03 19:25:45.153 E/ThermalEngine(  504): Failed to set desired CPU[2] frequency limit to 2457600
05-03 19:25:45.158 E/ThermalEngine(  504): Unable to read max frequency from online cpu.
05-03 19:25:45.158 E/ThermalEngine(  504): Failed to set desired CPU[1] frequency limit to 2457600
05-03 19:25:48.353 E/ThermalEngine(  504): Unable to read max frequency from online cpu.
05-03 19:25:48.353 E/ThermalEngine(  504): Failed to set desired CPU[3] frequency limit to 2457600
05-03 19:25:48.356 E/ThermalEngine(  504): Unable to read max frequency from online cpu.
05-03 19:25:48.356 E/ThermalEngine(  504): Failed to set desired CPU[2] frequency limit to 2457600
05-03 19:25:53.404 E/ThermalEngine(  504): Unable to read max frequency from online cpu.
05-03 19:25:53.404 E/ThermalEngine(  504): Failed to set desired CPU[3] frequency limit to 2457600
05-03 19:25:53.407 E/ThermalEngine(  504): Unable to read max frequency from online cpu.
05-03 19:25:53.407 E/ThermalEngine(  504): Failed to set desired CPU[2] frequency limit to 2457600
05-03 19:25:54.062 E/ThermalEngine(  504): Unable to read max frequency from online cpu.
05-03 19:25:54.062 E/ThermalEngine(  504): Failed to set desired CPU[2] frequency limit to 2457600
05-03 19:25:57.453 E/ThermalEngine(  504): Unable to read max frequency from online cpu.
05-03 19:25:57.453 E/ThermalEngine(  504): Failed to set desired CPU[3] frequency limit to 2457600
05-03 19:26:00.104 E/ThermalEngine(  504): Unable to read max frequency from online cpu.
05-03 19:26:00.105 E/ThermalEngine(  504): Failed to set desired CPU[3] frequency limit to 2457600
05-03 19:26:00.151 E/ThermalEngine(  504): Unable to read max frequency from online cpu.
05-03 19:26:00.151 E/ThermalEngine(  504): Failed to set desired CPU[2] frequency limit to 2457600
05-03 19:26:02.504 E/ThermalEngine(  504): Unable to read max frequency from online cpu.
05-03 19:26:02.504 E/ThermalEngine(  504): Failed to set desired CPU[3] frequency limit to 2457600
05-03 19:26:02.507 E/ThermalEngine(  504): Unable to read max frequency from online cpu.
05-03 19:26:02.507 E/ThermalEngine(  504): Failed to set desired CPU[2] frequency limit to 2457600
05-03 19:26:06.084 E/ThermalEngine(  504): Unable to read max frequency from online cpu.
05-03 19:26:06.084 E/ThermalEngine(  504): Failed to set desired CPU[3] frequency limit to 2457600
05-03 19:26:10.604 E/ThermalEngine(  504): Unable to read max frequency from online cpu.
05-03 19:26:10.604 E/ThermalEngine(  504): Failed to set desired CPU[3] frequency limit to 2457600
05-03 19:26:11.655 E/ThermalEngine(  504): Unable to read max frequency from online cpu.
05-03 19:26:11.656 E/ThermalEngine(  504): Failed to set desired CPU[2] frequency limit to 2457600
05-03 19:26:17.653 E/ThermalEngine(  504): Unable to read max frequency from online cpu.
05-03 19:26:17.653 E/ThermalEngine(  504): Failed to set desired CPU[3] frequency limit to 2457600
05-03 19:26:20.815 E/ThermalEngine(  504): Unable to read max frequency from online cpu.
05-03 19:26:20.815 E/ThermalEngine(  504): Failed to set desired CPU[2] frequency limit to 2457600
05-03 19:26:22.689 E/ThermalEngine(  504): Unable to read max frequency from online cpu.
05-03 19:26:22.689 E/ThermalEngine(  504): Failed to set desired CPU[2] frequency limit to 2457600
05-03 19:26:22.691 E/ThermalEngine(  504): Unable to read max frequency from online cpu.
05-03 19:26:22.692 E/ThermalEngine(  504): Failed to set desired CPU[1] frequency limit to 2457600
05-03 19:26:34.151 E/LocSvc_libulp( 2941): I/int ulp_msg_process_system_update(UlpSystemEvent): systemEvent:5 
05-03 19:26:34.151 E/LocSvc_libulp( 2941): I/int ulp_msg_process_start_req(), at ulp state = 1
05-03 19:26:34.151 E/LocSvc_api_v02( 2941): I/---> locClientSendReq line 2020 QMI_LOC_GET_BEST_AVAILABLE_POSITION_REQ_V02
05-03 19:26:34.157 E/LocSvc_ApiV02( 2941): I/<--- void globalRespCb(locClientHandleType, uint32_t, locClientRespIndUnionType, void*) line 115 QMI_LOC_GET_BEST_AVAILABLE_POSITION_REQ_V02
05-03 19:26:34.157 E/LocSvc_libulp( 2941): I/int ulp_brain_process_zpp_position_report(loc_sess_status, LocPosTechMask, UlpLocation*), report ZPP position to providers,report_position = 1
05-03 19:26:34.157 E/IzatSvc_PassiveLocListener( 2941): E/Exiting with error virtual void izat_manager::IzatPassiveLocationListener::onLocationChanged(const izat_manager::IzatLocation*, izat_manager::IzatLocationStatus) line 113 "1"
05-03 19:26:36.056 E/ThermalEngine(  504): Unable to read max frequency from online cpu.
05-03 19:26:36.056 E/ThermalEngine(  504): Failed to set desired CPU[3] frequency limit to 2457600
05-03 19:26:46.256 E/ThermalEngine(  504): Unable to read max frequency from online cpu.
05-03 19:26:46.256 E/ThermalEngine(  504): Failed to set desired CPU[3] frequency limit to 2457600
05-03 19:26:56.456 E/ThermalEngine(  504): Unable to read max frequency from online cpu.
05-03 19:26:56.456 E/ThermalEngine(  504): Failed to set desired CPU[3] frequency limit to 2457600
05-03 19:26:58.954 E/ThermalEngine(  504): Unable to read max frequency from online cpu.
05-03 19:26:58.954 E/ThermalEngine(  504): Failed to set desired CPU[3] frequency limit to 2457600
05-03 19:26:58.958 E/ThermalEngine(  504): Unable to read max frequency from online cpu.
05-03 19:26:58.959 E/ThermalEngine(  504): Failed to set desired CPU[2] frequency limit to 2457600
05-03 19:27:06.865 E/ThermalEngine(  504): Unable to read max frequency from online cpu.
05-03 19:27:06.865 E/ThermalEngine(  504): Failed to set desired CPU[3] frequency limit to 2457600
05-03 19:27:16.704 E/ThermalEngine(  504): Unable to read max frequency from online cpu.
05-03 19:27:16.704 E/ThermalEngine(  504): Failed to set desired CPU[3] frequency limit to 2457600
05-03 19:27:20.460 E/NetlinkEvent(  452): NetlinkEvent::FindParam(): Parameter 'TIME_NS' not found
05-03 19:27:20.461 E/NetlinkEvent(  452): NetlinkEvent::FindParam(): Parameter 'UID' not found
05-03 19:27:20.664 E/NetlinkEvent(  452): NetlinkEvent::FindParam(): Parameter 'TIME_NS' not found
05-03 19:27:20.664 E/NetlinkEvent(  452): NetlinkEvent::FindParam(): Parameter 'UID' not found
05-03 19:27:24.053 E/ThermalEngine(  504): Unable to read max frequency from online cpu.
05-03 19:27:24.053 E/ThermalEngine(  504): Failed to set desired CPU[3] frequency limit to 2457600
05-03 19:27:25.202 E/DatabaseUtils( 2941): Writing exception to parcel
05-03 19:27:25.202 E/DatabaseUtils( 2941): java.lang.SecurityException: com.sogou.activity.src was not granted  this permission: android.permission.WRITE_SETTINGS.
05-03 19:27:25.202 E/DatabaseUtils( 2941): 	at android.provider.Settings.isCallingPackageAllowedToPerformAppOpsProtectedOperation(Settings.java:8507)
05-03 19:27:25.202 E/DatabaseUtils( 2941): 	at android.provider.Settings.checkAndNoteWriteSettingsOperation(Settings.java:8389)
05-03 19:27:25.202 E/DatabaseUtils( 2941): 	at com.android.providers.settings.SettingsProvider.mutateSystemSetting(SettingsProvider.java:915)
05-03 19:27:25.202 E/DatabaseUtils( 2941): 	at com.android.providers.settings.SettingsProvider.insertSystemSetting(SettingsProvider.java:890)
05-03 19:27:25.202 E/DatabaseUtils( 2941): 	at com.android.providers.settings.SettingsProvider.call(SettingsProvider.java:263)
05-03 19:27:25.202 E/DatabaseUtils( 2941): 	at android.content.ContentProvider$Transport.call(ContentProvider.java:398)
05-03 19:27:25.202 E/DatabaseUtils( 2941): 	at android.content.ContentProviderNative.onTransact(ContentProviderNative.java:283)
05-03 19:27:25.202 E/DatabaseUtils( 2941): 	at android.os.Binder.execTransact(Binder.java:453)
05-03 19:27:25.204 E/DatabaseUtils( 2941): Writing exception to parcel
05-03 19:27:25.204 E/DatabaseUtils( 2941): java.lang.SecurityException: com.sogou.activity.src was not granted  this permission: android.permission.WRITE_SETTINGS.
05-03 19:27:25.204 E/DatabaseUtils( 2941): 	at android.provider.Settings.isCallingPackageAllowedToPerformAppOpsProtectedOperation(Settings.java:8507)
05-03 19:27:25.204 E/DatabaseUtils( 2941): 	at android.provider.Settings.checkAndNoteWriteSettingsOperation(Settings.java:8389)
05-03 19:27:25.204 E/DatabaseUtils( 2941): 	at com.android.providers.settings.SettingsProvider.mutateSystemSetting(SettingsProvider.java:915)
05-03 19:27:25.204 E/DatabaseUtils( 2941): 	at com.android.providers.settings.SettingsProvider.insertSystemSetting(SettingsProvider.java:890)
05-03 19:27:25.204 E/DatabaseUtils( 2941): 	at com.android.providers.settings.SettingsProvider.call(SettingsProvider.java:263)
05-03 19:27:25.204 E/DatabaseUtils( 2941): 	at android.content.ContentProvider$Transport.call(ContentProvider.java:398)
05-03 19:27:25.204 E/DatabaseUtils( 2941): 	at android.content.ContentProviderNative.onTransact(ContentProviderNative.java:283)
05-03 19:27:25.204 E/DatabaseUtils( 2941): 	at android.os.Binder.execTransact(Binder.java:453)
05-03 19:27:25.306 E/ThermalEngine(  504): Unable to read max frequency from online cpu.
05-03 19:27:25.306 E/ThermalEngine(  504): Failed to set desired CPU[2] frequency limit to 2457600
05-03 19:27:34.151 E/LocSvc_libulp( 2941): I/int ulp_msg_process_system_update(UlpSystemEvent): systemEvent:5 
05-03 19:27:34.151 E/LocSvc_libulp( 2941): I/int ulp_msg_process_start_req(), at ulp state = 1
05-03 19:27:34.151 E/LocSvc_api_v02( 2941): I/---> locClientSendReq line 2020 QMI_LOC_GET_BEST_AVAILABLE_POSITION_REQ_V02
05-03 19:27:34.156 E/LocSvc_ApiV02( 2941): I/<--- void globalRespCb(locClientHandleType, uint32_t, locClientRespIndUnionType, void*) line 115 QMI_LOC_GET_BEST_AVAILABLE_POSITION_REQ_V02
05-03 19:27:34.157 E/LocSvc_libulp( 2941): I/int ulp_brain_process_zpp_position_report(loc_sess_status, LocPosTechMask, UlpLocation*), report ZPP position to providers,report_position = 1
05-03 19:27:34.157 E/IzatSvc_PassiveLocListener( 2941): E/Exiting with error virtual void izat_manager::IzatPassiveLocationListener::onLocationChanged(const izat_manager::IzatLocation*, izat_manager::IzatLocationStatus) line 113 "1"
05-03 19:27:37.008 E/ThermalEngine(  504): Unable to read max frequency from online cpu.
05-03 19:27:37.008 E/ThermalEngine(  504): Failed to set desired CPU[3] frequency limit to 2457600
05-03 19:27:47.204 E/ThermalEngine(  504): Unable to read max frequency from online cpu.
05-03 19:27:47.205 E/ThermalEngine(  504): Failed to set desired CPU[3] frequency limit to 2457600
05-03 19:28:02.354 E/ThermalEngine(  504): Unable to read max frequency from online cpu.
05-03 19:28:02.354 E/ThermalEngine(  504): Failed to set desired CPU[3] frequency limit to 2457600
05-03 19:28:12.455 E/ThermalEngine(  504): Unable to read max frequency from online cpu.
05-03 19:28:12.455 E/ThermalEngine(  504): Failed to set desired CPU[3] frequency limit to 2457600
05-03 19:28:12.457 E/ThermalEngine(  504): Unable to read max frequency from online cpu.
05-03 19:28:12.457 E/ThermalEngine(  504): Failed to set desired CPU[2] frequency limit to 2457600
05-03 19:28:16.503 E/ThermalEngine(  504): Unable to read max frequency from online cpu.
05-03 19:28:16.503 E/ThermalEngine(  504): Failed to set desired CPU[3] frequency limit to 2457600
05-03 19:28:16.506 E/ThermalEngine(  504): Unable to read max frequency from online cpu.
05-03 19:28:16.506 E/ThermalEngine(  504): Failed to set desired CPU[2] frequency limit to 2457600
05-03 19:28:27.605 E/ThermalEngine(  504): Unable to read max frequency from online cpu.
05-03 19:28:27.606 E/ThermalEngine(  504): Failed to set desired CPU[3] frequency limit to 2457600
05-03 19:28:27.613 E/ThermalEngine(  504): Unable to read max frequency from online cpu.
05-03 19:28:27.613 E/ThermalEngine(  504): Failed to set desired CPU[2] frequency limit to 2457600
05-03 19:28:34.151 E/LocSvc_libulp( 2941): I/int ulp_msg_process_system_update(UlpSystemEvent): systemEvent:5 
05-03 19:28:34.151 E/LocSvc_libulp( 2941): I/int ulp_msg_process_start_req(), at ulp state = 1
05-03 19:28:34.152 E/LocSvc_api_v02( 2941): I/---> locClientSendReq line 2020 QMI_LOC_GET_BEST_AVAILABLE_POSITION_REQ_V02
05-03 19:28:34.157 E/LocSvc_ApiV02( 2941): I/<--- void globalRespCb(locClientHandleType, uint32_t, locClientRespIndUnionType, void*) line 115 QMI_LOC_GET_BEST_AVAILABLE_POSITION_REQ_V02
