05-04 09:34:11.800 E/LocSvc_ApiV02( 2941): I/<--- void globalRespCb(locClientHandleType, uint32_t, locClientRespIndUnionType, void*) line 115 QMI_LOC_GET_BEST_AVAILABLE_POSITION_REQ_V02
05-04 09:34:11.800 E/LocSvc_libulp( 2941): I/int ulp_brain_process_zpp_position_report(loc_sess_status, LocPosTechMask, UlpLocation*), report ZPP position to providers,report_position = 1
05-04 09:34:11.801 E/IzatSvc_PassiveLocListener( 2941): E/Exiting with error virtual void izat_manager::IzatPassiveLocationListener::onLocationChanged(const izat_manager::IzatLocation*, izat_manager::IzatLocationStatus) line 113 "1"
05-04 09:34:11.964 E/ThermalEngine(  504): Unable to read max frequency from online cpu.
05-04 09:34:11.964 E/ThermalEngine(  504): Failed to set desired CPU[3] frequency limit to 2457600
05-04 09:34:11.968 E/ThermalEngine(  504): Unable to read max frequency from online cpu.
05-04 09:34:11.968 E/ThermalEngine(  504): Failed to set desired CPU[2] frequency limit to 2457600
05-04 09:34:23.615 E/ThermalEngine(  504): Unable to read max frequency from online cpu.
05-04 09:34:23.615 E/ThermalEngine(  504): Failed to set desired CPU[3] frequency limit to 2457600
05-04 09:34:27.115 E/ThermalEngine(  504): Unable to read max frequency from online cpu.
05-04 09:34:27.115 E/ThermalEngine(  504): Failed to set desired CPU[3] frequency limit to 2457600
05-04 09:34:27.122 E/ThermalEngine(  504): Unable to read max frequency from online cpu.
05-04 09:34:27.122 E/ThermalEngine(  504): Failed to set desired CPU[2] frequency limit to 2457600
05-04 09:34:31.815 E/ThermalEngine(  504): Unable to read max frequency from online cpu.
05-04 09:34:31.815 E/ThermalEngine(  504): Failed to set desired CPU[3] frequency limit to 2457600
05-04 09:34:33.766 E/ThermalEngine(  504): Unable to read max frequency from online cpu.
05-04 09:34:33.766 E/ThermalEngine(  504): Failed to set desired CPU[3] frequency limit to 2457600
05-04 09:34:37.214 E/ThermalEngine(  504): Unable to read max frequency from online cpu.
05-04 09:34:37.214 E/ThermalEngine(  504): Failed to set desired CPU[3] frequency limit to 2457600
05-04 09:34:37.794 E/Analytics-Core-TrackingServer( 5694): parseHttpResponse exception: 
05-04 09:34:37.794 E/Analytics-Core-TrackingServer( 5694): org.json.JSONException: Value <html> of type java.lang.String cannot be converted to JSONObject
05-04 09:34:37.794 E/Analytics-Core-TrackingServer( 5694): 	at org.json.JSON.typeMismatch(JSON.java:111)
05-04 09:34:37.794 E/Analytics-Core-TrackingServer( 5694): 	at org.json.JSONObject.<init>(JSONObject.java:160)
05-04 09:34:37.794 E/Analytics-Core-TrackingServer( 5694): 	at org.json.JSONObject.<init>(JSONObject.java:173)
05-04 09:34:37.794 E/Analytics-Core-TrackingServer( 5694): 	at com.miui.analytics.internal.service.i.a(SourceFile:136)
05-04 09:34:37.794 E/Analytics-Core-TrackingServer( 5694): 	at com.miui.analytics.internal.service.g.a(SourceFile:51)
05-04 09:34:37.794 E/Analytics-Core-TrackingServer( 5694): 	at com.miui.analytics.internal.service.g.by(SourceFile:55)
05-04 09:34:37.794 E/Analytics-Core-TrackingServer( 5694): 	at com.miui.analytics.internal.service.b.a(SourceFile:142)
05-04 09:34:37.794 E/Analytics-Core-TrackingServer( 5694): 	at com.miui.analytics.internal.service.b.a(SourceFile:92)
05-04 09:34:37.794 E/Analytics-Core-TrackingServer( 5694): 	at com.miui.analytics.internal.service.b.r(SourceFile:70)
05-04 09:34:37.794 E/Analytics-Core-TrackingServer( 5694): 	at com.miui.analytics.internal.policy.a.e$2.run(SourceFile:295)
05-04 09:34:37.794 E/Analytics-Core-TrackingServer( 5694): 	at java.util.concurrent.ThreadPoolExecutor.runWorker(ThreadPoolExecutor.java:1113)
05-04 09:34:37.794 E/Analytics-Core-TrackingServer( 5694): 	at java.util.concurrent.ThreadPoolExecutor$Worker.run(ThreadPoolExecutor.java:588)
05-04 09:34:37.794 E/Analytics-Core-TrackingServer( 5694): 	at java.lang.Thread.run(Thread.java:818)
05-04 09:34:43.965 E/ThermalEngine(  504): Unable to read max frequency from online cpu.
05-04 09:34:43.965 E/ThermalEngine(  504): Failed to set desired CPU[3] frequency limit to 2457600
05-04 09:34:51.365 E/ThermalEngine(  504): Unable to read max frequency from online cpu.
05-04 09:34:51.365 E/ThermalEngine(  504): Failed to set desired CPU[3] frequency limit to 2457600
05-04 09:34:51.371 E/ThermalEngine(  504): Unable to read max frequency from online cpu.
05-04 09:34:51.371 E/ThermalEngine(  504): Failed to set desired CPU[2] frequency limit to 2457600
05-04 09:34:54.115 E/ThermalEngine(  504): Unable to read max frequency from online cpu.
05-04 09:34:54.116 E/ThermalEngine(  504): Failed to set desired CPU[3] frequency limit to 2457600
05-04 09:35:04.165 E/ThermalEngine(  504): Unable to read max frequency from online cpu.
05-04 09:35:04.166 E/ThermalEngine(  504): Failed to set desired CPU[3] frequency limit to 2457600
05-04 09:35:11.794 E/LocSvc_libulp( 2941): I/int ulp_msg_process_system_update(UlpSystemEvent): systemEvent:5 
05-04 09:35:11.794 E/LocSvc_libulp( 2941): I/int ulp_msg_process_start_req(), at ulp state = 1
05-04 09:35:11.794 E/LocSvc_api_v02( 2941): I/---> locClientSendReq line 2020 QMI_LOC_GET_BEST_AVAILABLE_POSITION_REQ_V02
05-04 09:35:11.798 E/LocSvc_ApiV02( 2941): I/<--- void globalRespCb(locClientHandleType, uint32_t, locClientRespIndUnionType, void*) line 115 QMI_LOC_GET_BEST_AVAILABLE_POSITION_REQ_V02
05-04 09:35:11.799 E/LocSvc_libulp( 2941): I/int ulp_brain_process_zpp_position_report(loc_sess_status, LocPosTechMask, UlpLocation*), report ZPP position to providers,report_position = 1
05-04 09:35:11.799 E/IzatSvc_PassiveLocListener( 2941): E/Exiting with error virtual void izat_manager::IzatPassiveLocationListener::onLocationChanged(const izat_manager::IzatLocation*, izat_manager::IzatLocationStatus) line 113 "1"
05-04 09:35:11.819 E/ThermalEngine(  504): Unable to read max frequency from online cpu.
05-04 09:35:11.819 E/ThermalEngine(  504): Failed to set desired CPU[3] frequency limit to 2457600
05-04 09:35:11.829 E/ThermalEngine(  504): Unable to read max frequency from online cpu.
05-04 09:35:11.830 E/ThermalEngine(  504): Failed to set desired CPU[2] frequency limit to 2457600
05-04 09:35:11.862 E/ThermalEngine(  504): Unable to read max frequency from online cpu.
05-04 09:35:11.862 E/ThermalEngine(  504): Failed to set desired CPU[1] frequency limit to 2457600
05-04 09:35:12.335 E/ThermalEngine(  504): Unable to read max frequency from online cpu.
05-04 09:35:12.335 E/ThermalEngine(  504): Failed to set desired CPU[2] frequency limit to 2457600
05-04 09:35:14.364 E/ThermalEngine(  504): Unable to read max frequency from online cpu.
05-04 09:35:14.364 E/ThermalEngine(  504): Failed to set desired CPU[3] frequency limit to 2457600
05-04 09:35:14.563 E/ThermalEngine(  504): Unable to read max frequency from online cpu.
05-04 09:35:14.564 E/ThermalEngine(  504): Failed to set desired CPU[2] frequency limit to 2457600
05-04 09:35:14.567 E/ThermalEngine(  504): Unable to read max frequency from online cpu.
05-04 09:35:14.567 E/ThermalEngine(  504): Failed to set desired CPU[1] frequency limit to 2457600
05-04 09:35:17.614 E/ThermalEngine(  504): Unable to read max frequency from online cpu.
05-04 09:35:17.615 E/ThermalEngine(  504): Failed to set desired CPU[3] frequency limit to 2457600
05-04 09:35:27.664 E/ThermalEngine(  504): Unable to read max frequency from online cpu.
05-04 09:35:27.664 E/ThermalEngine(  504): Failed to set desired CPU[3] frequency limit to 2457600
05-04 09:35:27.671 E/ThermalEngine(  504): Unable to read max frequency from online cpu.
05-04 09:35:27.671 E/ThermalEngine(  504): Failed to set desired CPU[2] frequency limit to 2457600
05-04 09:35:34.515 E/ThermalEngine(  504): Unable to read max frequency from online cpu.
05-04 09:35:34.515 E/ThermalEngine(  504): Failed to set desired CPU[3] frequency limit to 2457600
05-04 09:35:34.522 E/ThermalEngine(  504): Unable to read max frequency from online cpu.
05-04 09:35:34.523 E/ThermalEngine(  504): Failed to set desired CPU[2] frequency limit to 2457600
05-04 09:35:44.764 E/ThermalEngine(  504): Unable to read max frequency from online cpu.
05-04 09:35:44.764 E/ThermalEngine(  504): Failed to set desired CPU[3] frequency limit to 2457600
05-04 09:35:46.016 E/ThermalEngine(  504): Unable to read max frequency from online cpu.
05-04 09:35:46.017 E/ThermalEngine(  504): Failed to set desired CPU[3] frequency limit to 2457600
05-04 09:35:46.063 E/ThermalEngine(  504): Unable to read max frequency from online cpu.
05-04 09:35:46.063 E/ThermalEngine(  504): Failed to set desired CPU[2] frequency limit to 2457600
05-04 09:35:46.072 E/ThermalEngine(  504): Unable to read max frequency from online cpu.
05-04 09:35:46.072 E/ThermalEngine(  504): Failed to set desired CPU[1] frequency limit to 2457600
05-04 09:35:49.415 E/ThermalEngine(  504): Unable to read max frequency from online cpu.
05-04 09:35:49.416 E/ThermalEngine(  504): Failed to set desired CPU[3] frequency limit to 2457600
05-04 09:36:04.514 E/ThermalEngine(  504): Unable to read max frequency from online cpu.
05-04 09:36:04.515 E/ThermalEngine(  504): Failed to set desired CPU[3] frequency limit to 2457600
05-04 09:36:04.521 E/ThermalEngine(  504): Unable to read max frequency from online cpu.
05-04 09:36:04.521 E/ThermalEngine(  504): Failed to set desired CPU[2] frequency limit to 2457600
05-04 09:36:04.562 E/ThermalEngine(  504): Unable to read max frequency from online cpu.
05-04 09:36:04.562 E/ThermalEngine(  504): Failed to set desired CPU[1] frequency limit to 2457600
05-04 09:36:05.227 E/ThermalEngine(  504): Unable to read max frequency from online cpu.
05-04 09:36:05.228 E/ThermalEngine(  504): Failed to set desired CPU[1] frequency limit to 2457600
05-04 09:36:08.365 E/ThermalEngine(  504): Unable to read max frequency from online cpu.
05-04 09:36:08.365 E/ThermalEngine(  504): Failed to set desired CPU[3] frequency limit to 2457600
05-04 09:36:09.715 E/ThermalEngine(  504): Unable to read max frequency from online cpu.
05-04 09:36:09.715 E/ThermalEngine(  504): Failed to set desired CPU[3] frequency limit to 2457600
05-04 09:36:11.794 E/LocSvc_libulp( 2941): I/int ulp_msg_process_system_update(UlpSystemEvent): systemEvent:5 
05-04 09:36:11.794 E/LocSvc_libulp( 2941): I/int ulp_msg_process_start_req(), at ulp state = 1
05-04 09:36:11.795 E/LocSvc_api_v02( 2941): I/---> locClientSendReq line 2020 QMI_LOC_GET_BEST_AVAILABLE_POSITION_REQ_V02
05-04 09:36:11.800 E/LocSvc_ApiV02( 2941): I/<--- void globalRespCb(locClientHandleType, uint32_t, locClientRespIndUnionType, void*) line 115 QMI_LOC_GET_BEST_AVAILABLE_POSITION_REQ_V02
05-04 09:36:11.800 E/LocSvc_libulp( 2941): I/int ulp_brain_process_zpp_position_report(loc_sess_status, LocPosTechMask, UlpLocation*), report ZPP position to providers,report_position = 1
05-04 09:36:11.800 E/IzatSvc_PassiveLocListener( 2941): E/Exiting with error virtual void izat_manager::IzatPassiveLocationListener::onLocationChanged(const izat_manager::IzatLocation*, izat_manager::IzatLocationStatus) line 113 "1"
05-04 09:36:12.022 E/ThermalEngine(  504): Unable to read max frequency from online cpu.
05-04 09:36:12.022 E/ThermalEngine(  504): Failed to set desired CPU[2] frequency limit to 2457600
05-04 09:36:12.031 E/ThermalEngine(  504): Unable to read max frequency from online cpu.
05-04 09:36:12.032 E/ThermalEngine(  504): Failed to set desired CPU[1] frequency limit to 2457600
05-04 09:36:13.960 E/ThermalEngine(  504): Unable to read max frequency from online cpu.
05-04 09:36:13.960 E/ThermalEngine(  504): Failed to set desired CPU[2] frequency limit to 2457600
05-04 09:36:13.965 E/ThermalEngine(  504): Unable to read max frequency from online cpu.
05-04 09:36:13.965 E/ThermalEngine(  504): Failed to set desired CPU[1] frequency limit to 2457600
05-04 09:36:14.884 E/ThermalEngine(  504): Unable to read max frequency from online cpu.
05-04 09:36:14.885 E/ThermalEngine(  504): Failed to set desired CPU[2] frequency limit to 2457600
05-04 09:36:25.117 E/ThermalEngine(  504): Unable to read max frequency from online cpu.
05-04 09:36:25.117 E/ThermalEngine(  504): Failed to set desired CPU[3] frequency limit to 2457600
05-04 09:36:31.814 E/ThermalEngine(  504): Unable to read max frequency from online cpu.
05-04 09:36:31.815 E/ThermalEngine(  504): Failed to set desired CPU[3] frequency limit to 2457600
05-04 09:36:32.365 E/ThermalEngine(  504): Unable to read max frequency from online cpu.
05-04 09:36:32.365 E/ThermalEngine(  504): Failed to set desired CPU[3] frequency limit to 2457600
05-04 09:36:32.512 E/ThermalEngine(  504): Unable to read max frequency from online cpu.
05-04 09:36:32.512 E/ThermalEngine(  504): Failed to set desired CPU[2] frequency limit to 2457600
05-04 09:36:32.515 E/ThermalEngine(  504): Unable to read max frequency from online cpu.
05-04 09:36:32.515 E/ThermalEngine(  504): Failed to set desired CPU[1] frequency limit to 2457600
05-04 09:36:34.440 E/ThermalEngine(  504): Unable to read max frequency from online cpu.
05-04 09:36:34.441 E/ThermalEngine(  504): Failed to set desired CPU[2] frequency limit to 2457600
05-04 09:36:35.960 E/ThermalEngine(  504): Unable to read max frequency from online cpu.
05-04 09:36:35.960 E/ThermalEngine(  504): Failed to set desired CPU[1] frequency limit to 2457600
05-04 09:36:45.415 E/ThermalEngine(  504): Unable to read max frequency from online cpu.
05-04 09:36:45.415 E/ThermalEngine(  504): Failed to set desired CPU[3] frequency limit to 2457600
05-04 09:36:46.265 E/ThermalEngine(  504): Unable to read max frequency from online cpu.
05-04 09:36:46.266 E/ThermalEngine(  504): Failed to set desired CPU[3] frequency limit to 2457600
05-04 09:36:46.363 E/ThermalEngine(  504): Unable to read max frequency from online cpu.
05-04 09:36:46.364 E/ThermalEngine(  504): Failed to set desired CPU[2] frequency limit to 2457600
05-04 09:36:46.370 E/ThermalEngine(  504): Unable to read max frequency from online cpu.
05-04 09:36:46.370 E/ThermalEngine(  504): Failed to set desired CPU[1] frequency limit to 2457600
05-04 09:36:51.465 E/ThermalEngine(  504): Unable to read max frequency from online cpu.
05-04 09:36:51.465 E/ThermalEngine(  504): Failed to set desired CPU[3] frequency limit to 2457600
05-04 09:36:57.114 E/ThermalEngine(  504): Unable to read max frequency from online cpu.
05-04 09:36:57.115 E/ThermalEngine(  504): Failed to set desired CPU[3] frequency limit to 2457600
05-04 09:36:57.119 E/ThermalEngine(  504): Unable to read max frequency from online cpu.
05-04 09:36:57.119 E/ThermalEngine(  504): Failed to set desired CPU[2] frequency limit to 2457600
05-04 09:37:00.165 E/ThermalEngine(  504): Unable to read max frequency from online cpu.
05-04 09:37:00.165 E/ThermalEngine(  504): Failed to set desired CPU[3] frequency limit to 2457600
05-04 09:37:03.076 E/ThermalEngine(  504): Unable to read max frequency from online cpu.
05-04 09:37:03.077 E/ThermalEngine(  504): Failed to set desired CPU[3] frequency limit to 2457600
05-04 09:37:03.665 E/ThermalEngine(  504): Unable to read max frequency from online cpu.
05-04 09:37:03.665 E/ThermalEngine(  504): Failed to set desired CPU[2] frequency limit to 2457600
05-04 09:37:05.335 E/ThermalEngine(  504): Unable to read max frequency from online cpu.
05-04 09:37:05.335 E/ThermalEngine(  504): Failed to set desired CPU[2] frequency limit to 2457600
05-04 09:37:05.897 E/ThermalEngine(  504): Unable to read max frequency from online cpu.
05-04 09:37:05.897 E/ThermalEngine(  504): Failed to set desired CPU[2] frequency limit to 2457600
05-04 09:37:05.902 E/ThermalEngine(  504): Unable to read max frequency from online cpu.
05-04 09:37:05.902 E/ThermalEngine(  504): Failed to set desired CPU[1] frequency limit to 2457600
05-04 09:37:05.915 E/powerkeeper-jni( 5579): jint com_miui_powerkeeper_process_Control_thawed(JNIEnv*, jobject, jint): uid = 10175, action = thawed
05-04 09:37:06.768 E/ThermalEngine(  504): Unable to read max frequency from online cpu.
05-04 09:37:06.769 E/ThermalEngine(  504): Failed to set desired CPU[2] frequency limit to 2457600
05-04 09:37:07.840 E/ThermalEngine(  504): Unable to read max frequency from online cpu.
05-04 09:37:07.840 E/ThermalEngine(  504): Failed to set desired CPU[1] frequency limit to 2457600
05-04 09:37:08.262 E/PhoneInterfaceManager( 6205): [PhoneIntfMgr] getIccId: ICC ID is null or empty.
05-04 09:37:08.291 E/ActivityManager( 2941): Invalid thumbnail dimensions: 0x0
05-04 09:37:08.329 E/PhoneInterfaceManager( 6205): [PhoneIntfMgr] getIccId: ICC ID is null or empty.
05-04 09:37:08.379 E/NativeLibraryHelper( 7227): Failed to load assets verifier: 0
05-04 09:37:08.455 E/NativeLibraryHelper( 2941): Failed to load assets verifier: 0
05-04 09:37:08.472 E/NativeLibraryHelper( 2941): Failed to load assets verifier: 0
05-04 09:37:10.174 E/ThermalEngine(  504): Unable to read max frequency from online cpu.
05-04 09:37:10.174 E/ThermalEngine(  504): Failed to set desired CPU[2] frequency limit to 2457600
05-04 09:37:10.178 E/ThermalEngine(  504): Unable to read max frequency from online cpu.
05-04 09:37:10.178 E/ThermalEngine(  504): Failed to set desired CPU[1] frequency limit to 2457600
05-04 09:37:11.252 E/ThermalEngine(  504): Unable to read max frequency from online cpu.
05-04 09:37:11.252 E/ThermalEngine(  504): Failed to set desired CPU[2] frequency limit to 2457600
05-04 09:37:11.768 E/ThermalEngine(  504): Unable to read max frequency from online cpu.
05-04 09:37:11.768 E/ThermalEngine(  504): Failed to set desired CPU[2] frequency limit to 2457600
05-04 09:37:11.770 E/ThermalEngine(  504): Unable to read max frequency from online cpu.
05-04 09:37:11.771 E/ThermalEngine(  504): Failed to set desired CPU[1] frequency limit to 2457600
05-04 09:37:11.777 E/powerkeeper-jni( 5579): jint com_miui_powerkeeper_process_Control_thawed(JNIEnv*, jobject, jint): uid = 10115, action = thawed
05-04 09:37:11.794 E/LocSvc_libulp( 2941): I/int ulp_msg_process_system_update(UlpSystemEvent): systemEvent:5 
05-04 09:37:11.794 E/LocSvc_libulp( 2941): I/int ulp_msg_process_start_req(), at ulp state = 1
05-04 09:37:11.794 E/LocSvc_api_v02( 2941): I/---> locClientSendReq line 2020 QMI_LOC_GET_BEST_AVAILABLE_POSITION_REQ_V02
05-04 09:37:11.798 E/LocSvc_ApiV02( 2941): I/<--- void globalRespCb(locClientHandleType, uint32_t, locClientRespIndUnionType, void*) line 115 QMI_LOC_GET_BEST_AVAILABLE_POSITION_REQ_V02
05-04 09:37:11.798 E/LocSvc_libulp( 2941): I/int ulp_brain_process_zpp_position_report(loc_sess_status, LocPosTechMask, UlpLocation*), report ZPP position to providers,report_position = 1
05-04 09:37:11.798 E/IzatSvc_PassiveLocListener( 2941): E/Exiting with error virtual void izat_manager::IzatPassiveLocationListener::onLocationChanged(const izat_manager::IzatLocation*, izat_manager::IzatLocationStatus) line 113 "1"
05-04 09:37:11.845 E/DnsProxyBlocker(  452): No such appUid 10115 to remove
05-04 09:37:12.739 E/ThermalEngine(  504): Unable to read max frequency from online cpu.
05-04 09:37:12.739 E/ThermalEngine(  504): Failed to set desired CPU[2] frequency limit to 2457600
05-04 09:37:12.822 E/ActivityManager( 2941): Invalid thumbnail dimensions: 0x0
05-04 09:37:12.892 E/ThermalEngine(  504): Unable to read max frequency from online cpu.
05-04 09:37:12.892 E/ThermalEngine(  504): Failed to set desired CPU[1] frequency limit to 2457600
05-04 09:37:12.905 E/NativeLibraryHelper( 7227): Failed to load assets verifier: 0
05-04 09:37:12.921 E/NativeLibraryHelper( 2941): Failed to load assets verifier: 0
05-04 09:37:12.958 E/NativeLibraryHelper( 2941): Failed to load assets verifier: 0
05-04 09:37:13.760 E/ThermalEngine(  504): Unable to read max frequency from online cpu.
05-04 09:37:13.760 E/ThermalEngine(  504): Failed to set desired CPU[2] frequency limit to 2457600
05-04 09:37:13.890 E/DnsProxyBlocker(  452): No such appUid 1010115 to remove
05-04 09:37:14.171 E/ActivityManager( 2941): Invalid thumbnail dimensions: 0x0
05-04 09:37:14.216 E/ThermalEngine(  504): Unable to read max frequency from online cpu.
05-04 09:37:14.216 E/ThermalEngine(  504): Failed to set desired CPU[1] frequency limit to 2457600
05-04 09:37:14.252 E/NativeLibraryHelper( 7227): Failed to load assets verifier: 0
05-04 09:37:14.274 E/NativeLibraryHelper( 2941): Failed to load assets verifier: 0
05-04 09:37:14.294 E/NativeLibraryHelper( 2941): Failed to load assets verifier: 0
05-04 09:37:16.347 E/ThermalEngine(  504): Unable to read max frequency from online cpu.
05-04 09:37:16.348 E/ThermalEngine(  504): Failed to set desired CPU[2] frequency limit to 2457600
05-04 09:37:16.451 E/ThermalEngine(  504): Unable to read max frequency from online cpu.
05-04 09:37:16.451 E/ThermalEngine(  504): Failed to set desired CPU[1] frequency limit to 2457600
05-04 09:37:17.493 E/ThermalEngine(  504): Unable to read max frequency from online cpu.
05-04 09:37:17.493 E/ThermalEngine(  504): Failed to set desired CPU[1] frequency limit to 2457600
05-04 09:37:17.634 E/DnsProxyBlocker(  452): No such appUid 10175 to remove
05-04 09:37:18.178 E/LocSvc_flp( 2941): I/===> int flp_inject_location(FlpLocation*) line 253 
05-04 09:37:18.178 E/        ( 2941): I/===> int FlpLocationClient::flp_inject_location(FlpExtLocation*) line 265 
05-04 09:37:18.180 E/LocSvc_eng( 2941): I/===> int loc_eng_inject_location(loc_eng_data_s_type&, double, double, float) line 2123 
05-04 09:37:18.180 E/LocSvc_libulp( 2941): I/int ulp_brain_process_gnp_position_report(UlpLocation*), first_fix_pending 1, request active = 0,gnss running 0, gnss state 0 quipc running 0 quipc state 0
05-04 09:37:18.180 E/LocSvc_libulp( 2941): I/int ulp_brain_process_gnp_position_report(UlpLocation*), report GNP position to hybrid fix requests = 0
05-04 09:37:18.180 E/LocSvc_api_v02( 2941): I/---> locClientSendReq line 2020 QMI_LOC_INJECT_POSITION_REQ_V02
05-04 09:37:18.180 E/LocSvc_libulp( 2941): I/int ulp_brain_transition_all_providers(), before transition, 
05-04 09:37:18.180 E/LocSvc_libulp( 2941):  GNSS provider state = 0,  GNSS selected to run = 0,  GNSS onoff_cnt = 5, GNSS high speed flag = 0 
05-04 09:37:18.180 E/LocSvc_libulp( 2941):  QUIPC provider state = 0, QUIPC selected to run = 0, QUIPC onoff_cnt = 5, 
05-04 09:37:18.180 E/LocSvc_libulp( 2941):  GNP provider state = 0,   GNP selected to run = 0,   GNP onoff_cnt = 1, 
05-04 09:37:18.180 E/LocSvc_libulp( 2941): E/int ulp_brain_transition_all_providers(), no QUIPC/GNSS transition logic run due to both engines are OFF 
05-04 09:37:18.180 E/LocSvc_libulp( 2941): I/int ulp_brain_transition_all_providers(), after transition, 
05-04 09:37:18.180 E/LocSvc_libulp( 2941):  GNSS provider state = 0,  GNSS selected to run = 0,  GNSS onoff_cnt = 5, GNSS high speed flag = 0 
05-04 09:37:18.180 E/LocSvc_libulp( 2941):  QUIPC provider state = 0, QUIPC selected to run = 0, QUIPC onoff_cnt = 5, 
05-04 09:37:18.180 E/LocSvc_libulp( 2941):  GNP provider state = 0,   GNP selected to run = 0,   GNP onoff_cnt = 1 
05-04 09:37:18.183 E/LocSvc_ApiV02( 2941): I/<--- void globalRespCb(locClientHandleType, uint32_t, locClientRespIndUnionType, void*) line 115 QMI_LOC_INJECT_POSITION_REQ_V02
05-04 09:37:18.294 E/LocSvc_flp( 2941): I/===> int flp_inject_location(FlpLocation*) line 253 
05-04 09:37:18.294 E/        ( 2941): I/===> int FlpLocationClient::flp_inject_location(FlpExtLocation*) line 265 
05-04 09:37:18.295 E/LocSvc_eng( 2941): I/===> int loc_eng_inject_location(loc_eng_data_s_type&, double, double, float) line 2123 
05-04 09:37:18.295 E/LocSvc_libulp( 2941): I/int ulp_brain_process_gnp_position_report(UlpLocation*), first_fix_pending 1, request active = 0,gnss running 0, gnss state 0 quipc running 0 quipc state 0
05-04 09:37:18.295 E/LocSvc_libulp( 2941): I/int ulp_brain_process_gnp_position_report(UlpLocation*), report GNP position to hybrid fix requests = 0
05-04 09:37:18.295 E/LocSvc_api_v02( 2941): I/---> locClientSendReq line 2020 QMI_LOC_INJECT_POSITION_REQ_V02
05-04 09:37:18.295 E/LocSvc_libulp( 2941): I/int ulp_brain_transition_all_providers(), before transition, 
05-04 09:37:18.295 E/LocSvc_libulp( 2941):  GNSS provider state = 0,  GNSS selected to run = 0,  GNSS onoff_cnt = 5, GNSS high speed flag = 0 
05-04 09:37:18.295 E/LocSvc_libulp( 2941):  QUIPC provider state = 0, QUIPC selected to run = 0, QUIPC onoff_cnt = 5, 
05-04 09:37:18.295 E/LocSvc_libulp( 2941):  GNP provider state = 0,   GNP selected to run = 0,   GNP onoff_cnt = 1, 
05-04 09:37:18.295 E/LocSvc_libulp( 2941): E/int ulp_brain_transition_all_providers(), no QUIPC/GNSS transition logic run due to both engines are OFF 
05-04 09:37:18.295 E/LocSvc_libulp( 2941): I/int ulp_brain_transition_all_providers(), after transition, 
05-04 09:37:18.295 E/LocSvc_libulp( 2941):  GNSS provider state = 0,  GNSS selected to run = 0,  GNSS onoff_cnt = 5, GNSS high speed flag = 0 
05-04 09:37:18.295 E/LocSvc_libulp( 2941):  QUIPC provider state = 0, QUIPC selected to run = 0, QUIPC onoff_cnt = 5, 
05-04 09:37:18.295 E/LocSvc_libulp( 2941):  GNP provider state = 0,   GNP selected to run = 0,   GNP onoff_cnt = 1 
05-04 09:37:18.298 E/LocSvc_ApiV02( 2941): I/<--- void globalRespCb(locClientHandleType, uint32_t, locClientRespIndUnionType, void*) line 115 QMI_LOC_INJECT_POSITION_REQ_V02
05-04 09:37:19.804 E/LocSvc_flp( 2941): I/===> int flp_inject_location(FlpLocation*) line 253 
05-04 09:37:19.804 E/        ( 2941): I/===> int FlpLocationClient::flp_inject_location(FlpExtLocation*) line 265 
05-04 09:37:19.805 E/LocSvc_eng( 2941): I/===> int loc_eng_inject_location(loc_eng_data_s_type&, double, double, float) line 2123 
05-04 09:37:19.806 E/LocSvc_api_v02( 2941): I/---> locClientSendReq line 2020 QMI_LOC_INJECT_POSITION_REQ_V02
05-04 09:37:19.806 E/LocSvc_libulp( 2941): I/int ulp_brain_process_gnp_position_report(UlpLocation*), first_fix_pending 1, request active = 0,gnss running 0, gnss state 0 quipc running 0 quipc state 0
05-04 09:37:19.806 E/LocSvc_libulp( 2941): I/int ulp_brain_process_gnp_position_report(UlpLocation*), report GNP position to hybrid fix requests = 0
05-04 09:37:19.806 E/LocSvc_libulp( 2941): I/int ulp_brain_transition_all_providers(), before transition, 
05-04 09:37:19.806 E/LocSvc_libulp( 2941):  GNSS provider state = 0,  GNSS selected to run = 0,  GNSS onoff_cnt = 5, GNSS high speed flag = 0 
05-04 09:37:19.806 E/LocSvc_libulp( 2941):  QUIPC provider state = 0, QUIPC selected to run = 0, QUIPC onoff_cnt = 5, 
05-04 09:37:19.806 E/LocSvc_libulp( 2941):  GNP provider state = 0,   GNP selected to run = 0,   GNP onoff_cnt = 1, 
05-04 09:37:19.806 E/LocSvc_libulp( 2941): E/int ulp_brain_transition_all_providers(), no QUIPC/GNSS transition logic run due to both engines are OFF 
05-04 09:37:19.806 E/LocSvc_libulp( 2941): I/int ulp_brain_transition_all_providers(), after transition, 
05-04 09:37:19.806 E/LocSvc_libulp( 2941):  GNSS provider state = 0,  GNSS selected to run = 0,  GNSS onoff_cnt = 5, GNSS high speed flag = 0 
05-04 09:37:19.806 E/LocSvc_libulp( 2941):  QUIPC provider state = 0, QUIPC selected to run = 0, QUIPC onoff_cnt = 5, 
05-04 09:37:19.806 E/LocSvc_libulp( 2941):  GNP provider state = 0,   GNP selected to run = 0,   GNP onoff_cnt = 1 
05-04 09:37:19.808 E/LocSvc_ApiV02( 2941): I/<--- void globalRespCb(locClientHandleType, uint32_t, locClientRespIndUnionType, void*) line 115 QMI_LOC_INJECT_POSITION_REQ_V02
05-04 09:37:19.817 E/ThermalEngine(  504): Unable to read max frequency from online cpu.
05-04 09:37:19.817 E/ThermalEngine(  504): Failed to set desired CPU[1] frequency limit to 2457600
05-04 09:37:19.932 E/LocSvc_flp( 2941): I/===> int flp_inject_location(FlpLocation*) line 253 
05-04 09:37:19.932 E/        ( 2941): I/===> int FlpLocationClient::flp_inject_location(FlpExtLocation*) line 265 
05-04 09:37:19.937 E/LocSvc_eng( 2941): I/===> int loc_eng_inject_location(loc_eng_data_s_type&, double, double, float) line 2123 
05-04 09:37:19.938 E/LocSvc_api_v02( 2941): I/---> locClientSendReq line 2020 QMI_LOC_INJECT_POSITION_REQ_V02
05-04 09:37:19.938 E/LocSvc_libulp( 2941): I/int ulp_brain_process_gnp_position_report(UlpLocation*), first_fix_pending 1, request active = 0,gnss running 0, gnss state 0 quipc running 0 quipc state 0
05-04 09:37:19.938 E/LocSvc_libulp( 2941): I/int ulp_brain_process_gnp_position_report(UlpLocation*), report GNP position to hybrid fix requests = 0
05-04 09:37:19.938 E/LocSvc_libulp( 2941): I/int ulp_brain_transition_all_providers(), before transition, 
05-04 09:37:19.938 E/LocSvc_libulp( 2941):  GNSS provider state = 0,  GNSS selected to run = 0,  GNSS onoff_cnt = 5, GNSS high speed flag = 0 
05-04 09:37:19.938 E/LocSvc_libulp( 2941):  QUIPC provider state = 0, QUIPC selected to run = 0, QUIPC onoff_cnt = 5, 
05-04 09:37:19.938 E/LocSvc_libulp( 2941):  GNP provider state = 0,   GNP selected to run = 0,   GNP onoff_cnt = 1, 
05-04 09:37:19.938 E/LocSvc_libulp( 2941): E/int ulp_brain_transition_all_providers(), no QUIPC/GNSS transition logic run due to both engines are OFF 
05-04 09:37:19.938 E/LocSvc_libulp( 2941): I/int ulp_brain_transition_all_providers(), after transition, 
05-04 09:37:19.938 E/LocSvc_libulp( 2941):  GNSS provider state = 0,  GNSS selected to run = 0,  GNSS onoff_cnt = 5, GNSS high speed flag = 0 
05-04 09:37:19.938 E/LocSvc_libulp( 2941):  QUIPC provider state = 0, QUIPC selected to run = 0, QUIPC onoff_cnt = 5, 
05-04 09:37:19.938 E/LocSvc_libulp( 2941):  GNP provider state = 0,   GNP selected to run = 0,   GNP onoff_cnt = 1 
05-04 09:37:19.941 E/LocSvc_ApiV02( 2941): I/<--- void globalRespCb(locClientHandleType, uint32_t, locClientRespIndUnionType, void*) line 115 QMI_LOC_INJECT_POSITION_REQ_V02
05-04 09:37:20.055 E/LocSvc_flp( 2941): I/===> int flp_inject_location(FlpLocation*) line 253 
05-04 09:37:20.055 E/        ( 2941): I/===> int FlpLocationClient::flp_inject_location(FlpExtLocation*) line 265 
05-04 09:37:20.057 E/LocSvc_libulp( 2941): I/int ulp_brain_process_gnp_position_report(UlpLocation*), first_fix_pending 1, request active = 0,gnss running 0, gnss state 0 quipc running 0 quipc state 0
05-04 09:37:20.057 E/LocSvc_api_v02( 2941): I/---> locClientSendReq line 2020 QMI_LOC_INJECT_POSITION_REQ_V02
05-04 09:37:20.057 E/LocSvc_libulp( 2941): I/int ulp_brain_process_gnp_position_report(UlpLocation*), report GNP position to hybrid fix requests = 0
05-04 09:37:20.057 E/LocSvc_libulp( 2941): I/int ulp_brain_transition_all_providers(), before transition, 
05-04 09:37:20.057 E/LocSvc_libulp( 2941):  GNSS provider state = 0,  GNSS selected to run = 0,  GNSS onoff_cnt = 5, GNSS high speed flag = 0 
05-04 09:37:20.057 E/LocSvc_libulp( 2941):  QUIPC provider state = 0, QUIPC selected to run = 0, QUIPC onoff_cnt = 5, 
05-04 09:37:20.057 E/LocSvc_libulp( 2941):  GNP provider state = 0,   GNP selected to run = 0,   GNP onoff_cnt = 1, 
05-04 09:37:20.057 E/LocSvc_libulp( 2941): E/int ulp_brain_transition_all_providers(), no QUIPC/GNSS transition logic run due to both engines are OFF 
05-04 09:37:20.057 E/LocSvc_libulp( 2941): I/int ulp_brain_transition_all_providers(), after transition, 
05-04 09:37:20.057 E/LocSvc_libulp( 2941):  GNSS provider state = 0,  GNSS selected to run = 0,  GNSS onoff_cnt = 5, GNSS high speed flag = 0 
05-04 09:37:20.057 E/LocSvc_libulp( 2941):  QUIPC provider state = 0, QUIPC selected to run = 0, QUIPC onoff_cnt = 5, 
05-04 09:37:20.057 E/LocSvc_libulp( 2941):  GNP provider state = 0,   GNP selected to run = 0,   GNP onoff_cnt = 1 
05-04 09:37:20.059 E/LocSvc_ApiV02( 2941): I/<--- void globalRespCb(locClientHandleType, uint32_t, locClientRespIndUnionType, void*) line 115 QMI_LOC_INJECT_POSITION_REQ_V02
05-04 09:37:20.076 E/LocSvc_eng( 2941): I/===> int loc_eng_inject_location(loc_eng_data_s_type&, double, double, float) line 2123 
05-04 09:37:20.635 E/ThermalEngine(  504): Unable to read max frequency from online cpu.
05-04 09:37:20.635 E/ThermalEngine(  504): Failed to set desired CPU[2] frequency limit to 2457600
05-04 09:37:23.463 E/ThermalEngine(  504): Unable to read max frequency from online cpu.
05-04 09:37:23.463 E/ThermalEngine(  504): Failed to set desired CPU[2] frequency limit to 2457600
05-04 09:37:24.982 E/ThermalEngine(  504): Unable to read max frequency from online cpu.
05-04 09:37:24.982 E/ThermalEngine(  504): Failed to set desired CPU[2] frequency limit to 2457600
05-04 09:37:25.938 E/ThermalEngine(  504): Unable to read max frequency from online cpu.
05-04 09:37:25.938 E/ThermalEngine(  504): Failed to set desired CPU[1] frequency limit to 2457600
05-04 09:37:26.498 E/ThermalEngine(  504): Unable to read max frequency from online cpu.
05-04 09:37:26.499 E/ThermalEngine(  504): Failed to set desired CPU[1] frequency limit to 2457600
05-04 09:37:35.594 E/ThermalEngine(  504): Unable to read max frequency from online cpu.
05-04 09:37:35.594 E/ThermalEngine(  504): Failed to set desired CPU[2] frequency limit to 2457600
05-04 09:37:35.746 E/ThermalEngine(  504): Unable to read max frequency from online cpu.
05-04 09:37:35.746 E/ThermalEngine(  504): Failed to set desired CPU[1] frequency limit to 2457600
05-04 09:37:36.361 E/ThermalEngine(  504): Unable to read max frequency from online cpu.
05-04 09:37:36.361 E/ThermalEngine(  504): Failed to set desired CPU[2] frequency limit to 2457600
05-04 09:37:36.564 E/ThermalEngine(  504): Unable to read max frequency from online cpu.
05-04 09:37:36.564 E/ThermalEngine(  504): Failed to set desired CPU[1] frequency limit to 2457600
05-04 09:37:40.148 E/ThermalEngine(  504): Unable to read max frequency from online cpu.
05-04 09:37:40.148 E/ThermalEngine(  504): Failed to set desired CPU[2] frequency limit to 2457600
05-04 09:37:41.110 E/ThermalEngine(  504): Unable to read max frequency from online cpu.
05-04 09:37:41.110 E/ThermalEngine(  504): Failed to set desired CPU[2] frequency limit to 2457600
05-04 09:37:43.570 E/ThermalEngine(  504): Unable to read max frequency from online cpu.
05-04 09:37:43.570 E/ThermalEngine(  504): Failed to set desired CPU[3] frequency limit to 2457600
05-04 09:37:43.762 E/ThermalEngine(  504): Unable to read max frequency from online cpu.
05-04 09:37:43.762 E/ThermalEngine(  504): Failed to set desired CPU[2] frequency limit to 2457600
05-04 09:37:44.920 E/ThermalEngine(  504): Unable to read max frequency from online cpu.
05-04 09:37:44.920 E/ThermalEngine(  504): Failed to set desired CPU[1] frequency limit to 2457600
05-04 09:37:45.438 E/DatabaseUtils( 2941): Writing exception to parcel
05-04 09:37:45.438 E/DatabaseUtils( 2941): java.lang.SecurityException: com.sogou.activity.src was not granted  this permission: android.permission.WRITE_SETTINGS.
05-04 09:37:45.438 E/DatabaseUtils( 2941): 	at android.provider.Settings.isCallingPackageAllowedToPerformAppOpsProtectedOperation(Settings.java:8507)
05-04 09:37:45.438 E/DatabaseUtils( 2941): 	at android.provider.Settings.checkAndNoteWriteSettingsOperation(Settings.java:8389)
05-04 09:37:45.438 E/DatabaseUtils( 2941): 	at com.android.providers.settings.SettingsProvider.mutateSystemSetting(SettingsProvider.java:915)
05-04 09:37:45.438 E/DatabaseUtils( 2941): 	at com.android.providers.settings.SettingsProvider.insertSystemSetting(SettingsProvider.java:890)
05-04 09:37:45.438 E/DatabaseUtils( 2941): 	at com.android.providers.settings.SettingsProvider.call(SettingsProvider.java:263)
05-04 09:37:45.438 E/DatabaseUtils( 2941): 	at android.content.ContentProvider$Transport.call(ContentProvider.java:398)
05-04 09:37:45.438 E/DatabaseUtils( 2941): 	at android.content.ContentProviderNative.onTransact(ContentProviderNative.java:283)
05-04 09:37:45.438 E/DatabaseUtils( 2941): 	at android.os.Binder.execTransact(Binder.java:453)
05-04 09:37:45.442 E/DatabaseUtils( 2941): Writing exception to parcel
05-04 09:37:45.442 E/DatabaseUtils( 2941): java.lang.SecurityException: com.sogou.activity.src was not granted  this permission: android.permission.WRITE_SETTINGS.
05-04 09:37:45.442 E/DatabaseUtils( 2941): 	at android.provider.Settings.isCallingPackageAllowedToPerformAppOpsProtectedOperation(Settings.java:8507)
05-04 09:37:45.442 E/DatabaseUtils( 2941): 	at android.provider.Settings.checkAndNoteWriteSettingsOperation(Settings.java:8389)
05-04 09:37:45.442 E/DatabaseUtils( 2941): 	at com.android.providers.settings.SettingsProvider.mutateSystemSetting(SettingsProvider.java:915)
05-04 09:37:45.442 E/DatabaseUtils( 2941): 	at com.android.providers.settings.SettingsProvider.insertSystemSetting(SettingsProvider.java:890)
05-04 09:37:45.442 E/DatabaseUtils( 2941): 	at com.android.providers.settings.SettingsProvider.call(SettingsProvider.java:263)
05-04 09:37:45.442 E/DatabaseUtils( 2941): 	at android.content.ContentProvider$Transport.call(ContentProvider.java:398)
05-04 09:37:45.442 E/DatabaseUtils( 2941): 	at android.content.ContentProviderNative.onTransact(ContentProviderNative.java:283)
05-04 09:37:45.442 E/DatabaseUtils( 2941): 	at android.os.Binder.execTransact(Binder.java:453)
05-04 09:37:45.448 E/DatabaseUtils( 2941): Writing exception to parcel
05-04 09:37:45.448 E/DatabaseUtils( 2941): java.lang.SecurityException: com.sogou.activity.src was not granted  this permission: android.permission.WRITE_SETTINGS.
05-04 09:37:45.448 E/DatabaseUtils( 2941): 	at android.provider.Settings.isCallingPackageAllowedToPerformAppOpsProtectedOperation(Settings.java:8507)
05-04 09:37:45.448 E/DatabaseUtils( 2941): 	at android.provider.Settings.checkAndNoteWriteSettingsOperation(Settings.java:8389)
05-04 09:37:45.448 E/DatabaseUtils( 2941): 	at com.android.providers.settings.SettingsProvider.mutateSystemSetting(SettingsProvider.java:915)
05-04 09:37:45.448 E/DatabaseUtils( 2941): 	at com.android.providers.settings.SettingsProvider.insertSystemSetting(SettingsProvider.java:890)
05-04 09:37:45.448 E/DatabaseUtils( 2941): 	at com.android.providers.settings.SettingsProvider.call(SettingsProvider.java:263)
05-04 09:37:45.448 E/DatabaseUtils( 2941): 	at android.content.ContentProvider$Transport.call(ContentProvider.java:398)
05-04 09:37:45.448 E/DatabaseUtils( 2941): 	at android.content.ContentProviderNative.onTransact(ContentProviderNative.java:283)
05-04 09:37:45.448 E/DatabaseUtils( 2941): 	at android.os.Binder.execTransact(Binder.java:453)
05-04 09:37:45.451 E/DatabaseUtils( 2941): Writing exception to parcel
05-04 09:37:45.451 E/DatabaseUtils( 2941): java.lang.SecurityException: com.sogou.activity.src was not granted  this permission: android.permission.WRITE_SETTINGS.
05-04 09:37:45.451 E/DatabaseUtils( 2941): 	at android.provider.Settings.isCallingPackageAllowedToPerformAppOpsProtectedOperation(Settings.java:8507)
05-04 09:37:45.451 E/DatabaseUtils( 2941): 	at android.provider.Settings.checkAndNoteWriteSettingsOperation(Settings.java:8389)
05-04 09:37:45.451 E/DatabaseUtils( 2941): 	at com.android.providers.settings.SettingsProvider.mutateSystemSetting(SettingsProvider.java:915)
05-04 09:37:45.451 E/DatabaseUtils( 2941): 	at com.android.providers.settings.SettingsProvider.insertSystemSetting(SettingsProvider.java:890)
05-04 09:37:45.451 E/DatabaseUtils( 2941): 	at com.android.providers.settings.SettingsProvider.call(SettingsProvider.java:263)
05-04 09:37:45.451 E/DatabaseUtils( 2941): 	at android.content.ContentProvider$Transport.call(ContentProvider.java:398)
05-04 09:37:45.451 E/DatabaseUtils( 2941): 	at android.content.ContentProviderNative.onTransact(ContentProviderNative.java:283)
05-04 09:37:45.451 E/DatabaseUtils( 2941): 	at android.os.Binder.execTransact(Binder.java:453)
05-04 09:37:45.547 E/ThermalEngine(  504): Unable to read max frequency from online cpu.
05-04 09:37:45.547 E/ThermalEngine(  504): Failed to set desired CPU[2] frequency limit to 2457600
05-04 09:37:47.011 E/ThermalEngine(  504): Unable to read max frequency from online cpu.
05-04 09:37:47.011 E/ThermalEngine(  504): Failed to set desired CPU[2] frequency limit to 2457600
05-04 09:37:47.422 E/ThermalEngine(  504): Unable to read max frequency from online cpu.
05-04 09:37:47.422 E/ThermalEngine(  504): Failed to set desired CPU[1] frequency limit to 2457600
05-04 09:37:49.017 E/ThermalEngine(  504): Unable to read max frequency from online cpu.
05-04 09:37:49.017 E/ThermalEngine(  504): Failed to set desired CPU[3] frequency limit to 2457600
05-04 09:37:49.061 E/ThermalEngine(  504): Unable to read max frequency from online cpu.
05-04 09:37:49.062 E/ThermalEngine(  504): Failed to set desired CPU[2] frequency limit to 2457600
05-04 09:37:50.917 E/ThermalEngine(  504): Unable to read max frequency from online cpu.
05-04 09:37:50.917 E/ThermalEngine(  504): Failed to set desired CPU[3] frequency limit to 2457600
05-04 09:37:50.921 E/ThermalEngine(  504): Unable to read max frequency from online cpu.
05-04 09:37:50.921 E/ThermalEngine(  504): Failed to set desired CPU[2] frequency limit to 2457600
05-04 09:37:50.926 E/ThermalEngine(  504): Unable to read max frequency from online cpu.
05-04 09:37:50.926 E/ThermalEngine(  504): Failed to set desired CPU[1] frequency limit to 2457600
05-04 09:37:52.533 E/QueryController(25320): Got null root node from accessibility - Retrying...
05-04 09:37:53.234 E/ThermalEngine(  504): Unable to read max frequency from online cpu.
05-04 09:37:53.234 E/ThermalEngine(  504): Failed to set desired CPU[2] frequency limit to 2457600
05-04 09:37:53.288 E/ThermalEngine(  504): Unable to read max frequency from online cpu.
05-04 09:37:53.288 E/ThermalEngine(  504): Failed to set desired CPU[1] frequency limit to 2457600
05-04 09:37:57.920 E/ThermalEngine(  504): Unable to read max frequency from online cpu.
05-04 09:37:57.921 E/ThermalEngine(  504): Failed to set desired CPU[2] frequency limit to 2457600
05-04 09:38:08.970 E/ThermalEngine(  504): Unable to read max frequency from online cpu.
05-04 09:38:08.970 E/ThermalEngine(  504): Failed to set desired CPU[2] frequency limit to 2457600
05-04 09:38:11.794 E/LocSvc_libulp( 2941): I/int ulp_msg_process_system_update(UlpSystemEvent): systemEvent:5 
05-04 09:38:11.794 E/LocSvc_libulp( 2941): I/int ulp_msg_process_start_req(), at ulp state = 1
05-04 09:38:11.794 E/LocSvc_api_v02( 2941): I/---> locClientSendReq line 2020 QMI_LOC_GET_BEST_AVAILABLE_POSITION_REQ_V02
05-04 09:38:11.798 E/LocSvc_ApiV02( 2941): I/<--- void globalRespCb(locClientHandleType, uint32_t, locClientRespIndUnionType, void*) line 115 QMI_LOC_GET_BEST_AVAILABLE_POSITION_REQ_V02
05-04 09:38:11.799 E/LocSvc_libulp( 2941): I/int ulp_brain_process_zpp_position_report(loc_sess_status, LocPosTechMask, UlpLocation*), report ZPP position to providers,report_position = 1
05-04 09:38:11.799 E/IzatSvc_PassiveLocListener( 2941): E/Exiting with error virtual void izat_manager::IzatPassiveLocationListener::onLocationChanged(const izat_manager::IzatLocation*, izat_manager::IzatLocationStatus) line 113 "1"
05-04 09:38:19.373 E/ThermalEngine(  504): Unable to read max frequency from online cpu.
05-04 09:38:19.374 E/ThermalEngine(  504): Failed to set desired CPU[2] frequency limit to 2457600
05-04 09:38:30.074 E/ThermalEngine(  504): Unable to read max frequency from online cpu.
05-04 09:38:30.075 E/ThermalEngine(  504): Failed to set desired CPU[2] frequency limit to 2457600
05-04 09:38:46.421 E/ThermalEngine(  504): Unable to read max frequency from online cpu.
05-04 09:38:46.421 E/ThermalEngine(  504): Failed to set desired CPU[2] frequency limit to 2457600
05-04 09:38:51.246 E/ThermalEngine(  504): Unable to read max frequency from online cpu.
05-04 09:38:51.246 E/ThermalEngine(  504): Failed to set desired CPU[2] frequency limit to 2457600
05-04 09:38:55.104 E/WifiConfigStore( 2941):  rewrite network history for "RJYFZX-Wifi-01"-WPA_PSK
05-04 09:38:55.165 E/ThermalEngine(  504): Unable to read max frequency from online cpu.
05-04 09:38:55.165 E/ThermalEngine(  504): Failed to set desired CPU[3] frequency limit to 2457600
05-04 09:38:55.774 E/ThermalEngine(  504): Unable to read max frequency from online cpu.
05-04 09:38:55.775 E/ThermalEngine(  504): Failed to set desired CPU[3] frequency limit to 2457600
05-04 09:38:57.516 E/ThermalEngine(  504): Unable to read max frequency from online cpu.
05-04 09:38:57.516 E/ThermalEngine(  504): Failed to set desired CPU[3] frequency limit to 2457600
05-04 09:38:57.522 E/ThermalEngine(  504): Unable to read max frequency from online cpu.
05-04 09:38:57.522 E/ThermalEngine(  504): Failed to set desired CPU[2] frequency limit to 2457600
05-04 09:39:01.865 E/ThermalEngine(  504): Unable to read max frequency from online cpu.
05-04 09:39:01.865 E/ThermalEngine(  504): Failed to set desired CPU[3] frequency limit to 2457600
05-04 09:39:10.564 E/ThermalEngine(  504): Unable to read max frequency from online cpu.
05-04 09:39:10.564 E/ThermalEngine(  504): Failed to set desired CPU[3] frequency limit to 2457600
05-04 09:39:10.566 E/ThermalEngine(  504): Unable to read max frequency from online cpu.
05-04 09:39:10.566 E/ThermalEngine(  504): Failed to set desired CPU[2] frequency limit to 2457600
05-04 09:39:11.794 E/LocSvc_libulp( 2941): I/int ulp_msg_process_system_update(UlpSystemEvent): systemEvent:5 
05-04 09:39:11.794 E/LocSvc_libulp( 2941): I/int ulp_msg_process_start_req(), at ulp state = 1
05-04 09:39:11.794 E/LocSvc_api_v02( 2941): I/---> locClientSendReq line 2020 QMI_LOC_GET_BEST_AVAILABLE_POSITION_REQ_V02
05-04 09:39:11.798 E/LocSvc_ApiV02( 2941): I/<--- void globalRespCb(locClientHandleType, uint32_t, locClientRespIndUnionType, void*) line 115 QMI_LOC_GET_BEST_AVAILABLE_POSITION_REQ_V02
05-04 09:39:11.799 E/LocSvc_libulp( 2941): I/int ulp_brain_process_zpp_position_report(loc_sess_status, LocPosTechMask, UlpLocation*), report ZPP position to providers,report_position = 1
05-04 09:39:11.800 E/IzatSvc_PassiveLocListener( 2941): E/Exiting with error virtual void izat_manager::IzatPassiveLocationListener::onLocationChanged(const izat_manager::IzatLocation*, izat_manager::IzatLocationStatus) line 113 "1"
05-04 09:39:11.823 E/ThermalEngine(  504): Unable to read max frequency from online cpu.
05-04 09:39:11.823 E/ThermalEngine(  504): Failed to set desired CPU[2] frequency limit to 2457600
05-04 09:39:11.825 E/ThermalEngine(  504): Unable to read max frequency from online cpu.
05-04 09:39:11.825 E/ThermalEngine(  504): Failed to set desired CPU[1] frequency limit to 2457600
05-04 09:39:42.215 E/ThermalEngine(  504): Unable to read max frequency from online cpu.
05-04 09:39:42.215 E/ThermalEngine(  504): Failed to set desired CPU[3] frequency limit to 2457600
05-04 09:39:51.663 E/ThermalEngine(  504): Unable to read max frequency from online cpu.
05-04 09:39:51.663 E/ThermalEngine(  504): Failed to set desired CPU[3] frequency limit to 2457600
05-04 09:39:55.814 E/ThermalEngine(  504): Unable to read max frequency from online cpu.
05-04 09:39:55.814 E/ThermalEngine(  504): Failed to set desired CPU[3] frequency limit to 2457600
05-04 09:39:55.821 E/ThermalEngine(  504): Unable to read max frequency from online cpu.
05-04 09:39:55.822 E/ThermalEngine(  504): Failed to set desired CPU[2] frequency limit to 2457600
05-04 09:39:58.864 E/ThermalEngine(  504): Unable to read max frequency from online cpu.
05-04 09:39:58.864 E/ThermalEngine(  504): Failed to set desired CPU[3] frequency limit to 2457600
05-04 09:39:58.866 E/ThermalEngine(  504): Unable to read max frequency from online cpu.
05-04 09:39:58.866 E/ThermalEngine(  504): Failed to set desired CPU[2] frequency limit to 2457600
05-04 09:40:00.072 E/ThermalEngine(  504): Unable to read max frequency from online cpu.
05-04 09:40:00.072 E/ThermalEngine(  504): Failed to set desired CPU[2] frequency limit to 2457600
05-04 09:40:00.889 E/ThermalEngine(  504): Unable to read max frequency from online cpu.
05-04 09:40:00.889 E/ThermalEngine(  504): Failed to set desired CPU[2] frequency limit to 2457600
05-04 09:40:00.892 E/ThermalEngine(  504): Unable to read max frequency from online cpu.
05-04 09:40:00.892 E/ThermalEngine(  504): Failed to set desired CPU[1] frequency limit to 2457600
05-04 09:40:09.414 E/ThermalEngine(  504): Unable to read max frequency from online cpu.
05-04 09:40:09.414 E/ThermalEngine(  504): Failed to set desired CPU[3] frequency limit to 2457600
05-04 09:40:09.417 E/ThermalEngine(  504): Unable to read max frequency from online cpu.
05-04 09:40:09.418 E/ThermalEngine(  504): Failed to set desired CPU[2] frequency limit to 2457600
05-04 09:40:11.794 E/LocSvc_libulp( 2941): I/int ulp_msg_process_system_update(UlpSystemEvent): systemEvent:5 
05-04 09:40:11.794 E/LocSvc_libulp( 2941): I/int ulp_msg_process_start_req(), at ulp state = 1
05-04 09:40:11.794 E/LocSvc_api_v02( 2941): I/---> locClientSendReq line 2020 QMI_LOC_GET_BEST_AVAILABLE_POSITION_REQ_V02
05-04 09:40:11.799 E/LocSvc_ApiV02( 2941): I/<--- void globalRespCb(locClientHandleType, uint32_t, locClientRespIndUnionType, void*) line 115 QMI_LOC_GET_BEST_AVAILABLE_POSITION_REQ_V02
05-04 09:40:11.799 E/IzatSvc_PassiveLocListener( 2941): E/Exiting with error virtual void izat_manager::IzatPassiveLocationListener::onLocationChanged(const izat_manager::IzatLocation*, izat_manager::IzatLocationStatus) line 113 "1"
05-04 09:40:11.799 E/LocSvc_libulp( 2941): I/int ulp_brain_process_zpp_position_report(loc_sess_status, LocPosTechMask, UlpLocation*), report ZPP position to providers,report_position = 1
05-04 09:40:12.916 E/ThermalEngine(  504): Unable to read max frequency from online cpu.
05-04 09:40:12.917 E/ThermalEngine(  504): Failed to set desired CPU[2] frequency limit to 2457600
05-04 09:40:12.920 E/ThermalEngine(  504): Unable to read max frequency from online cpu.
05-04 09:40:12.920 E/ThermalEngine(  504): Failed to set desired CPU[1] frequency limit to 2457600
