05-04 08:27:51.300 E/ThermalEngine(  504): Unable to read max frequency from online cpu.
05-04 08:27:51.300 E/ThermalEngine(  504): Failed to set desired CPU[2] frequency limit to 2457600
05-04 08:27:51.493 E/PowerManagerService( 2941): Only X4,X3 support this feature for low power consumption!
05-04 08:27:51.502 E/PowerManagerService( 2941): Only X4,X3 support this feature for low power consumption!
05-04 08:27:52.539 E/PowerManagerService( 2941): Only X4,X3 support this feature for low power consumption!
05-04 08:27:56.486 E/PowerManagerService( 2941): Only X4,X3 support this feature for low power consumption!
05-04 08:27:56.633 E/ThermalEngine(  504): Unable to read max frequency from online cpu.
05-04 08:27:56.634 E/ThermalEngine(  504): Failed to set desired CPU[3] frequency limit to 2457600
05-04 08:27:56.730 E/PowerManagerService( 2941): Only X4,X3 support this feature for low power consumption!
05-04 08:28:03.466 E/ThermalEngine(  504): Unable to read max frequency from online cpu.
05-04 08:28:03.466 E/ThermalEngine(  504): Failed to set desired CPU[2] frequency limit to 2457600
05-04 08:30:23.059 E/PowerManagerService( 2941): Only X4,X3 support this feature for low power consumption!
05-04 08:30:23.116 E/PowerManagerService( 2941): Only X4,X3 support this feature for low power consumption!
05-04 08:32:14.526 E/PowerManagerService( 2941): Only X4,X3 support this feature for low power consumption!
05-04 08:32:14.543 E/DatabaseUtils( 2941): Writing exception to parcel
05-04 08:32:14.543 E/DatabaseUtils( 2941): java.lang.SecurityException: com.sogou.activity.src was not granted  this permission: android.permission.WRITE_SETTINGS.
05-04 08:32:14.543 E/DatabaseUtils( 2941): 	at android.provider.Settings.isCallingPackageAllowedToPerformAppOpsProtectedOperation(Settings.java:8507)
05-04 08:32:14.543 E/DatabaseUtils( 2941): 	at android.provider.Settings.checkAndNoteWriteSettingsOperation(Settings.java:8389)
05-04 08:32:14.543 E/DatabaseUtils( 2941): 	at com.android.providers.settings.SettingsProvider.mutateSystemSetting(SettingsProvider.java:915)
05-04 08:32:14.543 E/DatabaseUtils( 2941): 	at com.android.providers.settings.SettingsProvider.insertSystemSetting(SettingsProvider.java:890)
05-04 08:32:14.543 E/DatabaseUtils( 2941): 	at com.android.providers.settings.SettingsProvider.call(SettingsProvider.java:263)
05-04 08:32:14.543 E/DatabaseUtils( 2941): 	at android.content.ContentProvider$Transport.call(ContentProvider.java:398)
05-04 08:32:14.543 E/DatabaseUtils( 2941): 	at android.content.ContentProviderNative.onTransact(ContentProviderNative.java:283)
05-04 08:32:14.543 E/DatabaseUtils( 2941): 	at android.os.Binder.execTransact(Binder.java:453)
05-04 08:32:14.545 E/DatabaseUtils( 2941): Writing exception to parcel
05-04 08:32:14.545 E/DatabaseUtils( 2941): java.lang.SecurityException: com.sogou.activity.src was not granted  this permission: android.permission.WRITE_SETTINGS.
05-04 08:32:14.545 E/DatabaseUtils( 2941): 	at android.provider.Settings.isCallingPackageAllowedToPerformAppOpsProtectedOperation(Settings.java:8507)
05-04 08:32:14.545 E/DatabaseUtils( 2941): 	at android.provider.Settings.checkAndNoteWriteSettingsOperation(Settings.java:8389)
05-04 08:32:14.545 E/DatabaseUtils( 2941): 	at com.android.providers.settings.SettingsProvider.mutateSystemSetting(SettingsProvider.java:915)
05-04 08:32:14.545 E/DatabaseUtils( 2941): 	at com.android.providers.settings.SettingsProvider.insertSystemSetting(SettingsProvider.java:890)
05-04 08:32:14.545 E/DatabaseUtils( 2941): 	at com.android.providers.settings.SettingsProvider.call(SettingsProvider.java:263)
05-04 08:32:14.545 E/DatabaseUtils( 2941): 	at android.content.ContentProvider$Transport.call(ContentProvider.java:398)
05-04 08:32:14.545 E/DatabaseUtils( 2941): 	at android.content.ContentProviderNative.onTransact(ContentProviderNative.java:283)
05-04 08:32:14.545 E/DatabaseUtils( 2941): 	at android.os.Binder.execTransact(Binder.java:453)
05-04 08:32:14.605 E/PowerManagerService( 2941): Only X4,X3 support this feature for low power consumption!
05-04 08:32:14.641 E/ThermalEngine(  504): Unable to read max frequency from online cpu.
05-04 08:32:14.642 E/ThermalEngine(  504): Failed to set desired CPU[1] frequency limit to 2457600
05-04 08:34:06.142 E/PowerManagerService( 2941): Only X4,X3 support this feature for low power consumption!
05-04 08:34:06.281 E/ThermalEngine(  504): Unable to read max frequency from online cpu.
05-04 08:34:06.281 E/ThermalEngine(  504): Failed to set desired CPU[2] frequency limit to 2457600
05-04 08:34:06.790 E/ThermalEngine(  504): Unable to read max frequency from online cpu.
05-04 08:34:06.790 E/ThermalEngine(  504): Failed to set desired CPU[2] frequency limit to 2457600
05-04 08:34:06.894 E/ThermalEngine(  504): Unable to read max frequency from online cpu.
05-04 08:34:06.894 E/ThermalEngine(  504): Failed to set desired CPU[1] frequency limit to 2457600
05-04 08:34:06.917 E/Icon    ( 4428): Unable to load resource 0xffffffff from pkg=com.xiaomi.xmsf
05-04 08:34:06.917 E/Icon    ( 4428): android.content.res.Resources$NotFoundException: Resource ID #0xffffffff
05-04 08:34:06.917 E/Icon    ( 4428): 	at android.content.res.Resources.getValue(Resources.java:1369)
05-04 08:34:06.917 E/Icon    ( 4428): 	at android.content.res.MiuiResources.getValue(MiuiResources.java:145)
05-04 08:34:06.917 E/Icon    ( 4428): 	at android.content.res.Resources.getDrawable(Resources.java:822)
05-04 08:34:06.917 E/Icon    ( 4428): 	at android.graphics.drawable.Icon.loadDrawableInner(Icon.java:313)
05-04 08:34:06.917 E/Icon    ( 4428): 	at android.graphics.drawable.Icon.loadDrawable(Icon.java:269)
05-04 08:34:06.917 E/Icon    ( 4428): 	at android.widget.ImageView.setImageIcon(ImageView.java:498)
05-04 08:34:06.917 E/Icon    ( 4428): 	at java.lang.reflect.Method.invoke(Native Method)
05-04 08:34:06.917 E/Icon    ( 4428): 	at android.widget.RemoteViews$ReflectionAction.apply(RemoteViews.java:1296)
05-04 08:34:06.917 E/Icon    ( 4428): 	at android.widget.RemoteViews.performApply(RemoteViews.java:2804)
05-04 08:34:06.917 E/Icon    ( 4428): 	at android.widget.RemoteViews.apply(RemoteViews.java:2764)
05-04 08:34:06.917 E/Icon    ( 4428): 	at com.android.systemui.statusbar.BaseStatusBar.inflateViews(BaseStatusBar.java:635)
05-04 08:34:06.917 E/Icon    ( 4428): 	at com.android.systemui.statusbar.BaseStatusBar.addNotificationViews(BaseStatusBar.java:1012)
05-04 08:34:06.917 E/Icon    ( 4428): 	at com.android.systemui.statusbar.phone.PhoneStatusBar.addNotification(PhoneStatusBar.java:1825)
05-04 08:34:06.917 E/Icon    ( 4428): 	at com.android.systemui.statusbar.CommandQueue$H.handleMessage(CommandQueue.java:442)
05-04 08:34:06.917 E/Icon    ( 4428): 	at android.os.Handler.dispatchMessage(Handler.java:102)
05-04 08:34:06.917 E/Icon    ( 4428): 	at android.os.Looper.loop(Looper.java:154)
05-04 08:34:06.917 E/Icon    ( 4428): 	at android.app.ActivityThread.main(ActivityThread.java:5462)
05-04 08:34:06.917 E/Icon    ( 4428): 	at java.lang.reflect.Method.invoke(Native Method)
05-04 08:34:06.917 E/Icon    ( 4428): 	at com.android.internal.os.ZygoteInit$MethodAndArgsCaller.run(ZygoteInit.java:739)
05-04 08:34:06.917 E/Icon    ( 4428): 	at com.android.internal.os.ZygoteInit.main(ZygoteInit.java:629)
05-04 08:34:06.917 E/PowerManagerService( 2941): Only X4,X3 support this feature for low power consumption!
05-04 08:35:22.433 E/PowerManagerService( 2941): Only X4,X3 support this feature for low power consumption!
05-04 08:35:22.493 E/Icon    ( 4428): Unable to load resource 0xffffffff from pkg=com.xiaomi.xmsf
05-04 08:35:22.493 E/Icon    ( 4428): android.content.res.Resources$NotFoundException: Resource ID #0xffffffff
05-04 08:35:22.493 E/Icon    ( 4428): 	at android.content.res.Resources.getValue(Resources.java:1369)
05-04 08:35:22.493 E/Icon    ( 4428): 	at android.content.res.MiuiResources.getValue(MiuiResources.java:145)
05-04 08:35:22.493 E/Icon    ( 4428): 	at android.content.res.Resources.getDrawable(Resources.java:822)
05-04 08:35:22.493 E/Icon    ( 4428): 	at android.graphics.drawable.Icon.loadDrawableInner(Icon.java:313)
05-04 08:35:22.493 E/Icon    ( 4428): 	at android.graphics.drawable.Icon.loadDrawable(Icon.java:269)
05-04 08:35:22.493 E/Icon    ( 4428): 	at android.widget.ImageView.setImageIcon(ImageView.java:498)
05-04 08:35:22.493 E/Icon    ( 4428): 	at java.lang.reflect.Method.invoke(Native Method)
05-04 08:35:22.493 E/Icon    ( 4428): 	at android.widget.RemoteViews$ReflectionAction.apply(RemoteViews.java:1296)
05-04 08:35:22.493 E/Icon    ( 4428): 	at android.widget.RemoteViews.performApply(RemoteViews.java:2804)
05-04 08:35:22.493 E/Icon    ( 4428): 	at android.widget.RemoteViews.reapply(RemoteViews.java:2795)
05-04 08:35:22.493 E/Icon    ( 4428): 	at com.android.systemui.statusbar.BaseStatusBar.updateNotification(BaseStatusBar.java:1115)
05-04 08:35:22.493 E/Icon    ( 4428): 	at com.android.systemui.statusbar.phone.PhoneStatusBar.updateNotification(PhoneStatusBar.java:2428)
05-04 08:35:22.493 E/Icon    ( 4428): 	at com.android.systemui.statusbar.CommandQueue$H.handleMessage(CommandQueue.java:447)
05-04 08:35:22.493 E/Icon    ( 4428): 	at android.os.Handler.dispatchMessage(Handler.java:102)
05-04 08:35:22.493 E/Icon    ( 4428): 	at android.os.Looper.loop(Looper.java:154)
05-04 08:35:22.493 E/Icon    ( 4428): 	at android.app.ActivityThread.main(ActivityThread.java:5462)
05-04 08:35:22.493 E/Icon    ( 4428): 	at java.lang.reflect.Method.invoke(Native Method)
05-04 08:35:22.493 E/Icon    ( 4428): 	at com.android.internal.os.ZygoteInit$MethodAndArgsCaller.run(ZygoteInit.java:739)
05-04 08:35:22.493 E/Icon    ( 4428): 	at com.android.internal.os.ZygoteInit.main(ZygoteInit.java:629)
05-04 08:35:22.576 E/PowerManagerService( 2941): Only X4,X3 support this feature for low power consumption!
05-04 08:37:45.236 E/PowerManagerService( 2941): Only X4,X3 support this feature for low power consumption!
05-04 08:37:45.271 E/DatabaseUtils( 2941): Writing exception to parcel
05-04 08:37:45.271 E/DatabaseUtils( 2941): java.lang.SecurityException: com.sogou.activity.src was not granted  this permission: android.permission.WRITE_SETTINGS.
05-04 08:37:45.271 E/DatabaseUtils( 2941): 	at android.provider.Settings.isCallingPackageAllowedToPerformAppOpsProtectedOperation(Settings.java:8507)
05-04 08:37:45.271 E/DatabaseUtils( 2941): 	at android.provider.Settings.checkAndNoteWriteSettingsOperation(Settings.java:8389)
05-04 08:37:45.271 E/DatabaseUtils( 2941): 	at com.android.providers.settings.SettingsProvider.mutateSystemSetting(SettingsProvider.java:915)
05-04 08:37:45.271 E/DatabaseUtils( 2941): 	at com.android.providers.settings.SettingsProvider.insertSystemSetting(SettingsProvider.java:890)
05-04 08:37:45.271 E/DatabaseUtils( 2941): 	at com.android.providers.settings.SettingsProvider.call(SettingsProvider.java:263)
05-04 08:37:45.271 E/DatabaseUtils( 2941): 	at android.content.ContentProvider$Transport.call(ContentProvider.java:398)
05-04 08:37:45.271 E/DatabaseUtils( 2941): 	at android.content.ContentProviderNative.onTransact(ContentProviderNative.java:283)
05-04 08:37:45.271 E/DatabaseUtils( 2941): 	at android.os.Binder.execTransact(Binder.java:453)
05-04 08:37:45.273 E/DatabaseUtils( 2941): Writing exception to parcel
05-04 08:37:45.273 E/DatabaseUtils( 2941): java.lang.SecurityException: com.sogou.activity.src was not granted  this permission: android.permission.WRITE_SETTINGS.
05-04 08:37:45.273 E/DatabaseUtils( 2941): 	at android.provider.Settings.isCallingPackageAllowedToPerformAppOpsProtectedOperation(Settings.java:8507)
05-04 08:37:45.273 E/DatabaseUtils( 2941): 	at android.provider.Settings.checkAndNoteWriteSettingsOperation(Settings.java:8389)
05-04 08:37:45.273 E/DatabaseUtils( 2941): 	at com.android.providers.settings.SettingsProvider.mutateSystemSetting(SettingsProvider.java:915)
05-04 08:37:45.273 E/DatabaseUtils( 2941): 	at com.android.providers.settings.SettingsProvider.insertSystemSetting(SettingsProvider.java:890)
05-04 08:37:45.273 E/DatabaseUtils( 2941): 	at com.android.providers.settings.SettingsProvider.call(SettingsProvider.java:263)
05-04 08:37:45.273 E/DatabaseUtils( 2941): 	at android.content.ContentProvider$Transport.call(ContentProvider.java:398)
05-04 08:37:45.273 E/DatabaseUtils( 2941): 	at android.content.ContentProviderNative.onTransact(ContentProviderNative.java:283)
05-04 08:37:45.273 E/DatabaseUtils( 2941): 	at android.os.Binder.execTransact(Binder.java:453)
05-04 08:37:45.503 E/Micloud ( 8103): MiCloudServerException
05-04 08:37:45.503 E/Micloud ( 8103): com.xiaomi.accountsdk.request.CipherException: fail to decrypt by aescoder
05-04 08:37:45.503 E/Micloud ( 8103): 	at com.xiaomi.accountsdk.utils.AESCoder.decrypt(AESCoder.java:58)
05-04 08:37:45.503 E/Micloud ( 8103): 	at com.xiaomi.micloudsdk.request.CloudRequestHelper.httpPostRequest(CloudRequestHelper.java:145)
05-04 08:37:45.503 E/Micloud ( 8103): 	at com.xiaomi.micloudsdk.request.CloudRequestHelper.httpPostRequestWithDecodeData(CloudRequestHelper.java:73)
05-04 08:37:45.503 E/Micloud ( 8103): 	at com.xiaomi.micloudsdk.request.Request.execute(Request.java:296)
05-04 08:37:45.503 E/Micloud ( 8103): 	at com.xiaomi.micloudsdk.request.Request.securePost(Request.java:189)
05-04 08:37:45.503 E/Micloud ( 8103): 	at com.xiaomi.micloudsdk.request.Request.securePost(Request.java:181)
05-04 08:37:45.503 E/Micloud ( 8103): 	at com.miui.gallery.util.deviceprovider.BigMiCloudProvider.securePost(BigMiCloudProvider.java:117)
05-04 08:37:45.503 E/Micloud ( 8103): 	at com.miui.gallery.net.GalleryNetwork.performRequest(GalleryNetwork.java:41)
05-04 08:37:45.503 E/Micloud ( 8103): 	at com.android.volley.NetworkDispatcher.run(NetworkDispatcher.java:110)
05-04 08:37:45.503 E/Micloud ( 8103): Caused by: java.lang.IllegalArgumentException: bad base-64
05-04 08:37:45.503 E/Micloud ( 8103): 	at android.util.Base64.decode(Base64.java:161)
05-04 08:37:45.503 E/Micloud ( 8103): 	at android.util.Base64.decode(Base64.java:136)
05-04 08:37:45.503 E/Micloud ( 8103): 	at android.util.Base64.decode(Base64.java:118)
05-04 08:37:45.503 E/Micloud ( 8103): 	at com.xiaomi.accountsdk.utils.AESCoder.decrypt(AESCoder.java:52)
05-04 08:37:45.503 E/Micloud ( 8103): 	... 8 more
05-04 08:37:45.503 E/Micloud ( 8103): CloudServer Exception: 
05-04 08:37:45.503 E/Micloud ( 8103): com.xiaomi.micloudsdk.exception.CloudServerException: status: 0
05-04 08:37:45.503 E/Micloud ( 8103): 	at com.xiaomi.micloudsdk.request.CloudRequestHelper.httpPostRequest(CloudRequestHelper.java:148)
05-04 08:37:45.503 E/Micloud ( 8103): 	at com.xiaomi.micloudsdk.request.CloudRequestHelper.httpPostRequestWithDecodeData(CloudRequestHelper.java:73)
05-04 08:37:45.503 E/Micloud ( 8103): 	at com.xiaomi.micloudsdk.request.Request.execute(Request.java:296)
05-04 08:37:45.503 E/Micloud ( 8103): 	at com.xiaomi.micloudsdk.request.Request.securePost(Request.java:189)
05-04 08:37:45.503 E/Micloud ( 8103): 	at com.xiaomi.micloudsdk.request.Request.securePost(Request.java:181)
05-04 08:37:45.503 E/Micloud ( 8103): 	at com.miui.gallery.util.deviceprovider.BigMiCloudProvider.securePost(BigMiCloudProvider.java:117)
05-04 08:37:45.503 E/Micloud ( 8103): 	at com.miui.gallery.net.GalleryNetwork.performRequest(GalleryNetwork.java:41)
05-04 08:37:45.503 E/Micloud ( 8103): 	at com.android.volley.NetworkDispatcher.run(NetworkDispatcher.java:110)
05-04 08:37:45.504 E/MiuiGallery2_CloudControlRequestHelper( 8103): Request failed, errorCode: NET_ERROR, errorMessage: null, responseData: com.miui.gallery.cloud.GalleryMiCloudServerException.
05-04 08:37:50.165 E/ThermalEngine(  504): Unable to read max frequency from online cpu.
05-04 08:37:50.165 E/ThermalEngine(  504): Failed to set desired CPU[2] frequency limit to 2457600
05-04 08:37:55.522 E/ThermalEngine(  504): Unable to read max frequency from online cpu.
05-04 08:37:55.522 E/ThermalEngine(  504): Failed to set desired CPU[3] frequency limit to 2457600
05-04 08:37:55.571 E/ThermalEngine(  504): Unable to read max frequency from online cpu.
05-04 08:37:55.572 E/ThermalEngine(  504): Failed to set desired CPU[2] frequency limit to 2457600
05-04 08:37:55.580 E/ThermalEngine(  504): Unable to read max frequency from online cpu.
05-04 08:37:55.581 E/ThermalEngine(  504): Failed to set desired CPU[1] frequency limit to 2457600
05-04 08:38:03.648 E/PowerManagerService( 2941): Only X4,X3 support this feature for low power consumption!
05-04 08:38:03.651 E/PowerManagerService( 2941): Only X4,X3 support this feature for low power consumption!
05-04 08:38:04.691 E/PowerManagerService( 2941): Only X4,X3 support this feature for low power consumption!
05-04 08:38:08.136 E/ThermalEngine(  504): Unable to read max frequency from online cpu.
05-04 08:38:08.136 E/ThermalEngine(  504): Failed to set desired CPU[3] frequency limit to 2457600
05-04 08:38:08.151 E/ThermalEngine(  504): Unable to read max frequency from online cpu.
05-04 08:38:08.151 E/ThermalEngine(  504): Failed to set desired CPU[2] frequency limit to 2457600
05-04 08:38:08.186 E/ThermalEngine(  504): Unable to read max frequency from online cpu.
05-04 08:38:08.186 E/ThermalEngine(  504): Failed to set desired CPU[1] frequency limit to 2457600
05-04 08:38:08.629 E/PowerManagerService( 2941): Only X4,X3 support this feature for low power consumption!
05-04 08:38:08.890 E/PowerManagerService( 2941): Only X4,X3 support this feature for low power consumption!
05-04 08:40:23.412 E/PowerManagerService( 2941): Only X4,X3 support this feature for low power consumption!
05-04 08:40:23.475 E/PowerManagerService( 2941): Only X4,X3 support this feature for low power consumption!
05-04 08:40:23.531 E/ThermalEngine(  504): Unable to read max frequency from online cpu.
05-04 08:40:23.531 E/ThermalEngine(  504): Failed to set desired CPU[2] frequency limit to 2457600
05-04 08:42:14.072 E/PowerManagerService( 2941): Only X4,X3 support this feature for low power consumption!
05-04 08:42:14.086 E/DatabaseUtils( 2941): Writing exception to parcel
05-04 08:42:14.086 E/DatabaseUtils( 2941): java.lang.SecurityException: com.sogou.activity.src was not granted  this permission: android.permission.WRITE_SETTINGS.
05-04 08:42:14.086 E/DatabaseUtils( 2941): 	at android.provider.Settings.isCallingPackageAllowedToPerformAppOpsProtectedOperation(Settings.java:8507)
05-04 08:42:14.086 E/DatabaseUtils( 2941): 	at android.provider.Settings.checkAndNoteWriteSettingsOperation(Settings.java:8389)
05-04 08:42:14.086 E/DatabaseUtils( 2941): 	at com.android.providers.settings.SettingsProvider.mutateSystemSetting(SettingsProvider.java:915)
05-04 08:42:14.086 E/DatabaseUtils( 2941): 	at com.android.providers.settings.SettingsProvider.insertSystemSetting(SettingsProvider.java:890)
05-04 08:42:14.086 E/DatabaseUtils( 2941): 	at com.android.providers.settings.SettingsProvider.call(SettingsProvider.java:263)
05-04 08:42:14.086 E/DatabaseUtils( 2941): 	at android.content.ContentProvider$Transport.call(ContentProvider.java:398)
05-04 08:42:14.086 E/DatabaseUtils( 2941): 	at android.content.ContentProviderNative.onTransact(ContentProviderNative.java:283)
05-04 08:42:14.086 E/DatabaseUtils( 2941): 	at android.os.Binder.execTransact(Binder.java:453)
05-04 08:42:14.089 E/DatabaseUtils( 2941): Writing exception to parcel
05-04 08:42:14.089 E/DatabaseUtils( 2941): java.lang.SecurityException: com.sogou.activity.src was not granted  this permission: android.permission.WRITE_SETTINGS.
05-04 08:42:14.089 E/DatabaseUtils( 2941): 	at android.provider.Settings.isCallingPackageAllowedToPerformAppOpsProtectedOperation(Settings.java:8507)
05-04 08:42:14.089 E/DatabaseUtils( 2941): 	at android.provider.Settings.checkAndNoteWriteSettingsOperation(Settings.java:8389)
05-04 08:42:14.089 E/DatabaseUtils( 2941): 	at com.android.providers.settings.SettingsProvider.mutateSystemSetting(SettingsProvider.java:915)
05-04 08:42:14.089 E/DatabaseUtils( 2941): 	at com.android.providers.settings.SettingsProvider.insertSystemSetting(SettingsProvider.java:890)
05-04 08:42:14.089 E/DatabaseUtils( 2941): 	at com.android.providers.settings.SettingsProvider.call(SettingsProvider.java:263)
05-04 08:42:14.089 E/DatabaseUtils( 2941): 	at android.content.ContentProvider$Transport.call(ContentProvider.java:398)
05-04 08:42:14.089 E/DatabaseUtils( 2941): 	at android.content.ContentProviderNative.onTransact(ContentProviderNative.java:283)
05-04 08:42:14.089 E/DatabaseUtils( 2941): 	at android.os.Binder.execTransact(Binder.java:453)
05-04 08:42:14.128 E/PowerManagerService( 2941): Only X4,X3 support this feature for low power consumption!
05-04 08:44:06.458 E/PowerManagerService( 2941): Only X4,X3 support this feature for low power consumption!
05-04 08:44:06.521 E/PowerManagerService( 2941): Only X4,X3 support this feature for low power consumption!
05-04 08:45:22.127 E/PowerManagerService( 2941): Only X4,X3 support this feature for low power consumption!
05-04 08:45:22.191 E/PowerManagerService( 2941): Only X4,X3 support this feature for low power consumption!
05-04 08:46:04.802 E/wpa_supplicant( 4440): eap_proxy: eap_proxy_notify_config
05-04 08:46:04.816 E/WifiConfigStore( 2941): saveWifiConfigBSSID Setting BSSID for "RJYFZX-Wifi-01"-WPA_PSK to any
05-04 08:46:04.816 E/wifi_gbk2utf( 2941): g_pItemList is NULL
05-04 08:46:04.824 E/native  ( 2941): do suspend true
05-04 08:46:04.851 E/PowerManagerService( 2941): Only X4,X3 support this feature for low power consumption!
05-04 08:46:04.919 E/PowerManagerService( 2941): Only X4,X3 support this feature for low power consumption!
05-04 08:46:04.919 E/PowerManagerService( 2941): Only X4,X3 support this feature for low power consumption!
05-04 08:46:04.919 E/ThermalEngine(  504): Unable to read max frequency from online cpu.
05-04 08:46:04.919 E/ThermalEngine(  504): Failed to set desired CPU[1] frequency limit to 2457600
05-04 08:46:04.920 E/IzatSvc_OSObserver( 2941): I/LocTech-Label :: OSOBSERVER :: Data Items In
05-04 08:46:04.920 E/IzatSvc_OSObserver( 2941): I/LocTech-Value :: Data Item Value: Attach state: 0, Mac address valid: false, AP MAC address: [00:00:00:00:00:00], Wifi-Ap SSID Valid: false, SSID: 
05-04 08:46:04.920 E/LocSvc_api_v02( 2941): I/---> locClientSendReq line 2020 QMI_LOC_NOTIFY_WIFI_ATTACHMENT_STATUS_REQ_V02
05-04 08:46:04.922 E/LocSvc_LBSApiV02( 2941): E/virtual int lbs_core::LBSApiV02::wifiAttachmentStatusInject(const WifiSupplicantInfo&):660]: Error : st = 11, ind.status = -1227643500
05-04 08:46:04.932 E/PowerManagerService( 2941): Only X4,X3 support this feature for low power consumption!
05-04 08:46:04.935 E/OpenWifiLogin(11049): mNetwork.equals(lostNetwork)
05-04 08:46:05.006 E/ActivityManager( 2941): Invalid thumbnail dimensions: 0x0
05-04 08:46:05.023 E/PowerManagerService( 2941): Only X4,X3 support this feature for low power consumption!
05-04 08:46:05.036 E/MiAssistantManager( 4881): activeLink is null
05-04 08:46:05.037 E/IzatSvc_OSObserver( 2941): I/LocTech-Label :: OSOBSERVER :: Data Items In
05-04 08:46:05.037 E/IzatSvc_OSObserver( 2941): I/LocTech-Value :: Data Item Value: ACTIVE_NETWORK_INFO::TYPE: 300, TYPE_NAME: , SUB_TYPE_NAME: , IS_AVAILABLE: false, IS_CONNECTED: false, IS_ROAMING: false
05-04 08:46:05.061 E/QHStatAgent_CommonUtil(10969): 2.3.0 Network error
05-04 08:46:05.064 E/QHStatAgent_CommonUtil( 7427): 2.3.0 Network error
05-04 08:46:05.066 E/QHStatAgent_CommonUtil(14418): 2.4.5 Network error
05-04 08:46:05.079 E/QHStatAgent_CommonUtil(14450): 2.4.5 Network error
05-04 08:46:05.103 E/QHStatAgent_CommonUtil( 8045): 2.3.0 Network error
05-04 08:46:05.190 E/Netd    (  452): netlink response contains error (No such file or directory)
05-04 08:46:05.231 E/QHStatAgent_CommonUtil(10142): 2.3.0 Network error
05-04 08:46:05.259 E/DCM     (10142): falseonNetworkChanged
05-04 08:46:05.618 E/QHStatAgent(14418): 2.4.5 : p=sdk&content=H4sIAAAAAAAAAI1SS24UMRC9SuT1MCrb5V/vEMoCiYQFs0BCLNz+MC3SH6abUZLRHAC4AhfgCtyHnIOqToSyxLJkv6rnclW9Ool9ibkcRHMS/SgacfX64vrt7vLize5SbMQxiUYDgAOwsBF9JAaoBuD5Jt58JIfa4tYQWDoCEoP2xjtraDmyjjNZ45APY5f5RWISeLiVQXGIkUPYLWwlga4nQGcvn07Fjy2qFCHrGpJsMbZowCK2xuiqk0zEK7cLVzL+Lz9SLo3IWeUovY8YDbaYA0JAlUNxxaNGzemuRAeqeG0Mel1tRWtlhaBbZ6hDWnkus1+JtarWakgZMtpoI2hADyB1cFUZxcTlXjR+I6ZJNJISJwWEBiXO9Newmm7mlbDMK2pXcd5d+eCQXieqc20xgtc6gKMGTo+9Ssx8dU23gWNaePj24+Hn7z/ff9GFrUU0LyhiX8n9votj35G1PTxHNyz0/Z6j7dfEaLEuE9vT2G+/dPtx3MZpmpfxUMjzmWkobXSmYioxSAgGXIop+6KqiqVyw5f4iXXn0eLsHOltWf2b4xPSillcnbfUi+VuKmv9Szn03RAXQh9OYi7z3I0cwRhpgsnWmYDSo/JJkciyNd6jr5bnMQ8LFad8UBvxdeI7SgeGajsUCrjr+vLYTCetd14p8+y7Ry/NfkxLd+yWO56vq9gNL/9htEGfzx/PfwFQXytOTAMAAA==
05-04 08:46:05.649 E/DatabaseUtils( 2941): Writing exception to parcel
05-04 08:46:05.649 E/DatabaseUtils( 2941): java.lang.SecurityException: com.sogou.activity.src was not granted  this permission: android.permission.WRITE_SETTINGS.
05-04 08:46:05.649 E/DatabaseUtils( 2941): 	at android.provider.Settings.isCallingPackageAllowedToPerformAppOpsProtectedOperation(Settings.java:8507)
05-04 08:46:05.649 E/DatabaseUtils( 2941): 	at android.provider.Settings.checkAndNoteWriteSettingsOperation(Settings.java:8389)
05-04 08:46:05.649 E/DatabaseUtils( 2941): 	at com.android.providers.settings.SettingsProvider.mutateSystemSetting(SettingsProvider.java:915)
05-04 08:46:05.649 E/DatabaseUtils( 2941): 	at com.android.providers.settings.SettingsProvider.insertSystemSetting(SettingsProvider.java:890)
05-04 08:46:05.649 E/DatabaseUtils( 2941): 	at com.android.providers.settings.SettingsProvider.call(SettingsProvider.java:263)
05-04 08:46:05.649 E/DatabaseUtils( 2941): 	at android.content.ContentProvider$Transport.call(ContentProvider.java:398)
05-04 08:46:05.649 E/DatabaseUtils( 2941): 	at android.content.ContentProviderNative.onTransact(ContentProviderNative.java:283)
05-04 08:46:05.649 E/DatabaseUtils( 2941): 	at android.os.Binder.execTransact(Binder.java:453)
05-04 08:46:05.651 E/DatabaseUtils( 2941): Writing exception to parcel
05-04 08:46:05.651 E/DatabaseUtils( 2941): java.lang.SecurityException: com.sogou.activity.src was not granted  this permission: android.permission.WRITE_SETTINGS.
05-04 08:46:05.651 E/DatabaseUtils( 2941): 	at android.provider.Settings.isCallingPackageAllowedToPerformAppOpsProtectedOperation(Settings.java:8507)
05-04 08:46:05.651 E/DatabaseUtils( 2941): 	at android.provider.Settings.checkAndNoteWriteSettingsOperation(Settings.java:8389)
05-04 08:46:05.651 E/DatabaseUtils( 2941): 	at com.android.providers.settings.SettingsProvider.mutateSystemSetting(SettingsProvider.java:915)
05-04 08:46:05.651 E/DatabaseUtils( 2941): 	at com.android.providers.settings.SettingsProvider.insertSystemSetting(SettingsProvider.java:890)
05-04 08:46:05.651 E/DatabaseUtils( 2941): 	at com.android.providers.settings.SettingsProvider.call(SettingsProvider.java:263)
05-04 08:46:05.651 E/DatabaseUtils( 2941): 	at android.content.ContentProvider$Transport.call(ContentProvider.java:398)
05-04 08:46:05.651 E/DatabaseUtils( 2941): 	at android.content.ContentProviderNative.onTransact(ContentProviderNative.java:283)
05-04 08:46:05.651 E/DatabaseUtils( 2941): 	at android.os.Binder.execTransact(Binder.java:453)
05-04 08:46:05.664 E/QHStatAgent(14418): 2.4.5 : p=sdk&content=H4sIAAAAAAAAAI1TzYrVMBh9lZL1tXz5T7oTmYXgjAtHEMRFmqTe4G1Tb+N1frjgVn0DmRfwFcSnEZytr+CXziCztBSa8+Xk5Ps5vSbb6ELck+6ajJl05PRpc/b8/KR5dn5CNuTgSccBQAMo2JDRIQNYB/DwRd5ywA3WilYiKAkBFZYbabSS+GiM5gWjbgr7nEI94SsJDFxQy6pErhKqhZYiSCMC/I70/svqYSWYdxD4YD3theuFBCVELyUfuKceefGi1Ery//Id5tKREFhw1BgnnBS9CFaAFSzYqKMRXPCa7krUwKLhUgrDBzUIpegAlvdaYoc4M7XMcSUOA+sVBx8gCOWUAw7CAFBu9cAkq8RyRTqzIfNMOoqJ4wTIy8n1u9iU3OzjkneH2GzzUppfn27mdmm5gtZPCP78/Nac5caFgLSlccuSfXIlhuZjKtv1zOTGSI6Y9rSq75b1rrKsqF/n/OLUWC0wEY8tW6clwHBuQeMs5ru2+8p8coYr1CGYwO3nr7c3P35/+Y6LGo2ke4SK44Dbr5LLY8Jov3+IdtUzV9uqtq0i6CaoI55r3OexfZ+2ObdunpeS9xF33lWaoMppOQgfnaVgJWjvfDCRDczFoc6uuLfVQtWlNTuN1lHVSLvDPeKssmp1RmEvyuUc1/pL3I9pwoaR7vU1WbCHKVcFKam0MigtraBGMOMZ+oX20hhhBlWtHaaCxTFj2YZ8mOtaUA0Sa9tHFDxPY7xrpqbKaMOYfHDd3S7+Rs6XdEjlslr11KXp8T8slOXH45vjXzsIag6XAwAA
05-04 08:46:05.675 E/ConnectivityService( 2941): RemoteException caught trying to send a callback msg for NetworkRequest [ id=22, legacyType=-1, [ Capabilities: INTERNET&NOT_RESTRICTED&TRUSTED] ]
05-04 08:46:08.113 E/ThermalEngine(  504): Unable to read max frequency from online cpu.
05-04 08:46:08.114 E/ThermalEngine(  504): Failed to set desired CPU[3] frequency limit to 2457600
05-04 08:46:10.114 E/ThermalEngine(  504): Unable to read max frequency from online cpu.
05-04 08:46:10.114 E/ThermalEngine(  504): Failed to set desired CPU[3] frequency limit to 2457600
05-04 08:46:10.719 E/DnsProxyListener(  452): block dns query from uid = 10097
05-04 08:46:10.816 E/ThermalEngine(  504): Unable to read max frequency from online cpu.
05-04 08:46:10.817 E/ThermalEngine(  504): Failed to set desired CPU[2] frequency limit to 2457600
05-04 08:46:15.721 E/DnsProxyListener(  452): block dns query from uid = 10097
05-04 08:46:17.731 E/wpa_supplicant( 4440): eap_proxy: eap_proxy_notify_config
05-04 08:46:17.757 E/wpa_supplicant( 4440): eap_proxy: eap_proxy_notify_config
05-04 08:46:17.757 E/wpa_supplicant( 4440): eap_proxy: eap_proxy_allowed_method
05-04 08:46:17.773 E/ThermalEngine(  504): Unable to read max frequency from online cpu.
05-04 08:46:17.773 E/ThermalEngine(  504): Failed to set desired CPU[3] frequency limit to 2457600
05-04 08:46:17.783 E/IzatSvc_OSObserver( 2941): I/LocTech-Label :: OSOBSERVER :: Data Items In
05-04 08:46:17.783 E/IzatSvc_OSObserver( 2941): I/LocTech-Value :: Data Item Value: Attach state: 5, Mac address valid: false, AP MAC address: [00:00:00:00:00:00], Wifi-Ap SSID Valid: false, SSID: 
05-04 08:46:17.861 E/ThermalEngine(  504): Unable to read max frequency from online cpu.
05-04 08:46:17.862 E/ThermalEngine(  504): Failed to set desired CPU[2] frequency limit to 2457600
05-04 08:46:17.891 E/IzatSvc_OSObserver( 2941): I/LocTech-Label :: OSOBSERVER :: Data Items In
05-04 08:46:17.891 E/IzatSvc_OSObserver( 2941): I/LocTech-Value :: Data Item Value: Attach state: 6, Mac address valid: false, AP MAC address: [00:00:00:00:00:00], Wifi-Ap SSID Valid: false, SSID: 
05-04 08:46:17.980 E/IzatSvc_OSObserver( 2941): I/LocTech-Label :: OSOBSERVER :: Data Items In
05-04 08:46:17.980 E/IzatSvc_OSObserver( 2941): I/LocTech-Value :: Data Item Value: Attach state: 7, Mac address valid: false, AP MAC address: [00:00:00:00:00:00], Wifi-Ap SSID Valid: false, SSID: 
05-04 08:46:18.006 E/WifiConfigStore( 2941): saveWifiConfigBSSID Setting BSSID for "RJYFZX-Wifi-02"-WPA_PSK to any
05-04 08:46:18.006 E/wifi_gbk2utf( 2941): g_pItemList is NULL
05-04 08:46:18.025 E/WifiConfigStore( 2941): saveWifiConfigBSSID Setting BSSID for "RJYFZX-Wifi-02"-WPA_PSK to any
05-04 08:46:18.025 E/wifi_gbk2utf( 2941): g_pItemList is NULL
05-04 08:46:18.041 E/IzatSvc_OSObserver( 2941): I/LocTech-Label :: OSOBSERVER :: Data Items In
05-04 08:46:18.041 E/IzatSvc_OSObserver( 2941): I/LocTech-Value :: Data Item Value: Attach state: 8, Mac address valid: false, AP MAC address: [00:00:00:00:00:00], Wifi-Ap SSID Valid: false, SSID: 
05-04 08:46:18.044 E/IzatSvc_OSObserver( 2941): I/LocTech-Label :: OSOBSERVER :: Data Items In
05-04 08:46:18.044 E/IzatSvc_OSObserver( 2941): I/LocTech-Value :: Data Item Value: Attach state: 9, Mac address valid: true, AP MAC address: [74:1f:4a:cd:93:27], Wifi-Ap SSID Valid: true, SSID: RJYFZX-Wifi-02
05-04 08:46:18.044 E/LocSvc_api_v02( 2941): I/---> locClientSendReq line 2020 QMI_LOC_NOTIFY_WIFI_ATTACHMENT_STATUS_REQ_V02
05-04 08:46:18.047 E/LocSvc_LBSApiV02( 2941): E/virtual int lbs_core::LBSApiV02::wifiAttachmentStatusInject(const WifiSupplicantInfo&):660]: Error : st = 11, ind.status = -1227643500
05-04 08:46:18.065 E/ThermalEngine(  504): Unable to read max frequency from online cpu.
05-04 08:46:18.065 E/ThermalEngine(  504): Failed to set desired CPU[1] frequency limit to 2457600
05-04 08:46:18.074 E/native  ( 2941): do suspend false
05-04 08:46:18.100 E/native  ( 2941): do suspend true
05-04 08:46:18.178 E/WifiStateMachine( 2941): Did not find remoteAddress {10.167.170.254} in /proc/net/arp
05-04 08:46:18.212 E/ConnectivityService( 2941): Unexpected mtu value: 0, wlan0
05-04 08:46:18.350 E/IzatSvc_OSObserver( 2941): I/LocTech-Label :: OSOBSERVER :: Data Items In
05-04 08:46:18.350 E/IzatSvc_OSObserver( 2941): I/LocTech-Value :: Data Item Value: ACTIVE_NETWORK_INFO::TYPE: 100, TYPE_NAME: WIFI, SUB_TYPE_NAME: , IS_AVAILABLE: true, IS_CONNECTED: true, IS_ROAMING: false
05-04 08:46:18.355 E/WifiConfigStore( 2941):  rewrite network history for "RJYFZX-Wifi-02"-WPA_PSK
05-04 08:46:18.458 E/DCM     (10142): falseonNetworkChanged
05-04 08:46:18.496 E/IPCThreadState( 2941): binder thread pool (15 threads) starved for 30 ms
05-04 08:46:18.496 E/DCM     (10142): 
05-04 08:46:18.532 E/IPCThreadState( 2941): binder thread pool (15 threads) starved for 35 ms
05-04 08:46:18.562 E/##XLogger##( 5979): #&^fdH7LaVugbjiblJdwS/TP1tpKVlEwcn1e5uYf53+fpteSbxnPopXwGocFdyCK4odQGqoIBTSYTshw6uuEdXzKytDfMMKUg8K9FOJMpZ2dg8y+uR+YK/jBfrpF7HcIO7YgdgUeJHtp914E43HOi+KC4iv1JuKXOGrTzrQIxCOeiM=!!FNzl2L3Qy9H57QdGxQTbGqwDSLDgJ8otbs0O/7e5sBUXS9xvt12K2auQnlHn8nS6EFqQZAS2itejWPgntiq+zorwA2xbHrZI7gT3ztPXw2eHwJS46lVrFjJCmut3GJee6eioQQfNdyZ2Vn7e8mLe1W1tMUwtbCYg+JCe3hLG6qanU8kLP4daQDmK2jbOko03NO+perZIpn7wRwh7MVdg8A==^&#
05-04 08:46:18.587 E/##XLogger##( 5979): #&^fdH7LaVugbjiblJdwS/TP1tpKVlEwcn1e5uYf53+fpteSbxnPopXwGocFdyCK4odQGqoIBTSYTshw6uuEdXzKytDfMMKUg8K9FOJMpZ2dg8y+uR+YK/jBfrpF7HcIO7YgdgUeJHtp914E43HOi+KC4iv1JuKXOGrTzrQIxCOeiM=!!AvcGQqviNTgms3M2wzaHBPR1hgOET7QjPU0jVnKaDyKvcd1JnbM9xjpYRX23uDgGcRGTFI5I6r/ZBNlkZ2VjCR5JPQYwLqkcOD00hzBFHNxJfI6WH9Mp08Db7OQ3KzeqJn+Hhw9uW8GZtaGe6ZCEbfKzicT2q1bhrd5u5jYwICFZsmcF4WWjhtvRTaxFl+Ig7O5eWeDu1uSWI4sJvcI8fOe3c6yiZoajcZ9ZrJcu34KTdFhD8UaUMg0QugcjYEbpfMdmULKvipZJ49ZXTsaarV9br1p9LaM4VjoqAMjEcUY=^&#
05-04 08:46:18.590 E/ActivityManager( 2941): Invalid thumbnail dimensions: 0x0
05-04 08:46:18.658 E/##XLogger##( 5979): #&^fdH7LaVugbjiblJdwS/TP1tpKVlEwcn1e5uYf53+fpteSbxnPopXwGocFdyCK4odQGqoIBTSYTshw6uuEdXzKytDfMMKUg8K9FOJMpZ2dg8y+uR+YK/jBfrpF7HcIO7YgdgUeJHtp914E43HOi+KC4iv1JuKXOGrTzrQIxCOeiM=!!FNzl2L3Qy9H57QdGxQTbGo8YvpyMpFs8Te2LCoDbIpEli8sZG2osRUMbS4F3tZiReQ9MydX/6J3qxL2gtWH1Fln5oot4Ma4AWz8MC3GoxrbuDKBfSsYGlaAQLC6Vlum07SkSRo1WDGa33XVsOgzAEVYyWRXSn3qFU45UPMG7eqY4eQruIAGC4dysW4DxpWUGSZbo28FmpCvU7Mlx8R7wl1LgKI2RfdRiVy6Wo4M98KD+ocI1PTD8NyAqTiqIp2y88KObqjtYrikSZ410m/+0rpOkfMsDrUiBO5tI+Ijz30Fl1qzfZuNu3AG5F86E+sI5fxyyoO5d3Dr9VoH6NzY5y2ugX2waZ/lcvjbDgCxhyqAOjQywLJRBiWLqaVzby3kg^&#
05-04 08:46:18.680 E/Icon    ( 4428): Unable to load resource 0xffffffff from pkg=com.xiaomi.xmsf
05-04 08:46:18.680 E/Icon    ( 4428): android.content.res.Resources$NotFoundException: Resource ID #0xffffffff
05-04 08:46:18.680 E/Icon    ( 4428): 	at android.content.res.Resources.getValue(Resources.java:1369)
05-04 08:46:18.680 E/Icon    ( 4428): 	at android.content.res.MiuiResources.getValue(MiuiResources.java:145)
05-04 08:46:18.680 E/Icon    ( 4428): 	at android.content.res.Resources.getDrawable(Resources.java:822)
05-04 08:46:18.680 E/Icon    ( 4428): 	at android.graphics.drawable.Icon.loadDrawableInner(Icon.java:313)
05-04 08:46:18.680 E/Icon    ( 4428): 	at android.graphics.drawable.Icon.loadDrawable(Icon.java:269)
05-04 08:46:18.680 E/Icon    ( 4428): 	at android.widget.ImageView.setImageIcon(ImageView.java:498)
05-04 08:46:18.680 E/Icon    ( 4428): 	at java.lang.reflect.Method.invoke(Native Method)
05-04 08:46:18.680 E/Icon    ( 4428): 	at android.widget.RemoteViews$ReflectionAction.apply(RemoteViews.java:1296)
05-04 08:46:18.680 E/Icon    ( 4428): 	at android.widget.RemoteViews.performApply(RemoteViews.java:2804)
05-04 08:46:18.680 E/Icon    ( 4428): 	at android.widget.RemoteViews.apply(RemoteViews.java:2764)
05-04 08:46:18.680 E/Icon    ( 4428): 	at com.android.systemui.statusbar.BaseStatusBar.inflateViews(BaseStatusBar.java:635)
05-04 08:46:18.680 E/Icon    ( 4428): 	at com.android.systemui.statusbar.BaseStatusBar.addNotificationViews(BaseStatusBar.java:1012)
05-04 08:46:18.680 E/Icon    ( 4428): 	at com.android.systemui.statusbar.phone.PhoneStatusBar.addNotification(PhoneStatusBar.java:1825)
05-04 08:46:18.680 E/Icon    ( 4428): 	at com.android.systemui.statusbar.CommandQueue$H.handleMessage(CommandQueue.java:442)
05-04 08:46:18.680 E/Icon    ( 4428): 	at android.os.Handler.dispatchMessage(Handler.java:102)
05-04 08:46:18.680 E/Icon    ( 4428): 	at android.os.Looper.loop(Looper.java:154)
05-04 08:46:18.680 E/Icon    ( 4428): 	at android.app.ActivityThread.main(ActivityThread.java:5462)
05-04 08:46:18.680 E/Icon    ( 4428): 	at java.lang.reflect.Method.invoke(Native Method)
05-04 08:46:18.680 E/Icon    ( 4428): 	at com.android.internal.os.ZygoteInit$MethodAndArgsCaller.run(ZygoteInit.java:739)
05-04 08:46:18.680 E/Icon    ( 4428): 	at com.android.internal.os.ZygoteInit.main(ZygoteInit.java:629)
05-04 08:46:18.723 E/##XLogger##( 5979): #&^fdH7LaVugbjiblJdwS/TP1tpKVlEwcn1e5uYf53+fpteSbxnPopXwGocFdyCK4odQGqoIBTSYTshw6uuEdXzKytDfMMKUg8K9FOJMpZ2dg8y+uR+YK/jBfrpF7HcIO7YgdgUeJHtp914E43HOi+KC4iv1JuKXOGrTzrQIxCOeiM=!!AvcGQqviNTgms3M2wzaHBPR1hgOET7QjPU0jVnKaDyKvcd1JnbM9xjpYRX23uDgGcRGTFI5I6r/ZBNlkZ2VjCR5JPQYwLqkcOD00hzBFHNxxK2VvikpmOdAMsH2sflz6YchFqwCrHZSE4+eKLvsbpZfJj7S4V1RhX6vm13ghe0JYBwPTxh1bV3D9xegnNYalhGeUbtRHBMm8dO5/54c1yk/3Q7AtN6rIzoT8xGK9vWzyttcL2XMOP1Jreh4BeStSIBx4MxZ+1HRsQUKesevUGNQUJlpXYOD3CJmvHGHMGCI=^&#
05-04 08:46:18.724 E/##XLogger##( 5979): #&^fdH7LaVugbjiblJdwS/TP1tpKVlEwcn1e5uYf53+fpteSbxnPopXwGocFdyCK4odQGqoIBTSYTshw6uuEdXzKytDfMMKUg8K9FOJMpZ2dg8y+uR+YK/jBfrpF7HcIO7YgdgUeJHtp914E43HOi+KC4iv1JuKXOGrTzrQIxCOeiM=!!AvcGQqviNTgms3M2wzaHBPR1hgOET7QjPU0jVnKaDyKvcd1JnbM9xjpYRX23uDgGcRGTFI5I6r/ZBNlkZ2VjCR5JPQYwLqkcOD00hzBFHNxHBkRahL2Volw3u1tDdjlDVBInCT0ZBAOPYr4YbGj0vf6lOWgUa01lZiYDB8DDt+gYNHKkirZv5sTEG0lvVSrkazocG+YQDykb3a2yBzUFPZAGCVPp9K6TGtYnSEON25wca7fKeEx5o+Wx9y9PzcWfm8ThIVEIMSNehrxmmb6y7njlzHAVkcO9QEPQiciGqbs=^&#
05-04 08:46:18.748 E/##XLogger##( 5979): #&^fdH7LaVugbjiblJdwS/TP1tpKVlEwcn1e5uYf53+fpteSbxnPopXwGocFdyCK4odQGqoIBTSYTshw6uuEdXzKytDfMMKUg8K9FOJMpZ2dg8y+uR+YK/jBfrpF7HcIO7YgdgUeJHtp914E43HOi+KC4iv1JuKXOGrTzrQIxCOeiM=!!AvcGQqviNTgms3M2wzaHBPR1hgOET7QjPU0jVnKaDyKvcd1JnbM9xjpYRX23uDgGcRGTFI5I6r/ZBNlkZ2VjCUS92xUBnt3uYsWqC1INw56kEzduw/AkVLLAgU9vLvrR4v+TiP7SG/sJq65X9i1wZLP8pQ426Z8NYT+7bMgeSxUckxWtj6Ere9NP5ybojPliYhSQDu8+iIXgQQwT0YHWRNwXm38qeEHV61iRQrl2XipCMK7vyzFuuEdeKgeqcuQLY/gWFhpFN9prljFVwYowhJXIac5GLbGDWKTToM/boqUVfys1O+OmqiRWmaljVDMgBfUezm5KB9Wa+VkDUHP4j7XaRuuaZnP94mQgxccjNkEgCLIbiU3JxjwrKR2FCIuLd0blLULnPUtzWxqKhTHchjsP/Htq9TpMGz3kPif9tUuna3WEhMUtzGB4gqrz7kyuL/qSSxk2z47R122/UuZpNQ2F/pMHOFQ9Zu8Eyg4LPl5AJfvdP+6Ur/jHvDQOBYWKR11I/5RyBEMGMs0ogRdJJnQoFiBePbYRM+emJI3cQjqInfGKqZu9gRZymoUJEtpINuqXBUwWUutsWBoHTcEBEEfT6xsoI18+oi5wa3CY8Tt4q77R0ofqyfIqZd2ofYop87vNF1LrrFWFPmWEMHQ6zGCf/KO16nM2II8h5uM5mynwWPh43lBxLunBoX4OpN5jd6WifAWwidrxfpmEDzqsQjVHtPk5QTVCN/6MFZoF0jk3dQVMqDHoC/u+ZUkP9y1JKO5ebHEflvXwwd90D9Ef9UUp4m+cAh8aBgbZKnxJ361n6cLTvfB8hVdzKxtwmfL/VoU/tr4EWB4PA/M+m2KRObw+9bViSQORxHNsXIwLSh49tTYrets21riMZBxmZDTDCsvX4mgdTMEBkRUDeXvhBB3sl/sFGUe39BaVCSs6BMgFrn6tMPGRPGLnyC68JH67oHLuczbAU58miDz8and8p2/jikz4dAylEZJPaPw6fWm9Q+FPkvqzVA0m//wTvcJhkHKIU2IdQfVVu11C90NYkzTSXKOSec+dRlI5Oh9RDq3f1Sqax/Pa0a3fgC/hC2i+UGyyat6L2ADjGo4y3chnSResxrjnM1SGN8D28jqzQ/Tc5fMKNLghLqPlu66BkK6dVXfVD4ZGMZwDtIq82zzCP+PwC+Duqf7Z+UvZmoYt1k6xdY9vdjv6EJ7uvBQwBAZL10milsFlYc4i4tE7QDSlBUfp7ak397QvQrdO9ctPdZCibvyeJx+cYz2g8cscD3YQQeWolowepyCzfZVAlWiLPyL4FXXYmtkaqdECPb9oLLS0Y182KFjn4PTuqzfm2ALe3xScyXlZnu7uY3R7sUV2vFIw0SytmCuKxTTUVB1L+XrZLrgvsg8EcxaOO/zAm0ocfIquyVGTIqsQLBRouG0bfZ/N1boWpVhyvq2lSNCutVuFCBwgVjGRp/jGcsLIDu47xJ9B9dI+8HAXbD0yHrwqxch0LCqYPUBxuJl8qMvtGgTLfcp6HrIreYz0gFzhyTvfXjw+4Gw4dcYx906m+WHsBetv0VWBqShq69gODl2h10Uss8CIX6TRFTyEGH9VKyJAKed98guOn8WweeuSXdcGxbHJgervqOexf0d2nQHQd/rugTnH3026tqCGiHuLcBVZeOYymzvw5IV0QltxWS4jfumphG5gNx3xuqlw0IRx1Zck1eiWuYZX2fPUXR24dcTyqkN5Obk5H1u0aGo1sh2aOWefljB//OxUwF/oMHGa6FwFebFH2F1t78HbsWJko2/60lD159ctLvBv2yPPsmNXjkP7P9NKrK40Whz7OXz6gyVQg6K60vTXoT8PRkdW371RDX113Y9rRprnaut1QJ+D8F3DCThajoKLvthrQsw7ZgquqFSbvQ/vfGvjAcoetaDwlK6Dzq+RmjscpPXy59yk9V9HfmZvsSdnjhq629v9bMQFBsqEnXw3v93S2RNGJr+b6vFc4yH21fCJJls9co/c8icH/y/9UomwPkD59WuDZ4vY2zCww2GNW8pXosyYdkzD8MBMkeqmnJd5YNLiPsZ1BzdEBJSpE9HvoqzXzmPYh3Og6HdiqNQD/6iIX/yPEA7/5PLdCnkCcTJD8DVZXFLye6hrt3cbNue+f4SDKCnn14k22eSmo4xuvKoqTwP2E4L51qwiOVLONV59f6XO+e5hb2FbdmSZjlHbrTm2ImFF4goCYsZqmSX2F1AoriA/UlQKb9jqxrV1weOCzRp0V3+Nhsc5dhQq+9fZUuYkaNaowhkDW+3KEB9toGsPQp1x0rcxex1rw8DY4tSOH6+kQz6XIPdYmgjCQKzXUDiiUPFusMeYOkaE+cZ1SEm9V6RTGt23ukPnil+S8aTnJGBjYPDV2x/hQsbaqDSS1f9i5v2RNjnwC/84oPuZ7aC7qdVqSLCy5LACZ4XjrfbTOlGfxnCuPXRkvu67QbNhWUT6SAHUYdnaWMGHXQvgTGWNCxIktT+uj2bdkIcGMHZYL32Eno+ysc6px8DdW1YptLSlje7xhynFteiAWjThDotz7zCnpcULmyR3g9CCVSfBJ2JoyjSQryAhc/Id/IyGAeQsxsitG9YoubusJpdP/73FUjKnb8iievBxScQVFx/L3oCYAXjQYYXL1x4EvmA2dFgZpPRzB+x13B/Ef99yByE/EgmdHm+3gEBijG7rhJffadH3R/Hp5XO6YJaez3ken97zJRrlbwFh12NaU/FsDyIUMTsh7xXlu3W+vYHdJ35mIQGuT3OACJSloq6xmtR1jhXwvCSTtNko/rS6oLM8XJEM/IJpShf+cAomflPP2VS1EjmwFnfCEpOALFM9Fbn7qNH2yN8hcWPzGvSQdyhSCdLpqNdBa9sBmy/7vzjzj8nH1vRymejG/8jJojTdtThL83EeuIlM1g6Kfb5/kA3XfyezWY918rrvK1ulG46IKf1CAfD6ONIbpTNPzDTj9JrDtyfV/OlAfVnGW7FD+LMFAbZk7yCOGh4PssnAOwd7vERsu63zSj71IJ/tObgieuEI46b9ttX7VkYVkqhDOYaI9H4vO2XZEl7PW9loP+OPT+RN6ri8DQUU+zX5KmbK2rG9P9nm0Y568sM/fLmCF6pfJp1bvbcSa9Mvl0g5im+gR/sksKnvrUOS1TNHpxMdIe4rIJEeYEiH4oskJ8rUgk/bGWqywufN/gTOIqlkDbV5RxWdl9jIU1qX5ezOsKdCk2fACkzU3DNTLhE9C99bLoamqaZZJc/j8fOW0IF4dLTHB9E6Swmd0fUznUTSaJtzofYaIXVSpkQKfQUj9BLNrlriaJHHiC/NnFhzsvRCj6iKrTjj58FI+AazXQ==^&#
05-04 08:46:18.757 E/##XLogger##( 5979): #&^fdH7LaVugbjiblJdwS/TP1tpKVlEwcn1e5uYf53+fpteSbxnPopXwGocFdyCK4odQGqoIBTSYTshw6uuEdXzKytDfMMKUg8K9FOJMpZ2dg8y+uR+YK/jBfrpF7HcIO7YgdgUeJHtp914E43HOi+KC4iv1JuKXOGrTzrQIxCOeiM=!!FNzl2L3Qy9H57QdGxQTbGqwDSLDgJ8otbs0O/7e5sBUXS9xvt12K2auQnlHn8nS6EiyltL2+JSGqzyzPNuGB32e3BEFdcd+BoVHW9pcXHjRM412r3Wo/lIizTW0DL17pPFeqg8waorIjgW4Z8XuPE8PzStOP5HCCj77e2/YcYGziusk0rxwnDCV9NBvwDm787+gfPG4fXeDVrwnbiHbSUU7zOpWg+FWYSDcf066dMRIyXWjB0W/9zAjPRtudACyo+Ma/8BNYH6uylmLyOPCTI4x6hkGr4vh2ooTtXlh1Jf1Z/1XaiE7JkJEW39K+sW+r^&#
05-04 08:46:18.762 E/##XLogger##( 5979): #&^fdH7LaVugbjiblJdwS/TP1tpKVlEwcn1e5uYf53+fpteSbxnPopXwGocFdyCK4odQGqoIBTSYTshw6uuEdXzKytDfMMKUg8K9FOJMpZ2dg8y+uR+YK/jBfrpF7HcIO7YgdgUeJHtp914E43HOi+KC4iv1JuKXOGrTzrQIxCOeiM=!!FNzl2L3Qy9H57QdGxQTbGo8YvpyMpFs8Te2LCoDbIpEGMXsVeeekUznbe6RMwIWNXu+YQ7IqBP/gZyi5Tlcq6jyx+wJR+7jy+7gUDN1DkV/2/5boXjzd//fM0V6S/V0F66i2s1RLTKQnc7dRForIEuZQDlg51NJdgwXpu8e/Va4DnH7J+DvcDx78Xb8VQ4HiNqrWp7u23IO1g1vqLeOujIWVBs/pZtB7RGPkIMv9TVgL/l4HuFlohkjrGWOEapbZO0FRrvyLWlYdYAgzehtDF4lREB++hjoKRpEZaSXx7Yu6wrrtmRRksDsO4ySFGjkdbPWnUH1dokMh1nPwkxESQg==^&#
05-04 08:46:18.773 E/##XLogger##( 5979): #&^fdH7LaVugbjiblJdwS/TP1tpKVlEwcn1e5uYf53+fpteSbxnPopXwGocFdyCK4odQGqoIBTSYTshw6uuEdXzKytDfMMKUg8K9FOJMpZ2dg8y+uR+YK/jBfrpF7HcIO7YgdgUeJHtp914E43HOi+KC4iv1JuKXOGrTzrQIxCOeiM=!!FNzl2L3Qy9H57QdGxQTbGhAYzwZZoMZczb5R4Nd6q8Ksj7671YFQ70dZ1VRVOKoEgZ48WG0/zAl58duvpuKllx8vh0gSWZf+Qz6qVbftnkC2X6atE24qGbcY2oyofbUyJTG5gGisadMp2wtwJIcuCAJfu5Qla/7GNWtVMrlklFyffXp8kyj9g9HAfE6R0FqX0rIuFkYUYmP+jpF1TXczd08AtGiSiPqvg1yguegN/C+VaxDQjWp7mq+7UlUMtgQ8xlS4B5l3LaVXM3kllnNQ/LmJSgeJDeh0vpbEC2R9kiLRQi7PllYsRYSUpoV/GMWUyEB6VOdBLAXjVSkgMMToMyyxTBKHhcxebct/fLzpDFRDr5YicRnMQhjndEk/SLgKthWOtcjYX7FEZEHvLGK6Wbfb1UmK4eIrqy0F9MlPUw6v+bjnHpZ3sv6L3sHkadV5RFQlzy/csi/BZIG2F6FNloiaO5IJIaCnYpRY1vaTVWoLyclIXQ4PNZKUF1779JzXviulOpGG4arDH1zF4RZ4GZUGpsHRi+3WyNfMB9bCIPZLmPqi3F1Pk7b3I64lqmSmnFTQahYiuHWOfBjk10AfD4VbPhb1mp4HwsFmZfQpjN9GfNEkncbx48ouuUt1PbCKZObe+LzLweD9aUosdlrK249kQs9H/CJFcIfBAByBdbu6KlxeMCDkwAx2vK9yHUF+geWcwnfurWReStDhixtxLhLFc8kaa9r2xA6Hf+Oc26rC7dS4DbBJX8EwOITciPUEh0JEabIp6w5higOWx78/a+qTE25RDfKhys0mutftTNIGWeEdA72sX6snct1x0Kujx5hkYeiMIJOxRrGzT/ZeH/yEVPd1IIgReB6sB7mr/UpU7W+S9cFeFRE3QiZ/3RM8WHNALRJ9hQSJyCmvOqycFViyfnUHmi+FHW8zEDPYZBWtD44SqRmSpjCUjaVH2AC+vWgIH8nzdThACCZmw0b3DgfO1cLQMHwLhKjRmUF/RUyzsOJHOqL0JhWhncCSEFVY02p2MGSwqHk7C/m/qy/3yxv50aeMEBGnal5wKRs6PZI9+sD6tipqyUz6RU4rAnHfyYBxiXPKmu5flpEZ9ka6udGkd+RQsNN9LB9EiqSGeY1SnEJMXtl2mKidVDi/Xxq1W5r3lSk38NTSQkk5LDsAYlIEm92HfDD8HCkhiGT2NLYHd983OLQbzu1eLqxiteP/4wFkKSRhkjuhFPT8NV06yRQZqoFYpSmOr08FBUh0N0TtpOmW4wv2fqLInV0AHSX4bEqIQMqf14M70gQvE1hKB53OTuaYRCuRf4ZMvam8142cCi/LQMohjNYf2FjmA+u5sciWjAJW5cIAxJb72pMinUO3BUZZYvyapBgQ6avyiSGTjUhIQp5mDjmBD7d7wzqGWxXbR9UVoL4kj+ksHSQQr5DxQS/v9L1DQRkLgaGZngF/kOA1W5a2thYmDSHUu2rNfzxyyHGwWXb3+utPSltDcjQvjcxN+tdqaSpl8dmO/WTSbKYyxcFjYvrXnJ+Dpkjc7ROB8owcL+g0+GjqvisPCUGVCPWz7bVj5u/SbTWI+YeVhC96dJ+LyHF/bjuNP2pyopo25vFHJ5sphdo6pmjQd/A/snUpXuMUqWeycsEikLh+QOhYDLCHzNHL4GUpyb+4adxfc/btXfFCP2WsFsosXLRyRG27lzrt4jxR3Y3FhTzE4Q3S9ScVPniZLt6LGYgkt2V0ztUvk6egrpnEfm1ndvHhyEnji/9ky6zmgdxoeNFLvF30M4CUvPT71W+N+yIye4XR+SZb1aPwC3gTHwrJTfGDjY020NHXGCCdc1Cb0RZhZ3ly2MutAIkI7gShjWQR3irOSV2CUSF1sW4ZjnZnP3/5YiEdW52MjjL7Zyg4uD8hNoZJe1gpERPpF1kMqjxDC2tL5KNBgUziJvwbkDEmiQI6sffJR7ycRs5JL3gfo+wwTNp22CxMtOFg15PwDoOzGTznMhGDUUDuu9NrEphgd2ljJ0ndsAL+FEIIz8etxmBOnyaNUrjIC9jGwFzzU84ItuCOXzosO13N1NEXg9unEwIB/BomJrO6B+yAgVVI+PNd4f6ISYPcK/N3pQLMEeS1UydZ5tkE7iOEFYPIn4LyDkrq9uLHnL00ATfCQsJs17oyIGSgypk+vzPXPfeBDQ4r0L51oIJNy/JnCBLGSrZln39g3H6TLhlSjyKJI4VFzYeGxMjILvmgKgXbfpgiwNz74ghj6nKmMpDnF9qVFa8SXf8UyT0w3jcEwg83vpGI3IvJtNl92avoCreEb7s/KFCKeG23yL6SXMLTzccqOS5EzGyj9x4u6wX/0fjygsCq4ddH8cwQxus0D0G1hDwMWOi4NI9ynDtWIdBhqjRpQuYZ65VoZ/Qv2l1MzoNlKjhOb699nQRhCortNIc/iYqGYo1C2rc9ZeByInBEmmElQxNAgyV0x49enyDgYgT3Vwy6ngyyCwrT5sH1F0zB/8Dd41oF4fPSfAb4Yifj4q9OHYhU27JoezSrv1RdeRhB5Ixx+FQGS+OC0w27MkO/xPKYjxlbmXlkWKCe/hlgm7W1FudwJOVzCiUOnWK+uKXzKGqy/EzsEXjdgwc9iLHvlBjbAcwf06OuSaFPkyblANdcA4aWaE/ighMT16viKwLKQiBvsS0CZL5luDIjHXUtwIrdeKp7HFfWDopMj+FHel1ebR1jby4b9bH0Way/NyX4Bc/X6N2PAf+ffMTn1uSCa+4cTnGU6nfcuyQReZsQLx0NWI0p4WUOo/EMTpkI+K7m+kC91kvVc4CI8aRd65zR2mB39n4xt13anO7dkXd+EVd7GYk8HYafQeg38B39iwOyxYoiPwszQsEcZ2OXdTogD1GkgoTXtG0Gjttv7L6o2Baq39H4tIlZdmwVJQPpFrT15nVrE6DXc5j1a1n17dGZXsVUa5Z23tpa9rBzqS0vmg9T9jTR4oTYbmvcJzUhyuO7T5O/r73FCKYiG7HsrfeRCilUgyOXt86ZnHL0X4byXRzox8+U6XZx7kn6Y2oU8GFY8d3b/HN/w3HHJLJltL7hbkpiEDtCJoT86ZEFptya27larNcABOqXl7cp4aMiSDvA7a49k7ce4Vc0+js9eA04P5GfzFhSCSf9eAt0vuSmswZmQCThaPnepVtDlCgiRc193LXmmt6pm9YsJTV8zaYvdMwj692Ejiqe1f6JBQqU0cnEWqOOyruAyRJ6YGBZHPGE6yDaWKggXp41SmFEK9mJpgDZjaojrmCjPBzyuoVEwLaVbv54+LYLIv/0o1IYpsBy0RTlz7/vb/nd2IHRmCkszMUIY30EWYB7dvsfVUthva5WC4NvMXKRnP6NfJR+mo2kh7G9g4s=^&#
05-04 08:46:18.816 E/NotificationHelper( 5042): org.json.JSONException: Value <!DOCTYPE of type java.lang.String cannot be converted to JSONObject
