05-04 08:46:33.558 E/Metok_Tag( 6103): 	at android.os.Handler.dispatchMessage(Handler.java:102)
05-04 08:46:33.558 E/Metok_Tag( 6103): 	at android.os.Looper.loop(Looper.java:154)
05-04 08:46:33.558 E/Metok_Tag( 6103): 	at android.os.HandlerThread.run(HandlerThread.java:61)
05-04 08:46:33.558 E/Metok_Tag( 6103): 	Suppressed: javax.net.ssl.SSLHandshakeException: SSL handshake aborted: ssl=0xa0693b40: I/O error during system call, Connection reset by peer
05-04 08:46:33.558 E/Metok_Tag( 6103): 		... 20 more
05-04 08:46:33.558 E/Metok_Tag( 6103): 		Suppressed: javax.net.ssl.SSLHandshakeException: SSL handshake aborted: ssl=0xa0693b40: I/O error during system call, Connection reset by peer
05-04 08:46:33.558 E/Metok_Tag( 6103): 			... 20 more
05-04 08:46:33.626 E/Metok_Tag( 6103): < metoknlp_app > httpsGet Exception e:
05-04 08:46:33.626 E/Metok_Tag( 6103): javax.net.ssl.SSLHandshakeException: SSL handshake aborted: ssl=0xa0693c80: I/O error during system call, Connection reset by peer
05-04 08:46:33.626 E/Metok_Tag( 6103): 	at com.android.org.conscrypt.NativeCrypto.SSL_do_handshake(Native Method)
05-04 08:46:33.626 E/Metok_Tag( 6103): 	at com.android.org.conscrypt.OpenSSLSocketImpl.startHandshake(OpenSSLSocketImpl.java:324)
05-04 08:46:33.626 E/Metok_Tag( 6103): 	at com.android.okhttp.internal.http.SocketConnector.connectTls(SocketConnector.java:103)
05-04 08:46:33.626 E/Metok_Tag( 6103): 	at com.android.okhttp.Connection.connect(Connection.java:143)
05-04 08:46:33.626 E/Metok_Tag( 6103): 	at com.android.okhttp.Connection.connectAndSetOwner(Connection.java:185)
05-04 08:46:33.626 E/Metok_Tag( 6103): 	at com.android.okhttp.OkHttpClient$1.connectAndSetOwner(OkHttpClient.java:128)
05-04 08:46:33.626 E/Metok_Tag( 6103): 	at com.android.okhttp.internal.http.HttpEngine.nextConnection(HttpEngine.java:342)
05-04 08:46:33.626 E/Metok_Tag( 6103): 	at com.android.okhttp.internal.http.HttpEngine.connect(HttpEngine.java:331)
05-04 08:46:33.626 E/Metok_Tag( 6103): 	at com.android.okhttp.internal.http.HttpEngine.sendRequest(HttpEngine.java:249)
05-04 08:46:33.626 E/Metok_Tag( 6103): 	at com.android.okhttp.internal.huc.HttpURLConnectionImpl.execute(HttpURLConnectionImpl.java:437)
05-04 08:46:33.626 E/Metok_Tag( 6103): 	at com.android.okhttp.internal.huc.HttpURLConnectionImpl.connect(HttpURLConnectionImpl.java:114)
05-04 08:46:33.626 E/Metok_Tag( 6103): 	at com.android.okhttp.internal.huc.DelegatingHttpsURLConnection.connect(DelegatingHttpsURLConnection.java:89)
05-04 08:46:33.626 E/Metok_Tag( 6103): 	at com.android.okhttp.internal.huc.HttpsURLConnectionImpl.connect(HttpsURLConnectionImpl.java:25)
05-04 08:46:33.626 E/Metok_Tag( 6103): 	at com.xiaomi.metoknlp.util.c.a(SourceFile:187)
05-04 08:46:33.626 E/Metok_Tag( 6103): 	at com.xiaomi.metoknlp.a.r(SourceFile:43)
05-04 08:46:33.626 E/Metok_Tag( 6103): 	at com.xiaomi.metoknlp.b.update(SourceFile:259)
05-04 08:46:33.626 E/Metok_Tag( 6103): 	at com.xiaomi.metoknlp.k.handleMessage(SourceFile:193)
05-04 08:46:33.626 E/Metok_Tag( 6103): 	at android.os.Handler.dispatchMessage(Handler.java:102)
05-04 08:46:33.626 E/Metok_Tag( 6103): 	at android.os.Looper.loop(Looper.java:154)
05-04 08:46:33.626 E/Metok_Tag( 6103): 	at android.os.HandlerThread.run(HandlerThread.java:61)
05-04 08:46:33.626 E/Metok_Tag( 6103): 	Suppressed: javax.net.ssl.SSLHandshakeException: SSL handshake aborted: ssl=0xa0693c80: I/O error during system call, Connection reset by peer
05-04 08:46:33.626 E/Metok_Tag( 6103): 		... 20 more
05-04 08:46:33.626 E/Metok_Tag( 6103): 		Suppressed: javax.net.ssl.SSLHandshakeException: SSL handshake aborted: ssl=0xa0693c80: I/O error during system call, Connection reset by peer
05-04 08:46:33.626 E/Metok_Tag( 6103): 			... 20 more
05-04 08:46:33.693 E/Metok_Tag( 6103): < metoknlp_app > httpsGet Exception e:
05-04 08:46:33.693 E/Metok_Tag( 6103): javax.net.ssl.SSLHandshakeException: SSL handshake aborted: ssl=0xa06942c0: I/O error during system call, Connection reset by peer
05-04 08:46:33.693 E/Metok_Tag( 6103): 	at com.android.org.conscrypt.NativeCrypto.SSL_do_handshake(Native Method)
05-04 08:46:33.693 E/Metok_Tag( 6103): 	at com.android.org.conscrypt.OpenSSLSocketImpl.startHandshake(OpenSSLSocketImpl.java:324)
05-04 08:46:33.693 E/Metok_Tag( 6103): 	at com.android.okhttp.internal.http.SocketConnector.connectTls(SocketConnector.java:103)
05-04 08:46:33.693 E/Metok_Tag( 6103): 	at com.android.okhttp.Connection.connect(Connection.java:143)
05-04 08:46:33.693 E/Metok_Tag( 6103): 	at com.android.okhttp.Connection.connectAndSetOwner(Connection.java:185)
05-04 08:46:33.693 E/Metok_Tag( 6103): 	at com.android.okhttp.OkHttpClient$1.connectAndSetOwner(OkHttpClient.java:128)
05-04 08:46:33.693 E/Metok_Tag( 6103): 	at com.android.okhttp.internal.http.HttpEngine.nextConnection(HttpEngine.java:342)
05-04 08:46:33.693 E/Metok_Tag( 6103): 	at com.android.okhttp.internal.http.HttpEngine.connect(HttpEngine.java:331)
05-04 08:46:33.693 E/Metok_Tag( 6103): 	at com.android.okhttp.internal.http.HttpEngine.sendRequest(HttpEngine.java:249)
05-04 08:46:33.693 E/Metok_Tag( 6103): 	at com.android.okhttp.internal.huc.HttpURLConnectionImpl.execute(HttpURLConnectionImpl.java:437)
05-04 08:46:33.693 E/Metok_Tag( 6103): 	at com.android.okhttp.internal.huc.HttpURLConnectionImpl.connect(HttpURLConnectionImpl.java:114)
05-04 08:46:33.693 E/Metok_Tag( 6103): 	at com.android.okhttp.internal.huc.DelegatingHttpsURLConnection.connect(DelegatingHttpsURLConnection.java:89)
05-04 08:46:33.693 E/Metok_Tag( 6103): 	at com.android.okhttp.internal.huc.HttpsURLConnectionImpl.connect(HttpsURLConnectionImpl.java:25)
05-04 08:46:33.693 E/Metok_Tag( 6103): 	at com.xiaomi.metoknlp.util.c.a(SourceFile:187)
05-04 08:46:33.693 E/Metok_Tag( 6103): 	at com.xiaomi.metoknlp.a.r(SourceFile:43)
05-04 08:46:33.693 E/Metok_Tag( 6103): 	at com.xiaomi.metoknlp.b.update(SourceFile:259)
05-04 08:46:33.693 E/Metok_Tag( 6103): 	at com.xiaomi.metoknlp.k.handleMessage(SourceFile:193)
05-04 08:46:33.693 E/Metok_Tag( 6103): 	at android.os.Handler.dispatchMessage(Handler.java:102)
05-04 08:46:33.693 E/Metok_Tag( 6103): 	at android.os.Looper.loop(Looper.java:154)
05-04 08:46:33.693 E/Metok_Tag( 6103): 	at android.os.HandlerThread.run(HandlerThread.java:61)
05-04 08:46:33.693 E/Metok_Tag( 6103): 	Suppressed: javax.net.ssl.SSLHandshakeException: SSL handshake aborted: ssl=0xa06942c0: I/O error during system call, Connection reset by peer
05-04 08:46:33.693 E/Metok_Tag( 6103): 		... 20 more
05-04 08:46:33.693 E/Metok_Tag( 6103): 		Suppressed: javax.net.ssl.SSLHandshakeException: SSL handshake aborted: ssl=0xa06942c0: I/O error during system call, Connection reset by peer
05-04 08:46:33.693 E/Metok_Tag( 6103): 			... 20 more
05-04 08:46:33.773 E/Metok_Tag( 6103): < metoknlp_app > httpsGet Exception e:
05-04 08:46:33.773 E/Metok_Tag( 6103): javax.net.ssl.SSLHandshakeException: SSL handshake aborted: ssl=0xa0694400: I/O error during system call, Connection reset by peer
05-04 08:46:33.773 E/Metok_Tag( 6103): 	at com.android.org.conscrypt.NativeCrypto.SSL_do_handshake(Native Method)
05-04 08:46:33.773 E/Metok_Tag( 6103): 	at com.android.org.conscrypt.OpenSSLSocketImpl.startHandshake(OpenSSLSocketImpl.java:324)
05-04 08:46:33.773 E/Metok_Tag( 6103): 	at com.android.okhttp.internal.http.SocketConnector.connectTls(SocketConnector.java:103)
05-04 08:46:33.773 E/Metok_Tag( 6103): 	at com.android.okhttp.Connection.connect(Connection.java:143)
05-04 08:46:33.773 E/Metok_Tag( 6103): 	at com.android.okhttp.Connection.connectAndSetOwner(Connection.java:185)
05-04 08:46:33.773 E/Metok_Tag( 6103): 	at com.android.okhttp.OkHttpClient$1.connectAndSetOwner(OkHttpClient.java:128)
05-04 08:46:33.773 E/Metok_Tag( 6103): 	at com.android.okhttp.internal.http.HttpEngine.nextConnection(HttpEngine.java:342)
05-04 08:46:33.773 E/Metok_Tag( 6103): 	at com.android.okhttp.internal.http.HttpEngine.connect(HttpEngine.java:331)
05-04 08:46:33.773 E/Metok_Tag( 6103): 	at com.android.okhttp.internal.http.HttpEngine.sendRequest(HttpEngine.java:249)
05-04 08:46:33.773 E/Metok_Tag( 6103): 	at com.android.okhttp.internal.huc.HttpURLConnectionImpl.execute(HttpURLConnectionImpl.java:437)
05-04 08:46:33.773 E/Metok_Tag( 6103): 	at com.android.okhttp.internal.huc.HttpURLConnectionImpl.connect(HttpURLConnectionImpl.java:114)
05-04 08:46:33.773 E/Metok_Tag( 6103): 	at com.android.okhttp.internal.huc.DelegatingHttpsURLConnection.connect(DelegatingHttpsURLConnection.java:89)
05-04 08:46:33.773 E/Metok_Tag( 6103): 	at com.android.okhttp.internal.huc.HttpsURLConnectionImpl.connect(HttpsURLConnectionImpl.java:25)
05-04 08:46:33.773 E/Metok_Tag( 6103): 	at com.xiaomi.metoknlp.util.c.a(SourceFile:187)
05-04 08:46:33.773 E/Metok_Tag( 6103): 	at com.xiaomi.metoknlp.a.r(SourceFile:43)
05-04 08:46:33.773 E/Metok_Tag( 6103): 	at com.xiaomi.metoknlp.b.update(SourceFile:259)
05-04 08:46:33.773 E/Metok_Tag( 6103): 	at com.xiaomi.metoknlp.k.handleMessage(SourceFile:193)
05-04 08:46:33.773 E/Metok_Tag( 6103): 	at android.os.Handler.dispatchMessage(Handler.java:102)
05-04 08:46:33.773 E/Metok_Tag( 6103): 	at android.os.Looper.loop(Looper.java:154)
05-04 08:46:33.773 E/Metok_Tag( 6103): 	at android.os.HandlerThread.run(HandlerThread.java:61)
05-04 08:46:33.773 E/Metok_Tag( 6103): 	Suppressed: javax.net.ssl.SSLHandshakeException: SSL handshake aborted: ssl=0xa0694400: I/O error during system call, Connection reset by peer
05-04 08:46:33.773 E/Metok_Tag( 6103): 		... 20 more
05-04 08:46:33.773 E/Metok_Tag( 6103): 		Suppressed: javax.net.ssl.SSLHandshakeException: SSL handshake aborted: ssl=0xa0694400: I/O error during system call, Connection reset by peer
05-04 08:46:33.773 E/Metok_Tag( 6103): 			... 20 more
05-04 08:46:33.847 E/Metok_Tag( 6103): < metoknlp_app > httpsGet Exception e:
05-04 08:46:33.847 E/Metok_Tag( 6103): javax.net.ssl.SSLHandshakeException: SSL handshake aborted: ssl=0xa0694540: I/O error during system call, Connection reset by peer
05-04 08:46:33.847 E/Metok_Tag( 6103): 	at com.android.org.conscrypt.NativeCrypto.SSL_do_handshake(Native Method)
05-04 08:46:33.847 E/Metok_Tag( 6103): 	at com.android.org.conscrypt.OpenSSLSocketImpl.startHandshake(OpenSSLSocketImpl.java:324)
05-04 08:46:33.847 E/Metok_Tag( 6103): 	at com.android.okhttp.internal.http.SocketConnector.connectTls(SocketConnector.java:103)
05-04 08:46:33.847 E/Metok_Tag( 6103): 	at com.android.okhttp.Connection.connect(Connection.java:143)
05-04 08:46:33.847 E/Metok_Tag( 6103): 	at com.android.okhttp.Connection.connectAndSetOwner(Connection.java:185)
05-04 08:46:33.847 E/Metok_Tag( 6103): 	at com.android.okhttp.OkHttpClient$1.connectAndSetOwner(OkHttpClient.java:128)
05-04 08:46:33.847 E/Metok_Tag( 6103): 	at com.android.okhttp.internal.http.HttpEngine.nextConnection(HttpEngine.java:342)
05-04 08:46:33.847 E/Metok_Tag( 6103): 	at com.android.okhttp.internal.http.HttpEngine.connect(HttpEngine.java:331)
05-04 08:46:33.847 E/Metok_Tag( 6103): 	at com.android.okhttp.internal.http.HttpEngine.sendRequest(HttpEngine.java:249)
05-04 08:46:33.847 E/Metok_Tag( 6103): 	at com.android.okhttp.internal.huc.HttpURLConnectionImpl.execute(HttpURLConnectionImpl.java:437)
05-04 08:46:33.847 E/Metok_Tag( 6103): 	at com.android.okhttp.internal.huc.HttpURLConnectionImpl.connect(HttpURLConnectionImpl.java:114)
05-04 08:46:33.847 E/Metok_Tag( 6103): 	at com.android.okhttp.internal.huc.DelegatingHttpsURLConnection.connect(DelegatingHttpsURLConnection.java:89)
05-04 08:46:33.847 E/Metok_Tag( 6103): 	at com.android.okhttp.internal.huc.HttpsURLConnectionImpl.connect(HttpsURLConnectionImpl.java:25)
05-04 08:46:33.847 E/Metok_Tag( 6103): 	at com.xiaomi.metoknlp.util.c.a(SourceFile:187)
05-04 08:46:33.847 E/Metok_Tag( 6103): 	at com.xiaomi.metoknlp.a.r(SourceFile:43)
05-04 08:46:33.847 E/Metok_Tag( 6103): 	at com.xiaomi.metoknlp.b.update(SourceFile:259)
05-04 08:46:33.847 E/Metok_Tag( 6103): 	at com.xiaomi.metoknlp.k.handleMessage(SourceFile:193)
05-04 08:46:33.847 E/Metok_Tag( 6103): 	at android.os.Handler.dispatchMessage(Handler.java:102)
05-04 08:46:33.847 E/Metok_Tag( 6103): 	at android.os.Looper.loop(Looper.java:154)
05-04 08:46:33.847 E/Metok_Tag( 6103): 	at android.os.HandlerThread.run(HandlerThread.java:61)
05-04 08:46:33.847 E/Metok_Tag( 6103): 	Suppressed: javax.net.ssl.SSLHandshakeException: SSL handshake aborted: ssl=0xa0694540: I/O error during system call, Connection reset by peer
05-04 08:46:33.847 E/Metok_Tag( 6103): 		... 20 more
05-04 08:46:33.847 E/Metok_Tag( 6103): 		Suppressed: javax.net.ssl.SSLHandshakeException: SSL handshake aborted: ssl=0xa0694540: I/O error during system call, Connection reset by peer
05-04 08:46:33.847 E/Metok_Tag( 6103): 			... 20 more
05-04 08:46:33.847 E/Metok_Tag( 6103): < metoknlp_app > ======invalidateCloudConfig======
05-04 08:46:33.864 E/ThermalEngine(  504): Unable to read max frequency from online cpu.
05-04 08:46:33.865 E/ThermalEngine(  504): Failed to set desired CPU[3] frequency limit to 2457600
05-04 08:46:36.066 E/PowerManagerService( 2941): Only X4,X3 support this feature for low power consumption!
05-04 08:46:36.090 E/PowerManagerService( 2941): Only X4,X3 support this feature for low power consumption!
05-04 08:46:38.176 E/PowerManagerService( 2941): Only X4,X3 support this feature for low power consumption!
05-04 08:46:41.604 E/PowerManagerService( 2941): Only X4,X3 support this feature for low power consumption!
05-04 08:46:41.657 E/ThermalEngine(  504): Unable to read max frequency from online cpu.
05-04 08:46:41.657 E/ThermalEngine(  504): Failed to set desired CPU[3] frequency limit to 2457600
05-04 08:46:41.667 E/ThermalEngine(  504): Unable to read max frequency from online cpu.
05-04 08:46:41.667 E/ThermalEngine(  504): Failed to set desired CPU[2] frequency limit to 2457600
05-04 08:46:42.636 E/PowerManagerService( 2941): Only X4,X3 support this feature for low power consumption!
05-04 08:46:42.648 E/PowerManagerService( 2941): Only X4,X3 support this feature for low power consumption!
05-04 08:46:43.200 E/ThermalEngine(  504): Unable to read max frequency from online cpu.
05-04 08:46:43.200 E/ThermalEngine(  504): Failed to set desired CPU[2] frequency limit to 2457600
05-04 08:46:43.683 E/PowerManagerService( 2941): Only X4,X3 support this feature for low power consumption!
05-04 08:46:43.700 E/PowerManagerService( 2941): Only X4,X3 support this feature for low power consumption!
05-04 08:46:44.742 E/PowerManagerService( 2941): Only X4,X3 support this feature for low power consumption!
05-04 08:46:57.244 E/PowerManagerService( 2941): Only X4,X3 support this feature for low power consumption!
05-04 08:46:57.245 E/PowerManagerService( 2941): Only X4,X3 support this feature for low power consumption!
05-04 08:46:57.335 E/PowerManagerService( 2941): Only X4,X3 support this feature for low power consumption!
05-04 08:46:57.342 E/ThermalEngine(  504): Unable to read max frequency from online cpu.
05-04 08:46:57.343 E/ThermalEngine(  504): Failed to set desired CPU[3] frequency limit to 2457600
05-04 08:46:57.346 E/ThermalEngine(  504): Unable to read max frequency from online cpu.
05-04 08:46:57.347 E/ThermalEngine(  504): Failed to set desired CPU[2] frequency limit to 2457600
05-04 08:46:57.391 E/ThermalEngine(  504): Unable to read max frequency from online cpu.
05-04 08:46:57.392 E/ThermalEngine(  504): Failed to set desired CPU[1] frequency limit to 2457600
05-04 08:46:58.321 E/DatabaseUtils( 2941): Writing exception to parcel
05-04 08:46:58.321 E/DatabaseUtils( 2941): java.lang.SecurityException: com.sogou.activity.src was not granted  this permission: android.permission.WRITE_SETTINGS.
05-04 08:46:58.321 E/DatabaseUtils( 2941): 	at android.provider.Settings.isCallingPackageAllowedToPerformAppOpsProtectedOperation(Settings.java:8507)
05-04 08:46:58.321 E/DatabaseUtils( 2941): 	at android.provider.Settings.checkAndNoteWriteSettingsOperation(Settings.java:8389)
05-04 08:46:58.321 E/DatabaseUtils( 2941): 	at com.android.providers.settings.SettingsProvider.mutateSystemSetting(SettingsProvider.java:915)
05-04 08:46:58.321 E/DatabaseUtils( 2941): 	at com.android.providers.settings.SettingsProvider.insertSystemSetting(SettingsProvider.java:890)
05-04 08:46:58.321 E/DatabaseUtils( 2941): 	at com.android.providers.settings.SettingsProvider.call(SettingsProvider.java:263)
05-04 08:46:58.321 E/DatabaseUtils( 2941): 	at android.content.ContentProvider$Transport.call(ContentProvider.java:398)
05-04 08:46:58.321 E/DatabaseUtils( 2941): 	at android.content.ContentProviderNative.onTransact(ContentProviderNative.java:283)
05-04 08:46:58.321 E/DatabaseUtils( 2941): 	at android.os.Binder.execTransact(Binder.java:453)
05-04 08:46:58.323 E/DatabaseUtils( 2941): Writing exception to parcel
05-04 08:46:58.323 E/DatabaseUtils( 2941): java.lang.SecurityException: com.sogou.activity.src was not granted  this permission: android.permission.WRITE_SETTINGS.
05-04 08:46:58.323 E/DatabaseUtils( 2941): 	at android.provider.Settings.isCallingPackageAllowedToPerformAppOpsProtectedOperation(Settings.java:8507)
05-04 08:46:58.323 E/DatabaseUtils( 2941): 	at android.provider.Settings.checkAndNoteWriteSettingsOperation(Settings.java:8389)
05-04 08:46:58.323 E/DatabaseUtils( 2941): 	at com.android.providers.settings.SettingsProvider.mutateSystemSetting(SettingsProvider.java:915)
05-04 08:46:58.323 E/DatabaseUtils( 2941): 	at com.android.providers.settings.SettingsProvider.insertSystemSetting(SettingsProvider.java:890)
05-04 08:46:58.323 E/DatabaseUtils( 2941): 	at com.android.providers.settings.SettingsProvider.call(SettingsProvider.java:263)
05-04 08:46:58.323 E/DatabaseUtils( 2941): 	at android.content.ContentProvider$Transport.call(ContentProvider.java:398)
05-04 08:46:58.323 E/DatabaseUtils( 2941): 	at android.content.ContentProviderNative.onTransact(ContentProviderNative.java:283)
05-04 08:46:58.323 E/DatabaseUtils( 2941): 	at android.os.Binder.execTransact(Binder.java:453)
05-04 08:46:58.561 E/ThermalEngine(  504): Unable to read max frequency from online cpu.
05-04 08:46:58.561 E/ThermalEngine(  504): Failed to set desired CPU[1] frequency limit to 2457600
05-04 08:46:59.404 E/PowerManagerService( 2941): Only X4,X3 support this feature for low power consumption!
05-04 08:46:59.422 E/PowerManagerService( 2941): Only X4,X3 support this feature for low power consumption!
05-04 08:46:59.532 E/ThermalEngine(  504): Unable to read max frequency from online cpu.
05-04 08:46:59.533 E/ThermalEngine(  504): Failed to set desired CPU[2] frequency limit to 2457600
05-04 08:46:59.542 E/ThermalEngine(  504): Unable to read max frequency from online cpu.
05-04 08:46:59.542 E/ThermalEngine(  504): Failed to set desired CPU[1] frequency limit to 2457600
05-04 08:47:00.461 E/PowerManagerService( 2941): Only X4,X3 support this feature for low power consumption!
05-04 08:47:00.478 E/PowerManagerService( 2941): Only X4,X3 support this feature for low power consumption!
05-04 08:47:00.580 E/ThermalEngine(  504): Unable to read max frequency from online cpu.
05-04 08:47:00.580 E/ThermalEngine(  504): Failed to set desired CPU[2] frequency limit to 2457600
05-04 08:47:00.589 E/ThermalEngine(  504): Unable to read max frequency from online cpu.
05-04 08:47:00.589 E/ThermalEngine(  504): Failed to set desired CPU[1] frequency limit to 2457600
05-04 08:47:01.567 E/PowerManagerService( 2941): Only X4,X3 support this feature for low power consumption!
05-04 08:47:01.578 E/PowerManagerService( 2941): Only X4,X3 support this feature for low power consumption!
05-04 08:47:01.685 E/ThermalEngine(  504): Unable to read max frequency from online cpu.
05-04 08:47:01.685 E/ThermalEngine(  504): Failed to set desired CPU[2] frequency limit to 2457600
05-04 08:47:01.695 E/ThermalEngine(  504): Unable to read max frequency from online cpu.
05-04 08:47:01.695 E/ThermalEngine(  504): Failed to set desired CPU[1] frequency limit to 2457600
05-04 08:47:02.620 E/PowerManagerService( 2941): Only X4,X3 support this feature for low power consumption!
05-04 08:47:02.637 E/PowerManagerService( 2941): Only X4,X3 support this feature for low power consumption!
05-04 08:47:02.738 E/ThermalEngine(  504): Unable to read max frequency from online cpu.
05-04 08:47:02.738 E/ThermalEngine(  504): Failed to set desired CPU[2] frequency limit to 2457600
05-04 08:47:02.754 E/ThermalEngine(  504): Unable to read max frequency from online cpu.
05-04 08:47:02.754 E/ThermalEngine(  504): Failed to set desired CPU[1] frequency limit to 2457600
05-04 08:47:03.692 E/PowerManagerService( 2941): Only X4,X3 support this feature for low power consumption!
05-04 08:47:03.709 E/PowerManagerService( 2941): Only X4,X3 support this feature for low power consumption!
05-04 08:47:09.043 E/ThermalEngine(  504): Unable to read max frequency from online cpu.
05-04 08:47:09.044 E/ThermalEngine(  504): Failed to set desired CPU[3] frequency limit to 2457600
05-04 08:47:09.090 E/ThermalEngine(  504): Unable to read max frequency from online cpu.
05-04 08:47:09.091 E/ThermalEngine(  504): Failed to set desired CPU[2] frequency limit to 2457600
05-04 08:47:09.099 E/ThermalEngine(  504): Unable to read max frequency from online cpu.
05-04 08:47:09.100 E/ThermalEngine(  504): Failed to set desired CPU[1] frequency limit to 2457600
05-04 08:47:11.048 E/PowerManagerService( 2941): Only X4,X3 support this feature for low power consumption!
05-04 08:47:11.078 E/PowerManagerService( 2941): Only X4,X3 support this feature for low power consumption!
05-04 08:47:12.043 E/ThermalEngine(  504): Unable to read max frequency from online cpu.
05-04 08:47:12.043 E/ThermalEngine(  504): Failed to set desired CPU[3] frequency limit to 2457600
05-04 08:47:12.053 E/ThermalEngine(  504): Unable to read max frequency from online cpu.
05-04 08:47:12.053 E/ThermalEngine(  504): Failed to set desired CPU[2] frequency limit to 2457600
05-04 08:47:12.057 E/ThermalEngine(  504): Unable to read max frequency from online cpu.
05-04 08:47:12.058 E/ThermalEngine(  504): Failed to set desired CPU[1] frequency limit to 2457600
05-04 08:47:12.274 E/PowerManagerService( 2941): Only X4,X3 support this feature for low power consumption!
05-04 08:47:12.287 E/PowerManagerService( 2941): Only X4,X3 support this feature for low power consumption!
05-04 08:47:13.305 E/PowerManagerService( 2941): Only X4,X3 support this feature for low power consumption!
05-04 08:47:13.322 E/PowerManagerService( 2941): Only X4,X3 support this feature for low power consumption!
05-04 08:47:13.360 E/LIBSEC  ( 8380): firewall read failed or timeout
05-04 08:47:13.926 E/ThermalEngine(  504): Unable to read max frequency from online cpu.
05-04 08:47:13.926 E/ThermalEngine(  504): Failed to set desired CPU[2] frequency limit to 2457600
05-04 08:47:14.429 E/PowerManagerService( 2941): Only X4,X3 support this feature for low power consumption!
05-04 08:47:14.450 E/PowerManagerService( 2941): Only X4,X3 support this feature for low power consumption!
05-04 08:47:14.990 E/PowerManagerService( 2941): Only X4,X3 support this feature for low power consumption!
05-04 08:47:20.482 E/ThermalEngine(  504): Unable to read max frequency from online cpu.
05-04 08:47:20.482 E/ThermalEngine(  504): Failed to set desired CPU[3] frequency limit to 2457600
05-04 08:47:20.490 E/ThermalEngine(  504): Unable to read max frequency from online cpu.
05-04 08:47:20.490 E/ThermalEngine(  504): Failed to set desired CPU[2] frequency limit to 2457600
05-04 08:47:20.841 E/PowerManagerService( 2941): Only X4,X3 support this feature for low power consumption!
05-04 08:47:20.872 E/DatabaseUtils( 2941): Writing exception to parcel
05-04 08:47:20.872 E/DatabaseUtils( 2941): java.lang.SecurityException: com.sogou.activity.src was not granted  this permission: android.permission.WRITE_SETTINGS.
05-04 08:47:20.872 E/DatabaseUtils( 2941): 	at android.provider.Settings.isCallingPackageAllowedToPerformAppOpsProtectedOperation(Settings.java:8507)
05-04 08:47:20.872 E/DatabaseUtils( 2941): 	at android.provider.Settings.checkAndNoteWriteSettingsOperation(Settings.java:8389)
05-04 08:47:20.872 E/DatabaseUtils( 2941): 	at com.android.providers.settings.SettingsProvider.mutateSystemSetting(SettingsProvider.java:915)
05-04 08:47:20.872 E/DatabaseUtils( 2941): 	at com.android.providers.settings.SettingsProvider.insertSystemSetting(SettingsProvider.java:890)
05-04 08:47:20.872 E/DatabaseUtils( 2941): 	at com.android.providers.settings.SettingsProvider.call(SettingsProvider.java:263)
05-04 08:47:20.872 E/DatabaseUtils( 2941): 	at android.content.ContentProvider$Transport.call(ContentProvider.java:398)
05-04 08:47:20.872 E/DatabaseUtils( 2941): 	at android.content.ContentProviderNative.onTransact(ContentProviderNative.java:283)
05-04 08:47:20.872 E/DatabaseUtils( 2941): 	at android.os.Binder.execTransact(Binder.java:453)
05-04 08:47:20.876 E/DatabaseUtils( 2941): Writing exception to parcel
05-04 08:47:20.876 E/DatabaseUtils( 2941): java.lang.SecurityException: com.sogou.activity.src was not granted  this permission: android.permission.WRITE_SETTINGS.
05-04 08:47:20.876 E/DatabaseUtils( 2941): 	at android.provider.Settings.isCallingPackageAllowedToPerformAppOpsProtectedOperation(Settings.java:8507)
05-04 08:47:20.876 E/DatabaseUtils( 2941): 	at android.provider.Settings.checkAndNoteWriteSettingsOperation(Settings.java:8389)
05-04 08:47:20.876 E/DatabaseUtils( 2941): 	at com.android.providers.settings.SettingsProvider.mutateSystemSetting(SettingsProvider.java:915)
05-04 08:47:20.876 E/DatabaseUtils( 2941): 	at com.android.providers.settings.SettingsProvider.insertSystemSetting(SettingsProvider.java:890)
05-04 08:47:20.876 E/DatabaseUtils( 2941): 	at com.android.providers.settings.SettingsProvider.call(SettingsProvider.java:263)
05-04 08:47:20.876 E/DatabaseUtils( 2941): 	at android.content.ContentProvider$Transport.call(ContentProvider.java:398)
05-04 08:47:20.876 E/DatabaseUtils( 2941): 	at android.content.ContentProviderNative.onTransact(ContentProviderNative.java:283)
05-04 08:47:20.876 E/DatabaseUtils( 2941): 	at android.os.Binder.execTransact(Binder.java:453)
05-04 08:47:20.941 E/ThermalEngine(  504): Unable to read max frequency from online cpu.
05-04 08:47:20.941 E/ThermalEngine(  504): Failed to set desired CPU[2] frequency limit to 2457600
05-04 08:47:20.999 E/ThermalEngine(  504): Unable to read max frequency from online cpu.
05-04 08:47:21.000 E/ThermalEngine(  504): Failed to set desired CPU[1] frequency limit to 2457600
05-04 08:47:21.019 E/Micloud ( 8103): MiCloudServerException
05-04 08:47:21.019 E/Micloud ( 8103): com.xiaomi.accountsdk.request.CipherException: fail to decrypt by aescoder
05-04 08:47:21.019 E/Micloud ( 8103): 	at com.xiaomi.accountsdk.utils.AESCoder.decrypt(AESCoder.java:58)
05-04 08:47:21.019 E/Micloud ( 8103): 	at com.xiaomi.micloudsdk.request.CloudRequestHelper.httpPostRequest(CloudRequestHelper.java:145)
05-04 08:47:21.019 E/Micloud ( 8103): 	at com.xiaomi.micloudsdk.request.CloudRequestHelper.httpPostRequestWithDecodeData(CloudRequestHelper.java:73)
05-04 08:47:21.019 E/Micloud ( 8103): 	at com.xiaomi.micloudsdk.request.Request.execute(Request.java:296)
05-04 08:47:21.019 E/Micloud ( 8103): 	at com.xiaomi.micloudsdk.request.Request.securePost(Request.java:189)
05-04 08:47:21.019 E/Micloud ( 8103): 	at com.xiaomi.micloudsdk.request.Request.securePost(Request.java:181)
05-04 08:47:21.019 E/Micloud ( 8103): 	at com.miui.gallery.util.deviceprovider.BigMiCloudProvider.securePost(BigMiCloudProvider.java:117)
05-04 08:47:21.019 E/Micloud ( 8103): 	at com.miui.gallery.net.GalleryNetwork.performRequest(GalleryNetwork.java:41)
05-04 08:47:21.019 E/Micloud ( 8103): 	at com.android.volley.NetworkDispatcher.run(NetworkDispatcher.java:110)
05-04 08:47:21.019 E/Micloud ( 8103): Caused by: java.lang.IllegalArgumentException: bad base-64
05-04 08:47:21.019 E/Micloud ( 8103): 	at android.util.Base64.decode(Base64.java:161)
05-04 08:47:21.019 E/Micloud ( 8103): 	at android.util.Base64.decode(Base64.java:136)
05-04 08:47:21.019 E/Micloud ( 8103): 	at android.util.Base64.decode(Base64.java:118)
05-04 08:47:21.019 E/Micloud ( 8103): 	at com.xiaomi.accountsdk.utils.AESCoder.decrypt(AESCoder.java:52)
05-04 08:47:21.019 E/Micloud ( 8103): 	... 8 more
05-04 08:47:21.019 E/Micloud ( 8103): CloudServer Exception: 
05-04 08:47:21.019 E/Micloud ( 8103): com.xiaomi.micloudsdk.exception.CloudServerException: status: 0
05-04 08:47:21.019 E/Micloud ( 8103): 	at com.xiaomi.micloudsdk.request.CloudRequestHelper.httpPostRequest(CloudRequestHelper.java:148)
05-04 08:47:21.019 E/Micloud ( 8103): 	at com.xiaomi.micloudsdk.request.CloudRequestHelper.httpPostRequestWithDecodeData(CloudRequestHelper.java:73)
05-04 08:47:21.019 E/Micloud ( 8103): 	at com.xiaomi.micloudsdk.request.Request.execute(Request.java:296)
05-04 08:47:21.019 E/Micloud ( 8103): 	at com.xiaomi.micloudsdk.request.Request.securePost(Request.java:189)
05-04 08:47:21.019 E/Micloud ( 8103): 	at com.xiaomi.micloudsdk.request.Request.securePost(Request.java:181)
05-04 08:47:21.019 E/Micloud ( 8103): 	at com.miui.gallery.util.deviceprovider.BigMiCloudProvider.securePost(BigMiCloudProvider.java:117)
05-04 08:47:21.019 E/Micloud ( 8103): 	at com.miui.gallery.net.GalleryNetwork.performRequest(GalleryNetwork.java:41)
05-04 08:47:21.019 E/Micloud ( 8103): 	at com.android.volley.NetworkDispatcher.run(NetworkDispatcher.java:110)
05-04 08:47:21.020 E/MiuiGallery2_CloudControlRequestHelper( 8103): Request failed, errorCode: NET_ERROR, errorMessage: null, responseData: com.miui.gallery.cloud.GalleryMiCloudServerException.
05-04 08:47:21.024 E/PowerManagerService( 2941): Only X4,X3 support this feature for low power consumption!
05-04 08:49:06.057 E/PowerManagerService( 2941): Only X4,X3 support this feature for low power consumption!
05-04 08:49:06.128 E/PowerManagerService( 2941): Only X4,X3 support this feature for low power consumption!
05-04 08:50:12.827 E/PowerManagerService( 2941): Only X4,X3 support this feature for low power consumption!
05-04 08:50:12.973 E/ThermalEngine(  504): Unable to read max frequency from online cpu.
05-04 08:50:12.973 E/ThermalEngine(  504): Failed to set desired CPU[1] frequency limit to 2457600
05-04 08:50:12.995 E/Micloud ( 8103): MiCloudServerException
05-04 08:50:12.995 E/Micloud ( 8103): com.xiaomi.accountsdk.request.CipherException: fail to decrypt by aescoder
05-04 08:50:12.995 E/Micloud ( 8103): 	at com.xiaomi.accountsdk.utils.AESCoder.decrypt(AESCoder.java:58)
05-04 08:50:12.995 E/Micloud ( 8103): 	at com.xiaomi.micloudsdk.request.CloudRequestHelper.httpPostRequest(CloudRequestHelper.java:145)
05-04 08:50:12.995 E/Micloud ( 8103): 	at com.xiaomi.micloudsdk.request.CloudRequestHelper.httpPostRequestWithDecodeData(CloudRequestHelper.java:73)
05-04 08:50:12.995 E/Micloud ( 8103): 	at com.xiaomi.micloudsdk.request.Request.execute(Request.java:296)
05-04 08:50:12.995 E/Micloud ( 8103): 	at com.xiaomi.micloudsdk.request.Request.securePost(Request.java:189)
05-04 08:50:12.995 E/Micloud ( 8103): 	at com.xiaomi.micloudsdk.request.Request.securePost(Request.java:181)
05-04 08:50:12.995 E/Micloud ( 8103): 	at com.miui.gallery.util.deviceprovider.BigMiCloudProvider.securePost(BigMiCloudProvider.java:117)
05-04 08:50:12.995 E/Micloud ( 8103): 	at com.miui.gallery.net.GalleryNetwork.performRequest(GalleryNetwork.java:41)
05-04 08:50:12.995 E/Micloud ( 8103): 	at com.android.volley.NetworkDispatcher.run(NetworkDispatcher.java:110)
05-04 08:50:12.995 E/Micloud ( 8103): Caused by: java.lang.IllegalArgumentException: bad base-64
05-04 08:50:12.995 E/Micloud ( 8103): 	at android.util.Base64.decode(Base64.java:161)
05-04 08:50:12.995 E/Micloud ( 8103): 	at android.util.Base64.decode(Base64.java:136)
05-04 08:50:12.995 E/Micloud ( 8103): 	at android.util.Base64.decode(Base64.java:118)
05-04 08:50:12.995 E/Micloud ( 8103): 	at com.xiaomi.accountsdk.utils.AESCoder.decrypt(AESCoder.java:52)
05-04 08:50:12.995 E/Micloud ( 8103): 	... 8 more
05-04 08:50:12.995 E/Micloud ( 8103): CloudServer Exception: 
05-04 08:50:12.995 E/Micloud ( 8103): com.xiaomi.micloudsdk.exception.CloudServerException: status: 0
05-04 08:50:12.995 E/Micloud ( 8103): 	at com.xiaomi.micloudsdk.request.CloudRequestHelper.httpPostRequest(CloudRequestHelper.java:148)
05-04 08:50:12.995 E/Micloud ( 8103): 	at com.xiaomi.micloudsdk.request.CloudRequestHelper.httpPostRequestWithDecodeData(CloudRequestHelper.java:73)
05-04 08:50:12.995 E/Micloud ( 8103): 	at com.xiaomi.micloudsdk.request.Request.execute(Request.java:296)
05-04 08:50:12.995 E/Micloud ( 8103): 	at com.xiaomi.micloudsdk.request.Request.securePost(Request.java:189)
05-04 08:50:12.995 E/Micloud ( 8103): 	at com.xiaomi.micloudsdk.request.Request.securePost(Request.java:181)
05-04 08:50:12.995 E/Micloud ( 8103): 	at com.miui.gallery.util.deviceprovider.BigMiCloudProvider.securePost(BigMiCloudProvider.java:117)
05-04 08:50:12.995 E/Micloud ( 8103): 	at com.miui.gallery.net.GalleryNetwork.performRequest(GalleryNetwork.java:41)
05-04 08:50:12.995 E/Micloud ( 8103): 	at com.android.volley.NetworkDispatcher.run(NetworkDispatcher.java:110)
05-04 08:50:12.996 E/MiuiGallery2_CloudControlRequestHelper( 8103): Request failed, errorCode: NET_ERROR, errorMessage: null, responseData: com.miui.gallery.cloud.GalleryMiCloudServerException.
05-04 08:50:13.050 E/PowerManagerService( 2941): Only X4,X3 support this feature for low power consumption!
05-04 08:52:00.453 E/PowerManagerService( 2941): Only X4,X3 support this feature for low power consumption!
05-04 08:52:00.572 E/ThermalEngine(  504): Unable to read max frequency from online cpu.
05-04 08:52:00.572 E/ThermalEngine(  504): Failed to set desired CPU[2] frequency limit to 2457600
05-04 08:52:00.578 E/ThermalEngine(  504): Unable to read max frequency from online cpu.
05-04 08:52:00.578 E/ThermalEngine(  504): Failed to set desired CPU[1] frequency limit to 2457600
05-04 08:52:00.857 E/PowerManagerService( 2941): Only X4,X3 support this feature for low power consumption!
05-04 08:54:07.233 E/PowerManagerService( 2941): Only X4,X3 support this feature for low power consumption!
05-04 08:54:07.354 E/Icon    ( 4428): Unable to load resource 0xffffffff from pkg=com.xiaomi.xmsf
05-04 08:54:07.354 E/Icon    ( 4428): android.content.res.Resources$NotFoundException: Resource ID #0xffffffff
05-04 08:54:07.354 E/Icon    ( 4428): 	at android.content.res.Resources.getValue(Resources.java:1369)
05-04 08:54:07.354 E/Icon    ( 4428): 	at android.content.res.MiuiResources.getValue(MiuiResources.java:145)
05-04 08:54:07.354 E/Icon    ( 4428): 	at android.content.res.Resources.getDrawable(Resources.java:822)
05-04 08:54:07.354 E/Icon    ( 4428): 	at android.graphics.drawable.Icon.loadDrawableInner(Icon.java:313)
05-04 08:54:07.354 E/Icon    ( 4428): 	at android.graphics.drawable.Icon.loadDrawable(Icon.java:269)
05-04 08:54:07.354 E/Icon    ( 4428): 	at android.widget.ImageView.setImageIcon(ImageView.java:498)
05-04 08:54:07.354 E/Icon    ( 4428): 	at java.lang.reflect.Method.invoke(Native Method)
05-04 08:54:07.354 E/Icon    ( 4428): 	at android.widget.RemoteViews$ReflectionAction.apply(RemoteViews.java:1296)
05-04 08:54:07.354 E/Icon    ( 4428): 	at android.widget.RemoteViews.performApply(RemoteViews.java:2804)
05-04 08:54:07.354 E/Icon    ( 4428): 	at android.widget.RemoteViews.apply(RemoteViews.java:2764)
05-04 08:54:07.354 E/Icon    ( 4428): 	at com.android.systemui.statusbar.BaseStatusBar.inflateViews(BaseStatusBar.java:635)
05-04 08:54:07.354 E/Icon    ( 4428): 	at com.android.systemui.statusbar.BaseStatusBar.addNotificationViews(BaseStatusBar.java:1012)
05-04 08:54:07.354 E/Icon    ( 4428): 	at com.android.systemui.statusbar.phone.PhoneStatusBar.addNotification(PhoneStatusBar.java:1825)
05-04 08:54:07.354 E/Icon    ( 4428): 	at com.android.systemui.statusbar.CommandQueue$H.handleMessage(CommandQueue.java:442)
05-04 08:54:07.354 E/Icon    ( 4428): 	at android.os.Handler.dispatchMessage(Handler.java:102)
05-04 08:54:07.354 E/Icon    ( 4428): 	at android.os.Looper.loop(Looper.java:154)
05-04 08:54:07.354 E/Icon    ( 4428): 	at android.app.ActivityThread.main(ActivityThread.java:5462)
05-04 08:54:07.354 E/Icon    ( 4428): 	at java.lang.reflect.Method.invoke(Native Method)
05-04 08:54:07.354 E/Icon    ( 4428): 	at com.android.internal.os.ZygoteInit$MethodAndArgsCaller.run(ZygoteInit.java:739)
05-04 08:54:07.354 E/Icon    ( 4428): 	at com.android.internal.os.ZygoteInit.main(ZygoteInit.java:629)
05-04 08:54:07.417 E/PowerManagerService( 2941): Only X4,X3 support this feature for low power consumption!
05-04 08:54:09.109 E/PowerManagerService( 2941): Only X4,X3 support this feature for low power consumption!
05-04 08:54:09.131 E/DatabaseUtils( 2941): Writing exception to parcel
05-04 08:54:09.131 E/DatabaseUtils( 2941): java.lang.SecurityException: com.sogou.activity.src was not granted  this permission: android.permission.WRITE_SETTINGS.
05-04 08:54:09.131 E/DatabaseUtils( 2941): 	at android.provider.Settings.isCallingPackageAllowedToPerformAppOpsProtectedOperation(Settings.java:8507)
05-04 08:54:09.131 E/DatabaseUtils( 2941): 	at android.provider.Settings.checkAndNoteWriteSettingsOperation(Settings.java:8389)
05-04 08:54:09.131 E/DatabaseUtils( 2941): 	at com.android.providers.settings.SettingsProvider.mutateSystemSetting(SettingsProvider.java:915)
05-04 08:54:09.131 E/DatabaseUtils( 2941): 	at com.android.providers.settings.SettingsProvider.insertSystemSetting(SettingsProvider.java:890)
05-04 08:54:09.131 E/DatabaseUtils( 2941): 	at com.android.providers.settings.SettingsProvider.call(SettingsProvider.java:263)
05-04 08:54:09.131 E/DatabaseUtils( 2941): 	at android.content.ContentProvider$Transport.call(ContentProvider.java:398)
05-04 08:54:09.131 E/DatabaseUtils( 2941): 	at android.content.ContentProviderNative.onTransact(ContentProviderNative.java:283)
05-04 08:54:09.131 E/DatabaseUtils( 2941): 	at android.os.Binder.execTransact(Binder.java:453)
05-04 08:54:09.135 E/DatabaseUtils( 2941): Writing exception to parcel
05-04 08:54:09.135 E/DatabaseUtils( 2941): java.lang.SecurityException: com.sogou.activity.src was not granted  this permission: android.permission.WRITE_SETTINGS.
05-04 08:54:09.135 E/DatabaseUtils( 2941): 	at android.provider.Settings.isCallingPackageAllowedToPerformAppOpsProtectedOperation(Settings.java:8507)
05-04 08:54:09.135 E/DatabaseUtils( 2941): 	at android.provider.Settings.checkAndNoteWriteSettingsOperation(Settings.java:8389)
05-04 08:54:09.135 E/DatabaseUtils( 2941): 	at com.android.providers.settings.SettingsProvider.mutateSystemSetting(SettingsProvider.java:915)
05-04 08:54:09.135 E/DatabaseUtils( 2941): 	at com.android.providers.settings.SettingsProvider.insertSystemSetting(SettingsProvider.java:890)
05-04 08:54:09.135 E/DatabaseUtils( 2941): 	at com.android.providers.settings.SettingsProvider.call(SettingsProvider.java:263)
05-04 08:54:09.135 E/DatabaseUtils( 2941): 	at android.content.ContentProvider$Transport.call(ContentProvider.java:398)
05-04 08:54:09.135 E/DatabaseUtils( 2941): 	at android.content.ContentProviderNative.onTransact(ContentProviderNative.java:283)
05-04 08:54:09.135 E/DatabaseUtils( 2941): 	at android.os.Binder.execTransact(Binder.java:453)
05-04 08:54:09.196 E/ThermalEngine(  504): Unable to read max frequency from online cpu.
05-04 08:54:09.197 E/ThermalEngine(  504): Failed to set desired CPU[2] frequency limit to 2457600
05-04 08:54:09.201 E/Metok   ( 5032): get current cell error
05-04 08:54:09.203 E/ThermalEngine(  504): Unable to read max frequency from online cpu.
05-04 08:54:09.203 E/ThermalEngine(  504): Failed to set desired CPU[1] frequency limit to 2457600
05-04 08:54:09.222 E/PowerManagerService( 2941): Only X4,X3 support this feature for low power consumption!
05-04 08:54:09.338 E/MI_STAT ( 5072): parseUploadingResult exception 
05-04 08:54:09.338 E/MI_STAT ( 5072): org.json.JSONException: Value <!DOCTYPE of type java.lang.String cannot be converted to JSONObject
05-04 08:54:09.338 E/MI_STAT ( 5072): 	at org.json.JSON.typeMismatch(JSON.java:111)
05-04 08:54:09.338 E/MI_STAT ( 5072): 	at org.json.JSONObject.<init>(JSONObject.java:160)
05-04 08:54:09.338 E/MI_STAT ( 5072): 	at org.json.JSONObject.<init>(JSONObject.java:173)
05-04 08:54:09.338 E/MI_STAT ( 5072): 	at com.xiaomi.mistatistic.sdk.controller.asyncjobs.c.a(RemoteDataUploadJob.java:116)
05-04 08:54:09.338 E/MI_STAT ( 5072): 	at com.xiaomi.mistatistic.sdk.controller.asyncjobs.c.a(RemoteDataUploadJob.java:24)
05-04 08:54:09.338 E/MI_STAT ( 5072): 	at com.xiaomi.mistatistic.sdk.controller.asyncjobs.c$1.a(RemoteDataUploadJob.java:99)
05-04 08:54:09.338 E/MI_STAT ( 5072): 	at com.xiaomi.mistatistic.sdk.controller.j$1$1.a(NetworkUtils.java:528)
05-04 08:54:09.338 E/MI_STAT ( 5072): 	at com.xiaomi.mistatistic.sdk.controller.d$1.run(AsyncJobDispatcher.java:51)
05-04 08:54:09.338 E/MI_STAT ( 5072): 	at android.os.Handler.handleCallback(Handler.java:742)
05-04 08:54:09.338 E/MI_STAT ( 5072): 	at android.os.Handler.dispatchMessage(Handler.java:95)
05-04 08:54:09.338 E/MI_STAT ( 5072): 	at android.os.Looper.loop(Looper.java:154)
05-04 08:54:09.338 E/MI_STAT ( 5072): 	at android.os.HandlerThread.run(HandlerThread.java:61)
05-04 08:55:12.710 E/PowerManagerService( 2941): Only X4,X3 support this feature for low power consumption!
05-04 08:55:12.781 E/PowerManagerService( 2941): Only X4,X3 support this feature for low power consumption!
05-04 08:59:09.982 E/PowerManagerService( 2941): Only X4,X3 support this feature for low power consumption!
05-04 08:59:09.999 E/DatabaseUtils( 2941): Writing exception to parcel
05-04 08:59:09.999 E/DatabaseUtils( 2941): java.lang.SecurityException: com.sogou.activity.src was not granted  this permission: android.permission.WRITE_SETTINGS.
05-04 08:59:09.999 E/DatabaseUtils( 2941): 	at android.provider.Settings.isCallingPackageAllowedToPerformAppOpsProtectedOperation(Settings.java:8507)
05-04 08:59:09.999 E/DatabaseUtils( 2941): 	at android.provider.Settings.checkAndNoteWriteSettingsOperation(Settings.java:8389)
05-04 08:59:09.999 E/DatabaseUtils( 2941): 	at com.android.providers.settings.SettingsProvider.mutateSystemSetting(SettingsProvider.java:915)
05-04 08:59:09.999 E/DatabaseUtils( 2941): 	at com.android.providers.settings.SettingsProvider.insertSystemSetting(SettingsProvider.java:890)
05-04 08:59:09.999 E/DatabaseUtils( 2941): 	at com.android.providers.settings.SettingsProvider.call(SettingsProvider.java:263)
05-04 08:59:09.999 E/DatabaseUtils( 2941): 	at android.content.ContentProvider$Transport.call(ContentProvider.java:398)
05-04 08:59:09.999 E/DatabaseUtils( 2941): 	at android.content.ContentProviderNative.onTransact(ContentProviderNative.java:283)
05-04 08:59:09.999 E/DatabaseUtils( 2941): 	at android.os.Binder.execTransact(Binder.java:453)
05-04 08:59:10.002 E/DatabaseUtils( 2941): Writing exception to parcel
05-04 08:59:10.002 E/DatabaseUtils( 2941): java.lang.SecurityException: com.sogou.activity.src was not granted  this permission: android.permission.WRITE_SETTINGS.
05-04 08:59:10.002 E/DatabaseUtils( 2941): 	at android.provider.Settings.isCallingPackageAllowedToPerformAppOpsProtectedOperation(Settings.java:8507)
05-04 08:59:10.002 E/DatabaseUtils( 2941): 	at android.provider.Settings.checkAndNoteWriteSettingsOperation(Settings.java:8389)
05-04 08:59:10.002 E/DatabaseUtils( 2941): 	at com.android.providers.settings.SettingsProvider.mutateSystemSetting(SettingsProvider.java:915)
05-04 08:59:10.002 E/DatabaseUtils( 2941): 	at com.android.providers.settings.SettingsProvider.insertSystemSetting(SettingsProvider.java:890)
05-04 08:59:10.002 E/DatabaseUtils( 2941): 	at com.android.providers.settings.SettingsProvider.call(SettingsProvider.java:263)
05-04 08:59:10.002 E/DatabaseUtils( 2941): 	at android.content.ContentProvider$Transport.call(ContentProvider.java:398)
05-04 08:59:10.002 E/DatabaseUtils( 2941): 	at android.content.ContentProviderNative.onTransact(ContentProviderNative.java:283)
05-04 08:59:10.002 E/DatabaseUtils( 2941): 	at android.os.Binder.execTransact(Binder.java:453)
05-04 08:59:10.093 E/ThermalEngine(  504): Unable to read max frequency from online cpu.
05-04 08:59:10.093 E/ThermalEngine(  504): Failed to set desired CPU[1] frequency limit to 2457600
05-04 08:59:10.240 E/Micloud ( 8103): MiCloudServerException
05-04 08:59:10.240 E/Micloud ( 8103): com.xiaomi.accountsdk.request.CipherException: fail to decrypt by aescoder
05-04 08:59:10.240 E/Micloud ( 8103): 	at com.xiaomi.accountsdk.utils.AESCoder.decrypt(AESCoder.java:58)
05-04 08:59:10.240 E/Micloud ( 8103): 	at com.xiaomi.micloudsdk.request.CloudRequestHelper.httpPostRequest(CloudRequestHelper.java:145)
05-04 08:59:10.240 E/Micloud ( 8103): 	at com.xiaomi.micloudsdk.request.CloudRequestHelper.httpPostRequestWithDecodeData(CloudRequestHelper.java:73)
05-04 08:59:10.240 E/Micloud ( 8103): 	at com.xiaomi.micloudsdk.request.Request.execute(Request.java:296)
05-04 08:59:10.240 E/Micloud ( 8103): 	at com.xiaomi.micloudsdk.request.Request.securePost(Request.java:189)
05-04 08:59:10.240 E/Micloud ( 8103): 	at com.xiaomi.micloudsdk.request.Request.securePost(Request.java:181)
05-04 08:59:10.240 E/Micloud ( 8103): 	at com.miui.gallery.util.deviceprovider.BigMiCloudProvider.securePost(BigMiCloudProvider.java:117)
05-04 08:59:10.240 E/Micloud ( 8103): 	at com.miui.gallery.net.GalleryNetwork.performRequest(GalleryNetwork.java:41)
05-04 08:59:10.240 E/Micloud ( 8103): 	at com.android.volley.NetworkDispatcher.run(NetworkDispatcher.java:110)
05-04 08:59:10.240 E/Micloud ( 8103): Caused by: java.lang.IllegalArgumentException: bad base-64
05-04 08:59:10.240 E/Micloud ( 8103): 	at android.util.Base64.decode(Base64.java:161)
05-04 08:59:10.240 E/Micloud ( 8103): 	at android.util.Base64.decode(Base64.java:136)
05-04 08:59:10.240 E/Micloud ( 8103): 	at android.util.Base64.decode(Base64.java:118)
05-04 08:59:10.240 E/Micloud ( 8103): 	at com.xiaomi.accountsdk.utils.AESCoder.decrypt(AESCoder.java:52)
05-04 08:59:10.240 E/Micloud ( 8103): 	... 8 more
05-04 08:59:10.240 E/Micloud ( 8103): CloudServer Exception: 
05-04 08:59:10.240 E/Micloud ( 8103): com.xiaomi.micloudsdk.exception.CloudServerException: status: 0
05-04 08:59:10.240 E/Micloud ( 8103): 	at com.xiaomi.micloudsdk.request.CloudRequestHelper.httpPostRequest(CloudRequestHelper.java:148)
05-04 08:59:10.240 E/Micloud ( 8103): 	at com.xiaomi.micloudsdk.request.CloudRequestHelper.httpPostRequestWithDecodeData(CloudRequestHelper.java:73)
05-04 08:59:10.240 E/Micloud ( 8103): 	at com.xiaomi.micloudsdk.request.Request.execute(Request.java:296)
05-04 08:59:10.240 E/Micloud ( 8103): 	at com.xiaomi.micloudsdk.request.Request.securePost(Request.java:189)
05-04 08:59:10.240 E/Micloud ( 8103): 	at com.xiaomi.micloudsdk.request.Request.securePost(Request.java:181)
05-04 08:59:10.240 E/Micloud ( 8103): 	at com.miui.gallery.util.deviceprovider.BigMiCloudProvider.securePost(BigMiCloudProvider.java:117)
05-04 08:59:10.240 E/Micloud ( 8103): 	at com.miui.gallery.net.GalleryNetwork.performRequest(GalleryNetwork.java:41)
05-04 08:59:10.240 E/Micloud ( 8103): 	at com.android.volley.NetworkDispatcher.run(NetworkDispatcher.java:110)
05-04 08:59:10.241 E/MiuiGallery2_CloudControlRequestHelper( 8103): Request failed, errorCode: NET_ERROR, errorMessage: null, responseData: com.miui.gallery.cloud.GalleryMiCloudServerException.
05-04 08:59:14.958 E/ThermalEngine(  504): Unable to read max frequency from online cpu.
05-04 08:59:14.958 E/ThermalEngine(  504): Failed to set desired CPU[3] frequency limit to 2457600
05-04 08:59:15.307 E/ThermalEngine(  504): Unable to read max frequency from online cpu.
05-04 08:59:15.307 E/ThermalEngine(  504): Failed to set desired CPU[2] frequency limit to 2457600
05-04 08:59:15.314 E/ThermalEngine(  504): Unable to read max frequency from online cpu.
05-04 08:59:15.315 E/ThermalEngine(  504): Failed to set desired CPU[1] frequency limit to 2457600
05-04 08:59:20.307 E/ThermalEngine(  504): Unable to read max frequency from online cpu.
05-04 08:59:20.307 E/ThermalEngine(  504): Failed to set desired CPU[3] frequency limit to 2457600
05-04 08:59:20.315 E/ThermalEngine(  504): Unable to read max frequency from online cpu.
05-04 08:59:20.315 E/ThermalEngine(  504): Failed to set desired CPU[2] frequency limit to 2457600
05-04 08:59:22.857 E/ThermalEngine(  504): Unable to read max frequency from online cpu.
05-04 08:59:22.858 E/ThermalEngine(  504): Failed to set desired CPU[3] frequency limit to 2457600
05-04 08:59:23.891 E/Metok   ( 5032): get current cell error
05-04 08:59:23.954 E/AD-PLUGIN-PushAdManager( 5410): request error, msg: ERROR_INVALID_RESPONSE
05-04 08:59:25.469 E/ThermalEngine(  504): Unable to read max frequency from online cpu.
05-04 08:59:25.469 E/ThermalEngine(  504): Failed to set desired CPU[3] frequency limit to 2457600
05-04 08:59:25.476 E/ThermalEngine(  504): Unable to read max frequency from online cpu.
05-04 08:59:25.476 E/ThermalEngine(  504): Failed to set desired CPU[2] frequency limit to 2457600
05-04 08:59:25.480 E/ThermalEngine(  504): Unable to read max frequency from online cpu.
05-04 08:59:25.480 E/ThermalEngine(  504): Failed to set desired CPU[1] frequency limit to 2457600
05-04 08:59:26.404 E/PowerManagerService( 2941): Only X4,X3 support this feature for low power consumption!
05-04 08:59:26.409 E/ThermalEngine(  504): Unable to read max frequency from online cpu.
05-04 08:59:26.409 E/ThermalEngine(  504): Failed to set desired CPU[3] frequency limit to 2457600
05-04 08:59:26.409 E/PowerManagerService( 2941): Only X4,X3 support this feature for low power consumption!
