05-03 19:28:34.158 E/LocSvc_libulp( 2941): I/int ulp_brain_process_zpp_position_report(loc_sess_status, LocPosTechMask, UlpLocation*), report ZPP position to providers,report_position = 1
05-03 19:28:34.158 E/IzatSvc_PassiveLocListener( 2941): E/Exiting with error virtual void izat_manager::IzatPassiveLocationListener::onLocationChanged(const izat_manager::IzatLocation*, izat_manager::IzatLocationStatus) line 113 "1"
05-03 19:28:47.907 E/ThermalEngine(  504): Unable to read max frequency from online cpu.
05-03 19:28:47.907 E/ThermalEngine(  504): Failed to set desired CPU[3] frequency limit to 2457600
05-03 19:28:58.106 E/ThermalEngine(  504): Unable to read max frequency from online cpu.
05-03 19:28:58.106 E/ThermalEngine(  504): Failed to set desired CPU[3] frequency limit to 2457600
05-03 19:29:08.307 E/ThermalEngine(  504): Unable to read max frequency from online cpu.
05-03 19:29:08.307 E/ThermalEngine(  504): Failed to set desired CPU[3] frequency limit to 2457600
05-03 19:29:11.921 E/ThermalEngine(  504): Unable to read max frequency from online cpu.
05-03 19:29:11.921 E/ThermalEngine(  504): Failed to set desired CPU[2] frequency limit to 2457600
05-03 19:29:18.509 E/ThermalEngine(  504): Unable to read max frequency from online cpu.
05-03 19:29:18.509 E/ThermalEngine(  504): Failed to set desired CPU[3] frequency limit to 2457600
05-03 19:29:28.707 E/ThermalEngine(  504): Unable to read max frequency from online cpu.
05-03 19:29:28.707 E/ThermalEngine(  504): Failed to set desired CPU[3] frequency limit to 2457600
05-03 19:29:34.151 E/LocSvc_libulp( 2941): I/int ulp_msg_process_system_update(UlpSystemEvent): systemEvent:5 
05-03 19:29:34.151 E/LocSvc_libulp( 2941): I/int ulp_msg_process_start_req(), at ulp state = 1
05-03 19:29:34.152 E/LocSvc_api_v02( 2941): I/---> locClientSendReq line 2020 QMI_LOC_GET_BEST_AVAILABLE_POSITION_REQ_V02
05-03 19:29:34.157 E/LocSvc_ApiV02( 2941): I/<--- void globalRespCb(locClientHandleType, uint32_t, locClientRespIndUnionType, void*) line 115 QMI_LOC_GET_BEST_AVAILABLE_POSITION_REQ_V02
05-03 19:29:34.158 E/LocSvc_libulp( 2941): I/int ulp_brain_process_zpp_position_report(loc_sess_status, LocPosTechMask, UlpLocation*), report ZPP position to providers,report_position = 1
05-03 19:29:34.158 E/IzatSvc_PassiveLocListener( 2941): E/Exiting with error virtual void izat_manager::IzatPassiveLocationListener::onLocationChanged(const izat_manager::IzatLocation*, izat_manager::IzatLocationStatus) line 113 "1"
05-03 19:29:39.500 E/NetlinkEvent(  452): NetlinkEvent::FindParam(): Parameter 'TIME_NS' not found
05-03 19:29:39.500 E/NetlinkEvent(  452): NetlinkEvent::FindParam(): Parameter 'UID' not found
05-03 19:29:40.855 E/NetlinkEvent(  452): NetlinkEvent::FindParam(): Parameter 'TIME_NS' not found
05-03 19:29:40.855 E/NetlinkEvent(  452): NetlinkEvent::FindParam(): Parameter 'UID' not found
05-03 19:29:45.155 E/ThermalEngine(  504): Unable to read max frequency from online cpu.
05-03 19:29:45.155 E/ThermalEngine(  504): Failed to set desired CPU[3] frequency limit to 2457600
05-03 19:29:47.153 E/ThermalEngine(  504): Unable to read max frequency from online cpu.
05-03 19:29:47.153 E/ThermalEngine(  504): Failed to set desired CPU[3] frequency limit to 2457600
05-03 19:29:47.163 E/ThermalEngine(  504): Unable to read max frequency from online cpu.
05-03 19:29:47.163 E/ThermalEngine(  504): Failed to set desired CPU[2] frequency limit to 2457600
05-03 19:29:53.204 E/ThermalEngine(  504): Unable to read max frequency from online cpu.
05-03 19:29:53.204 E/ThermalEngine(  504): Failed to set desired CPU[3] frequency limit to 2457600
05-03 19:29:59.055 E/ThermalEngine(  504): Unable to read max frequency from online cpu.
05-03 19:29:59.058 E/ThermalEngine(  504): Failed to set desired CPU[3] frequency limit to 2457600
05-03 19:30:00.154 E/ThermalEngine(  504): Unable to read max frequency from online cpu.
05-03 19:30:00.154 E/ThermalEngine(  504): Failed to set desired CPU[3] frequency limit to 2457600
05-03 19:30:00.301 E/ThermalEngine(  504): Unable to read max frequency from online cpu.
05-03 19:30:00.301 E/ThermalEngine(  504): Failed to set desired CPU[2] frequency limit to 2457600
05-03 19:30:06.147 E/ThermalEngine(  504): Unable to read max frequency from online cpu.
05-03 19:30:06.147 E/ThermalEngine(  504): Failed to set desired CPU[2] frequency limit to 2457600
05-03 19:30:06.155 E/ThermalEngine(  504): Unable to read max frequency from online cpu.
05-03 19:30:06.156 E/ThermalEngine(  504): Failed to set desired CPU[1] frequency limit to 2457600
05-03 19:30:08.303 E/ThermalEngine(  504): Unable to read max frequency from online cpu.
05-03 19:30:08.303 E/ThermalEngine(  504): Failed to set desired CPU[3] frequency limit to 2457600
05-03 19:30:08.306 E/ThermalEngine(  504): Unable to read max frequency from online cpu.
05-03 19:30:08.306 E/ThermalEngine(  504): Failed to set desired CPU[2] frequency limit to 2457600
05-03 19:30:19.305 E/ThermalEngine(  504): Unable to read max frequency from online cpu.
05-03 19:30:19.305 E/ThermalEngine(  504): Failed to set desired CPU[3] frequency limit to 2457600
05-03 19:30:29.508 E/ThermalEngine(  504): Unable to read max frequency from online cpu.
05-03 19:30:29.508 E/ThermalEngine(  504): Failed to set desired CPU[3] frequency limit to 2457600
05-03 19:30:34.151 E/LocSvc_libulp( 2941): I/int ulp_msg_process_system_update(UlpSystemEvent): systemEvent:5 
05-03 19:30:34.152 E/LocSvc_libulp( 2941): I/int ulp_msg_process_start_req(), at ulp state = 1
05-03 19:30:34.152 E/LocSvc_api_v02( 2941): I/---> locClientSendReq line 2020 QMI_LOC_GET_BEST_AVAILABLE_POSITION_REQ_V02
05-03 19:30:34.157 E/LocSvc_ApiV02( 2941): I/<--- void globalRespCb(locClientHandleType, uint32_t, locClientRespIndUnionType, void*) line 115 QMI_LOC_GET_BEST_AVAILABLE_POSITION_REQ_V02
05-03 19:30:34.158 E/LocSvc_libulp( 2941): I/int ulp_brain_process_zpp_position_report(loc_sess_status, LocPosTechMask, UlpLocation*), report ZPP position to providers,report_position = 1
05-03 19:30:34.158 E/IzatSvc_PassiveLocListener( 2941): E/Exiting with error virtual void izat_manager::IzatPassiveLocationListener::onLocationChanged(const izat_manager::IzatLocation*, izat_manager::IzatLocationStatus) line 113 "1"
05-03 19:30:35.001 E/CoreDaemon(11453): not Start Daemon in coredaemon
05-03 19:30:35.008 E/CoreDaemon(11452): not Start Daemon in coredaemon
05-03 19:30:35.454 E/ThermalEngine(  504): Unable to read max frequency from online cpu.
05-03 19:30:35.454 E/ThermalEngine(  504): Failed to set desired CPU[3] frequency limit to 2457600
05-03 19:30:35.458 E/ThermalEngine(  504): Unable to read max frequency from online cpu.
05-03 19:30:35.458 E/ThermalEngine(  504): Failed to set desired CPU[2] frequency limit to 2457600
05-03 19:30:37.503 E/ThermalEngine(  504): Unable to read max frequency from online cpu.
05-03 19:30:37.503 E/ThermalEngine(  504): Failed to set desired CPU[3] frequency limit to 2457600
05-03 19:30:37.506 E/ThermalEngine(  504): Unable to read max frequency from online cpu.
05-03 19:30:37.506 E/ThermalEngine(  504): Failed to set desired CPU[2] frequency limit to 2457600
05-03 19:30:44.754 E/ThermalEngine(  504): Unable to read max frequency from online cpu.
05-03 19:30:44.755 E/ThermalEngine(  504): Failed to set desired CPU[3] frequency limit to 2457600
05-03 19:30:44.803 E/ThermalEngine(  504): Unable to read max frequency from online cpu.
05-03 19:30:44.803 E/ThermalEngine(  504): Failed to set desired CPU[2] frequency limit to 2457600
05-03 19:30:45.312 E/ThermalEngine(  504): Unable to read max frequency from online cpu.
05-03 19:30:45.312 E/ThermalEngine(  504): Failed to set desired CPU[1] frequency limit to 2457600
05-03 19:30:49.804 E/ThermalEngine(  504): Unable to read max frequency from online cpu.
05-03 19:30:49.804 E/ThermalEngine(  504): Failed to set desired CPU[3] frequency limit to 2457600
05-03 19:30:49.809 E/ThermalEngine(  504): Unable to read max frequency from online cpu.
05-03 19:30:49.809 E/ThermalEngine(  504): Failed to set desired CPU[2] frequency limit to 2457600
05-03 19:30:54.255 E/ThermalEngine(  504): Unable to read max frequency from online cpu.
05-03 19:30:54.255 E/ThermalEngine(  504): Failed to set desired CPU[3] frequency limit to 2457600
05-03 19:30:54.402 E/ThermalEngine(  504): Unable to read max frequency from online cpu.
05-03 19:30:54.402 E/ThermalEngine(  504): Failed to set desired CPU[2] frequency limit to 2457600
05-03 19:31:00.007 E/ThermalEngine(  504): Unable to read max frequency from online cpu.
05-03 19:31:00.007 E/ThermalEngine(  504): Failed to set desired CPU[3] frequency limit to 2457600
05-03 19:31:10.257 E/ThermalEngine(  504): Unable to read max frequency from online cpu.
05-03 19:31:10.258 E/ThermalEngine(  504): Failed to set desired CPU[3] frequency limit to 2457600
05-03 19:31:16.703 E/ThermalEngine(  504): Unable to read max frequency from online cpu.
05-03 19:31:16.703 E/ThermalEngine(  504): Failed to set desired CPU[3] frequency limit to 2457600
05-03 19:31:20.953 E/ThermalEngine(  504): Unable to read max frequency from online cpu.
05-03 19:31:20.953 E/ThermalEngine(  504): Failed to set desired CPU[3] frequency limit to 2457600
05-03 19:31:21.203 E/ThermalEngine(  504): Unable to read max frequency from online cpu.
05-03 19:31:21.203 E/ThermalEngine(  504): Failed to set desired CPU[2] frequency limit to 2457600
05-03 19:31:23.085 E/ThermalEngine(  504): Unable to read max frequency from online cpu.
05-03 19:31:23.085 E/ThermalEngine(  504): Failed to set desired CPU[3] frequency limit to 2457600
05-03 19:31:30.506 E/ThermalEngine(  504): Unable to read max frequency from online cpu.
05-03 19:31:30.506 E/ThermalEngine(  504): Failed to set desired CPU[3] frequency limit to 2457600
05-03 19:31:34.152 E/LocSvc_libulp( 2941): I/int ulp_msg_process_system_update(UlpSystemEvent): systemEvent:5 
05-03 19:31:34.152 E/LocSvc_libulp( 2941): I/int ulp_msg_process_start_req(), at ulp state = 1
05-03 19:31:34.152 E/LocSvc_api_v02( 2941): I/---> locClientSendReq line 2020 QMI_LOC_GET_BEST_AVAILABLE_POSITION_REQ_V02
05-03 19:31:34.158 E/LocSvc_ApiV02( 2941): I/<--- void globalRespCb(locClientHandleType, uint32_t, locClientRespIndUnionType, void*) line 115 QMI_LOC_GET_BEST_AVAILABLE_POSITION_REQ_V02
05-03 19:31:34.158 E/LocSvc_libulp( 2941): I/int ulp_brain_process_zpp_position_report(loc_sess_status, LocPosTechMask, UlpLocation*), report ZPP position to providers,report_position = 1
05-03 19:31:34.158 E/IzatSvc_PassiveLocListener( 2941): E/Exiting with error virtual void izat_manager::IzatPassiveLocationListener::onLocationChanged(const izat_manager::IzatLocation*, izat_manager::IzatLocationStatus) line 113 "1"
05-03 19:31:40.865 E/ThermalEngine(  504): Unable to read max frequency from online cpu.
05-03 19:31:40.865 E/ThermalEngine(  504): Failed to set desired CPU[2] frequency limit to 2457600
05-03 19:31:49.071 E/DatabaseUtils( 2941): Writing exception to parcel
05-03 19:31:49.071 E/DatabaseUtils( 2941): java.lang.SecurityException: com.sogou.activity.src was not granted  this permission: android.permission.WRITE_SETTINGS.
05-03 19:31:49.071 E/DatabaseUtils( 2941): 	at android.provider.Settings.isCallingPackageAllowedToPerformAppOpsProtectedOperation(Settings.java:8507)
05-03 19:31:49.071 E/DatabaseUtils( 2941): 	at android.provider.Settings.checkAndNoteWriteSettingsOperation(Settings.java:8389)
05-03 19:31:49.071 E/DatabaseUtils( 2941): 	at com.android.providers.settings.SettingsProvider.mutateSystemSetting(SettingsProvider.java:915)
05-03 19:31:49.071 E/DatabaseUtils( 2941): 	at com.android.providers.settings.SettingsProvider.insertSystemSetting(SettingsProvider.java:890)
05-03 19:31:49.071 E/DatabaseUtils( 2941): 	at com.android.providers.settings.SettingsProvider.call(SettingsProvider.java:263)
05-03 19:31:49.071 E/DatabaseUtils( 2941): 	at android.content.ContentProvider$Transport.call(ContentProvider.java:398)
05-03 19:31:49.071 E/DatabaseUtils( 2941): 	at android.content.ContentProviderNative.onTransact(ContentProviderNative.java:283)
05-03 19:31:49.071 E/DatabaseUtils( 2941): 	at android.os.Binder.execTransact(Binder.java:453)
05-03 19:31:49.078 E/DatabaseUtils( 2941): Writing exception to parcel
05-03 19:31:49.078 E/DatabaseUtils( 2941): java.lang.SecurityException: com.sogou.activity.src was not granted  this permission: android.permission.WRITE_SETTINGS.
05-03 19:31:49.078 E/DatabaseUtils( 2941): 	at android.provider.Settings.isCallingPackageAllowedToPerformAppOpsProtectedOperation(Settings.java:8507)
05-03 19:31:49.078 E/DatabaseUtils( 2941): 	at android.provider.Settings.checkAndNoteWriteSettingsOperation(Settings.java:8389)
05-03 19:31:49.078 E/DatabaseUtils( 2941): 	at com.android.providers.settings.SettingsProvider.mutateSystemSetting(SettingsProvider.java:915)
05-03 19:31:49.078 E/DatabaseUtils( 2941): 	at com.android.providers.settings.SettingsProvider.insertSystemSetting(SettingsProvider.java:890)
05-03 19:31:49.078 E/DatabaseUtils( 2941): 	at com.android.providers.settings.SettingsProvider.call(SettingsProvider.java:263)
05-03 19:31:49.078 E/DatabaseUtils( 2941): 	at android.content.ContentProvider$Transport.call(ContentProvider.java:398)
05-03 19:31:49.078 E/DatabaseUtils( 2941): 	at android.content.ContentProviderNative.onTransact(ContentProviderNative.java:283)
05-03 19:31:49.078 E/DatabaseUtils( 2941): 	at android.os.Binder.execTransact(Binder.java:453)
05-03 19:31:49.154 E/ThermalEngine(  504): Unable to read max frequency from online cpu.
05-03 19:31:49.154 E/ThermalEngine(  504): Failed to set desired CPU[3] frequency limit to 2457600
05-03 19:31:49.161 E/ThermalEngine(  504): Unable to read max frequency from online cpu.
05-03 19:31:49.162 E/ThermalEngine(  504): Failed to set desired CPU[2] frequency limit to 2457600
05-03 19:31:49.201 E/ThermalEngine(  504): Unable to read max frequency from online cpu.
05-03 19:31:49.201 E/ThermalEngine(  504): Failed to set desired CPU[1] frequency limit to 2457600
05-03 19:31:57.004 E/ThermalEngine(  504): Unable to read max frequency from online cpu.
05-03 19:31:57.004 E/ThermalEngine(  504): Failed to set desired CPU[3] frequency limit to 2457600
05-03 19:32:10.908 E/ThermalEngine(  504): Unable to read max frequency from online cpu.
05-03 19:32:10.908 E/ThermalEngine(  504): Failed to set desired CPU[3] frequency limit to 2457600
05-03 19:32:21.108 E/ThermalEngine(  504): Unable to read max frequency from online cpu.
05-03 19:32:21.108 E/ThermalEngine(  504): Failed to set desired CPU[3] frequency limit to 2457600
05-03 19:32:26.303 E/ThermalEngine(  504): Unable to read max frequency from online cpu.
05-03 19:32:26.303 E/ThermalEngine(  504): Failed to set desired CPU[3] frequency limit to 2457600
05-03 19:32:26.306 E/ThermalEngine(  504): Unable to read max frequency from online cpu.
05-03 19:32:26.306 E/ThermalEngine(  504): Failed to set desired CPU[2] frequency limit to 2457600
05-03 19:32:34.152 E/LocSvc_libulp( 2941): I/int ulp_msg_process_system_update(UlpSystemEvent): systemEvent:5 
05-03 19:32:34.152 E/LocSvc_libulp( 2941): I/int ulp_msg_process_start_req(), at ulp state = 1
05-03 19:32:34.152 E/LocSvc_api_v02( 2941): I/---> locClientSendReq line 2020 QMI_LOC_GET_BEST_AVAILABLE_POSITION_REQ_V02
05-03 19:32:34.156 E/LocSvc_ApiV02( 2941): I/<--- void globalRespCb(locClientHandleType, uint32_t, locClientRespIndUnionType, void*) line 115 QMI_LOC_GET_BEST_AVAILABLE_POSITION_REQ_V02
05-03 19:32:34.157 E/LocSvc_libulp( 2941): I/int ulp_brain_process_zpp_position_report(loc_sess_status, LocPosTechMask, UlpLocation*), report ZPP position to providers,report_position = 1
05-03 19:32:34.157 E/IzatSvc_PassiveLocListener( 2941): E/Exiting with error virtual void izat_manager::IzatPassiveLocationListener::onLocationChanged(const izat_manager::IzatLocation*, izat_manager::IzatLocationStatus) line 113 "1"
05-03 19:32:35.403 E/ThermalEngine(  504): Unable to read max frequency from online cpu.
05-03 19:32:35.404 E/ThermalEngine(  504): Failed to set desired CPU[3] frequency limit to 2457600
05-03 19:32:41.356 E/ThermalEngine(  504): Unable to read max frequency from online cpu.
05-03 19:32:41.356 E/ThermalEngine(  504): Failed to set desired CPU[3] frequency limit to 2457600
05-03 19:32:59.506 E/ThermalEngine(  504): Unable to read max frequency from online cpu.
05-03 19:32:59.509 E/ThermalEngine(  504): Failed to set desired CPU[3] frequency limit to 2457600
05-03 19:32:59.514 E/ThermalEngine(  504): Unable to read max frequency from online cpu.
05-03 19:32:59.514 E/ThermalEngine(  504): Failed to set desired CPU[2] frequency limit to 2457600
05-03 19:32:59.551 E/ThermalEngine(  504): Unable to read max frequency from online cpu.
05-03 19:32:59.552 E/ThermalEngine(  504): Failed to set desired CPU[1] frequency limit to 2457600
05-03 19:33:06.553 E/ThermalEngine(  504): Unable to read max frequency from online cpu.
05-03 19:33:06.553 E/ThermalEngine(  504): Failed to set desired CPU[3] frequency limit to 2457600
05-03 19:33:10.603 E/ThermalEngine(  504): Unable to read max frequency from online cpu.
05-03 19:33:10.603 E/ThermalEngine(  504): Failed to set desired CPU[3] frequency limit to 2457600
05-03 19:33:10.606 E/ThermalEngine(  504): Unable to read max frequency from online cpu.
05-03 19:33:10.606 E/ThermalEngine(  504): Failed to set desired CPU[2] frequency limit to 2457600
05-03 19:33:15.681 E/ThermalEngine(  504): Unable to read max frequency from online cpu.
05-03 19:33:15.681 E/ThermalEngine(  504): Failed to set desired CPU[2] frequency limit to 2457600
05-03 19:33:30.753 E/ThermalEngine(  504): Unable to read max frequency from online cpu.
05-03 19:33:30.753 E/ThermalEngine(  504): Failed to set desired CPU[3] frequency limit to 2457600
05-03 19:33:31.807 E/ThermalEngine(  504): Unable to read max frequency from online cpu.
05-03 19:33:31.807 E/ThermalEngine(  504): Failed to set desired CPU[3] frequency limit to 2457600
05-03 19:33:34.152 E/LocSvc_libulp( 2941): I/int ulp_msg_process_system_update(UlpSystemEvent): systemEvent:5 
05-03 19:33:34.152 E/LocSvc_libulp( 2941): I/int ulp_msg_process_start_req(), at ulp state = 1
05-03 19:33:34.153 E/LocSvc_api_v02( 2941): I/---> locClientSendReq line 2020 QMI_LOC_GET_BEST_AVAILABLE_POSITION_REQ_V02
05-03 19:33:34.158 E/LocSvc_ApiV02( 2941): I/<--- void globalRespCb(locClientHandleType, uint32_t, locClientRespIndUnionType, void*) line 115 QMI_LOC_GET_BEST_AVAILABLE_POSITION_REQ_V02
05-03 19:33:34.158 E/LocSvc_libulp( 2941): I/int ulp_brain_process_zpp_position_report(loc_sess_status, LocPosTechMask, UlpLocation*), report ZPP position to providers,report_position = 1
05-03 19:33:34.158 E/IzatSvc_PassiveLocListener( 2941): E/Exiting with error virtual void izat_manager::IzatPassiveLocationListener::onLocationChanged(const izat_manager::IzatLocation*, izat_manager::IzatLocationStatus) line 113 "1"
05-03 19:33:40.854 E/ThermalEngine(  504): Unable to read max frequency from online cpu.
05-03 19:33:40.854 E/ThermalEngine(  504): Failed to set desired CPU[3] frequency limit to 2457600
05-03 19:33:52.057 E/ThermalEngine(  504): Unable to read max frequency from online cpu.
05-03 19:33:52.057 E/ThermalEngine(  504): Failed to set desired CPU[3] frequency limit to 2457600
05-03 19:34:00.154 E/ThermalEngine(  504): Unable to read max frequency from online cpu.
05-03 19:34:00.155 E/ThermalEngine(  504): Failed to set desired CPU[3] frequency limit to 2457600
05-03 19:34:02.257 E/ThermalEngine(  504): Unable to read max frequency from online cpu.
05-03 19:34:02.257 E/ThermalEngine(  504): Failed to set desired CPU[3] frequency limit to 2457600
05-03 19:34:12.455 E/ThermalEngine(  504): Unable to read max frequency from online cpu.
05-03 19:34:12.455 E/ThermalEngine(  504): Failed to set desired CPU[3] frequency limit to 2457600
05-03 19:34:22.657 E/ThermalEngine(  504): Unable to read max frequency from online cpu.
05-03 19:34:22.657 E/ThermalEngine(  504): Failed to set desired CPU[3] frequency limit to 2457600
05-03 19:34:32.354 E/ThermalEngine(  504): Unable to read max frequency from online cpu.
05-03 19:34:32.354 E/ThermalEngine(  504): Failed to set desired CPU[3] frequency limit to 2457600
05-03 19:34:32.357 E/ThermalEngine(  504): Unable to read max frequency from online cpu.
05-03 19:34:32.357 E/ThermalEngine(  504): Failed to set desired CPU[2] frequency limit to 2457600
05-03 19:34:34.152 E/LocSvc_libulp( 2941): I/int ulp_msg_process_system_update(UlpSystemEvent): systemEvent:5 
05-03 19:34:34.152 E/LocSvc_libulp( 2941): I/int ulp_msg_process_start_req(), at ulp state = 1
05-03 19:34:34.152 E/LocSvc_api_v02( 2941): I/---> locClientSendReq line 2020 QMI_LOC_GET_BEST_AVAILABLE_POSITION_REQ_V02
05-03 19:34:34.157 E/LocSvc_ApiV02( 2941): I/<--- void globalRespCb(locClientHandleType, uint32_t, locClientRespIndUnionType, void*) line 115 QMI_LOC_GET_BEST_AVAILABLE_POSITION_REQ_V02
05-03 19:34:34.157 E/LocSvc_libulp( 2941): I/int ulp_brain_process_zpp_position_report(loc_sess_status, LocPosTechMask, UlpLocation*), report ZPP position to providers,report_position = 1
05-03 19:34:34.157 E/IzatSvc_PassiveLocListener( 2941): E/Exiting with error virtual void izat_manager::IzatPassiveLocationListener::onLocationChanged(const izat_manager::IzatLocation*, izat_manager::IzatLocationStatus) line 113 "1"
05-03 19:34:42.957 E/ThermalEngine(  504): Unable to read max frequency from online cpu.
05-03 19:34:42.957 E/ThermalEngine(  504): Failed to set desired CPU[3] frequency limit to 2457600
05-03 19:34:51.556 E/ThermalEngine(  504): Unable to read max frequency from online cpu.
05-03 19:34:51.556 E/ThermalEngine(  504): Failed to set desired CPU[3] frequency limit to 2457600
05-03 19:34:52.505 E/ThermalEngine(  504): Unable to read max frequency from online cpu.
05-03 19:34:52.505 E/ThermalEngine(  504): Failed to set desired CPU[2] frequency limit to 2457600
05-03 19:35:13.306 E/ThermalEngine(  504): Unable to read max frequency from online cpu.
05-03 19:35:13.306 E/ThermalEngine(  504): Failed to set desired CPU[3] frequency limit to 2457600
05-03 19:35:23.507 E/ThermalEngine(  504): Unable to read max frequency from online cpu.
05-03 19:35:23.507 E/ThermalEngine(  504): Failed to set desired CPU[3] frequency limit to 2457600
05-03 19:35:26.754 E/ThermalEngine(  504): Unable to read max frequency from online cpu.
05-03 19:35:26.754 E/ThermalEngine(  504): Failed to set desired CPU[3] frequency limit to 2457600
05-03 19:35:26.762 E/ThermalEngine(  504): Unable to read max frequency from online cpu.
05-03 19:35:26.762 E/ThermalEngine(  504): Failed to set desired CPU[2] frequency limit to 2457600
05-03 19:35:28.775 E/ThermalEngine(  504): Unable to read max frequency from online cpu.
05-03 19:35:28.775 E/ThermalEngine(  504): Failed to set desired CPU[2] frequency limit to 2457600
05-03 19:35:28.778 E/ThermalEngine(  504): Unable to read max frequency from online cpu.
05-03 19:35:28.778 E/ThermalEngine(  504): Failed to set desired CPU[1] frequency limit to 2457600
05-03 19:35:34.152 E/LocSvc_libulp( 2941): I/int ulp_msg_process_system_update(UlpSystemEvent): systemEvent:5 
05-03 19:35:34.152 E/LocSvc_libulp( 2941): I/int ulp_msg_process_start_req(), at ulp state = 1
05-03 19:35:34.153 E/LocSvc_api_v02( 2941): I/---> locClientSendReq line 2020 QMI_LOC_GET_BEST_AVAILABLE_POSITION_REQ_V02
05-03 19:35:34.158 E/LocSvc_ApiV02( 2941): I/<--- void globalRespCb(locClientHandleType, uint32_t, locClientRespIndUnionType, void*) line 115 QMI_LOC_GET_BEST_AVAILABLE_POSITION_REQ_V02
05-03 19:35:34.158 E/LocSvc_libulp( 2941): I/int ulp_brain_process_zpp_position_report(loc_sess_status, LocPosTechMask, UlpLocation*), report ZPP position to providers,report_position = 1
05-03 19:35:34.158 E/IzatSvc_PassiveLocListener( 2941): E/Exiting with error virtual void izat_manager::IzatPassiveLocationListener::onLocationChanged(const izat_manager::IzatLocation*, izat_manager::IzatLocationStatus) line 113 "1"
05-03 19:35:34.805 E/ThermalEngine(  504): Unable to read max frequency from online cpu.
05-03 19:35:34.805 E/ThermalEngine(  504): Failed to set desired CPU[3] frequency limit to 2457600
05-03 19:35:34.812 E/ThermalEngine(  504): Unable to read max frequency from online cpu.
05-03 19:35:34.812 E/ThermalEngine(  504): Failed to set desired CPU[2] frequency limit to 2457600
05-03 19:35:39.953 E/ThermalEngine(  504): Unable to read max frequency from online cpu.
05-03 19:35:39.953 E/ThermalEngine(  504): Failed to set desired CPU[3] frequency limit to 2457600
05-03 19:35:44.877 E/ThermalEngine(  504): Unable to read max frequency from online cpu.
05-03 19:35:44.877 E/ThermalEngine(  504): Failed to set desired CPU[2] frequency limit to 2457600
05-03 19:35:45.383 E/ThermalEngine(  504): Unable to read max frequency from online cpu.
05-03 19:35:45.383 E/ThermalEngine(  504): Failed to set desired CPU[1] frequency limit to 2457600
05-03 19:35:45.715 E/ThermalEngine(  504): Failed to set desired CPU[2] frequency limit to 1728000
05-03 19:35:45.715 E/ThermalEngine(  504): Failed to set desired CPU[3] frequency limit to 1728000
05-03 19:35:49.905 E/ThermalEngine(  504): Unable to read max frequency from online cpu.
05-03 19:35:49.905 E/ThermalEngine(  504): Failed to set desired CPU[3] frequency limit to 2457600
05-03 19:35:53.855 E/ThermalEngine(  504): Unable to read max frequency from online cpu.
05-03 19:35:53.855 E/ThermalEngine(  504): Failed to set desired CPU[3] frequency limit to 2457600
05-03 19:35:54.654 E/ThermalEngine(  504): Unable to read max frequency from online cpu.
05-03 19:35:54.654 E/ThermalEngine(  504): Failed to set desired CPU[2] frequency limit to 2457600
05-03 19:35:54.661 E/ThermalEngine(  504): Unable to read max frequency from online cpu.
05-03 19:35:54.661 E/ThermalEngine(  504): Failed to set desired CPU[1] frequency limit to 2457600
05-03 19:36:00.155 E/ThermalEngine(  504): Unable to read max frequency from online cpu.
05-03 19:36:00.155 E/ThermalEngine(  504): Failed to set desired CPU[3] frequency limit to 2457600
05-03 19:36:00.302 E/ThermalEngine(  504): Unable to read max frequency from online cpu.
05-03 19:36:00.302 E/ThermalEngine(  504): Failed to set desired CPU[2] frequency limit to 2457600
05-03 19:36:06.096 E/ThermalEngine(  504): Unable to read max frequency from online cpu.
05-03 19:36:06.096 E/ThermalEngine(  504): Failed to set desired CPU[2] frequency limit to 2457600
05-03 19:36:06.099 E/ThermalEngine(  504): Unable to read max frequency from online cpu.
05-03 19:36:06.099 E/ThermalEngine(  504): Failed to set desired CPU[1] frequency limit to 2457600
05-03 19:36:14.004 E/ThermalEngine(  504): Unable to read max frequency from online cpu.
05-03 19:36:14.005 E/ThermalEngine(  504): Failed to set desired CPU[3] frequency limit to 2457600
05-03 19:36:14.013 E/ThermalEngine(  504): Unable to read max frequency from online cpu.
05-03 19:36:14.013 E/ThermalEngine(  504): Failed to set desired CPU[2] frequency limit to 2457600
05-03 19:36:17.104 E/ThermalEngine(  504): Unable to read max frequency from online cpu.
05-03 19:36:17.105 E/ThermalEngine(  504): Failed to set desired CPU[3] frequency limit to 2457600
05-03 19:36:19.254 E/ThermalEngine(  504): Unable to read max frequency from online cpu.
05-03 19:36:19.255 E/ThermalEngine(  504): Failed to set desired CPU[3] frequency limit to 2457600
05-03 19:36:19.258 E/ThermalEngine(  504): Unable to read max frequency from online cpu.
05-03 19:36:19.258 E/ThermalEngine(  504): Failed to set desired CPU[2] frequency limit to 2457600
05-03 19:36:34.152 E/LocSvc_libulp( 2941): I/int ulp_msg_process_system_update(UlpSystemEvent): systemEvent:5 
05-03 19:36:34.152 E/LocSvc_libulp( 2941): I/int ulp_msg_process_start_req(), at ulp state = 1
05-03 19:36:34.153 E/LocSvc_api_v02( 2941): I/---> locClientSendReq line 2020 QMI_LOC_GET_BEST_AVAILABLE_POSITION_REQ_V02
05-03 19:36:34.159 E/LocSvc_ApiV02( 2941): I/<--- void globalRespCb(locClientHandleType, uint32_t, locClientRespIndUnionType, void*) line 115 QMI_LOC_GET_BEST_AVAILABLE_POSITION_REQ_V02
05-03 19:36:34.159 E/LocSvc_libulp( 2941): I/int ulp_brain_process_zpp_position_report(loc_sess_status, LocPosTechMask, UlpLocation*), report ZPP position to providers,report_position = 1
05-03 19:36:34.159 E/IzatSvc_PassiveLocListener( 2941): E/Exiting with error virtual void izat_manager::IzatPassiveLocationListener::onLocationChanged(const izat_manager::IzatLocation*, izat_manager::IzatLocationStatus) line 113 "1"
05-03 19:36:34.305 E/ThermalEngine(  504): Unable to read max frequency from online cpu.
05-03 19:36:34.305 E/ThermalEngine(  504): Failed to set desired CPU[3] frequency limit to 2457600
05-03 19:36:44.504 E/ThermalEngine(  504): Unable to read max frequency from online cpu.
05-03 19:36:44.504 E/ThermalEngine(  504): Failed to set desired CPU[3] frequency limit to 2457600
05-03 19:36:50.553 E/ThermalEngine(  504): Unable to read max frequency from online cpu.
05-03 19:36:50.553 E/ThermalEngine(  504): Failed to set desired CPU[3] frequency limit to 2457600
05-03 19:36:50.556 E/ThermalEngine(  504): Unable to read max frequency from online cpu.
05-03 19:36:50.556 E/ThermalEngine(  504): Failed to set desired CPU[2] frequency limit to 2457600
05-03 19:36:59.355 E/ThermalEngine(  504): Unable to read max frequency from online cpu.
05-03 19:36:59.355 E/ThermalEngine(  504): Failed to set desired CPU[3] frequency limit to 2457600
05-03 19:36:59.361 E/ThermalEngine(  504): Unable to read max frequency from online cpu.
05-03 19:36:59.361 E/ThermalEngine(  504): Failed to set desired CPU[2] frequency limit to 2457600
05-03 19:37:00.115 E/ThermalEngine(  504): Unable to read max frequency from online cpu.
05-03 19:37:00.115 E/ThermalEngine(  504): Failed to set desired CPU[2] frequency limit to 2457600
05-03 19:37:14.754 E/ThermalEngine(  504): Unable to read max frequency from online cpu.
05-03 19:37:14.754 E/ThermalEngine(  504): Failed to set desired CPU[3] frequency limit to 2457600
05-03 19:37:14.763 E/ThermalEngine(  504): Unable to read max frequency from online cpu.
05-03 19:37:14.763 E/ThermalEngine(  504): Failed to set desired CPU[2] frequency limit to 2457600
05-03 19:37:31.029 E/DatabaseUtils( 2941): Writing exception to parcel
05-03 19:37:31.029 E/DatabaseUtils( 2941): java.lang.SecurityException: com.sogou.activity.src was not granted  this permission: android.permission.WRITE_SETTINGS.
05-03 19:37:31.029 E/DatabaseUtils( 2941): 	at android.provider.Settings.isCallingPackageAllowedToPerformAppOpsProtectedOperation(Settings.java:8507)
05-03 19:37:31.029 E/DatabaseUtils( 2941): 	at android.provider.Settings.checkAndNoteWriteSettingsOperation(Settings.java:8389)
05-03 19:37:31.029 E/DatabaseUtils( 2941): 	at com.android.providers.settings.SettingsProvider.mutateSystemSetting(SettingsProvider.java:915)
05-03 19:37:31.029 E/DatabaseUtils( 2941): 	at com.android.providers.settings.SettingsProvider.insertSystemSetting(SettingsProvider.java:890)
05-03 19:37:31.029 E/DatabaseUtils( 2941): 	at com.android.providers.settings.SettingsProvider.call(SettingsProvider.java:263)
05-03 19:37:31.029 E/DatabaseUtils( 2941): 	at android.content.ContentProvider$Transport.call(ContentProvider.java:398)
05-03 19:37:31.029 E/DatabaseUtils( 2941): 	at android.content.ContentProviderNative.onTransact(ContentProviderNative.java:283)
05-03 19:37:31.029 E/DatabaseUtils( 2941): 	at android.os.Binder.execTransact(Binder.java:453)
05-03 19:37:31.032 E/DatabaseUtils( 2941): Writing exception to parcel
05-03 19:37:31.032 E/DatabaseUtils( 2941): java.lang.SecurityException: com.sogou.activity.src was not granted  this permission: android.permission.WRITE_SETTINGS.
05-03 19:37:31.032 E/DatabaseUtils( 2941): 	at android.provider.Settings.isCallingPackageAllowedToPerformAppOpsProtectedOperation(Settings.java:8507)
05-03 19:37:31.032 E/DatabaseUtils( 2941): 	at android.provider.Settings.checkAndNoteWriteSettingsOperation(Settings.java:8389)
05-03 19:37:31.032 E/DatabaseUtils( 2941): 	at com.android.providers.settings.SettingsProvider.mutateSystemSetting(SettingsProvider.java:915)
05-03 19:37:31.032 E/DatabaseUtils( 2941): 	at com.android.providers.settings.SettingsProvider.insertSystemSetting(SettingsProvider.java:890)
05-03 19:37:31.032 E/DatabaseUtils( 2941): 	at com.android.providers.settings.SettingsProvider.call(SettingsProvider.java:263)
05-03 19:37:31.032 E/DatabaseUtils( 2941): 	at android.content.ContentProvider$Transport.call(ContentProvider.java:398)
05-03 19:37:31.032 E/DatabaseUtils( 2941): 	at android.content.ContentProviderNative.onTransact(ContentProviderNative.java:283)
05-03 19:37:31.032 E/DatabaseUtils( 2941): 	at android.os.Binder.execTransact(Binder.java:453)
05-03 19:37:34.153 E/LocSvc_libulp( 2941): I/int ulp_msg_process_system_update(UlpSystemEvent): systemEvent:5 
05-03 19:37:34.153 E/LocSvc_libulp( 2941): I/int ulp_msg_process_start_req(), at ulp state = 1
05-03 19:37:34.153 E/LocSvc_api_v02( 2941): I/---> locClientSendReq line 2020 QMI_LOC_GET_BEST_AVAILABLE_POSITION_REQ_V02
05-03 19:37:34.159 E/LocSvc_ApiV02( 2941): I/<--- void globalRespCb(locClientHandleType, uint32_t, locClientRespIndUnionType, void*) line 115 QMI_LOC_GET_BEST_AVAILABLE_POSITION_REQ_V02
05-03 19:37:34.159 E/LocSvc_libulp( 2941): I/int ulp_brain_process_zpp_position_report(loc_sess_status, LocPosTechMask, UlpLocation*), report ZPP position to providers,report_position = 1
05-03 19:37:34.159 E/IzatSvc_PassiveLocListener( 2941): E/Exiting with error virtual void izat_manager::IzatPassiveLocationListener::onLocationChanged(const izat_manager::IzatLocation*, izat_manager::IzatLocationStatus) line 113 "1"
05-03 19:37:38.856 E/ThermalEngine(  504): Unable to read max frequency from online cpu.
05-03 19:37:38.856 E/ThermalEngine(  504): Failed to set desired CPU[3] frequency limit to 2457600
05-03 19:37:38.863 E/ThermalEngine(  504): Unable to read max frequency from online cpu.
05-03 19:37:38.864 E/ThermalEngine(  504): Failed to set desired CPU[2] frequency limit to 2457600
05-03 19:37:45.058 E/ThermalEngine(  504): Unable to read max frequency from online cpu.
05-03 19:37:45.058 E/ThermalEngine(  504): Failed to set desired CPU[3] frequency limit to 2457600
05-03 19:37:55.306 E/ThermalEngine(  504): Unable to read max frequency from online cpu.
05-03 19:37:55.306 E/ThermalEngine(  504): Failed to set desired CPU[3] frequency limit to 2457600
05-03 19:38:00.159 E/ThermalEngine(  504): Unable to read max frequency from online cpu.
05-03 19:38:00.159 E/ThermalEngine(  504): Failed to set desired CPU[3] frequency limit to 2457600
05-03 19:38:02.904 E/ThermalEngine(  504): Unable to read max frequency from online cpu.
05-03 19:38:02.905 E/ThermalEngine(  504): Failed to set desired CPU[3] frequency limit to 2457600
05-03 19:38:06.066 E/ThermalEngine(  504): Unable to read max frequency from online cpu.
05-03 19:38:06.066 E/ThermalEngine(  504): Failed to set desired CPU[2] frequency limit to 2457600
05-03 19:38:12.205 E/ThermalEngine(  504): Unable to read max frequency from online cpu.
05-03 19:38:12.205 E/ThermalEngine(  504): Failed to set desired CPU[3] frequency limit to 2457600
05-03 19:38:24.004 E/ThermalEngine(  504): Unable to read max frequency from online cpu.
05-03 19:38:24.004 E/ThermalEngine(  504): Failed to set desired CPU[3] frequency limit to 2457600
05-03 19:38:25.259 E/ThermalEngine(  504): Unable to read max frequency from online cpu.
05-03 19:38:25.260 E/ThermalEngine(  504): Failed to set desired CPU[2] frequency limit to 2457600
05-03 19:38:34.153 E/LocSvc_libulp( 2941): I/int ulp_msg_process_system_update(UlpSystemEvent): systemEvent:5 
05-03 19:38:34.154 E/LocSvc_libulp( 2941): I/int ulp_msg_process_start_req(), at ulp state = 1
05-03 19:38:34.154 E/LocSvc_api_v02( 2941): I/---> locClientSendReq line 2020 QMI_LOC_GET_BEST_AVAILABLE_POSITION_REQ_V02
05-03 19:38:34.159 E/LocSvc_ApiV02( 2941): I/<--- void globalRespCb(locClientHandleType, uint32_t, locClientRespIndUnionType, void*) line 115 QMI_LOC_GET_BEST_AVAILABLE_POSITION_REQ_V02
05-03 19:38:34.159 E/LocSvc_libulp( 2941): I/int ulp_brain_process_zpp_position_report(loc_sess_status, LocPosTechMask, UlpLocation*), report ZPP position to providers,report_position = 1
05-03 19:38:34.159 E/IzatSvc_PassiveLocListener( 2941): E/Exiting with error virtual void izat_manager::IzatPassiveLocationListener::onLocationChanged(const izat_manager::IzatLocation*, izat_manager::IzatLocationStatus) line 113 "1"
05-03 19:38:35.304 E/ThermalEngine(  504): Unable to read max frequency from online cpu.
05-03 19:38:35.304 E/ThermalEngine(  504): Failed to set desired CPU[3] frequency limit to 2457600
05-03 19:38:35.308 E/ThermalEngine(  504): Unable to read max frequency from online cpu.
05-03 19:38:35.308 E/ThermalEngine(  504): Failed to set desired CPU[2] frequency limit to 2457600
05-03 19:38:35.312 E/ThermalEngine(  504): Unable to read max frequency from online cpu.
05-03 19:38:35.312 E/ThermalEngine(  504): Failed to set desired CPU[1] frequency limit to 2457600
05-03 19:38:45.254 E/ThermalEngine(  504): Unable to read max frequency from online cpu.
05-03 19:38:45.254 E/ThermalEngine(  504): Failed to set desired CPU[3] frequency limit to 2457600
05-03 19:38:51.456 E/ThermalEngine(  504): Unable to read max frequency from online cpu.
05-03 19:38:51.456 E/ThermalEngine(  504): Failed to set desired CPU[3] frequency limit to 2457600
05-03 19:38:55.705 E/ThermalEngine(  504): Unable to read max frequency from online cpu.
05-03 19:38:55.705 E/ThermalEngine(  504): Failed to set desired CPU[3] frequency limit to 2457600
05-03 19:38:56.455 E/ThermalEngine(  504): Unable to read max frequency from online cpu.
05-03 19:38:56.455 E/ThermalEngine(  504): Failed to set desired CPU[2] frequency limit to 2457600
05-03 19:38:58.259 E/ThermalEngine(  504): Unable to read max frequency from online cpu.
05-03 19:38:58.259 E/ThermalEngine(  504): Failed to set desired CPU[3] frequency limit to 2457600
05-03 19:39:00.554 E/ThermalEngine(  504): Unable to read max frequency from online cpu.
05-03 19:39:00.555 E/ThermalEngine(  504): Failed to set desired CPU[3] frequency limit to 2457600
05-03 19:39:00.560 E/ThermalEngine(  504): Unable to read max frequency from online cpu.
05-03 19:39:00.560 E/ThermalEngine(  504): Failed to set desired CPU[2] frequency limit to 2457600
05-03 19:39:05.906 E/ThermalEngine(  504): Unable to read max frequency from online cpu.
05-03 19:39:05.906 E/ThermalEngine(  504): Failed to set desired CPU[3] frequency limit to 2457600
05-03 19:39:11.655 E/ThermalEngine(  504): Unable to read max frequency from online cpu.
05-03 19:39:11.655 E/ThermalEngine(  504): Failed to set desired CPU[3] frequency limit to 2457600
05-03 19:39:11.659 E/ThermalEngine(  504): Unable to read max frequency from online cpu.
05-03 19:39:11.659 E/ThermalEngine(  504): Failed to set desired CPU[2] frequency limit to 2457600
05-03 19:39:19.705 E/ThermalEngine(  504): Unable to read max frequency from online cpu.
05-03 19:39:19.705 E/ThermalEngine(  504): Failed to set desired CPU[3] frequency limit to 2457600
05-03 19:39:19.712 E/ThermalEngine(  504): Unable to read max frequency from online cpu.
05-03 19:39:19.712 E/ThermalEngine(  504): Failed to set desired CPU[2] frequency limit to 2457600
05-03 19:39:26.104 E/ThermalEngine(  504): Unable to read max frequency from online cpu.
05-03 19:39:26.105 E/ThermalEngine(  504): Failed to set desired CPU[3] frequency limit to 2457600
05-03 19:39:34.153 E/LocSvc_libulp( 2941): I/int ulp_msg_process_system_update(UlpSystemEvent): systemEvent:5 
05-03 19:39:34.153 E/LocSvc_libulp( 2941): I/int ulp_msg_process_start_req(), at ulp state = 1
05-03 19:39:34.154 E/LocSvc_api_v02( 2941): I/---> locClientSendReq line 2020 QMI_LOC_GET_BEST_AVAILABLE_POSITION_REQ_V02
05-03 19:39:34.159 E/LocSvc_ApiV02( 2941): I/<--- void globalRespCb(locClientHandleType, uint32_t, locClientRespIndUnionType, void*) line 115 QMI_LOC_GET_BEST_AVAILABLE_POSITION_REQ_V02
05-03 19:39:34.159 E/LocSvc_libulp( 2941): I/int ulp_brain_process_zpp_position_report(loc_sess_status, LocPosTechMask, UlpLocation*), report ZPP position to providers,report_position = 1
05-03 19:39:34.159 E/IzatSvc_PassiveLocListener( 2941): E/Exiting with error virtual void izat_manager::IzatPassiveLocationListener::onLocationChanged(const izat_manager::IzatLocation*, izat_manager::IzatLocationStatus) line 113 "1"
05-03 19:39:46.358 E/ThermalEngine(  504): Unable to read max frequency from online cpu.
05-03 19:39:46.358 E/ThermalEngine(  504): Failed to set desired CPU[3] frequency limit to 2457600
05-03 19:39:49.905 E/ThermalEngine(  504): Unable to read max frequency from online cpu.
05-03 19:39:49.905 E/ThermalEngine(  504): Failed to set desired CPU[3] frequency limit to 2457600
05-03 19:39:54.953 E/ThermalEngine(  504): Unable to read max frequency from online cpu.
05-03 19:39:54.953 E/ThermalEngine(  504): Failed to set desired CPU[3] frequency limit to 2457600
05-03 19:39:54.956 E/ThermalEngine(  504): Unable to read max frequency from online cpu.
05-03 19:39:54.956 E/ThermalEngine(  504): Failed to set desired CPU[2] frequency limit to 2457600
05-03 19:40:00.053 E/ThermalEngine(  504): Unable to read max frequency from online cpu.
05-03 19:40:00.053 E/ThermalEngine(  504): Failed to set desired CPU[3] frequency limit to 2457600
05-03 19:40:00.057 E/ThermalEngine(  504): Unable to read max frequency from online cpu.
05-03 19:40:00.057 E/ThermalEngine(  504): Failed to set desired CPU[2] frequency limit to 2457600
05-03 19:40:00.061 E/ThermalEngine(  504): Unable to read max frequency from online cpu.
05-03 19:40:00.061 E/ThermalEngine(  504): Failed to set desired CPU[1] frequency limit to 2457600
05-03 19:40:06.605 E/ThermalEngine(  504): Unable to read max frequency from online cpu.
05-03 19:40:06.605 E/ThermalEngine(  504): Failed to set desired CPU[3] frequency limit to 2457600
05-03 19:40:19.208 E/ThermalEngine(  504): Unable to read max frequency from online cpu.
05-03 19:40:19.208 E/ThermalEngine(  504): Failed to set desired CPU[3] frequency limit to 2457600
05-03 19:40:19.252 E/ThermalEngine(  504): Unable to read max frequency from online cpu.
05-03 19:40:19.252 E/ThermalEngine(  504): Failed to set desired CPU[2] frequency limit to 2457600
05-03 19:40:29.203 E/ThermalEngine(  504): Unable to read max frequency from online cpu.
05-03 19:40:29.203 E/ThermalEngine(  504): Failed to set desired CPU[3] frequency limit to 2457600
05-03 19:40:31.306 E/ThermalEngine(  504): Unable to read max frequency from online cpu.
05-03 19:40:31.306 E/ThermalEngine(  504): Failed to set desired CPU[3] frequency limit to 2457600
05-03 19:40:34.153 E/LocSvc_libulp( 2941): I/int ulp_msg_process_system_update(UlpSystemEvent): systemEvent:5 
05-03 19:40:34.153 E/LocSvc_libulp( 2941): I/int ulp_msg_process_start_req(), at ulp state = 1
05-03 19:40:34.154 E/LocSvc_api_v02( 2941): I/---> locClientSendReq line 2020 QMI_LOC_GET_BEST_AVAILABLE_POSITION_REQ_V02
05-03 19:40:34.158 E/LocSvc_ApiV02( 2941): I/<--- void globalRespCb(locClientHandleType, uint32_t, locClientRespIndUnionType, void*) line 115 QMI_LOC_GET_BEST_AVAILABLE_POSITION_REQ_V02
05-03 19:40:34.158 E/LocSvc_libulp( 2941): I/int ulp_brain_process_zpp_position_report(loc_sess_status, LocPosTechMask, UlpLocation*), report ZPP position to providers,report_position = 1
05-03 19:40:34.158 E/IzatSvc_PassiveLocListener( 2941): E/Exiting with error virtual void izat_manager::IzatPassiveLocationListener::onLocationChanged(const izat_manager::IzatLocation*, izat_manager::IzatLocationStatus) line 113 "1"
05-03 19:40:35.005 E/CoreDaemon(11453): not Start Daemon in coredaemon
05-03 19:40:35.010 E/CoreDaemon(11452): not Start Daemon in coredaemon
05-03 19:40:35.305 E/ThermalEngine(  504): Unable to read max frequency from online cpu.
05-03 19:40:35.305 E/ThermalEngine(  504): Failed to set desired CPU[3] frequency limit to 2457600
05-03 19:40:35.307 E/ThermalEngine(  504): Unable to read max frequency from online cpu.
05-03 19:40:35.307 E/ThermalEngine(  504): Failed to set desired CPU[2] frequency limit to 2457600
05-03 19:40:36.260 E/ThermalEngine(  504): Unable to read max frequency from online cpu.
05-03 19:40:36.260 E/ThermalEngine(  504): Failed to set desired CPU[2] frequency limit to 2457600
05-03 19:40:36.262 E/ThermalEngine(  504): Unable to read max frequency from online cpu.
05-03 19:40:36.262 E/ThermalEngine(  504): Failed to set desired CPU[1] frequency limit to 2457600
05-03 19:40:43.473 E/DatabaseUtils( 2941): Writing exception to parcel
05-03 19:40:43.473 E/DatabaseUtils( 2941): java.lang.SecurityException: com.sogou.activity.src was not granted  this permission: android.permission.WRITE_SETTINGS.
05-03 19:40:43.473 E/DatabaseUtils( 2941): 	at android.provider.Settings.isCallingPackageAllowedToPerformAppOpsProtectedOperation(Settings.java:8507)
05-03 19:40:43.473 E/DatabaseUtils( 2941): 	at android.provider.Settings.checkAndNoteWriteSettingsOperation(Settings.java:8389)
05-03 19:40:43.473 E/DatabaseUtils( 2941): 	at com.android.providers.settings.SettingsProvider.mutateSystemSetting(SettingsProvider.java:915)
05-03 19:40:43.473 E/DatabaseUtils( 2941): 	at com.android.providers.settings.SettingsProvider.insertSystemSetting(SettingsProvider.java:890)
05-03 19:40:43.473 E/DatabaseUtils( 2941): 	at com.android.providers.settings.SettingsProvider.call(SettingsProvider.java:263)
05-03 19:40:43.473 E/DatabaseUtils( 2941): 	at android.content.ContentProvider$Transport.call(ContentProvider.java:398)
05-03 19:40:43.473 E/DatabaseUtils( 2941): 	at android.content.ContentProviderNative.onTransact(ContentProviderNative.java:283)
05-03 19:40:43.473 E/DatabaseUtils( 2941): 	at android.os.Binder.execTransact(Binder.java:453)
05-03 19:40:43.478 E/DatabaseUtils( 2941): Writing exception to parcel
05-03 19:40:43.478 E/DatabaseUtils( 2941): java.lang.SecurityException: com.sogou.activity.src was not granted  this permission: android.permission.WRITE_SETTINGS.
05-03 19:40:43.478 E/DatabaseUtils( 2941): 	at android.provider.Settings.isCallingPackageAllowedToPerformAppOpsProtectedOperation(Settings.java:8507)
05-03 19:40:43.478 E/DatabaseUtils( 2941): 	at android.provider.Settings.checkAndNoteWriteSettingsOperation(Settings.java:8389)
05-03 19:40:43.478 E/DatabaseUtils( 2941): 	at com.android.providers.settings.SettingsProvider.mutateSystemSetting(SettingsProvider.java:915)
05-03 19:40:43.478 E/DatabaseUtils( 2941): 	at com.android.providers.settings.SettingsProvider.insertSystemSetting(SettingsProvider.java:890)
05-03 19:40:43.478 E/DatabaseUtils( 2941): 	at com.android.providers.settings.SettingsProvider.call(SettingsProvider.java:263)
05-03 19:40:43.478 E/DatabaseUtils( 2941): 	at android.content.ContentProvider$Transport.call(ContentProvider.java:398)
05-03 19:40:43.478 E/DatabaseUtils( 2941): 	at android.content.ContentProviderNative.onTransact(ContentProviderNative.java:283)
05-03 19:40:43.478 E/DatabaseUtils( 2941): 	at android.os.Binder.execTransact(Binder.java:453)
05-03 19:40:43.554 E/ThermalEngine(  504): Unable to read max frequency from online cpu.
05-03 19:40:43.554 E/ThermalEngine(  504): Failed to set desired CPU[3] frequency limit to 2457600
05-03 19:40:44.957 E/ThermalEngine(  504): Unable to read max frequency from online cpu.
05-03 19:40:44.957 E/ThermalEngine(  504): Failed to set desired CPU[2] frequency limit to 2457600
05-03 19:40:45.411 E/ThermalEngine(  504): Unable to read max frequency from online cpu.
05-03 19:40:45.412 E/ThermalEngine(  504): Failed to set desired CPU[1] frequency limit to 2457600
05-03 19:40:46.946 E/ThermalEngine(  504): Unable to read max frequency from online cpu.
05-03 19:40:46.947 E/ThermalEngine(  504): Failed to set desired CPU[2] frequency limit to 2457600
05-03 19:40:47.412 E/ThermalEngine(  504): Unable to read max frequency from online cpu.
05-03 19:40:47.412 E/ThermalEngine(  504): Failed to set desired CPU[2] frequency limit to 2457600
05-03 19:40:52.403 E/ThermalEngine(  504): Unable to read max frequency from online cpu.
05-03 19:40:52.403 E/ThermalEngine(  504): Failed to set desired CPU[2] frequency limit to 2457600
05-03 19:40:54.855 E/ThermalEngine(  504): Unable to read max frequency from online cpu.
05-03 19:40:54.855 E/ThermalEngine(  504): Failed to set desired CPU[3] frequency limit to 2457600
05-03 19:40:55.001 E/ThermalEngine(  504): Unable to read max frequency from online cpu.
05-03 19:40:55.001 E/ThermalEngine(  504): Failed to set desired CPU[2] frequency limit to 2457600
05-03 19:41:07.255 E/ThermalEngine(  504): Unable to read max frequency from online cpu.
05-03 19:41:07.255 E/ThermalEngine(  504): Failed to set desired CPU[3] frequency limit to 2457600
05-03 19:41:17.456 E/ThermalEngine(  504): Unable to read max frequency from online cpu.
05-03 19:41:17.456 E/ThermalEngine(  504): Failed to set desired CPU[3] frequency limit to 2457600
05-03 19:41:24.620 E/NetlinkEvent(  452): NetlinkEvent::FindParam(): Parameter 'TIME_NS' not found
05-03 19:41:24.620 E/NetlinkEvent(  452): NetlinkEvent::FindParam(): Parameter 'UID' not found
05-03 19:41:29.161 E/NetlinkEvent(  452): NetlinkEvent::FindParam(): Parameter 'TIME_NS' not found
05-03 19:41:29.161 E/NetlinkEvent(  452): NetlinkEvent::FindParam(): Parameter 'UID' not found
05-03 19:41:29.656 E/ThermalEngine(  504): Unable to read max frequency from online cpu.
05-03 19:41:29.656 E/ThermalEngine(  504): Failed to set desired CPU[3] frequency limit to 2457600
05-03 19:41:33.655 E/ThermalEngine(  504): Unable to read max frequency from online cpu.
