05-03 20:50:46.403 E/ThermalEngine(  504): Unable to read max frequency from online cpu.
05-03 20:50:46.403 E/ThermalEngine(  504): Failed to set desired CPU[2] frequency limit to 2457600
05-03 20:50:47.724 E/ThermalEngine(  504): Unable to read max frequency from online cpu.
05-03 20:50:47.724 E/ThermalEngine(  504): Failed to set desired CPU[2] frequency limit to 2457600
05-03 20:50:47.835 E/ThermalEngine(  504): Unable to read max frequency from online cpu.
05-03 20:50:47.835 E/ThermalEngine(  504): Failed to set desired CPU[1] frequency limit to 2457600
05-03 20:50:57.260 E/ThermalEngine(  504): Unable to read max frequency from online cpu.
05-03 20:50:57.260 E/ThermalEngine(  504): Failed to set desired CPU[3] frequency limit to 2457600
05-03 20:50:59.059 E/ThermalEngine(  504): Unable to read max frequency from online cpu.
05-03 20:50:59.059 E/ThermalEngine(  504): Failed to set desired CPU[2] frequency limit to 2457600
05-03 20:51:02.310 E/WifiService( 2941): Permission denial: Need ACCESS_COARSE_LOCATION or ACCESS_FINE_LOCATION permission to get scan results
05-03 20:51:03.503 E/ThermalEngine(  504): Unable to read max frequency from online cpu.
05-03 20:51:03.503 E/ThermalEngine(  504): Failed to set desired CPU[3] frequency limit to 2457600
05-03 20:51:03.512 E/ThermalEngine(  504): Unable to read max frequency from online cpu.
05-03 20:51:03.512 E/ThermalEngine(  504): Failed to set desired CPU[2] frequency limit to 2457600
05-03 20:51:04.015 E/ThermalEngine(  504): Unable to read max frequency from online cpu.
05-03 20:51:04.015 E/ThermalEngine(  504): Failed to set desired CPU[2] frequency limit to 2457600
05-03 20:51:08.282 E/DatabaseUtils( 2941): Writing exception to parcel
05-03 20:51:08.282 E/DatabaseUtils( 2941): java.lang.SecurityException: com.sogou.activity.src was not granted  this permission: android.permission.WRITE_SETTINGS.
05-03 20:51:08.282 E/DatabaseUtils( 2941): 	at android.provider.Settings.isCallingPackageAllowedToPerformAppOpsProtectedOperation(Settings.java:8507)
05-03 20:51:08.282 E/DatabaseUtils( 2941): 	at android.provider.Settings.checkAndNoteWriteSettingsOperation(Settings.java:8389)
05-03 20:51:08.282 E/DatabaseUtils( 2941): 	at com.android.providers.settings.SettingsProvider.mutateSystemSetting(SettingsProvider.java:915)
05-03 20:51:08.282 E/DatabaseUtils( 2941): 	at com.android.providers.settings.SettingsProvider.insertSystemSetting(SettingsProvider.java:890)
05-03 20:51:08.282 E/DatabaseUtils( 2941): 	at com.android.providers.settings.SettingsProvider.call(SettingsProvider.java:263)
05-03 20:51:08.282 E/DatabaseUtils( 2941): 	at android.content.ContentProvider$Transport.call(ContentProvider.java:398)
05-03 20:51:08.282 E/DatabaseUtils( 2941): 	at android.content.ContentProviderNative.onTransact(ContentProviderNative.java:283)
05-03 20:51:08.282 E/DatabaseUtils( 2941): 	at android.os.Binder.execTransact(Binder.java:453)
05-03 20:51:08.286 E/DatabaseUtils( 2941): Writing exception to parcel
05-03 20:51:08.286 E/DatabaseUtils( 2941): java.lang.SecurityException: com.sogou.activity.src was not granted  this permission: android.permission.WRITE_SETTINGS.
05-03 20:51:08.286 E/DatabaseUtils( 2941): 	at android.provider.Settings.isCallingPackageAllowedToPerformAppOpsProtectedOperation(Settings.java:8507)
05-03 20:51:08.286 E/DatabaseUtils( 2941): 	at android.provider.Settings.checkAndNoteWriteSettingsOperation(Settings.java:8389)
05-03 20:51:08.286 E/DatabaseUtils( 2941): 	at com.android.providers.settings.SettingsProvider.mutateSystemSetting(SettingsProvider.java:915)
05-03 20:51:08.286 E/DatabaseUtils( 2941): 	at com.android.providers.settings.SettingsProvider.insertSystemSetting(SettingsProvider.java:890)
05-03 20:51:08.286 E/DatabaseUtils( 2941): 	at com.android.providers.settings.SettingsProvider.call(SettingsProvider.java:263)
05-03 20:51:08.286 E/DatabaseUtils( 2941): 	at android.content.ContentProvider$Transport.call(ContentProvider.java:398)
05-03 20:51:08.286 E/DatabaseUtils( 2941): 	at android.content.ContentProviderNative.onTransact(ContentProviderNative.java:283)
05-03 20:51:08.286 E/DatabaseUtils( 2941): 	at android.os.Binder.execTransact(Binder.java:453)
05-03 20:51:14.054 E/ThermalEngine(  504): Unable to read max frequency from online cpu.
05-03 20:51:14.054 E/ThermalEngine(  504): Failed to set desired CPU[3] frequency limit to 2457600
05-03 20:51:14.056 E/ThermalEngine(  504): Unable to read max frequency from online cpu.
05-03 20:51:14.056 E/ThermalEngine(  504): Failed to set desired CPU[2] frequency limit to 2457600
05-03 20:51:21.103 E/ThermalEngine(  504): Unable to read max frequency from online cpu.
05-03 20:51:21.103 E/ThermalEngine(  504): Failed to set desired CPU[3] frequency limit to 2457600
05-03 20:51:21.106 E/ThermalEngine(  504): Unable to read max frequency from online cpu.
05-03 20:51:21.106 E/ThermalEngine(  504): Failed to set desired CPU[2] frequency limit to 2457600
05-03 20:51:24.153 E/ThermalEngine(  504): Unable to read max frequency from online cpu.
05-03 20:51:24.154 E/ThermalEngine(  504): Failed to set desired CPU[3] frequency limit to 2457600
05-03 20:51:24.156 E/ThermalEngine(  504): Unable to read max frequency from online cpu.
05-03 20:51:24.157 E/ThermalEngine(  504): Failed to set desired CPU[2] frequency limit to 2457600
05-03 20:51:25.015 E/ThermalEngine(  504): Unable to read max frequency from online cpu.
05-03 20:51:25.016 E/ThermalEngine(  504): Failed to set desired CPU[2] frequency limit to 2457600
05-03 20:51:25.018 E/ThermalEngine(  504): Unable to read max frequency from online cpu.
05-03 20:51:25.018 E/ThermalEngine(  504): Failed to set desired CPU[1] frequency limit to 2457600
05-03 20:51:32.105 E/ThermalEngine(  504): Unable to read max frequency from online cpu.
05-03 20:51:32.106 E/ThermalEngine(  504): Failed to set desired CPU[3] frequency limit to 2457600
05-03 20:51:32.152 E/ThermalEngine(  504): Unable to read max frequency from online cpu.
05-03 20:51:32.152 E/ThermalEngine(  504): Failed to set desired CPU[2] frequency limit to 2457600
05-03 20:51:34.166 E/LocSvc_libulp( 2941): I/int ulp_msg_process_system_update(UlpSystemEvent): systemEvent:5 
05-03 20:51:34.166 E/LocSvc_libulp( 2941): I/int ulp_msg_process_start_req(), at ulp state = 1
05-03 20:51:34.167 E/LocSvc_api_v02( 2941): I/---> locClientSendReq line 2020 QMI_LOC_GET_BEST_AVAILABLE_POSITION_REQ_V02
05-03 20:51:34.170 E/LocSvc_ApiV02( 2941): I/<--- void globalRespCb(locClientHandleType, uint32_t, locClientRespIndUnionType, void*) line 115 QMI_LOC_GET_BEST_AVAILABLE_POSITION_REQ_V02
05-03 20:51:34.171 E/LocSvc_libulp( 2941): I/int ulp_brain_process_zpp_position_report(loc_sess_status, LocPosTechMask, UlpLocation*), report ZPP position to providers,report_position = 1
05-03 20:51:34.171 E/IzatSvc_PassiveLocListener( 2941): E/Exiting with error virtual void izat_manager::IzatPassiveLocationListener::onLocationChanged(const izat_manager::IzatLocation*, izat_manager::IzatLocationStatus) line 113 "1"
05-03 20:51:37.655 E/ThermalEngine(  504): Unable to read max frequency from online cpu.
05-03 20:51:37.655 E/ThermalEngine(  504): Failed to set desired CPU[3] frequency limit to 2457600
05-03 20:51:40.574 E/ThermalEngine(  504): Unable to read max frequency from online cpu.
05-03 20:51:40.575 E/ThermalEngine(  504): Failed to set desired CPU[3] frequency limit to 2457600
05-03 20:51:40.583 E/ThermalEngine(  504): Unable to read max frequency from online cpu.
05-03 20:51:40.583 E/ThermalEngine(  504): Failed to set desired CPU[2] frequency limit to 2457600
05-03 20:51:47.906 E/ThermalEngine(  504): Unable to read max frequency from online cpu.
05-03 20:51:47.906 E/ThermalEngine(  504): Failed to set desired CPU[3] frequency limit to 2457600
05-03 20:51:59.774 E/ThermalEngine(  504): Unable to read max frequency from online cpu.
05-03 20:51:59.774 E/ThermalEngine(  504): Failed to set desired CPU[3] frequency limit to 2457600
05-03 20:52:04.453 E/ThermalEngine(  504): Unable to read max frequency from online cpu.
05-03 20:52:04.453 E/ThermalEngine(  504): Failed to set desired CPU[3] frequency limit to 2457600
05-03 20:52:04.456 E/ThermalEngine(  504): Unable to read max frequency from online cpu.
05-03 20:52:04.456 E/ThermalEngine(  504): Failed to set desired CPU[2] frequency limit to 2457600
05-03 20:52:06.505 E/ThermalEngine(  504): Unable to read max frequency from online cpu.
05-03 20:52:06.505 E/ThermalEngine(  504): Failed to set desired CPU[3] frequency limit to 2457600
05-03 20:52:06.512 E/ThermalEngine(  504): Unable to read max frequency from online cpu.
05-03 20:52:06.512 E/ThermalEngine(  504): Failed to set desired CPU[2] frequency limit to 2457600
05-03 20:52:08.553 E/ThermalEngine(  504): Unable to read max frequency from online cpu.
05-03 20:52:08.553 E/ThermalEngine(  504): Failed to set desired CPU[3] frequency limit to 2457600
05-03 20:52:10.604 E/ThermalEngine(  504): Unable to read max frequency from online cpu.
05-03 20:52:10.604 E/ThermalEngine(  504): Failed to set desired CPU[3] frequency limit to 2457600
05-03 20:52:10.612 E/ThermalEngine(  504): Unable to read max frequency from online cpu.
05-03 20:52:10.612 E/ThermalEngine(  504): Failed to set desired CPU[2] frequency limit to 2457600
05-03 20:52:12.670 E/ThermalEngine(  504): Unable to read max frequency from online cpu.
05-03 20:52:12.670 E/ThermalEngine(  504): Failed to set desired CPU[2] frequency limit to 2457600
05-03 20:52:16.654 E/ThermalEngine(  504): Unable to read max frequency from online cpu.
05-03 20:52:16.654 E/ThermalEngine(  504): Failed to set desired CPU[3] frequency limit to 2457600
05-03 20:52:28.305 E/ThermalEngine(  504): Unable to read max frequency from online cpu.
05-03 20:52:28.305 E/ThermalEngine(  504): Failed to set desired CPU[3] frequency limit to 2457600
05-03 20:52:34.166 E/LocSvc_libulp( 2941): I/int ulp_msg_process_system_update(UlpSystemEvent): systemEvent:5 
05-03 20:52:34.167 E/LocSvc_libulp( 2941): I/int ulp_msg_process_start_req(), at ulp state = 1
05-03 20:52:34.167 E/LocSvc_api_v02( 2941): I/---> locClientSendReq line 2020 QMI_LOC_GET_BEST_AVAILABLE_POSITION_REQ_V02
05-03 20:52:34.171 E/LocSvc_ApiV02( 2941): I/<--- void globalRespCb(locClientHandleType, uint32_t, locClientRespIndUnionType, void*) line 115 QMI_LOC_GET_BEST_AVAILABLE_POSITION_REQ_V02
05-03 20:52:34.172 E/LocSvc_libulp( 2941): I/int ulp_brain_process_zpp_position_report(loc_sess_status, LocPosTechMask, UlpLocation*), report ZPP position to providers,report_position = 1
05-03 20:52:34.172 E/IzatSvc_PassiveLocListener( 2941): E/Exiting with error virtual void izat_manager::IzatPassiveLocationListener::onLocationChanged(const izat_manager::IzatLocation*, izat_manager::IzatLocationStatus) line 113 "1"
05-03 20:52:38.507 E/ThermalEngine(  504): Unable to read max frequency from online cpu.
05-03 20:52:38.508 E/ThermalEngine(  504): Failed to set desired CPU[3] frequency limit to 2457600
05-03 20:52:48.707 E/ThermalEngine(  504): Unable to read max frequency from online cpu.
05-03 20:52:48.707 E/ThermalEngine(  504): Failed to set desired CPU[3] frequency limit to 2457600
05-03 20:52:58.905 E/ThermalEngine(  504): Unable to read max frequency from online cpu.
05-03 20:52:58.906 E/ThermalEngine(  504): Failed to set desired CPU[3] frequency limit to 2457600
05-03 20:53:03.103 E/ThermalEngine(  504): Unable to read max frequency from online cpu.
05-03 20:53:03.103 E/ThermalEngine(  504): Failed to set desired CPU[3] frequency limit to 2457600
05-03 20:53:03.106 E/ThermalEngine(  504): Unable to read max frequency from online cpu.
05-03 20:53:03.106 E/ThermalEngine(  504): Failed to set desired CPU[2] frequency limit to 2457600
05-03 20:53:08.207 E/ThermalEngine(  504): Unable to read max frequency from online cpu.
05-03 20:53:08.207 E/ThermalEngine(  504): Failed to set desired CPU[3] frequency limit to 2457600
05-03 20:53:11.205 E/ThermalEngine(  504): Unable to read max frequency from online cpu.
05-03 20:53:11.205 E/ThermalEngine(  504): Failed to set desired CPU[3] frequency limit to 2457600
05-03 20:53:11.210 E/ThermalEngine(  504): Unable to read max frequency from online cpu.
05-03 20:53:11.210 E/ThermalEngine(  504): Failed to set desired CPU[2] frequency limit to 2457600
05-03 20:53:14.655 E/ThermalEngine(  504): Unable to read max frequency from online cpu.
05-03 20:53:14.655 E/ThermalEngine(  504): Failed to set desired CPU[3] frequency limit to 2457600
05-03 20:53:18.254 E/ThermalEngine(  504): Unable to read max frequency from online cpu.
05-03 20:53:18.255 E/ThermalEngine(  504): Failed to set desired CPU[3] frequency limit to 2457600
05-03 20:53:18.260 E/ThermalEngine(  504): Unable to read max frequency from online cpu.
05-03 20:53:18.260 E/ThermalEngine(  504): Failed to set desired CPU[2] frequency limit to 2457600
05-03 20:53:26.805 E/ThermalEngine(  504): Unable to read max frequency from online cpu.
05-03 20:53:26.805 E/ThermalEngine(  504): Failed to set desired CPU[3] frequency limit to 2457600
05-03 20:53:32.404 E/ThermalEngine(  504): Unable to read max frequency from online cpu.
05-03 20:53:32.404 E/ThermalEngine(  504): Failed to set desired CPU[3] frequency limit to 2457600
05-03 20:53:32.412 E/ThermalEngine(  504): Unable to read max frequency from online cpu.
05-03 20:53:32.412 E/ThermalEngine(  504): Failed to set desired CPU[2] frequency limit to 2457600
05-03 20:53:34.167 E/LocSvc_libulp( 2941): I/int ulp_msg_process_system_update(UlpSystemEvent): systemEvent:5 
05-03 20:53:34.167 E/LocSvc_libulp( 2941): I/int ulp_msg_process_start_req(), at ulp state = 1
05-03 20:53:34.167 E/LocSvc_api_v02( 2941): I/---> locClientSendReq line 2020 QMI_LOC_GET_BEST_AVAILABLE_POSITION_REQ_V02
05-03 20:53:34.173 E/LocSvc_ApiV02( 2941): I/<--- void globalRespCb(locClientHandleType, uint32_t, locClientRespIndUnionType, void*) line 115 QMI_LOC_GET_BEST_AVAILABLE_POSITION_REQ_V02
05-03 20:53:34.173 E/LocSvc_libulp( 2941): I/int ulp_brain_process_zpp_position_report(loc_sess_status, LocPosTechMask, UlpLocation*), report ZPP position to providers,report_position = 1
05-03 20:53:34.173 E/IzatSvc_PassiveLocListener( 2941): E/Exiting with error virtual void izat_manager::IzatPassiveLocationListener::onLocationChanged(const izat_manager::IzatLocation*, izat_manager::IzatLocationStatus) line 113 "1"
05-03 20:53:36.504 E/ThermalEngine(  504): Unable to read max frequency from online cpu.
05-03 20:53:36.504 E/ThermalEngine(  504): Failed to set desired CPU[3] frequency limit to 2457600
05-03 20:53:49.357 E/ThermalEngine(  504): Unable to read max frequency from online cpu.
05-03 20:53:49.358 E/ThermalEngine(  504): Failed to set desired CPU[3] frequency limit to 2457600
05-03 20:53:59.557 E/ThermalEngine(  504): Unable to read max frequency from online cpu.
05-03 20:53:59.557 E/ThermalEngine(  504): Failed to set desired CPU[3] frequency limit to 2457600
05-03 20:54:00.003 E/ThermalEngine(  504): Unable to read max frequency from online cpu.
05-03 20:54:00.003 E/ThermalEngine(  504): Failed to set desired CPU[2] frequency limit to 2457600
05-03 20:54:03.754 E/ThermalEngine(  504): Unable to read max frequency from online cpu.
05-03 20:54:03.754 E/ThermalEngine(  504): Failed to set desired CPU[3] frequency limit to 2457600
05-03 20:54:06.768 E/ThermalEngine(  504): Unable to read max frequency from online cpu.
05-03 20:54:06.768 E/ThermalEngine(  504): Failed to set desired CPU[2] frequency limit to 2457600
05-03 20:54:06.781 E/ThermalEngine(  504): Unable to read max frequency from online cpu.
05-03 20:54:06.781 E/ThermalEngine(  504): Failed to set desired CPU[1] frequency limit to 2457600
05-03 20:54:09.704 E/ThermalEngine(  504): Unable to read max frequency from online cpu.
05-03 20:54:09.704 E/ThermalEngine(  504): Failed to set desired CPU[3] frequency limit to 2457600
05-03 20:54:14.584 E/ThermalEngine(  504): Unable to read max frequency from online cpu.
05-03 20:54:14.585 E/ThermalEngine(  504): Failed to set desired CPU[3] frequency limit to 2457600
05-03 20:54:26.853 E/ThermalEngine(  504): Unable to read max frequency from online cpu.
05-03 20:54:26.853 E/ThermalEngine(  504): Failed to set desired CPU[3] frequency limit to 2457600
05-03 20:54:29.956 E/ThermalEngine(  504): Unable to read max frequency from online cpu.
05-03 20:54:29.956 E/ThermalEngine(  504): Failed to set desired CPU[3] frequency limit to 2457600
05-03 20:54:32.574 E/ThermalEngine(  504): Unable to read max frequency from online cpu.
05-03 20:54:32.574 E/ThermalEngine(  504): Failed to set desired CPU[3] frequency limit to 2457600
05-03 20:54:34.167 E/LocSvc_libulp( 2941): I/int ulp_msg_process_system_update(UlpSystemEvent): systemEvent:5 
05-03 20:54:34.167 E/LocSvc_libulp( 2941): I/int ulp_msg_process_start_req(), at ulp state = 1
05-03 20:54:34.167 E/LocSvc_api_v02( 2941): I/---> locClientSendReq line 2020 QMI_LOC_GET_BEST_AVAILABLE_POSITION_REQ_V02
05-03 20:54:34.172 E/LocSvc_ApiV02( 2941): I/<--- void globalRespCb(locClientHandleType, uint32_t, locClientRespIndUnionType, void*) line 115 QMI_LOC_GET_BEST_AVAILABLE_POSITION_REQ_V02
05-03 20:54:34.173 E/LocSvc_libulp( 2941): I/int ulp_brain_process_zpp_position_report(loc_sess_status, LocPosTechMask, UlpLocation*), report ZPP position to providers,report_position = 1
05-03 20:54:34.173 E/IzatSvc_PassiveLocListener( 2941): E/Exiting with error virtual void izat_manager::IzatPassiveLocationListener::onLocationChanged(const izat_manager::IzatLocation*, izat_manager::IzatLocationStatus) line 113 "1"
05-03 20:54:38.006 E/ThermalEngine(  504): Unable to read max frequency from online cpu.
05-03 20:54:38.006 E/ThermalEngine(  504): Failed to set desired CPU[3] frequency limit to 2457600
05-03 20:54:48.103 E/ThermalEngine(  504): Unable to read max frequency from online cpu.
05-03 20:54:48.104 E/ThermalEngine(  504): Failed to set desired CPU[3] frequency limit to 2457600
05-03 20:54:48.109 E/ThermalEngine(  504): Unable to read max frequency from online cpu.
05-03 20:54:48.110 E/ThermalEngine(  504): Failed to set desired CPU[2] frequency limit to 2457600
05-03 20:54:57.204 E/ThermalEngine(  504): Unable to read max frequency from online cpu.
05-03 20:54:57.204 E/ThermalEngine(  504): Failed to set desired CPU[3] frequency limit to 2457600
05-03 20:54:57.212 E/ThermalEngine(  504): Unable to read max frequency from online cpu.
05-03 20:54:57.212 E/ThermalEngine(  504): Failed to set desired CPU[2] frequency limit to 2457600
05-03 20:54:57.256 E/ThermalEngine(  504): Unable to read max frequency from online cpu.
05-03 20:54:57.256 E/ThermalEngine(  504): Failed to set desired CPU[1] frequency limit to 2457600
05-03 20:55:00.155 E/ThermalEngine(  504): Unable to read max frequency from online cpu.
05-03 20:55:00.155 E/ThermalEngine(  504): Failed to set desired CPU[3] frequency limit to 2457600
05-03 20:55:10.354 E/ThermalEngine(  504): Unable to read max frequency from online cpu.
05-03 20:55:10.355 E/ThermalEngine(  504): Failed to set desired CPU[3] frequency limit to 2457600
05-03 20:55:13.403 E/ThermalEngine(  504): Unable to read max frequency from online cpu.
05-03 20:55:13.403 E/ThermalEngine(  504): Failed to set desired CPU[3] frequency limit to 2457600
05-03 20:55:13.411 E/ThermalEngine(  504): Unable to read max frequency from online cpu.
05-03 20:55:13.412 E/ThermalEngine(  504): Failed to set desired CPU[2] frequency limit to 2457600
05-03 20:55:20.458 E/ThermalEngine(  504): Unable to read max frequency from online cpu.
05-03 20:55:20.459 E/ThermalEngine(  504): Failed to set desired CPU[2] frequency limit to 2457600
05-03 20:55:27.504 E/ThermalEngine(  504): Unable to read max frequency from online cpu.
05-03 20:55:27.504 E/ThermalEngine(  504): Failed to set desired CPU[3] frequency limit to 2457600
05-03 20:55:27.511 E/ThermalEngine(  504): Unable to read max frequency from online cpu.
05-03 20:55:27.511 E/ThermalEngine(  504): Failed to set desired CPU[2] frequency limit to 2457600
05-03 20:55:34.167 E/LocSvc_libulp( 2941): I/int ulp_msg_process_system_update(UlpSystemEvent): systemEvent:5 
05-03 20:55:34.167 E/LocSvc_libulp( 2941): I/int ulp_msg_process_start_req(), at ulp state = 1
05-03 20:55:34.168 E/LocSvc_api_v02( 2941): I/---> locClientSendReq line 2020 QMI_LOC_GET_BEST_AVAILABLE_POSITION_REQ_V02
05-03 20:55:34.172 E/LocSvc_ApiV02( 2941): I/<--- void globalRespCb(locClientHandleType, uint32_t, locClientRespIndUnionType, void*) line 115 QMI_LOC_GET_BEST_AVAILABLE_POSITION_REQ_V02
05-03 20:55:34.172 E/LocSvc_libulp( 2941): I/int ulp_brain_process_zpp_position_report(loc_sess_status, LocPosTechMask, UlpLocation*), report ZPP position to providers,report_position = 1
05-03 20:55:34.172 E/IzatSvc_PassiveLocListener( 2941): E/Exiting with error virtual void izat_manager::IzatPassiveLocationListener::onLocationChanged(const izat_manager::IzatLocation*, izat_manager::IzatLocationStatus) line 113 "1"
05-03 20:55:35.604 E/ThermalEngine(  504): Unable to read max frequency from online cpu.
05-03 20:55:35.604 E/ThermalEngine(  504): Failed to set desired CPU[3] frequency limit to 2457600
05-03 20:55:35.612 E/ThermalEngine(  504): Unable to read max frequency from online cpu.
05-03 20:55:35.612 E/ThermalEngine(  504): Failed to set desired CPU[2] frequency limit to 2457600
05-03 20:55:40.705 E/ThermalEngine(  504): Unable to read max frequency from online cpu.
05-03 20:55:40.705 E/ThermalEngine(  504): Failed to set desired CPU[3] frequency limit to 2457600
05-03 20:55:45.727 E/ThermalEngine(  504): Unable to read max frequency from online cpu.
05-03 20:55:45.727 E/ThermalEngine(  504): Failed to set desired CPU[2] frequency limit to 2457600
05-03 20:55:46.497 E/ThermalEngine(  504): Unable to read max frequency from online cpu.
05-03 20:55:46.497 E/ThermalEngine(  504): Failed to set desired CPU[2] frequency limit to 2457600
05-03 20:55:47.908 E/ThermalEngine(  504): Unable to read max frequency from online cpu.
05-03 20:55:47.909 E/ThermalEngine(  504): Failed to set desired CPU[2] frequency limit to 2457600
05-03 20:55:47.961 E/ThermalEngine(  504): Unable to read max frequency from online cpu.
05-03 20:55:47.961 E/ThermalEngine(  504): Failed to set desired CPU[1] frequency limit to 2457600
05-03 20:55:59.255 E/ThermalEngine(  504): Unable to read max frequency from online cpu.
05-03 20:55:59.255 E/ThermalEngine(  504): Failed to set desired CPU[3] frequency limit to 2457600
05-03 20:55:59.452 E/ThermalEngine(  504): Unable to read max frequency from online cpu.
05-03 20:55:59.452 E/ThermalEngine(  504): Failed to set desired CPU[2] frequency limit to 2457600
05-03 20:55:59.455 E/ThermalEngine(  504): Unable to read max frequency from online cpu.
05-03 20:55:59.455 E/ThermalEngine(  504): Failed to set desired CPU[1] frequency limit to 2457600
05-03 20:56:01.008 E/ThermalEngine(  504): Unable to read max frequency from online cpu.
05-03 20:56:01.009 E/ThermalEngine(  504): Failed to set desired CPU[3] frequency limit to 2457600
05-03 20:56:02.854 E/ThermalEngine(  504): Unable to read max frequency from online cpu.
05-03 20:56:02.854 E/ThermalEngine(  504): Failed to set desired CPU[3] frequency limit to 2457600
05-03 20:56:02.866 E/ThermalEngine(  504): Unable to read max frequency from online cpu.
05-03 20:56:02.866 E/ThermalEngine(  504): Failed to set desired CPU[2] frequency limit to 2457600
05-03 20:56:11.209 E/ThermalEngine(  504): Unable to read max frequency from online cpu.
05-03 20:56:11.209 E/ThermalEngine(  504): Failed to set desired CPU[3] frequency limit to 2457600
05-03 20:56:12.964 E/DatabaseUtils( 2941): Writing exception to parcel
05-03 20:56:12.964 E/DatabaseUtils( 2941): java.lang.SecurityException: com.sogou.activity.src was not granted  this permission: android.permission.WRITE_SETTINGS.
05-03 20:56:12.964 E/DatabaseUtils( 2941): 	at android.provider.Settings.isCallingPackageAllowedToPerformAppOpsProtectedOperation(Settings.java:8507)
05-03 20:56:12.964 E/DatabaseUtils( 2941): 	at android.provider.Settings.checkAndNoteWriteSettingsOperation(Settings.java:8389)
05-03 20:56:12.964 E/DatabaseUtils( 2941): 	at com.android.providers.settings.SettingsProvider.mutateSystemSetting(SettingsProvider.java:915)
05-03 20:56:12.964 E/DatabaseUtils( 2941): 	at com.android.providers.settings.SettingsProvider.insertSystemSetting(SettingsProvider.java:890)
05-03 20:56:12.964 E/DatabaseUtils( 2941): 	at com.android.providers.settings.SettingsProvider.call(SettingsProvider.java:263)
05-03 20:56:12.964 E/DatabaseUtils( 2941): 	at android.content.ContentProvider$Transport.call(ContentProvider.java:398)
05-03 20:56:12.964 E/DatabaseUtils( 2941): 	at android.content.ContentProviderNative.onTransact(ContentProviderNative.java:283)
05-03 20:56:12.964 E/DatabaseUtils( 2941): 	at android.os.Binder.execTransact(Binder.java:453)
05-03 20:56:12.968 E/DatabaseUtils( 2941): Writing exception to parcel
05-03 20:56:12.968 E/DatabaseUtils( 2941): java.lang.SecurityException: com.sogou.activity.src was not granted  this permission: android.permission.WRITE_SETTINGS.
05-03 20:56:12.968 E/DatabaseUtils( 2941): 	at android.provider.Settings.isCallingPackageAllowedToPerformAppOpsProtectedOperation(Settings.java:8507)
05-03 20:56:12.968 E/DatabaseUtils( 2941): 	at android.provider.Settings.checkAndNoteWriteSettingsOperation(Settings.java:8389)
05-03 20:56:12.968 E/DatabaseUtils( 2941): 	at com.android.providers.settings.SettingsProvider.mutateSystemSetting(SettingsProvider.java:915)
05-03 20:56:12.968 E/DatabaseUtils( 2941): 	at com.android.providers.settings.SettingsProvider.insertSystemSetting(SettingsProvider.java:890)
05-03 20:56:12.968 E/DatabaseUtils( 2941): 	at com.android.providers.settings.SettingsProvider.call(SettingsProvider.java:263)
05-03 20:56:12.968 E/DatabaseUtils( 2941): 	at android.content.ContentProvider$Transport.call(ContentProvider.java:398)
05-03 20:56:12.968 E/DatabaseUtils( 2941): 	at android.content.ContentProviderNative.onTransact(ContentProviderNative.java:283)
05-03 20:56:12.968 E/DatabaseUtils( 2941): 	at android.os.Binder.execTransact(Binder.java:453)
05-03 20:56:13.013 E/ThermalEngine(  504): Unable to read max frequency from online cpu.
05-03 20:56:13.013 E/ThermalEngine(  504): Failed to set desired CPU[2] frequency limit to 2457600
05-03 20:56:13.021 E/ThermalEngine(  504): Unable to read max frequency from online cpu.
05-03 20:56:13.021 E/ThermalEngine(  504): Failed to set desired CPU[1] frequency limit to 2457600
05-03 20:56:13.030 E/Metok   ( 5032): get current cell error
05-03 20:56:21.456 E/ThermalEngine(  504): Unable to read max frequency from online cpu.
05-03 20:56:21.456 E/ThermalEngine(  504): Failed to set desired CPU[3] frequency limit to 2457600
05-03 20:56:25.072 E/ThermalEngine(  504): Unable to read max frequency from online cpu.
05-03 20:56:25.072 E/ThermalEngine(  504): Failed to set desired CPU[2] frequency limit to 2457600
05-03 20:56:30.105 E/ThermalEngine(  504): Unable to read max frequency from online cpu.
05-03 20:56:30.105 E/ThermalEngine(  504): Failed to set desired CPU[3] frequency limit to 2457600
05-03 20:56:34.167 E/LocSvc_libulp( 2941): I/int ulp_msg_process_system_update(UlpSystemEvent): systemEvent:5 
05-03 20:56:34.167 E/LocSvc_libulp( 2941): I/int ulp_msg_process_start_req(), at ulp state = 1
05-03 20:56:34.167 E/LocSvc_api_v02( 2941): I/---> locClientSendReq line 2020 QMI_LOC_GET_BEST_AVAILABLE_POSITION_REQ_V02
05-03 20:56:34.172 E/LocSvc_ApiV02( 2941): I/<--- void globalRespCb(locClientHandleType, uint32_t, locClientRespIndUnionType, void*) line 115 QMI_LOC_GET_BEST_AVAILABLE_POSITION_REQ_V02
05-03 20:56:34.173 E/IzatSvc_PassiveLocListener( 2941): E/Exiting with error virtual void izat_manager::IzatPassiveLocationListener::onLocationChanged(const izat_manager::IzatLocation*, izat_manager::IzatLocationStatus) line 113 "1"
05-03 20:56:34.173 E/LocSvc_libulp( 2941): I/int ulp_brain_process_zpp_position_report(loc_sess_status, LocPosTechMask, UlpLocation*), report ZPP position to providers,report_position = 1
05-03 20:56:41.758 E/ThermalEngine(  504): Unable to read max frequency from online cpu.
05-03 20:56:41.758 E/ThermalEngine(  504): Failed to set desired CPU[3] frequency limit to 2457600
05-03 20:56:51.955 E/ThermalEngine(  504): Unable to read max frequency from online cpu.
05-03 20:56:51.955 E/ThermalEngine(  504): Failed to set desired CPU[3] frequency limit to 2457600
05-03 20:57:00.154 E/ThermalEngine(  504): Unable to read max frequency from online cpu.
05-03 20:57:00.154 E/ThermalEngine(  504): Failed to set desired CPU[3] frequency limit to 2457600
05-03 20:57:02.157 E/ThermalEngine(  504): Unable to read max frequency from online cpu.
05-03 20:57:02.158 E/ThermalEngine(  504): Failed to set desired CPU[3] frequency limit to 2457600
05-03 20:57:09.405 E/ThermalEngine(  504): Unable to read max frequency from online cpu.
05-03 20:57:09.405 E/ThermalEngine(  504): Failed to set desired CPU[3] frequency limit to 2457600
05-03 20:57:31.555 E/ThermalEngine(  504): Unable to read max frequency from online cpu.
05-03 20:57:31.555 E/ThermalEngine(  504): Failed to set desired CPU[3] frequency limit to 2457600
05-03 20:57:31.562 E/ThermalEngine(  504): Unable to read max frequency from online cpu.
05-03 20:57:31.562 E/ThermalEngine(  504): Failed to set desired CPU[2] frequency limit to 2457600
05-03 20:57:34.167 E/LocSvc_libulp( 2941): I/int ulp_msg_process_system_update(UlpSystemEvent): systemEvent:5 
05-03 20:57:34.167 E/LocSvc_libulp( 2941): I/int ulp_msg_process_start_req(), at ulp state = 1
05-03 20:57:34.168 E/LocSvc_api_v02( 2941): I/---> locClientSendReq line 2020 QMI_LOC_GET_BEST_AVAILABLE_POSITION_REQ_V02
05-03 20:57:34.172 E/LocSvc_ApiV02( 2941): I/<--- void globalRespCb(locClientHandleType, uint32_t, locClientRespIndUnionType, void*) line 115 QMI_LOC_GET_BEST_AVAILABLE_POSITION_REQ_V02
05-03 20:57:34.173 E/LocSvc_libulp( 2941): I/int ulp_brain_process_zpp_position_report(loc_sess_status, LocPosTechMask, UlpLocation*), report ZPP position to providers,report_position = 1
05-03 20:57:34.173 E/IzatSvc_PassiveLocListener( 2941): E/Exiting with error virtual void izat_manager::IzatPassiveLocationListener::onLocationChanged(const izat_manager::IzatLocation*, izat_manager::IzatLocationStatus) line 113 "1"
05-03 20:57:42.558 E/ThermalEngine(  504): Unable to read max frequency from online cpu.
05-03 20:57:42.558 E/ThermalEngine(  504): Failed to set desired CPU[3] frequency limit to 2457600
05-03 20:57:44.310 E/ThermalEngine(  504): Unable to read max frequency from online cpu.
05-03 20:57:44.310 E/ThermalEngine(  504): Failed to set desired CPU[2] frequency limit to 2457600
05-03 20:57:53.610 E/ThermalEngine(  504): Unable to read max frequency from online cpu.
05-03 20:57:53.610 E/ThermalEngine(  504): Failed to set desired CPU[2] frequency limit to 2457600
05-03 20:57:54.013 E/ThermalEngine(  504): Unable to read max frequency from online cpu.
05-03 20:57:54.013 E/ThermalEngine(  504): Failed to set desired CPU[1] frequency limit to 2457600
05-03 20:57:58.754 E/ThermalEngine(  504): Unable to read max frequency from online cpu.
05-03 20:57:58.755 E/ThermalEngine(  504): Failed to set desired CPU[3] frequency limit to 2457600
05-03 20:58:00.703 E/ThermalEngine(  504): Unable to read max frequency from online cpu.
05-03 20:58:00.703 E/ThermalEngine(  504): Failed to set desired CPU[3] frequency limit to 2457600
05-03 20:58:00.707 E/ThermalEngine(  504): Unable to read max frequency from online cpu.
05-03 20:58:00.707 E/ThermalEngine(  504): Failed to set desired CPU[2] frequency limit to 2457600
05-03 20:58:02.773 E/ThermalEngine(  504): Unable to read max frequency from online cpu.
05-03 20:58:02.773 E/ThermalEngine(  504): Failed to set desired CPU[2] frequency limit to 2457600
05-03 20:58:03.728 E/ThermalEngine(  504): Unable to read max frequency from online cpu.
05-03 20:58:03.728 E/ThermalEngine(  504): Failed to set desired CPU[1] frequency limit to 2457600
05-03 20:58:05.756 E/ThermalEngine(  504): Unable to read max frequency from online cpu.
05-03 20:58:05.756 E/ThermalEngine(  504): Failed to set desired CPU[3] frequency limit to 2457600
05-03 20:58:13.407 E/ThermalEngine(  504): Unable to read max frequency from online cpu.
05-03 20:58:13.407 E/ThermalEngine(  504): Failed to set desired CPU[3] frequency limit to 2457600
05-03 20:58:22.955 E/ThermalEngine(  504): Unable to read max frequency from online cpu.
05-03 20:58:22.955 E/ThermalEngine(  504): Failed to set desired CPU[3] frequency limit to 2457600
05-03 20:58:33.707 E/ThermalEngine(  504): Unable to read max frequency from online cpu.
05-03 20:58:33.707 E/ThermalEngine(  504): Failed to set desired CPU[3] frequency limit to 2457600
05-03 20:58:34.167 E/LocSvc_libulp( 2941): I/int ulp_msg_process_system_update(UlpSystemEvent): systemEvent:5 
05-03 20:58:34.168 E/LocSvc_libulp( 2941): I/int ulp_msg_process_start_req(), at ulp state = 1
05-03 20:58:34.168 E/LocSvc_api_v02( 2941): I/---> locClientSendReq line 2020 QMI_LOC_GET_BEST_AVAILABLE_POSITION_REQ_V02
05-03 20:58:34.173 E/LocSvc_ApiV02( 2941): I/<--- void globalRespCb(locClientHandleType, uint32_t, locClientRespIndUnionType, void*) line 115 QMI_LOC_GET_BEST_AVAILABLE_POSITION_REQ_V02
05-03 20:58:34.174 E/LocSvc_libulp( 2941): I/int ulp_brain_process_zpp_position_report(loc_sess_status, LocPosTechMask, UlpLocation*), report ZPP position to providers,report_position = 1
05-03 20:58:34.174 E/IzatSvc_PassiveLocListener( 2941): E/Exiting with error virtual void izat_manager::IzatPassiveLocationListener::onLocationChanged(const izat_manager::IzatLocation*, izat_manager::IzatLocationStatus) line 113 "1"
05-03 20:58:35.659 E/ThermalEngine(  504): Unable to read max frequency from online cpu.
05-03 20:58:35.659 E/ThermalEngine(  504): Failed to set desired CPU[3] frequency limit to 2457600
05-03 20:58:43.906 E/ThermalEngine(  504): Unable to read max frequency from online cpu.
05-03 20:58:43.906 E/ThermalEngine(  504): Failed to set desired CPU[3] frequency limit to 2457600
05-03 20:58:51.303 E/ThermalEngine(  504): Unable to read max frequency from online cpu.
05-03 20:58:51.303 E/ThermalEngine(  504): Failed to set desired CPU[3] frequency limit to 2457600
05-03 20:58:51.312 E/ThermalEngine(  504): Unable to read max frequency from online cpu.
05-03 20:58:51.312 E/ThermalEngine(  504): Failed to set desired CPU[2] frequency limit to 2457600
05-03 20:58:54.106 E/ThermalEngine(  504): Unable to read max frequency from online cpu.
05-03 20:58:54.106 E/ThermalEngine(  504): Failed to set desired CPU[3] frequency limit to 2457600
05-03 20:59:00.103 E/ThermalEngine(  504): Unable to read max frequency from online cpu.
05-03 20:59:00.104 E/ThermalEngine(  504): Failed to set desired CPU[3] frequency limit to 2457600
05-03 20:59:00.112 E/ThermalEngine(  504): Unable to read max frequency from online cpu.
05-03 20:59:00.112 E/ThermalEngine(  504): Failed to set desired CPU[2] frequency limit to 2457600
05-03 20:59:04.153 E/ThermalEngine(  504): Unable to read max frequency from online cpu.
05-03 20:59:04.154 E/ThermalEngine(  504): Failed to set desired CPU[3] frequency limit to 2457600
05-03 20:59:14.304 E/ThermalEngine(  504): Unable to read max frequency from online cpu.
05-03 20:59:14.304 E/ThermalEngine(  504): Failed to set desired CPU[3] frequency limit to 2457600
05-03 20:59:23.305 E/ThermalEngine(  504): Unable to read max frequency from online cpu.
05-03 20:59:23.305 E/ThermalEngine(  504): Failed to set desired CPU[3] frequency limit to 2457600
05-03 20:59:26.365 E/ThermalEngine(  504): Unable to read max frequency from online cpu.
05-03 20:59:26.365 E/ThermalEngine(  504): Failed to set desired CPU[2] frequency limit to 2457600
05-03 20:59:34.168 E/LocSvc_libulp( 2941): I/int ulp_msg_process_system_update(UlpSystemEvent): systemEvent:5 
05-03 20:59:34.168 E/LocSvc_libulp( 2941): I/int ulp_msg_process_start_req(), at ulp state = 1
05-03 20:59:34.168 E/LocSvc_api_v02( 2941): I/---> locClientSendReq line 2020 QMI_LOC_GET_BEST_AVAILABLE_POSITION_REQ_V02
05-03 20:59:34.173 E/LocSvc_ApiV02( 2941): I/<--- void globalRespCb(locClientHandleType, uint32_t, locClientRespIndUnionType, void*) line 115 QMI_LOC_GET_BEST_AVAILABLE_POSITION_REQ_V02
05-03 20:59:34.174 E/LocSvc_libulp( 2941): I/int ulp_brain_process_zpp_position_report(loc_sess_status, LocPosTechMask, UlpLocation*), report ZPP position to providers,report_position = 1
05-03 20:59:34.174 E/IzatSvc_PassiveLocListener( 2941): E/Exiting with error virtual void izat_manager::IzatPassiveLocationListener::onLocationChanged(const izat_manager::IzatLocation*, izat_manager::IzatLocationStatus) line 113 "1"
