05-04 10:52:26.212 E/ThermalEngine(  504): Failed to set desired CPU[1] frequency limit to 1728000
05-04 10:52:27.838 E/ThermalEngine(  504): Unable to read max frequency from online cpu.
05-04 10:52:27.838 E/ThermalEngine(  504): Failed to set desired CPU[2] frequency limit to 1728000
05-04 10:52:27.849 E/ThermalEngine(  504): Unable to read max frequency from online cpu.
05-04 10:52:27.850 E/ThermalEngine(  504): Failed to set desired CPU[1] frequency limit to 1728000
05-04 10:52:29.730 E/ThermalEngine(  504): Unable to read max frequency from online cpu.
05-04 10:52:29.730 E/ThermalEngine(  504): Failed to set desired CPU[2] frequency limit to 1728000
05-04 10:52:30.084 E/ThermalEngine(  504): Unable to read max frequency from online cpu.
05-04 10:52:30.084 E/ThermalEngine(  504): Failed to set desired CPU[1] frequency limit to 1728000
05-04 10:52:31.258 E/ThermalEngine(  504): Unable to read max frequency from online cpu.
05-04 10:52:31.258 E/ThermalEngine(  504): Failed to set desired CPU[2] frequency limit to 1728000
05-04 10:52:32.174 E/ThermalEngine(  504): Unable to read max frequency from online cpu.
05-04 10:52:32.175 E/ThermalEngine(  504): Failed to set desired CPU[2] frequency limit to 1728000
05-04 10:52:33.890 E/ThermalEngine(  504): Unable to read max frequency from online cpu.
05-04 10:52:33.890 E/ThermalEngine(  504): Failed to set desired CPU[2] frequency limit to 1728000
05-04 10:52:34.851 E/ThermalEngine(  504): Unable to read max frequency from online cpu.
05-04 10:52:34.851 E/ThermalEngine(  504): Failed to set desired CPU[1] frequency limit to 1728000
05-04 10:52:35.829 E/ThermalEngine(  504): Unable to read max frequency from online cpu.
05-04 10:52:35.829 E/ThermalEngine(  504): Failed to set desired CPU[2] frequency limit to 1728000
05-04 10:52:36.494 E/ThermalEngine(  504): Unable to read max frequency from online cpu.
05-04 10:52:36.494 E/ThermalEngine(  504): Failed to set desired CPU[2] frequency limit to 1728000
05-04 10:52:37.763 E/ThermalEngine(  504): Unable to read max frequency from online cpu.
05-04 10:52:37.763 E/ThermalEngine(  504): Failed to set desired CPU[2] frequency limit to 1728000
05-04 10:52:39.278 E/ThermalEngine(  504): Unable to read max frequency from online cpu.
05-04 10:52:39.278 E/ThermalEngine(  504): Failed to set desired CPU[2] frequency limit to 1728000
05-04 10:52:40.434 E/ThermalEngine(  504): Unable to read max frequency from online cpu.
05-04 10:52:40.434 E/ThermalEngine(  504): Failed to set desired CPU[1] frequency limit to 1728000
05-04 10:52:42.017 E/ThermalEngine(  504): Unable to read max frequency from online cpu.
05-04 10:52:42.017 E/ThermalEngine(  504): Failed to set desired CPU[2] frequency limit to 1728000
05-04 10:52:42.029 E/ThermalEngine(  504): Unable to read max frequency from online cpu.
05-04 10:52:42.030 E/ThermalEngine(  504): Failed to set desired CPU[1] frequency limit to 1728000
05-04 10:52:42.958 E/ThermalEngine(  504): Unable to read max frequency from online cpu.
05-04 10:52:42.958 E/ThermalEngine(  504): Failed to set desired CPU[2] frequency limit to 1728000
05-04 10:52:45.328 E/ThermalEngine(  504): Unable to read max frequency from online cpu.
05-04 10:52:45.328 E/ThermalEngine(  504): Failed to set desired CPU[1] frequency limit to 1728000
05-04 10:52:46.259 E/ThermalEngine(  504): Unable to read max frequency from online cpu.
05-04 10:52:46.259 E/ThermalEngine(  504): Failed to set desired CPU[2] frequency limit to 1728000
05-04 10:52:46.411 E/DatabaseUtils( 2941): Writing exception to parcel
05-04 10:52:46.411 E/DatabaseUtils( 2941): java.lang.SecurityException: com.sogou.activity.src was not granted  this permission: android.permission.WRITE_SETTINGS.
05-04 10:52:46.411 E/DatabaseUtils( 2941): 	at android.provider.Settings.isCallingPackageAllowedToPerformAppOpsProtectedOperation(Settings.java:8507)
05-04 10:52:46.411 E/DatabaseUtils( 2941): 	at android.provider.Settings.checkAndNoteWriteSettingsOperation(Settings.java:8389)
05-04 10:52:46.411 E/DatabaseUtils( 2941): 	at com.android.providers.settings.SettingsProvider.mutateSystemSetting(SettingsProvider.java:915)
05-04 10:52:46.411 E/DatabaseUtils( 2941): 	at com.android.providers.settings.SettingsProvider.insertSystemSetting(SettingsProvider.java:890)
05-04 10:52:46.411 E/DatabaseUtils( 2941): 	at com.android.providers.settings.SettingsProvider.call(SettingsProvider.java:263)
05-04 10:52:46.411 E/DatabaseUtils( 2941): 	at android.content.ContentProvider$Transport.call(ContentProvider.java:398)
05-04 10:52:46.411 E/DatabaseUtils( 2941): 	at android.content.ContentProviderNative.onTransact(ContentProviderNative.java:283)
05-04 10:52:46.411 E/DatabaseUtils( 2941): 	at android.os.Binder.execTransact(Binder.java:453)
05-04 10:52:46.415 E/DatabaseUtils( 2941): Writing exception to parcel
05-04 10:52:46.415 E/DatabaseUtils( 2941): java.lang.SecurityException: com.sogou.activity.src was not granted  this permission: android.permission.WRITE_SETTINGS.
05-04 10:52:46.415 E/DatabaseUtils( 2941): 	at android.provider.Settings.isCallingPackageAllowedToPerformAppOpsProtectedOperation(Settings.java:8507)
05-04 10:52:46.415 E/DatabaseUtils( 2941): 	at android.provider.Settings.checkAndNoteWriteSettingsOperation(Settings.java:8389)
05-04 10:52:46.415 E/DatabaseUtils( 2941): 	at com.android.providers.settings.SettingsProvider.mutateSystemSetting(SettingsProvider.java:915)
05-04 10:52:46.415 E/DatabaseUtils( 2941): 	at com.android.providers.settings.SettingsProvider.insertSystemSetting(SettingsProvider.java:890)
05-04 10:52:46.415 E/DatabaseUtils( 2941): 	at com.android.providers.settings.SettingsProvider.call(SettingsProvider.java:263)
05-04 10:52:46.415 E/DatabaseUtils( 2941): 	at android.content.ContentProvider$Transport.call(ContentProvider.java:398)
05-04 10:52:46.415 E/DatabaseUtils( 2941): 	at android.content.ContentProviderNative.onTransact(ContentProviderNative.java:283)
05-04 10:52:46.415 E/DatabaseUtils( 2941): 	at android.os.Binder.execTransact(Binder.java:453)
05-04 10:52:46.425 E/DatabaseUtils( 2941): Writing exception to parcel
05-04 10:52:46.425 E/DatabaseUtils( 2941): java.lang.SecurityException: com.sogou.activity.src was not granted  this permission: android.permission.WRITE_SETTINGS.
05-04 10:52:46.425 E/DatabaseUtils( 2941): 	at android.provider.Settings.isCallingPackageAllowedToPerformAppOpsProtectedOperation(Settings.java:8507)
05-04 10:52:46.425 E/DatabaseUtils( 2941): 	at android.provider.Settings.checkAndNoteWriteSettingsOperation(Settings.java:8389)
05-04 10:52:46.425 E/DatabaseUtils( 2941): 	at com.android.providers.settings.SettingsProvider.mutateSystemSetting(SettingsProvider.java:915)
05-04 10:52:46.425 E/DatabaseUtils( 2941): 	at com.android.providers.settings.SettingsProvider.insertSystemSetting(SettingsProvider.java:890)
05-04 10:52:46.425 E/DatabaseUtils( 2941): 	at com.android.providers.settings.SettingsProvider.call(SettingsProvider.java:263)
05-04 10:52:46.425 E/DatabaseUtils( 2941): 	at android.content.ContentProvider$Transport.call(ContentProvider.java:398)
05-04 10:52:46.425 E/DatabaseUtils( 2941): 	at android.content.ContentProviderNative.onTransact(ContentProviderNative.java:283)
05-04 10:52:46.425 E/DatabaseUtils( 2941): 	at android.os.Binder.execTransact(Binder.java:453)
05-04 10:52:46.430 E/DatabaseUtils( 2941): Writing exception to parcel
05-04 10:52:46.430 E/DatabaseUtils( 2941): java.lang.SecurityException: com.sogou.activity.src was not granted  this permission: android.permission.WRITE_SETTINGS.
05-04 10:52:46.430 E/DatabaseUtils( 2941): 	at android.provider.Settings.isCallingPackageAllowedToPerformAppOpsProtectedOperation(Settings.java:8507)
05-04 10:52:46.430 E/DatabaseUtils( 2941): 	at android.provider.Settings.checkAndNoteWriteSettingsOperation(Settings.java:8389)
05-04 10:52:46.430 E/DatabaseUtils( 2941): 	at com.android.providers.settings.SettingsProvider.mutateSystemSetting(SettingsProvider.java:915)
05-04 10:52:46.430 E/DatabaseUtils( 2941): 	at com.android.providers.settings.SettingsProvider.insertSystemSetting(SettingsProvider.java:890)
05-04 10:52:46.430 E/DatabaseUtils( 2941): 	at com.android.providers.settings.SettingsProvider.call(SettingsProvider.java:263)
05-04 10:52:46.430 E/DatabaseUtils( 2941): 	at android.content.ContentProvider$Transport.call(ContentProvider.java:398)
05-04 10:52:46.430 E/DatabaseUtils( 2941): 	at android.content.ContentProviderNative.onTransact(ContentProviderNative.java:283)
05-04 10:52:46.430 E/DatabaseUtils( 2941): 	at android.os.Binder.execTransact(Binder.java:453)
05-04 10:52:46.462 E/ThermalEngine(  504): Unable to read max frequency from online cpu.
05-04 10:52:46.462 E/ThermalEngine(  504): Failed to set desired CPU[1] frequency limit to 1728000
05-04 10:52:48.281 E/ThermalEngine(  504): Unable to read max frequency from online cpu.
05-04 10:52:48.281 E/ThermalEngine(  504): Failed to set desired CPU[1] frequency limit to 1728000
05-04 10:52:49.004 E/ThermalEngine(  504): Unable to read max frequency from online cpu.
05-04 10:52:49.004 E/ThermalEngine(  504): Failed to set desired CPU[2] frequency limit to 1728000
05-04 10:52:49.811 E/QueryController(19596): Got null root node from accessibility - Retrying...
05-04 10:52:50.569 E/ThermalEngine(  504): Unable to read max frequency from online cpu.
05-04 10:52:50.569 E/ThermalEngine(  504): Failed to set desired CPU[2] frequency limit to 1728000
05-04 10:52:54.038 E/ThermalEngine(  504): Unable to read max frequency from online cpu.
05-04 10:52:54.039 E/ThermalEngine(  504): Failed to set desired CPU[2] frequency limit to 1728000
05-04 10:52:55.804 E/ThermalEngine(  504): Unable to read max frequency from online cpu.
05-04 10:52:55.804 E/ThermalEngine(  504): Failed to set desired CPU[2] frequency limit to 1728000
05-04 10:52:55.857 E/ThermalEngine(  504): Unable to read max frequency from online cpu.
05-04 10:52:55.858 E/ThermalEngine(  504): Failed to set desired CPU[1] frequency limit to 1728000
05-04 10:52:56.535 E/ThermalEngine(  504): Unable to read max frequency from online cpu.
05-04 10:52:56.535 E/ThermalEngine(  504): Failed to set desired CPU[2] frequency limit to 1728000
05-04 10:52:59.052 E/ThermalEngine(  504): Unable to read max frequency from online cpu.
05-04 10:52:59.052 E/ThermalEngine(  504): Failed to set desired CPU[2] frequency limit to 1728000
05-04 10:53:00.064 E/ThermalEngine(  504): Unable to read max frequency from online cpu.
05-04 10:53:00.064 E/ThermalEngine(  504): Failed to set desired CPU[2] frequency limit to 1728000
05-04 10:53:00.678 E/ThermalEngine(  504): Unable to read max frequency from online cpu.
05-04 10:53:00.678 E/ThermalEngine(  504): Failed to set desired CPU[2] frequency limit to 1728000
05-04 10:53:01.734 E/ThermalEngine(  504): Unable to read max frequency from online cpu.
05-04 10:53:01.734 E/ThermalEngine(  504): Failed to set desired CPU[1] frequency limit to 1728000
05-04 10:53:03.108 E/ThermalEngine(  504): Unable to read max frequency from online cpu.
05-04 10:53:03.109 E/ThermalEngine(  504): Failed to set desired CPU[2] frequency limit to 1728000
05-04 10:53:04.427 E/ThermalEngine(  504): Unable to read max frequency from online cpu.
05-04 10:53:04.427 E/ThermalEngine(  504): Failed to set desired CPU[2] frequency limit to 1728000
05-04 10:53:06.015 E/LocSvc_libulp( 2941): I/int ulp_msg_process_system_update(UlpSystemEvent): systemEvent:5 
05-04 10:53:06.015 E/LocSvc_libulp( 2941): I/int ulp_msg_process_start_req(), at ulp state = 1
05-04 10:53:06.015 E/LocSvc_api_v02( 2941): I/---> locClientSendReq line 2020 QMI_LOC_GET_BEST_AVAILABLE_POSITION_REQ_V02
05-04 10:53:06.024 E/LocSvc_ApiV02( 2941): I/<--- void globalRespCb(locClientHandleType, uint32_t, locClientRespIndUnionType, void*) line 115 QMI_LOC_GET_BEST_AVAILABLE_POSITION_REQ_V02
05-04 10:53:06.024 E/LocSvc_libulp( 2941): I/int ulp_brain_process_zpp_position_report(loc_sess_status, LocPosTechMask, UlpLocation*), report ZPP position to providers,report_position = 1
05-04 10:53:06.024 E/IzatSvc_PassiveLocListener( 2941): E/Exiting with error virtual void izat_manager::IzatPassiveLocationListener::onLocationChanged(const izat_manager::IzatLocation*, izat_manager::IzatLocationStatus) line 113 "1"
05-04 10:53:06.694 E/ThermalEngine(  504): Unable to read max frequency from online cpu.
05-04 10:53:06.694 E/ThermalEngine(  504): Failed to set desired CPU[2] frequency limit to 1728000
05-04 10:53:07.404 E/ThermalEngine(  504): Unable to read max frequency from online cpu.
05-04 10:53:07.404 E/ThermalEngine(  504): Failed to set desired CPU[2] frequency limit to 1728000
05-04 10:53:07.408 E/ThermalEngine(  504): Unable to read max frequency from online cpu.
05-04 10:53:07.408 E/ThermalEngine(  504): Failed to set desired CPU[1] frequency limit to 1728000
05-04 10:53:08.308 E/ThermalEngine(  504): Unable to read max frequency from online cpu.
05-04 10:53:08.308 E/ThermalEngine(  504): Failed to set desired CPU[2] frequency limit to 1728000
05-04 10:53:09.773 E/ThermalEngine(  504): Unable to read max frequency from online cpu.
05-04 10:53:09.773 E/ThermalEngine(  504): Failed to set desired CPU[2] frequency limit to 1728000
05-04 10:53:12.450 E/ThermalEngine(  504): Unable to read max frequency from online cpu.
05-04 10:53:12.450 E/ThermalEngine(  504): Failed to set desired CPU[2] frequency limit to 1728000
05-04 10:53:12.459 E/ThermalEngine(  504): Unable to read max frequency from online cpu.
05-04 10:53:12.460 E/ThermalEngine(  504): Failed to set desired CPU[1] frequency limit to 1728000
05-04 10:53:16.841 E/ThermalEngine(  504): Unable to read max frequency from online cpu.
05-04 10:53:16.841 E/ThermalEngine(  504): Failed to set desired CPU[2] frequency limit to 1728000
05-04 10:53:18.458 E/ThermalEngine(  504): Unable to read max frequency from online cpu.
05-04 10:53:18.458 E/ThermalEngine(  504): Failed to set desired CPU[2] frequency limit to 1728000
05-04 10:53:19.767 E/ThermalEngine(  504): Unable to read max frequency from online cpu.
05-04 10:53:19.767 E/ThermalEngine(  504): Failed to set desired CPU[2] frequency limit to 1728000
05-04 10:53:20.878 E/ThermalEngine(  504): Unable to read max frequency from online cpu.
05-04 10:53:20.878 E/ThermalEngine(  504): Failed to set desired CPU[2] frequency limit to 1728000
05-04 10:53:23.094 E/ThermalEngine(  504): Unable to read max frequency from online cpu.
05-04 10:53:23.094 E/ThermalEngine(  504): Failed to set desired CPU[2] frequency limit to 1728000
05-04 10:53:23.098 E/ThermalEngine(  504): Unable to read max frequency from online cpu.
05-04 10:53:23.098 E/ThermalEngine(  504): Failed to set desired CPU[1] frequency limit to 1728000
05-04 10:53:24.469 E/ThermalEngine(  504): Unable to read max frequency from online cpu.
05-04 10:53:24.469 E/ThermalEngine(  504): Failed to set desired CPU[2] frequency limit to 1728000
05-04 10:53:26.439 E/ThermalEngine(  504): Unable to read max frequency from online cpu.
05-04 10:53:26.439 E/ThermalEngine(  504): Failed to set desired CPU[2] frequency limit to 1728000
05-04 10:53:26.447 E/ThermalEngine(  504): Unable to read max frequency from online cpu.
05-04 10:53:26.448 E/ThermalEngine(  504): Failed to set desired CPU[1] frequency limit to 1728000
05-04 10:53:29.075 E/ThermalEngine(  504): Unable to read max frequency from online cpu.
05-04 10:53:29.075 E/ThermalEngine(  504): Failed to set desired CPU[2] frequency limit to 1728000
05-04 10:53:30.591 E/ThermalEngine(  504): Unable to read max frequency from online cpu.
05-04 10:53:30.591 E/ThermalEngine(  504): Failed to set desired CPU[2] frequency limit to 1728000
05-04 10:53:32.048 E/ThermalEngine(  504): Unable to read max frequency from online cpu.
05-04 10:53:32.048 E/ThermalEngine(  504): Failed to set desired CPU[1] frequency limit to 1728000
05-04 10:53:32.724 E/ThermalEngine(  504): Unable to read max frequency from online cpu.
05-04 10:53:32.724 E/ThermalEngine(  504): Failed to set desired CPU[2] frequency limit to 1728000
05-04 10:53:33.791 E/ThermalEngine(  504): Unable to read max frequency from online cpu.
05-04 10:53:33.791 E/ThermalEngine(  504): Failed to set desired CPU[2] frequency limit to 1728000
05-04 10:53:33.893 E/ThermalEngine(  504): Unable to read max frequency from online cpu.
05-04 10:53:33.894 E/ThermalEngine(  504): Failed to set desired CPU[1] frequency limit to 1728000
05-04 10:53:34.371 E/ThermalEngine(  504): Failed to set desired CPU[1] frequency limit to 1497600
05-04 10:53:34.371 E/ThermalEngine(  504): Failed to set desired CPU[2] frequency limit to 1497600
05-04 10:53:34.371 E/ThermalEngine(  504): Failed to set desired CPU[3] frequency limit to 1497600
05-04 10:53:36.103 E/ThermalEngine(  504): Failed to set desired CPU[3] frequency limit to 1728000
05-04 10:53:36.572 E/ThermalEngine(  504): Unable to read max frequency from online cpu.
05-04 10:53:36.572 E/ThermalEngine(  504): Failed to set desired CPU[2] frequency limit to 1728000
05-04 10:53:38.130 E/ThermalEngine(  504): Unable to read max frequency from online cpu.
05-04 10:53:38.131 E/ThermalEngine(  504): Failed to set desired CPU[1] frequency limit to 1728000
05-04 10:53:38.903 E/ThermalEngine(  504): Unable to read max frequency from online cpu.
05-04 10:53:38.903 E/ThermalEngine(  504): Failed to set desired CPU[2] frequency limit to 1728000
05-04 10:53:40.074 E/ThermalEngine(  504): Unable to read max frequency from online cpu.
05-04 10:53:40.074 E/ThermalEngine(  504): Failed to set desired CPU[2] frequency limit to 1728000
05-04 10:53:42.748 E/ThermalEngine(  504): Unable to read max frequency from online cpu.
05-04 10:53:42.748 E/ThermalEngine(  504): Failed to set desired CPU[2] frequency limit to 1728000
05-04 10:53:43.806 E/ThermalEngine(  504): Unable to read max frequency from online cpu.
05-04 10:53:43.807 E/ThermalEngine(  504): Failed to set desired CPU[1] frequency limit to 1728000
05-04 10:53:44.483 E/ThermalEngine(  504): Unable to read max frequency from online cpu.
05-04 10:53:44.483 E/ThermalEngine(  504): Failed to set desired CPU[2] frequency limit to 1728000
05-04 10:53:44.536 E/ThermalEngine(  504): Unable to read max frequency from online cpu.
05-04 10:53:44.536 E/ThermalEngine(  504): Failed to set desired CPU[1] frequency limit to 1728000
05-04 10:53:45.805 E/ThermalEngine(  504): Unable to read max frequency from online cpu.
05-04 10:53:45.805 E/ThermalEngine(  504): Failed to set desired CPU[2] frequency limit to 1728000
05-04 10:53:46.260 E/ThermalEngine(  504): Unable to read max frequency from online cpu.
05-04 10:53:46.260 E/ThermalEngine(  504): Failed to set desired CPU[1] frequency limit to 1728000
05-04 10:53:46.979 E/ThermalEngine(  504): Unable to read max frequency from online cpu.
05-04 10:53:46.979 E/ThermalEngine(  504): Failed to set desired CPU[2] frequency limit to 1728000
05-04 10:53:47.691 E/ThermalEngine(  504): Unable to read max frequency from online cpu.
05-04 10:53:47.691 E/ThermalEngine(  504): Failed to set desired CPU[2] frequency limit to 1728000
05-04 10:53:49.002 E/ThermalEngine(  504): Unable to read max frequency from online cpu.
05-04 10:53:49.002 E/ThermalEngine(  504): Failed to set desired CPU[2] frequency limit to 1728000
05-04 10:53:50.017 E/ThermalEngine(  504): Unable to read max frequency from online cpu.
05-04 10:53:50.017 E/ThermalEngine(  504): Failed to set desired CPU[2] frequency limit to 1728000
05-04 10:53:50.121 E/ThermalEngine(  504): Unable to read max frequency from online cpu.
05-04 10:53:50.121 E/ThermalEngine(  504): Failed to set desired CPU[1] frequency limit to 1728000
05-04 10:53:52.851 E/ThermalEngine(  504): Unable to read max frequency from online cpu.
05-04 10:53:52.851 E/ThermalEngine(  504): Failed to set desired CPU[2] frequency limit to 1728000
05-04 10:53:54.968 E/ThermalEngine(  504): Unable to read max frequency from online cpu.
05-04 10:53:54.968 E/ThermalEngine(  504): Failed to set desired CPU[2] frequency limit to 1728000
05-04 10:53:55.274 E/ThermalEngine(  504): Unable to read max frequency from online cpu.
05-04 10:53:55.275 E/ThermalEngine(  504): Failed to set desired CPU[1] frequency limit to 1728000
05-04 10:53:57.463 E/ThermalEngine(  504): Unable to read max frequency from online cpu.
05-04 10:53:57.463 E/ThermalEngine(  504): Failed to set desired CPU[2] frequency limit to 1728000
05-04 10:53:59.186 E/ThermalEngine(  504): Unable to read max frequency from online cpu.
05-04 10:53:59.186 E/ThermalEngine(  504): Failed to set desired CPU[2] frequency limit to 1728000
05-04 10:54:01.012 E/ThermalEngine(  504): Unable to read max frequency from online cpu.
05-04 10:54:01.012 E/ThermalEngine(  504): Failed to set desired CPU[3] frequency limit to 1728000
05-04 10:54:01.021 E/ThermalEngine(  504): Unable to read max frequency from online cpu.
05-04 10:54:01.022 E/ThermalEngine(  504): Failed to set desired CPU[2] frequency limit to 1728000
05-04 10:54:01.212 E/ThermalEngine(  504): Unable to read max frequency from online cpu.
05-04 10:54:01.212 E/ThermalEngine(  504): Failed to set desired CPU[1] frequency limit to 1728000
05-04 10:54:02.281 E/ThermalEngine(  504): Unable to read max frequency from online cpu.
05-04 10:54:02.281 E/ThermalEngine(  504): Failed to set desired CPU[1] frequency limit to 1728000
05-04 10:54:03.254 E/ThermalEngine(  504): Unable to read max frequency from online cpu.
05-04 10:54:03.255 E/ThermalEngine(  504): Failed to set desired CPU[2] frequency limit to 1728000
05-04 10:54:03.259 E/ThermalEngine(  504): Unable to read max frequency from online cpu.
05-04 10:54:03.259 E/ThermalEngine(  504): Failed to set desired CPU[1] frequency limit to 1728000
05-04 10:54:04.531 E/ThermalEngine(  504): Unable to read max frequency from online cpu.
05-04 10:54:04.531 E/ThermalEngine(  504): Failed to set desired CPU[2] frequency limit to 1728000
05-04 10:54:04.536 E/ThermalEngine(  504): Unable to read max frequency from online cpu.
05-04 10:54:04.537 E/ThermalEngine(  504): Failed to set desired CPU[1] frequency limit to 1728000
05-04 10:54:05.206 E/ThermalEngine(  504): Unable to read max frequency from online cpu.
05-04 10:54:05.206 E/ThermalEngine(  504): Failed to set desired CPU[2] frequency limit to 1728000
05-04 10:54:05.862 E/ThermalEngine(  504): Unable to read max frequency from online cpu.
05-04 10:54:05.862 E/ThermalEngine(  504): Failed to set desired CPU[1] frequency limit to 1728000
05-04 10:54:06.015 E/LocSvc_libulp( 2941): I/int ulp_msg_process_system_update(UlpSystemEvent): systemEvent:5 
05-04 10:54:06.015 E/LocSvc_libulp( 2941): I/int ulp_msg_process_start_req(), at ulp state = 1
05-04 10:54:06.015 E/LocSvc_api_v02( 2941): I/---> locClientSendReq line 2020 QMI_LOC_GET_BEST_AVAILABLE_POSITION_REQ_V02
05-04 10:54:06.019 E/LocSvc_ApiV02( 2941): I/<--- void globalRespCb(locClientHandleType, uint32_t, locClientRespIndUnionType, void*) line 115 QMI_LOC_GET_BEST_AVAILABLE_POSITION_REQ_V02
05-04 10:54:06.020 E/LocSvc_libulp( 2941): I/int ulp_brain_process_zpp_position_report(loc_sess_status, LocPosTechMask, UlpLocation*), report ZPP position to providers,report_position = 1
05-04 10:54:06.020 E/IzatSvc_PassiveLocListener( 2941): E/Exiting with error virtual void izat_manager::IzatPassiveLocationListener::onLocationChanged(const izat_manager::IzatLocation*, izat_manager::IzatLocationStatus) line 113 "1"
05-04 10:54:06.275 E/ThermalEngine(  504): Unable to read max frequency from online cpu.
05-04 10:54:06.275 E/ThermalEngine(  504): Failed to set desired CPU[1] frequency limit to 1728000
05-04 10:54:09.200 E/ThermalEngine(  504): Unable to read max frequency from online cpu.
05-04 10:54:09.200 E/ThermalEngine(  504): Failed to set desired CPU[2] frequency limit to 1728000
05-04 10:54:10.157 E/ThermalEngine(  504): Unable to read max frequency from online cpu.
05-04 10:54:10.157 E/ThermalEngine(  504): Failed to set desired CPU[1] frequency limit to 1728000
05-04 10:54:11.344 E/ThermalEngine(  504): Unable to read max frequency from online cpu.
05-04 10:54:11.344 E/ThermalEngine(  504): Failed to set desired CPU[2] frequency limit to 1728000
05-04 10:54:11.397 E/ThermalEngine(  504): Unable to read max frequency from online cpu.
05-04 10:54:11.398 E/ThermalEngine(  504): Failed to set desired CPU[1] frequency limit to 1728000
05-04 10:54:11.919 E/ThermalEngine(  504): Unable to read max frequency from online cpu.
05-04 10:54:11.919 E/ThermalEngine(  504): Failed to set desired CPU[2] frequency limit to 1728000
05-04 10:54:14.432 E/ThermalEngine(  504): Unable to read max frequency from online cpu.
05-04 10:54:14.432 E/ThermalEngine(  504): Failed to set desired CPU[2] frequency limit to 1728000
05-04 10:54:16.447 E/ThermalEngine(  504): Unable to read max frequency from online cpu.
05-04 10:54:16.447 E/ThermalEngine(  504): Failed to set desired CPU[2] frequency limit to 1728000
05-04 10:54:16.455 E/ThermalEngine(  504): Unable to read max frequency from online cpu.
05-04 10:54:16.455 E/ThermalEngine(  504): Failed to set desired CPU[1] frequency limit to 1728000
05-04 10:54:16.848 E/ThermalEngine(  504): Failed to set desired CPU[1] frequency limit to 1497600
05-04 10:54:16.848 E/ThermalEngine(  504): Failed to set desired CPU[2] frequency limit to 1497600
05-04 10:54:16.848 E/ThermalEngine(  504): Failed to set desired CPU[3] frequency limit to 1497600
05-04 10:54:18.787 E/ThermalEngine(  504): Unable to read max frequency from online cpu.
05-04 10:54:18.787 E/ThermalEngine(  504): Failed to set desired CPU[2] frequency limit to 1497600
05-04 10:54:19.224 E/ThermalEngine(  504): Failed to set desired CPU[2] frequency limit to 1728000
05-04 10:54:19.224 E/ThermalEngine(  504): Failed to set desired CPU[3] frequency limit to 1728000
05-04 10:54:21.511 E/ThermalEngine(  504): Unable to read max frequency from online cpu.
05-04 10:54:21.512 E/ThermalEngine(  504): Failed to set desired CPU[2] frequency limit to 1728000
05-04 10:54:22.626 E/ThermalEngine(  504): Unable to read max frequency from online cpu.
05-04 10:54:22.626 E/ThermalEngine(  504): Failed to set desired CPU[2] frequency limit to 1728000
05-04 10:54:22.628 E/ThermalEngine(  504): Unable to read max frequency from online cpu.
05-04 10:54:22.628 E/ThermalEngine(  504): Failed to set desired CPU[1] frequency limit to 1728000
05-04 10:54:23.705 E/QueryController(19596): Got null root node from accessibility - Retrying...
05-04 10:54:23.750 E/ThermalEngine(  504): Unable to read max frequency from online cpu.
05-04 10:54:23.750 E/ThermalEngine(  504): Failed to set desired CPU[2] frequency limit to 1728000
05-04 10:54:23.753 E/ThermalEngine(  504): Unable to read max frequency from online cpu.
05-04 10:54:23.753 E/ThermalEngine(  504): Failed to set desired CPU[1] frequency limit to 1728000
05-04 10:54:26.694 E/ThermalEngine(  504): Unable to read max frequency from online cpu.
05-04 10:54:26.694 E/ThermalEngine(  504): Failed to set desired CPU[2] frequency limit to 1728000
05-04 10:54:27.701 E/ThermalEngine(  504): Unable to read max frequency from online cpu.
05-04 10:54:27.701 E/ThermalEngine(  504): Failed to set desired CPU[1] frequency limit to 1728000
05-04 10:54:29.130 E/ThermalEngine(  504): Unable to read max frequency from online cpu.
05-04 10:54:29.130 E/ThermalEngine(  504): Failed to set desired CPU[2] frequency limit to 1728000
05-04 10:54:29.182 E/ThermalEngine(  504): Unable to read max frequency from online cpu.
05-04 10:54:29.183 E/ThermalEngine(  504): Failed to set desired CPU[1] frequency limit to 1728000
05-04 10:54:29.191 E/QueryController(19596): Got null root node from accessibility - Retrying...
05-04 10:54:29.956 E/ThermalEngine(  504): Unable to read max frequency from online cpu.
05-04 10:54:29.957 E/ThermalEngine(  504): Failed to set desired CPU[2] frequency limit to 1728000
05-04 10:54:31.430 E/ThermalEngine(  504): Unable to read max frequency from online cpu.
05-04 10:54:31.430 E/ThermalEngine(  504): Failed to set desired CPU[2] frequency limit to 1728000
05-04 10:54:34.806 E/ThermalEngine(  504): Unable to read max frequency from online cpu.
05-04 10:54:34.807 E/ThermalEngine(  504): Failed to set desired CPU[2] frequency limit to 1728000
05-04 10:54:34.812 E/ThermalEngine(  504): Unable to read max frequency from online cpu.
05-04 10:54:34.812 E/ThermalEngine(  504): Failed to set desired CPU[1] frequency limit to 1728000
05-04 10:54:35.480 E/ThermalEngine(  504): Unable to read max frequency from online cpu.
05-04 10:54:35.481 E/ThermalEngine(  504): Failed to set desired CPU[2] frequency limit to 1728000
05-04 10:54:36.454 E/ThermalEngine(  504): Unable to read max frequency from online cpu.
05-04 10:54:36.455 E/ThermalEngine(  504): Failed to set desired CPU[2] frequency limit to 1728000
05-04 10:54:37.316 E/ThermalEngine(  504): Unable to read max frequency from online cpu.
05-04 10:54:37.316 E/ThermalEngine(  504): Failed to set desired CPU[2] frequency limit to 1728000
05-04 10:54:38.473 E/ThermalEngine(  504): Unable to read max frequency from online cpu.
05-04 10:54:38.473 E/ThermalEngine(  504): Failed to set desired CPU[1] frequency limit to 1728000
05-04 10:54:40.754 E/ThermalEngine(  504): Unable to read max frequency from online cpu.
05-04 10:54:40.754 E/ThermalEngine(  504): Failed to set desired CPU[2] frequency limit to 1728000
05-04 10:54:42.717 E/ThermalEngine(  504): Unable to read max frequency from online cpu.
05-04 10:54:42.717 E/ThermalEngine(  504): Failed to set desired CPU[1] frequency limit to 1728000
05-04 10:54:43.338 E/ThermalEngine(  504): Unable to read max frequency from online cpu.
05-04 10:54:43.338 E/ThermalEngine(  504): Failed to set desired CPU[2] frequency limit to 1728000
05-04 10:54:44.199 E/ThermalEngine(  504): Unable to read max frequency from online cpu.
05-04 10:54:44.199 E/ThermalEngine(  504): Failed to set desired CPU[2] frequency limit to 1728000
05-04 10:54:44.282 E/QueryController(19596): Got null root node from accessibility - Retrying...
05-04 10:54:45.409 E/ThermalEngine(  504): Unable to read max frequency from online cpu.
05-04 10:54:45.409 E/ThermalEngine(  504): Failed to set desired CPU[2] frequency limit to 1728000
05-04 10:54:45.411 E/ThermalEngine(  504): Unable to read max frequency from online cpu.
05-04 10:54:45.411 E/ThermalEngine(  504): Failed to set desired CPU[1] frequency limit to 1728000
05-04 10:54:46.235 E/ThermalEngine(  504): Unable to read max frequency from online cpu.
05-04 10:54:46.235 E/ThermalEngine(  504): Failed to set desired CPU[2] frequency limit to 1728000
05-04 10:54:47.399 E/ThermalEngine(  504): Unable to read max frequency from online cpu.
05-04 10:54:47.400 E/ThermalEngine(  504): Failed to set desired CPU[2] frequency limit to 1728000
05-04 10:54:48.208 E/ThermalEngine(  504): Unable to read max frequency from online cpu.
05-04 10:54:48.208 E/ThermalEngine(  504): Failed to set desired CPU[2] frequency limit to 1728000
05-04 10:54:48.963 E/ThermalEngine(  504): Unable to read max frequency from online cpu.
05-04 10:54:48.963 E/ThermalEngine(  504): Failed to set desired CPU[1] frequency limit to 1728000
05-04 10:54:49.315 E/ThermalEngine(  504): Failed to set desired CPU[1] frequency limit to 1497600
05-04 10:54:49.315 E/ThermalEngine(  504): Failed to set desired CPU[2] frequency limit to 1497600
05-04 10:54:49.315 E/ThermalEngine(  504): Failed to set desired CPU[3] frequency limit to 1497600
05-04 10:54:51.253 E/ThermalEngine(  504): Unable to read max frequency from online cpu.
05-04 10:54:51.254 E/ThermalEngine(  504): Failed to set desired CPU[2] frequency limit to 1497600
05-04 10:54:51.627 E/ThermalEngine(  504): Failed to set desired CPU[2] frequency limit to 1728000
05-04 10:54:51.627 E/ThermalEngine(  504): Failed to set desired CPU[3] frequency limit to 1728000
05-04 10:54:51.911 E/ThermalEngine(  504): Unable to read max frequency from online cpu.
05-04 10:54:51.912 E/ThermalEngine(  504): Failed to set desired CPU[1] frequency limit to 1728000
05-04 10:54:53.243 E/ThermalEngine(  504): Unable to read max frequency from online cpu.
05-04 10:54:53.243 E/ThermalEngine(  504): Failed to set desired CPU[2] frequency limit to 1728000
05-04 10:54:54.208 E/ThermalEngine(  504): Unable to read max frequency from online cpu.
05-04 10:54:54.209 E/ThermalEngine(  504): Failed to set desired CPU[2] frequency limit to 1728000
05-04 10:54:56.730 E/ThermalEngine(  504): Unable to read max frequency from online cpu.
05-04 10:54:56.731 E/ThermalEngine(  504): Failed to set desired CPU[2] frequency limit to 1728000
05-04 10:54:58.046 E/ThermalEngine(  504): Unable to read max frequency from online cpu.
05-04 10:54:58.046 E/ThermalEngine(  504): Failed to set desired CPU[2] frequency limit to 1728000
05-04 10:54:59.357 E/ThermalEngine(  504): Unable to read max frequency from online cpu.
05-04 10:54:59.358 E/ThermalEngine(  504): Failed to set desired CPU[2] frequency limit to 1728000
05-04 10:54:59.363 E/ThermalEngine(  504): Unable to read max frequency from online cpu.
05-04 10:54:59.363 E/ThermalEngine(  504): Failed to set desired CPU[1] frequency limit to 1728000
05-04 10:55:01.035 E/ThermalEngine(  504): Unable to read max frequency from online cpu.
05-04 10:55:01.035 E/ThermalEngine(  504): Failed to set desired CPU[2] frequency limit to 1728000
05-04 10:55:03.157 E/ThermalEngine(  504): Unable to read max frequency from online cpu.
05-04 10:55:03.157 E/ThermalEngine(  504): Failed to set desired CPU[2] frequency limit to 1728000
05-04 10:55:03.162 E/ThermalEngine(  504): Unable to read max frequency from online cpu.
05-04 10:55:03.162 E/ThermalEngine(  504): Failed to set desired CPU[1] frequency limit to 1728000
05-04 10:55:04.027 E/ThermalEngine(  504): Unable to read max frequency from online cpu.
05-04 10:55:04.027 E/ThermalEngine(  504): Failed to set desired CPU[2] frequency limit to 1728000
05-04 10:55:05.039 E/ThermalEngine(  504): Unable to read max frequency from online cpu.
05-04 10:55:05.039 E/ThermalEngine(  504): Failed to set desired CPU[2] frequency limit to 1728000
05-04 10:55:06.015 E/LocSvc_libulp( 2941): I/int ulp_msg_process_system_update(UlpSystemEvent): systemEvent:5 
05-04 10:55:06.015 E/LocSvc_libulp( 2941): I/int ulp_msg_process_start_req(), at ulp state = 1
05-04 10:55:06.015 E/LocSvc_api_v02( 2941): I/---> locClientSendReq line 2020 QMI_LOC_GET_BEST_AVAILABLE_POSITION_REQ_V02
05-04 10:55:06.020 E/LocSvc_ApiV02( 2941): I/<--- void globalRespCb(locClientHandleType, uint32_t, locClientRespIndUnionType, void*) line 115 QMI_LOC_GET_BEST_AVAILABLE_POSITION_REQ_V02
05-04 10:55:06.020 E/LocSvc_libulp( 2941): I/int ulp_brain_process_zpp_position_report(loc_sess_status, LocPosTechMask, UlpLocation*), report ZPP position to providers,report_position = 1
05-04 10:55:06.020 E/IzatSvc_PassiveLocListener( 2941): E/Exiting with error virtual void izat_manager::IzatPassiveLocationListener::onLocationChanged(const izat_manager::IzatLocation*, izat_manager::IzatLocationStatus) line 113 "1"
05-04 10:55:06.507 E/ThermalEngine(  504): Unable to read max frequency from online cpu.
05-04 10:55:06.508 E/ThermalEngine(  504): Failed to set desired CPU[2] frequency limit to 1728000
05-04 10:55:09.578 E/ThermalEngine(  504): Unable to read max frequency from online cpu.
05-04 10:55:09.578 E/ThermalEngine(  504): Failed to set desired CPU[2] frequency limit to 1728000
05-04 10:55:10.335 E/ThermalEngine(  504): Unable to read max frequency from online cpu.
05-04 10:55:10.335 E/ThermalEngine(  504): Failed to set desired CPU[1] frequency limit to 1728000
05-04 10:55:10.553 E/ThermalEngine(  504): Failed to set desired CPU[1] frequency limit to 1497600
05-04 10:55:10.553 E/ThermalEngine(  504): Failed to set desired CPU[2] frequency limit to 1497600
05-04 10:55:10.553 E/ThermalEngine(  504): Failed to set desired CPU[3] frequency limit to 1497600
05-04 10:55:11.070 E/ThermalEngine(  504): Unable to read max frequency from online cpu.
05-04 10:55:11.070 E/ThermalEngine(  504): Failed to set desired CPU[2] frequency limit to 1497600
05-04 10:55:11.725 E/ThermalEngine(  504): Unable to read max frequency from online cpu.
05-04 10:55:11.725 E/ThermalEngine(  504): Failed to set desired CPU[1] frequency limit to 1497600
05-04 10:55:12.506 E/QueryController(19596): Got null root node from accessibility - Retrying...
05-04 10:55:12.593 E/ThermalEngine(  504): Unable to read max frequency from online cpu.
05-04 10:55:12.593 E/ThermalEngine(  504): Failed to set desired CPU[2] frequency limit to 1497600
05-04 10:55:12.992 E/ThermalEngine(  504): Failed to set desired CPU[3] frequency limit to 1728000
05-04 10:55:13.707 E/ThermalEngine(  504): Unable to read max frequency from online cpu.
05-04 10:55:13.708 E/ThermalEngine(  504): Failed to set desired CPU[2] frequency limit to 1728000
05-04 10:55:15.375 E/ThermalEngine(  504): Unable to read max frequency from online cpu.
05-04 10:55:15.375 E/ThermalEngine(  504): Failed to set desired CPU[2] frequency limit to 1728000
05-04 10:55:18.394 E/ThermalEngine(  504): Unable to read max frequency from online cpu.
05-04 10:55:18.394 E/ThermalEngine(  504): Failed to set desired CPU[2] frequency limit to 1728000
05-04 10:55:18.401 E/ThermalEngine(  504): Unable to read max frequency from online cpu.
05-04 10:55:18.401 E/ThermalEngine(  504): Failed to set desired CPU[1] frequency limit to 1728000
05-04 10:55:19.174 E/ThermalEngine(  504): Unable to read max frequency from online cpu.
05-04 10:55:19.175 E/ThermalEngine(  504): Failed to set desired CPU[2] frequency limit to 1728000
05-04 10:55:20.093 E/ThermalEngine(  504): Unable to read max frequency from online cpu.
05-04 10:55:20.093 E/ThermalEngine(  504): Failed to set desired CPU[2] frequency limit to 1728000
05-04 10:55:20.096 E/ThermalEngine(  504): Unable to read max frequency from online cpu.
05-04 10:55:20.096 E/ThermalEngine(  504): Failed to set desired CPU[1] frequency limit to 1728000
05-04 10:55:20.142 E/QueryController(19596): Got null root node from accessibility - Retrying...
05-04 10:55:20.857 E/ThermalEngine(  504): Unable to read max frequency from online cpu.
05-04 10:55:20.857 E/ThermalEngine(  504): Failed to set desired CPU[2] frequency limit to 1728000
05-04 10:55:20.960 E/ThermalEngine(  504): Unable to read max frequency from online cpu.
05-04 10:55:20.960 E/ThermalEngine(  504): Failed to set desired CPU[1] frequency limit to 1728000
05-04 10:55:21.140 E/ThermalEngine(  504): Failed to set desired CPU[1] frequency limit to 1497600
05-04 10:55:21.140 E/ThermalEngine(  504): Failed to set desired CPU[2] frequency limit to 1497600
05-04 10:55:21.140 E/ThermalEngine(  504): Failed to set desired CPU[3] frequency limit to 1497600
05-04 10:55:21.921 E/QueryController(19596): Got null root node from accessibility - Retrying...
05-04 10:55:21.941 E/ThermalEngine(  504): Unable to read max frequency from online cpu.
05-04 10:55:21.941 E/ThermalEngine(  504): Failed to set desired CPU[2] frequency limit to 1497600
05-04 10:55:21.944 E/ThermalEngine(  504): Unable to read max frequency from online cpu.
05-04 10:55:21.945 E/ThermalEngine(  504): Failed to set desired CPU[1] frequency limit to 1497600
05-04 10:55:22.657 E/ThermalEngine(  504): Unable to read max frequency from online cpu.
05-04 10:55:22.657 E/ThermalEngine(  504): Failed to set desired CPU[2] frequency limit to 1497600
05-04 10:55:23.165 E/ThermalEngine(  504): Unable to read max frequency from online cpu.
05-04 10:55:23.165 E/ThermalEngine(  504): Failed to set desired CPU[1] frequency limit to 1497600
05-04 10:55:23.296 E/QueryController(19596): Got null root node from accessibility - Retrying...
05-04 10:55:25.392 E/ThermalEngine(  504): Unable to read max frequency from online cpu.
05-04 10:55:25.392 E/ThermalEngine(  504): Failed to set desired CPU[2] frequency limit to 1497600
05-04 10:55:27.050 E/ThermalEngine(  504): Unable to read max frequency from online cpu.
05-04 10:55:27.050 E/ThermalEngine(  504): Failed to set desired CPU[1] frequency limit to 1497600
05-04 10:55:30.680 E/ThermalEngine(  504): Unable to read max frequency from online cpu.
05-04 10:55:30.681 E/ThermalEngine(  504): Failed to set desired CPU[2] frequency limit to 1497600
05-04 10:55:31.789 E/ThermalEngine(  504): Unable to read max frequency from online cpu.
05-04 10:55:31.789 E/ThermalEngine(  504): Failed to set desired CPU[1] frequency limit to 1497600
05-04 10:55:33.170 E/ThermalEngine(  504): Unable to read max frequency from online cpu.
05-04 10:55:33.170 E/ThermalEngine(  504): Failed to set desired CPU[2] frequency limit to 1497600
05-04 10:55:34.239 E/ThermalEngine(  504): Unable to read max frequency from online cpu.
05-04 10:55:34.239 E/ThermalEngine(  504): Failed to set desired CPU[2] frequency limit to 1497600
05-04 10:55:42.332 E/ThermalEngine(  504): Unable to read max frequency from online cpu.
05-04 10:55:42.333 E/ThermalEngine(  504): Failed to set desired CPU[2] frequency limit to 1497600
05-04 10:55:42.385 E/ThermalEngine(  504): Unable to read max frequency from online cpu.
05-04 10:55:42.385 E/ThermalEngine(  504): Failed to set desired CPU[1] frequency limit to 1497600
05-04 10:55:49.987 E/ThermalEngine(  504): Unable to read max frequency from online cpu.
05-04 10:55:49.987 E/ThermalEngine(  504): Failed to set desired CPU[2] frequency limit to 1497600
05-04 10:55:50.950 E/ThermalEngine(  504): Unable to read max frequency from online cpu.
05-04 10:55:50.950 E/ThermalEngine(  504): Failed to set desired CPU[2] frequency limit to 1497600
05-04 10:55:53.077 E/ThermalEngine(  504): Unable to read max frequency from online cpu.
05-04 10:55:53.077 E/ThermalEngine(  504): Failed to set desired CPU[2] frequency limit to 1497600
05-04 10:55:53.139 E/ThermalEngine(  504): Unable to read max frequency from online cpu.
05-04 10:55:53.139 E/ThermalEngine(  504): Failed to set desired CPU[1] frequency limit to 1497600
05-04 10:55:54.865 E/ThermalEngine(  504): Unable to read max frequency from online cpu.
05-04 10:55:54.865 E/ThermalEngine(  504): Failed to set desired CPU[2] frequency limit to 1497600
05-04 10:55:56.234 E/ThermalEngine(  504): Unable to read max frequency from online cpu.
05-04 10:55:56.234 E/ThermalEngine(  504): Failed to set desired CPU[2] frequency limit to 1497600
05-04 10:55:58.855 E/ThermalEngine(  504): Unable to read max frequency from online cpu.
05-04 10:55:58.856 E/ThermalEngine(  504): Failed to set desired CPU[2] frequency limit to 1497600
05-04 10:56:00.674 E/ThermalEngine(  504): Unable to read max frequency from online cpu.
05-04 10:56:00.674 E/ThermalEngine(  504): Failed to set desired CPU[2] frequency limit to 1497600
05-04 10:56:00.677 E/ThermalEngine(  504): Unable to read max frequency from online cpu.
05-04 10:56:00.677 E/ThermalEngine(  504): Failed to set desired CPU[1] frequency limit to 1497600
05-04 10:56:03.302 E/ThermalEngine(  504): Unable to read max frequency from online cpu.
05-04 10:56:03.302 E/ThermalEngine(  504): Failed to set desired CPU[2] frequency limit to 1497600
05-04 10:56:06.016 E/LocSvc_libulp( 2941): I/int ulp_msg_process_system_update(UlpSystemEvent): systemEvent:5 
05-04 10:56:06.017 E/LocSvc_libulp( 2941): I/int ulp_msg_process_start_req(), at ulp state = 1
05-04 10:56:06.017 E/LocSvc_api_v02( 2941): I/---> locClientSendReq line 2020 QMI_LOC_GET_BEST_AVAILABLE_POSITION_REQ_V02
05-04 10:56:06.021 E/LocSvc_ApiV02( 2941): I/<--- void globalRespCb(locClientHandleType, uint32_t, locClientRespIndUnionType, void*) line 115 QMI_LOC_GET_BEST_AVAILABLE_POSITION_REQ_V02
05-04 10:56:06.021 E/LocSvc_libulp( 2941): I/int ulp_brain_process_zpp_position_report(loc_sess_status, LocPosTechMask, UlpLocation*), report ZPP position to providers,report_position = 1
05-04 10:56:06.021 E/IzatSvc_PassiveLocListener( 2941): E/Exiting with error virtual void izat_manager::IzatPassiveLocationListener::onLocationChanged(const izat_manager::IzatLocation*, izat_manager::IzatLocationStatus) line 113 "1"
05-04 10:56:06.269 E/ThermalEngine(  504): Unable to read max frequency from online cpu.
05-04 10:56:06.270 E/ThermalEngine(  504): Failed to set desired CPU[1] frequency limit to 1497600
05-04 10:56:11.310 E/ThermalEngine(  504): Unable to read max frequency from online cpu.
05-04 10:56:11.310 E/ThermalEngine(  504): Failed to set desired CPU[2] frequency limit to 1497600
05-04 10:56:14.432 E/ThermalEngine(  504): Unable to read max frequency from online cpu.
05-04 10:56:14.433 E/ThermalEngine(  504): Failed to set desired CPU[2] frequency limit to 1497600
05-04 10:56:14.535 E/ThermalEngine(  504): Unable to read max frequency from online cpu.
05-04 10:56:14.535 E/ThermalEngine(  504): Failed to set desired CPU[1] frequency limit to 1497600
05-04 10:56:22.644 E/ThermalEngine(  504): Unable to read max frequency from online cpu.
05-04 10:56:22.645 E/ThermalEngine(  504): Failed to set desired CPU[2] frequency limit to 1497600
05-04 10:56:22.656 E/ThermalEngine(  504): Unable to read max frequency from online cpu.
05-04 10:56:22.656 E/ThermalEngine(  504): Failed to set desired CPU[1] frequency limit to 1497600
05-04 10:56:23.496 E/ActivityManager( 2941): Invalid thumbnail dimensions: 0x0
05-04 10:56:28.761 E/ThermalEngine(  504): Unable to read max frequency from online cpu.
05-04 10:56:28.761 E/ThermalEngine(  504): Failed to set desired CPU[3] frequency limit to 1497600
05-04 10:56:30.011 E/ThermalEngine(  504): Unable to read max frequency from online cpu.
05-04 10:56:30.011 E/ThermalEngine(  504): Failed to set desired CPU[3] frequency limit to 1728000
05-04 10:56:34.112 E/ThermalEngine(  504): Unable to read max frequency from online cpu.
05-04 10:56:34.113 E/ThermalEngine(  504): Failed to set desired CPU[3] frequency limit to 1728000
05-04 10:56:45.761 E/ThermalEngine(  504): Unable to read max frequency from online cpu.
05-04 10:56:45.761 E/ThermalEngine(  504): Failed to set desired CPU[3] frequency limit to 2457600
05-04 10:56:46.260 E/ThermalEngine(  504): Unable to read max frequency from online cpu.
05-04 10:56:46.261 E/ThermalEngine(  504): Failed to set desired CPU[2] frequency limit to 2457600
05-04 10:56:46.267 E/ThermalEngine(  504): Unable to read max frequency from online cpu.
05-04 10:56:46.267 E/ThermalEngine(  504): Failed to set desired CPU[1] frequency limit to 2457600
05-04 10:56:51.512 E/ThermalEngine(  504): Unable to read max frequency from online cpu.
05-04 10:56:51.512 E/ThermalEngine(  504): Failed to set desired CPU[3] frequency limit to 2457600
05-04 10:56:55.964 E/ThermalEngine(  504): Unable to read max frequency from online cpu.
05-04 10:56:55.964 E/ThermalEngine(  504): Failed to set desired CPU[3] frequency limit to 2457600
05-04 10:57:00.064 E/ThermalEngine(  504): Unable to read max frequency from online cpu.
05-04 10:57:00.065 E/ThermalEngine(  504): Failed to set desired CPU[3] frequency limit to 2457600
05-04 10:57:00.070 E/ThermalEngine(  504): Unable to read max frequency from online cpu.
05-04 10:57:00.070 E/ThermalEngine(  504): Failed to set desired CPU[2] frequency limit to 2457600
05-04 10:57:00.109 E/ThermalEngine(  504): Unable to read max frequency from online cpu.
05-04 10:57:00.109 E/ThermalEngine(  504): Failed to set desired CPU[1] frequency limit to 2457600
05-04 10:57:06.017 E/LocSvc_libulp( 2941): I/int ulp_msg_process_system_update(UlpSystemEvent): systemEvent:5 
05-04 10:57:06.017 E/LocSvc_libulp( 2941): I/int ulp_msg_process_start_req(), at ulp state = 1
05-04 10:57:06.017 E/LocSvc_api_v02( 2941): I/---> locClientSendReq line 2020 QMI_LOC_GET_BEST_AVAILABLE_POSITION_REQ_V02
05-04 10:57:06.022 E/LocSvc_ApiV02( 2941): I/<--- void globalRespCb(locClientHandleType, uint32_t, locClientRespIndUnionType, void*) line 115 QMI_LOC_GET_BEST_AVAILABLE_POSITION_REQ_V02
05-04 10:57:06.023 E/LocSvc_libulp( 2941): I/int ulp_brain_process_zpp_position_report(loc_sess_status, LocPosTechMask, UlpLocation*), report ZPP position to providers,report_position = 1
05-04 10:57:06.023 E/IzatSvc_PassiveLocListener( 2941): E/Exiting with error virtual void izat_manager::IzatPassiveLocationListener::onLocationChanged(const izat_manager::IzatLocation*, izat_manager::IzatLocationStatus) line 113 "1"
05-04 10:57:06.306 E/ThermalEngine(  504): Unable to read max frequency from online cpu.
05-04 10:57:06.307 E/ThermalEngine(  504): Failed to set desired CPU[2] frequency limit to 2457600
05-04 10:57:06.313 E/ThermalEngine(  504): Unable to read max frequency from online cpu.
05-04 10:57:06.313 E/ThermalEngine(  504): Failed to set desired CPU[1] frequency limit to 2457600
05-04 10:57:06.356 E/ThermalEngine(  504): Failed to set desired CPU[1] frequency limit to 1728000
05-04 10:57:06.357 E/ThermalEngine(  504): Failed to set desired CPU[2] frequency limit to 1728000
05-04 10:57:06.357 E/ThermalEngine(  504): Failed to set desired CPU[3] frequency limit to 1728000
05-04 10:57:08.638 E/ThermalEngine(  504): Unable to read max frequency from online cpu.
05-04 10:57:08.638 E/ThermalEngine(  504): Failed to set desired CPU[2] frequency limit to 1728000
05-04 10:57:08.648 E/ThermalEngine(  504): Unable to read max frequency from online cpu.
05-04 10:57:08.649 E/ThermalEngine(  504): Failed to set desired CPU[1] frequency limit to 1728000
05-04 10:57:10.274 E/ThermalEngine(  504): Unable to read max frequency from online cpu.
05-04 10:57:10.274 E/ThermalEngine(  504): Failed to set desired CPU[2] frequency limit to 1728000
05-04 10:57:10.276 E/ThermalEngine(  504): Unable to read max frequency from online cpu.
