05-04 09:31:11.665 E/LocSvc_ApiV02( 2941): I/<--- void globalRespCb(locClientHandleType, uint32_t, locClientRespIndUnionType, void*) line 115 QMI_LOC_GET_BEST_AVAILABLE_POSITION_REQ_V02
05-04 09:31:11.665 E/LocSvc_libulp( 2941): I/int ulp_brain_process_zpp_position_report(loc_sess_status, LocPosTechMask, UlpLocation*), report ZPP position to providers,report_position = 1
05-04 09:31:11.665 E/IzatSvc_PassiveLocListener( 2941): E/Exiting with error virtual void izat_manager::IzatPassiveLocationListener::onLocationChanged(const izat_manager::IzatLocation*, izat_manager::IzatLocationStatus) line 113 "1"
05-04 09:31:11.789 E/IzatSvc_OSObserver( 2941): I/LocTech-Label :: OSOBSERVER :: Data Items In
05-04 09:31:11.791 E/IzatSvc_OSObserver( 2941): I/LocTech-Value :: Data Item Value: IS_POWER_CONNECTED: true
05-04 09:31:11.791 E/LocSvc_api_v02( 2941): I/---> locClientSendReq line 2020 QMI_LOC_SET_EXTERNAL_POWER_CONFIG_REQ_V02
05-04 09:31:11.791 E/LocSvc_libulp( 2941): I/int ulp_msg_process_system_update(UlpSystemEvent): systemEvent:2 
05-04 09:31:11.792 E/LocSvc_libulp( 2941): I/int ulp_msg_process_start_req(), at ulp state = 1
05-04 09:31:11.794 E/LocSvc_ApiV02( 2941): I/<--- void globalRespCb(locClientHandleType, uint32_t, locClientRespIndUnionType, void*) line 115 QMI_LOC_SET_EXTERNAL_POWER_CONFIG_REQ_V02
05-04 09:31:11.794 E/LocSvc_api_v02( 2941): I/---> locClientSendReq line 2020 QMI_LOC_GET_BEST_AVAILABLE_POSITION_REQ_V02
05-04 09:31:11.798 E/LocSvc_ApiV02( 2941): I/<--- void globalRespCb(locClientHandleType, uint32_t, locClientRespIndUnionType, void*) line 115 QMI_LOC_GET_BEST_AVAILABLE_POSITION_REQ_V02
05-04 09:31:11.798 E/LocSvc_libulp( 2941): I/int ulp_brain_process_zpp_position_report(loc_sess_status, LocPosTechMask, UlpLocation*), report ZPP position to providers,report_position = 1
05-04 09:31:11.798 E/IzatSvc_PassiveLocListener( 2941): E/Exiting with error virtual void izat_manager::IzatPassiveLocationListener::onLocationChanged(const izat_manager::IzatLocation*, izat_manager::IzatLocationStatus) line 113 "1"
05-04 09:31:11.899 E/ExtMediaPlayer-JNI( 4428): env->IsInstanceOf fails
05-04 09:31:11.899 E/MediaPlayer-JNI( 4428): JNIMediaPlayerFactory: bIsQCMediaPlayerPresent 0
05-04 09:31:11.899 E/ExtMediaPlayer-JNI( 4428): env->IsInstanceOf fails
05-04 09:31:11.899 E/MediaPlayer-JNI( 4428): JNIMediaPlayerFactory: bIsQCMediaPlayerPresent 0
05-04 09:31:11.996 E/ExtMediaPlayer-JNI( 4428): env->IsInstanceOf fails
05-04 09:31:11.996 E/MediaPlayer-JNI( 4428): JNIMediaPlayerFactory: bIsQCMediaPlayerPresent 0
05-04 09:31:11.996 E/ExtMediaPlayer-JNI( 4428): env->IsInstanceOf fails
05-04 09:31:11.996 E/MediaPlayer-JNI( 4428): JNIMediaPlayerFactory: bIsQCMediaPlayerPresent 0
05-04 09:31:12.133 E/LocationEngine( 6103): server resp err
05-04 09:31:12.398 E/LocSvc_flp( 2941): I/===> int flp_inject_location(FlpLocation*) line 253 
05-04 09:31:12.398 E/        ( 2941): I/===> int FlpLocationClient::flp_inject_location(FlpExtLocation*) line 265 
05-04 09:31:12.399 E/LocSvc_eng( 2941): I/===> int loc_eng_inject_location(loc_eng_data_s_type&, double, double, float) line 2123 
05-04 09:31:12.399 E/LocSvc_api_v02( 2941): I/---> locClientSendReq line 2020 QMI_LOC_INJECT_POSITION_REQ_V02
05-04 09:31:12.399 E/LocSvc_libulp( 2941): I/int ulp_brain_process_gnp_position_report(UlpLocation*), first_fix_pending 1, request active = 0,gnss running 0, gnss state 0 quipc running 0 quipc state 0
05-04 09:31:12.399 E/LocSvc_libulp( 2941): I/int ulp_brain_process_gnp_position_report(UlpLocation*), report GNP position to hybrid fix requests = 0
05-04 09:31:12.399 E/LocSvc_libulp( 2941): I/int ulp_brain_transition_all_providers(), before transition, 
05-04 09:31:12.399 E/LocSvc_libulp( 2941):  GNSS provider state = 0,  GNSS selected to run = 0,  GNSS onoff_cnt = 5, GNSS high speed flag = 0 
05-04 09:31:12.399 E/LocSvc_libulp( 2941):  QUIPC provider state = 0, QUIPC selected to run = 0, QUIPC onoff_cnt = 5, 
05-04 09:31:12.399 E/LocSvc_libulp( 2941):  GNP provider state = 0,   GNP selected to run = 0,   GNP onoff_cnt = 1, 
05-04 09:31:12.399 E/LocSvc_libulp( 2941): E/int ulp_brain_transition_all_providers(), no QUIPC/GNSS transition logic run due to both engines are OFF 
05-04 09:31:12.399 E/LocSvc_libulp( 2941): I/int ulp_brain_transition_all_providers(), after transition, 
05-04 09:31:12.399 E/LocSvc_libulp( 2941):  GNSS provider state = 0,  GNSS selected to run = 0,  GNSS onoff_cnt = 5, GNSS high speed flag = 0 
05-04 09:31:12.399 E/LocSvc_libulp( 2941):  QUIPC provider state = 0, QUIPC selected to run = 0, QUIPC onoff_cnt = 5, 
05-04 09:31:12.399 E/LocSvc_libulp( 2941):  GNP provider state = 0,   GNP selected to run = 0,   GNP onoff_cnt = 1 
05-04 09:31:12.402 E/LocSvc_ApiV02( 2941): I/<--- void globalRespCb(locClientHandleType, uint32_t, locClientRespIndUnionType, void*) line 115 QMI_LOC_INJECT_POSITION_REQ_V02
05-04 09:31:12.630 E/LocSvc_flp( 2941): I/===> int flp_inject_location(FlpLocation*) line 253 
05-04 09:31:12.630 E/        ( 2941): I/===> int FlpLocationClient::flp_inject_location(FlpExtLocation*) line 265 
05-04 09:31:12.631 E/LocSvc_eng( 2941): I/===> int loc_eng_inject_location(loc_eng_data_s_type&, double, double, float) line 2123 
05-04 09:31:12.631 E/LocSvc_api_v02( 2941): I/---> locClientSendReq line 2020 QMI_LOC_INJECT_POSITION_REQ_V02
05-04 09:31:12.631 E/LocSvc_libulp( 2941): I/int ulp_brain_process_gnp_position_report(UlpLocation*), first_fix_pending 1, request active = 0,gnss running 0, gnss state 0 quipc running 0 quipc state 0
05-04 09:31:12.631 E/LocSvc_libulp( 2941): I/int ulp_brain_process_gnp_position_report(UlpLocation*), report GNP position to hybrid fix requests = 0
05-04 09:31:12.631 E/LocSvc_libulp( 2941): I/int ulp_brain_transition_all_providers(), before transition, 
05-04 09:31:12.631 E/LocSvc_libulp( 2941):  GNSS provider state = 0,  GNSS selected to run = 0,  GNSS onoff_cnt = 5, GNSS high speed flag = 0 
05-04 09:31:12.631 E/LocSvc_libulp( 2941):  QUIPC provider state = 0, QUIPC selected to run = 0, QUIPC onoff_cnt = 5, 
05-04 09:31:12.631 E/LocSvc_libulp( 2941):  GNP provider state = 0,   GNP selected to run = 0,   GNP onoff_cnt = 1, 
05-04 09:31:12.631 E/LocSvc_libulp( 2941): E/int ulp_brain_transition_all_providers(), no QUIPC/GNSS transition logic run due to both engines are OFF 
05-04 09:31:12.631 E/LocSvc_libulp( 2941): I/int ulp_brain_transition_all_providers(), after transition, 
05-04 09:31:12.631 E/LocSvc_libulp( 2941):  GNSS provider state = 0,  GNSS selected to run = 0,  GNSS onoff_cnt = 5, GNSS high speed flag = 0 
05-04 09:31:12.631 E/LocSvc_libulp( 2941):  QUIPC provider state = 0, QUIPC selected to run = 0, QUIPC onoff_cnt = 5, 
05-04 09:31:12.631 E/LocSvc_libulp( 2941):  GNP provider state = 0,   GNP selected to run = 0,   GNP onoff_cnt = 1 
05-04 09:31:12.634 E/LocSvc_ApiV02( 2941): I/<--- void globalRespCb(locClientHandleType, uint32_t, locClientRespIndUnionType, void*) line 115 QMI_LOC_INJECT_POSITION_REQ_V02
05-04 09:31:12.676 E/MiuiWeather(11825): connetct to null failed
05-04 09:31:12.676 E/MiuiWeather(11825): javax.net.ssl.SSLHandshakeException: Handshake failed
05-04 09:31:12.676 E/MiuiWeather(11825): 	at com.android.org.conscrypt.OpenSSLSocketImpl.startHandshake(OpenSSLSocketImpl.java:396)
05-04 09:31:12.676 E/MiuiWeather(11825): 	at com.android.okhttp.internal.http.SocketConnector.connectTls(SocketConnector.java:103)
05-04 09:31:12.676 E/MiuiWeather(11825): 	at com.android.okhttp.Connection.connect(Connection.java:143)
05-04 09:31:12.676 E/MiuiWeather(11825): 	at com.android.okhttp.Connection.connectAndSetOwner(Connection.java:185)
05-04 09:31:12.676 E/MiuiWeather(11825): 	at com.android.okhttp.OkHttpClient$1.connectAndSetOwner(OkHttpClient.java:128)
05-04 09:31:12.676 E/MiuiWeather(11825): 	at com.android.okhttp.internal.http.HttpEngine.nextConnection(HttpEngine.java:342)
05-04 09:31:12.676 E/MiuiWeather(11825): 	at com.android.okhttp.internal.http.HttpEngine.connect(HttpEngine.java:331)
05-04 09:31:12.676 E/MiuiWeather(11825): 	at com.android.okhttp.internal.http.HttpEngine.sendRequest(HttpEngine.java:249)
05-04 09:31:12.676 E/MiuiWeather(11825): 	at com.android.okhttp.internal.huc.HttpURLConnectionImpl.execute(HttpURLConnectionImpl.java:437)
05-04 09:31:12.676 E/MiuiWeather(11825): 	at com.android.okhttp.internal.huc.HttpURLConnectionImpl.getResponse(HttpURLConnectionImpl.java:388)
05-04 09:31:12.676 E/MiuiWeather(11825): 	at com.android.okhttp.internal.huc.HttpURLConnectionImpl.getResponseCode(HttpURLConnectionImpl.java:501)
05-04 09:31:12.676 E/MiuiWeather(11825): 	at com.android.okhttp.internal.huc.DelegatingHttpsURLConnection.getResponseCode(DelegatingHttpsURLConnection.java:105)
05-04 09:31:12.676 E/MiuiWeather(11825): 	at com.android.okhttp.internal.huc.HttpsURLConnectionImpl.getResponseCode(HttpsURLConnectionImpl.java:25)
05-04 09:31:12.676 E/MiuiWeather(11825): 	at com.miui.weather2.tools.ToolsNet.getText(ToolsNet.java:141)
05-04 09:31:12.676 E/MiuiWeather(11825): 	at com.miui.weather2.spider.Spider.getLocationJson(Spider.java:103)
05-04 09:31:12.676 E/MiuiWeather(11825): 	at com.miui.weather2.tools.LocationGetter.locateToGetJson(LocationGetter.java:83)
05-04 09:31:12.676 E/MiuiWeather(11825): 	at com.miui.weather2.tools.LocationGetter.locate(LocationGetter.java:144)
05-04 09:31:12.676 E/MiuiWeather(11825): 	at com.miui.weather2.service.LocationUpdater.run(LocationUpdater.java:24)
05-04 09:31:12.676 E/MiuiWeather(11825): 	at com.miui.weather2.service.ServiceJob.doMyJob(ServiceJob.java:43)
05-04 09:31:12.676 E/MiuiWeather(11825): 	at com.miui.weather2.service.UpdateService.onHandleIntent(UpdateService.java:23)
05-04 09:31:12.676 E/MiuiWeather(11825): 	at android.app.IntentService$ServiceHandler.handleMessage(IntentService.java:66)
05-04 09:31:12.676 E/MiuiWeather(11825): 	at android.os.Handler.dispatchMessage(Handler.java:102)
05-04 09:31:12.676 E/MiuiWeather(11825): 	at android.os.Looper.loop(Looper.java:154)
05-04 09:31:12.676 E/MiuiWeather(11825): 	at android.os.HandlerThread.run(HandlerThread.java:61)
05-04 09:31:12.676 E/MiuiWeather(11825): 	Suppressed: javax.net.ssl.SSLHandshakeException: Handshake failed
05-04 09:31:12.676 E/MiuiWeather(11825): 		... 24 more
05-04 09:31:12.676 E/MiuiWeather(11825): 		Suppressed: javax.net.ssl.SSLHandshakeException: SSL handshake aborted: ssl=0xa95e2140: I/O error during system call, Connection reset by peer
05-04 09:31:12.676 E/MiuiWeather(11825): 			at com.android.org.conscrypt.NativeCrypto.SSL_do_handshake(Native Method)
05-04 09:31:12.676 E/MiuiWeather(11825): 			at com.android.org.conscrypt.OpenSSLSocketImpl.startHandshake(OpenSSLSocketImpl.java:324)
05-04 09:31:12.676 E/MiuiWeather(11825): 			... 23 more
05-04 09:31:12.676 E/MiuiWeather(11825): 	Caused by: javax.net.ssl.SSLProtocolException: SSL handshake terminated: ssl=0xa95e2140: Failure in SSL library, usually a protocol error
05-04 09:31:12.676 E/MiuiWeather(11825): error:100c543e:SSL routines:ssl3_read_bytes:TLSV1_ALERT_INAPPROPRIATE_FALLBACK (external/boringssl/src/ssl/s3_pkt.c:972 0xa9af8d80:0x00000001)
05-04 09:31:12.676 E/MiuiWeather(11825): 		at com.android.org.conscrypt.NativeCrypto.SSL_do_handshake(Native Method)
05-04 09:31:12.676 E/MiuiWeather(11825): 		at com.android.org.conscrypt.OpenSSLSocketImpl.startHandshake(OpenSSLSocketImpl.java:324)
05-04 09:31:12.676 E/MiuiWeather(11825): 		... 23 more
05-04 09:31:12.676 E/MiuiWeather(11825): Caused by: javax.net.ssl.SSLProtocolException: SSL handshake terminated: ssl=0xa95e2140: Failure in SSL library, usually a protocol error
05-04 09:31:12.676 E/MiuiWeather(11825): error:100c543e:SSL routines:ssl3_read_bytes:TLSV1_ALERT_INAPPROPRIATE_FALLBACK (external/boringssl/src/ssl/s3_pkt.c:972 0xa9af8d80:0x00000001)
05-04 09:31:12.676 E/MiuiWeather(11825): 	at com.android.org.conscrypt.NativeCrypto.SSL_do_handshake(Native Method)
05-04 09:31:12.676 E/MiuiWeather(11825): 	at com.android.org.conscrypt.OpenSSLSocketImpl.startHandshake(OpenSSLSocketImpl.java:324)
05-04 09:31:12.676 E/MiuiWeather(11825): 	... 23 more
05-04 09:31:12.994 E/Icon    ( 4428): Unable to load resource 0xffffffff from pkg=com.xiaomi.xmsf
05-04 09:31:12.994 E/Icon    ( 4428): android.content.res.Resources$NotFoundException: Resource ID #0xffffffff
05-04 09:31:12.994 E/Icon    ( 4428): 	at android.content.res.Resources.getValue(Resources.java:1369)
05-04 09:31:12.994 E/Icon    ( 4428): 	at android.content.res.MiuiResources.getValue(MiuiResources.java:145)
05-04 09:31:12.994 E/Icon    ( 4428): 	at android.content.res.Resources.getDrawable(Resources.java:822)
05-04 09:31:12.994 E/Icon    ( 4428): 	at android.graphics.drawable.Icon.loadDrawableInner(Icon.java:313)
05-04 09:31:12.994 E/Icon    ( 4428): 	at android.graphics.drawable.Icon.loadDrawable(Icon.java:269)
05-04 09:31:12.994 E/Icon    ( 4428): 	at android.widget.ImageView.setImageIcon(ImageView.java:498)
05-04 09:31:12.994 E/Icon    ( 4428): 	at java.lang.reflect.Method.invoke(Native Method)
05-04 09:31:12.994 E/Icon    ( 4428): 	at android.widget.RemoteViews$ReflectionAction.apply(RemoteViews.java:1296)
05-04 09:31:12.994 E/Icon    ( 4428): 	at android.widget.RemoteViews.performApply(RemoteViews.java:2804)
05-04 09:31:12.994 E/Icon    ( 4428): 	at android.widget.RemoteViews.apply(RemoteViews.java:2764)
05-04 09:31:12.994 E/Icon    ( 4428): 	at com.android.systemui.statusbar.BaseStatusBar.inflateViews(BaseStatusBar.java:635)
05-04 09:31:12.994 E/Icon    ( 4428): 	at com.android.systemui.statusbar.BaseStatusBar.addNotificationViews(BaseStatusBar.java:1012)
05-04 09:31:12.994 E/Icon    ( 4428): 	at com.android.systemui.statusbar.phone.PhoneStatusBar.addNotification(PhoneStatusBar.java:1825)
05-04 09:31:12.994 E/Icon    ( 4428): 	at com.android.systemui.statusbar.CommandQueue$H.handleMessage(CommandQueue.java:442)
05-04 09:31:12.994 E/Icon    ( 4428): 	at android.os.Handler.dispatchMessage(Handler.java:102)
05-04 09:31:12.994 E/Icon    ( 4428): 	at android.os.Looper.loop(Looper.java:154)
05-04 09:31:12.994 E/Icon    ( 4428): 	at android.app.ActivityThread.main(ActivityThread.java:5462)
05-04 09:31:12.994 E/Icon    ( 4428): 	at java.lang.reflect.Method.invoke(Native Method)
05-04 09:31:12.994 E/Icon    ( 4428): 	at com.android.internal.os.ZygoteInit$MethodAndArgsCaller.run(ZygoteInit.java:739)
05-04 09:31:12.994 E/Icon    ( 4428): 	at com.android.internal.os.ZygoteInit.main(ZygoteInit.java:629)
05-04 09:31:13.377 E/PhoneInterfaceManager( 6205): [PhoneIntfMgr] getIccId: ICC ID is null or empty.
05-04 09:31:13.602 E/DownloadManager(23627): Download manager : cannot get sim id for slot 0
05-04 09:31:13.674 E/PhoneInterfaceManager( 6205): [PhoneIntfMgr] getIccId: ICC ID is null or empty.
05-04 09:31:13.823 E/PhoneInterfaceManager( 6205): [PhoneIntfMgr] getIccId: ICC ID is null or empty.
05-04 09:31:13.889 E/YellowPage(23704): Antispam:getPresetDataVersion(): preset file missing!
05-04 09:31:13.900 E/PhoneInterfaceManager( 6205): [PhoneIntfMgr] getIccId: ICC ID is null or empty.
05-04 09:31:14.012 E/LocSvc_flp( 2941): I/===> int flp_inject_location(FlpLocation*) line 253 
05-04 09:31:14.012 E/        ( 2941): I/===> int FlpLocationClient::flp_inject_location(FlpExtLocation*) line 265 
05-04 09:31:14.014 E/LocSvc_api_v02( 2941): I/---> locClientSendReq line 2020 QMI_LOC_INJECT_POSITION_REQ_V02
05-04 09:31:14.014 E/LocSvc_libulp( 2941): I/int ulp_brain_process_gnp_position_report(UlpLocation*), first_fix_pending 1, request active = 0,gnss running 0, gnss state 0 quipc running 0 quipc state 0
05-04 09:31:14.014 E/LocSvc_libulp( 2941): I/int ulp_brain_process_gnp_position_report(UlpLocation*), report GNP position to hybrid fix requests = 0
05-04 09:31:14.014 E/LocSvc_libulp( 2941): I/int ulp_brain_transition_all_providers(), before transition, 
05-04 09:31:14.014 E/LocSvc_libulp( 2941):  GNSS provider state = 0,  GNSS selected to run = 0,  GNSS onoff_cnt = 5, GNSS high speed flag = 0 
05-04 09:31:14.014 E/LocSvc_libulp( 2941):  QUIPC provider state = 0, QUIPC selected to run = 0, QUIPC onoff_cnt = 5, 
05-04 09:31:14.014 E/LocSvc_libulp( 2941):  GNP provider state = 0,   GNP selected to run = 0,   GNP onoff_cnt = 1, 
05-04 09:31:14.014 E/LocSvc_libulp( 2941): E/int ulp_brain_transition_all_providers(), no QUIPC/GNSS transition logic run due to both engines are OFF 
05-04 09:31:14.014 E/LocSvc_libulp( 2941): I/int ulp_brain_transition_all_providers(), after transition, 
05-04 09:31:14.014 E/LocSvc_libulp( 2941):  GNSS provider state = 0,  GNSS selected to run = 0,  GNSS onoff_cnt = 5, GNSS high speed flag = 0 
05-04 09:31:14.014 E/LocSvc_libulp( 2941):  QUIPC provider state = 0, QUIPC selected to run = 0, QUIPC onoff_cnt = 5, 
05-04 09:31:14.014 E/LocSvc_libulp( 2941):  GNP provider state = 0,   GNP selected to run = 0,   GNP onoff_cnt = 1 
05-04 09:31:14.014 E/LocSvc_eng( 2941): I/===> int loc_eng_inject_location(loc_eng_data_s_type&, double, double, float) line 2123 
05-04 09:31:14.016 E/LocSvc_ApiV02( 2941): I/<--- void globalRespCb(locClientHandleType, uint32_t, locClientRespIndUnionType, void*) line 115 QMI_LOC_INJECT_POSITION_REQ_V02
05-04 09:31:14.191 E/LocSvc_flp( 2941): I/===> int flp_inject_location(FlpLocation*) line 253 
05-04 09:31:14.191 E/        ( 2941): I/===> int FlpLocationClient::flp_inject_location(FlpExtLocation*) line 265 
05-04 09:31:14.193 E/LocSvc_api_v02( 2941): I/---> locClientSendReq line 2020 QMI_LOC_INJECT_POSITION_REQ_V02
05-04 09:31:14.193 E/LocSvc_libulp( 2941): I/int ulp_brain_process_gnp_position_report(UlpLocation*), first_fix_pending 1, request active = 0,gnss running 0, gnss state 0 quipc running 0 quipc state 0
05-04 09:31:14.193 E/LocSvc_libulp( 2941): I/int ulp_brain_process_gnp_position_report(UlpLocation*), report GNP position to hybrid fix requests = 0
05-04 09:31:14.193 E/LocSvc_libulp( 2941): I/int ulp_brain_transition_all_providers(), before transition, 
05-04 09:31:14.193 E/LocSvc_libulp( 2941):  GNSS provider state = 0,  GNSS selected to run = 0,  GNSS onoff_cnt = 5, GNSS high speed flag = 0 
05-04 09:31:14.193 E/LocSvc_libulp( 2941):  QUIPC provider state = 0, QUIPC selected to run = 0, QUIPC onoff_cnt = 5, 
05-04 09:31:14.193 E/LocSvc_libulp( 2941):  GNP provider state = 0,   GNP selected to run = 0,   GNP onoff_cnt = 1, 
05-04 09:31:14.193 E/LocSvc_libulp( 2941): E/int ulp_brain_transition_all_providers(), no QUIPC/GNSS transition logic run due to both engines are OFF 
05-04 09:31:14.193 E/LocSvc_libulp( 2941): I/int ulp_brain_transition_all_providers(), after transition, 
05-04 09:31:14.193 E/LocSvc_libulp( 2941):  GNSS provider state = 0,  GNSS selected to run = 0,  GNSS onoff_cnt = 5, GNSS high speed flag = 0 
05-04 09:31:14.193 E/LocSvc_libulp( 2941):  QUIPC provider state = 0, QUIPC selected to run = 0, QUIPC onoff_cnt = 5, 
05-04 09:31:14.193 E/LocSvc_libulp( 2941):  GNP provider state = 0,   GNP selected to run = 0,   GNP onoff_cnt = 1 
05-04 09:31:14.193 E/LocSvc_eng( 2941): I/===> int loc_eng_inject_location(loc_eng_data_s_type&, double, double, float) line 2123 
05-04 09:31:14.195 E/LocSvc_ApiV02( 2941): I/<--- void globalRespCb(locClientHandleType, uint32_t, locClientRespIndUnionType, void*) line 115 QMI_LOC_INJECT_POSITION_REQ_V02
05-04 09:31:14.703 E/System  (23627): Uncaught exception thrown by finalizer
05-04 09:31:14.703 E/System  (23627): java.lang.NullPointerException: Attempt to invoke virtual method 'void dalvik.system.CloseGuard.close()' on a null object reference
05-04 09:31:14.703 E/System  (23627): 	at java.io.FileInputStream.close(FileInputStream.java:113)
05-04 09:31:14.703 E/System  (23627): 	at java.io.FileInputStream.finalize(FileInputStream.java:140)
05-04 09:31:14.703 E/System  (23627): 	at java.lang.Daemons$FinalizerDaemon.doFinalize(Daemons.java:202)
05-04 09:31:14.703 E/System  (23627): 	at java.lang.Daemons$FinalizerDaemon.run(Daemons.java:185)
05-04 09:31:14.703 E/System  (23627): 	at java.lang.Thread.run(Thread.java:818)
05-04 09:31:15.251 E/ActivityThread( 5064): Failed to find provider info for com.xiaomi.tv.gallerylockscreen.lockscreen_magazine_provider
05-04 09:31:16.090 E/DatabaseUtils( 2941): Writing exception to parcel
05-04 09:31:16.090 E/DatabaseUtils( 2941): java.lang.SecurityException: com.sogou.activity.src was not granted  this permission: android.permission.WRITE_SETTINGS.
05-04 09:31:16.090 E/DatabaseUtils( 2941): 	at android.provider.Settings.isCallingPackageAllowedToPerformAppOpsProtectedOperation(Settings.java:8507)
05-04 09:31:16.090 E/DatabaseUtils( 2941): 	at android.provider.Settings.checkAndNoteWriteSettingsOperation(Settings.java:8389)
05-04 09:31:16.090 E/DatabaseUtils( 2941): 	at com.android.providers.settings.SettingsProvider.mutateSystemSetting(SettingsProvider.java:915)
05-04 09:31:16.090 E/DatabaseUtils( 2941): 	at com.android.providers.settings.SettingsProvider.insertSystemSetting(SettingsProvider.java:890)
05-04 09:31:16.090 E/DatabaseUtils( 2941): 	at com.android.providers.settings.SettingsProvider.call(SettingsProvider.java:263)
05-04 09:31:16.090 E/DatabaseUtils( 2941): 	at android.content.ContentProvider$Transport.call(ContentProvider.java:398)
05-04 09:31:16.090 E/DatabaseUtils( 2941): 	at android.content.ContentProviderNative.onTransact(ContentProviderNative.java:283)
05-04 09:31:16.090 E/DatabaseUtils( 2941): 	at android.os.Binder.execTransact(Binder.java:453)
05-04 09:31:16.098 E/DatabaseUtils( 2941): Writing exception to parcel
05-04 09:31:16.098 E/DatabaseUtils( 2941): java.lang.SecurityException: com.sogou.activity.src was not granted  this permission: android.permission.WRITE_SETTINGS.
05-04 09:31:16.098 E/DatabaseUtils( 2941): 	at android.provider.Settings.isCallingPackageAllowedToPerformAppOpsProtectedOperation(Settings.java:8507)
05-04 09:31:16.098 E/DatabaseUtils( 2941): 	at android.provider.Settings.checkAndNoteWriteSettingsOperation(Settings.java:8389)
05-04 09:31:16.098 E/DatabaseUtils( 2941): 	at com.android.providers.settings.SettingsProvider.mutateSystemSetting(SettingsProvider.java:915)
05-04 09:31:16.098 E/DatabaseUtils( 2941): 	at com.android.providers.settings.SettingsProvider.insertSystemSetting(SettingsProvider.java:890)
05-04 09:31:16.098 E/DatabaseUtils( 2941): 	at com.android.providers.settings.SettingsProvider.call(SettingsProvider.java:263)
05-04 09:31:16.098 E/DatabaseUtils( 2941): 	at android.content.ContentProvider$Transport.call(ContentProvider.java:398)
05-04 09:31:16.098 E/DatabaseUtils( 2941): 	at android.content.ContentProviderNative.onTransact(ContentProviderNative.java:283)
05-04 09:31:16.098 E/DatabaseUtils( 2941): 	at android.os.Binder.execTransact(Binder.java:453)
05-04 09:31:16.113 E/PhoneInterfaceManager( 6205): [PhoneIntfMgr] nvReadItem: Empty response
05-04 09:31:16.129 E/DatabaseUtils( 2941): Writing exception to parcel
05-04 09:31:16.129 E/DatabaseUtils( 2941): java.lang.SecurityException: com.sogou.activity.src was not granted  this permission: android.permission.WRITE_SETTINGS.
05-04 09:31:16.129 E/DatabaseUtils( 2941): 	at android.provider.Settings.isCallingPackageAllowedToPerformAppOpsProtectedOperation(Settings.java:8507)
05-04 09:31:16.129 E/DatabaseUtils( 2941): 	at android.provider.Settings.checkAndNoteWriteSettingsOperation(Settings.java:8389)
05-04 09:31:16.129 E/DatabaseUtils( 2941): 	at com.android.providers.settings.SettingsProvider.mutateSystemSetting(SettingsProvider.java:915)
05-04 09:31:16.129 E/DatabaseUtils( 2941): 	at com.android.providers.settings.SettingsProvider.insertSystemSetting(SettingsProvider.java:890)
05-04 09:31:16.129 E/DatabaseUtils( 2941): 	at com.android.providers.settings.SettingsProvider.call(SettingsProvider.java:263)
05-04 09:31:16.129 E/DatabaseUtils( 2941): 	at android.content.ContentProvider$Transport.call(ContentProvider.java:398)
05-04 09:31:16.129 E/DatabaseUtils( 2941): 	at android.content.ContentProviderNative.onTransact(ContentProviderNative.java:283)
05-04 09:31:16.129 E/DatabaseUtils( 2941): 	at android.os.Binder.execTransact(Binder.java:453)
05-04 09:31:16.141 E/DatabaseUtils( 2941): Writing exception to parcel
05-04 09:31:16.141 E/DatabaseUtils( 2941): java.lang.SecurityException: com.sogou.activity.src was not granted  this permission: android.permission.WRITE_SETTINGS.
05-04 09:31:16.141 E/DatabaseUtils( 2941): 	at android.provider.Settings.isCallingPackageAllowedToPerformAppOpsProtectedOperation(Settings.java:8507)
05-04 09:31:16.141 E/DatabaseUtils( 2941): 	at android.provider.Settings.checkAndNoteWriteSettingsOperation(Settings.java:8389)
05-04 09:31:16.141 E/DatabaseUtils( 2941): 	at com.android.providers.settings.SettingsProvider.mutateSystemSetting(SettingsProvider.java:915)
05-04 09:31:16.141 E/DatabaseUtils( 2941): 	at com.android.providers.settings.SettingsProvider.insertSystemSetting(SettingsProvider.java:890)
05-04 09:31:16.141 E/DatabaseUtils( 2941): 	at com.android.providers.settings.SettingsProvider.call(SettingsProvider.java:263)
05-04 09:31:16.141 E/DatabaseUtils( 2941): 	at android.content.ContentProvider$Transport.call(ContentProvider.java:398)
05-04 09:31:16.141 E/DatabaseUtils( 2941): 	at android.content.ContentProviderNative.onTransact(ContentProviderNative.java:283)
05-04 09:31:16.141 E/DatabaseUtils( 2941): 	at android.os.Binder.execTransact(Binder.java:453)
05-04 09:31:16.196 E/ConnectivityService( 2941): RemoteException caught trying to send a callback msg for NetworkRequest [ id=42, legacyType=-1, [ Capabilities: INTERNET&NOT_RESTRICTED&TRUSTED] ]
05-04 09:31:16.197 E/ConnectivityService( 2941): RemoteException caught trying to send a callback msg for NetworkRequest [ id=41, legacyType=-1, [ Capabilities: INTERNET&NOT_RESTRICTED&TRUSTED] ]
05-04 09:31:23.070 E/ThermalEngine(  504): Unable to read max frequency from online cpu.
05-04 09:31:23.070 E/ThermalEngine(  504): Failed to set desired CPU[3] frequency limit to 2457600
05-04 09:31:23.112 E/ThermalEngine(  504): Unable to read max frequency from online cpu.
05-04 09:31:23.113 E/ThermalEngine(  504): Failed to set desired CPU[2] frequency limit to 2457600
05-04 09:31:24.184 E/ThermalEngine(  504): Unable to read max frequency from online cpu.
05-04 09:31:24.185 E/ThermalEngine(  504): Failed to set desired CPU[3] frequency limit to 2457600
05-04 09:31:27.992 E/ConnectivityService( 2941): RemoteException caught trying to send a callback msg for NetworkRequest [ id=37, legacyType=-1, [ Capabilities: INTERNET&NOT_RESTRICTED&TRUSTED] ]
05-04 09:31:31.716 E/ThermalEngine(  504): Unable to read max frequency from online cpu.
05-04 09:31:31.716 E/ThermalEngine(  504): Failed to set desired CPU[3] frequency limit to 2457600
05-04 09:31:31.722 E/ThermalEngine(  504): Unable to read max frequency from online cpu.
05-04 09:31:31.723 E/ThermalEngine(  504): Failed to set desired CPU[2] frequency limit to 2457600
05-04 09:31:32.319 E/ThermalEngine(  504): Unable to read max frequency from online cpu.
05-04 09:31:32.320 E/ThermalEngine(  504): Failed to set desired CPU[2] frequency limit to 2457600
05-04 09:31:32.322 E/ThermalEngine(  504): Unable to read max frequency from online cpu.
05-04 09:31:32.322 E/ThermalEngine(  504): Failed to set desired CPU[1] frequency limit to 2457600
05-04 09:31:43.559 E/O2OStats:(23646): set conf failed
05-04 09:31:43.559 E/O2OStats:(23646): org.json.JSONException: Value <html> of type java.lang.String cannot be converted to JSONObject
05-04 09:31:43.559 E/O2OStats:(23646): 	at org.json.JSON.typeMismatch(JSON.java:111)
05-04 09:31:43.559 E/O2OStats:(23646): 	at org.json.JSONObject.<init>(JSONObject.java:160)
05-04 09:31:43.559 E/O2OStats:(23646): 	at org.json.JSONObject.<init>(JSONObject.java:173)
05-04 09:31:43.559 E/O2OStats:(23646): 	at com.xiaomi.o2o.sdk.O2oStats.reSetConfig(O2oStats.java:1432)
05-04 09:31:43.559 E/O2OStats:(23646): 	at com.xiaomi.o2o.sdk.DispatchingHandler$1.run(DispatchingHandler.java:58)
05-04 09:31:43.559 E/O2OStats:(23646): 	at java.util.concurrent.ThreadPoolExecutor.runWorker(ThreadPoolExecutor.java:1113)
05-04 09:31:43.559 E/O2OStats:(23646): 	at java.util.concurrent.ThreadPoolExecutor$Worker.run(ThreadPoolExecutor.java:588)
05-04 09:31:43.559 E/O2OStats:(23646): 	at java.lang.Thread.run(Thread.java:818)
05-04 09:31:45.616 E/ThermalEngine(  504): Unable to read max frequency from online cpu.
05-04 09:31:45.616 E/ThermalEngine(  504): Failed to set desired CPU[3] frequency limit to 2457600
05-04 09:31:45.762 E/ThermalEngine(  504): Unable to read max frequency from online cpu.
05-04 09:31:45.763 E/ThermalEngine(  504): Failed to set desired CPU[2] frequency limit to 2457600
05-04 09:31:52.164 E/ThermalEngine(  504): Unable to read max frequency from online cpu.
05-04 09:31:52.165 E/ThermalEngine(  504): Failed to set desired CPU[3] frequency limit to 2457600
05-04 09:31:57.115 E/ThermalEngine(  504): Unable to read max frequency from online cpu.
05-04 09:31:57.115 E/ThermalEngine(  504): Failed to set desired CPU[3] frequency limit to 2457600
05-04 09:31:57.162 E/ThermalEngine(  504): Unable to read max frequency from online cpu.
05-04 09:31:57.162 E/ThermalEngine(  504): Failed to set desired CPU[2] frequency limit to 2457600
05-04 09:31:57.878 E/ThermalEngine(  504): Unable to read max frequency from online cpu.
05-04 09:31:57.878 E/ThermalEngine(  504): Failed to set desired CPU[2] frequency limit to 2457600
05-04 09:31:57.880 E/ThermalEngine(  504): Unable to read max frequency from online cpu.
05-04 09:31:57.880 E/ThermalEngine(  504): Failed to set desired CPU[1] frequency limit to 2457600
05-04 09:31:58.197 E/DatabaseUtils( 2941): Writing exception to parcel
05-04 09:31:58.197 E/DatabaseUtils( 2941): java.lang.SecurityException: com.sogou.activity.src was not granted  this permission: android.permission.WRITE_SETTINGS.
05-04 09:31:58.197 E/DatabaseUtils( 2941): 	at android.provider.Settings.isCallingPackageAllowedToPerformAppOpsProtectedOperation(Settings.java:8507)
05-04 09:31:58.197 E/DatabaseUtils( 2941): 	at android.provider.Settings.checkAndNoteWriteSettingsOperation(Settings.java:8389)
05-04 09:31:58.197 E/DatabaseUtils( 2941): 	at com.android.providers.settings.SettingsProvider.mutateSystemSetting(SettingsProvider.java:915)
05-04 09:31:58.197 E/DatabaseUtils( 2941): 	at com.android.providers.settings.SettingsProvider.insertSystemSetting(SettingsProvider.java:890)
05-04 09:31:58.197 E/DatabaseUtils( 2941): 	at com.android.providers.settings.SettingsProvider.call(SettingsProvider.java:263)
05-04 09:31:58.197 E/DatabaseUtils( 2941): 	at android.content.ContentProvider$Transport.call(ContentProvider.java:398)
05-04 09:31:58.197 E/DatabaseUtils( 2941): 	at android.content.ContentProviderNative.onTransact(ContentProviderNative.java:283)
05-04 09:31:58.197 E/DatabaseUtils( 2941): 	at android.os.Binder.execTransact(Binder.java:453)
05-04 09:31:58.200 E/DatabaseUtils( 2941): Writing exception to parcel
05-04 09:31:58.200 E/DatabaseUtils( 2941): java.lang.SecurityException: com.sogou.activity.src was not granted  this permission: android.permission.WRITE_SETTINGS.
05-04 09:31:58.200 E/DatabaseUtils( 2941): 	at android.provider.Settings.isCallingPackageAllowedToPerformAppOpsProtectedOperation(Settings.java:8507)
05-04 09:31:58.200 E/DatabaseUtils( 2941): 	at android.provider.Settings.checkAndNoteWriteSettingsOperation(Settings.java:8389)
05-04 09:31:58.200 E/DatabaseUtils( 2941): 	at com.android.providers.settings.SettingsProvider.mutateSystemSetting(SettingsProvider.java:915)
05-04 09:31:58.200 E/DatabaseUtils( 2941): 	at com.android.providers.settings.SettingsProvider.insertSystemSetting(SettingsProvider.java:890)
05-04 09:31:58.200 E/DatabaseUtils( 2941): 	at com.android.providers.settings.SettingsProvider.call(SettingsProvider.java:263)
05-04 09:31:58.200 E/DatabaseUtils( 2941): 	at android.content.ContentProvider$Transport.call(ContentProvider.java:398)
05-04 09:31:58.200 E/DatabaseUtils( 2941): 	at android.content.ContentProviderNative.onTransact(ContentProviderNative.java:283)
05-04 09:31:58.200 E/DatabaseUtils( 2941): 	at android.os.Binder.execTransact(Binder.java:453)
05-04 09:31:58.204 E/DatabaseUtils( 2941): Writing exception to parcel
05-04 09:31:58.204 E/DatabaseUtils( 2941): java.lang.SecurityException: com.sogou.activity.src was not granted  this permission: android.permission.WRITE_SETTINGS.
05-04 09:31:58.204 E/DatabaseUtils( 2941): 	at android.provider.Settings.isCallingPackageAllowedToPerformAppOpsProtectedOperation(Settings.java:8507)
05-04 09:31:58.204 E/DatabaseUtils( 2941): 	at android.provider.Settings.checkAndNoteWriteSettingsOperation(Settings.java:8389)
05-04 09:31:58.204 E/DatabaseUtils( 2941): 	at com.android.providers.settings.SettingsProvider.mutateSystemSetting(SettingsProvider.java:915)
05-04 09:31:58.204 E/DatabaseUtils( 2941): 	at com.android.providers.settings.SettingsProvider.insertSystemSetting(SettingsProvider.java:890)
05-04 09:31:58.204 E/DatabaseUtils( 2941): 	at com.android.providers.settings.SettingsProvider.call(SettingsProvider.java:263)
05-04 09:31:58.204 E/DatabaseUtils( 2941): 	at android.content.ContentProvider$Transport.call(ContentProvider.java:398)
05-04 09:31:58.204 E/DatabaseUtils( 2941): 	at android.content.ContentProviderNative.onTransact(ContentProviderNative.java:283)
05-04 09:31:58.204 E/DatabaseUtils( 2941): 	at android.os.Binder.execTransact(Binder.java:453)
05-04 09:31:58.206 E/DatabaseUtils( 2941): Writing exception to parcel
05-04 09:31:58.206 E/DatabaseUtils( 2941): java.lang.SecurityException: com.sogou.activity.src was not granted  this permission: android.permission.WRITE_SETTINGS.
05-04 09:31:58.206 E/DatabaseUtils( 2941): 	at android.provider.Settings.isCallingPackageAllowedToPerformAppOpsProtectedOperation(Settings.java:8507)
05-04 09:31:58.206 E/DatabaseUtils( 2941): 	at android.provider.Settings.checkAndNoteWriteSettingsOperation(Settings.java:8389)
05-04 09:31:58.206 E/DatabaseUtils( 2941): 	at com.android.providers.settings.SettingsProvider.mutateSystemSetting(SettingsProvider.java:915)
05-04 09:31:58.206 E/DatabaseUtils( 2941): 	at com.android.providers.settings.SettingsProvider.insertSystemSetting(SettingsProvider.java:890)
05-04 09:31:58.206 E/DatabaseUtils( 2941): 	at com.android.providers.settings.SettingsProvider.call(SettingsProvider.java:263)
05-04 09:31:58.206 E/DatabaseUtils( 2941): 	at android.content.ContentProvider$Transport.call(ContentProvider.java:398)
05-04 09:31:58.206 E/DatabaseUtils( 2941): 	at android.content.ContentProviderNative.onTransact(ContentProviderNative.java:283)
05-04 09:31:58.206 E/DatabaseUtils( 2941): 	at android.os.Binder.execTransact(Binder.java:453)
05-04 09:32:02.269 E/ThermalEngine(  504): Unable to read max frequency from online cpu.
05-04 09:32:02.269 E/ThermalEngine(  504): Failed to set desired CPU[3] frequency limit to 2457600
05-04 09:32:03.197 E/DatabaseUtils( 2941): Writing exception to parcel
05-04 09:32:03.197 E/DatabaseUtils( 2941): java.lang.SecurityException: com.sogou.activity.src was not granted  this permission: android.permission.WRITE_SETTINGS.
05-04 09:32:03.197 E/DatabaseUtils( 2941): 	at android.provider.Settings.isCallingPackageAllowedToPerformAppOpsProtectedOperation(Settings.java:8507)
05-04 09:32:03.197 E/DatabaseUtils( 2941): 	at android.provider.Settings.checkAndNoteWriteSettingsOperation(Settings.java:8389)
05-04 09:32:03.197 E/DatabaseUtils( 2941): 	at com.android.providers.settings.SettingsProvider.mutateSystemSetting(SettingsProvider.java:915)
05-04 09:32:03.197 E/DatabaseUtils( 2941): 	at com.android.providers.settings.SettingsProvider.insertSystemSetting(SettingsProvider.java:890)
05-04 09:32:03.197 E/DatabaseUtils( 2941): 	at com.android.providers.settings.SettingsProvider.call(SettingsProvider.java:263)
05-04 09:32:03.197 E/DatabaseUtils( 2941): 	at android.content.ContentProvider$Transport.call(ContentProvider.java:398)
05-04 09:32:03.197 E/DatabaseUtils( 2941): 	at android.content.ContentProviderNative.onTransact(ContentProviderNative.java:283)
05-04 09:32:03.197 E/DatabaseUtils( 2941): 	at android.os.Binder.execTransact(Binder.java:453)
05-04 09:32:03.199 E/DatabaseUtils( 2941): Writing exception to parcel
05-04 09:32:03.199 E/DatabaseUtils( 2941): java.lang.SecurityException: com.sogou.activity.src was not granted  this permission: android.permission.WRITE_SETTINGS.
05-04 09:32:03.199 E/DatabaseUtils( 2941): 	at android.provider.Settings.isCallingPackageAllowedToPerformAppOpsProtectedOperation(Settings.java:8507)
05-04 09:32:03.199 E/DatabaseUtils( 2941): 	at android.provider.Settings.checkAndNoteWriteSettingsOperation(Settings.java:8389)
05-04 09:32:03.199 E/DatabaseUtils( 2941): 	at com.android.providers.settings.SettingsProvider.mutateSystemSetting(SettingsProvider.java:915)
05-04 09:32:03.199 E/DatabaseUtils( 2941): 	at com.android.providers.settings.SettingsProvider.insertSystemSetting(SettingsProvider.java:890)
05-04 09:32:03.199 E/DatabaseUtils( 2941): 	at com.android.providers.settings.SettingsProvider.call(SettingsProvider.java:263)
05-04 09:32:03.199 E/DatabaseUtils( 2941): 	at android.content.ContentProvider$Transport.call(ContentProvider.java:398)
05-04 09:32:03.199 E/DatabaseUtils( 2941): 	at android.content.ContentProviderNative.onTransact(ContentProviderNative.java:283)
05-04 09:32:03.199 E/DatabaseUtils( 2941): 	at android.os.Binder.execTransact(Binder.java:453)
05-04 09:32:03.204 E/DatabaseUtils( 2941): Writing exception to parcel
05-04 09:32:03.204 E/DatabaseUtils( 2941): java.lang.SecurityException: com.sogou.activity.src was not granted  this permission: android.permission.WRITE_SETTINGS.
05-04 09:32:03.204 E/DatabaseUtils( 2941): 	at android.provider.Settings.isCallingPackageAllowedToPerformAppOpsProtectedOperation(Settings.java:8507)
05-04 09:32:03.204 E/DatabaseUtils( 2941): 	at android.provider.Settings.checkAndNoteWriteSettingsOperation(Settings.java:8389)
05-04 09:32:03.204 E/DatabaseUtils( 2941): 	at com.android.providers.settings.SettingsProvider.mutateSystemSetting(SettingsProvider.java:915)
05-04 09:32:03.204 E/DatabaseUtils( 2941): 	at com.android.providers.settings.SettingsProvider.insertSystemSetting(SettingsProvider.java:890)
05-04 09:32:03.204 E/DatabaseUtils( 2941): 	at com.android.providers.settings.SettingsProvider.call(SettingsProvider.java:263)
05-04 09:32:03.204 E/DatabaseUtils( 2941): 	at android.content.ContentProvider$Transport.call(ContentProvider.java:398)
05-04 09:32:03.204 E/DatabaseUtils( 2941): 	at android.content.ContentProviderNative.onTransact(ContentProviderNative.java:283)
05-04 09:32:03.204 E/DatabaseUtils( 2941): 	at android.os.Binder.execTransact(Binder.java:453)
05-04 09:32:03.206 E/DatabaseUtils( 2941): Writing exception to parcel
05-04 09:32:03.206 E/DatabaseUtils( 2941): java.lang.SecurityException: com.sogou.activity.src was not granted  this permission: android.permission.WRITE_SETTINGS.
05-04 09:32:03.206 E/DatabaseUtils( 2941): 	at android.provider.Settings.isCallingPackageAllowedToPerformAppOpsProtectedOperation(Settings.java:8507)
05-04 09:32:03.206 E/DatabaseUtils( 2941): 	at android.provider.Settings.checkAndNoteWriteSettingsOperation(Settings.java:8389)
05-04 09:32:03.206 E/DatabaseUtils( 2941): 	at com.android.providers.settings.SettingsProvider.mutateSystemSetting(SettingsProvider.java:915)
05-04 09:32:03.206 E/DatabaseUtils( 2941): 	at com.android.providers.settings.SettingsProvider.insertSystemSetting(SettingsProvider.java:890)
05-04 09:32:03.206 E/DatabaseUtils( 2941): 	at com.android.providers.settings.SettingsProvider.call(SettingsProvider.java:263)
05-04 09:32:03.206 E/DatabaseUtils( 2941): 	at android.content.ContentProvider$Transport.call(ContentProvider.java:398)
05-04 09:32:03.206 E/DatabaseUtils( 2941): 	at android.content.ContentProviderNative.onTransact(ContentProviderNative.java:283)
05-04 09:32:03.206 E/DatabaseUtils( 2941): 	at android.os.Binder.execTransact(Binder.java:453)
05-04 09:32:06.765 E/ThermalEngine(  504): Unable to read max frequency from online cpu.
05-04 09:32:06.765 E/ThermalEngine(  504): Failed to set desired CPU[3] frequency limit to 2457600
05-04 09:32:07.325 E/ThermalEngine(  504): Unable to read max frequency from online cpu.
05-04 09:32:07.325 E/ThermalEngine(  504): Failed to set desired CPU[3] frequency limit to 2457600
05-04 09:32:07.764 E/ThermalEngine(  504): Unable to read max frequency from online cpu.
05-04 09:32:07.764 E/ThermalEngine(  504): Failed to set desired CPU[3] frequency limit to 2457600
05-04 09:32:07.774 E/ThermalEngine(  504): Unable to read max frequency from online cpu.
05-04 09:32:07.774 E/ThermalEngine(  504): Failed to set desired CPU[2] frequency limit to 2457600
05-04 09:32:10.841 E/fakecell_settings( 5445): < sysbase_app > failed to get device info
05-04 09:32:11.793 E/LocSvc_libulp( 2941): I/int ulp_msg_process_system_update(UlpSystemEvent): systemEvent:5 
05-04 09:32:11.793 E/LocSvc_libulp( 2941): I/int ulp_msg_process_start_req(), at ulp state = 1
05-04 09:32:11.793 E/LocSvc_api_v02( 2941): I/---> locClientSendReq line 2020 QMI_LOC_GET_BEST_AVAILABLE_POSITION_REQ_V02
05-04 09:32:11.798 E/LocSvc_ApiV02( 2941): I/<--- void globalRespCb(locClientHandleType, uint32_t, locClientRespIndUnionType, void*) line 115 QMI_LOC_GET_BEST_AVAILABLE_POSITION_REQ_V02
05-04 09:32:11.798 E/LocSvc_libulp( 2941): I/int ulp_brain_process_zpp_position_report(loc_sess_status, LocPosTechMask, UlpLocation*), report ZPP position to providers,report_position = 1
05-04 09:32:11.798 E/IzatSvc_PassiveLocListener( 2941): E/Exiting with error virtual void izat_manager::IzatPassiveLocationListener::onLocationChanged(const izat_manager::IzatLocation*, izat_manager::IzatLocationStatus) line 113 "1"
05-04 09:32:11.816 E/ThermalEngine(  504): Unable to read max frequency from online cpu.
05-04 09:32:11.816 E/ThermalEngine(  504): Failed to set desired CPU[3] frequency limit to 2457600
05-04 09:32:11.822 E/ThermalEngine(  504): Unable to read max frequency from online cpu.
05-04 09:32:11.822 E/ThermalEngine(  504): Failed to set desired CPU[2] frequency limit to 2457600
05-04 09:32:11.863 E/ThermalEngine(  504): Unable to read max frequency from online cpu.
05-04 09:32:11.863 E/ThermalEngine(  504): Failed to set desired CPU[1] frequency limit to 2457600
05-04 09:32:14.864 E/ThermalEngine(  504): Unable to read max frequency from online cpu.
05-04 09:32:14.865 E/ThermalEngine(  504): Failed to set desired CPU[3] frequency limit to 2457600
05-04 09:32:14.873 E/ThermalEngine(  504): Unable to read max frequency from online cpu.
05-04 09:32:14.873 E/ThermalEngine(  504): Failed to set desired CPU[2] frequency limit to 2457600
05-04 09:32:16.172 E/ThermalEngine(  504): Unable to read max frequency from online cpu.
05-04 09:32:16.172 E/ThermalEngine(  504): Failed to set desired CPU[2] frequency limit to 2457600
05-04 09:32:22.566 E/ThermalEngine(  504): Unable to read max frequency from online cpu.
05-04 09:32:22.566 E/ThermalEngine(  504): Failed to set desired CPU[3] frequency limit to 2457600
05-04 09:32:26.419 E/ThermalEngine(  504): Unable to read max frequency from online cpu.
05-04 09:32:26.419 E/ThermalEngine(  504): Failed to set desired CPU[3] frequency limit to 2457600
05-04 09:32:26.422 E/ThermalEngine(  504): Unable to read max frequency from online cpu.
05-04 09:32:26.422 E/ThermalEngine(  504): Failed to set desired CPU[2] frequency limit to 2457600
05-04 09:32:26.462 E/ThermalEngine(  504): Unable to read max frequency from online cpu.
05-04 09:32:26.462 E/ThermalEngine(  504): Failed to set desired CPU[1] frequency limit to 2457600
05-04 09:32:36.015 E/ThermalEngine(  504): Unable to read max frequency from online cpu.
05-04 09:32:36.015 E/ThermalEngine(  504): Failed to set desired CPU[3] frequency limit to 2457600
05-04 09:32:36.063 E/ThermalEngine(  504): Unable to read max frequency from online cpu.
05-04 09:32:36.063 E/ThermalEngine(  504): Failed to set desired CPU[2] frequency limit to 2457600
05-04 09:32:36.066 E/ThermalEngine(  504): Unable to read max frequency from online cpu.
05-04 09:32:36.066 E/ThermalEngine(  504): Failed to set desired CPU[1] frequency limit to 2457600
05-04 09:32:39.153 E/ThermalEngine(  504): Unable to read max frequency from online cpu.
05-04 09:32:39.153 E/ThermalEngine(  504): Failed to set desired CPU[2] frequency limit to 2457600
05-04 09:32:42.664 E/ThermalEngine(  504): Unable to read max frequency from online cpu.
05-04 09:32:42.664 E/ThermalEngine(  504): Failed to set desired CPU[3] frequency limit to 2457600
05-04 09:32:44.472 E/ThermalEngine(  504): Unable to read max frequency from online cpu.
05-04 09:32:44.472 E/ThermalEngine(  504): Failed to set desired CPU[2] frequency limit to 2457600
05-04 09:32:45.431 E/ThermalEngine(  504): Unable to read max frequency from online cpu.
05-04 09:32:45.431 E/ThermalEngine(  504): Failed to set desired CPU[1] frequency limit to 2457600
05-04 09:32:51.814 E/ThermalEngine(  504): Unable to read max frequency from online cpu.
05-04 09:32:51.815 E/ThermalEngine(  504): Failed to set desired CPU[3] frequency limit to 2457600
05-04 09:32:51.818 E/ThermalEngine(  504): Unable to read max frequency from online cpu.
05-04 09:32:51.818 E/ThermalEngine(  504): Failed to set desired CPU[2] frequency limit to 2457600
05-04 09:32:51.863 E/ThermalEngine(  504): Unable to read max frequency from online cpu.
05-04 09:32:51.863 E/ThermalEngine(  504): Failed to set desired CPU[1] frequency limit to 2457600
05-04 09:32:57.215 E/ThermalEngine(  504): Unable to read max frequency from online cpu.
05-04 09:32:57.215 E/ThermalEngine(  504): Failed to set desired CPU[3] frequency limit to 2457600
05-04 09:32:57.222 E/ThermalEngine(  504): Unable to read max frequency from online cpu.
05-04 09:32:57.222 E/ThermalEngine(  504): Failed to set desired CPU[2] frequency limit to 2457600
05-04 09:32:57.262 E/ThermalEngine(  504): Unable to read max frequency from online cpu.
05-04 09:32:57.262 E/ThermalEngine(  504): Failed to set desired CPU[1] frequency limit to 2457600
05-04 09:33:02.966 E/ThermalEngine(  504): Unable to read max frequency from online cpu.
05-04 09:33:02.966 E/ThermalEngine(  504): Failed to set desired CPU[3] frequency limit to 2457600
05-04 09:33:07.365 E/ThermalEngine(  504): Unable to read max frequency from online cpu.
05-04 09:33:07.365 E/ThermalEngine(  504): Failed to set desired CPU[3] frequency limit to 2457600
05-04 09:33:07.373 E/ThermalEngine(  504): Unable to read max frequency from online cpu.
05-04 09:33:07.373 E/ThermalEngine(  504): Failed to set desired CPU[2] frequency limit to 2457600
05-04 09:33:11.794 E/LocSvc_libulp( 2941): I/int ulp_msg_process_system_update(UlpSystemEvent): systemEvent:5 
05-04 09:33:11.794 E/LocSvc_libulp( 2941): I/int ulp_msg_process_start_req(), at ulp state = 1
05-04 09:33:11.794 E/LocSvc_api_v02( 2941): I/---> locClientSendReq line 2020 QMI_LOC_GET_BEST_AVAILABLE_POSITION_REQ_V02
05-04 09:33:11.799 E/LocSvc_ApiV02( 2941): I/<--- void globalRespCb(locClientHandleType, uint32_t, locClientRespIndUnionType, void*) line 115 QMI_LOC_GET_BEST_AVAILABLE_POSITION_REQ_V02
05-04 09:33:11.799 E/LocSvc_libulp( 2941): I/int ulp_brain_process_zpp_position_report(loc_sess_status, LocPosTechMask, UlpLocation*), report ZPP position to providers,report_position = 1
05-04 09:33:11.800 E/IzatSvc_PassiveLocListener( 2941): E/Exiting with error virtual void izat_manager::IzatPassiveLocationListener::onLocationChanged(const izat_manager::IzatLocation*, izat_manager::IzatLocationStatus) line 113 "1"
05-04 09:33:22.515 E/ThermalEngine(  504): Unable to read max frequency from online cpu.
05-04 09:33:22.515 E/ThermalEngine(  504): Failed to set desired CPU[3] frequency limit to 2457600
05-04 09:33:22.522 E/ThermalEngine(  504): Unable to read max frequency from online cpu.
05-04 09:33:22.523 E/ThermalEngine(  504): Failed to set desired CPU[2] frequency limit to 2457600
05-04 09:33:31.819 E/ThermalEngine(  504): Unable to read max frequency from online cpu.
05-04 09:33:31.819 E/ThermalEngine(  504): Failed to set desired CPU[3] frequency limit to 2457600
05-04 09:33:31.831 E/ThermalEngine(  504): Unable to read max frequency from online cpu.
05-04 09:33:31.831 E/ThermalEngine(  504): Failed to set desired CPU[2] frequency limit to 2457600
05-04 09:33:31.863 E/ThermalEngine(  504): Unable to read max frequency from online cpu.
05-04 09:33:31.864 E/ThermalEngine(  504): Failed to set desired CPU[1] frequency limit to 2457600
05-04 09:33:32.641 E/ThermalEngine(  504): Unable to read max frequency from online cpu.
05-04 09:33:32.641 E/ThermalEngine(  504): Failed to set desired CPU[2] frequency limit to 2457600
05-04 09:33:43.165 E/ThermalEngine(  504): Unable to read max frequency from online cpu.
05-04 09:33:43.165 E/ThermalEngine(  504): Failed to set desired CPU[3] frequency limit to 2457600
05-04 09:33:45.775 E/ThermalEngine(  504): Unable to read max frequency from online cpu.
05-04 09:33:45.775 E/ThermalEngine(  504): Failed to set desired CPU[2] frequency limit to 2457600
05-04 09:33:55.316 E/ThermalEngine(  504): Unable to read max frequency from online cpu.
05-04 09:33:55.316 E/ThermalEngine(  504): Failed to set desired CPU[3] frequency limit to 2457600
05-04 09:34:03.365 E/ThermalEngine(  504): Unable to read max frequency from online cpu.
05-04 09:34:03.365 E/ThermalEngine(  504): Failed to set desired CPU[3] frequency limit to 2457600
05-04 09:34:11.794 E/LocSvc_libulp( 2941): I/int ulp_msg_process_system_update(UlpSystemEvent): systemEvent:5 
05-04 09:34:11.794 E/LocSvc_libulp( 2941): I/int ulp_msg_process_start_req(), at ulp state = 1
05-04 09:34:11.794 E/LocSvc_api_v02( 2941): I/---> locClientSendReq line 2020 QMI_LOC_GET_BEST_AVAILABLE_POSITION_REQ_V02
