05-04 10:03:16.910 E/QueryController( 2403): Got null root node from accessibility - Retrying...
05-04 10:03:16.984 E/ThermalEngine(  504): Unable to read max frequency from online cpu.
05-04 10:03:16.984 E/ThermalEngine(  504): Failed to set desired CPU[2] frequency limit to 1728000
05-04 10:03:16.988 E/ThermalEngine(  504): Unable to read max frequency from online cpu.
05-04 10:03:16.992 E/ThermalEngine(  504): Failed to set desired CPU[1] frequency limit to 1728000
05-04 10:03:17.214 E/QueryController( 2403): Got null root node from accessibility - Retrying...
05-04 10:03:21.579 E/ThermalEngine(  504): Unable to read max frequency from online cpu.
05-04 10:03:21.579 E/ThermalEngine(  504): Failed to set desired CPU[2] frequency limit to 1728000
05-04 10:03:25.557 E/ThermalEngine(  504): Unable to read max frequency from online cpu.
05-04 10:03:25.558 E/ThermalEngine(  504): Failed to set desired CPU[1] frequency limit to 1728000
05-04 10:03:26.595 E/ThermalEngine(  504): Unable to read max frequency from online cpu.
05-04 10:03:26.595 E/ThermalEngine(  504): Failed to set desired CPU[2] frequency limit to 1728000
05-04 10:03:26.598 E/ThermalEngine(  504): Unable to read max frequency from online cpu.
05-04 10:03:26.598 E/ThermalEngine(  504): Failed to set desired CPU[1] frequency limit to 1728000
05-04 10:03:27.619 E/ThermalEngine(  504): Unable to read max frequency from online cpu.
05-04 10:03:27.619 E/ThermalEngine(  504): Failed to set desired CPU[2] frequency limit to 1728000
05-04 10:03:27.621 E/ThermalEngine(  504): Unable to read max frequency from online cpu.
05-04 10:03:27.621 E/ThermalEngine(  504): Failed to set desired CPU[1] frequency limit to 1728000
05-04 10:03:28.612 E/ThermalEngine(  504): Unable to read max frequency from online cpu.
05-04 10:03:28.612 E/ThermalEngine(  504): Failed to set desired CPU[2] frequency limit to 1728000
05-04 10:03:28.713 E/ThermalEngine(  504): Unable to read max frequency from online cpu.
05-04 10:03:28.713 E/ThermalEngine(  504): Failed to set desired CPU[1] frequency limit to 1728000
05-04 10:03:29.644 E/ThermalEngine(  504): Unable to read max frequency from online cpu.
05-04 10:03:29.644 E/ThermalEngine(  504): Failed to set desired CPU[2] frequency limit to 1728000
05-04 10:03:29.652 E/ThermalEngine(  504): Unable to read max frequency from online cpu.
05-04 10:03:29.652 E/ThermalEngine(  504): Failed to set desired CPU[1] frequency limit to 1728000
05-04 10:03:30.372 E/ThermalEngine(  504): Unable to read max frequency from online cpu.
05-04 10:03:30.372 E/ThermalEngine(  504): Failed to set desired CPU[2] frequency limit to 1728000
05-04 10:03:30.574 E/ThermalEngine(  504): Unable to read max frequency from online cpu.
05-04 10:03:30.575 E/ThermalEngine(  504): Failed to set desired CPU[1] frequency limit to 1728000
05-04 10:03:31.289 E/QueryController( 2403): Got null root node from accessibility - Retrying...
05-04 10:03:31.340 E/ThermalEngine(  504): Unable to read max frequency from online cpu.
05-04 10:03:31.341 E/ThermalEngine(  504): Failed to set desired CPU[2] frequency limit to 1728000
05-04 10:03:32.111 E/ThermalEngine(  504): Unable to read max frequency from online cpu.
05-04 10:03:32.112 E/ThermalEngine(  504): Failed to set desired CPU[2] frequency limit to 1728000
05-04 10:03:32.365 E/ThermalEngine(  504): Unable to read max frequency from online cpu.
05-04 10:03:32.365 E/ThermalEngine(  504): Failed to set desired CPU[1] frequency limit to 1728000
05-04 10:03:36.217 E/ThermalEngine(  504): Unable to read max frequency from online cpu.
05-04 10:03:36.217 E/ThermalEngine(  504): Failed to set desired CPU[2] frequency limit to 1728000
05-04 10:03:36.219 E/ThermalEngine(  504): Unable to read max frequency from online cpu.
05-04 10:03:36.219 E/ThermalEngine(  504): Failed to set desired CPU[1] frequency limit to 1728000
05-04 10:03:38.037 E/QueryController( 2403): Got null root node from accessibility - Retrying...
05-04 10:03:39.011 E/ThermalEngine(  504): Failed to set desired CPU[1] frequency limit to 1497600
05-04 10:03:39.011 E/ThermalEngine(  504): Failed to set desired CPU[2] frequency limit to 1497600
05-04 10:03:39.011 E/ThermalEngine(  504): Failed to set desired CPU[3] frequency limit to 1497600
05-04 10:03:39.191 E/DatabaseUtils( 2941): Writing exception to parcel
05-04 10:03:39.191 E/DatabaseUtils( 2941): java.lang.SecurityException: com.sogou.activity.src was not granted  this permission: android.permission.WRITE_SETTINGS.
05-04 10:03:39.191 E/DatabaseUtils( 2941): 	at android.provider.Settings.isCallingPackageAllowedToPerformAppOpsProtectedOperation(Settings.java:8507)
05-04 10:03:39.191 E/DatabaseUtils( 2941): 	at android.provider.Settings.checkAndNoteWriteSettingsOperation(Settings.java:8389)
05-04 10:03:39.191 E/DatabaseUtils( 2941): 	at com.android.providers.settings.SettingsProvider.mutateSystemSetting(SettingsProvider.java:915)
05-04 10:03:39.191 E/DatabaseUtils( 2941): 	at com.android.providers.settings.SettingsProvider.insertSystemSetting(SettingsProvider.java:890)
05-04 10:03:39.191 E/DatabaseUtils( 2941): 	at com.android.providers.settings.SettingsProvider.call(SettingsProvider.java:263)
05-04 10:03:39.191 E/DatabaseUtils( 2941): 	at android.content.ContentProvider$Transport.call(ContentProvider.java:398)
05-04 10:03:39.191 E/DatabaseUtils( 2941): 	at android.content.ContentProviderNative.onTransact(ContentProviderNative.java:283)
05-04 10:03:39.191 E/DatabaseUtils( 2941): 	at android.os.Binder.execTransact(Binder.java:453)
05-04 10:03:39.195 E/DatabaseUtils( 2941): Writing exception to parcel
05-04 10:03:39.195 E/DatabaseUtils( 2941): java.lang.SecurityException: com.sogou.activity.src was not granted  this permission: android.permission.WRITE_SETTINGS.
05-04 10:03:39.195 E/DatabaseUtils( 2941): 	at android.provider.Settings.isCallingPackageAllowedToPerformAppOpsProtectedOperation(Settings.java:8507)
05-04 10:03:39.195 E/DatabaseUtils( 2941): 	at android.provider.Settings.checkAndNoteWriteSettingsOperation(Settings.java:8389)
05-04 10:03:39.195 E/DatabaseUtils( 2941): 	at com.android.providers.settings.SettingsProvider.mutateSystemSetting(SettingsProvider.java:915)
05-04 10:03:39.195 E/DatabaseUtils( 2941): 	at com.android.providers.settings.SettingsProvider.insertSystemSetting(SettingsProvider.java:890)
05-04 10:03:39.195 E/DatabaseUtils( 2941): 	at com.android.providers.settings.SettingsProvider.call(SettingsProvider.java:263)
05-04 10:03:39.195 E/DatabaseUtils( 2941): 	at android.content.ContentProvider$Transport.call(ContentProvider.java:398)
05-04 10:03:39.195 E/DatabaseUtils( 2941): 	at android.content.ContentProviderNative.onTransact(ContentProviderNative.java:283)
05-04 10:03:39.195 E/DatabaseUtils( 2941): 	at android.os.Binder.execTransact(Binder.java:453)
05-04 10:03:39.783 E/Micloud (28071): MiCloudServerException
05-04 10:03:39.783 E/Micloud (28071): com.xiaomi.accountsdk.request.CipherException: fail to decrypt by aescoder
05-04 10:03:39.783 E/Micloud (28071): 	at com.xiaomi.accountsdk.utils.AESCoder.decrypt(AESCoder.java:58)
05-04 10:03:39.783 E/Micloud (28071): 	at com.xiaomi.micloudsdk.request.CloudRequestHelper.httpPostRequest(CloudRequestHelper.java:145)
05-04 10:03:39.783 E/Micloud (28071): 	at com.xiaomi.micloudsdk.request.CloudRequestHelper.httpPostRequestWithDecodeData(CloudRequestHelper.java:73)
05-04 10:03:39.783 E/Micloud (28071): 	at com.xiaomi.micloudsdk.request.Request.execute(Request.java:296)
05-04 10:03:39.783 E/Micloud (28071): 	at com.xiaomi.micloudsdk.request.Request.securePost(Request.java:189)
05-04 10:03:39.783 E/Micloud (28071): 	at com.xiaomi.micloudsdk.request.Request.securePost(Request.java:181)
05-04 10:03:39.783 E/Micloud (28071): 	at com.miui.gallery.util.deviceprovider.BigMiCloudProvider.securePost(BigMiCloudProvider.java:117)
05-04 10:03:39.783 E/Micloud (28071): 	at com.miui.gallery.net.GalleryNetwork.performRequest(GalleryNetwork.java:41)
05-04 10:03:39.783 E/Micloud (28071): 	at com.android.volley.NetworkDispatcher.run(NetworkDispatcher.java:110)
05-04 10:03:39.783 E/Micloud (28071): Caused by: java.lang.IllegalArgumentException: bad base-64
05-04 10:03:39.783 E/Micloud (28071): 	at android.util.Base64.decode(Base64.java:161)
05-04 10:03:39.783 E/Micloud (28071): 	at android.util.Base64.decode(Base64.java:136)
05-04 10:03:39.783 E/Micloud (28071): 	at android.util.Base64.decode(Base64.java:118)
05-04 10:03:39.783 E/Micloud (28071): 	at com.xiaomi.accountsdk.utils.AESCoder.decrypt(AESCoder.java:52)
05-04 10:03:39.783 E/Micloud (28071): 	... 8 more
05-04 10:03:39.786 E/Micloud (28071): CloudServer Exception: 
05-04 10:03:39.786 E/Micloud (28071): com.xiaomi.micloudsdk.exception.CloudServerException: status: 0
05-04 10:03:39.786 E/Micloud (28071): 	at com.xiaomi.micloudsdk.request.CloudRequestHelper.httpPostRequest(CloudRequestHelper.java:148)
05-04 10:03:39.786 E/Micloud (28071): 	at com.xiaomi.micloudsdk.request.CloudRequestHelper.httpPostRequestWithDecodeData(CloudRequestHelper.java:73)
05-04 10:03:39.786 E/Micloud (28071): 	at com.xiaomi.micloudsdk.request.Request.execute(Request.java:296)
05-04 10:03:39.786 E/Micloud (28071): 	at com.xiaomi.micloudsdk.request.Request.securePost(Request.java:189)
05-04 10:03:39.786 E/Micloud (28071): 	at com.xiaomi.micloudsdk.request.Request.securePost(Request.java:181)
05-04 10:03:39.786 E/Micloud (28071): 	at com.miui.gallery.util.deviceprovider.BigMiCloudProvider.securePost(BigMiCloudProvider.java:117)
05-04 10:03:39.786 E/Micloud (28071): 	at com.miui.gallery.net.GalleryNetwork.performRequest(GalleryNetwork.java:41)
05-04 10:03:39.786 E/Micloud (28071): 	at com.android.volley.NetworkDispatcher.run(NetworkDispatcher.java:110)
05-04 10:03:39.790 E/MiuiGallery2_CloudControlRequestHelper(28071): Request failed, errorCode: NET_ERROR, errorMessage: null, responseData: com.miui.gallery.cloud.GalleryMiCloudServerException.
05-04 10:03:42.578 E/ThermalEngine(  504): Unable to read max frequency from online cpu.
05-04 10:03:42.578 E/ThermalEngine(  504): Failed to set desired CPU[2] frequency limit to 1497600
05-04 10:03:42.630 E/ThermalEngine(  504): Unable to read max frequency from online cpu.
05-04 10:03:42.630 E/ThermalEngine(  504): Failed to set desired CPU[1] frequency limit to 1497600
05-04 10:03:43.231 E/ThermalEngine(  504): Unable to read max frequency from online cpu.
05-04 10:03:43.231 E/ThermalEngine(  504): Failed to set desired CPU[1] frequency limit to 1497600
05-04 10:03:46.881 E/ThermalEngine(  504): Unable to read max frequency from online cpu.
05-04 10:03:46.881 E/ThermalEngine(  504): Failed to set desired CPU[1] frequency limit to 1497600
05-04 10:03:46.894 E/NotificationHelper( 5042): org.json.JSONException: Value <!DOCTYPE of type java.lang.String cannot be converted to JSONObject
05-04 10:03:46.947 E/NotificationHelper( 5042): org.json.JSONException: Value <!DOCTYPE of type java.lang.String cannot be converted to JSONObject
05-04 10:03:49.101 E/ThermalEngine(  504): Unable to read max frequency from online cpu.
05-04 10:03:49.101 E/ThermalEngine(  504): Failed to set desired CPU[1] frequency limit to 1497600
05-04 10:03:53.585 E/ThermalEngine(  504): Unable to read max frequency from online cpu.
05-04 10:03:53.585 E/ThermalEngine(  504): Failed to set desired CPU[1] frequency limit to 1497600
05-04 10:03:57.621 E/ThermalEngine(  504): Failed to set desired CPU[2] frequency limit to 1728000
05-04 10:03:57.621 E/ThermalEngine(  504): Failed to set desired CPU[3] frequency limit to 1728000
05-04 10:04:00.074 E/ThermalEngine(  504): Unable to read max frequency from online cpu.
05-04 10:04:00.074 E/ThermalEngine(  504): Failed to set desired CPU[1] frequency limit to 1728000
05-04 10:04:00.641 E/ThermalEngine(  504): Unable to read max frequency from online cpu.
05-04 10:04:00.641 E/ThermalEngine(  504): Failed to set desired CPU[2] frequency limit to 1728000
05-04 10:04:03.608 E/ThermalEngine(  504): Unable to read max frequency from online cpu.
05-04 10:04:03.608 E/ThermalEngine(  504): Failed to set desired CPU[1] frequency limit to 1728000
05-04 10:04:04.583 E/ThermalEngine(  504): Unable to read max frequency from online cpu.
05-04 10:04:04.583 E/ThermalEngine(  504): Failed to set desired CPU[2] frequency limit to 1728000
05-04 10:04:05.107 E/ThermalEngine(  504): Unable to read max frequency from online cpu.
05-04 10:04:05.107 E/ThermalEngine(  504): Failed to set desired CPU[2] frequency limit to 1728000
05-04 10:04:05.117 E/ThermalEngine(  504): Unable to read max frequency from online cpu.
05-04 10:04:05.118 E/ThermalEngine(  504): Failed to set desired CPU[1] frequency limit to 1728000
05-04 10:04:05.253 E/Icon    ( 4428): Unable to load resource 0xffffffff from pkg=com.xiaomi.xmsf
05-04 10:04:05.253 E/Icon    ( 4428): android.content.res.Resources$NotFoundException: Resource ID #0xffffffff
05-04 10:04:05.253 E/Icon    ( 4428): 	at android.content.res.Resources.getValue(Resources.java:1369)
05-04 10:04:05.253 E/Icon    ( 4428): 	at android.content.res.MiuiResources.getValue(MiuiResources.java:145)
05-04 10:04:05.253 E/Icon    ( 4428): 	at android.content.res.Resources.getDrawable(Resources.java:822)
05-04 10:04:05.253 E/Icon    ( 4428): 	at android.graphics.drawable.Icon.loadDrawableInner(Icon.java:313)
05-04 10:04:05.253 E/Icon    ( 4428): 	at android.graphics.drawable.Icon.loadDrawable(Icon.java:269)
05-04 10:04:05.253 E/Icon    ( 4428): 	at android.widget.ImageView.setImageIcon(ImageView.java:498)
05-04 10:04:05.253 E/Icon    ( 4428): 	at java.lang.reflect.Method.invoke(Native Method)
05-04 10:04:05.253 E/Icon    ( 4428): 	at android.widget.RemoteViews$ReflectionAction.apply(RemoteViews.java:1296)
05-04 10:04:05.253 E/Icon    ( 4428): 	at android.widget.RemoteViews.performApply(RemoteViews.java:2804)
05-04 10:04:05.253 E/Icon    ( 4428): 	at android.widget.RemoteViews.apply(RemoteViews.java:2764)
05-04 10:04:05.253 E/Icon    ( 4428): 	at com.android.systemui.statusbar.BaseStatusBar.inflateViews(BaseStatusBar.java:635)
05-04 10:04:05.253 E/Icon    ( 4428): 	at com.android.systemui.statusbar.BaseStatusBar.addNotificationViews(BaseStatusBar.java:1012)
05-04 10:04:05.253 E/Icon    ( 4428): 	at com.android.systemui.statusbar.phone.PhoneStatusBar.addNotification(PhoneStatusBar.java:1825)
05-04 10:04:05.253 E/Icon    ( 4428): 	at com.android.systemui.statusbar.CommandQueue$H.handleMessage(CommandQueue.java:442)
05-04 10:04:05.253 E/Icon    ( 4428): 	at android.os.Handler.dispatchMessage(Handler.java:102)
05-04 10:04:05.253 E/Icon    ( 4428): 	at android.os.Looper.loop(Looper.java:154)
05-04 10:04:05.253 E/Icon    ( 4428): 	at android.app.ActivityThread.main(ActivityThread.java:5462)
05-04 10:04:05.253 E/Icon    ( 4428): 	at java.lang.reflect.Method.invoke(Native Method)
05-04 10:04:05.253 E/Icon    ( 4428): 	at com.android.internal.os.ZygoteInit$MethodAndArgsCaller.run(ZygoteInit.java:739)
05-04 10:04:05.253 E/Icon    ( 4428): 	at com.android.internal.os.ZygoteInit.main(ZygoteInit.java:629)
05-04 10:04:05.364 E/Icon    ( 4428): Unable to load resource 0xffffffff from pkg=com.xiaomi.xmsf
05-04 10:04:05.364 E/Icon    ( 4428): android.content.res.Resources$NotFoundException: Resource ID #0xffffffff
05-04 10:04:05.364 E/Icon    ( 4428): 	at android.content.res.Resources.getValue(Resources.java:1369)
05-04 10:04:05.364 E/Icon    ( 4428): 	at android.content.res.MiuiResources.getValue(MiuiResources.java:145)
05-04 10:04:05.364 E/Icon    ( 4428): 	at android.content.res.Resources.getDrawable(Resources.java:822)
05-04 10:04:05.364 E/Icon    ( 4428): 	at android.graphics.drawable.Icon.loadDrawableInner(Icon.java:313)
05-04 10:04:05.364 E/Icon    ( 4428): 	at android.graphics.drawable.Icon.loadDrawable(Icon.java:269)
05-04 10:04:05.364 E/Icon    ( 4428): 	at android.widget.ImageView.setImageIcon(ImageView.java:498)
05-04 10:04:05.364 E/Icon    ( 4428): 	at java.lang.reflect.Method.invoke(Native Method)
05-04 10:04:05.364 E/Icon    ( 4428): 	at android.widget.RemoteViews$ReflectionAction.apply(RemoteViews.java:1296)
05-04 10:04:05.364 E/Icon    ( 4428): 	at android.widget.RemoteViews.performApply(RemoteViews.java:2804)
05-04 10:04:05.364 E/Icon    ( 4428): 	at android.widget.RemoteViews.reapply(RemoteViews.java:2795)
05-04 10:04:05.364 E/Icon    ( 4428): 	at com.android.systemui.statusbar.BaseStatusBar.updateNotification(BaseStatusBar.java:1115)
05-04 10:04:05.364 E/Icon    ( 4428): 	at com.android.systemui.statusbar.phone.PhoneStatusBar.updateNotification(PhoneStatusBar.java:2428)
05-04 10:04:05.364 E/Icon    ( 4428): 	at com.android.systemui.statusbar.CommandQueue$H.handleMessage(CommandQueue.java:447)
05-04 10:04:05.364 E/Icon    ( 4428): 	at android.os.Handler.dispatchMessage(Handler.java:102)
05-04 10:04:05.364 E/Icon    ( 4428): 	at android.os.Looper.loop(Looper.java:154)
05-04 10:04:05.364 E/Icon    ( 4428): 	at android.app.ActivityThread.main(ActivityThread.java:5462)
05-04 10:04:05.364 E/Icon    ( 4428): 	at java.lang.reflect.Method.invoke(Native Method)
05-04 10:04:05.364 E/Icon    ( 4428): 	at com.android.internal.os.ZygoteInit$MethodAndArgsCaller.run(ZygoteInit.java:739)
05-04 10:04:05.364 E/Icon    ( 4428): 	at com.android.internal.os.ZygoteInit.main(ZygoteInit.java:629)
05-04 10:04:07.794 E/ThermalEngine(  504): Unable to read max frequency from online cpu.
05-04 10:04:07.794 E/ThermalEngine(  504): Failed to set desired CPU[2] frequency limit to 1728000
05-04 10:04:07.799 E/ThermalEngine(  504): Unable to read max frequency from online cpu.
05-04 10:04:07.799 E/ThermalEngine(  504): Failed to set desired CPU[1] frequency limit to 1728000
05-04 10:04:08.625 E/ThermalEngine(  504): Unable to read max frequency from online cpu.
05-04 10:04:08.625 E/ThermalEngine(  504): Failed to set desired CPU[2] frequency limit to 1728000
05-04 10:04:09.583 E/ThermalEngine(  504): Unable to read max frequency from online cpu.
05-04 10:04:09.583 E/ThermalEngine(  504): Failed to set desired CPU[1] frequency limit to 1728000
05-04 10:04:11.608 E/ThermalEngine(  504): Unable to read max frequency from online cpu.
05-04 10:04:11.608 E/ThermalEngine(  504): Failed to set desired CPU[2] frequency limit to 1728000
05-04 10:04:11.807 E/LocSvc_libulp( 2941): I/int ulp_msg_process_system_update(UlpSystemEvent): systemEvent:5 
05-04 10:04:11.807 E/LocSvc_libulp( 2941): I/int ulp_msg_process_start_req(), at ulp state = 1
05-04 10:04:11.808 E/LocSvc_api_v02( 2941): I/---> locClientSendReq line 2020 QMI_LOC_GET_BEST_AVAILABLE_POSITION_REQ_V02
05-04 10:04:11.814 E/LocSvc_ApiV02( 2941): I/<--- void globalRespCb(locClientHandleType, uint32_t, locClientRespIndUnionType, void*) line 115 QMI_LOC_GET_BEST_AVAILABLE_POSITION_REQ_V02
05-04 10:04:11.814 E/LocSvc_libulp( 2941): I/int ulp_brain_process_zpp_position_report(loc_sess_status, LocPosTechMask, UlpLocation*), report ZPP position to providers,report_position = 1
05-04 10:04:11.814 E/IzatSvc_PassiveLocListener( 2941): E/Exiting with error virtual void izat_manager::IzatPassiveLocationListener::onLocationChanged(const izat_manager::IzatLocation*, izat_manager::IzatLocationStatus) line 113 "1"
05-04 10:04:18.086 E/ThermalEngine(  504): Unable to read max frequency from online cpu.
05-04 10:04:18.086 E/ThermalEngine(  504): Failed to set desired CPU[1] frequency limit to 1728000
05-04 10:04:22.226 E/ThermalEngine(  504): Unable to read max frequency from online cpu.
05-04 10:04:22.226 E/ThermalEngine(  504): Failed to set desired CPU[2] frequency limit to 1728000
05-04 10:04:24.357 E/JavaBinder(11049): !!! FAILED BINDER TRANSACTION !!!  (parcel size = 16244)
05-04 10:04:24.443 E/ThermalEngine(  504): Unable to read max frequency from online cpu.
05-04 10:04:24.443 E/ThermalEngine(  504): Failed to set desired CPU[1] frequency limit to 1728000
05-04 10:04:24.487 E/IzatSvc_OSObserver( 2941): I/LocTech-Label :: OSOBSERVER :: Data Items In
05-04 10:04:24.493 E/IzatSvc_OSObserver( 2941): I/LocTech-Value :: Data Item Value: IS_POWER_CONNECTED: false
05-04 10:04:24.497 E/LocSvc_libulp( 2941): I/int ulp_msg_process_system_update(UlpSystemEvent): systemEvent:3 
05-04 10:04:24.499 E/LocSvc_libulp( 2941): I/int ulp_msg_process_start_req(), at ulp state = 1
05-04 10:04:24.501 E/LocSvc_api_v02( 2941): I/---> locClientSendReq line 2020 QMI_LOC_SET_EXTERNAL_POWER_CONFIG_REQ_V02
05-04 10:04:24.505 E/LocSvc_ApiV02( 2941): I/<--- void globalRespCb(locClientHandleType, uint32_t, locClientRespIndUnionType, void*) line 115 QMI_LOC_SET_EXTERNAL_POWER_CONFIG_REQ_V02
05-04 10:04:24.563 E/ExtMediaPlayer-JNI( 4428): env->IsInstanceOf fails
05-04 10:04:24.563 E/MediaPlayer-JNI( 4428): JNIMediaPlayerFactory: bIsQCMediaPlayerPresent 0
05-04 10:04:24.563 E/ExtMediaPlayer-JNI( 4428): env->IsInstanceOf fails
05-04 10:04:24.563 E/MediaPlayer-JNI( 4428): JNIMediaPlayerFactory: bIsQCMediaPlayerPresent 0
05-04 10:04:24.650 E/ExtMediaPlayer-JNI( 4428): env->IsInstanceOf fails
05-04 10:04:24.650 E/MediaPlayer-JNI( 4428): JNIMediaPlayerFactory: bIsQCMediaPlayerPresent 0
05-04 10:04:24.650 E/ExtMediaPlayer-JNI( 4428): env->IsInstanceOf fails
05-04 10:04:24.650 E/MediaPlayer-JNI( 4428): JNIMediaPlayerFactory: bIsQCMediaPlayerPresent 0
05-04 10:04:24.698 E/ThermalEngine(  504): Failed to set desired CPU[1] frequency limit to 1497600
05-04 10:04:24.698 E/ThermalEngine(  504): Failed to set desired CPU[2] frequency limit to 1497600
05-04 10:04:24.698 E/ThermalEngine(  504): Failed to set desired CPU[3] frequency limit to 1497600
05-04 10:04:25.213 E/ThermalEngine(  504): Failed to set desired CPU[2] frequency limit to 1728000
05-04 10:04:25.213 E/ThermalEngine(  504): Failed to set desired CPU[3] frequency limit to 1728000
05-04 10:04:25.463 E/ThermalEngine(  504): Unable to read max frequency from online cpu.
05-04 10:04:25.463 E/ThermalEngine(  504): Failed to set desired CPU[1] frequency limit to 1728000
05-04 10:04:29.663 E/ThermalEngine(  504): Unable to read max frequency from online cpu.
05-04 10:04:29.664 E/ThermalEngine(  504): Failed to set desired CPU[3] frequency limit to 1728000
05-04 10:04:29.762 E/ThermalEngine(  504): Unable to read max frequency from online cpu.
05-04 10:04:29.762 E/ThermalEngine(  504): Failed to set desired CPU[2] frequency limit to 1728000
05-04 10:04:30.587 E/ThermalEngine(  504): Unable to read max frequency from online cpu.
05-04 10:04:30.587 E/ThermalEngine(  504): Failed to set desired CPU[2] frequency limit to 1728000
05-04 10:04:35.065 E/ThermalEngine(  504): Unable to read max frequency from online cpu.
05-04 10:04:35.065 E/ThermalEngine(  504): Failed to set desired CPU[3] frequency limit to 2457600
05-04 10:04:35.114 E/ThermalEngine(  504): Unable to read max frequency from online cpu.
05-04 10:04:35.114 E/ThermalEngine(  504): Failed to set desired CPU[2] frequency limit to 2457600
05-04 10:04:35.118 E/ThermalEngine(  504): Unable to read max frequency from online cpu.
05-04 10:04:35.118 E/ThermalEngine(  504): Failed to set desired CPU[1] frequency limit to 2457600
05-04 10:04:36.451 E/ThermalEngine(  504): Unable to read max frequency from online cpu.
05-04 10:04:36.451 E/ThermalEngine(  504): Failed to set desired CPU[2] frequency limit to 2457600
05-04 10:04:36.556 E/ThermalEngine(  504): Unable to read max frequency from online cpu.
05-04 10:04:36.556 E/ThermalEngine(  504): Failed to set desired CPU[1] frequency limit to 2457600
05-04 10:04:37.641 E/ThermalEngine(  504): Unable to read max frequency from online cpu.
05-04 10:04:37.641 E/ThermalEngine(  504): Failed to set desired CPU[2] frequency limit to 2457600
05-04 10:04:41.114 E/ThermalEngine(  504): Unable to read max frequency from online cpu.
05-04 10:04:41.114 E/ThermalEngine(  504): Failed to set desired CPU[3] frequency limit to 2457600
05-04 10:04:41.122 E/ThermalEngine(  504): Unable to read max frequency from online cpu.
05-04 10:04:41.123 E/ThermalEngine(  504): Failed to set desired CPU[2] frequency limit to 2457600
05-04 10:04:42.716 E/ThermalEngine(  504): Unable to read max frequency from online cpu.
05-04 10:04:42.716 E/ThermalEngine(  504): Failed to set desired CPU[3] frequency limit to 2457600
05-04 10:04:47.615 E/ThermalEngine(  504): Unable to read max frequency from online cpu.
05-04 10:04:47.615 E/ThermalEngine(  504): Failed to set desired CPU[3] frequency limit to 2457600
05-04 10:04:48.117 E/ThermalEngine(  504): Unable to read max frequency from online cpu.
05-04 10:04:48.117 E/ThermalEngine(  504): Failed to set desired CPU[2] frequency limit to 2457600
05-04 10:04:51.810 E/ThermalEngine(  504): Unable to read max frequency from online cpu.
05-04 10:04:51.810 E/ThermalEngine(  504): Failed to set desired CPU[2] frequency limit to 2457600
05-04 10:04:56.665 E/ThermalEngine(  504): Unable to read max frequency from online cpu.
05-04 10:04:56.665 E/ThermalEngine(  504): Failed to set desired CPU[3] frequency limit to 2457600
05-04 10:05:01.417 E/ThermalEngine(  504): Unable to read max frequency from online cpu.
05-04 10:05:01.417 E/ThermalEngine(  504): Failed to set desired CPU[3] frequency limit to 2457600
05-04 10:05:05.089 E/ThermalEngine(  504): Unable to read max frequency from online cpu.
05-04 10:05:05.089 E/ThermalEngine(  504): Failed to set desired CPU[2] frequency limit to 2457600
05-04 10:05:06.614 E/ThermalEngine(  504): Unable to read max frequency from online cpu.
05-04 10:05:06.614 E/ThermalEngine(  504): Failed to set desired CPU[2] frequency limit to 2457600
05-04 10:05:06.617 E/ThermalEngine(  504): Unable to read max frequency from online cpu.
05-04 10:05:06.617 E/ThermalEngine(  504): Failed to set desired CPU[1] frequency limit to 2457600
05-04 10:05:11.567 E/ThermalEngine(  504): Unable to read max frequency from online cpu.
05-04 10:05:11.567 E/ThermalEngine(  504): Failed to set desired CPU[3] frequency limit to 2457600
05-04 10:05:11.913 E/ThermalEngine(  504): Unable to read max frequency from online cpu.
05-04 10:05:11.913 E/ThermalEngine(  504): Failed to set desired CPU[2] frequency limit to 2457600
05-04 10:05:20.865 E/ThermalEngine(  504): Unable to read max frequency from online cpu.
05-04 10:05:20.865 E/ThermalEngine(  504): Failed to set desired CPU[3] frequency limit to 2457600
05-04 10:05:24.497 E/ActivityManager( 2941): Invalid thumbnail dimensions: 0x0
05-04 10:05:24.564 E/ThermalEngine(  504): Unable to read max frequency from online cpu.
05-04 10:05:24.564 E/ThermalEngine(  504): Failed to set desired CPU[3] frequency limit to 2457600
05-04 10:05:24.572 E/ThermalEngine(  504): Unable to read max frequency from online cpu.
05-04 10:05:24.572 E/ThermalEngine(  504): Failed to set desired CPU[2] frequency limit to 2457600
05-04 10:05:24.612 E/ThermalEngine(  504): Unable to read max frequency from online cpu.
05-04 10:05:24.612 E/ThermalEngine(  504): Failed to set desired CPU[1] frequency limit to 2457600
05-04 10:05:24.970 E/ActivityThread( 4428): Failed to find provider info for com.xiaomi.tv.gallerylockscreen.lockscreen_magazine_provider
05-04 10:05:24.971 E/MiuiKeyguardUpdateMonitor( 4428): call error  uri =com.xiaomi.tv.gallerylockscreen.lockscreen_magazine_provider
05-04 10:05:24.971 E/MiuiKeyguardUpdateMonitor( 4428): java.lang.IllegalArgumentException: Unknown URI content://0@com.xiaomi.tv.gallerylockscreen.lockscreen_magazine_provider
05-04 10:05:24.971 E/MiuiKeyguardUpdateMonitor( 4428): 	at android.content.ContentResolver.call(ContentResolver.java:1424)
05-04 10:05:24.971 E/MiuiKeyguardUpdateMonitor( 4428): 	at com.android.keyguard.MiuiKeyguardUpdateMonitor.queryWallPaperCustomInfo(MiuiKeyguardUpdateMonitor.java:558)
05-04 10:05:24.971 E/MiuiKeyguardUpdateMonitor( 4428): 	at com.android.keyguard.MiuiKeyguardUpdateMonitor.refreshWallpaperCustomInfo(MiuiKeyguardUpdateMonitor.java:583)
05-04 10:05:24.971 E/MiuiKeyguardUpdateMonitor( 4428): 	at com.android.keyguard.MiuiDefaultLockScreen.<init>(MiuiDefaultLockScreen.java:249)
05-04 10:05:24.971 E/MiuiKeyguardUpdateMonitor( 4428): 	at com.android.keyguard.MiuiLockPatternKeyguardView.createLockScreen(MiuiLockPatternKeyguardView.java:1311)
05-04 10:05:24.971 E/MiuiKeyguardUpdateMonitor( 4428): 	at com.android.keyguard.MiuiLockPatternKeyguardView.recreateLockScreen(MiuiLockPatternKeyguardView.java:912)
05-04 10:05:24.971 E/MiuiKeyguardUpdateMonitor( 4428): 	at com.android.keyguard.MiuiLockPatternKeyguardView.updateScreen(MiuiLockPatternKeyguardView.java:1215)
05-04 10:05:24.971 E/MiuiKeyguardUpdateMonitor( 4428): 	at com.android.keyguard.MiuiLockPatternKeyguardView.keyguardScreenCallback(MiuiLockPatternKeyguardView.java:272)
05-04 10:05:24.971 E/MiuiKeyguardUpdateMonitor( 4428): 	at com.android.keyguard.MiuiLockPatternKeyguardView.<init>(MiuiLockPatternKeyguardView.java:589)
05-04 10:05:24.971 E/MiuiKeyguardUpdateMonitor( 4428): 	at com.android.keyguard.MiuiLockPatternKeyguardViewProperties.createKeyguardView(MiuiLockPatternKeyguardViewProperties.java:27)
05-04 10:05:24.971 E/MiuiKeyguardUpdateMonitor( 4428): 	at com.android.keyguard.AbstractKeyguardViewManager.show(AbstractKeyguardViewManager.java:117)
05-04 10:05:24.971 E/MiuiKeyguardUpdateMonitor( 4428): 	at com.android.keyguard.MiuiKeyguardViewMediator.handleShow(MiuiKeyguardViewMediator.java:1804)
05-04 10:05:24.971 E/MiuiKeyguardUpdateMonitor( 4428): 	at com.android.keyguard.MiuiKeyguardViewMediator.access$3700(MiuiKeyguardViewMediator.java:136)
05-04 10:05:24.971 E/MiuiKeyguardUpdateMonitor( 4428): 	at com.android.keyguard.MiuiKeyguardViewMediator$16.handleMessage(MiuiKeyguardViewMediator.java:1598)
05-04 10:05:24.971 E/MiuiKeyguardUpdateMonitor( 4428): 	at android.os.Handler.dispatchMessage(Handler.java:102)
05-04 10:05:24.971 E/MiuiKeyguardUpdateMonitor( 4428): 	at android.os.Looper.loop(Looper.java:154)
05-04 10:05:24.971 E/MiuiKeyguardUpdateMonitor( 4428): 	at android.app.ActivityThread.main(ActivityThread.java:5462)
05-04 10:05:24.971 E/MiuiKeyguardUpdateMonitor( 4428): 	at java.lang.reflect.Method.invoke(Native Method)
05-04 10:05:24.971 E/MiuiKeyguardUpdateMonitor( 4428): 	at com.android.internal.os.ZygoteInit$MethodAndArgsCaller.run(ZygoteInit.java:739)
05-04 10:05:24.971 E/MiuiKeyguardUpdateMonitor( 4428): 	at com.android.internal.os.ZygoteInit.main(ZygoteInit.java:629)
05-04 10:05:24.978 E/ActivityThread( 4428): Failed to find provider info for com.xiaomi.tv.gallerylockscreen.lockscreen_magazine_provider
05-04 10:05:24.979 E/ActivityThread( 4428): Failed to find provider info for com.xiaomi.tv.gallerylockscreen.lockscreen_magazine_provider
05-04 10:05:25.001 E/QCOM PowerHAL( 2941): Error opening /sys/devices/system/cpu/cpu1/cpufreq/sys_cap_freq: No such file or directory
05-04 10:05:25.001 E/QCOM PowerHAL( 2941): Error opening /sys/devices/system/cpu/cpu2/cpufreq/sys_cap_freq: No such file or directory
05-04 10:05:25.001 E/QCOM PowerHAL( 2941): Error opening /sys/devices/system/cpu/cpu3/cpufreq/sys_cap_freq: No such file or directory
05-04 10:05:25.031 E/native  ( 2941): do suspend true
05-04 10:05:25.038 E/bt_a2dp_hw(  457): adev_set_parameters: ERROR: set param called even when stream out is null
05-04 10:05:25.251 E/AudioService( 2941): No RCC entry present to update
05-04 10:05:25.251 E/RemoteController( 4428): Cannot set synchronization mode on an unregistered RemoteController
05-04 10:05:25.305 E/ThermalEngine(  504): Failed to set desired CPU[1] frequency limit to 1728000
05-04 10:05:25.305 E/ThermalEngine(  504): Failed to set desired CPU[2] frequency limit to 1728000
05-04 10:05:25.305 E/ThermalEngine(  504): Failed to set desired CPU[3] frequency limit to 1728000
05-04 10:05:25.568 E/Icon    ( 4428): Unable to load resource 0x00000000 from pkg=com.android.systemui
05-04 10:05:25.568 E/Icon    ( 4428): android.content.res.Resources$NotFoundException: Resource ID #0x0
05-04 10:05:25.568 E/Icon    ( 4428): 	at android.content.res.Resources.getValue(Resources.java:1369)
05-04 10:05:25.568 E/Icon    ( 4428): 	at android.content.res.MiuiResources.getValue(MiuiResources.java:145)
05-04 10:05:25.568 E/Icon    ( 4428): 	at android.content.res.Resources.getDrawable(Resources.java:822)
05-04 10:05:25.568 E/Icon    ( 4428): 	at android.graphics.drawable.Icon.loadDrawableInner(Icon.java:313)
05-04 10:05:25.568 E/Icon    ( 4428): 	at android.graphics.drawable.Icon.loadDrawable(Icon.java:269)
05-04 10:05:25.568 E/Icon    ( 4428): 	at android.graphics.drawable.Icon.loadDrawableAsUser(Icon.java:377)
05-04 10:05:25.568 E/Icon    ( 4428): 	at com.android.systemui.statusbar.ExpandedIcon.getDrawable(ExpandedIcon.java:59)
05-04 10:05:25.568 E/Icon    ( 4428): 	at com.android.systemui.statusbar.StatusBarIconView.getIcon(StatusBarIconView.java:174)
05-04 10:05:25.568 E/Icon    ( 4428): 	at com.android.systemui.statusbar.StatusBarIconView.setIcon(StatusBarIconView.java:131)
05-04 10:05:25.568 E/Icon    ( 4428): 	at com.android.systemui.statusbar.StatusBarIconView.updateDarkMode(StatusBarIconView.java:266)
05-04 10:05:25.568 E/Icon    ( 4428): 	at com.android.systemui.statusbar.phone.SimpleStatusBar.updateDarkMode(SimpleStatusBar.java:233)
05-04 10:05:25.568 E/Icon    ( 4428): 	at com.android.systemui.statusbar.phone.PhoneStatusBar$29.run(PhoneStatusBar.java:3339)
05-04 10:05:25.568 E/Icon    ( 4428): 	at android.os.Handler.handleCallback(Handler.java:742)
05-04 10:05:25.568 E/Icon    ( 4428): 	at android.os.Handler.dispatchMessage(Handler.java:95)
05-04 10:05:25.568 E/Icon    ( 4428): 	at android.os.Looper.loop(Looper.java:154)
05-04 10:05:25.568 E/Icon    ( 4428): 	at android.app.ActivityThread.main(ActivityThread.java:5462)
05-04 10:05:25.568 E/Icon    ( 4428): 	at java.lang.reflect.Method.invoke(Native Method)
05-04 10:05:25.568 E/Icon    ( 4428): 	at com.android.internal.os.ZygoteInit$MethodAndArgsCaller.run(ZygoteInit.java:739)
05-04 10:05:25.568 E/Icon    ( 4428): 	at com.android.internal.os.ZygoteInit.main(ZygoteInit.java:629)
05-04 10:05:26.012 E/art     ( 3941): No implementation found for java.lang.String com.tencent.feedback.eup.jni.NativeExceptionUpload.registNativeExceptionHandler2(java.lang.String, java.lang.String, int, int) (tried Java_com_tencent_feedback_eup_jni_NativeExceptionUpload_registNativeExceptionHandler2 and Java_com_tencent_feedback_eup_jni_NativeExceptionUpload_registNativeExceptionHandler2__Ljava_lang_String_2Ljava_lang_String_2II)
05-04 10:05:27.077 E/ThermalEngine(  504): Unable to read max frequency from online cpu.
05-04 10:05:27.077 E/ThermalEngine(  504): Failed to set desired CPU[1] frequency limit to 1728000
05-04 10:05:27.155 E/IzatSvc_OSObserver( 2941): I/LocTech-Label :: OSOBSERVER :: Data Items In
05-04 10:05:27.155 E/IzatSvc_OSObserver( 2941): I/LocTech-Value :: Data Item Value: IS_SCREEN_ON: false
05-04 10:05:27.299 E/PowerManagerService( 2941): Only X4,X3 support this feature for low power consumption!
05-04 10:05:27.804 E/ThermalEngine(  504): Failed to set desired CPU[1] frequency limit to 2457600
05-04 10:05:27.804 E/ThermalEngine(  504): Failed to set desired CPU[2] frequency limit to 2457600
05-04 10:05:27.804 E/ThermalEngine(  504): Failed to set desired CPU[3] frequency limit to 2457600
05-04 10:06:08.392 E/IzatSvc_OSObserver( 2941): I/LocTech-Label :: OSOBSERVER :: Data Items In
05-04 10:06:08.392 E/IzatSvc_OSObserver( 2941): I/LocTech-Value :: Data Item Value: IS_POWER_CONNECTED: true
05-04 10:06:08.392 E/LocSvc_api_v02( 2941): I/---> locClientSendReq line 2020 QMI_LOC_SET_EXTERNAL_POWER_CONFIG_REQ_V02
05-04 10:06:08.392 E/LocSvc_libulp( 2941): I/int ulp_msg_process_system_update(UlpSystemEvent): systemEvent:2 
05-04 10:06:08.392 E/LocSvc_libulp( 2941): I/int ulp_msg_process_start_req(), at ulp state = 1
05-04 10:06:08.394 E/LocSvc_ApiV02( 2941): I/<--- void globalRespCb(locClientHandleType, uint32_t, locClientRespIndUnionType, void*) line 115 QMI_LOC_SET_EXTERNAL_POWER_CONFIG_REQ_V02
05-04 10:06:08.395 E/LocSvc_api_v02( 2941): I/---> locClientSendReq line 2020 QMI_LOC_GET_BEST_AVAILABLE_POSITION_REQ_V02
05-04 10:06:08.399 E/LocSvc_ApiV02( 2941): I/<--- void globalRespCb(locClientHandleType, uint32_t, locClientRespIndUnionType, void*) line 115 QMI_LOC_GET_BEST_AVAILABLE_POSITION_REQ_V02
05-04 10:06:08.399 E/LocSvc_libulp( 2941): I/int ulp_brain_process_zpp_position_report(loc_sess_status, LocPosTechMask, UlpLocation*), report ZPP position to providers,report_position = 1
05-04 10:06:08.399 E/IzatSvc_PassiveLocListener( 2941): E/Exiting with error virtual void izat_manager::IzatPassiveLocationListener::onLocationChanged(const izat_manager::IzatLocation*, izat_manager::IzatLocationStatus) line 113 "1"
05-04 10:06:08.399 E/ExtMediaPlayer-JNI( 4428): env->IsInstanceOf fails
05-04 10:06:08.399 E/MediaPlayer-JNI( 4428): JNIMediaPlayerFactory: bIsQCMediaPlayerPresent 0
05-04 10:06:08.399 E/ExtMediaPlayer-JNI( 4428): env->IsInstanceOf fails
05-04 10:06:08.399 E/MediaPlayer-JNI( 4428): JNIMediaPlayerFactory: bIsQCMediaPlayerPresent 0
05-04 10:06:08.424 E/PowerManagerService( 2941): Only X4,X3 support this feature for low power consumption!
05-04 10:06:08.438 E/ExtMediaPlayer-JNI( 4428): env->IsInstanceOf fails
05-04 10:06:08.438 E/MediaPlayer-JNI( 4428): JNIMediaPlayerFactory: bIsQCMediaPlayerPresent 0
05-04 10:06:08.438 E/ExtMediaPlayer-JNI( 4428): env->IsInstanceOf fails
05-04 10:06:08.438 E/MediaPlayer-JNI( 4428): JNIMediaPlayerFactory: bIsQCMediaPlayerPresent 0
05-04 10:06:08.454 E/QCOM PowerHAL( 2941): Error opening /sys/devices/system/cpu/cpu1/cpufreq/sys_cap_freq: No such file or directory
05-04 10:06:08.454 E/QCOM PowerHAL( 2941): Error opening /sys/devices/system/cpu/cpu2/cpufreq/sys_cap_freq: No such file or directory
05-04 10:06:08.454 E/QCOM PowerHAL( 2941): Error opening /sys/devices/system/cpu/cpu3/cpufreq/sys_cap_freq: No such file or directory
05-04 10:06:08.477 E/native  ( 2941): do suspend false
05-04 10:06:08.504 E/bt_a2dp_hw(  457): adev_set_parameters: ERROR: set param called even when stream out is null
05-04 10:06:09.433 E/ThermalEngine(  504): Unable to read max frequency from online cpu.
05-04 10:06:09.433 E/ThermalEngine(  504): Failed to set desired CPU[1] frequency limit to 2457600
05-04 10:06:09.656 E/NetdConnector( 2941): NDC Command {853 firewall disable_chain standby} took too long (1100ms)
05-04 10:06:09.787 E/IzatSvc_OSObserver( 2941): I/LocTech-Label :: OSOBSERVER :: Data Items In
05-04 10:06:09.787 E/IzatSvc_OSObserver( 2941): I/LocTech-Value :: Data Item Value: IS_SCREEN_ON: true
05-04 10:06:09.787 E/LocSvc_libulp( 2941): I/int ulp_msg_process_system_update(UlpSystemEvent): systemEvent:0 
05-04 10:06:09.926 E/Metok_Tag( 6103): < LocationEngine > httpsPost Exception e:
05-04 10:06:09.926 E/Metok_Tag( 6103): javax.net.ssl.SSLHandshakeException: SSL handshake aborted: ssl=0xa0694400: I/O error during system call, Connection reset by peer
05-04 10:06:09.926 E/Metok_Tag( 6103): 	at com.android.org.conscrypt.NativeCrypto.SSL_do_handshake(Native Method)
05-04 10:06:09.926 E/Metok_Tag( 6103): 	at com.android.org.conscrypt.OpenSSLSocketImpl.startHandshake(OpenSSLSocketImpl.java:324)
05-04 10:06:09.926 E/Metok_Tag( 6103): 	at com.android.okhttp.internal.http.SocketConnector.connectTls(SocketConnector.java:103)
05-04 10:06:09.926 E/Metok_Tag( 6103): 	at com.android.okhttp.Connection.connect(Connection.java:143)
05-04 10:06:09.926 E/Metok_Tag( 6103): 	at com.android.okhttp.Connection.connectAndSetOwner(Connection.java:185)
05-04 10:06:09.926 E/Metok_Tag( 6103): 	at com.android.okhttp.OkHttpClient$1.connectAndSetOwner(OkHttpClient.java:128)
05-04 10:06:09.926 E/Metok_Tag( 6103): 	at com.android.okhttp.internal.http.HttpEngine.nextConnection(HttpEngine.java:342)
05-04 10:06:09.926 E/Metok_Tag( 6103): 	at com.android.okhttp.internal.http.HttpEngine.connect(HttpEngine.java:331)
05-04 10:06:09.926 E/Metok_Tag( 6103): 	at com.android.okhttp.internal.http.HttpEngine.sendRequest(HttpEngine.java:249)
05-04 10:06:09.926 E/Metok_Tag( 6103): 	at com.android.okhttp.internal.huc.HttpURLConnectionImpl.execute(HttpURLConnectionImpl.java:437)
05-04 10:06:09.926 E/Metok_Tag( 6103): 	at com.android.okhttp.internal.huc.HttpURLConnectionImpl.connect(HttpURLConnectionImpl.java:114)
05-04 10:06:09.926 E/Metok_Tag( 6103): 	at com.android.okhttp.internal.huc.DelegatingHttpsURLConnection.connect(DelegatingHttpsURLConnection.java:89)
05-04 10:06:09.926 E/Metok_Tag( 6103): 	at com.android.okhttp.internal.huc.HttpsURLConnectionImpl.connect(HttpsURLConnectionImpl.java:25)
05-04 10:06:09.926 E/Metok_Tag( 6103): 	at com.xiaomi.metoknlp.util.c.a(SourceFile:95)
05-04 10:06:09.926 E/Metok_Tag( 6103): 	at com.xiaomi.metoknlp.location.u.go(SourceFile:64)
05-04 10:06:09.926 E/Metok_Tag( 6103): 	at com.xiaomi.metoknlp.location.m.gg(SourceFile:307)
05-04 10:06:09.926 E/Metok_Tag( 6103): 	at com.xiaomi.metoknlp.location.m.gi(SourceFile:494)
05-04 10:06:09.926 E/Metok_Tag( 6103): 	at com.xiaomi.metoknlp.location.m.eS(SourceFile:153)
05-04 10:06:09.926 E/Metok_Tag( 6103): 	at com.xiaomi.metoknlp.location.m.a(SourceFile:37)
05-04 10:06:09.926 E/Metok_Tag( 6103): 	at com.xiaomi.metoknlp.location.n.handleMessage(SourceFile:83)
05-04 10:06:09.926 E/Metok_Tag( 6103): 	at android.os.Handler.dispatchMessage(Handler.java:98)
05-04 10:06:09.926 E/Metok_Tag( 6103): 	at android.os.Looper.loop(Looper.java:154)
05-04 10:06:09.926 E/Metok_Tag( 6103): 	at android.os.HandlerThread.run(HandlerThread.java:61)
05-04 10:06:09.926 E/Metok_Tag( 6103): 	Suppressed: javax.net.ssl.SSLHandshakeException: SSL handshake aborted: ssl=0xa0694400: I/O error during system call, Connection reset by peer
05-04 10:06:09.926 E/Metok_Tag( 6103): 		... 23 more
05-04 10:06:09.926 E/Metok_Tag( 6103): 		Suppressed: javax.net.ssl.SSLHandshakeException: SSL handshake aborted: ssl=0xa0694400: I/O error during system call, Connection reset by peer
05-04 10:06:09.926 E/Metok_Tag( 6103): 			... 23 more
05-04 10:06:09.927 E/LocationEngine( 6103): err: cannot connect to server
05-04 10:06:10.069 E/LocSvc_flp( 2941): I/===> int flp_inject_location(FlpLocation*) line 253 
05-04 10:06:10.069 E/        ( 2941): I/===> int FlpLocationClient::flp_inject_location(FlpExtLocation*) line 265 
05-04 10:06:10.070 E/LocSvc_eng( 2941): I/===> int loc_eng_inject_location(loc_eng_data_s_type&, double, double, float) line 2123 
05-04 10:06:10.071 E/LocSvc_api_v02( 2941): I/---> locClientSendReq line 2020 QMI_LOC_INJECT_POSITION_REQ_V02
05-04 10:06:10.071 E/LocSvc_libulp( 2941): I/int ulp_brain_process_gnp_position_report(UlpLocation*), first_fix_pending 1, request active = 0,gnss running 0, gnss state 0 quipc running 0 quipc state 0
05-04 10:06:10.071 E/LocSvc_libulp( 2941): I/int ulp_brain_process_gnp_position_report(UlpLocation*), report GNP position to hybrid fix requests = 0
05-04 10:06:10.071 E/LocSvc_libulp( 2941): I/int ulp_brain_transition_all_providers(), before transition, 
05-04 10:06:10.071 E/LocSvc_libulp( 2941):  GNSS provider state = 0,  GNSS selected to run = 0,  GNSS onoff_cnt = 5, GNSS high speed flag = 0 
05-04 10:06:10.071 E/LocSvc_libulp( 2941):  QUIPC provider state = 0, QUIPC selected to run = 0, QUIPC onoff_cnt = 5, 
05-04 10:06:10.071 E/LocSvc_libulp( 2941):  GNP provider state = 0,   GNP selected to run = 0,   GNP onoff_cnt = 1, 
05-04 10:06:10.071 E/LocSvc_libulp( 2941): E/int ulp_brain_transition_all_providers(), no QUIPC/GNSS transition logic run due to both engines are OFF 
05-04 10:06:10.071 E/LocSvc_libulp( 2941): I/int ulp_brain_transition_all_providers(), after transition, 
05-04 10:06:10.071 E/LocSvc_libulp( 2941):  GNSS provider state = 0,  GNSS selected to run = 0,  GNSS onoff_cnt = 5, GNSS high speed flag = 0 
05-04 10:06:10.071 E/LocSvc_libulp( 2941):  QUIPC provider state = 0, QUIPC selected to run = 0, QUIPC onoff_cnt = 5, 
05-04 10:06:10.071 E/LocSvc_libulp( 2941):  GNP provider state = 0,   GNP selected to run = 0,   GNP onoff_cnt = 1 
05-04 10:06:10.074 E/LocSvc_ApiV02( 2941): I/<--- void globalRespCb(locClientHandleType, uint32_t, locClientRespIndUnionType, void*) line 115 QMI_LOC_INJECT_POSITION_REQ_V02
05-04 10:06:10.168 E/MiuiWeather(26690): connetct to null failed
05-04 10:06:10.168 E/MiuiWeather(26690): javax.net.ssl.SSLHandshakeException: SSL handshake aborted: ssl=0xaebee180: I/O error during system call, Connection reset by peer
05-04 10:06:10.168 E/MiuiWeather(26690): 	at com.android.org.conscrypt.NativeCrypto.SSL_do_handshake(Native Method)
05-04 10:06:10.168 E/MiuiWeather(26690): 	at com.android.org.conscrypt.OpenSSLSocketImpl.startHandshake(OpenSSLSocketImpl.java:324)
05-04 10:06:10.168 E/MiuiWeather(26690): 	at com.android.okhttp.internal.http.SocketConnector.connectTls(SocketConnector.java:103)
05-04 10:06:10.168 E/MiuiWeather(26690): 	at com.android.okhttp.Connection.connect(Connection.java:143)
05-04 10:06:10.168 E/MiuiWeather(26690): 	at com.android.okhttp.Connection.connectAndSetOwner(Connection.java:185)
05-04 10:06:10.168 E/MiuiWeather(26690): 	at com.android.okhttp.OkHttpClient$1.connectAndSetOwner(OkHttpClient.java:128)
05-04 10:06:10.168 E/MiuiWeather(26690): 	at com.android.okhttp.internal.http.HttpEngine.nextConnection(HttpEngine.java:342)
05-04 10:06:10.168 E/MiuiWeather(26690): 	at com.android.okhttp.internal.http.HttpEngine.connect(HttpEngine.java:331)
05-04 10:06:10.168 E/MiuiWeather(26690): 	at com.android.okhttp.internal.http.HttpEngine.sendRequest(HttpEngine.java:249)
05-04 10:06:10.168 E/MiuiWeather(26690): 	at com.android.okhttp.internal.huc.HttpURLConnectionImpl.execute(HttpURLConnectionImpl.java:437)
05-04 10:06:10.168 E/MiuiWeather(26690): 	at com.android.okhttp.internal.huc.HttpURLConnectionImpl.getResponse(HttpURLConnectionImpl.java:388)
05-04 10:06:10.168 E/MiuiWeather(26690): 	at com.android.okhttp.internal.huc.HttpURLConnectionImpl.getResponseCode(HttpURLConnectionImpl.java:501)
05-04 10:06:10.168 E/MiuiWeather(26690): 	at com.android.okhttp.internal.huc.DelegatingHttpsURLConnection.getResponseCode(DelegatingHttpsURLConnection.java:105)
05-04 10:06:10.168 E/MiuiWeather(26690): 	at com.android.okhttp.internal.huc.HttpsURLConnectionImpl.getResponseCode(HttpsURLConnectionImpl.java:25)
05-04 10:06:10.168 E/MiuiWeather(26690): 	at com.miui.weather2.tools.ToolsNet.getText(ToolsNet.java:141)
05-04 10:06:10.168 E/MiuiWeather(26690): 	at com.miui.weather2.spider.Spider.getLocationJson(Spider.java:103)
05-04 10:06:10.168 E/MiuiWeather(26690): 	at com.miui.weather2.tools.LocationGetter.locateToGetJson(LocationGetter.java:83)
05-04 10:06:10.168 E/MiuiWeather(26690): 	at com.miui.weather2.tools.LocationGetter.locate(LocationGetter.java:144)
05-04 10:06:10.168 E/MiuiWeather(26690): 	at com.miui.weather2.service.LocationUpdater.run(LocationUpdater.java:24)
05-04 10:06:10.168 E/MiuiWeather(26690): 	at com.miui.weather2.service.ServiceJob.doMyJob(ServiceJob.java:43)
05-04 10:06:10.168 E/MiuiWeather(26690): 	at com.miui.weather2.service.UpdateService.onHandleIntent(UpdateService.java:23)
05-04 10:06:10.168 E/MiuiWeather(26690): 	at android.app.IntentService$ServiceHandler.handleMessage(IntentService.java:66)
05-04 10:06:10.168 E/MiuiWeather(26690): 	at android.os.Handler.dispatchMessage(Handler.java:102)
05-04 10:06:10.168 E/MiuiWeather(26690): 	at android.os.Looper.loop(Looper.java:154)
05-04 10:06:10.168 E/MiuiWeather(26690): 	at android.os.HandlerThread.run(HandlerThread.java:61)
05-04 10:06:10.168 E/MiuiWeather(26690): 	Suppressed: javax.net.ssl.SSLHandshakeException: SSL handshake aborted: ssl=0xaebee180: I/O error during system call, Connection reset by peer
05-04 10:06:10.168 E/MiuiWeather(26690): 		... 25 more
05-04 10:06:10.168 E/MiuiWeather(26690): 		Suppressed: javax.net.ssl.SSLHandshakeException: SSL handshake aborted: ssl=0xaebee180: I/O error during system call, Connection reset by peer
05-04 10:06:10.168 E/MiuiWeather(26690): 			... 25 more
05-04 10:06:10.253 E/LocSvc_flp( 2941): I/===> int flp_inject_location(FlpLocation*) line 253 
05-04 10:06:10.253 E/        ( 2941): I/===> int FlpLocationClient::flp_inject_location(FlpExtLocation*) line 265 
05-04 10:06:10.257 E/LocSvc_libulp( 2941): I/int ulp_brain_process_gnp_position_report(UlpLocation*), first_fix_pending 1, request active = 0,gnss running 0, gnss state 0 quipc running 0 quipc state 0
05-04 10:06:10.257 E/LocSvc_api_v02( 2941): I/---> locClientSendReq line 2020 QMI_LOC_INJECT_POSITION_REQ_V02
05-04 10:06:10.257 E/LocSvc_libulp( 2941): I/int ulp_brain_process_gnp_position_report(UlpLocation*), report GNP position to hybrid fix requests = 0
05-04 10:06:10.257 E/LocSvc_libulp( 2941): I/int ulp_brain_transition_all_providers(), before transition, 
05-04 10:06:10.257 E/LocSvc_libulp( 2941):  GNSS provider state = 0,  GNSS selected to run = 0,  GNSS onoff_cnt = 5, GNSS high speed flag = 0 
05-04 10:06:10.257 E/LocSvc_libulp( 2941):  QUIPC provider state = 0, QUIPC selected to run = 0, QUIPC onoff_cnt = 5, 
05-04 10:06:10.257 E/LocSvc_libulp( 2941):  GNP provider state = 0,   GNP selected to run = 0,   GNP onoff_cnt = 1, 
05-04 10:06:10.257 E/LocSvc_libulp( 2941): E/int ulp_brain_transition_all_providers(), no QUIPC/GNSS transition logic run due to both engines are OFF 
05-04 10:06:10.257 E/LocSvc_libulp( 2941): I/int ulp_brain_transition_all_providers(), after transition, 
05-04 10:06:10.257 E/LocSvc_libulp( 2941):  GNSS provider state = 0,  GNSS selected to run = 0,  GNSS onoff_cnt = 5, GNSS high speed flag = 0 
05-04 10:06:10.257 E/LocSvc_libulp( 2941):  QUIPC provider state = 0, QUIPC selected to run = 0, QUIPC onoff_cnt = 5, 
05-04 10:06:10.257 E/LocSvc_libulp( 2941):  GNP provider state = 0,   GNP selected to run = 0,   GNP onoff_cnt = 1 
05-04 10:06:10.259 E/LocSvc_eng( 2941): I/===> int loc_eng_inject_location(loc_eng_data_s_type&, double, double, float) line 2123 
