05-04 10:49:14.050 E/DatabaseUtils( 2941): 	at android.content.ContentProvider$Transport.call(ContentProvider.java:398)
05-04 10:49:14.050 E/DatabaseUtils( 2941): 	at android.content.ContentProviderNative.onTransact(ContentProviderNative.java:283)
05-04 10:49:14.050 E/DatabaseUtils( 2941): 	at android.os.Binder.execTransact(Binder.java:453)
05-04 10:49:15.602 E/ThermalEngine(  504): Unable to read max frequency from online cpu.
05-04 10:49:15.602 E/ThermalEngine(  504): Failed to set desired CPU[2] frequency limit to 2457600
05-04 10:49:16.614 E/ThermalEngine(  504): Unable to read max frequency from online cpu.
05-04 10:49:16.614 E/ThermalEngine(  504): Failed to set desired CPU[2] frequency limit to 2457600
05-04 10:49:16.618 E/ThermalEngine(  504): Unable to read max frequency from online cpu.
05-04 10:49:16.618 E/ThermalEngine(  504): Failed to set desired CPU[1] frequency limit to 2457600
05-04 10:49:16.742 E/ActivityManager( 2941): Invalid thumbnail dimensions: 0x0
05-04 10:49:16.831 E/NativeLibraryHelper( 7227): Failed to load assets verifier: 0
05-04 10:49:16.850 E/NativeLibraryHelper( 2941): Failed to load assets verifier: 0
05-04 10:49:16.888 E/NativeLibraryHelper( 2941): Failed to load assets verifier: 0
05-04 10:49:19.291 E/ThermalEngine(  504): Unable to read max frequency from online cpu.
05-04 10:49:19.291 E/ThermalEngine(  504): Failed to set desired CPU[2] frequency limit to 2457600
05-04 10:49:20.748 E/ThermalEngine(  504): Unable to read max frequency from online cpu.
05-04 10:49:20.748 E/ThermalEngine(  504): Failed to set desired CPU[1] frequency limit to 2457600
05-04 10:49:21.127 E/ThermalEngine(  504): Failed to set desired CPU[1] frequency limit to 1728000
05-04 10:49:21.127 E/ThermalEngine(  504): Failed to set desired CPU[2] frequency limit to 1728000
05-04 10:49:21.127 E/ThermalEngine(  504): Failed to set desired CPU[3] frequency limit to 1728000
05-04 10:49:22.246 E/ThermalEngine(  504): Unable to read max frequency from online cpu.
05-04 10:49:22.246 E/ThermalEngine(  504): Failed to set desired CPU[1] frequency limit to 1728000
05-04 10:49:22.539 E/PhoneInterfaceManager( 6205): [PhoneIntfMgr] getIccId: ICC ID is null or empty.
05-04 10:49:22.563 E/ActivityManager( 2941): Invalid thumbnail dimensions: 0x0
05-04 10:49:22.596 E/PhoneInterfaceManager( 6205): [PhoneIntfMgr] getIccId: ICC ID is null or empty.
05-04 10:49:22.635 E/NativeLibraryHelper( 7227): Failed to load assets verifier: 0
05-04 10:49:22.654 E/NativeLibraryHelper( 2941): Failed to load assets verifier: 0
05-04 10:49:22.692 E/NativeLibraryHelper( 2941): Failed to load assets verifier: 0
05-04 10:49:24.238 E/ActivityManager( 2941): Invalid thumbnail dimensions: 0x0
05-04 10:49:24.294 E/ThermalEngine(  504): Unable to read max frequency from online cpu.
05-04 10:49:24.294 E/ThermalEngine(  504): Failed to set desired CPU[1] frequency limit to 1728000
05-04 10:49:24.329 E/NativeLibraryHelper( 7227): Failed to load assets verifier: 0
05-04 10:49:24.356 E/NativeLibraryHelper( 2941): Failed to load assets verifier: 0
05-04 10:49:24.377 E/NativeLibraryHelper( 2941): Failed to load assets verifier: 0
05-04 10:49:26.318 E/ThermalEngine(  504): Unable to read max frequency from online cpu.
05-04 10:49:26.319 E/ThermalEngine(  504): Failed to set desired CPU[2] frequency limit to 1728000
05-04 10:49:26.323 E/ThermalEngine(  504): Unable to read max frequency from online cpu.
05-04 10:49:26.323 E/ThermalEngine(  504): Failed to set desired CPU[1] frequency limit to 1728000
05-04 10:49:27.696 E/ThermalEngine(  504): Unable to read max frequency from online cpu.
05-04 10:49:27.696 E/ThermalEngine(  504): Failed to set desired CPU[1] frequency limit to 1728000
05-04 10:49:28.454 E/LocSvc_flp( 2941): I/===> int flp_inject_location(FlpLocation*) line 253 
05-04 10:49:28.454 E/        ( 2941): I/===> int FlpLocationClient::flp_inject_location(FlpExtLocation*) line 265 
05-04 10:49:28.463 E/LocSvc_api_v02( 2941): I/---> locClientSendReq line 2020 QMI_LOC_INJECT_POSITION_REQ_V02
05-04 10:49:28.463 E/LocSvc_libulp( 2941): I/int ulp_brain_process_gnp_position_report(UlpLocation*), first_fix_pending 1, request active = 0,gnss running 0, gnss state 0 quipc running 0 quipc state 0
05-04 10:49:28.463 E/LocSvc_libulp( 2941): I/int ulp_brain_process_gnp_position_report(UlpLocation*), report GNP position to hybrid fix requests = 0
05-04 10:49:28.463 E/LocSvc_libulp( 2941): I/int ulp_brain_transition_all_providers(), before transition, 
05-04 10:49:28.463 E/LocSvc_libulp( 2941):  GNSS provider state = 0,  GNSS selected to run = 0,  GNSS onoff_cnt = 5, GNSS high speed flag = 0 
05-04 10:49:28.463 E/LocSvc_libulp( 2941):  QUIPC provider state = 0, QUIPC selected to run = 0, QUIPC onoff_cnt = 5, 
05-04 10:49:28.463 E/LocSvc_libulp( 2941):  GNP provider state = 0,   GNP selected to run = 0,   GNP onoff_cnt = 1, 
05-04 10:49:28.463 E/LocSvc_libulp( 2941): E/int ulp_brain_transition_all_providers(), no QUIPC/GNSS transition logic run due to both engines are OFF 
05-04 10:49:28.463 E/LocSvc_libulp( 2941): I/int ulp_brain_transition_all_providers(), after transition, 
05-04 10:49:28.463 E/LocSvc_libulp( 2941):  GNSS provider state = 0,  GNSS selected to run = 0,  GNSS onoff_cnt = 5, GNSS high speed flag = 0 
05-04 10:49:28.463 E/LocSvc_libulp( 2941):  QUIPC provider state = 0, QUIPC selected to run = 0, QUIPC onoff_cnt = 5, 
05-04 10:49:28.463 E/LocSvc_libulp( 2941):  GNP provider state = 0,   GNP selected to run = 0,   GNP onoff_cnt = 1 
05-04 10:49:28.469 E/LocSvc_ApiV02( 2941): I/<--- void globalRespCb(locClientHandleType, uint32_t, locClientRespIndUnionType, void*) line 115 QMI_LOC_INJECT_POSITION_REQ_V02
05-04 10:49:28.486 E/LocSvc_eng( 2941): I/===> int loc_eng_inject_location(loc_eng_data_s_type&, double, double, float) line 2123 
05-04 10:49:28.595 E/LocSvc_flp( 2941): I/===> int flp_inject_location(FlpLocation*) line 253 
05-04 10:49:28.595 E/        ( 2941): I/===> int FlpLocationClient::flp_inject_location(FlpExtLocation*) line 265 
05-04 10:49:28.596 E/LocSvc_eng( 2941): I/===> int loc_eng_inject_location(loc_eng_data_s_type&, double, double, float) line 2123 
05-04 10:49:28.596 E/LocSvc_api_v02( 2941): I/---> locClientSendReq line 2020 QMI_LOC_INJECT_POSITION_REQ_V02
05-04 10:49:28.597 E/LocSvc_libulp( 2941): I/int ulp_brain_process_gnp_position_report(UlpLocation*), first_fix_pending 1, request active = 0,gnss running 0, gnss state 0 quipc running 0 quipc state 0
05-04 10:49:28.597 E/LocSvc_libulp( 2941): I/int ulp_brain_process_gnp_position_report(UlpLocation*), report GNP position to hybrid fix requests = 0
05-04 10:49:28.597 E/LocSvc_libulp( 2941): I/int ulp_brain_transition_all_providers(), before transition, 
05-04 10:49:28.597 E/LocSvc_libulp( 2941):  GNSS provider state = 0,  GNSS selected to run = 0,  GNSS onoff_cnt = 5, GNSS high speed flag = 0 
05-04 10:49:28.597 E/LocSvc_libulp( 2941):  QUIPC provider state = 0, QUIPC selected to run = 0, QUIPC onoff_cnt = 5, 
05-04 10:49:28.597 E/LocSvc_libulp( 2941):  GNP provider state = 0,   GNP selected to run = 0,   GNP onoff_cnt = 1, 
05-04 10:49:28.597 E/LocSvc_libulp( 2941): E/int ulp_brain_transition_all_providers(), no QUIPC/GNSS transition logic run due to both engines are OFF 
05-04 10:49:28.597 E/LocSvc_libulp( 2941): I/int ulp_brain_transition_all_providers(), after transition, 
05-04 10:49:28.597 E/LocSvc_libulp( 2941):  GNSS provider state = 0,  GNSS selected to run = 0,  GNSS onoff_cnt = 5, GNSS high speed flag = 0 
05-04 10:49:28.597 E/LocSvc_libulp( 2941):  QUIPC provider state = 0, QUIPC selected to run = 0, QUIPC onoff_cnt = 5, 
05-04 10:49:28.597 E/LocSvc_libulp( 2941):  GNP provider state = 0,   GNP selected to run = 0,   GNP onoff_cnt = 1 
05-04 10:49:28.599 E/LocSvc_ApiV02( 2941): I/<--- void globalRespCb(locClientHandleType, uint32_t, locClientRespIndUnionType, void*) line 115 QMI_LOC_INJECT_POSITION_REQ_V02
05-04 10:49:30.315 E/LocSvc_flp( 2941): I/===> int flp_inject_location(FlpLocation*) line 253 
05-04 10:49:30.315 E/        ( 2941): I/===> int FlpLocationClient::flp_inject_location(FlpExtLocation*) line 265 
05-04 10:49:30.318 E/LocSvc_api_v02( 2941): I/---> locClientSendReq line 2020 QMI_LOC_INJECT_POSITION_REQ_V02
05-04 10:49:30.318 E/LocSvc_libulp( 2941): I/int ulp_brain_process_gnp_position_report(UlpLocation*), first_fix_pending 1, request active = 0,gnss running 0, gnss state 0 quipc running 0 quipc state 0
05-04 10:49:30.318 E/LocSvc_libulp( 2941): I/int ulp_brain_process_gnp_position_report(UlpLocation*), report GNP position to hybrid fix requests = 0
05-04 10:49:30.318 E/LocSvc_libulp( 2941): I/int ulp_brain_transition_all_providers(), before transition, 
05-04 10:49:30.318 E/LocSvc_libulp( 2941):  GNSS provider state = 0,  GNSS selected to run = 0,  GNSS onoff_cnt = 5, GNSS high speed flag = 0 
05-04 10:49:30.318 E/LocSvc_libulp( 2941):  QUIPC provider state = 0, QUIPC selected to run = 0, QUIPC onoff_cnt = 5, 
05-04 10:49:30.318 E/LocSvc_libulp( 2941):  GNP provider state = 0,   GNP selected to run = 0,   GNP onoff_cnt = 1, 
05-04 10:49:30.318 E/LocSvc_libulp( 2941): E/int ulp_brain_transition_all_providers(), no QUIPC/GNSS transition logic run due to both engines are OFF 
05-04 10:49:30.318 E/LocSvc_eng( 2941): I/===> int loc_eng_inject_location(loc_eng_data_s_type&, double, double, float) line 2123 
05-04 10:49:30.318 E/LocSvc_libulp( 2941): I/int ulp_brain_transition_all_providers(), after transition, 
05-04 10:49:30.318 E/LocSvc_libulp( 2941):  GNSS provider state = 0,  GNSS selected to run = 0,  GNSS onoff_cnt = 5, GNSS high speed flag = 0 
05-04 10:49:30.318 E/LocSvc_libulp( 2941):  QUIPC provider state = 0, QUIPC selected to run = 0, QUIPC onoff_cnt = 5, 
05-04 10:49:30.318 E/LocSvc_libulp( 2941):  GNP provider state = 0,   GNP selected to run = 0,   GNP onoff_cnt = 1 
05-04 10:49:30.321 E/LocSvc_ApiV02( 2941): I/<--- void globalRespCb(locClientHandleType, uint32_t, locClientRespIndUnionType, void*) line 115 QMI_LOC_INJECT_POSITION_REQ_V02
05-04 10:49:30.475 E/LocSvc_flp( 2941): I/===> int flp_inject_location(FlpLocation*) line 253 
05-04 10:49:30.475 E/        ( 2941): I/===> int FlpLocationClient::flp_inject_location(FlpExtLocation*) line 265 
05-04 10:49:30.477 E/LocSvc_eng( 2941): I/===> int loc_eng_inject_location(loc_eng_data_s_type&, double, double, float) line 2123 
05-04 10:49:30.478 E/LocSvc_api_v02( 2941): I/---> locClientSendReq line 2020 QMI_LOC_INJECT_POSITION_REQ_V02
05-04 10:49:30.478 E/LocSvc_libulp( 2941): I/int ulp_brain_process_gnp_position_report(UlpLocation*), first_fix_pending 1, request active = 0,gnss running 0, gnss state 0 quipc running 0 quipc state 0
05-04 10:49:30.478 E/LocSvc_libulp( 2941): I/int ulp_brain_process_gnp_position_report(UlpLocation*), report GNP position to hybrid fix requests = 0
05-04 10:49:30.478 E/LocSvc_libulp( 2941): I/int ulp_brain_transition_all_providers(), before transition, 
05-04 10:49:30.478 E/LocSvc_libulp( 2941):  GNSS provider state = 0,  GNSS selected to run = 0,  GNSS onoff_cnt = 5, GNSS high speed flag = 0 
05-04 10:49:30.478 E/LocSvc_libulp( 2941):  QUIPC provider state = 0, QUIPC selected to run = 0, QUIPC onoff_cnt = 5, 
05-04 10:49:30.478 E/LocSvc_libulp( 2941):  GNP provider state = 0,   GNP selected to run = 0,   GNP onoff_cnt = 1, 
05-04 10:49:30.478 E/LocSvc_libulp( 2941): E/int ulp_brain_transition_all_providers(), no QUIPC/GNSS transition logic run due to both engines are OFF 
05-04 10:49:30.478 E/LocSvc_libulp( 2941): I/int ulp_brain_transition_all_providers(), after transition, 
05-04 10:49:30.478 E/LocSvc_libulp( 2941):  GNSS provider state = 0,  GNSS selected to run = 0,  GNSS onoff_cnt = 5, GNSS high speed flag = 0 
05-04 10:49:30.478 E/LocSvc_libulp( 2941):  QUIPC provider state = 0, QUIPC selected to run = 0, QUIPC onoff_cnt = 5, 
05-04 10:49:30.478 E/LocSvc_libulp( 2941):  GNP provider state = 0,   GNP selected to run = 0,   GNP onoff_cnt = 1 
05-04 10:49:30.481 E/LocSvc_ApiV02( 2941): I/<--- void globalRespCb(locClientHandleType, uint32_t, locClientRespIndUnionType, void*) line 115 QMI_LOC_INJECT_POSITION_REQ_V02
05-04 10:49:30.610 E/ThermalEngine(  504): Unable to read max frequency from online cpu.
05-04 10:49:30.610 E/ThermalEngine(  504): Failed to set desired CPU[1] frequency limit to 1728000
05-04 10:49:30.656 E/LocSvc_flp( 2941): I/===> int flp_inject_location(FlpLocation*) line 253 
05-04 10:49:30.656 E/        ( 2941): I/===> int FlpLocationClient::flp_inject_location(FlpExtLocation*) line 265 
05-04 10:49:30.660 E/LocSvc_api_v02( 2941): I/---> locClientSendReq line 2020 QMI_LOC_INJECT_POSITION_REQ_V02
05-04 10:49:30.660 E/LocSvc_libulp( 2941): I/int ulp_brain_process_gnp_position_report(UlpLocation*), first_fix_pending 1, request active = 0,gnss running 0, gnss state 0 quipc running 0 quipc state 0
05-04 10:49:30.660 E/LocSvc_libulp( 2941): I/int ulp_brain_process_gnp_position_report(UlpLocation*), report GNP position to hybrid fix requests = 0
05-04 10:49:30.660 E/LocSvc_libulp( 2941): I/int ulp_brain_transition_all_providers(), before transition, 
05-04 10:49:30.660 E/LocSvc_libulp( 2941):  GNSS provider state = 0,  GNSS selected to run = 0,  GNSS onoff_cnt = 5, GNSS high speed flag = 0 
05-04 10:49:30.660 E/LocSvc_libulp( 2941):  QUIPC provider state = 0, QUIPC selected to run = 0, QUIPC onoff_cnt = 5, 
05-04 10:49:30.660 E/LocSvc_libulp( 2941):  GNP provider state = 0,   GNP selected to run = 0,   GNP onoff_cnt = 1, 
05-04 10:49:30.660 E/LocSvc_libulp( 2941): E/int ulp_brain_transition_all_providers(), no QUIPC/GNSS transition logic run due to both engines are OFF 
05-04 10:49:30.660 E/LocSvc_libulp( 2941): I/int ulp_brain_transition_all_providers(), after transition, 
05-04 10:49:30.660 E/LocSvc_libulp( 2941):  GNSS provider state = 0,  GNSS selected to run = 0,  GNSS onoff_cnt = 5, GNSS high speed flag = 0 
05-04 10:49:30.660 E/LocSvc_libulp( 2941):  QUIPC provider state = 0, QUIPC selected to run = 0, QUIPC onoff_cnt = 5, 
05-04 10:49:30.660 E/LocSvc_libulp( 2941):  GNP provider state = 0,   GNP selected to run = 0,   GNP onoff_cnt = 1 
05-04 10:49:30.661 E/LocSvc_eng( 2941): I/===> int loc_eng_inject_location(loc_eng_data_s_type&, double, double, float) line 2123 
05-04 10:49:30.663 E/LocSvc_ApiV02( 2941): I/<--- void globalRespCb(locClientHandleType, uint32_t, locClientRespIndUnionType, void*) line 115 QMI_LOC_INJECT_POSITION_REQ_V02
05-04 10:49:31.422 E/ThermalEngine(  504): Unable to read max frequency from online cpu.
05-04 10:49:31.422 E/ThermalEngine(  504): Failed to set desired CPU[2] frequency limit to 1728000
05-04 10:49:31.428 E/ThermalEngine(  504): Unable to read max frequency from online cpu.
05-04 10:49:31.428 E/ThermalEngine(  504): Failed to set desired CPU[1] frequency limit to 1728000
05-04 10:49:34.051 E/ThermalEngine(  504): Unable to read max frequency from online cpu.
05-04 10:49:34.051 E/ThermalEngine(  504): Failed to set desired CPU[3] frequency limit to 1728000
05-04 10:49:34.100 E/ThermalEngine(  504): Unable to read max frequency from online cpu.
05-04 10:49:34.100 E/ThermalEngine(  504): Failed to set desired CPU[2] frequency limit to 1728000
05-04 10:49:35.113 E/ThermalEngine(  504): Unable to read max frequency from online cpu.
05-04 10:49:35.113 E/ThermalEngine(  504): Failed to set desired CPU[2] frequency limit to 1728000
05-04 10:49:37.103 E/ThermalEngine(  504): Unable to read max frequency from online cpu.
05-04 10:49:37.104 E/ThermalEngine(  504): Failed to set desired CPU[2] frequency limit to 1728000
05-04 10:49:39.229 E/ThermalEngine(  504): Unable to read max frequency from online cpu.
05-04 10:49:39.229 E/ThermalEngine(  504): Failed to set desired CPU[2] frequency limit to 1728000
05-04 10:49:40.121 E/ThermalEngine(  504): Failed to set desired CPU[3] frequency limit to 2457600
05-04 10:49:44.208 E/ThermalEngine(  504): Unable to read max frequency from online cpu.
05-04 10:49:44.209 E/ThermalEngine(  504): Failed to set desired CPU[2] frequency limit to 2457600
05-04 10:49:45.274 E/ThermalEngine(  504): Unable to read max frequency from online cpu.
05-04 10:49:45.274 E/ThermalEngine(  504): Failed to set desired CPU[2] frequency limit to 2457600
05-04 10:49:45.578 E/ThermalEngine(  504): Unable to read max frequency from online cpu.
05-04 10:49:45.578 E/ThermalEngine(  504): Failed to set desired CPU[1] frequency limit to 2457600
05-04 10:49:46.303 E/ThermalEngine(  504): Unable to read max frequency from online cpu.
05-04 10:49:46.303 E/ThermalEngine(  504): Failed to set desired CPU[2] frequency limit to 2457600
05-04 10:49:46.811 E/ThermalEngine(  504): Unable to read max frequency from online cpu.
05-04 10:49:46.811 E/ThermalEngine(  504): Failed to set desired CPU[2] frequency limit to 2457600
05-04 10:49:50.985 E/ThermalEngine(  504): Unable to read max frequency from online cpu.
05-04 10:49:50.985 E/ThermalEngine(  504): Failed to set desired CPU[2] frequency limit to 2457600
05-04 10:49:52.251 E/ThermalEngine(  504): Unable to read max frequency from online cpu.
05-04 10:49:52.252 E/ThermalEngine(  504): Failed to set desired CPU[2] frequency limit to 2457600
05-04 10:49:53.313 E/ThermalEngine(  504): Unable to read max frequency from online cpu.
05-04 10:49:53.313 E/ThermalEngine(  504): Failed to set desired CPU[2] frequency limit to 2457600
05-04 10:49:53.317 E/ThermalEngine(  504): Unable to read max frequency from online cpu.
05-04 10:49:53.317 E/ThermalEngine(  504): Failed to set desired CPU[1] frequency limit to 2457600
05-04 10:49:54.680 E/ThermalEngine(  504): Unable to read max frequency from online cpu.
05-04 10:49:54.680 E/ThermalEngine(  504): Failed to set desired CPU[1] frequency limit to 2457600
05-04 10:49:55.348 E/ThermalEngine(  504): Unable to read max frequency from online cpu.
05-04 10:49:55.348 E/ThermalEngine(  504): Failed to set desired CPU[2] frequency limit to 2457600
05-04 10:49:56.813 E/ThermalEngine(  504): Unable to read max frequency from online cpu.
05-04 10:49:56.813 E/ThermalEngine(  504): Failed to set desired CPU[2] frequency limit to 2457600
05-04 10:50:00.536 E/ThermalEngine(  504): Unable to read max frequency from online cpu.
05-04 10:50:00.536 E/ThermalEngine(  504): Failed to set desired CPU[2] frequency limit to 2457600
05-04 10:50:01.401 E/ThermalEngine(  504): Unable to read max frequency from online cpu.
05-04 10:50:01.401 E/ThermalEngine(  504): Failed to set desired CPU[2] frequency limit to 2457600
05-04 10:50:01.405 E/ThermalEngine(  504): Unable to read max frequency from online cpu.
05-04 10:50:01.406 E/ThermalEngine(  504): Failed to set desired CPU[1] frequency limit to 2457600
05-04 10:50:02.366 E/ThermalEngine(  504): Unable to read max frequency from online cpu.
05-04 10:50:02.366 E/ThermalEngine(  504): Failed to set desired CPU[2] frequency limit to 2457600
05-04 10:50:02.368 E/ThermalEngine(  504): Unable to read max frequency from online cpu.
05-04 10:50:02.369 E/ThermalEngine(  504): Failed to set desired CPU[1] frequency limit to 2457600
05-04 10:50:02.598 E/QueryController(19596): Got null root node from accessibility - Retrying...
05-04 10:50:03.332 E/ThermalEngine(  504): Unable to read max frequency from online cpu.
05-04 10:50:03.333 E/ThermalEngine(  504): Failed to set desired CPU[2] frequency limit to 2457600
05-04 10:50:03.836 E/ThermalEngine(  504): Unable to read max frequency from online cpu.
05-04 10:50:03.836 E/ThermalEngine(  504): Failed to set desired CPU[1] frequency limit to 2457600
05-04 10:50:04.045 E/ThermalEngine(  504): Failed to set desired CPU[1] frequency limit to 1728000
05-04 10:50:04.045 E/ThermalEngine(  504): Failed to set desired CPU[2] frequency limit to 1728000
05-04 10:50:04.045 E/ThermalEngine(  504): Failed to set desired CPU[3] frequency limit to 1728000
05-04 10:50:04.862 E/ThermalEngine(  504): Unable to read max frequency from online cpu.
05-04 10:50:04.862 E/ThermalEngine(  504): Failed to set desired CPU[2] frequency limit to 1728000
05-04 10:50:06.014 E/LocSvc_libulp( 2941): I/int ulp_msg_process_system_update(UlpSystemEvent): systemEvent:5 
05-04 10:50:06.014 E/LocSvc_libulp( 2941): I/int ulp_msg_process_start_req(), at ulp state = 1
05-04 10:50:06.014 E/LocSvc_api_v02( 2941): I/---> locClientSendReq line 2020 QMI_LOC_GET_BEST_AVAILABLE_POSITION_REQ_V02
05-04 10:50:06.019 E/LocSvc_ApiV02( 2941): I/<--- void globalRespCb(locClientHandleType, uint32_t, locClientRespIndUnionType, void*) line 115 QMI_LOC_GET_BEST_AVAILABLE_POSITION_REQ_V02
05-04 10:50:06.019 E/LocSvc_libulp( 2941): I/int ulp_brain_process_zpp_position_report(loc_sess_status, LocPosTechMask, UlpLocation*), report ZPP position to providers,report_position = 1
05-04 10:50:06.019 E/IzatSvc_PassiveLocListener( 2941): E/Exiting with error virtual void izat_manager::IzatPassiveLocationListener::onLocationChanged(const izat_manager::IzatLocation*, izat_manager::IzatLocationStatus) line 113 "1"
05-04 10:50:06.325 E/ThermalEngine(  504): Unable to read max frequency from online cpu.
05-04 10:50:06.326 E/ThermalEngine(  504): Failed to set desired CPU[2] frequency limit to 1728000
05-04 10:50:06.730 E/ThermalEngine(  504): Unable to read max frequency from online cpu.
05-04 10:50:06.730 E/ThermalEngine(  504): Failed to set desired CPU[1] frequency limit to 1728000
05-04 10:50:07.753 E/ThermalEngine(  504): Unable to read max frequency from online cpu.
05-04 10:50:07.753 E/ThermalEngine(  504): Failed to set desired CPU[2] frequency limit to 1728000
05-04 10:50:09.374 E/ThermalEngine(  504): Unable to read max frequency from online cpu.
05-04 10:50:09.374 E/ThermalEngine(  504): Failed to set desired CPU[2] frequency limit to 1728000
05-04 10:50:11.234 E/ThermalEngine(  504): Failed to set desired CPU[3] frequency limit to 2457600
05-04 10:50:12.854 E/ThermalEngine(  504): Unable to read max frequency from online cpu.
05-04 10:50:12.854 E/ThermalEngine(  504): Failed to set desired CPU[2] frequency limit to 2457600
05-04 10:50:12.907 E/ThermalEngine(  504): Unable to read max frequency from online cpu.
05-04 10:50:12.907 E/ThermalEngine(  504): Failed to set desired CPU[1] frequency limit to 2457600
05-04 10:50:17.102 E/ThermalEngine(  504): Unable to read max frequency from online cpu.
05-04 10:50:17.102 E/ThermalEngine(  504): Failed to set desired CPU[3] frequency limit to 2457600
05-04 10:50:18.302 E/ThermalEngine(  504): Unable to read max frequency from online cpu.
05-04 10:50:18.303 E/ThermalEngine(  504): Failed to set desired CPU[2] frequency limit to 2457600
05-04 10:50:18.355 E/ThermalEngine(  504): Unable to read max frequency from online cpu.
05-04 10:50:18.355 E/ThermalEngine(  504): Failed to set desired CPU[1] frequency limit to 2457600
05-04 10:50:19.183 E/ThermalEngine(  504): Unable to read max frequency from online cpu.
05-04 10:50:19.183 E/ThermalEngine(  504): Failed to set desired CPU[2] frequency limit to 2457600
05-04 10:50:19.187 E/ThermalEngine(  504): Unable to read max frequency from online cpu.
05-04 10:50:19.187 E/ThermalEngine(  504): Failed to set desired CPU[1] frequency limit to 2457600
05-04 10:50:23.585 E/QueryController(19596): Got null root node from accessibility - Retrying...
05-04 10:50:23.614 E/ThermalEngine(  504): Unable to read max frequency from online cpu.
05-04 10:50:23.614 E/ThermalEngine(  504): Failed to set desired CPU[2] frequency limit to 2457600
05-04 10:50:23.666 E/ThermalEngine(  504): Unable to read max frequency from online cpu.
05-04 10:50:23.666 E/ThermalEngine(  504): Failed to set desired CPU[1] frequency limit to 2457600
05-04 10:50:23.870 E/QueryController(19596): Got null root node from accessibility - Retrying...
05-04 10:50:24.486 E/ThermalEngine(  504): Unable to read max frequency from online cpu.
05-04 10:50:24.487 E/ThermalEngine(  504): Failed to set desired CPU[2] frequency limit to 2457600
05-04 10:50:24.591 E/ThermalEngine(  504): Unable to read max frequency from online cpu.
05-04 10:50:24.591 E/ThermalEngine(  504): Failed to set desired CPU[1] frequency limit to 2457600
05-04 10:50:24.958 E/ThermalEngine(  504): Failed to set desired CPU[1] frequency limit to 1728000
05-04 10:50:24.959 E/ThermalEngine(  504): Failed to set desired CPU[2] frequency limit to 1728000
05-04 10:50:24.959 E/ThermalEngine(  504): Failed to set desired CPU[3] frequency limit to 1728000
05-04 10:50:28.026 E/ThermalEngine(  504): Unable to read max frequency from online cpu.
05-04 10:50:28.026 E/ThermalEngine(  504): Failed to set desired CPU[2] frequency limit to 1728000
05-04 10:50:28.483 E/ThermalEngine(  504): Unable to read max frequency from online cpu.
05-04 10:50:28.483 E/ThermalEngine(  504): Failed to set desired CPU[1] frequency limit to 1728000
05-04 10:50:31.367 E/ThermalEngine(  504): Unable to read max frequency from online cpu.
05-04 10:50:31.368 E/ThermalEngine(  504): Failed to set desired CPU[2] frequency limit to 1728000
05-04 10:50:32.382 E/ThermalEngine(  504): Unable to read max frequency from online cpu.
05-04 10:50:32.382 E/ThermalEngine(  504): Failed to set desired CPU[2] frequency limit to 1728000
05-04 10:50:33.719 E/QueryController(19596): Got null root node from accessibility - Retrying...
05-04 10:50:34.500 E/ThermalEngine(  504): Unable to read max frequency from online cpu.
05-04 10:50:34.500 E/ThermalEngine(  504): Failed to set desired CPU[2] frequency limit to 1728000
05-04 10:50:34.508 E/ThermalEngine(  504): Unable to read max frequency from online cpu.
05-04 10:50:34.508 E/ThermalEngine(  504): Failed to set desired CPU[1] frequency limit to 1728000
05-04 10:50:35.699 E/ThermalEngine(  504): Unable to read max frequency from online cpu.
05-04 10:50:35.699 E/ThermalEngine(  504): Failed to set desired CPU[2] frequency limit to 1728000
05-04 10:50:36.713 E/ThermalEngine(  504): Unable to read max frequency from online cpu.
05-04 10:50:36.713 E/ThermalEngine(  504): Failed to set desired CPU[2] frequency limit to 1728000
05-04 10:50:36.837 E/QueryController(19596): Got null root node from accessibility - Retrying...
05-04 10:50:37.572 E/ThermalEngine(  504): Unable to read max frequency from online cpu.
05-04 10:50:37.572 E/ThermalEngine(  504): Failed to set desired CPU[2] frequency limit to 1728000
05-04 10:50:37.579 E/ThermalEngine(  504): Unable to read max frequency from online cpu.
05-04 10:50:37.579 E/ThermalEngine(  504): Failed to set desired CPU[1] frequency limit to 1728000
05-04 10:50:37.987 E/ThermalEngine(  504): Unable to read max frequency from online cpu.
05-04 10:50:37.987 E/ThermalEngine(  504): Failed to set desired CPU[1] frequency limit to 1728000
05-04 10:50:38.550 E/ThermalEngine(  504): Unable to read max frequency from online cpu.
05-04 10:50:38.550 E/ThermalEngine(  504): Failed to set desired CPU[2] frequency limit to 1728000
05-04 10:50:38.754 E/ThermalEngine(  504): Unable to read max frequency from online cpu.
05-04 10:50:38.754 E/ThermalEngine(  504): Failed to set desired CPU[1] frequency limit to 1728000
05-04 10:50:39.681 E/ThermalEngine(  504): Unable to read max frequency from online cpu.
05-04 10:50:39.681 E/ThermalEngine(  504): Failed to set desired CPU[2] frequency limit to 1728000
05-04 10:50:39.734 E/ThermalEngine(  504): Unable to read max frequency from online cpu.
05-04 10:50:39.734 E/ThermalEngine(  504): Failed to set desired CPU[1] frequency limit to 1728000
05-04 10:50:40.460 E/ThermalEngine(  504): Unable to read max frequency from online cpu.
05-04 10:50:40.460 E/ThermalEngine(  504): Failed to set desired CPU[2] frequency limit to 1728000
05-04 10:50:41.874 E/ThermalEngine(  504): Unable to read max frequency from online cpu.
05-04 10:50:41.874 E/ThermalEngine(  504): Failed to set desired CPU[2] frequency limit to 1728000
05-04 10:50:42.939 E/ThermalEngine(  504): Unable to read max frequency from online cpu.
05-04 10:50:42.940 E/ThermalEngine(  504): Failed to set desired CPU[2] frequency limit to 1728000
05-04 10:50:43.657 E/ThermalEngine(  504): Unable to read max frequency from online cpu.
05-04 10:50:43.657 E/ThermalEngine(  504): Failed to set desired CPU[1] frequency limit to 1728000
05-04 10:50:44.579 E/ThermalEngine(  504): Unable to read max frequency from online cpu.
05-04 10:50:44.580 E/ThermalEngine(  504): Failed to set desired CPU[2] frequency limit to 1728000
05-04 10:50:45.342 E/ThermalEngine(  504): Unable to read max frequency from online cpu.
05-04 10:50:45.342 E/ThermalEngine(  504): Failed to set desired CPU[1] frequency limit to 1728000
05-04 10:50:46.979 E/ThermalEngine(  504): Unable to read max frequency from online cpu.
05-04 10:50:46.979 E/ThermalEngine(  504): Failed to set desired CPU[2] frequency limit to 1728000
05-04 10:50:47.894 E/ThermalEngine(  504): Unable to read max frequency from online cpu.
05-04 10:50:47.894 E/ThermalEngine(  504): Failed to set desired CPU[2] frequency limit to 1728000
05-04 10:50:47.900 E/ThermalEngine(  504): Unable to read max frequency from online cpu.
05-04 10:50:47.900 E/ThermalEngine(  504): Failed to set desired CPU[1] frequency limit to 1728000
05-04 10:50:48.966 E/ThermalEngine(  504): Unable to read max frequency from online cpu.
05-04 10:50:48.966 E/ThermalEngine(  504): Failed to set desired CPU[1] frequency limit to 1728000
05-04 10:50:52.969 E/ThermalEngine(  504): Unable to read max frequency from online cpu.
05-04 10:50:52.969 E/ThermalEngine(  504): Failed to set desired CPU[2] frequency limit to 1728000
05-04 10:50:54.236 E/ThermalEngine(  504): Unable to read max frequency from online cpu.
05-04 10:50:54.236 E/ThermalEngine(  504): Failed to set desired CPU[2] frequency limit to 1728000
05-04 10:50:55.809 E/ThermalEngine(  504): Unable to read max frequency from online cpu.
05-04 10:50:55.809 E/ThermalEngine(  504): Failed to set desired CPU[2] frequency limit to 1728000
05-04 10:50:56.213 E/ThermalEngine(  504): Unable to read max frequency from online cpu.
05-04 10:50:56.214 E/ThermalEngine(  504): Failed to set desired CPU[1] frequency limit to 1728000
05-04 10:50:57.847 E/ThermalEngine(  504): Unable to read max frequency from online cpu.
05-04 10:50:57.847 E/ThermalEngine(  504): Failed to set desired CPU[2] frequency limit to 1728000
05-04 10:50:58.654 E/ThermalEngine(  504): Unable to read max frequency from online cpu.
05-04 10:50:58.654 E/ThermalEngine(  504): Failed to set desired CPU[1] frequency limit to 1728000
05-04 10:50:59.529 E/ThermalEngine(  504): Unable to read max frequency from online cpu.
05-04 10:50:59.529 E/ThermalEngine(  504): Failed to set desired CPU[2] frequency limit to 1728000
05-04 10:51:00.842 E/ThermalEngine(  504): Unable to read max frequency from online cpu.
05-04 10:51:00.842 E/ThermalEngine(  504): Failed to set desired CPU[2] frequency limit to 1728000
05-04 10:51:03.569 E/ThermalEngine(  504): Unable to read max frequency from online cpu.
05-04 10:51:03.569 E/ThermalEngine(  504): Failed to set desired CPU[2] frequency limit to 1728000
05-04 10:51:04.431 E/ThermalEngine(  504): Unable to read max frequency from online cpu.
05-04 10:51:04.431 E/ThermalEngine(  504): Failed to set desired CPU[2] frequency limit to 1728000
05-04 10:51:04.483 E/ThermalEngine(  504): Unable to read max frequency from online cpu.
05-04 10:51:04.483 E/ThermalEngine(  504): Failed to set desired CPU[1] frequency limit to 1728000
05-04 10:51:05.063 E/ThermalEngine(  504): Unable to read max frequency from online cpu.
05-04 10:51:05.063 E/ThermalEngine(  504): Failed to set desired CPU[2] frequency limit to 1728000
05-04 10:51:06.014 E/LocSvc_libulp( 2941): I/int ulp_msg_process_system_update(UlpSystemEvent): systemEvent:5 
05-04 10:51:06.014 E/LocSvc_libulp( 2941): I/int ulp_msg_process_start_req(), at ulp state = 1
05-04 10:51:06.015 E/LocSvc_api_v02( 2941): I/---> locClientSendReq line 2020 QMI_LOC_GET_BEST_AVAILABLE_POSITION_REQ_V02
05-04 10:51:06.020 E/LocSvc_ApiV02( 2941): I/<--- void globalRespCb(locClientHandleType, uint32_t, locClientRespIndUnionType, void*) line 115 QMI_LOC_GET_BEST_AVAILABLE_POSITION_REQ_V02
05-04 10:51:06.020 E/LocSvc_libulp( 2941): I/int ulp_brain_process_zpp_position_report(loc_sess_status, LocPosTechMask, UlpLocation*), report ZPP position to providers,report_position = 1
05-04 10:51:06.020 E/IzatSvc_PassiveLocListener( 2941): E/Exiting with error virtual void izat_manager::IzatPassiveLocationListener::onLocationChanged(const izat_manager::IzatLocation*, izat_manager::IzatLocationStatus) line 113 "1"
05-04 10:51:10.500 E/ThermalEngine(  504): Unable to read max frequency from online cpu.
05-04 10:51:10.500 E/ThermalEngine(  504): Failed to set desired CPU[2] frequency limit to 1728000
05-04 10:51:14.025 E/ThermalEngine(  504): Unable to read max frequency from online cpu.
05-04 10:51:14.025 E/ThermalEngine(  504): Failed to set desired CPU[2] frequency limit to 1728000
05-04 10:51:16.342 E/ThermalEngine(  504): Unable to read max frequency from online cpu.
05-04 10:51:16.342 E/ThermalEngine(  504): Failed to set desired CPU[2] frequency limit to 1728000
05-04 10:51:16.347 E/ThermalEngine(  504): Unable to read max frequency from online cpu.
05-04 10:51:16.347 E/ThermalEngine(  504): Failed to set desired CPU[1] frequency limit to 1728000
05-04 10:51:17.726 E/ThermalEngine(  504): Unable to read max frequency from online cpu.
05-04 10:51:17.726 E/ThermalEngine(  504): Failed to set desired CPU[2] frequency limit to 1728000
05-04 10:51:18.942 E/ThermalEngine(  504): Unable to read max frequency from online cpu.
05-04 10:51:18.942 E/ThermalEngine(  504): Failed to set desired CPU[2] frequency limit to 1728000
05-04 10:51:20.708 E/ThermalEngine(  504): Unable to read max frequency from online cpu.
05-04 10:51:20.708 E/ThermalEngine(  504): Failed to set desired CPU[2] frequency limit to 1728000
05-04 10:51:22.375 E/ThermalEngine(  504): Unable to read max frequency from online cpu.
05-04 10:51:22.375 E/ThermalEngine(  504): Failed to set desired CPU[2] frequency limit to 1728000
05-04 10:51:23.394 E/ThermalEngine(  504): Unable to read max frequency from online cpu.
05-04 10:51:23.394 E/ThermalEngine(  504): Failed to set desired CPU[2] frequency limit to 1728000
05-04 10:51:25.511 E/ThermalEngine(  504): Unable to read max frequency from online cpu.
05-04 10:51:25.512 E/ThermalEngine(  504): Failed to set desired CPU[2] frequency limit to 1728000
05-04 10:51:27.173 E/ThermalEngine(  504): Unable to read max frequency from online cpu.
05-04 10:51:27.174 E/ThermalEngine(  504): Failed to set desired CPU[1] frequency limit to 1728000
05-04 10:51:28.096 E/ThermalEngine(  504): Unable to read max frequency from online cpu.
05-04 10:51:28.097 E/ThermalEngine(  504): Failed to set desired CPU[1] frequency limit to 1728000
05-04 10:51:29.617 E/ThermalEngine(  504): Unable to read max frequency from online cpu.
05-04 10:51:29.617 E/ThermalEngine(  504): Failed to set desired CPU[2] frequency limit to 1728000
05-04 10:51:32.790 E/ThermalEngine(  504): Unable to read max frequency from online cpu.
05-04 10:51:32.790 E/ThermalEngine(  504): Failed to set desired CPU[2] frequency limit to 1728000
05-04 10:51:33.545 E/ThermalEngine(  504): Unable to read max frequency from online cpu.
05-04 10:51:33.545 E/ThermalEngine(  504): Failed to set desired CPU[1] frequency limit to 1728000
05-04 10:51:34.325 E/ThermalEngine(  504): Unable to read max frequency from online cpu.
05-04 10:51:34.325 E/ThermalEngine(  504): Failed to set desired CPU[2] frequency limit to 1728000
05-04 10:51:35.148 E/QueryController(19596): Got null root node from accessibility - Retrying...
05-04 10:51:35.837 E/ThermalEngine(  504): Unable to read max frequency from online cpu.
05-04 10:51:35.837 E/ThermalEngine(  504): Failed to set desired CPU[2] frequency limit to 1728000
05-04 10:51:35.849 E/ThermalEngine(  504): Unable to read max frequency from online cpu.
05-04 10:51:35.849 E/ThermalEngine(  504): Failed to set desired CPU[1] frequency limit to 1728000
05-04 10:51:36.717 E/ThermalEngine(  504): Unable to read max frequency from online cpu.
05-04 10:51:36.718 E/ThermalEngine(  504): Failed to set desired CPU[2] frequency limit to 1728000
05-04 10:51:36.820 E/ThermalEngine(  504): Unable to read max frequency from online cpu.
05-04 10:51:36.820 E/ThermalEngine(  504): Failed to set desired CPU[1] frequency limit to 1728000
05-04 10:51:37.750 E/ThermalEngine(  504): Unable to read max frequency from online cpu.
05-04 10:51:37.750 E/ThermalEngine(  504): Failed to set desired CPU[2] frequency limit to 1728000
05-04 10:51:38.416 E/ThermalEngine(  504): Unable to read max frequency from online cpu.
05-04 10:51:38.416 E/ThermalEngine(  504): Failed to set desired CPU[2] frequency limit to 1728000
05-04 10:51:38.483 E/QueryController(19596): Got null root node from accessibility - Retrying...
05-04 10:51:39.179 E/ThermalEngine(  504): Unable to read max frequency from online cpu.
05-04 10:51:39.180 E/ThermalEngine(  504): Failed to set desired CPU[2] frequency limit to 1728000
05-04 10:51:39.533 E/ThermalEngine(  504): Unable to read max frequency from online cpu.
05-04 10:51:39.533 E/ThermalEngine(  504): Failed to set desired CPU[1] frequency limit to 1728000
05-04 10:51:40.957 E/ThermalEngine(  504): Unable to read max frequency from online cpu.
05-04 10:51:40.957 E/ThermalEngine(  504): Failed to set desired CPU[2] frequency limit to 1728000
05-04 10:51:41.765 E/QueryController(19596): Got null root node from accessibility - Retrying...
05-04 10:51:41.812 E/ThermalEngine(  504): Unable to read max frequency from online cpu.
05-04 10:51:41.812 E/ThermalEngine(  504): Failed to set desired CPU[1] frequency limit to 1728000
05-04 10:51:42.784 E/ThermalEngine(  504): Unable to read max frequency from online cpu.
05-04 10:51:42.784 E/ThermalEngine(  504): Failed to set desired CPU[2] frequency limit to 1728000
05-04 10:51:43.448 E/ThermalEngine(  504): Unable to read max frequency from online cpu.
05-04 10:51:43.448 E/ThermalEngine(  504): Failed to set desired CPU[2] frequency limit to 1728000
05-04 10:51:43.450 E/ThermalEngine(  504): Unable to read max frequency from online cpu.
05-04 10:51:43.450 E/ThermalEngine(  504): Failed to set desired CPU[1] frequency limit to 1728000
05-04 10:51:43.502 E/QueryController(19596): Got null root node from accessibility - Retrying...
05-04 10:51:44.421 E/ThermalEngine(  504): Unable to read max frequency from online cpu.
05-04 10:51:44.422 E/ThermalEngine(  504): Failed to set desired CPU[2] frequency limit to 1728000
05-04 10:51:44.424 E/ThermalEngine(  504): Unable to read max frequency from online cpu.
05-04 10:51:44.424 E/ThermalEngine(  504): Failed to set desired CPU[1] frequency limit to 1728000
05-04 10:51:45.894 E/ThermalEngine(  504): Unable to read max frequency from online cpu.
05-04 10:51:45.894 E/ThermalEngine(  504): Failed to set desired CPU[2] frequency limit to 1728000
05-04 10:51:45.904 E/ThermalEngine(  504): Unable to read max frequency from online cpu.
05-04 10:51:45.904 E/ThermalEngine(  504): Failed to set desired CPU[1] frequency limit to 1728000
05-04 10:51:49.338 E/ThermalEngine(  504): Unable to read max frequency from online cpu.
05-04 10:51:49.338 E/ThermalEngine(  504): Failed to set desired CPU[2] frequency limit to 1728000
05-04 10:51:49.340 E/ThermalEngine(  504): Unable to read max frequency from online cpu.
05-04 10:51:49.340 E/ThermalEngine(  504): Failed to set desired CPU[1] frequency limit to 1728000
05-04 10:51:50.358 E/ThermalEngine(  504): Unable to read max frequency from online cpu.
05-04 10:51:50.358 E/ThermalEngine(  504): Failed to set desired CPU[2] frequency limit to 1728000
05-04 10:51:50.361 E/ThermalEngine(  504): Unable to read max frequency from online cpu.
05-04 10:51:50.361 E/ThermalEngine(  504): Failed to set desired CPU[1] frequency limit to 1728000
05-04 10:51:51.323 E/ThermalEngine(  504): Unable to read max frequency from online cpu.
05-04 10:51:51.323 E/ThermalEngine(  504): Failed to set desired CPU[2] frequency limit to 1728000
05-04 10:51:52.191 E/ThermalEngine(  504): Unable to read max frequency from online cpu.
05-04 10:51:52.191 E/ThermalEngine(  504): Failed to set desired CPU[2] frequency limit to 1728000
05-04 10:51:52.947 E/ThermalEngine(  504): Unable to read max frequency from online cpu.
05-04 10:51:52.947 E/ThermalEngine(  504): Failed to set desired CPU[1] frequency limit to 1728000
05-04 10:51:53.573 E/ThermalEngine(  504): Unable to read max frequency from online cpu.
05-04 10:51:53.573 E/ThermalEngine(  504): Failed to set desired CPU[2] frequency limit to 1728000
05-04 10:51:53.576 E/ThermalEngine(  504): Unable to read max frequency from online cpu.
05-04 10:51:53.576 E/ThermalEngine(  504): Failed to set desired CPU[1] frequency limit to 1728000
05-04 10:51:53.932 E/ThermalEngine(  504): Unable to read max frequency from online cpu.
05-04 10:51:53.932 E/ThermalEngine(  504): Failed to set desired CPU[1] frequency limit to 1728000
05-04 10:51:54.658 E/QueryController(19596): Got null root node from accessibility - Retrying...
05-04 10:51:54.699 E/ThermalEngine(  504): Unable to read max frequency from online cpu.
05-04 10:51:54.699 E/ThermalEngine(  504): Failed to set desired CPU[2] frequency limit to 1728000
05-04 10:51:57.821 E/ThermalEngine(  504): Unable to read max frequency from online cpu.
05-04 10:51:57.822 E/ThermalEngine(  504): Failed to set desired CPU[2] frequency limit to 1728000
05-04 10:51:58.025 E/ThermalEngine(  504): Unable to read max frequency from online cpu.
05-04 10:51:58.025 E/ThermalEngine(  504): Failed to set desired CPU[1] frequency limit to 1728000
05-04 10:51:59.648 E/ThermalEngine(  504): Unable to read max frequency from online cpu.
05-04 10:51:59.648 E/ThermalEngine(  504): Failed to set desired CPU[2] frequency limit to 1728000
05-04 10:52:00.902 E/ThermalEngine(  504): Unable to read max frequency from online cpu.
05-04 10:52:00.902 E/ThermalEngine(  504): Failed to set desired CPU[3] frequency limit to 1728000
05-04 10:52:00.904 E/ThermalEngine(  504): Unable to read max frequency from online cpu.
05-04 10:52:00.904 E/ThermalEngine(  504): Failed to set desired CPU[2] frequency limit to 1728000
05-04 10:52:00.907 E/ThermalEngine(  504): Unable to read max frequency from online cpu.
05-04 10:52:00.907 E/ThermalEngine(  504): Failed to set desired CPU[1] frequency limit to 1728000
05-04 10:52:01.911 E/ThermalEngine(  504): Unable to read max frequency from online cpu.
05-04 10:52:01.911 E/ThermalEngine(  504): Failed to set desired CPU[2] frequency limit to 1728000
05-04 10:52:02.067 E/QueryController(19596): Got null root node from accessibility - Retrying...
05-04 10:52:02.923 E/ThermalEngine(  504): Unable to read max frequency from online cpu.
05-04 10:52:02.923 E/ThermalEngine(  504): Failed to set desired CPU[2] frequency limit to 1728000
05-04 10:52:02.926 E/ThermalEngine(  504): Unable to read max frequency from online cpu.
05-04 10:52:02.926 E/ThermalEngine(  504): Failed to set desired CPU[1] frequency limit to 1728000
05-04 10:52:03.995 E/ThermalEngine(  504): Unable to read max frequency from online cpu.
05-04 10:52:03.996 E/ThermalEngine(  504): Failed to set desired CPU[2] frequency limit to 1728000
05-04 10:52:05.064 E/ThermalEngine(  504): Unable to read max frequency from online cpu.
05-04 10:52:05.064 E/ThermalEngine(  504): Failed to set desired CPU[2] frequency limit to 1728000
05-04 10:52:05.072 E/ThermalEngine(  504): Unable to read max frequency from online cpu.
05-04 10:52:05.072 E/ThermalEngine(  504): Failed to set desired CPU[1] frequency limit to 1728000
05-04 10:52:05.985 E/ThermalEngine(  504): Unable to read max frequency from online cpu.
05-04 10:52:05.985 E/ThermalEngine(  504): Failed to set desired CPU[2] frequency limit to 1728000
05-04 10:52:06.015 E/LocSvc_libulp( 2941): I/int ulp_msg_process_system_update(UlpSystemEvent): systemEvent:5 
05-04 10:52:06.015 E/LocSvc_libulp( 2941): I/int ulp_msg_process_start_req(), at ulp state = 1
05-04 10:52:06.016 E/LocSvc_api_v02( 2941): I/---> locClientSendReq line 2020 QMI_LOC_GET_BEST_AVAILABLE_POSITION_REQ_V02
05-04 10:52:06.020 E/LocSvc_ApiV02( 2941): I/<--- void globalRespCb(locClientHandleType, uint32_t, locClientRespIndUnionType, void*) line 115 QMI_LOC_GET_BEST_AVAILABLE_POSITION_REQ_V02
05-04 10:52:06.021 E/LocSvc_libulp( 2941): I/int ulp_brain_process_zpp_position_report(loc_sess_status, LocPosTechMask, UlpLocation*), report ZPP position to providers,report_position = 1
05-04 10:52:06.021 E/IzatSvc_PassiveLocListener( 2941): E/Exiting with error virtual void izat_manager::IzatPassiveLocationListener::onLocationChanged(const izat_manager::IzatLocation*, izat_manager::IzatLocationStatus) line 113 "1"
05-04 10:52:06.088 E/ThermalEngine(  504): Unable to read max frequency from online cpu.
05-04 10:52:06.088 E/ThermalEngine(  504): Failed to set desired CPU[1] frequency limit to 1728000
05-04 10:52:06.558 E/ThermalEngine(  504): Unable to read max frequency from online cpu.
05-04 10:52:06.558 E/ThermalEngine(  504): Failed to set desired CPU[1] frequency limit to 1728000
05-04 10:52:07.256 E/QueryController(19596): Got null root node from accessibility - Retrying...
05-04 10:52:07.934 E/ThermalEngine(  504): Unable to read max frequency from online cpu.
05-04 10:52:07.934 E/ThermalEngine(  504): Failed to set desired CPU[2] frequency limit to 1728000
05-04 10:52:07.936 E/ThermalEngine(  504): Unable to read max frequency from online cpu.
05-04 10:52:07.936 E/ThermalEngine(  504): Failed to set desired CPU[1] frequency limit to 1728000
05-04 10:52:08.292 E/ThermalEngine(  504): Unable to read max frequency from online cpu.
05-04 10:52:08.292 E/ThermalEngine(  504): Failed to set desired CPU[1] frequency limit to 1728000
05-04 10:52:08.848 E/ThermalEngine(  504): Unable to read max frequency from online cpu.
05-04 10:52:08.848 E/ThermalEngine(  504): Failed to set desired CPU[1] frequency limit to 1728000
05-04 10:52:09.958 E/ThermalEngine(  504): Unable to read max frequency from online cpu.
05-04 10:52:09.958 E/ThermalEngine(  504): Failed to set desired CPU[1] frequency limit to 1728000
05-04 10:52:11.875 E/ThermalEngine(  504): Unable to read max frequency from online cpu.
05-04 10:52:11.875 E/ThermalEngine(  504): Failed to set desired CPU[1] frequency limit to 1728000
05-04 10:52:12.433 E/ThermalEngine(  504): Failed to set desired CPU[1] frequency limit to 1497600
05-04 10:52:12.434 E/ThermalEngine(  504): Failed to set desired CPU[2] frequency limit to 1497600
05-04 10:52:12.434 E/ThermalEngine(  504): Failed to set desired CPU[3] frequency limit to 1497600
05-04 10:52:13.784 E/ThermalEngine(  504): Failed to set desired CPU[2] frequency limit to 1728000
05-04 10:52:13.784 E/ThermalEngine(  504): Failed to set desired CPU[3] frequency limit to 1728000
05-04 10:52:14.658 E/ThermalEngine(  504): Unable to read max frequency from online cpu.
05-04 10:52:14.658 E/ThermalEngine(  504): Failed to set desired CPU[2] frequency limit to 1728000
05-04 10:52:16.980 E/ThermalEngine(  504): Unable to read max frequency from online cpu.
05-04 10:52:16.980 E/ThermalEngine(  504): Failed to set desired CPU[2] frequency limit to 1728000
05-04 10:52:16.982 E/ThermalEngine(  504): Unable to read max frequency from online cpu.
05-04 10:52:16.982 E/ThermalEngine(  504): Failed to set desired CPU[1] frequency limit to 1728000
05-04 10:52:18.359 E/ThermalEngine(  504): Unable to read max frequency from online cpu.
05-04 10:52:18.360 E/ThermalEngine(  504): Failed to set desired CPU[2] frequency limit to 1728000
05-04 10:52:18.864 E/ThermalEngine(  504): Unable to read max frequency from online cpu.
05-04 10:52:18.864 E/ThermalEngine(  504): Failed to set desired CPU[1] frequency limit to 1728000
05-04 10:52:19.277 E/ThermalEngine(  504): Unable to read max frequency from online cpu.
05-04 10:52:19.277 E/ThermalEngine(  504): Failed to set desired CPU[1] frequency limit to 1728000
05-04 10:52:20.201 E/ThermalEngine(  504): Unable to read max frequency from online cpu.
05-04 10:52:20.202 E/ThermalEngine(  504): Failed to set desired CPU[2] frequency limit to 1728000
05-04 10:52:20.204 E/ThermalEngine(  504): Unable to read max frequency from online cpu.
05-04 10:52:20.204 E/ThermalEngine(  504): Failed to set desired CPU[1] frequency limit to 1728000
05-04 10:52:21.079 E/ThermalEngine(  504): Unable to read max frequency from online cpu.
05-04 10:52:21.079 E/ThermalEngine(  504): Failed to set desired CPU[2] frequency limit to 1728000
05-04 10:52:21.182 E/ThermalEngine(  504): Unable to read max frequency from online cpu.
05-04 10:52:21.182 E/ThermalEngine(  504): Failed to set desired CPU[1] frequency limit to 1728000
05-04 10:52:22.707 E/ThermalEngine(  504): Unable to read max frequency from online cpu.
05-04 10:52:22.707 E/ThermalEngine(  504): Failed to set desired CPU[2] frequency limit to 1728000
05-04 10:52:22.759 E/ThermalEngine(  504): Unable to read max frequency from online cpu.
05-04 10:52:22.759 E/ThermalEngine(  504): Failed to set desired CPU[1] frequency limit to 1728000
05-04 10:52:23.893 E/ThermalEngine(  504): Unable to read max frequency from online cpu.
05-04 10:52:23.893 E/ThermalEngine(  504): Failed to set desired CPU[2] frequency limit to 1728000
05-04 10:52:26.159 E/ThermalEngine(  504): Unable to read max frequency from online cpu.
05-04 10:52:26.160 E/ThermalEngine(  504): Failed to set desired CPU[2] frequency limit to 1728000
05-04 10:52:26.212 E/ThermalEngine(  504): Unable to read max frequency from online cpu.
