05-03 12:09:48.184 E/PowerManagerService( 2941): Only X4,X3 support this feature for low power consumption!
05-03 12:09:48.184 E/PowerManagerService( 2941): Only X4,X3 support this feature for low power consumption!
05-03 12:14:06.599 E/PowerManagerService( 2941): Only X4,X3 support this feature for low power consumption!
05-03 12:14:06.688 E/PowerManagerService( 2941): Only X4,X3 support this feature for low power consumption!
05-03 12:14:06.688 E/PowerManagerService( 2941): Only X4,X3 support this feature for low power consumption!
05-03 12:14:06.689 E/PowerManagerService( 2941): Only X4,X3 support this feature for low power consumption!
05-03 12:14:13.344 E/PowerManagerService( 2941): Only X4,X3 support this feature for low power consumption!
05-03 12:14:13.357 E/PowerManagerService( 2941): Only X4,X3 support this feature for low power consumption!
05-03 12:16:04.407 E/PowerManagerService( 2941): Only X4,X3 support this feature for low power consumption!
05-03 12:16:04.426 E/PowerManagerService( 2941): Only X4,X3 support this feature for low power consumption!
05-03 12:23:14.038 E/PowerManagerService( 2941): Only X4,X3 support this feature for low power consumption!
05-03 12:23:14.068 E/PowerManagerService( 2941): Only X4,X3 support this feature for low power consumption!
05-03 12:24:18.638 E/PowerManagerService( 2941): Only X4,X3 support this feature for low power consumption!
05-03 12:24:19.157 E/PowerManagerService( 2941): Only X4,X3 support this feature for low power consumption!
05-03 12:24:19.168 E/PowerManagerService( 2941): Only X4,X3 support this feature for low power consumption!
05-03 12:24:40.369 E/PowerManagerService( 2941): Only X4,X3 support this feature for low power consumption!
05-03 12:28:15.758 E/PowerManagerService( 2941): Only X4,X3 support this feature for low power consumption!
05-03 12:28:15.775 E/PowerManagerService( 2941): Only X4,X3 support this feature for low power consumption!
05-03 12:28:15.790 E/PowerManagerService( 2941): Only X4,X3 support this feature for low power consumption!
05-03 12:28:15.828 E/PowerManagerService( 2941): Only X4,X3 support this feature for low power consumption!
05-03 12:28:15.840 E/PowerManagerService( 2941): Only X4,X3 support this feature for low power consumption!
05-03 12:28:15.850 E/PowerManagerService( 2941): Only X4,X3 support this feature for low power consumption!
05-03 12:28:15.861 E/PowerManagerService( 2941): Only X4,X3 support this feature for low power consumption!
05-03 12:28:15.878 E/PowerManagerService( 2941): Only X4,X3 support this feature for low power consumption!
05-03 12:28:20.720 E/PowerManagerService( 2941): Only X4,X3 support this feature for low power consumption!
05-03 12:28:20.727 E/PowerManagerService( 2941): Only X4,X3 support this feature for low power consumption!
05-03 12:32:15.322 E/PowerManagerService( 2941): Only X4,X3 support this feature for low power consumption!
05-03 12:32:15.363 E/PowerManagerService( 2941): Only X4,X3 support this feature for low power consumption!
05-03 12:39:38.843 E/PowerManagerService( 2941): Only X4,X3 support this feature for low power consumption!
05-03 12:39:39.381 E/PowerManagerService( 2941): Only X4,X3 support this feature for low power consumption!
05-03 12:39:39.397 E/PowerManagerService( 2941): Only X4,X3 support this feature for low power consumption!
05-03 12:39:41.223 E/PowerManagerService( 2941): Only X4,X3 support this feature for low power consumption!
05-03 12:41:16.736 E/PowerManagerService( 2941): Only X4,X3 support this feature for low power consumption!
05-03 12:41:16.757 E/PowerManagerService( 2941): Only X4,X3 support this feature for low power consumption!
05-03 12:50:19.863 E/PowerManagerService( 2941): Only X4,X3 support this feature for low power consumption!
05-03 12:50:19.871 E/PowerManagerService( 2941): Only X4,X3 support this feature for low power consumption!
05-03 12:54:39.858 E/PowerManagerService( 2941): Only X4,X3 support this feature for low power consumption!
05-03 12:54:40.396 E/PowerManagerService( 2941): Only X4,X3 support this feature for low power consumption!
05-03 12:54:40.414 E/PowerManagerService( 2941): Only X4,X3 support this feature for low power consumption!
05-03 12:54:42.652 E/PowerManagerService( 2941): Only X4,X3 support this feature for low power consumption!
05-03 12:54:42.653 E/PowerManagerService( 2941): Only X4,X3 support this feature for low power consumption!
05-03 12:54:44.480 E/PowerManagerService( 2941): Only X4,X3 support this feature for low power consumption!
05-03 12:55:43.127 E/PowerManagerService( 2941): Only X4,X3 support this feature for low power consumption!
05-03 12:56:12.265 E/NetlinkEvent(  452): NetlinkEvent::FindParam(): Parameter 'TIME_NS' not found
05-03 12:56:12.265 E/NetlinkEvent(  452): NetlinkEvent::FindParam(): Parameter 'UID' not found
05-03 12:56:12.865 E/NetlinkEvent(  452): NetlinkEvent::FindParam(): Parameter 'TIME_NS' not found
05-03 12:56:12.865 E/NetlinkEvent(  452): NetlinkEvent::FindParam(): Parameter 'UID' not found
05-03 12:56:13.487 E/PowerManagerService( 2941): Only X4,X3 support this feature for low power consumption!
05-03 12:56:16.877 E/NetdConnector( 2941): NDC Command {461 firewall enable_chain dozable} took too long (3380ms)
05-03 13:02:13.686 E/PowerManagerService( 2941): Only X4,X3 support this feature for low power consumption!
05-03 13:02:13.686 E/PowerManagerService( 2941): Only X4,X3 support this feature for low power consumption!
05-03 13:04:06.923 E/PowerManagerService( 2941): Only X4,X3 support this feature for low power consumption!
05-03 13:04:06.994 E/PowerManagerService( 2941): Only X4,X3 support this feature for low power consumption!
05-03 13:04:43.168 E/PowerManagerService( 2941): Only X4,X3 support this feature for low power consumption!
05-03 13:04:43.201 E/PowerManagerService( 2941): Only X4,X3 support this feature for low power consumption!
05-03 13:09:43.377 E/PowerManagerService( 2941): Only X4,X3 support this feature for low power consumption!
05-03 13:09:43.904 E/PowerManagerService( 2941): Only X4,X3 support this feature for low power consumption!
05-03 13:09:43.922 E/PowerManagerService( 2941): Only X4,X3 support this feature for low power consumption!
05-03 13:10:12.177 E/PowerManagerService( 2941): Only X4,X3 support this feature for low power consumption!
05-03 13:10:12.188 E/PowerManagerService( 2941): Only X4,X3 support this feature for low power consumption!
05-03 13:10:13.229 E/PowerManagerService( 2941): Only X4,X3 support this feature for low power consumption!
05-03 13:13:46.808 E/PowerManagerService( 2941): Only X4,X3 support this feature for low power consumption!
05-03 13:13:46.847 E/PowerManagerService( 2941): Only X4,X3 support this feature for low power consumption!
05-03 13:20:34.070 E/PowerManagerService( 2941): Only X4,X3 support this feature for low power consumption!
05-03 13:20:34.267 E/bt_a2dp_hw(  457): adev_set_parameters: ERROR: set param called even when stream out is null
05-03 13:20:35.287 E/NetdConnector( 2941): NDC Command {464 firewall disable_chain dozable} took too long (1157ms)
05-03 13:20:37.292 E/ActivityThread( 5064): Failed to find provider info for com.xiaomi.tv.gallerylockscreen.lockscreen_magazine_provider
05-03 13:20:38.420 E/ActivityManager( 2941): Invalid thumbnail dimensions: 0x0
05-03 13:27:09.239 E/ActivityManager( 2941): Invalid thumbnail dimensions: 0x0
05-03 13:27:14.218 E/ActivityManager( 2941): Invalid thumbnail dimensions: 0x0
05-03 13:27:15.772 E/ActivityManager( 2941): Invalid thumbnail dimensions: 0x0
05-03 13:29:12.574 E/libprocessgroup( 2941): failed to kill 1 processes for processgroup 23196
05-03 13:29:38.859 E/ActivityManager( 2941): Invalid thumbnail dimensions: 0x0
05-03 13:31:10.628 E/ActivityManager( 2941): Invalid thumbnail dimensions: 0x0
05-03 13:31:15.236 E/ActivityManager( 2941): Invalid thumbnail dimensions: 0x0
05-03 13:31:16.766 E/ActivityManager( 2941): Invalid thumbnail dimensions: 0x0
05-03 13:34:45.314 E/ActivityManager( 2941): Invalid thumbnail dimensions: 0x0
05-03 14:08:32.794 E/ActivityManager( 2941): Invalid thumbnail dimensions: 0x0
05-03 14:08:50.027 E/ConnectivityService( 2941): RemoteException caught trying to send a callback msg for NetworkRequest [ id=6, legacyType=-1, [ Capabilities: INTERNET&NOT_RESTRICTED&TRUSTED] ]
05-03 14:08:50.028 E/ConnectivityService( 2941): RemoteException caught trying to send a callback msg for NetworkRequest [ id=5, legacyType=-1, [ Capabilities: INTERNET&NOT_RESTRICTED&TRUSTED] ]
05-03 14:08:50.294 E/ActivityManager( 2941): Invalid thumbnail dimensions: 0x0
05-03 14:08:59.571 E/ActivityThread( 2989): Failed to find provider info for com.android.updater.provider
05-03 14:09:02.822 E/ActivityManager( 2941): Invalid thumbnail dimensions: 0x0
05-03 14:09:10.696 E/ActivityManager( 2941): Invalid thumbnail dimensions: 0x0
05-03 14:10:10.775 E/ConnectivityService( 2941): RemoteException caught trying to send a callback msg for NetworkRequest [ id=8, legacyType=-1, [ Capabilities: INTERNET&NOT_RESTRICTED&TRUSTED] ]
05-03 17:03:35.162 E/ActivityManager( 2941): Invalid thumbnail dimensions: 0x0
05-03 17:03:40.157 E/ActivityManager( 2941): Invalid thumbnail dimensions: 0x0
05-03 17:03:41.597 E/ActivityManager( 2941): Invalid thumbnail dimensions: 0x0
05-03 17:08:02.945 E/ActivityManager( 2941): Invalid thumbnail dimensions: 0x0
05-03 17:15:06.208 E/ActivityManager( 2941): Invalid thumbnail dimensions: 0x0
05-03 17:15:11.004 E/ActivityManager( 2941): Invalid thumbnail dimensions: 0x0
05-03 17:15:12.255 E/ActivityManager( 2941): Invalid thumbnail dimensions: 0x0
05-03 17:17:14.684 E/ActivityManager( 2941): Invalid thumbnail dimensions: 0x0
05-03 17:18:47.776 E/ActivityManager( 2941): Invalid thumbnail dimensions: 0x0
05-03 17:18:52.860 E/ActivityManager( 2941): Invalid thumbnail dimensions: 0x0
05-03 17:18:54.169 E/ActivityManager( 2941): Invalid thumbnail dimensions: 0x0
05-03 17:22:02.852 E/ActivityManager( 2941): Invalid thumbnail dimensions: 0x0
05-03 17:35:30.905 E/ActivityManager( 2941): Invalid thumbnail dimensions: 0x0
05-03 17:35:36.135 E/ActivityManager( 2941): Invalid thumbnail dimensions: 0x0
05-03 17:35:37.419 E/ActivityManager( 2941): Invalid thumbnail dimensions: 0x0
05-03 17:37:34.531 E/ActivityManager( 2941): Invalid thumbnail dimensions: 0x0
05-03 17:37:39.513 E/ActivityManager( 2941): Invalid thumbnail dimensions: 0x0
05-03 17:37:40.779 E/ActivityManager( 2941): Invalid thumbnail dimensions: 0x0
05-03 17:40:31.201 E/ActivityManager( 2941): Invalid thumbnail dimensions: 0x0
05-03 17:40:35.840 E/ActivityManager( 2941): Invalid thumbnail dimensions: 0x0
05-03 17:40:37.062 E/ActivityManager( 2941): Invalid thumbnail dimensions: 0x0
05-03 17:44:44.284 E/ActivityManager( 2941): Invalid thumbnail dimensions: 0x0
05-03 17:47:30.468 E/ActivityManager( 2941): Invalid thumbnail dimensions: 0x0
05-03 17:47:35.426 E/ActivityManager( 2941): Invalid thumbnail dimensions: 0x0
05-03 17:47:36.618 E/ActivityManager( 2941): Invalid thumbnail dimensions: 0x0
05-03 17:50:53.210 E/ActivityManager( 2941): Invalid thumbnail dimensions: 0x0
05-03 17:50:59.291 E/ActivityManager( 2941): Invalid thumbnail dimensions: 0x0
05-03 17:51:00.465 E/ActivityManager( 2941): Invalid thumbnail dimensions: 0x0
05-03 17:54:21.212 E/ActivityManager( 2941): Invalid thumbnail dimensions: 0x0
05-03 17:54:25.794 E/ActivityManager( 2941): Invalid thumbnail dimensions: 0x0
05-03 17:54:27.010 E/ActivityManager( 2941): Invalid thumbnail dimensions: 0x0
--------- beginning of crash
05-03 17:59:29.771 E/AndroidRuntime(12248): *** FATAL EXCEPTION IN SYSTEM PROCESS: main
05-03 17:59:29.771 E/AndroidRuntime(12248): java.lang.IllegalStateException: UiAutomationService android.accessibilityservice.IAccessibilityServiceClient$Stub$Proxy@966603aalready registered!
05-03 17:59:29.771 E/AndroidRuntime(12248): 	at android.os.Parcel.readException(Parcel.java:1628)
05-03 17:59:29.771 E/AndroidRuntime(12248): 	at android.os.Parcel.readException(Parcel.java:1573)
05-03 17:59:29.771 E/AndroidRuntime(12248): 	at android.view.accessibility.IAccessibilityManager$Stub$Proxy.registerUiTestAutomationService(IAccessibilityManager.java:352)
05-03 17:59:29.771 E/AndroidRuntime(12248): 	at android.app.UiAutomationConnection.registerUiTestAutomationServiceLocked(UiAutomationConnection.java:337)
05-03 17:59:29.771 E/AndroidRuntime(12248): 	at android.app.UiAutomationConnection.connect(UiAutomationConnection.java:89)
05-03 17:59:29.771 E/AndroidRuntime(12248): 	at android.app.UiAutomation.connect(UiAutomation.java:197)
05-03 17:59:29.771 E/AndroidRuntime(12248): 	at com.android.uiautomator.core.UiAutomationShellWrapper.connect(UiAutomationShellWrapper.java:32)
05-03 17:59:29.771 E/AndroidRuntime(12248): 	at com.android.commands.uiautomator.DumpCommand.run(DumpCommand.java:74)
05-03 17:59:29.771 E/AndroidRuntime(12248): 	at com.android.commands.uiautomator.Launcher.main(Launcher.java:83)
05-03 17:59:29.771 E/AndroidRuntime(12248): 	at com.android.internal.os.RuntimeInit.nativeFinishInit(Native Method)
05-03 17:59:29.771 E/AndroidRuntime(12248): 	at com.android.internal.os.RuntimeInit.main(RuntimeInit.java:316)
05-03 17:59:29.806 E/AndroidRuntime(12248): Error reporting crash
05-03 17:59:29.806 E/AndroidRuntime(12248): java.lang.RuntimeException: Bad file descriptor
05-03 17:59:29.806 E/AndroidRuntime(12248): 	at android.os.BinderProxy.transactNative(Native Method)
05-03 17:59:29.806 E/AndroidRuntime(12248): 	at android.os.BinderProxy.transact(Binder.java:506)
05-03 17:59:29.806 E/AndroidRuntime(12248): 	at android.os.ServiceManagerProxy.getService(ServiceManagerNative.java:123)
05-03 17:59:29.806 E/AndroidRuntime(12248): 	at android.os.ServiceManager.getService(ServiceManager.java:55)
05-03 17:59:29.806 E/AndroidRuntime(12248): 	at miui.mqsas.sdk.MQSEventManagerDelegate.getMQSService(MQSEventManagerDelegate.java:85)
05-03 17:59:29.806 E/AndroidRuntime(12248): 	at miui.mqsas.sdk.MQSEventManagerDelegate.reportJavaExceptionEvent(MQSEventManagerDelegate.java:36)
05-03 17:59:29.806 E/AndroidRuntime(12248): 	at com.android.internal.os.RuntimeInitInjector.onJE(RuntimeInitInjector.java:58)
05-03 17:59:29.806 E/AndroidRuntime(12248): 	at com.android.internal.os.RuntimeInit$UncaughtHandler.uncaughtException(RuntimeInit.java:134)
05-03 17:59:29.806 E/AndroidRuntime(12248): 	at java.lang.ThreadGroup.uncaughtException(ThreadGroup.java:693)
05-03 17:59:29.806 E/AndroidRuntime(12248): 	at java.lang.ThreadGroup.uncaughtException(ThreadGroup.java:690)
05-03 17:59:46.230 E/AndroidRuntime(12273): *** FATAL EXCEPTION IN SYSTEM PROCESS: main
05-03 17:59:46.230 E/AndroidRuntime(12273): java.lang.IllegalStateException: UiAutomationService android.accessibilityservice.IAccessibilityServiceClient$Stub$Proxy@8c4d4ebalready registered!
05-03 17:59:46.230 E/AndroidRuntime(12273): 	at android.os.Parcel.readException(Parcel.java:1628)
05-03 17:59:46.230 E/AndroidRuntime(12273): 	at android.os.Parcel.readException(Parcel.java:1573)
05-03 17:59:46.230 E/AndroidRuntime(12273): 	at android.view.accessibility.IAccessibilityManager$Stub$Proxy.registerUiTestAutomationService(IAccessibilityManager.java:352)
05-03 17:59:46.230 E/AndroidRuntime(12273): 	at android.app.UiAutomationConnection.registerUiTestAutomationServiceLocked(UiAutomationConnection.java:337)
05-03 17:59:46.230 E/AndroidRuntime(12273): 	at android.app.UiAutomationConnection.connect(UiAutomationConnection.java:89)
05-03 17:59:46.230 E/AndroidRuntime(12273): 	at android.app.UiAutomation.connect(UiAutomation.java:197)
05-03 17:59:46.230 E/AndroidRuntime(12273): 	at com.android.uiautomator.core.UiAutomationShellWrapper.connect(UiAutomationShellWrapper.java:32)
05-03 17:59:46.230 E/AndroidRuntime(12273): 	at com.android.commands.uiautomator.DumpCommand.run(DumpCommand.java:74)
05-03 17:59:46.230 E/AndroidRuntime(12273): 	at com.android.commands.uiautomator.Launcher.main(Launcher.java:83)
05-03 17:59:46.230 E/AndroidRuntime(12273): 	at com.android.internal.os.RuntimeInit.nativeFinishInit(Native Method)
05-03 17:59:46.230 E/AndroidRuntime(12273): 	at com.android.internal.os.RuntimeInit.main(RuntimeInit.java:316)
05-03 17:59:46.235 E/AndroidRuntime(12273): Error reporting crash
05-03 17:59:46.235 E/AndroidRuntime(12273): java.lang.RuntimeException: Bad file descriptor
05-03 17:59:46.235 E/AndroidRuntime(12273): 	at android.os.BinderProxy.transactNative(Native Method)
05-03 17:59:46.235 E/AndroidRuntime(12273): 	at android.os.BinderProxy.transact(Binder.java:506)
05-03 17:59:46.235 E/AndroidRuntime(12273): 	at android.os.ServiceManagerProxy.getService(ServiceManagerNative.java:123)
05-03 17:59:46.235 E/AndroidRuntime(12273): 	at android.os.ServiceManager.getService(ServiceManager.java:55)
05-03 17:59:46.235 E/AndroidRuntime(12273): 	at miui.mqsas.sdk.MQSEventManagerDelegate.getMQSService(MQSEventManagerDelegate.java:85)
05-03 17:59:46.235 E/AndroidRuntime(12273): 	at miui.mqsas.sdk.MQSEventManagerDelegate.reportJavaExceptionEvent(MQSEventManagerDelegate.java:36)
05-03 17:59:46.235 E/AndroidRuntime(12273): 	at com.android.internal.os.RuntimeInitInjector.onJE(RuntimeInitInjector.java:58)
05-03 17:59:46.235 E/AndroidRuntime(12273): 	at com.android.internal.os.RuntimeInit$UncaughtHandler.uncaughtException(RuntimeInit.java:134)
05-03 17:59:46.235 E/AndroidRuntime(12273): 	at java.lang.ThreadGroup.uncaughtException(ThreadGroup.java:693)
05-03 17:59:46.235 E/AndroidRuntime(12273): 	at java.lang.ThreadGroup.uncaughtException(ThreadGroup.java:690)
05-03 17:59:49.666 E/ActivityManager( 2941): Invalid thumbnail dimensions: 0x0
05-03 18:02:29.475 E/ActivityManager( 2941): Invalid thumbnail dimensions: 0x0
05-03 18:02:35.081 E/ActivityManager( 2941): Invalid thumbnail dimensions: 0x0
05-03 18:02:36.330 E/ActivityManager( 2941): Invalid thumbnail dimensions: 0x0
05-03 18:08:04.059 E/ActivityManager( 2941): Invalid thumbnail dimensions: 0x0
05-03 18:26:27.191 E/ActivityManager( 2941): Invalid thumbnail dimensions: 0x0
05-03 18:26:32.976 E/ActivityThread(11527): Failed to find provider info for com.android.updater.provider
05-03 18:26:39.558 E/ActivityManager( 2941): Invalid thumbnail dimensions: 0x0
05-03 18:27:05.207 E/ActivityManager( 2941): Invalid thumbnail dimensions: 0x0
05-03 18:28:05.272 E/ConnectivityService( 2941): RemoteException caught trying to send a callback msg for NetworkRequest [ id=12, legacyType=-1, [ Capabilities: INTERNET&NOT_RESTRICTED&TRUSTED] ]
05-03 18:29:04.354 E/ActivityManager( 2941): Invalid thumbnail dimensions: 0x0
05-03 18:29:08.948 E/ActivityManager( 2941): Invalid thumbnail dimensions: 0x0
05-03 18:29:10.236 E/ActivityManager( 2941): Invalid thumbnail dimensions: 0x0
05-03 18:54:46.004 E/ActivityManager( 2941): Invalid thumbnail dimensions: 0x0
05-03 18:58:45.112 E/ActivityManager( 2941): Invalid thumbnail dimensions: 0x0
05-03 19:11:05.780 E/NetlinkEvent(  452): NetlinkEvent::FindParam(): Parameter 'TIME_NS' not found
05-03 19:11:05.780 E/NetlinkEvent(  452): NetlinkEvent::FindParam(): Parameter 'UID' not found
05-03 19:11:11.852 E/NetlinkEvent(  452): NetlinkEvent::FindParam(): Parameter 'TIME_NS' not found
05-03 19:11:11.852 E/NetlinkEvent(  452): NetlinkEvent::FindParam(): Parameter 'UID' not found
05-03 19:27:20.460 E/NetlinkEvent(  452): NetlinkEvent::FindParam(): Parameter 'TIME_NS' not found
05-03 19:27:20.461 E/NetlinkEvent(  452): NetlinkEvent::FindParam(): Parameter 'UID' not found
05-03 19:27:20.664 E/NetlinkEvent(  452): NetlinkEvent::FindParam(): Parameter 'TIME_NS' not found
05-03 19:27:20.664 E/NetlinkEvent(  452): NetlinkEvent::FindParam(): Parameter 'UID' not found
05-03 19:29:39.500 E/NetlinkEvent(  452): NetlinkEvent::FindParam(): Parameter 'TIME_NS' not found
05-03 19:29:39.500 E/NetlinkEvent(  452): NetlinkEvent::FindParam(): Parameter 'UID' not found
05-03 19:29:40.855 E/NetlinkEvent(  452): NetlinkEvent::FindParam(): Parameter 'TIME_NS' not found
05-03 19:29:40.855 E/NetlinkEvent(  452): NetlinkEvent::FindParam(): Parameter 'UID' not found
05-03 19:41:24.620 E/NetlinkEvent(  452): NetlinkEvent::FindParam(): Parameter 'TIME_NS' not found
05-03 19:41:24.620 E/NetlinkEvent(  452): NetlinkEvent::FindParam(): Parameter 'UID' not found
05-03 19:41:29.161 E/NetlinkEvent(  452): NetlinkEvent::FindParam(): Parameter 'TIME_NS' not found
05-03 19:41:29.161 E/NetlinkEvent(  452): NetlinkEvent::FindParam(): Parameter 'UID' not found
05-03 19:42:59.139 E/NetlinkEvent(  452): NetlinkEvent::FindParam(): Parameter 'TIME_NS' not found
05-03 19:42:59.140 E/NetlinkEvent(  452): NetlinkEvent::FindParam(): Parameter 'UID' not found
05-03 19:43:07.463 E/NetlinkEvent(  452): NetlinkEvent::FindParam(): Parameter 'TIME_NS' not found
05-03 19:43:07.464 E/NetlinkEvent(  452): NetlinkEvent::FindParam(): Parameter 'UID' not found
05-03 20:00:17.900 E/NetlinkEvent(  452): NetlinkEvent::FindParam(): Parameter 'TIME_NS' not found
05-03 20:00:17.900 E/NetlinkEvent(  452): NetlinkEvent::FindParam(): Parameter 'UID' not found
05-03 20:00:18.742 E/NetlinkEvent(  452): NetlinkEvent::FindParam(): Parameter 'TIME_NS' not found
05-03 20:00:18.744 E/NetlinkEvent(  452): NetlinkEvent::FindParam(): Parameter 'UID' not found
05-03 20:18:59.900 E/NetlinkEvent(  452): NetlinkEvent::FindParam(): Parameter 'TIME_NS' not found
05-03 20:18:59.900 E/NetlinkEvent(  452): NetlinkEvent::FindParam(): Parameter 'UID' not found
05-03 20:19:07.094 E/NetlinkEvent(  452): NetlinkEvent::FindParam(): Parameter 'TIME_NS' not found
05-03 20:19:07.094 E/NetlinkEvent(  452): NetlinkEvent::FindParam(): Parameter 'UID' not found
05-03 20:20:34.680 E/ActivityThread(10142): Failed to find provider info for com.qihoo.browser.urlverify
05-03 20:20:40.121 E/ActivityManager( 2941): Invalid thumbnail dimensions: 0x0
05-03 20:29:05.820 E/NetlinkEvent(  452): NetlinkEvent::FindParam(): Parameter 'TIME_NS' not found
05-03 20:29:05.820 E/NetlinkEvent(  452): NetlinkEvent::FindParam(): Parameter 'UID' not found
05-03 20:29:10.030 E/NetlinkEvent(  452): NetlinkEvent::FindParam(): Parameter 'TIME_NS' not found
05-03 20:29:10.031 E/NetlinkEvent(  452): NetlinkEvent::FindParam(): Parameter 'UID' not found
05-03 20:49:09.740 E/NetlinkEvent(  452): NetlinkEvent::FindParam(): Parameter 'TIME_NS' not found
05-03 20:49:09.740 E/NetlinkEvent(  452): NetlinkEvent::FindParam(): Parameter 'UID' not found
05-03 20:49:12.219 E/NetlinkEvent(  452): NetlinkEvent::FindParam(): Parameter 'TIME_NS' not found
05-03 20:49:12.219 E/NetlinkEvent(  452): NetlinkEvent::FindParam(): Parameter 'UID' not found
05-03 21:00:58.702 E/ActivityManager( 2941): Invalid thumbnail dimensions: 0x0
05-03 21:00:58.961 E/ActivityThread( 4428): Failed to find provider info for com.xiaomi.tv.gallerylockscreen.lockscreen_magazine_provider
05-03 21:00:58.961 E/ActivityThread( 4428): Failed to find provider info for com.xiaomi.tv.gallerylockscreen.lockscreen_magazine_provider
05-03 21:00:58.973 E/ActivityThread( 4428): Failed to find provider info for com.xiaomi.tv.gallerylockscreen.lockscreen_magazine_provider
05-03 21:00:59.122 E/bt_a2dp_hw(  457): adev_set_parameters: ERROR: set param called even when stream out is null
05-03 21:01:01.125 E/PowerManagerService( 2941): Only X4,X3 support this feature for low power consumption!
05-03 21:01:08.269 E/PowerManagerService( 2941): Only X4,X3 support this feature for low power consumption!
05-03 21:01:08.348 E/PowerManagerService( 2941): Only X4,X3 support this feature for low power consumption!
05-03 21:04:07.018 E/PowerManagerService( 2941): Only X4,X3 support this feature for low power consumption!
05-03 21:04:07.201 E/PowerManagerService( 2941): Only X4,X3 support this feature for low power consumption!
05-03 21:05:35.937 E/PowerManagerService( 2941): Only X4,X3 support this feature for low power consumption!
05-03 21:05:36.315 E/PowerManagerService( 2941): Only X4,X3 support this feature for low power consumption!
05-03 21:08:06.896 E/PowerManagerService( 2941): Only X4,X3 support this feature for low power consumption!
05-03 21:08:07.599 E/PowerManagerService( 2941): Only X4,X3 support this feature for low power consumption!
05-03 21:08:07.607 E/PowerManagerService( 2941): Only X4,X3 support this feature for low power consumption!
05-03 21:08:07.765 E/PowerManagerService( 2941): Only X4,X3 support this feature for low power consumption!
05-03 21:08:07.766 E/PowerManagerService( 2941): Only X4,X3 support this feature for low power consumption!
05-03 21:08:09.802 E/PowerManagerService( 2941): Only X4,X3 support this feature for low power consumption!
05-03 21:10:34.689 E/PowerManagerService( 2941): Only X4,X3 support this feature for low power consumption!
05-03 21:10:34.752 E/PowerManagerService( 2941): Only X4,X3 support this feature for low power consumption!
05-03 21:13:09.933 E/PowerManagerService( 2941): Only X4,X3 support this feature for low power consumption!
05-03 21:13:15.316 E/PowerManagerService( 2941): Only X4,X3 support this feature for low power consumption!
05-03 21:14:05.431 E/PowerManagerService( 2941): Only X4,X3 support this feature for low power consumption!
05-03 21:14:05.748 E/PowerManagerService( 2941): Only X4,X3 support this feature for low power consumption!
05-03 21:15:35.515 E/PowerManagerService( 2941): Only X4,X3 support this feature for low power consumption!
05-03 21:15:35.565 E/PowerManagerService( 2941): Only X4,X3 support this feature for low power consumption!
05-03 21:17:42.150 E/PowerManagerService( 2941): Only X4,X3 support this feature for low power consumption!
05-03 21:17:42.806 E/PowerManagerService( 2941): Only X4,X3 support this feature for low power consumption!
05-03 21:19:06.467 E/PowerManagerService( 2941): Only X4,X3 support this feature for low power consumption!
05-03 21:19:06.666 E/PowerManagerService( 2941): Only X4,X3 support this feature for low power consumption!
05-03 21:20:35.399 E/PowerManagerService( 2941): Only X4,X3 support this feature for low power consumption!
05-03 21:20:35.454 E/PowerManagerService( 2941): Only X4,X3 support this feature for low power consumption!
05-03 21:23:17.852 E/PowerManagerService( 2941): Only X4,X3 support this feature for low power consumption!
05-03 21:23:23.144 E/PowerManagerService( 2941): Only X4,X3 support this feature for low power consumption!
05-03 21:24:05.111 E/PowerManagerService( 2941): Only X4,X3 support this feature for low power consumption!
05-03 21:24:06.802 E/PowerManagerService( 2941): Only X4,X3 support this feature for low power consumption!
05-03 21:25:35.508 E/PowerManagerService( 2941): Only X4,X3 support this feature for low power consumption!
05-03 21:25:35.605 E/PowerManagerService( 2941): Only X4,X3 support this feature for low power consumption!
05-03 21:26:13.604 E/PowerManagerService( 2941): Only X4,X3 support this feature for low power consumption!
05-03 21:26:13.676 E/PowerManagerService( 2941): Only X4,X3 support this feature for low power consumption!
05-03 21:30:36.781 E/PowerManagerService( 2941): Only X4,X3 support this feature for low power consumption!
05-03 21:30:36.842 E/PowerManagerService( 2941): Only X4,X3 support this feature for low power consumption!
05-03 21:33:20.064 E/PowerManagerService( 2941): Only X4,X3 support this feature for low power consumption!
05-03 21:33:20.164 E/PowerManagerService( 2941): Only X4,X3 support this feature for low power consumption!
05-03 21:34:05.253 E/PowerManagerService( 2941): Only X4,X3 support this feature for low power consumption!
05-03 21:34:05.575 E/PowerManagerService( 2941): Only X4,X3 support this feature for low power consumption!
05-03 21:35:35.412 E/PowerManagerService( 2941): Only X4,X3 support this feature for low power consumption!
05-03 21:35:35.466 E/PowerManagerService( 2941): Only X4,X3 support this feature for low power consumption!
05-03 21:38:18.482 E/PowerManagerService( 2941): Only X4,X3 support this feature for low power consumption!
05-03 21:38:19.005 E/PowerManagerService( 2941): Only X4,X3 support this feature for low power consumption!
05-03 21:38:19.022 E/PowerManagerService( 2941): Only X4,X3 support this feature for low power consumption!
05-03 21:38:19.246 E/PowerManagerService( 2941): Only X4,X3 support this feature for low power consumption!
05-03 21:38:19.250 E/PowerManagerService( 2941): Only X4,X3 support this feature for low power consumption!
05-03 21:38:20.970 E/PowerManagerService( 2941): Only X4,X3 support this feature for low power consumption!
05-03 21:38:23.125 E/PowerManagerService( 2941): Only X4,X3 support this feature for low power consumption!
05-03 21:38:28.438 E/PowerManagerService( 2941): Only X4,X3 support this feature for low power consumption!
05-03 21:40:36.557 E/PowerManagerService( 2941): Only X4,X3 support this feature for low power consumption!
05-03 21:40:36.614 E/NetdConnector( 2941): NDC Command {536 firewall enable_chain dozable} took too long (122439ms)
05-03 21:40:36.615 E/PowerManagerService( 2941): Only X4,X3 support this feature for low power consumption!
05-03 21:41:13.514 E/PowerManagerService( 2941): Only X4,X3 support this feature for low power consumption!
05-03 21:41:13.579 E/PowerManagerService( 2941): Only X4,X3 support this feature for low power consumption!
05-03 21:44:08.080 E/PowerManagerService( 2941): Only X4,X3 support this feature for low power consumption!
05-03 21:44:08.352 E/PowerManagerService( 2941): Only X4,X3 support this feature for low power consumption!
05-03 21:45:35.030 E/PowerManagerService( 2941): Only X4,X3 support this feature for low power consumption!
05-03 21:45:35.097 E/PowerManagerService( 2941): Only X4,X3 support this feature for low power consumption!
05-03 21:46:08.263 E/PowerManagerService( 2941): Only X4,X3 support this feature for low power consumption!
05-03 21:46:08.879 E/PowerManagerService( 2941): Only X4,X3 support this feature for low power consumption!
05-03 21:49:08.145 E/PowerManagerService( 2941): Only X4,X3 support this feature for low power consumption!
05-03 21:49:08.218 E/PowerManagerService( 2941): Only X4,X3 support this feature for low power consumption!
05-03 21:50:35.981 E/PowerManagerService( 2941): Only X4,X3 support this feature for low power consumption!
05-03 21:50:36.047 E/PowerManagerService( 2941): Only X4,X3 support this feature for low power consumption!
05-03 21:53:31.539 E/PowerManagerService( 2941): Only X4,X3 support this feature for low power consumption!
05-03 21:53:36.828 E/PowerManagerService( 2941): Only X4,X3 support this feature for low power consumption!
05-03 21:54:05.570 E/PowerManagerService( 2941): Only X4,X3 support this feature for low power consumption!
05-03 21:54:05.807 E/NetdConnector( 2941): NDC Command {538 firewall enable_chain dozable} took too long (28964ms)
05-03 21:54:05.852 E/PowerManagerService( 2941): Only X4,X3 support this feature for low power consumption!
05-03 21:55:35.599 E/PowerManagerService( 2941): Only X4,X3 support this feature for low power consumption!
05-03 21:55:35.642 E/PowerManagerService( 2941): Only X4,X3 support this feature for low power consumption!
05-03 21:56:02.661 E/PowerManagerService( 2941): Only X4,X3 support this feature for low power consumption!
05-03 21:56:02.711 E/PowerManagerService( 2941): Only X4,X3 support this feature for low power consumption!
05-03 21:56:47.900 E/PowerManagerService( 2941): Only X4,X3 support this feature for low power consumption!
05-03 21:56:48.064 E/PowerManagerService( 2941): Only X4,X3 support this feature for low power consumption!
05-03 22:00:01.007 E/PowerManagerService( 2941): Only X4,X3 support this feature for low power consumption!
05-03 22:00:01.112 E/PowerManagerService( 2941): Only X4,X3 support this feature for low power consumption!
05-03 22:00:10.842 E/PowerManagerService( 2941): Only X4,X3 support this feature for low power consumption!
05-03 22:00:10.906 E/PowerManagerService( 2941): Only X4,X3 support this feature for low power consumption!
05-03 22:00:10.907 E/PowerManagerService( 2941): Only X4,X3 support this feature for low power consumption!
05-03 22:00:11.432 E/PowerManagerService( 2941): Only X4,X3 support this feature for low power consumption!
05-03 22:00:17.333 E/PowerManagerService( 2941): Only X4,X3 support this feature for low power consumption!
05-03 22:00:17.407 E/PowerManagerService( 2941): Only X4,X3 support this feature for low power consumption!
05-03 22:00:34.474 E/PowerManagerService( 2941): Only X4,X3 support this feature for low power consumption!
05-03 22:00:34.508 E/PowerManagerService( 2941): Only X4,X3 support this feature for low power consumption!
05-03 22:00:54.920 E/PowerManagerService( 2941): Only X4,X3 support this feature for low power consumption!
05-03 22:00:54.941 E/PowerManagerService( 2941): Only X4,X3 support this feature for low power consumption!
05-03 22:01:08.265 E/PowerManagerService( 2941): Only X4,X3 support this feature for low power consumption!
05-03 22:01:08.534 E/PowerManagerService( 2941): Only X4,X3 support this feature for low power consumption!
05-03 22:01:12.629 E/PowerManagerService( 2941): Only X4,X3 support this feature for low power consumption!
05-03 22:01:12.659 E/PowerManagerService( 2941): Only X4,X3 support this feature for low power consumption!
05-03 22:01:31.998 E/PowerManagerService( 2941): Only X4,X3 support this feature for low power consumption!
05-03 22:01:32.031 E/PowerManagerService( 2941): Only X4,X3 support this feature for low power consumption!
05-03 22:03:12.321 E/PowerManagerService( 2941): Only X4,X3 support this feature for low power consumption!
05-03 22:03:12.343 E/PowerManagerService( 2941): Only X4,X3 support this feature for low power consumption!
05-03 22:03:19.699 E/PowerManagerService( 2941): Only X4,X3 support this feature for low power consumption!
05-03 22:03:19.742 E/PowerManagerService( 2941): Only X4,X3 support this feature for low power consumption!
05-03 22:04:05.004 E/PowerManagerService( 2941): Only X4,X3 support this feature for low power consumption!
05-03 22:04:05.318 E/PowerManagerService( 2941): Only X4,X3 support this feature for low power consumption!
05-03 22:04:10.488 E/PowerManagerService( 2941): Only X4,X3 support this feature for low power consumption!
05-03 22:04:10.514 E/PowerManagerService( 2941): Only X4,X3 support this feature for low power consumption!
05-03 22:04:19.235 E/PowerManagerService( 2941): Only X4,X3 support this feature for low power consumption!
05-03 22:04:19.268 E/PowerManagerService( 2941): Only X4,X3 support this feature for low power consumption!
05-03 22:04:34.656 E/PowerManagerService( 2941): Only X4,X3 support this feature for low power consumption!
05-03 22:04:34.685 E/PowerManagerService( 2941): Only X4,X3 support this feature for low power consumption!
05-03 22:04:46.158 E/PowerManagerService( 2941): Only X4,X3 support this feature for low power consumption!
05-03 22:04:46.268 E/PowerManagerService( 2941): Only X4,X3 support this feature for low power consumption!
05-03 22:05:34.736 E/PowerManagerService( 2941): Only X4,X3 support this feature for low power consumption!
05-03 22:05:34.794 E/PowerManagerService( 2941): Only X4,X3 support this feature for low power consumption!
05-03 22:05:42.617 E/PowerManagerService( 2941): Only X4,X3 support this feature for low power consumption!
05-03 22:05:42.648 E/PowerManagerService( 2941): Only X4,X3 support this feature for low power consumption!
05-03 22:06:03.232 E/PowerManagerService( 2941): Only X4,X3 support this feature for low power consumption!
05-03 22:06:03.272 E/PowerManagerService( 2941): Only X4,X3 support this feature for low power consumption!
05-03 22:06:13.829 E/PowerManagerService( 2941): Only X4,X3 support this feature for low power consumption!
05-03 22:06:13.877 E/PowerManagerService( 2941): Only X4,X3 support this feature for low power consumption!
05-03 22:06:18.706 E/PowerManagerService( 2941): Only X4,X3 support this feature for low power consumption!
05-03 22:06:18.826 E/PowerManagerService( 2941): Only X4,X3 support this feature for low power consumption!
05-03 22:06:29.637 E/PowerManagerService( 2941): Only X4,X3 support this feature for low power consumption!
05-03 22:06:29.658 E/PowerManagerService( 2941): Only X4,X3 support this feature for low power consumption!
05-03 22:06:40.643 E/PowerManagerService( 2941): Only X4,X3 support this feature for low power consumption!
05-03 22:06:40.671 E/PowerManagerService( 2941): Only X4,X3 support this feature for low power consumption!
05-03 22:08:02.246 E/PowerManagerService( 2941): Only X4,X3 support this feature for low power consumption!
05-03 22:08:02.289 E/PowerManagerService( 2941): Only X4,X3 support this feature for low power consumption!
05-03 22:08:08.270 E/PowerManagerService( 2941): Only X4,X3 support this feature for low power consumption!
05-03 22:08:08.311 E/PowerManagerService( 2941): Only X4,X3 support this feature for low power consumption!
05-03 22:08:23.444 E/PowerManagerService( 2941): Only X4,X3 support this feature for low power consumption!
05-03 22:08:25.993 E/PowerManagerService( 2941): Only X4,X3 support this feature for low power consumption!
05-03 22:08:32.418 E/PowerManagerService( 2941): Only X4,X3 support this feature for low power consumption!
05-03 22:08:34.918 E/PowerManagerService( 2941): Only X4,X3 support this feature for low power consumption!
05-03 22:08:34.920 E/PowerManagerService( 2941): Only X4,X3 support this feature for low power consumption!
05-03 22:08:34.921 E/PowerManagerService( 2941): Only X4,X3 support this feature for low power consumption!
05-03 22:08:48.834 E/PowerManagerService( 2941): Only X4,X3 support this feature for low power consumption!
05-03 22:08:48.981 E/PowerManagerService( 2941): Only X4,X3 support this feature for low power consumption!
05-03 22:09:04.919 E/PowerManagerService( 2941): Only X4,X3 support this feature for low power consumption!
05-03 22:09:04.962 E/PowerManagerService( 2941): Only X4,X3 support this feature for low power consumption!
05-03 22:12:00.255 E/PowerManagerService( 2941): Only X4,X3 support this feature for low power consumption!
05-03 22:12:00.272 E/PowerManagerService( 2941): Only X4,X3 support this feature for low power consumption!
05-03 22:14:06.932 E/PowerManagerService( 2941): Only X4,X3 support this feature for low power consumption!
05-03 22:14:06.966 E/PowerManagerService( 2941): Only X4,X3 support this feature for low power consumption!
05-03 22:14:06.966 E/PowerManagerService( 2941): Only X4,X3 support this feature for low power consumption!
05-03 22:14:06.967 E/PowerManagerService( 2941): Only X4,X3 support this feature for low power consumption!
05-03 22:14:35.210 E/PowerManagerService( 2941): Only X4,X3 support this feature for low power consumption!
05-03 22:14:35.223 E/PowerManagerService( 2941): Only X4,X3 support this feature for low power consumption!
05-03 22:15:11.264 E/PowerManagerService( 2941): Only X4,X3 support this feature for low power consumption!
05-03 22:15:11.827 E/PowerManagerService( 2941): Only X4,X3 support this feature for low power consumption!
05-03 22:15:11.835 E/PowerManagerService( 2941): Only X4,X3 support this feature for low power consumption!
05-03 22:15:13.804 E/PowerManagerService( 2941): Only X4,X3 support this feature for low power consumption!
05-03 22:23:36.611 E/PowerManagerService( 2941): Only X4,X3 support this feature for low power consumption!
05-03 22:23:36.625 E/PowerManagerService( 2941): Only X4,X3 support this feature for low power consumption!
05-03 22:30:12.569 E/PowerManagerService( 2941): Only X4,X3 support this feature for low power consumption!
05-03 22:30:13.128 E/PowerManagerService( 2941): Only X4,X3 support this feature for low power consumption!
05-03 22:30:13.144 E/PowerManagerService( 2941): Only X4,X3 support this feature for low power consumption!
05-03 22:30:15.031 E/PowerManagerService( 2941): Only X4,X3 support this feature for low power consumption!
05-03 22:32:38.425 E/PowerManagerService( 2941): Only X4,X3 support this feature for low power consumption!
05-03 22:32:38.459 E/PowerManagerService( 2941): Only X4,X3 support this feature for low power consumption!
05-03 22:36:45.912 E/PowerManagerService( 2941): Only X4,X3 support this feature for low power consumption!
05-03 22:36:46.034 E/PowerManagerService( 2941): Only X4,X3 support this feature for low power consumption!
05-03 22:41:41.480 E/PowerManagerService( 2941): Only X4,X3 support this feature for low power consumption!
05-03 22:41:41.495 E/PowerManagerService( 2941): Only X4,X3 support this feature for low power consumption!
05-03 22:45:13.928 E/PowerManagerService( 2941): Only X4,X3 support this feature for low power consumption!
05-03 22:45:14.458 E/PowerManagerService( 2941): Only X4,X3 support this feature for low power consumption!
05-03 22:45:14.463 E/PowerManagerService( 2941): Only X4,X3 support this feature for low power consumption!
05-03 22:45:16.258 E/PowerManagerService( 2941): Only X4,X3 support this feature for low power consumption!
05-03 22:50:43.914 E/PowerManagerService( 2941): Only X4,X3 support this feature for low power consumption!
05-03 22:50:43.925 E/PowerManagerService( 2941): Only X4,X3 support this feature for low power consumption!
05-03 22:59:45.642 E/PowerManagerService( 2941): Only X4,X3 support this feature for low power consumption!
05-03 22:59:45.687 E/PowerManagerService( 2941): Only X4,X3 support this feature for low power consumption!
05-03 23:00:14.948 E/PowerManagerService( 2941): Only X4,X3 support this feature for low power consumption!
05-03 23:00:15.487 E/PowerManagerService( 2941): Only X4,X3 support this feature for low power consumption!
05-03 23:00:15.497 E/PowerManagerService( 2941): Only X4,X3 support this feature for low power consumption!
05-03 23:00:15.668 E/PowerManagerService( 2941): Only X4,X3 support this feature for low power consumption!
05-03 23:00:15.670 E/PowerManagerService( 2941): Only X4,X3 support this feature for low power consumption!
05-03 23:00:17.531 E/PowerManagerService( 2941): Only X4,X3 support this feature for low power consumption!
05-03 23:02:59.075 E/PowerManagerService( 2941): Only X4,X3 support this feature for low power consumption!
05-03 23:03:15.414 E/NetlinkEvent(  452): NetlinkEvent::FindParam(): Parameter 'TIME_NS' not found
05-03 23:03:15.414 E/NetlinkEvent(  452): NetlinkEvent::FindParam(): Parameter 'UID' not found
05-03 23:03:29.574 E/PowerManagerService( 2941): Only X4,X3 support this feature for low power consumption!
05-03 23:04:05.312 E/NetlinkEvent(  452): NetlinkEvent::FindParam(): Parameter 'TIME_NS' not found
05-03 23:04:05.312 E/NetlinkEvent(  452): NetlinkEvent::FindParam(): Parameter 'UID' not found
05-03 23:04:05.319 E/PowerManagerService( 2941): Only X4,X3 support this feature for low power consumption!
05-03 23:04:05.607 E/PowerManagerService( 2941): Only X4,X3 support this feature for low power consumption!
05-03 23:04:05.608 E/PowerManagerService( 2941): Only X4,X3 support this feature for low power consumption!
05-03 23:04:05.608 E/PowerManagerService( 2941): Only X4,X3 support this feature for low power consumption!
05-03 23:08:49.313 E/PowerManagerService( 2941): Only X4,X3 support this feature for low power consumption!
05-03 23:08:49.320 E/PowerManagerService( 2941): Only X4,X3 support this feature for low power consumption!
05-03 23:15:16.261 E/PowerManagerService( 2941): Only X4,X3 support this feature for low power consumption!
05-03 23:15:16.828 E/PowerManagerService( 2941): Only X4,X3 support this feature for low power consumption!
05-03 23:15:16.849 E/PowerManagerService( 2941): Only X4,X3 support this feature for low power consumption!
05-03 23:15:17.151 E/PowerManagerService( 2941): Only X4,X3 support this feature for low power consumption!
05-03 23:15:17.155 E/PowerManagerService( 2941): Only X4,X3 support this feature for low power consumption!
05-03 23:15:19.036 E/PowerManagerService( 2941): Only X4,X3 support this feature for low power consumption!
05-03 23:17:51.024 E/PowerManagerService( 2941): Only X4,X3 support this feature for low power consumption!
05-03 23:17:51.066 E/PowerManagerService( 2941): Only X4,X3 support this feature for low power consumption!
05-03 23:26:52.116 E/PowerManagerService( 2941): Only X4,X3 support this feature for low power consumption!
05-03 23:26:52.160 E/PowerManagerService( 2941): Only X4,X3 support this feature for low power consumption!
05-03 23:30:01.508 E/PowerManagerService( 2941): Only X4,X3 support this feature for low power consumption!
05-03 23:30:01.512 E/PowerManagerService( 2941): Only X4,X3 support this feature for low power consumption!
05-03 23:30:17.596 E/PowerManagerService( 2941): Only X4,X3 support this feature for low power consumption!
05-03 23:30:18.139 E/PowerManagerService( 2941): Only X4,X3 support this feature for low power consumption!
05-03 23:30:18.154 E/PowerManagerService( 2941): Only X4,X3 support this feature for low power consumption!
05-03 23:30:20.214 E/PowerManagerService( 2941): Only X4,X3 support this feature for low power consumption!
05-03 23:35:54.994 E/PowerManagerService( 2941): Only X4,X3 support this feature for low power consumption!
05-03 23:35:55.003 E/PowerManagerService( 2941): Only X4,X3 support this feature for low power consumption!
05-03 23:36:30.366 E/PowerManagerService( 2941): Only X4,X3 support this feature for low power consumption!
05-03 23:36:30.372 E/PowerManagerService( 2941): Only X4,X3 support this feature for low power consumption!
05-03 23:44:57.910 E/PowerManagerService( 2941): Only X4,X3 support this feature for low power consumption!
05-03 23:44:57.940 E/PowerManagerService( 2941): Only X4,X3 support this feature for low power consumption!
05-03 23:45:18.925 E/PowerManagerService( 2941): Only X4,X3 support this feature for low power consumption!
05-03 23:45:19.471 E/PowerManagerService( 2941): Only X4,X3 support this feature for low power consumption!
05-03 23:45:19.491 E/PowerManagerService( 2941): Only X4,X3 support this feature for low power consumption!
05-03 23:45:21.464 E/PowerManagerService( 2941): Only X4,X3 support this feature for low power consumption!
05-03 23:54:00.957 E/PowerManagerService( 2941): Only X4,X3 support this feature for low power consumption!
05-03 23:54:00.989 E/PowerManagerService( 2941): Only X4,X3 support this feature for low power consumption!
05-04 00:00:20.242 E/PowerManagerService( 2941): Only X4,X3 support this feature for low power consumption!
05-04 00:00:20.789 E/PowerManagerService( 2941): Only X4,X3 support this feature for low power consumption!
05-04 00:00:20.809 E/PowerManagerService( 2941): Only X4,X3 support this feature for low power consumption!
05-04 00:00:20.964 E/PowerManagerService( 2941): Only X4,X3 support this feature for low power consumption!
05-04 00:00:20.965 E/PowerManagerService( 2941): Only X4,X3 support this feature for low power consumption!
05-04 00:00:22.780 E/PowerManagerService( 2941): Only X4,X3 support this feature for low power consumption!
05-04 00:03:01.932 E/PowerManagerService( 2941): Only X4,X3 support this feature for low power consumption!
05-04 00:03:01.990 E/PowerManagerService( 2941): Only X4,X3 support this feature for low power consumption!
05-04 00:12:05.158 E/PowerManagerService( 2941): Only X4,X3 support this feature for low power consumption!
05-04 00:12:05.204 E/PowerManagerService( 2941): Only X4,X3 support this feature for low power consumption!
05-04 00:15:21.621 E/PowerManagerService( 2941): Only X4,X3 support this feature for low power consumption!
05-04 00:15:22.185 E/PowerManagerService( 2941): Only X4,X3 support this feature for low power consumption!
05-04 00:15:22.204 E/PowerManagerService( 2941): Only X4,X3 support this feature for low power consumption!
05-04 00:15:22.489 E/PowerManagerService( 2941): Only X4,X3 support this feature for low power consumption!
05-04 00:15:22.492 E/PowerManagerService( 2941): Only X4,X3 support this feature for low power consumption!
05-04 00:15:24.355 E/PowerManagerService( 2941): Only X4,X3 support this feature for low power consumption!
05-04 00:21:08.054 E/PowerManagerService( 2941): Only X4,X3 support this feature for low power consumption!
05-04 00:21:08.072 E/PowerManagerService( 2941): Only X4,X3 support this feature for low power consumption!
05-04 00:30:09.067 E/PowerManagerService( 2941): Only X4,X3 support this feature for low power consumption!
05-04 00:30:09.106 E/PowerManagerService( 2941): Only X4,X3 support this feature for low power consumption!
05-04 00:30:22.903 E/PowerManagerService( 2941): Only X4,X3 support this feature for low power consumption!
05-04 00:30:23.448 E/PowerManagerService( 2941): Only X4,X3 support this feature for low power consumption!
05-04 00:30:23.469 E/PowerManagerService( 2941): Only X4,X3 support this feature for low power consumption!
05-04 00:30:23.758 E/PowerManagerService( 2941): Only X4,X3 support this feature for low power consumption!
05-04 00:30:23.759 E/PowerManagerService( 2941): Only X4,X3 support this feature for low power consumption!
05-04 00:30:25.575 E/PowerManagerService( 2941): Only X4,X3 support this feature for low power consumption!
05-04 00:39:11.927 E/PowerManagerService( 2941): Only X4,X3 support this feature for low power consumption!
05-04 00:39:11.952 E/PowerManagerService( 2941): Only X4,X3 support this feature for low power consumption!
05-04 00:45:24.249 E/PowerManagerService( 2941): Only X4,X3 support this feature for low power consumption!
