05-04 10:32:09.173 E/LocSvc_libulp( 2941):  GNSS provider state = 0,  GNSS selected to run = 0,  GNSS onoff_cnt = 5, GNSS high speed flag = 0 
05-04 10:32:09.173 E/LocSvc_libulp( 2941):  QUIPC provider state = 0, QUIPC selected to run = 0, QUIPC onoff_cnt = 5, 
05-04 10:32:09.173 E/LocSvc_libulp( 2941):  GNP provider state = 0,   GNP selected to run = 0,   GNP onoff_cnt = 1 
05-04 10:32:09.176 E/LocSvc_ApiV02( 2941): I/<--- void globalRespCb(locClientHandleType, uint32_t, locClientRespIndUnionType, void*) line 115 QMI_LOC_INJECT_POSITION_REQ_V02
05-04 10:32:10.759 E/LocSvc_flp( 2941): I/===> int flp_inject_location(FlpLocation*) line 253 
05-04 10:32:10.759 E/        ( 2941): I/===> int FlpLocationClient::flp_inject_location(FlpExtLocation*) line 265 
05-04 10:32:10.770 E/LocSvc_eng( 2941): I/===> int loc_eng_inject_location(loc_eng_data_s_type&, double, double, float) line 2123 
05-04 10:32:10.770 E/LocSvc_libulp( 2941): I/int ulp_brain_process_gnp_position_report(UlpLocation*), first_fix_pending 1, request active = 0,gnss running 0, gnss state 0 quipc running 0 quipc state 0
05-04 10:32:10.770 E/LocSvc_libulp( 2941): I/int ulp_brain_process_gnp_position_report(UlpLocation*), report GNP position to hybrid fix requests = 0
05-04 10:32:10.770 E/LocSvc_libulp( 2941): I/int ulp_brain_transition_all_providers(), before transition, 
05-04 10:32:10.770 E/LocSvc_libulp( 2941):  GNSS provider state = 0,  GNSS selected to run = 0,  GNSS onoff_cnt = 5, GNSS high speed flag = 0 
05-04 10:32:10.770 E/LocSvc_libulp( 2941):  QUIPC provider state = 0, QUIPC selected to run = 0, QUIPC onoff_cnt = 5, 
05-04 10:32:10.770 E/LocSvc_libulp( 2941):  GNP provider state = 0,   GNP selected to run = 0,   GNP onoff_cnt = 1, 
05-04 10:32:10.770 E/LocSvc_api_v02( 2941): I/---> locClientSendReq line 2020 QMI_LOC_INJECT_POSITION_REQ_V02
05-04 10:32:10.770 E/LocSvc_libulp( 2941): E/int ulp_brain_transition_all_providers(), no QUIPC/GNSS transition logic run due to both engines are OFF 
05-04 10:32:10.770 E/LocSvc_libulp( 2941): I/int ulp_brain_transition_all_providers(), after transition, 
05-04 10:32:10.770 E/LocSvc_libulp( 2941):  GNSS provider state = 0,  GNSS selected to run = 0,  GNSS onoff_cnt = 5, GNSS high speed flag = 0 
05-04 10:32:10.770 E/LocSvc_libulp( 2941):  QUIPC provider state = 0, QUIPC selected to run = 0, QUIPC onoff_cnt = 5, 
05-04 10:32:10.770 E/LocSvc_libulp( 2941):  GNP provider state = 0,   GNP selected to run = 0,   GNP onoff_cnt = 1 
05-04 10:32:10.773 E/LocSvc_ApiV02( 2941): I/<--- void globalRespCb(locClientHandleType, uint32_t, locClientRespIndUnionType, void*) line 115 QMI_LOC_INJECT_POSITION_REQ_V02
05-04 10:32:10.906 E/LocSvc_flp( 2941): I/===> int flp_inject_location(FlpLocation*) line 253 
05-04 10:32:10.906 E/        ( 2941): I/===> int FlpLocationClient::flp_inject_location(FlpExtLocation*) line 265 
05-04 10:32:10.908 E/LocSvc_eng( 2941): I/===> int loc_eng_inject_location(loc_eng_data_s_type&, double, double, float) line 2123 
05-04 10:32:10.908 E/LocSvc_api_v02( 2941): I/---> locClientSendReq line 2020 QMI_LOC_INJECT_POSITION_REQ_V02
05-04 10:32:10.908 E/LocSvc_libulp( 2941): I/int ulp_brain_process_gnp_position_report(UlpLocation*), first_fix_pending 1, request active = 0,gnss running 0, gnss state 0 quipc running 0 quipc state 0
05-04 10:32:10.908 E/LocSvc_libulp( 2941): I/int ulp_brain_process_gnp_position_report(UlpLocation*), report GNP position to hybrid fix requests = 0
05-04 10:32:10.908 E/LocSvc_libulp( 2941): I/int ulp_brain_transition_all_providers(), before transition, 
05-04 10:32:10.908 E/LocSvc_libulp( 2941):  GNSS provider state = 0,  GNSS selected to run = 0,  GNSS onoff_cnt = 5, GNSS high speed flag = 0 
05-04 10:32:10.908 E/LocSvc_libulp( 2941):  QUIPC provider state = 0, QUIPC selected to run = 0, QUIPC onoff_cnt = 5, 
05-04 10:32:10.908 E/LocSvc_libulp( 2941):  GNP provider state = 0,   GNP selected to run = 0,   GNP onoff_cnt = 1, 
05-04 10:32:10.908 E/LocSvc_libulp( 2941): E/int ulp_brain_transition_all_providers(), no QUIPC/GNSS transition logic run due to both engines are OFF 
05-04 10:32:10.908 E/LocSvc_libulp( 2941): I/int ulp_brain_transition_all_providers(), after transition, 
05-04 10:32:10.908 E/LocSvc_libulp( 2941):  GNSS provider state = 0,  GNSS selected to run = 0,  GNSS onoff_cnt = 5, GNSS high speed flag = 0 
05-04 10:32:10.908 E/LocSvc_libulp( 2941):  QUIPC provider state = 0, QUIPC selected to run = 0, QUIPC onoff_cnt = 5, 
05-04 10:32:10.908 E/LocSvc_libulp( 2941):  GNP provider state = 0,   GNP selected to run = 0,   GNP onoff_cnt = 1 
05-04 10:32:10.911 E/LocSvc_ApiV02( 2941): I/<--- void globalRespCb(locClientHandleType, uint32_t, locClientRespIndUnionType, void*) line 115 QMI_LOC_INJECT_POSITION_REQ_V02
05-04 10:32:11.783 E/ThermalEngine(  504): Unable to read max frequency from online cpu.
05-04 10:32:11.784 E/ThermalEngine(  504): Failed to set desired CPU[1] frequency limit to 1190400
05-04 10:32:11.959 E/LocSvc_flp( 2941): I/===> int flp_inject_location(FlpLocation*) line 253 
05-04 10:32:11.959 E/        ( 2941): I/===> int FlpLocationClient::flp_inject_location(FlpExtLocation*) line 265 
05-04 10:32:11.960 E/LocSvc_eng( 2941): I/===> int loc_eng_inject_location(loc_eng_data_s_type&, double, double, float) line 2123 
05-04 10:32:11.961 E/LocSvc_api_v02( 2941): I/---> locClientSendReq line 2020 QMI_LOC_INJECT_POSITION_REQ_V02
05-04 10:32:11.961 E/LocSvc_libulp( 2941): I/int ulp_brain_process_gnp_position_report(UlpLocation*), first_fix_pending 1, request active = 0,gnss running 0, gnss state 0 quipc running 0 quipc state 0
05-04 10:32:11.961 E/LocSvc_libulp( 2941): I/int ulp_brain_process_gnp_position_report(UlpLocation*), report GNP position to hybrid fix requests = 0
05-04 10:32:11.961 E/LocSvc_libulp( 2941): I/int ulp_brain_transition_all_providers(), before transition, 
05-04 10:32:11.961 E/LocSvc_libulp( 2941):  GNSS provider state = 0,  GNSS selected to run = 0,  GNSS onoff_cnt = 5, GNSS high speed flag = 0 
05-04 10:32:11.961 E/LocSvc_libulp( 2941):  QUIPC provider state = 0, QUIPC selected to run = 0, QUIPC onoff_cnt = 5, 
05-04 10:32:11.961 E/LocSvc_libulp( 2941):  GNP provider state = 0,   GNP selected to run = 0,   GNP onoff_cnt = 1, 
05-04 10:32:11.961 E/LocSvc_libulp( 2941): E/int ulp_brain_transition_all_providers(), no QUIPC/GNSS transition logic run due to both engines are OFF 
05-04 10:32:11.961 E/LocSvc_libulp( 2941): I/int ulp_brain_transition_all_providers(), after transition, 
05-04 10:32:11.961 E/LocSvc_libulp( 2941):  GNSS provider state = 0,  GNSS selected to run = 0,  GNSS onoff_cnt = 5, GNSS high speed flag = 0 
05-04 10:32:11.961 E/LocSvc_libulp( 2941):  QUIPC provider state = 0, QUIPC selected to run = 0, QUIPC onoff_cnt = 5, 
05-04 10:32:11.961 E/LocSvc_libulp( 2941):  GNP provider state = 0,   GNP selected to run = 0,   GNP onoff_cnt = 1 
05-04 10:32:11.964 E/LocSvc_ApiV02( 2941): I/<--- void globalRespCb(locClientHandleType, uint32_t, locClientRespIndUnionType, void*) line 115 QMI_LOC_INJECT_POSITION_REQ_V02
05-04 10:32:12.691 E/ThermalEngine(  504): Unable to read max frequency from online cpu.
05-04 10:32:12.691 E/ThermalEngine(  504): Failed to set desired CPU[1] frequency limit to 1190400
05-04 10:32:14.616 E/ThermalEngine(  504): Unable to read max frequency from online cpu.
05-04 10:32:14.616 E/ThermalEngine(  504): Failed to set desired CPU[1] frequency limit to 1190400
05-04 10:32:16.771 E/ThermalEngine(  504): Unable to read max frequency from online cpu.
05-04 10:32:16.771 E/ThermalEngine(  504): Failed to set desired CPU[1] frequency limit to 1190400
05-04 10:32:25.979 E/ThermalEngine(  504): Unable to read max frequency from online cpu.
05-04 10:32:25.980 E/ThermalEngine(  504): Failed to set desired CPU[1] frequency limit to 1190400
05-04 10:32:27.096 E/ThermalEngine(  504): Unable to read max frequency from online cpu.
05-04 10:32:27.097 E/ThermalEngine(  504): Failed to set desired CPU[1] frequency limit to 1190400
05-04 10:32:29.721 E/ThermalEngine(  504): Unable to read max frequency from online cpu.
05-04 10:32:29.726 E/ThermalEngine(  504): Failed to set desired CPU[1] frequency limit to 1190400
05-04 10:32:30.996 E/ThermalEngine(  504): Unable to read max frequency from online cpu.
05-04 10:32:30.996 E/ThermalEngine(  504): Failed to set desired CPU[1] frequency limit to 1190400
05-04 10:32:32.766 E/ThermalEngine(  504): Unable to read max frequency from online cpu.
05-04 10:32:32.766 E/ThermalEngine(  504): Failed to set desired CPU[1] frequency limit to 1190400
05-04 10:32:33.536 E/Metok_Tag( 5477): < metok_app > failed to get device info
05-04 10:32:33.540 E/Metok_Tag( 5477): < metok_app > failed to get device info
05-04 10:32:33.540 E/Metok_Tag( 5477): < metok_app > failed to get device info
05-04 10:32:33.540 E/Metok_Tag( 5477): < metok_app > failed to get device info
05-04 10:32:33.540 E/Metok_Tag( 5477): < metok_app > failed to get device info
05-04 10:32:33.541 E/Metok_Tag( 5477): < metok_app > failed to get device info
05-04 10:32:35.037 E/ThermalEngine(  504): Unable to read max frequency from online cpu.
05-04 10:32:35.037 E/ThermalEngine(  504): Failed to set desired CPU[1] frequency limit to 1190400
05-04 10:32:35.750 E/ThermalEngine(  504): Unable to read max frequency from online cpu.
05-04 10:32:35.750 E/ThermalEngine(  504): Failed to set desired CPU[1] frequency limit to 1190400
05-04 10:32:37.777 E/ThermalEngine(  504): Unable to read max frequency from online cpu.
05-04 10:32:37.777 E/ThermalEngine(  504): Failed to set desired CPU[1] frequency limit to 1190400
05-04 10:32:39.442 E/ThermalEngine(  504): Unable to read max frequency from online cpu.
05-04 10:32:39.443 E/ThermalEngine(  504): Failed to set desired CPU[1] frequency limit to 1190400
05-04 10:32:40.402 E/ThermalEngine(  504): Unable to read max frequency from online cpu.
05-04 10:32:40.403 E/ThermalEngine(  504): Failed to set desired CPU[1] frequency limit to 1190400
05-04 10:32:41.069 E/ThermalEngine(  504): Unable to read max frequency from online cpu.
05-04 10:32:41.069 E/ThermalEngine(  504): Failed to set desired CPU[1] frequency limit to 1190400
05-04 10:32:42.435 E/ThermalEngine(  504): Unable to read max frequency from online cpu.
05-04 10:32:42.435 E/ThermalEngine(  504): Failed to set desired CPU[1] frequency limit to 1190400
05-04 10:32:42.533 E/QueryController(16324): Got null root node from accessibility - Retrying...
05-04 10:32:43.999 E/ThermalEngine(  504): Unable to read max frequency from online cpu.
05-04 10:32:43.999 E/ThermalEngine(  504): Failed to set desired CPU[1] frequency limit to 1190400
05-04 10:32:45.160 E/ThermalEngine(  504): Unable to read max frequency from online cpu.
05-04 10:32:45.160 E/ThermalEngine(  504): Failed to set desired CPU[1] frequency limit to 1190400
05-04 10:32:46.169 E/ThermalEngine(  504): Unable to read max frequency from online cpu.
05-04 10:32:46.169 E/ThermalEngine(  504): Failed to set desired CPU[1] frequency limit to 1190400
05-04 10:32:48.586 E/ThermalEngine(  504): Unable to read max frequency from online cpu.
05-04 10:32:48.586 E/ThermalEngine(  504): Failed to set desired CPU[1] frequency limit to 1190400
05-04 10:32:50.401 E/ThermalEngine(  504): Unable to read max frequency from online cpu.
05-04 10:32:50.401 E/ThermalEngine(  504): Failed to set desired CPU[1] frequency limit to 1190400
05-04 10:32:51.420 E/ThermalEngine(  504): Unable to read max frequency from online cpu.
05-04 10:32:51.420 E/ThermalEngine(  504): Failed to set desired CPU[1] frequency limit to 1190400
05-04 10:32:52.730 E/ThermalEngine(  504): Unable to read max frequency from online cpu.
05-04 10:32:52.730 E/ThermalEngine(  504): Failed to set desired CPU[1] frequency limit to 1190400
05-04 10:32:53.754 E/ThermalEngine(  504): Unable to read max frequency from online cpu.
05-04 10:32:53.754 E/ThermalEngine(  504): Failed to set desired CPU[1] frequency limit to 1190400
05-04 10:32:54.418 E/ThermalEngine(  504): Unable to read max frequency from online cpu.
05-04 10:32:54.419 E/ThermalEngine(  504): Failed to set desired CPU[1] frequency limit to 1190400
05-04 10:32:55.784 E/ThermalEngine(  504): Unable to read max frequency from online cpu.
05-04 10:32:55.784 E/ThermalEngine(  504): Failed to set desired CPU[1] frequency limit to 1190400
05-04 10:32:58.100 E/ThermalEngine(  504): Unable to read max frequency from online cpu.
05-04 10:32:58.100 E/ThermalEngine(  504): Failed to set desired CPU[1] frequency limit to 1190400
05-04 10:32:58.865 E/ThermalEngine(  504): Unable to read max frequency from online cpu.
05-04 10:32:58.865 E/ThermalEngine(  504): Failed to set desired CPU[1] frequency limit to 1190400
05-04 10:33:02.693 E/ThermalEngine(  504): Unable to read max frequency from online cpu.
05-04 10:33:02.693 E/ThermalEngine(  504): Failed to set desired CPU[1] frequency limit to 1190400
05-04 10:33:03.510 E/QueryController(16324): Got null root node from accessibility - Retrying...
05-04 10:33:03.513 E/ThermalEngine(  504): Unable to read max frequency from online cpu.
05-04 10:33:03.513 E/ThermalEngine(  504): Failed to set desired CPU[1] frequency limit to 1190400
05-04 10:33:03.788 E/QueryController(16324): Got null root node from accessibility - Retrying...
05-04 10:33:04.775 E/ThermalEngine(  504): Unable to read max frequency from online cpu.
05-04 10:33:04.775 E/ThermalEngine(  504): Failed to set desired CPU[1] frequency limit to 1190400
05-04 10:33:07.304 E/ThermalEngine(  504): Unable to read max frequency from online cpu.
05-04 10:33:07.304 E/ThermalEngine(  504): Failed to set desired CPU[1] frequency limit to 1190400
05-04 10:33:08.408 E/LocSvc_libulp( 2941): I/int ulp_msg_process_system_update(UlpSystemEvent): systemEvent:5 
05-04 10:33:08.408 E/LocSvc_libulp( 2941): I/int ulp_msg_process_start_req(), at ulp state = 1
05-04 10:33:08.409 E/LocSvc_api_v02( 2941): I/---> locClientSendReq line 2020 QMI_LOC_GET_BEST_AVAILABLE_POSITION_REQ_V02
05-04 10:33:08.416 E/LocSvc_ApiV02( 2941): I/<--- void globalRespCb(locClientHandleType, uint32_t, locClientRespIndUnionType, void*) line 115 QMI_LOC_GET_BEST_AVAILABLE_POSITION_REQ_V02
05-04 10:33:08.416 E/LocSvc_libulp( 2941): I/int ulp_brain_process_zpp_position_report(loc_sess_status, LocPosTechMask, UlpLocation*), report ZPP position to providers,report_position = 1
05-04 10:33:08.416 E/IzatSvc_PassiveLocListener( 2941): E/Exiting with error virtual void izat_manager::IzatPassiveLocationListener::onLocationChanged(const izat_manager::IzatLocation*, izat_manager::IzatLocationStatus) line 113 "1"
05-04 10:33:08.981 E/ThermalEngine(  504): Unable to read max frequency from online cpu.
05-04 10:33:08.981 E/ThermalEngine(  504): Failed to set desired CPU[1] frequency limit to 1190400
05-04 10:33:11.643 E/QueryController(16324): Got null root node from accessibility - Retrying...
05-04 10:33:11.700 E/ThermalEngine(  504): Unable to read max frequency from online cpu.
05-04 10:33:11.700 E/ThermalEngine(  504): Failed to set desired CPU[1] frequency limit to 1190400
05-04 10:33:12.364 E/ThermalEngine(  504): Unable to read max frequency from online cpu.
05-04 10:33:12.364 E/ThermalEngine(  504): Failed to set desired CPU[1] frequency limit to 1190400
05-04 10:33:13.517 E/ThermalEngine(  504): Unable to read max frequency from online cpu.
05-04 10:33:13.517 E/ThermalEngine(  504): Failed to set desired CPU[1] frequency limit to 1190400
05-04 10:33:15.588 E/ThermalEngine(  504): Unable to read max frequency from online cpu.
05-04 10:33:15.588 E/ThermalEngine(  504): Failed to set desired CPU[1] frequency limit to 1190400
05-04 10:33:17.358 E/ThermalEngine(  504): Unable to read max frequency from online cpu.
05-04 10:33:17.358 E/ThermalEngine(  504): Failed to set desired CPU[1] frequency limit to 1190400
05-04 10:33:18.270 E/ThermalEngine(  504): Unable to read max frequency from online cpu.
05-04 10:33:18.270 E/ThermalEngine(  504): Failed to set desired CPU[1] frequency limit to 1190400
05-04 10:33:18.325 E/QueryController(16324): Got null root node from accessibility - Retrying...
05-04 10:33:18.781 E/ThermalEngine(  504): Unable to read max frequency from online cpu.
05-04 10:33:18.781 E/ThermalEngine(  504): Failed to set desired CPU[1] frequency limit to 1190400
05-04 10:33:20.257 E/ThermalEngine(  504): Unable to read max frequency from online cpu.
05-04 10:33:20.257 E/ThermalEngine(  504): Failed to set desired CPU[1] frequency limit to 1190400
05-04 10:33:23.235 E/ThermalEngine(  504): Unable to read max frequency from online cpu.
05-04 10:33:23.235 E/ThermalEngine(  504): Failed to set desired CPU[1] frequency limit to 1190400
05-04 10:33:25.205 E/ThermalEngine(  504): Unable to read max frequency from online cpu.
05-04 10:33:25.205 E/ThermalEngine(  504): Failed to set desired CPU[1] frequency limit to 1190400
05-04 10:33:26.876 E/ThermalEngine(  504): Unable to read max frequency from online cpu.
05-04 10:33:26.876 E/ThermalEngine(  504): Failed to set desired CPU[1] frequency limit to 1190400
05-04 10:33:27.736 E/ThermalEngine(  504): Unable to read max frequency from online cpu.
05-04 10:33:27.737 E/ThermalEngine(  504): Failed to set desired CPU[1] frequency limit to 1190400
05-04 10:33:29.102 E/ThermalEngine(  504): Unable to read max frequency from online cpu.
05-04 10:33:29.102 E/ThermalEngine(  504): Failed to set desired CPU[1] frequency limit to 1190400
05-04 10:33:30.370 E/ThermalEngine(  504): Unable to read max frequency from online cpu.
05-04 10:33:30.370 E/ThermalEngine(  504): Failed to set desired CPU[1] frequency limit to 1190400
05-04 10:33:33.792 E/ThermalEngine(  504): Unable to read max frequency from online cpu.
05-04 10:33:33.792 E/ThermalEngine(  504): Failed to set desired CPU[1] frequency limit to 1190400
05-04 10:33:36.765 E/ThermalEngine(  504): Unable to read max frequency from online cpu.
05-04 10:33:36.765 E/ThermalEngine(  504): Failed to set desired CPU[1] frequency limit to 1190400
05-04 10:33:38.081 E/ThermalEngine(  504): Unable to read max frequency from online cpu.
05-04 10:33:38.081 E/ThermalEngine(  504): Failed to set desired CPU[1] frequency limit to 1190400
05-04 10:33:39.443 E/ThermalEngine(  504): Unable to read max frequency from online cpu.
05-04 10:33:39.443 E/ThermalEngine(  504): Failed to set desired CPU[1] frequency limit to 1190400
05-04 10:33:42.714 E/ThermalEngine(  504): Unable to read max frequency from online cpu.
05-04 10:33:42.715 E/ThermalEngine(  504): Failed to set desired CPU[1] frequency limit to 1190400
05-04 10:33:44.280 E/ThermalEngine(  504): Unable to read max frequency from online cpu.
05-04 10:33:44.280 E/ThermalEngine(  504): Failed to set desired CPU[1] frequency limit to 1190400
05-04 10:33:46.706 E/ThermalEngine(  504): Unable to read max frequency from online cpu.
05-04 10:33:46.706 E/ThermalEngine(  504): Failed to set desired CPU[1] frequency limit to 1190400
05-04 10:33:47.923 E/ThermalEngine(  504): Unable to read max frequency from online cpu.
05-04 10:33:47.923 E/ThermalEngine(  504): Failed to set desired CPU[1] frequency limit to 1190400
05-04 10:33:49.788 E/ThermalEngine(  504): Unable to read max frequency from online cpu.
05-04 10:33:49.788 E/ThermalEngine(  504): Failed to set desired CPU[1] frequency limit to 1190400
05-04 10:33:50.961 E/ThermalEngine(  504): Unable to read max frequency from online cpu.
05-04 10:33:50.961 E/ThermalEngine(  504): Failed to set desired CPU[1] frequency limit to 1190400
05-04 10:33:53.338 E/ThermalEngine(  504): Unable to read max frequency from online cpu.
05-04 10:33:53.338 E/ThermalEngine(  504): Failed to set desired CPU[1] frequency limit to 1190400
05-04 10:33:55.202 E/ThermalEngine(  504): Unable to read max frequency from online cpu.
05-04 10:33:55.202 E/ThermalEngine(  504): Failed to set desired CPU[1] frequency limit to 1190400
05-04 10:33:56.267 E/ThermalEngine(  504): Unable to read max frequency from online cpu.
05-04 10:33:56.267 E/ThermalEngine(  504): Failed to set desired CPU[1] frequency limit to 1190400
05-04 10:33:58.845 E/ThermalEngine(  504): Unable to read max frequency from online cpu.
05-04 10:33:58.846 E/ThermalEngine(  504): Failed to set desired CPU[1] frequency limit to 1190400
05-04 10:34:00.710 E/ThermalEngine(  504): Unable to read max frequency from online cpu.
05-04 10:34:00.710 E/ThermalEngine(  504): Failed to set desired CPU[1] frequency limit to 1190400
05-04 10:34:02.629 E/ThermalEngine(  504): Unable to read max frequency from online cpu.
05-04 10:34:02.629 E/ThermalEngine(  504): Failed to set desired CPU[1] frequency limit to 1190400
05-04 10:34:04.950 E/ThermalEngine(  504): Unable to read max frequency from online cpu.
05-04 10:34:04.950 E/ThermalEngine(  504): Failed to set desired CPU[1] frequency limit to 1190400
05-04 10:34:07.518 E/ThermalEngine(  504): Unable to read max frequency from online cpu.
05-04 10:34:07.518 E/ThermalEngine(  504): Failed to set desired CPU[1] frequency limit to 1190400
05-04 10:34:07.658 E/DatabaseUtils( 2941): Writing exception to parcel
05-04 10:34:07.658 E/DatabaseUtils( 2941): java.lang.SecurityException: com.sogou.activity.src was not granted  this permission: android.permission.WRITE_SETTINGS.
05-04 10:34:07.658 E/DatabaseUtils( 2941): 	at android.provider.Settings.isCallingPackageAllowedToPerformAppOpsProtectedOperation(Settings.java:8507)
05-04 10:34:07.658 E/DatabaseUtils( 2941): 	at android.provider.Settings.checkAndNoteWriteSettingsOperation(Settings.java:8389)
05-04 10:34:07.658 E/DatabaseUtils( 2941): 	at com.android.providers.settings.SettingsProvider.mutateSystemSetting(SettingsProvider.java:915)
05-04 10:34:07.658 E/DatabaseUtils( 2941): 	at com.android.providers.settings.SettingsProvider.insertSystemSetting(SettingsProvider.java:890)
05-04 10:34:07.658 E/DatabaseUtils( 2941): 	at com.android.providers.settings.SettingsProvider.call(SettingsProvider.java:263)
05-04 10:34:07.658 E/DatabaseUtils( 2941): 	at android.content.ContentProvider$Transport.call(ContentProvider.java:398)
05-04 10:34:07.658 E/DatabaseUtils( 2941): 	at android.content.ContentProviderNative.onTransact(ContentProviderNative.java:283)
05-04 10:34:07.658 E/DatabaseUtils( 2941): 	at android.os.Binder.execTransact(Binder.java:453)
05-04 10:34:07.662 E/DatabaseUtils( 2941): Writing exception to parcel
05-04 10:34:07.662 E/DatabaseUtils( 2941): java.lang.SecurityException: com.sogou.activity.src was not granted  this permission: android.permission.WRITE_SETTINGS.
05-04 10:34:07.662 E/DatabaseUtils( 2941): 	at android.provider.Settings.isCallingPackageAllowedToPerformAppOpsProtectedOperation(Settings.java:8507)
05-04 10:34:07.662 E/DatabaseUtils( 2941): 	at android.provider.Settings.checkAndNoteWriteSettingsOperation(Settings.java:8389)
05-04 10:34:07.662 E/DatabaseUtils( 2941): 	at com.android.providers.settings.SettingsProvider.mutateSystemSetting(SettingsProvider.java:915)
05-04 10:34:07.662 E/DatabaseUtils( 2941): 	at com.android.providers.settings.SettingsProvider.insertSystemSetting(SettingsProvider.java:890)
05-04 10:34:07.662 E/DatabaseUtils( 2941): 	at com.android.providers.settings.SettingsProvider.call(SettingsProvider.java:263)
05-04 10:34:07.662 E/DatabaseUtils( 2941): 	at android.content.ContentProvider$Transport.call(ContentProvider.java:398)
05-04 10:34:07.662 E/DatabaseUtils( 2941): 	at android.content.ContentProviderNative.onTransact(ContentProviderNative.java:283)
05-04 10:34:07.662 E/DatabaseUtils( 2941): 	at android.os.Binder.execTransact(Binder.java:453)
05-04 10:34:07.897 E/MiuiGallery2_SearchLog_SearchStatStorageHelper(28071): Read saved logs from cache failed!
05-04 10:34:08.408 E/LocSvc_libulp( 2941): I/int ulp_msg_process_system_update(UlpSystemEvent): systemEvent:5 
05-04 10:34:08.408 E/LocSvc_libulp( 2941): I/int ulp_msg_process_start_req(), at ulp state = 1
05-04 10:34:08.408 E/LocSvc_api_v02( 2941): I/---> locClientSendReq line 2020 QMI_LOC_GET_BEST_AVAILABLE_POSITION_REQ_V02
05-04 10:34:08.412 E/LocSvc_ApiV02( 2941): I/<--- void globalRespCb(locClientHandleType, uint32_t, locClientRespIndUnionType, void*) line 115 QMI_LOC_GET_BEST_AVAILABLE_POSITION_REQ_V02
05-04 10:34:08.412 E/LocSvc_libulp( 2941): I/int ulp_brain_process_zpp_position_report(loc_sess_status, LocPosTechMask, UlpLocation*), report ZPP position to providers,report_position = 1
05-04 10:34:08.413 E/IzatSvc_PassiveLocListener( 2941): E/Exiting with error virtual void izat_manager::IzatPassiveLocationListener::onLocationChanged(const izat_manager::IzatLocation*, izat_manager::IzatLocationStatus) line 113 "1"
05-04 10:34:10.142 E/ThermalEngine(  504): Unable to read max frequency from online cpu.
05-04 10:34:10.142 E/ThermalEngine(  504): Failed to set desired CPU[1] frequency limit to 1190400
05-04 10:34:10.702 E/ThermalEngine(  504): Unable to read max frequency from online cpu.
05-04 10:34:10.702 E/ThermalEngine(  504): Failed to set desired CPU[1] frequency limit to 1190400
05-04 10:34:12.620 E/ThermalEngine(  504): Unable to read max frequency from online cpu.
05-04 10:34:12.620 E/ThermalEngine(  504): Failed to set desired CPU[1] frequency limit to 1190400
05-04 10:34:13.662 E/QueryController(16324): Got null root node from accessibility - Retrying...
05-04 10:34:14.388 E/ThermalEngine(  504): Unable to read max frequency from online cpu.
05-04 10:34:14.388 E/ThermalEngine(  504): Failed to set desired CPU[1] frequency limit to 1190400
05-04 10:34:15.201 E/ThermalEngine(  504): Unable to read max frequency from online cpu.
05-04 10:34:15.201 E/ThermalEngine(  504): Failed to set desired CPU[1] frequency limit to 1190400
05-04 10:34:16.019 E/ThermalEngine(  504): Unable to read max frequency from online cpu.
05-04 10:34:16.019 E/ThermalEngine(  504): Failed to set desired CPU[1] frequency limit to 1190400
05-04 10:34:16.878 E/ThermalEngine(  504): Unable to read max frequency from online cpu.
05-04 10:34:16.878 E/ThermalEngine(  504): Failed to set desired CPU[1] frequency limit to 1190400
05-04 10:34:17.889 E/ThermalEngine(  504): Unable to read max frequency from online cpu.
05-04 10:34:17.889 E/ThermalEngine(  504): Failed to set desired CPU[1] frequency limit to 1190400
05-04 10:34:18.596 E/ThermalEngine(  504): Unable to read max frequency from online cpu.
05-04 10:34:18.597 E/ThermalEngine(  504): Failed to set desired CPU[1] frequency limit to 1190400
05-04 10:34:21.921 E/ThermalEngine(  504): Unable to read max frequency from online cpu.
05-04 10:34:21.921 E/ThermalEngine(  504): Failed to set desired CPU[3] frequency limit to 1190400
05-04 10:34:21.929 E/ThermalEngine(  504): Unable to read max frequency from online cpu.
05-04 10:34:21.929 E/ThermalEngine(  504): Failed to set desired CPU[1] frequency limit to 1190400
05-04 10:34:23.278 E/ThermalEngine(  504): Unable to read max frequency from online cpu.
05-04 10:34:23.279 E/ThermalEngine(  504): Failed to set desired CPU[1] frequency limit to 1190400
05-04 10:34:24.849 E/ThermalEngine(  504): Unable to read max frequency from online cpu.
05-04 10:34:24.849 E/ThermalEngine(  504): Failed to set desired CPU[1] frequency limit to 1190400
05-04 10:34:25.945 E/QueryController(16324): Got null root node from accessibility - Retrying...
05-04 10:34:26.217 E/ThermalEngine(  504): Unable to read max frequency from online cpu.
05-04 10:34:26.217 E/ThermalEngine(  504): Failed to set desired CPU[1] frequency limit to 1190400
05-04 10:34:27.139 E/ThermalEngine(  504): Unable to read max frequency from online cpu.
05-04 10:34:27.139 E/ThermalEngine(  504): Failed to set desired CPU[1] frequency limit to 1190400
05-04 10:34:27.849 E/ThermalEngine(  504): Unable to read max frequency from online cpu.
05-04 10:34:27.850 E/ThermalEngine(  504): Failed to set desired CPU[1] frequency limit to 1190400
05-04 10:34:30.919 E/ThermalEngine(  504): Unable to read max frequency from online cpu.
05-04 10:34:30.919 E/ThermalEngine(  504): Failed to set desired CPU[1] frequency limit to 1190400
05-04 10:34:32.892 E/ThermalEngine(  504): Unable to read max frequency from online cpu.
05-04 10:34:32.893 E/ThermalEngine(  504): Failed to set desired CPU[1] frequency limit to 1190400
05-04 10:34:33.725 E/QueryController(16324): Got null root node from accessibility - Retrying...
05-04 10:34:33.759 E/ThermalEngine(  504): Unable to read max frequency from online cpu.
05-04 10:34:33.759 E/ThermalEngine(  504): Failed to set desired CPU[1] frequency limit to 1190400
05-04 10:34:35.627 E/ThermalEngine(  504): Unable to read max frequency from online cpu.
05-04 10:34:35.628 E/ThermalEngine(  504): Failed to set desired CPU[1] frequency limit to 1190400
05-04 10:34:36.982 E/JavaBinder(16376): !!! FAILED BINDER TRANSACTION !!!  (parcel size = 16992)
05-04 10:34:44.670 E/ThermalEngine(  504): Unable to read max frequency from online cpu.
05-04 10:34:44.670 E/ThermalEngine(  504): Failed to set desired CPU[3] frequency limit to 1190400
05-04 10:34:44.768 E/ThermalEngine(  504): Unable to read max frequency from online cpu.
05-04 10:34:44.768 E/ThermalEngine(  504): Failed to set desired CPU[1] frequency limit to 1190400
05-04 10:34:55.370 E/ThermalEngine(  504): Unable to read max frequency from online cpu.
05-04 10:34:55.370 E/ThermalEngine(  504): Failed to set desired CPU[3] frequency limit to 1190400
05-04 10:35:00.173 E/ThermalEngine(  504): Unable to read max frequency from online cpu.
05-04 10:35:00.173 E/ThermalEngine(  504): Failed to set desired CPU[3] frequency limit to 1190400
05-04 10:35:08.408 E/LocSvc_libulp( 2941): I/int ulp_msg_process_system_update(UlpSystemEvent): systemEvent:5 
05-04 10:35:08.409 E/LocSvc_libulp( 2941): I/int ulp_msg_process_start_req(), at ulp state = 1
05-04 10:35:08.409 E/LocSvc_api_v02( 2941): I/---> locClientSendReq line 2020 QMI_LOC_GET_BEST_AVAILABLE_POSITION_REQ_V02
05-04 10:35:08.414 E/LocSvc_ApiV02( 2941): I/<--- void globalRespCb(locClientHandleType, uint32_t, locClientRespIndUnionType, void*) line 115 QMI_LOC_GET_BEST_AVAILABLE_POSITION_REQ_V02
05-04 10:35:08.414 E/LocSvc_libulp( 2941): I/int ulp_brain_process_zpp_position_report(loc_sess_status, LocPosTechMask, UlpLocation*), report ZPP position to providers,report_position = 1
05-04 10:35:08.415 E/IzatSvc_PassiveLocListener( 2941): E/Exiting with error virtual void izat_manager::IzatPassiveLocationListener::onLocationChanged(const izat_manager::IzatLocation*, izat_manager::IzatLocationStatus) line 113 "1"
05-04 10:35:15.622 E/ThermalEngine(  504): Unable to read max frequency from online cpu.
05-04 10:35:15.622 E/ThermalEngine(  504): Failed to set desired CPU[3] frequency limit to 1190400
05-04 10:35:24.874 E/ThermalEngine(  504): Unable to read max frequency from online cpu.
05-04 10:35:24.874 E/ThermalEngine(  504): Failed to set desired CPU[3] frequency limit to 1190400
05-04 10:35:24.917 E/ThermalEngine(  504): Unable to read max frequency from online cpu.
05-04 10:35:24.918 E/ThermalEngine(  504): Failed to set desired CPU[1] frequency limit to 1190400
05-04 10:35:24.932 E/IzatSvc_OSObserver( 2941): I/LocTech-Label :: OSOBSERVER :: Data Items In
05-04 10:35:24.932 E/IzatSvc_OSObserver( 2941): I/LocTech-Value :: Data Item Value: IS_POWER_CONNECTED: false
05-04 10:35:24.932 E/LocSvc_libulp( 2941): I/int ulp_msg_process_system_update(UlpSystemEvent): systemEvent:3 
05-04 10:35:24.932 E/LocSvc_api_v02( 2941): I/---> locClientSendReq line 2020 QMI_LOC_SET_EXTERNAL_POWER_CONFIG_REQ_V02
05-04 10:35:24.933 E/LocSvc_libulp( 2941): I/int ulp_msg_process_start_req(), at ulp state = 1
05-04 10:35:24.935 E/LocSvc_ApiV02( 2941): I/<--- void globalRespCb(locClientHandleType, uint32_t, locClientRespIndUnionType, void*) line 115 QMI_LOC_SET_EXTERNAL_POWER_CONFIG_REQ_V02
05-04 10:35:25.060 E/ExtMediaPlayer-JNI( 4428): env->IsInstanceOf fails
05-04 10:35:25.060 E/MediaPlayer-JNI( 4428): JNIMediaPlayerFactory: bIsQCMediaPlayerPresent 0
05-04 10:35:25.060 E/ExtMediaPlayer-JNI( 4428): env->IsInstanceOf fails
05-04 10:35:25.060 E/MediaPlayer-JNI( 4428): JNIMediaPlayerFactory: bIsQCMediaPlayerPresent 0
05-04 10:35:25.172 E/ExtMediaPlayer-JNI( 4428): env->IsInstanceOf fails
05-04 10:35:25.172 E/MediaPlayer-JNI( 4428): JNIMediaPlayerFactory: bIsQCMediaPlayerPresent 0
05-04 10:35:25.172 E/ExtMediaPlayer-JNI( 4428): env->IsInstanceOf fails
05-04 10:35:25.172 E/MediaPlayer-JNI( 4428): JNIMediaPlayerFactory: bIsQCMediaPlayerPresent 0
05-04 10:35:35.773 E/ThermalEngine(  504): Unable to read max frequency from online cpu.
05-04 10:35:35.773 E/ThermalEngine(  504): Failed to set desired CPU[3] frequency limit to 1190400
05-04 10:35:42.270 E/ThermalEngine(  504): Unable to read max frequency from online cpu.
05-04 10:35:42.270 E/ThermalEngine(  504): Failed to set desired CPU[3] frequency limit to 1190400
05-04 10:35:45.921 E/ThermalEngine(  504): Unable to read max frequency from online cpu.
05-04 10:35:45.921 E/ThermalEngine(  504): Failed to set desired CPU[3] frequency limit to 1190400
05-04 10:35:56.119 E/ThermalEngine(  504): Unable to read max frequency from online cpu.
05-04 10:35:56.119 E/ThermalEngine(  504): Failed to set desired CPU[3] frequency limit to 1190400
05-04 10:36:00.170 E/ThermalEngine(  504): Unable to read max frequency from online cpu.
05-04 10:36:00.171 E/ThermalEngine(  504): Failed to set desired CPU[3] frequency limit to 1190400
05-04 10:36:06.976 E/ThermalEngine(  504): Unable to read max frequency from online cpu.
05-04 10:36:06.976 E/ThermalEngine(  504): Failed to set desired CPU[3] frequency limit to 1190400
05-04 10:36:12.653 E/ThermalEngine(  504): Unable to read max frequency from online cpu.
05-04 10:36:12.653 E/ThermalEngine(  504): Failed to set desired CPU[1] frequency limit to 1190400
05-04 10:36:13.322 E/CloudUpdateHideMode( 5579): parseResult
05-04 10:36:13.322 E/CloudUpdateHideMode( 5579): org.json.JSONException: Value <html><head><meta of type java.lang.String cannot be converted to JSONObject
05-04 10:36:13.322 E/CloudUpdateHideMode( 5579): 	at org.json.JSON.typeMismatch(JSON.java:111)
05-04 10:36:13.322 E/CloudUpdateHideMode( 5579): 	at org.json.JSONObject.<init>(JSONObject.java:160)
05-04 10:36:13.322 E/CloudUpdateHideMode( 5579): 	at org.json.JSONObject.<init>(JSONObject.java:173)
05-04 10:36:13.322 E/CloudUpdateHideMode( 5579): 	at com.miui.powerkeeper.cloudcontrol.CloudUpdateHideMode.parseResult(Unknown Source)
05-04 10:36:13.322 E/CloudUpdateHideMode( 5579): 	at com.miui.powerkeeper.cloudcontrol.CloudUpdateHideMode.parseRemoteResult(Unknown Source)
05-04 10:36:13.322 E/CloudUpdateHideMode( 5579): 	at com.miui.powerkeeper.cloudcontrol.CloudUpdateHideMode.startUpdate(Unknown Source)
05-04 10:36:13.322 E/CloudUpdateHideMode( 5579): 	at com.miui.powerkeeper.provider.PowerKeeperConfigureManager$4.onCloudUpdate(Unknown Source)
05-04 10:36:13.322 E/CloudUpdateHideMode( 5579): 	at com.miui.powerkeeper.cloudcontrol.CloudUpdateManager$1.run(Unknown Source)
05-04 10:36:13.322 E/CloudUpdateHideMode( 5579): 	at android.os.Handler.handleCallback(Handler.java:742)
05-04 10:36:13.322 E/CloudUpdateHideMode( 5579): 	at android.os.Handler.dispatchMessage(Handler.java:95)
05-04 10:36:13.322 E/CloudUpdateHideMode( 5579): 	at android.os.Looper.loop(Looper.java:154)
05-04 10:36:13.322 E/CloudUpdateHideMode( 5579): 	at android.os.HandlerThread.run(HandlerThread.java:61)
05-04 10:36:15.377 E/ThermalEngine(  504): Unable to read max frequency from online cpu.
05-04 10:36:15.377 E/ThermalEngine(  504): Failed to set desired CPU[1] frequency limit to 1190400
05-04 10:36:18.620 E/ThermalEngine(  504): Unable to read max frequency from online cpu.
05-04 10:36:18.620 E/ThermalEngine(  504): Failed to set desired CPU[3] frequency limit to 1190400
05-04 10:36:24.964 E/ActivityManager( 2941): Invalid thumbnail dimensions: 0x0
05-04 10:36:25.023 E/ThermalEngine(  504): Unable to read max frequency from online cpu.
05-04 10:36:25.024 E/ThermalEngine(  504): Failed to set desired CPU[3] frequency limit to 1190400
05-04 10:36:25.068 E/ThermalEngine(  504): Unable to read max frequency from online cpu.
05-04 10:36:25.068 E/ThermalEngine(  504): Failed to set desired CPU[1] frequency limit to 1190400
05-04 10:36:25.547 E/ActivityThread( 4428): Failed to find provider info for com.xiaomi.tv.gallerylockscreen.lockscreen_magazine_provider
05-04 10:36:25.548 E/MiuiKeyguardUpdateMonitor( 4428): call error  uri =com.xiaomi.tv.gallerylockscreen.lockscreen_magazine_provider
05-04 10:36:25.548 E/MiuiKeyguardUpdateMonitor( 4428): java.lang.IllegalArgumentException: Unknown URI content://0@com.xiaomi.tv.gallerylockscreen.lockscreen_magazine_provider
05-04 10:36:25.548 E/MiuiKeyguardUpdateMonitor( 4428): 	at android.content.ContentResolver.call(ContentResolver.java:1424)
05-04 10:36:25.548 E/MiuiKeyguardUpdateMonitor( 4428): 	at com.android.keyguard.MiuiKeyguardUpdateMonitor.queryWallPaperCustomInfo(MiuiKeyguardUpdateMonitor.java:558)
05-04 10:36:25.548 E/MiuiKeyguardUpdateMonitor( 4428): 	at com.android.keyguard.MiuiKeyguardUpdateMonitor.refreshWallpaperCustomInfo(MiuiKeyguardUpdateMonitor.java:583)
05-04 10:36:25.548 E/MiuiKeyguardUpdateMonitor( 4428): 	at com.android.keyguard.MiuiDefaultLockScreen.<init>(MiuiDefaultLockScreen.java:249)
05-04 10:36:25.548 E/MiuiKeyguardUpdateMonitor( 4428): 	at com.android.keyguard.MiuiLockPatternKeyguardView.createLockScreen(MiuiLockPatternKeyguardView.java:1311)
05-04 10:36:25.548 E/MiuiKeyguardUpdateMonitor( 4428): 	at com.android.keyguard.MiuiLockPatternKeyguardView.recreateLockScreen(MiuiLockPatternKeyguardView.java:912)
05-04 10:36:25.548 E/MiuiKeyguardUpdateMonitor( 4428): 	at com.android.keyguard.MiuiLockPatternKeyguardView.updateScreen(MiuiLockPatternKeyguardView.java:1215)
05-04 10:36:25.548 E/MiuiKeyguardUpdateMonitor( 4428): 	at com.android.keyguard.MiuiLockPatternKeyguardView.keyguardScreenCallback(MiuiLockPatternKeyguardView.java:272)
05-04 10:36:25.548 E/MiuiKeyguardUpdateMonitor( 4428): 	at com.android.keyguard.MiuiLockPatternKeyguardView.<init>(MiuiLockPatternKeyguardView.java:589)
05-04 10:36:25.548 E/MiuiKeyguardUpdateMonitor( 4428): 	at com.android.keyguard.MiuiLockPatternKeyguardViewProperties.createKeyguardView(MiuiLockPatternKeyguardViewProperties.java:27)
05-04 10:36:25.548 E/MiuiKeyguardUpdateMonitor( 4428): 	at com.android.keyguard.AbstractKeyguardViewManager.show(AbstractKeyguardViewManager.java:117)
05-04 10:36:25.548 E/MiuiKeyguardUpdateMonitor( 4428): 	at com.android.keyguard.MiuiKeyguardViewMediator.handleShow(MiuiKeyguardViewMediator.java:1804)
05-04 10:36:25.548 E/MiuiKeyguardUpdateMonitor( 4428): 	at com.android.keyguard.MiuiKeyguardViewMediator.access$3700(MiuiKeyguardViewMediator.java:136)
05-04 10:36:25.548 E/MiuiKeyguardUpdateMonitor( 4428): 	at com.android.keyguard.MiuiKeyguardViewMediator$16.handleMessage(MiuiKeyguardViewMediator.java:1598)
05-04 10:36:25.548 E/MiuiKeyguardUpdateMonitor( 4428): 	at android.os.Handler.dispatchMessage(Handler.java:102)
05-04 10:36:25.548 E/MiuiKeyguardUpdateMonitor( 4428): 	at android.os.Looper.loop(Looper.java:154)
05-04 10:36:25.548 E/MiuiKeyguardUpdateMonitor( 4428): 	at android.app.ActivityThread.main(ActivityThread.java:5462)
05-04 10:36:25.548 E/MiuiKeyguardUpdateMonitor( 4428): 	at java.lang.reflect.Method.invoke(Native Method)
05-04 10:36:25.548 E/MiuiKeyguardUpdateMonitor( 4428): 	at com.android.internal.os.ZygoteInit$MethodAndArgsCaller.run(ZygoteInit.java:739)
05-04 10:36:25.548 E/MiuiKeyguardUpdateMonitor( 4428): 	at com.android.internal.os.ZygoteInit.main(ZygoteInit.java:629)
05-04 10:36:25.575 E/ActivityThread( 4428): Failed to find provider info for com.xiaomi.tv.gallerylockscreen.lockscreen_magazine_provider
05-04 10:36:25.582 E/ActivityThread( 4428): Failed to find provider info for com.xiaomi.tv.gallerylockscreen.lockscreen_magazine_provider
05-04 10:36:25.605 E/QCOM PowerHAL( 2941): Error opening /sys/devices/system/cpu/cpu1/cpufreq/sys_cap_freq: No such file or directory
05-04 10:36:25.605 E/QCOM PowerHAL( 2941): Error opening /sys/devices/system/cpu/cpu2/cpufreq/sys_cap_freq: No such file or directory
05-04 10:36:25.605 E/QCOM PowerHAL( 2941): Error opening /sys/devices/system/cpu/cpu3/cpufreq/sys_cap_freq: No such file or directory
05-04 10:36:25.615 E/bt_a2dp_hw(  457): adev_set_parameters: ERROR: set param called even when stream out is null
05-04 10:36:25.662 E/native  ( 2941): do suspend true
05-04 10:36:25.793 E/AudioService( 2941): No RCC entry present to update
05-04 10:36:25.794 E/RemoteController( 4428): Cannot set synchronization mode on an unregistered RemoteController
05-04 10:36:25.809 E/IzatSvc_OSObserver( 2941): I/LocTech-Label :: OSOBSERVER :: Data Items In
05-04 10:36:25.809 E/IzatSvc_OSObserver( 2941): I/LocTech-Value :: Data Item Value: IS_SCREEN_ON: false
05-04 10:36:26.074 E/PowerManagerService( 2941): Only X4,X3 support this feature for low power consumption!
05-04 10:36:27.159 E/art     (17730): No implementation found for java.lang.String com.tencent.feedback.eup.jni.NativeExceptionUpload.registNativeExceptionHandler2(java.lang.String, java.lang.String, int, int) (tried Java_com_tencent_feedback_eup_jni_NativeExceptionUpload_registNativeExceptionHandler2 and Java_com_tencent_feedback_eup_jni_NativeExceptionUpload_registNativeExceptionHandler2__Ljava_lang_String_2Ljava_lang_String_2II)
05-04 10:37:18.693 E/lowmemorykiller(  417): Error writing /proc/17691/oom_score_adj; errno=22
05-04 10:37:18.712 E/lowmemorykiller(  417): Error writing /proc/17691/oom_score_adj; errno=22
05-04 10:39:28.476 E/PowerManagerService( 2941): Only X4,X3 support this feature for low power consumption!
05-04 10:39:28.541 E/PowerManagerService( 2941): Only X4,X3 support this feature for low power consumption!
05-04 10:39:28.591 E/PowerManagerService( 2941): Only X4,X3 support this feature for low power consumption!
05-04 10:39:28.878 E/ThermalEngine(  504): Failed to set desired CPU[1] frequency limit to 2457600
05-04 10:39:28.878 E/ThermalEngine(  504): Failed to set desired CPU[2] frequency limit to 2457600
05-04 10:39:28.878 E/ThermalEngine(  504): Failed to set desired CPU[3] frequency limit to 2457600
05-04 10:39:28.882 E/ThermalEngine(  504): Unable to read max frequency from online cpu.
05-04 10:39:28.882 E/ThermalEngine(  504): Failed to set desired CPU[2] frequency limit to 2457600
05-04 10:39:29.108 E/PowerManagerService( 2941): Only X4,X3 support this feature for low power consumption!
05-04 10:39:29.116 E/PowerManagerService( 2941): Only X4,X3 support this feature for low power consumption!
05-04 10:39:29.235 E/DatabaseUtils( 2941): Writing exception to parcel
05-04 10:39:29.235 E/DatabaseUtils( 2941): java.lang.SecurityException: com.sogou.activity.src was not granted  this permission: android.permission.WRITE_SETTINGS.
05-04 10:39:29.235 E/DatabaseUtils( 2941): 	at android.provider.Settings.isCallingPackageAllowedToPerformAppOpsProtectedOperation(Settings.java:8507)
05-04 10:39:29.235 E/DatabaseUtils( 2941): 	at android.provider.Settings.checkAndNoteWriteSettingsOperation(Settings.java:8389)
05-04 10:39:29.235 E/DatabaseUtils( 2941): 	at com.android.providers.settings.SettingsProvider.mutateSystemSetting(SettingsProvider.java:915)
05-04 10:39:29.235 E/DatabaseUtils( 2941): 	at com.android.providers.settings.SettingsProvider.insertSystemSetting(SettingsProvider.java:890)
05-04 10:39:29.235 E/DatabaseUtils( 2941): 	at com.android.providers.settings.SettingsProvider.call(SettingsProvider.java:263)
05-04 10:39:29.235 E/DatabaseUtils( 2941): 	at android.content.ContentProvider$Transport.call(ContentProvider.java:398)
05-04 10:39:29.235 E/DatabaseUtils( 2941): 	at android.content.ContentProviderNative.onTransact(ContentProviderNative.java:283)
05-04 10:39:29.235 E/DatabaseUtils( 2941): 	at android.os.Binder.execTransact(Binder.java:453)
05-04 10:39:29.238 E/DatabaseUtils( 2941): Writing exception to parcel
05-04 10:39:29.238 E/DatabaseUtils( 2941): java.lang.SecurityException: com.sogou.activity.src was not granted  this permission: android.permission.WRITE_SETTINGS.
05-04 10:39:29.238 E/DatabaseUtils( 2941): 	at android.provider.Settings.isCallingPackageAllowedToPerformAppOpsProtectedOperation(Settings.java:8507)
05-04 10:39:29.238 E/DatabaseUtils( 2941): 	at android.provider.Settings.checkAndNoteWriteSettingsOperation(Settings.java:8389)
05-04 10:39:29.238 E/DatabaseUtils( 2941): 	at com.android.providers.settings.SettingsProvider.mutateSystemSetting(SettingsProvider.java:915)
05-04 10:39:29.238 E/DatabaseUtils( 2941): 	at com.android.providers.settings.SettingsProvider.insertSystemSetting(SettingsProvider.java:890)
05-04 10:39:29.238 E/DatabaseUtils( 2941): 	at com.android.providers.settings.SettingsProvider.call(SettingsProvider.java:263)
05-04 10:39:29.238 E/DatabaseUtils( 2941): 	at android.content.ContentProvider$Transport.call(ContentProvider.java:398)
05-04 10:39:29.238 E/DatabaseUtils( 2941): 	at android.content.ContentProviderNative.onTransact(ContentProviderNative.java:283)
05-04 10:39:29.238 E/DatabaseUtils( 2941): 	at android.os.Binder.execTransact(Binder.java:453)
05-04 10:39:29.620 E/ThermalEngine(  504): Unable to read max frequency from online cpu.
05-04 10:39:29.621 E/ThermalEngine(  504): Failed to set desired CPU[1] frequency limit to 2457600
05-04 10:39:30.446 E/ThermalEngine(  504): Unable to read max frequency from online cpu.
05-04 10:39:30.446 E/ThermalEngine(  504): Failed to set desired CPU[2] frequency limit to 2457600
05-04 10:39:31.239 E/PowerManagerService( 2941): Only X4,X3 support this feature for low power consumption!
05-04 10:40:12.227 E/PowerManagerService( 2941): Only X4,X3 support this feature for low power consumption!
05-04 10:40:12.237 E/ThermalEngine(  504): Unable to read max frequency from online cpu.
05-04 10:40:12.237 E/ThermalEngine(  504): Failed to set desired CPU[2] frequency limit to 2457600
05-04 10:40:12.241 E/ThermalEngine(  504): Unable to read max frequency from online cpu.
05-04 10:40:12.241 E/ThermalEngine(  504): Failed to set desired CPU[1] frequency limit to 2457600
05-04 10:40:12.279 E/PowerManagerService( 2941): Only X4,X3 support this feature for low power consumption!
05-04 10:42:31.120 E/PowerManagerService( 2941): Only X4,X3 support this feature for low power consumption!
05-04 10:42:31.180 E/PowerManagerService( 2941): Only X4,X3 support this feature for low power consumption!
05-04 10:42:45.897 E/PowerManagerService( 2941): Only X4,X3 support this feature for low power consumption!
05-04 10:42:45.935 E/DatabaseUtils( 2941): Writing exception to parcel
05-04 10:42:45.935 E/DatabaseUtils( 2941): java.lang.SecurityException: com.sogou.activity.src was not granted  this permission: android.permission.WRITE_SETTINGS.
05-04 10:42:45.935 E/DatabaseUtils( 2941): 	at android.provider.Settings.isCallingPackageAllowedToPerformAppOpsProtectedOperation(Settings.java:8507)
05-04 10:42:45.935 E/DatabaseUtils( 2941): 	at android.provider.Settings.checkAndNoteWriteSettingsOperation(Settings.java:8389)
05-04 10:42:45.935 E/DatabaseUtils( 2941): 	at com.android.providers.settings.SettingsProvider.mutateSystemSetting(SettingsProvider.java:915)
05-04 10:42:45.935 E/DatabaseUtils( 2941): 	at com.android.providers.settings.SettingsProvider.insertSystemSetting(SettingsProvider.java:890)
05-04 10:42:45.935 E/DatabaseUtils( 2941): 	at com.android.providers.settings.SettingsProvider.call(SettingsProvider.java:263)
05-04 10:42:45.935 E/DatabaseUtils( 2941): 	at android.content.ContentProvider$Transport.call(ContentProvider.java:398)
05-04 10:42:45.935 E/DatabaseUtils( 2941): 	at android.content.ContentProviderNative.onTransact(ContentProviderNative.java:283)
05-04 10:42:45.935 E/DatabaseUtils( 2941): 	at android.os.Binder.execTransact(Binder.java:453)
05-04 10:42:45.937 E/DatabaseUtils( 2941): Writing exception to parcel
05-04 10:42:45.937 E/DatabaseUtils( 2941): java.lang.SecurityException: com.sogou.activity.src was not granted  this permission: android.permission.WRITE_SETTINGS.
05-04 10:42:45.937 E/DatabaseUtils( 2941): 	at android.provider.Settings.isCallingPackageAllowedToPerformAppOpsProtectedOperation(Settings.java:8507)
05-04 10:42:45.937 E/DatabaseUtils( 2941): 	at android.provider.Settings.checkAndNoteWriteSettingsOperation(Settings.java:8389)
05-04 10:42:45.937 E/DatabaseUtils( 2941): 	at com.android.providers.settings.SettingsProvider.mutateSystemSetting(SettingsProvider.java:915)
05-04 10:42:45.937 E/DatabaseUtils( 2941): 	at com.android.providers.settings.SettingsProvider.insertSystemSetting(SettingsProvider.java:890)
05-04 10:42:45.937 E/DatabaseUtils( 2941): 	at com.android.providers.settings.SettingsProvider.call(SettingsProvider.java:263)
05-04 10:42:45.937 E/DatabaseUtils( 2941): 	at android.content.ContentProvider$Transport.call(ContentProvider.java:398)
05-04 10:42:45.937 E/DatabaseUtils( 2941): 	at android.content.ContentProviderNative.onTransact(ContentProviderNative.java:283)
05-04 10:42:45.937 E/DatabaseUtils( 2941): 	at android.os.Binder.execTransact(Binder.java:453)
05-04 10:42:46.294 E/PowerManagerService( 2941): Only X4,X3 support this feature for low power consumption!
05-04 10:43:01.598 E/NetdConnector( 2941): NDC Command {877 firewall set_uid_rule dozable 10098 allow} took too long (15300ms)
05-04 10:44:05.537 E/PowerManagerService( 2941): Only X4,X3 support this feature for low power consumption!
05-04 10:44:05.709 E/Icon    ( 4428): Unable to load resource 0xffffffff from pkg=com.xiaomi.xmsf
05-04 10:44:05.709 E/Icon    ( 4428): android.content.res.Resources$NotFoundException: Resource ID #0xffffffff
05-04 10:44:05.709 E/Icon    ( 4428): 	at android.content.res.Resources.getValue(Resources.java:1369)
