--------- beginning of main
05-03 09:55:18.877 E/adsprpc (  474): vendor/qcom/proprietary/adsprpc/src/listener_android.c:109:listener using ion heap: -1
05-03 09:55:18.879 E/adsprpc (  474): vendor/qcom/proprietary/adsprpc/src/apps_std_imp.c:33:apps_std fopen failed: ./oemconfig.so No such file or directory
05-03 09:55:18.879 E/adsprpc (  474): vendor/qcom/proprietary/adsprpc/src/apps_std_imp.c:33:apps_std fopen failed: /system/lib/rfsa/adsp/./oemconfig.so No such file or directory
05-03 09:55:18.879 E/adsprpc (  474): vendor/qcom/proprietary/adsprpc/src/apps_std_imp.c:33:apps_std fopen failed: /system/vendor/lib/rfsa/adsp/./oemconfig.so No such file or directory
05-03 09:55:18.879 E/adsprpc (  474): vendor/qcom/proprietary/adsprpc/src/../inc/mod_table_imp.h:346::error: 2: 0 == (nErr = invoke_func_ptr(sc, pra))
05-03 09:55:18.880 E/adsprpc (  474): vendor/qcom/proprietary/adsprpc/src/apps_std_imp.c:33:apps_std fopen failed: ./voiceproc_tx.so No such file or directory
05-03 09:55:18.880 E/adsprpc (  474): vendor/qcom/proprietary/adsprpc/src/apps_std_imp.c:33:apps_std fopen failed: /system/lib/rfsa/adsp/./voiceproc_tx.so No such file or directory
05-03 09:55:18.880 E/adsprpc (  474): vendor/qcom/proprietary/adsprpc/src/apps_std_imp.c:33:apps_std fopen failed: /system/vendor/lib/rfsa/adsp/./voiceproc_tx.so No such file or directory
05-03 09:55:18.880 E/adsprpc (  474): vendor/qcom/proprietary/adsprpc/src/../inc/mod_table_imp.h:346::error: 2: 0 == (nErr = invoke_func_ptr(sc, pra))
05-03 09:55:18.880 E/adsprpc (  474): vendor/qcom/proprietary/adsprpc/src/apps_std_imp.c:33:apps_std fopen failed: ./voiceproc_rx.so No such file or directory
05-03 09:55:18.880 E/adsprpc (  474): vendor/qcom/proprietary/adsprpc/src/apps_std_imp.c:33:apps_std fopen failed: /system/lib/rfsa/adsp/./voiceproc_rx.so No such file or directory
05-03 09:55:18.880 E/adsprpc (  474): vendor/qcom/proprietary/adsprpc/src/apps_std_imp.c:33:apps_std fopen failed: /system/vendor/lib/rfsa/adsp/./voiceproc_rx.so No such file or directory
05-03 09:55:18.880 E/adsprpc (  474): vendor/qcom/proprietary/adsprpc/src/../inc/mod_table_imp.h:346::error: 2: 0 == (nErr = invoke_func_ptr(sc, pra))
05-03 09:55:20.321 E/        (  457): batterystats service unavailable!
05-03 09:55:20.321 E/        (  457): batterystats service unavailable!
05-03 09:55:20.321 E/ExtendedServiceUtils(  457): player_type 6
05-03 09:55:20.321 E/ExtendedServiceUtils(  457): Creating DashPlayer Factory
05-03 09:55:20.322 E/        (  457): batterystats service unavailable!
05-03 09:55:20.322 E/        (  457): batterystats service unavailable!
05-03 09:55:22.066 E/mm-camera-intf(  457): entity id 1
05-03 09:55:22.066 E/mm-camera-intf(  457): entity name video0 type 65537 group id 2
05-03 09:55:22.066 E/mm-camera-intf(  457): entity id 2
05-03 09:55:22.066 E/mm-camera-intf(  457): entity name msm_cci type 131072 group id 0
05-03 09:55:22.066 E/mm-camera-intf(  457): entity id 3
05-03 09:55:22.066 E/mm-camera-intf(  457): entity name v4l-subdev0 type 131072 group id 0
05-03 09:55:22.066 E/mm-camera-intf(  457): entity id 4
05-03 09:55:22.066 E/mm-camera-intf(  457): entity name v4l-subdev1 type 131072 group id 0
05-03 09:55:22.066 E/mm-camera-intf(  457): entity id 5
05-03 09:55:22.066 E/mm-camera-intf(  457): entity name v4l-subdev2 type 131072 group id 0
05-03 09:55:22.066 E/mm-camera-intf(  457): entity id 6
05-03 09:55:22.066 E/mm-camera-intf(  457): entity name v4l-subdev3 type 131072 group id 1
05-03 09:55:22.066 E/mm-camera-intf(  457): entity id 7
05-03 09:55:22.066 E/mm-camera-intf(  457): entity name v4l-subdev4 type 131072 group id 1
05-03 09:55:22.066 E/mm-camera-intf(  457): entity id 8
05-03 09:55:22.066 E/mm-camera-intf(  457): entity name v4l-subdev5 type 131072 group id 1
05-03 09:55:22.066 E/mm-camera-intf(  457): entity id 9
05-03 09:55:22.066 E/mm-camera-intf(  457): entity name v4l-subdev6 type 131072 group id 1
05-03 09:55:22.066 E/mm-camera-intf(  457): entity id 10
05-03 09:55:22.066 E/mm-camera-intf(  457): entity name v4l-subdev7 type 131072 group id 7
05-03 09:55:22.066 E/mm-camera-intf(  457): entity id 11
05-03 09:55:22.066 E/mm-camera-intf(  457): entity name v4l-subdev8 type 131072 group id 7
05-03 09:55:22.066 E/mm-camera-intf(  457): entity id 12
05-03 09:55:22.066 E/mm-camera-intf(  457): entity name v4l-subdev9 type 131072 group id 7
05-03 09:55:22.066 E/mm-camera-intf(  457): entity id 13
05-03 09:55:22.066 E/mm-camera-intf(  457): entity name v4l-subdev10 type 131072 group id 11
05-03 09:55:22.066 E/mm-camera-intf(  457): entity id 14
05-03 09:55:22.066 E/mm-camera-intf(  457): entity name v4l-subdev11 type 131072 group id 8
05-03 09:55:22.066 E/mm-camera-intf(  457): entity id 15
05-03 09:55:22.066 E/mm-camera-intf(  457): entity name v4l-subdev12 type 131072 group id 14
05-03 09:55:22.066 E/mm-camera-intf(  457): entity id 1
05-03 09:55:22.066 E/mm-camera-intf(  457): entity name video1 type 65537 group id 2
05-03 09:55:22.066 E/mm-camera-intf(  457): entity id 2
05-03 09:55:22.066 E/mm-camera-intf(  457): Done enumerating media entities
05-03 09:55:22.066 E/mm-camera-intf(  457): entity id 1
05-03 09:55:22.066 E/mm-camera-intf(  457): entity name video2 type 65537 group id 2
05-03 09:55:22.066 E/mm-camera-intf(  457): entity id 2
05-03 09:55:22.066 E/mm-camera-intf(  457): Done enumerating media entities
05-03 09:55:22.375 E/mm-camera-intf(  457): mm_camera_open: dev name = /dev/video1, cam_idx = 1
05-03 09:55:22.458 E/mm-camera-intf(  457): mm_camera_open:  opened, break out while loop
05-03 09:55:22.459 E/QCameraHWI_Mem(  457): int qcamera::QCameraMemory::alloc(int, size_t, unsigned int) : No memory pool available
05-03 09:55:22.483 E/qomx_image_core(  457): OMX_Init:94] Complete 2
05-03 09:55:22.483 E/QCameraHWI_Mem(  457): void qcamera::QCameraMemory::traceLogAllocStart(size_t, int, const char*):HeapMemsize 1048576
05-03 09:55:22.483 E/QCameraHWI_Mem(  457): void qcamera::QCameraMemory::traceLogAllocStart(size_t, int, const char*):Memsize 1048576
05-03 09:55:22.484 E/QCameraHWI_Mem(  457): int qcamera::QCameraMemory::alloc(int, size_t, unsigned int) : No memory pool available
05-03 09:55:22.484 E/QCameraHWI_Mem(  457): void qcamera::QCameraMemory::traceLogAllocEnd(size_t) 1048576
05-03 09:55:22.484 E/QCameraHWI_Mem(  457): void qcamera::QCameraMemory::traceLogAllocEnd(size_t) 1048576
05-03 09:55:22.491 E/QCameraParameters(  457): int32_t qcamera::QCameraParameters::setMorphoHDR(const qcamera::QCameraParameters&), ++
05-03 09:55:22.491 E/QCameraParameters(  457): int32_t qcamera::QCameraParameters::setMorphoHHT(const qcamera::QCameraParameters&), ++
05-03 09:55:22.491 E/QCameraParameters(  457): int32_t qcamera::QCameraParameters::setMovieSolid(const qcamera::QCameraParameters&), ++
05-03 09:55:22.492 E/QCameraParameters(  457): setWBLedAssist_param (null)
05-03 09:55:22.492 E/QCameraParameters(  457): int32_t qcamera::QCameraParameters::setSnapshotHDR(const qcamera::QCameraParameters&) :X 3. Snapshot HDR set to: prev_str (null), str (null)
05-03 09:55:22.492 E/QCamera2HWI(  457): int qcamera::QCamera2HardwareInterface::commitParameterChanges(), mParameters.isMorphoHDREnabled() 0
05-03 09:55:22.492 E/QCameraMorphoPostProc(  457): Enable: nothing to changed!
05-03 09:55:22.492 E/QCamera2HWI(  457): int qcamera::QCamera2HardwareInterface::commitParameterChanges(), mParameters.isMorphoHHTEnabled() 0
05-03 09:55:22.492 E/QCameraMorphoPostProc(  457): Enable: nothing to changed!
05-03 09:55:22.498 E/qomx_image_core(  457): OMX_Deinit:118] Complete
05-03 09:55:22.501 E/QCameraPostProc(  457): int32_t qcamera::QCameraPostProcessor::deinit(): Jpeg closed, rc = 0, mJpegClientHandle = 100
05-03 09:55:22.514 E/mm-camera-intf(  457): mm_camera_open: dev name = /dev/video2, cam_idx = 2
05-03 09:55:22.620 E/mm-camera-intf(  457): mm_camera_open:  opened, break out while loop
05-03 09:55:22.620 E/QCameraHWI_Mem(  457): int qcamera::QCameraMemory::alloc(int, size_t, unsigned int) : No memory pool available
05-03 09:55:22.634 E/qomx_image_core(  457): OMX_Init:94] Complete 2
05-03 09:55:22.635 E/QCameraHWI_Mem(  457): void qcamera::QCameraMemory::traceLogAllocStart(size_t, int, const char*):HeapMemsize 1048576
05-03 09:55:22.635 E/QCameraHWI_Mem(  457): void qcamera::QCameraMemory::traceLogAllocStart(size_t, int, const char*):Memsize 1048576
05-03 09:55:22.635 E/QCameraHWI_Mem(  457): int qcamera::QCameraMemory::alloc(int, size_t, unsigned int) : No memory pool available
05-03 09:55:22.635 E/QCameraHWI_Mem(  457): void qcamera::QCameraMemory::traceLogAllocEnd(size_t) 1048576
05-03 09:55:22.635 E/QCameraHWI_Mem(  457): void qcamera::QCameraMemory::traceLogAllocEnd(size_t) 1048576
05-03 09:55:22.637 E/QCameraParameters(  457): int32_t qcamera::QCameraParameters::initDefaultParameters(): supported flash modes cnt is 0!!!
05-03 09:55:22.640 E/QCameraParameters(  457): int32_t qcamera::QCameraParameters::setMorphoHDR(const qcamera::QCameraParameters&), ++
05-03 09:55:22.640 E/QCameraParameters(  457): int32_t qcamera::QCameraParameters::setMorphoHHT(const qcamera::QCameraParameters&), ++
05-03 09:55:22.640 E/QCameraParameters(  457): int32_t qcamera::QCameraParameters::setMovieSolid(const qcamera::QCameraParameters&), ++
05-03 09:55:22.641 E/QCameraParameters(  457): setWBLedAssist_param (null)
05-03 09:55:22.641 E/QCameraParameters(  457): int32_t qcamera::QCameraParameters::setSnapshotHDR(const qcamera::QCameraParameters&) :X 3. Snapshot HDR set to: prev_str (null), str (null)
05-03 09:55:22.641 E/QCamera2HWI(  457): int qcamera::QCamera2HardwareInterface::commitParameterChanges(), mParameters.isMorphoHDREnabled() 0
05-03 09:55:22.641 E/QCameraMorphoPostProc(  457): Enable: nothing to changed!
05-03 09:55:22.641 E/QCamera2HWI(  457): int qcamera::QCamera2HardwareInterface::commitParameterChanges(), mParameters.isMorphoHHTEnabled() 0
05-03 09:55:22.641 E/QCameraMorphoPostProc(  457): Enable: nothing to changed!
05-03 09:55:22.644 E/qomx_image_core(  457): OMX_Deinit:118] Complete
05-03 09:55:22.648 E/QCameraPostProc(  457): int32_t qcamera::QCameraPostProcessor::deinit(): Jpeg closed, rc = 0, mJpegClientHandle = 200
05-03 09:55:27.923 E/msm8974_platform(  457): erro to open /persist/audio/audio_smartpa_cali, id:0
05-03 09:55:27.924 E/msm8974_platform(  457): platform_init: File open failed No such file or directory
05-03 09:55:27.924 E/msm8974_platform(  457): No Calibration data - use default value
05-03 09:55:27.952 E/audio_hw_spkr_prot(  457): audio_extn_spkr_prot_init: thermal_client_request failed
05-03 09:55:27.952 E/msm8974_platform(  457): hw_util_open Opening device /dev/snd/hwC0D1000
05-03 09:55:27.952 E/msm8974_platform(  457): hw_util_open success
05-03 09:55:27.953 E/msm8974_platform(  457):  send_codec_cal cal sent for anc_cal
05-03 09:55:27.953 E/ACDB-LOADER(  457): ACDB -> send_codec_cal
05-03 09:55:27.953 E/msm8974_platform(  457):  send_codec_cal cal sent for mad_cal
05-03 09:55:27.953 E/msm8974_platform(  457):  send_codec_cal cal sent for mbhc_cal
05-03 09:55:28.080 E/AudioFlinger(  457): no wake lock to update!
05-03 09:55:28.081 E/MonoPipe(  457): Failed to fetch local time frequency when constructing a MonoPipe (res = -32).  getNextWriteTimestamp calls will be non-functional
05-03 09:55:28.083 E/AudioFlinger(  457): no wake lock to update!
05-03 09:55:28.084 E/AudioFlinger(  457): not enough memory for pipe buffer size=24576
05-03 09:55:28.103 E/SoundTriggerHwService(  457): couldn't load sound trigger module sound_trigger.primary (No such file or directory)
05-03 09:55:28.104 E/RadioService(  457): couldn't load radio module radio.primary (No such file or directory)
05-03 09:55:36.525 E/AudioFlinger(  457): no wake lock to update!
05-03 09:55:36.525 E/AudioFlinger(  457): no wake lock to update!
05-03 09:55:41.294 E/AudioFlinger(  457): no wake lock to update!
05-03 09:55:41.295 E/AudioFlinger(  457): no wake lock to update!
05-03 09:55:41.370 E/WVMExtractor(  457): Failed to open libwvm.so: dlopen failed: library "libwvm.so" not found
05-03 09:55:41.483 E/OMXMaster(  457): A component of name 'OMX.qcom.audio.decoder.aac' already exists, ignoring this one.
05-03 09:55:42.244 E/OMX-VENC-720p(  457): Setting session priority failed
05-03 09:55:42.257 E/OMX-VENC-720p(  457): Invalid entry returned from get_supported_profile_level 2130706433, 65536
05-03 09:55:42.279 E/OMX-VENC-720p(  457): Setting session priority failed
05-03 09:55:42.282 E/OMX-VENC-720p(  457): get_parameter: OMX_IndexParamVideoProfileLevelQuerySupported nProfileIndex ret NoMore 2
05-03 09:55:42.282 E/OMX-VENC-720p(  457): Invalid entry returned from get_supported_profile_level 32768, 128
05-03 09:55:42.329 E/OMX-VENC-720p(  457): Setting session priority failed
05-03 09:55:42.332 E/OMX-VENC-720p(  457): get_parameter: OMX_IndexParamVideoProfileLevelQuerySupported nProfileIndex ret NoMore 1
05-03 09:55:42.332 E/OMX-VENC-720p(  457): Invalid entry returned from get_supported_profile_level 1, 128
05-03 09:55:42.345 E/OMX-VENC-720p(  457): Setting session priority failed
05-03 09:55:42.348 E/OMX-VENC-720p(  457): Invalid entry returned from get_supported_profile_level 1, 2
05-03 09:55:42.403 E/OMXNodeInstance(  457): getParameter(13:qcom.decoder.avc, ??(0x7f000044)) ERROR: UnsupportedSetting(0x80001019)
05-03 09:55:42.403 E/OMXNodeInstance(  457): getParameter(13:qcom.decoder.avc, ??(0x7f000044)) ERROR: UnsupportedSetting(0x80001019)
05-03 09:55:42.404 E/OMX-VDEC-1080P(  457): Extension: OMX.google.android.index.storeANWBufferInMetadata not implemented
05-03 09:55:42.408 E/        (  457): Destroy C2D instance
05-03 09:55:42.408 E/        (  457): Destroy C2D instance
05-03 09:55:42.533 E/OMXNodeInstance(  457): getParameter(14:qcom.decoder.avc.secure, ??(0x7f000044)) ERROR: UnsupportedSetting(0x80001019)
05-03 09:55:42.533 E/OMXNodeInstance(  457): getParameter(14:qcom.decoder.avc.secure, ??(0x7f000044)) ERROR: UnsupportedSetting(0x80001019)
05-03 09:55:42.533 E/OMX-VDEC-1080P(  457): Extension: OMX.google.android.index.storeANWBufferInMetadata not implemented
05-03 09:55:42.554 E/        (  457): Destroy C2D instance
05-03 09:55:42.554 E/        (  457): Destroy C2D instance
05-03 09:55:42.568 E/OMXNodeInstance(  457): getParameter(15:qcom.decoder.mpeg2, ??(0x7f000044)) ERROR: UnsupportedSetting(0x80001019)
05-03 09:55:42.568 E/OMXNodeInstance(  457): getParameter(15:qcom.decoder.mpeg2, ??(0x7f000044)) ERROR: UnsupportedSetting(0x80001019)
05-03 09:55:42.568 E/OMX-VDEC-1080P(  457): Extension: OMX.google.android.index.storeANWBufferInMetadata not implemented
05-03 09:55:42.596 E/        (  457): Destroy C2D instance
05-03 09:55:42.597 E/        (  457): Destroy C2D instance
05-03 09:55:42.615 E/OMXNodeInstance(  457): getParameter(16:qcom.decoder.mpeg2.secure, ??(0x7f000044)) ERROR: UnsupportedSetting(0x80001019)
05-03 09:55:42.615 E/OMXNodeInstance(  457): getParameter(16:qcom.decoder.mpeg2.secure, ??(0x7f000044)) ERROR: UnsupportedSetting(0x80001019)
05-03 09:55:42.615 E/OMX-VDEC-1080P(  457): Extension: OMX.google.android.index.storeANWBufferInMetadata not implemented
05-03 09:55:42.646 E/        (  457): Destroy C2D instance
05-03 09:55:42.646 E/        (  457): Destroy C2D instance
05-03 09:55:42.657 E/OMXNodeInstance(  457): getParameter(17:qcom.decoder.mpeg4, ??(0x7f000044)) ERROR: UnsupportedSetting(0x80001019)
05-03 09:55:42.657 E/OMXNodeInstance(  457): getParameter(17:qcom.decoder.mpeg4, ??(0x7f000044)) ERROR: UnsupportedSetting(0x80001019)
05-03 09:55:42.658 E/OMX-VDEC-1080P(  457): Extension: OMX.google.android.index.storeANWBufferInMetadata not implemented
05-03 09:55:42.659 E/        (  457): Destroy C2D instance
05-03 09:55:42.659 E/        (  457): Destroy C2D instance
05-03 09:55:42.675 E/OMXNodeInstance(  457): getParameter(18:qcom.decoder.h263, ??(0x7f000044)) ERROR: UnsupportedSetting(0x80001019)
05-03 09:55:42.675 E/OMXNodeInstance(  457): getParameter(18:qcom.decoder.h263, ??(0x7f000044)) ERROR: UnsupportedSetting(0x80001019)
05-03 09:55:42.675 E/OMX-VDEC-1080P(  457): Extension: OMX.google.android.index.storeANWBufferInMetadata not implemented
05-03 09:55:42.681 E/        (  457): Destroy C2D instance
05-03 09:55:42.681 E/        (  457): Destroy C2D instance
05-03 09:55:42.693 E/OMX-VDEC-1080P(  457): get_parameter: OMX_IndexParamVideoProfileLevelQuerySupported ret NoMore for codec: OMX.qcom.video.decoder.vc1
05-03 09:55:42.694 E/OMXNodeInstance(  457): getParameter(19:qcom.decoder.vc1, ??(0x7f000044)) ERROR: UnsupportedSetting(0x80001019)
05-03 09:55:42.694 E/OMXNodeInstance(  457): getParameter(19:qcom.decoder.vc1, ??(0x7f000044)) ERROR: UnsupportedSetting(0x80001019)
05-03 09:55:42.694 E/OMX-VDEC-1080P(  457): Extension: OMX.google.android.index.storeANWBufferInMetadata not implemented
05-03 09:55:42.702 E/        (  457): Destroy C2D instance
05-03 09:55:42.702 E/        (  457): Destroy C2D instance
05-03 09:55:42.704 E/OMX-VDEC-1080P(  457): DIVX 5/6 Decoder selected
05-03 09:55:42.717 E/OMX-VDEC-1080P(  457): get_parameter: OMX_IndexParamVideoProfileLevelQuerySupported ret NoMore for codec: OMX.qcom.video.decoder.divx
05-03 09:55:42.717 E/OMXNodeInstance(  457): getParameter(1a:qcom.decoder.divx, ??(0x7f000044)) ERROR: UnsupportedSetting(0x80001019)
05-03 09:55:42.717 E/OMXNodeInstance(  457): getParameter(1a:qcom.decoder.divx, ??(0x7f000044)) ERROR: UnsupportedSetting(0x80001019)
05-03 09:55:42.717 E/OMX-VDEC-1080P(  457): Extension: OMX.google.android.index.storeANWBufferInMetadata not implemented
05-03 09:55:42.731 E/        (  457): Destroy C2D instance
05-03 09:55:42.731 E/        (  457): Destroy C2D instance
05-03 09:55:42.752 E/OMX-VDEC-1080P(  457): get_parameter: OMX_IndexParamVideoProfileLevelQuerySupported ret NoMore for codec: OMX.qcom.video.decoder.divx311
05-03 09:55:42.752 E/OMXNodeInstance(  457): getParameter(1b:qcom.decoder.divx311, ??(0x7f000044)) ERROR: UnsupportedSetting(0x80001019)
05-03 09:55:42.752 E/OMXNodeInstance(  457): getParameter(1b:qcom.decoder.divx311, ??(0x7f000044)) ERROR: UnsupportedSetting(0x80001019)
05-03 09:55:42.752 E/OMX-VDEC-1080P(  457): Extension: OMX.google.android.index.storeANWBufferInMetadata not implemented
05-03 09:55:42.792 E/        (  457): Destroy C2D instance
05-03 09:55:42.792 E/        (  457): Destroy C2D instance
05-03 09:55:42.834 E/OMX-VDEC-1080P(  457): DIVX 4 Decoder selected
05-03 09:55:42.865 E/OMX-VDEC-1080P(  457): get_parameter: OMX_IndexParamVideoProfileLevelQuerySupported ret NoMore for codec: OMX.qcom.video.decoder.divx4
05-03 09:55:42.865 E/OMXNodeInstance(  457): getParameter(1c:qcom.decoder.divx4, ??(0x7f000044)) ERROR: UnsupportedSetting(0x80001019)
05-03 09:55:42.865 E/OMXNodeInstance(  457): getParameter(1c:qcom.decoder.divx4, ??(0x7f000044)) ERROR: UnsupportedSetting(0x80001019)
05-03 09:55:42.865 E/OMX-VDEC-1080P(  457): Extension: OMX.google.android.index.storeANWBufferInMetadata not implemented
05-03 09:55:42.870 E/        (  457): Destroy C2D instance
05-03 09:55:42.870 E/        (  457): Destroy C2D instance
05-03 09:55:42.890 E/OMXNodeInstance(  457): getParameter(1d:qcom.decoder.vp8, ??(0x7f000044)) ERROR: UnsupportedSetting(0x80001019)
05-03 09:55:42.890 E/OMXNodeInstance(  457): getParameter(1d:qcom.decoder.vp8, ??(0x7f000044)) ERROR: UnsupportedSetting(0x80001019)
05-03 09:55:42.890 E/OMX-VDEC-1080P(  457): Extension: OMX.google.android.index.storeANWBufferInMetadata not implemented
05-03 09:55:42.905 E/        (  457): Destroy C2D instance
05-03 09:55:42.905 E/        (  457): Destroy C2D instance
05-03 09:55:42.923 E/OMX-VDEC-1080P(  457): Full DSP mode
05-03 09:55:42.929 E/OMX-VDEC-1080P(  457): NOTE: enable_extradata: actual[0] requested[20000] enable[1], is_internal: 1 swvdec mode -1
05-03 09:55:42.932 E/OMXNodeInstance(  457): getParameter(1e:qcom.decoder.hevc, ??(0x7f000044)) ERROR: UnsupportedSetting(0x80001019)
05-03 09:55:42.932 E/OMX-VDEC-1080P(  457): Extension: OMX.google.android.index.storeANWBufferInMetadata not implemented
05-03 09:55:42.932 E/OMXNodeInstance(  457): setParameter(1e:qcom.decoder.hevc, OMX.google.android.index.storeMetaDataInBuffers(0x7f00001c): Output:1 en=1 type=1) ERROR: UnsupportedSetting(0x80001019)
05-03 09:55:42.932 E/OMXNodeInstance(  457): setParameter(1e:qcom.decoder.hevc, OMX.google.android.index.prepareForAdaptivePlayback(0x7f00002e): Output:1 en=1 max=1280x720) ERROR: UnsupportedSetting(0x80001019)
05-03 09:55:42.936 E/OMX-VDEC-1080P(  457): ERROR: read from pipe failed, ret -1 errno 9
05-03 09:55:42.939 E/        (  457): Destroy C2D instance
05-03 09:55:42.940 E/        (  457): Destroy C2D instance
05-03 09:55:42.945 E/MM_OSAL (  457): CSwVdecComponent::Creating Thread
05-03 09:55:42.945 E/MM_OSAL (  457): MM_Thread_CreateEx::set thread Prio to 2
05-03 09:55:42.945 E/MM_OSAL (  457): MM_Thread_CreateEx::thread 0xafab9930 created with stack 1040384 bytes
05-03 09:55:42.953 E/MM_OSAL (  457): CSwVdecComponent::Creating Thread
05-03 09:55:42.953 E/MM_OSAL (  457): MM_Thread_CreateEx::set thread Prio to 3
05-03 09:55:42.953 E/MM_OSAL (  457): MM_Thread_CreateEx::thread 0xaf9ba930 created with stack 1040384 bytes
05-03 09:55:42.963 E/MM_OSAL (  457): HEVC::Codec Creation Done ...
05-03 09:55:42.963 E/MM_OSAL (  457): CSwVdecHevcComponent:: STATE CHANGE -> LOADED
05-03 09:55:42.963 E/MM_OSAL (  457): MM_Thread_CreateEx::set thread Prio to 1
05-03 09:55:42.963 E/MM_OSAL (  457): MM_Thread_CreateEx::thread 0xaf8bb930 created with stack 1040384 bytes
05-03 09:55:42.963 E/MM_OSAL (  457): Helper thread 0 created...
05-03 09:55:42.963 E/MM_OSAL (  457): MM_Thread_CreateEx::set thread Prio to 1
05-03 09:55:42.964 E/MM_OSAL (  457): MM_Thread_CreateEx::thread 0xaf7bc930 created with stack 1040384 bytes
05-03 09:55:42.964 E/MM_OSAL (  457): Helper thread 1 created...
05-03 09:55:42.964 E/MM_OSAL (  457): MM_Thread_CreateEx::set thread Prio to 1
05-03 09:55:42.964 E/MM_OSAL (  457): MM_Thread_CreateEx::thread 0xaf6bd930 created with stack 1040384 bytes
05-03 09:55:42.967 E/MM_OSAL (  457): Helper thread 2 created...
05-03 09:55:42.967 E/MM_OSAL (  457): CSwVdecHevcComponent:: STATE CHANGE -> LOADED
05-03 09:55:42.967 E/MM_OSAL (  457): SwVdec_Init - Initializing H.265 Decoder
05-03 09:55:42.967 E/MM_OSAL (  457): CSwVdecComponent::SetFormatPlane - Error Unsupported color format
05-03 09:55:42.967 E/MM_OSAL (  457): HEVCD_SetResolution: nCurrSeqMaxDecPicBuffering 0
05-03 09:55:42.967 E/MM_OSAL (  457): HEVCD_SetResolution: Setting the Max Buf count to 9
05-03 09:55:42.967 E/MM_OSAL (  457): Color Format: 3
05-03 09:55:42.967 E/MM_OSAL (  457): Color Format Requested: 3 Has: 3
05-03 09:55:42.967 E/MM_OSAL (  457): FRAME ATTRIBUTE:: Width: 320
05-03 09:55:42.967 E/MM_OSAL (  457): FRAME ATTRIBUTE:: Height: 240
05-03 09:55:42.967 E/MM_OSAL (  457): FRAME ATTRIBUTE:: Luma Stride: 384
05-03 09:55:42.967 E/MM_OSAL (  457): FRAME ATTRIBUTE:: Chroma Offset: 98304
05-03 09:55:42.967 E/MM_OSAL (  457): FRAME ATTRIBUTE:: Chroma Stride: 384
05-03 09:55:42.971 E/OMX-VDEC-1080P(  457): NOTE: enable_extradata: actual[0] requested[20000] enable[1], is_internal: 1 swvdec mode 2
05-03 09:55:42.972 E/MM_OSAL (  457): HEVCD_GetOutputBufParam pDecCtx->sCurrentCfg.nPicBufCount = 10
05-03 09:55:42.974 E/OMXNodeInstance(  457): getParameter(1f:qcom.decoder.hevchybrid, ??(0x7f000044)) ERROR: UnsupportedSetting(0x80001019)
05-03 09:55:42.974 E/OMX-VDEC-1080P(  457): Extension: OMX.google.android.index.storeANWBufferInMetadata not implemented
05-03 09:55:42.974 E/OMXNodeInstance(  457): setParameter(1f:qcom.decoder.hevchybrid, OMX.google.android.index.storeMetaDataInBuffers(0x7f00001c): Output:1 en=1 type=1) ERROR: UnsupportedSetting(0x80001019)
05-03 09:55:42.974 E/OMXNodeInstance(  457): setParameter(1f:qcom.decoder.hevchybrid, OMX.google.android.index.prepareForAdaptivePlayback(0x7f00002e): Output:1 en=1 max=1280x720) ERROR: UnsupportedSetting(0x80001019)
05-03 09:55:42.974 E/MM_OSAL (  457): HEVCD Release done
05-03 09:55:42.974 E/MM_OSAL (  457): =================================
05-03 09:55:42.974 E/MM_OSAL (  457): Codec Destroy Done!!! Good Bye...
05-03 09:55:42.974 E/MM_OSAL (  457): =================================
05-03 09:55:42.974 E/MM_OSAL (  457): HEVCD Destroy done
05-03 09:55:42.974 E/MM_OSAL (  457): ============================================================
05-03 09:55:42.974 E/MM_OSAL (  457): Number of Helper Threads Used = 3
05-03 09:55:42.974 E/MM_OSAL (  457): Number of Helper Job Size     = 1
05-03 09:55:42.974 E/MM_OSAL (  457): Number of Helper Priority     = 1
05-03 09:55:42.974 E/MM_OSAL (  457): ============================================================
05-03 09:55:42.975 E/MM_OSAL (  457): Batch Server Release done
05-03 09:55:42.975 E/MM_OSAL (  457): CSwVdecComponent::Destroying Thread
05-03 09:55:42.976 E/MM_OSAL (  457): Exit the worker thread
05-03 09:55:42.976 E/MM_OSAL (  457): CSwVdecComponent::Destroying Thread
05-03 09:55:42.976 E/MM_OSAL (  457): Exit the Event Dispatcher thread
05-03 09:55:42.981 E/        (  457): Destroy C2D instance
05-03 09:55:42.981 E/        (  457): Destroy C2D instance
05-03 09:55:43.004 E/bt_a2dp_hw(  457): adev_set_parameters: ERROR: set param called even when stream out is null
05-03 09:55:46.799 E/bt_a2dp_hw(  457): adev_set_parameters: ERROR: set param called even when stream out is null
05-03 09:55:50.366 E/bt_a2dp_hw(  457): adev_set_parameters: ERROR: set param called even when stream out is null
--------- beginning of system
05-03 09:56:01.771 E/ActivityThread( 4428): Failed to find provider info for com.xiaomi.tv.gallerylockscreen.lockscreen_magazine_provider
05-03 09:56:01.772 E/ActivityThread( 4428): Failed to find provider info for com.xiaomi.tv.gallerylockscreen.lockscreen_magazine_provider
05-03 09:56:02.372 E/MiuiVoipManager( 4428): init success
05-03 09:56:02.884 E/ConnectivityService( 2941): Unexpected mtu value: 0, wlan0
05-03 09:56:03.495 E/Nat464Xlat( 2941): Error stopping clatd: java.lang.IllegalStateException: command '90 clatd stop wlan0' failed with '400 90 Clatd operation failed'
05-03 09:56:07.191 E/ActivityThread( 8429): Failed to find provider info for com.android.updater.provider
05-03 09:56:07.419 E/ActivityThread( 8380): Failed to find provider info for com.tencent.mm.coolassist.debugprovider
05-03 09:56:09.179 E/bt_a2dp_hw(  457): adev_set_parameters: ERROR: set param called even when stream out is null
05-03 09:56:09.649 E/bt_a2dp_hw(  457): adev_set_parameters: ERROR: set param called even when stream out is null
05-03 09:56:13.241 E/bt_a2dp_hw(  457): adev_set_parameters: ERROR: set param called even when stream out is null
05-03 09:56:18.590 E/ActivityThread( 8429): Failed to find provider info for com.android.updater.provider
05-03 09:56:34.484 E/ActivityThread( 9318): Failed to find provider info for com.tencent.mm.coolassist.debugprovider
05-03 09:56:36.593 E/ActivityThread( 9401): Failed to find provider info for com.tencent.mm.coolassist.debugprovider
05-03 09:56:40.289 E/ActivityThread( 9401): Failed to find provider info for com.huawei.android.launcher.settings
05-03 09:56:40.290 E/ActivityThread( 9401): Failed to find provider info for com.android.badge
05-03 09:58:04.747 E/NetlinkEvent(  452): NetlinkEvent::FindParam(): Parameter 'TIME_NS' not found
05-03 09:58:04.747 E/NetlinkEvent(  452): NetlinkEvent::FindParam(): Parameter 'UID' not found
05-03 09:58:06.339 E/NetlinkEvent(  452): NetlinkEvent::FindParam(): Parameter 'TIME_NS' not found
05-03 09:58:06.339 E/NetlinkEvent(  452): NetlinkEvent::FindParam(): Parameter 'UID' not found
05-03 09:58:21.425 E/NetlinkEvent(  452): NetlinkEvent::FindParam(): Parameter 'TIME_NS' not found
05-03 09:58:21.425 E/NetlinkEvent(  452): NetlinkEvent::FindParam(): Parameter 'UID' not found
05-03 09:58:28.638 E/NetlinkEvent(  452): NetlinkEvent::FindParam(): Parameter 'TIME_NS' not found
05-03 09:58:28.638 E/NetlinkEvent(  452): NetlinkEvent::FindParam(): Parameter 'UID' not found
05-03 09:58:51.545 E/NetlinkEvent(  452): NetlinkEvent::FindParam(): Parameter 'TIME_NS' not found
05-03 09:58:51.545 E/NetlinkEvent(  452): NetlinkEvent::FindParam(): Parameter 'UID' not found
05-03 09:59:01.984 E/NetlinkEvent(  452): NetlinkEvent::FindParam(): Parameter 'TIME_NS' not found
05-03 09:59:01.984 E/NetlinkEvent(  452): NetlinkEvent::FindParam(): Parameter 'UID' not found
05-03 10:00:43.421 E/bt_a2dp_hw(  457): adev_set_parameters: ERROR: set param called even when stream out is null
05-03 10:00:45.049 E/ActivityThread( 5064): Failed to find provider info for com.xiaomi.tv.gallerylockscreen.lockscreen_magazine_provider
05-03 10:01:00.640 E/ActivityThread(10142): Failed to find provider info for com.qihoo.browser.urlverify
05-03 10:01:00.723 E/ActivityThread(10142): Failed to find provider info for com.qihoo.browser.urlverify
05-03 10:01:00.947 E/ActivityThread(10142): Failed to find provider info for com.qihoo.browser.urlverify
05-03 10:01:02.265 E/ActivityThread(10142): Failed to find provider info for com.android.partnerbookmarks
05-03 10:01:02.896 E/ActivityThread(10142): Failed to find provider info for com.qihoo.browser.urlverify
05-03 10:01:05.872 E/ActivityThread(10142): Failed to find provider info for com.qihoo.browser.urlverify
05-03 10:01:05.873 E/ActivityThread(10142): Failed to find provider info for com.qihoo.browser.urlverify
05-03 10:01:05.874 E/ActivityThread(10142): Failed to find provider info for com.qihoo.browser.urlverify
05-03 10:01:05.875 E/ActivityThread(10142): Failed to find provider info for com.qihoo.browser.urlverify
05-03 10:01:06.000 E/ActivityThread(10142): Failed to find provider info for com.qihoo.browser.urlverify
05-03 10:01:06.002 E/ActivityThread(10142): Failed to find provider info for com.qihoo.browser.urlverify
05-03 10:01:17.791 E/ActivityManager( 2941): Invalid thumbnail dimensions: 0x0
05-03 10:01:24.364 E/ActivityManager( 2941): Invalid thumbnail dimensions: 0x0
05-03 10:01:56.611 E/ActivityThread(11715): Failed to find provider info for com.android.updater.provider
05-03 10:12:24.978 E/ActivityThread( 4428): Failed to find provider info for com.xiaomi.tv.gallerylockscreen.lockscreen_magazine_provider
05-03 10:12:24.983 E/ActivityThread( 4428): Failed to find provider info for com.xiaomi.tv.gallerylockscreen.lockscreen_magazine_provider
05-03 10:12:24.983 E/ActivityThread( 4428): Failed to find provider info for com.xiaomi.tv.gallerylockscreen.lockscreen_magazine_provider
05-03 10:12:25.147 E/bt_a2dp_hw(  457): adev_set_parameters: ERROR: set param called even when stream out is null
05-03 10:12:26.715 E/bt_a2dp_hw(  457): adev_set_parameters: ERROR: set param called even when stream out is null
05-03 10:12:27.584 E/ActivityThread( 5064): Failed to find provider info for com.xiaomi.tv.gallerylockscreen.lockscreen_magazine_provider
05-03 10:16:52.233 E/ActivityManager( 2941): Invalid thumbnail dimensions: 0x0
05-03 10:19:24.487 E/ActivityManager( 2941): Invalid thumbnail dimensions: 0x0
05-03 10:19:30.774 E/ActivityManager( 2941): Invalid thumbnail dimensions: 0x0
05-03 10:19:32.081 E/ActivityManager( 2941): Invalid thumbnail dimensions: 0x0
05-03 10:23:36.894 E/ActivityManager( 2941): Invalid thumbnail dimensions: 0x0
05-03 10:23:37.187 E/ActivityThread( 4428): Failed to find provider info for com.xiaomi.tv.gallerylockscreen.lockscreen_magazine_provider
05-03 10:23:37.194 E/ActivityThread( 4428): Failed to find provider info for com.xiaomi.tv.gallerylockscreen.lockscreen_magazine_provider
05-03 10:23:37.195 E/ActivityThread( 4428): Failed to find provider info for com.xiaomi.tv.gallerylockscreen.lockscreen_magazine_provider
05-03 10:23:37.386 E/bt_a2dp_hw(  457): adev_set_parameters: ERROR: set param called even when stream out is null
05-03 10:23:38.773 E/PowerManagerService( 2941): Only X4,X3 support this feature for low power consumption!
05-03 10:24:05.430 E/PowerManagerService( 2941): Only X4,X3 support this feature for low power consumption!
05-03 10:24:05.539 E/PowerManagerService( 2941): Only X4,X3 support this feature for low power consumption!
05-03 10:25:12.772 E/PowerManagerService( 2941): Only X4,X3 support this feature for low power consumption!
05-03 10:25:12.836 E/PowerManagerService( 2941): Only X4,X3 support this feature for low power consumption!
05-03 10:29:49.125 E/PowerManagerService( 2941): Only X4,X3 support this feature for low power consumption!
05-03 10:29:49.839 E/PowerManagerService( 2941): Only X4,X3 support this feature for low power consumption!
05-03 10:30:12.477 E/NetdConnector( 2941): NDC Command {161 firewall set_uid_rule dozable 9910079 allow} took too long (22626ms)
05-03 10:30:12.482 E/PowerManagerService( 2941): Only X4,X3 support this feature for low power consumption!
05-03 10:30:20.499 E/JobServiceContext( 2941): No response from client for onStartJob 'com.miui.whetstone/.cloudManager.CloudControlJobService jId=17493000, u0
05-03 10:30:20.500 E/PowerManagerService( 2941): Only X4,X3 support this feature for low power consumption!
05-03 10:32:16.579 E/NetdConnector( 2941): NDC Command {357 firewall set_uid_rule dozable 10076 allow} took too long (116098ms)
05-03 10:34:07.105 E/PowerManagerService( 2941): Only X4,X3 support this feature for low power consumption!
05-03 10:34:07.153 E/NetdConnector( 2941): NDC Command {366 firewall set_uid_rule dozable 10067 allow} took too long (110208ms)
05-03 10:34:10.557 E/PowerManagerService( 2941): Only X4,X3 support this feature for low power consumption!
05-03 10:34:10.724 E/PowerManagerService( 2941): Only X4,X3 support this feature for low power consumption!
05-03 10:34:12.178 E/PowerManagerService( 2941): Only X4,X3 support this feature for low power consumption!
05-03 10:35:12.486 E/PowerManagerService( 2941): Only X4,X3 support this feature for low power consumption!
05-03 10:35:12.547 E/PowerManagerService( 2941): Only X4,X3 support this feature for low power consumption!
05-03 10:36:08.263 E/PowerManagerService( 2941): Only X4,X3 support this feature for low power consumption!
05-03 10:36:13.489 E/PowerManagerService( 2941): Only X4,X3 support this feature for low power consumption!
05-03 10:36:29.039 E/NetdConnector( 2941): NDC Command {439 firewall enable_chain dozable} took too long (15539ms)
05-03 10:40:15.007 E/PowerManagerService( 2941): Only X4,X3 support this feature for low power consumption!
05-03 10:40:15.073 E/PowerManagerService( 2941): Only X4,X3 support this feature for low power consumption!
05-03 10:41:38.301 E/PowerManagerService( 2941): Only X4,X3 support this feature for low power consumption!
05-03 10:41:38.414 E/PowerManagerService( 2941): Only X4,X3 support this feature for low power consumption!
05-03 10:44:06.146 E/PowerManagerService( 2941): Only X4,X3 support this feature for low power consumption!
05-03 10:44:06.207 E/PowerManagerService( 2941): Only X4,X3 support this feature for low power consumption!
05-03 10:44:49.677 E/PowerManagerService( 2941): Only X4,X3 support this feature for low power consumption!
05-03 10:44:50.182 E/PowerManagerService( 2941): Only X4,X3 support this feature for low power consumption!
05-03 10:44:50.194 E/PowerManagerService( 2941): Only X4,X3 support this feature for low power consumption!
05-03 10:44:54.746 E/PowerManagerService( 2941): Only X4,X3 support this feature for low power consumption!
05-03 10:44:54.749 E/PowerManagerService( 2941): Only X4,X3 support this feature for low power consumption!
05-03 10:44:55.787 E/PowerManagerService( 2941): Only X4,X3 support this feature for low power consumption!
05-03 10:44:55.801 E/PowerManagerService( 2941): Only X4,X3 support this feature for low power consumption!
05-03 10:44:56.319 E/PowerManagerService( 2941): Only X4,X3 support this feature for low power consumption!
05-03 10:45:12.812 E/PowerManagerService( 2941): Only X4,X3 support this feature for low power consumption!
05-03 10:45:12.883 E/PowerManagerService( 2941): Only X4,X3 support this feature for low power consumption!
05-03 10:46:14.239 E/PowerManagerService( 2941): Only X4,X3 support this feature for low power consumption!
05-03 10:46:19.464 E/PowerManagerService( 2941): Only X4,X3 support this feature for low power consumption!
05-03 10:46:37.250 E/NetdConnector( 2941): NDC Command {441 firewall enable_chain dozable} took too long (17783ms)
05-03 10:48:58.297 E/ActivityManager( 2941): Invalid thumbnail dimensions: 0x0
05-03 10:48:58.449 E/ActivityManager( 2941): Invalid thumbnail dimensions: 0x0
05-03 10:48:58.545 E/PowerManagerService( 2941): Only X4,X3 support this feature for low power consumption!
05-03 10:48:58.770 E/ActivityThread( 5064): Failed to find provider info for com.xiaomi.tv.gallerylockscreen.lockscreen_magazine_provider
05-03 10:48:58.893 E/ActivityThread( 5064): Failed to find provider info for com.xiaomi.tv.gallerylockscreen.lockscreen_magazine_provider
05-03 10:48:59.501 E/PowerManagerService( 2941): Only X4,X3 support this feature for low power consumption!
05-03 10:49:05.003 E/PowerManagerService( 2941): Only X4,X3 support this feature for low power consumption!
05-03 10:49:05.106 E/PowerManagerService( 2941): Only X4,X3 support this feature for low power consumption!
05-03 10:50:04.229 E/ActivityManager( 2941): Invalid thumbnail dimensions: 0x0
05-03 10:50:12.598 E/PowerManagerService( 2941): Only X4,X3 support this feature for low power consumption!
05-03 10:50:12.646 E/ActivityManager( 2941): Invalid thumbnail dimensions: 0x0
05-03 10:50:12.664 E/PowerManagerService( 2941): Only X4,X3 support this feature for low power consumption!
05-03 10:51:09.088 E/PowerManagerService( 2941): Only X4,X3 support this feature for low power consumption!
05-03 10:51:09.731 E/PowerManagerService( 2941): Only X4,X3 support this feature for low power consumption!
05-03 10:54:05.013 E/PowerManagerService( 2941): Only X4,X3 support this feature for low power consumption!
05-03 10:54:05.213 E/PowerManagerService( 2941): Only X4,X3 support this feature for low power consumption!
05-03 10:55:13.591 E/PowerManagerService( 2941): Only X4,X3 support this feature for low power consumption!
05-03 10:55:13.646 E/PowerManagerService( 2941): Only X4,X3 support this feature for low power consumption!
05-03 10:56:15.416 E/PowerManagerService( 2941): Only X4,X3 support this feature for low power consumption!
05-03 10:56:16.192 E/PowerManagerService( 2941): Only X4,X3 support this feature for low power consumption!
05-03 10:59:46.948 E/PowerManagerService( 2941): Only X4,X3 support this feature for low power consumption!
05-03 10:59:47.143 E/bt_a2dp_hw(  457): adev_set_parameters: ERROR: set param called even when stream out is null
05-03 10:59:48.268 E/NetdConnector( 2941): NDC Command {444 firewall disable_chain dozable} took too long (1153ms)
05-03 11:00:00.837 E/ActivityManager( 2941): Invalid thumbnail dimensions: 0x0
05-03 11:00:03.568 E/ActivityThread( 4508): Failed to find provider info for com.android.updater.provider
05-03 11:00:06.858 E/ActivityThread( 4508): Failed to find provider info for com.android.updater.provider
05-03 11:00:18.118 E/ActivityThread( 4508): Failed to find provider info for com.android.updater.provider
05-03 11:00:20.155 E/ActivityThread( 4508): Failed to find provider info for com.android.updater.provider
05-03 11:00:21.064 E/ActivityThread( 4508): Failed to find provider info for com.android.updater.provider
05-03 11:01:08.035 E/ActivityThread( 4508): Failed to find provider info for com.android.updater.provider
05-03 11:01:17.745 E/ActivityThread( 4508): Failed to find provider info for com.android.updater.provider
05-03 11:03:49.788 E/ActivityManager( 2941): Invalid thumbnail dimensions: 0x0
05-03 11:03:50.046 E/ActivityThread( 4428): Failed to find provider info for com.xiaomi.tv.gallerylockscreen.lockscreen_magazine_provider
05-03 11:03:50.046 E/ActivityThread( 4428): Failed to find provider info for com.xiaomi.tv.gallerylockscreen.lockscreen_magazine_provider
05-03 11:03:50.048 E/ActivityThread( 4428): Failed to find provider info for com.xiaomi.tv.gallerylockscreen.lockscreen_magazine_provider
05-03 11:03:50.184 E/bt_a2dp_hw(  457): adev_set_parameters: ERROR: set param called even when stream out is null
05-03 11:03:50.352 E/PowerManagerService( 2941): Only X4,X3 support this feature for low power consumption!
05-03 11:04:05.006 E/PowerManagerService( 2941): Only X4,X3 support this feature for low power consumption!
05-03 11:04:05.069 E/PowerManagerService( 2941): Only X4,X3 support this feature for low power consumption!
05-03 11:05:13.494 E/PowerManagerService( 2941): Only X4,X3 support this feature for low power consumption!
05-03 11:05:13.608 E/PowerManagerService( 2941): Only X4,X3 support this feature for low power consumption!
05-03 11:10:13.642 E/PowerManagerService( 2941): Only X4,X3 support this feature for low power consumption!
05-03 11:10:13.808 E/PowerManagerService( 2941): Only X4,X3 support this feature for low power consumption!
05-03 11:11:47.192 E/PowerManagerService( 2941): Only X4,X3 support this feature for low power consumption!
05-03 11:11:47.252 E/PowerManagerService( 2941): Only X4,X3 support this feature for low power consumption!
05-03 11:14:05.002 E/PowerManagerService( 2941): Only X4,X3 support this feature for low power consumption!
05-03 11:14:05.233 E/PowerManagerService( 2941): Only X4,X3 support this feature for low power consumption!
05-03 11:15:13.600 E/PowerManagerService( 2941): Only X4,X3 support this feature for low power consumption!
05-03 11:15:13.672 E/PowerManagerService( 2941): Only X4,X3 support this feature for low power consumption!
05-03 11:15:46.121 E/PowerManagerService( 2941): Only X4,X3 support this feature for low power consumption!
05-03 11:15:46.679 E/PowerManagerService( 2941): Only X4,X3 support this feature for low power consumption!
05-03 11:15:46.701 E/PowerManagerService( 2941): Only X4,X3 support this feature for low power consumption!
05-03 11:15:51.410 E/PowerManagerService( 2941): Only X4,X3 support this feature for low power consumption!
05-03 11:15:51.414 E/PowerManagerService( 2941): Only X4,X3 support this feature for low power consumption!
05-03 11:15:52.506 E/PowerManagerService( 2941): Only X4,X3 support this feature for low power consumption!
05-03 11:15:54.187 E/PowerManagerService( 2941): Only X4,X3 support this feature for low power consumption!
05-03 11:15:54.741 E/PowerManagerService( 2941): Only X4,X3 support this feature for low power consumption!
05-03 11:19:05.003 E/PowerManagerService( 2941): Only X4,X3 support this feature for low power consumption!
05-03 11:19:05.071 E/PowerManagerService( 2941): Only X4,X3 support this feature for low power consumption!
05-03 11:20:13.444 E/PowerManagerService( 2941): Only X4,X3 support this feature for low power consumption!
05-03 11:20:13.513 E/PowerManagerService( 2941): Only X4,X3 support this feature for low power consumption!
05-03 11:20:19.353 E/PowerManagerService( 2941): Only X4,X3 support this feature for low power consumption!
05-03 11:20:24.609 E/PowerManagerService( 2941): Only X4,X3 support this feature for low power consumption!
05-03 11:23:59.317 E/NetdConnector( 2941): NDC Command {447 firewall enable_chain dozable} took too long (214688ms)
05-03 11:24:05.003 E/PowerManagerService( 2941): Only X4,X3 support this feature for low power consumption!
05-03 11:24:05.200 E/PowerManagerService( 2941): Only X4,X3 support this feature for low power consumption!
05-03 11:25:13.579 E/PowerManagerService( 2941): Only X4,X3 support this feature for low power consumption!
05-03 11:25:13.641 E/PowerManagerService( 2941): Only X4,X3 support this feature for low power consumption!
05-03 11:26:13.954 E/PowerManagerService( 2941): Only X4,X3 support this feature for low power consumption!
05-03 11:26:14.606 E/PowerManagerService( 2941): Only X4,X3 support this feature for low power consumption!
05-03 11:30:12.485 E/PowerManagerService( 2941): Only X4,X3 support this feature for low power consumption!
05-03 11:30:12.547 E/PowerManagerService( 2941): Only X4,X3 support this feature for low power consumption!
05-03 11:33:53.588 E/PowerManagerService( 2941): Only X4,X3 support this feature for low power consumption!
05-03 11:33:58.999 E/PowerManagerService( 2941): Only X4,X3 support this feature for low power consumption!
05-03 11:34:04.574 E/NetdConnector( 2941): NDC Command {451 firewall enable_chain dozable} took too long (5573ms)
05-03 11:34:05.008 E/PowerManagerService( 2941): Only X4,X3 support this feature for low power consumption!
05-03 11:34:05.309 E/PowerManagerService( 2941): Only X4,X3 support this feature for low power consumption!
05-03 11:35:13.666 E/PowerManagerService( 2941): Only X4,X3 support this feature for low power consumption!
05-03 11:35:13.726 E/PowerManagerService( 2941): Only X4,X3 support this feature for low power consumption!
05-03 11:40:12.688 E/PowerManagerService( 2941): Only X4,X3 support this feature for low power consumption!
05-03 11:40:12.742 E/PowerManagerService( 2941): Only X4,X3 support this feature for low power consumption!
05-03 11:44:08.012 E/PowerManagerService( 2941): Only X4,X3 support this feature for low power consumption!
05-03 11:44:08.177 E/PowerManagerService( 2941): Only X4,X3 support this feature for low power consumption!
05-03 11:45:12.904 E/PowerManagerService( 2941): Only X4,X3 support this feature for low power consumption!
05-03 11:45:12.984 E/PowerManagerService( 2941): Only X4,X3 support this feature for low power consumption!
05-03 11:46:09.394 E/PowerManagerService( 2941): Only X4,X3 support this feature for low power consumption!
05-03 11:46:09.469 E/PowerManagerService( 2941): Only X4,X3 support this feature for low power consumption!
05-03 11:48:54.325 E/PowerManagerService( 2941): Only X4,X3 support this feature for low power consumption!
05-03 11:48:54.861 E/PowerManagerService( 2941): Only X4,X3 support this feature for low power consumption!
05-03 11:48:54.875 E/PowerManagerService( 2941): Only X4,X3 support this feature for low power consumption!
05-03 11:48:55.053 E/PowerManagerService( 2941): Only X4,X3 support this feature for low power consumption!
05-03 11:48:55.054 E/PowerManagerService( 2941): Only X4,X3 support this feature for low power consumption!
05-03 11:48:56.899 E/PowerManagerService( 2941): Only X4,X3 support this feature for low power consumption!
05-03 11:49:05.002 E/PowerManagerService( 2941): Only X4,X3 support this feature for low power consumption!
05-03 11:49:05.047 E/PowerManagerService( 2941): Only X4,X3 support this feature for low power consumption!
05-03 11:50:13.429 E/PowerManagerService( 2941): Only X4,X3 support this feature for low power consumption!
05-03 11:50:13.500 E/PowerManagerService( 2941): Only X4,X3 support this feature for low power consumption!
05-03 11:54:07.360 E/PowerManagerService( 2941): Only X4,X3 support this feature for low power consumption!
05-03 11:54:07.500 E/PowerManagerService( 2941): Only X4,X3 support this feature for low power consumption!
05-03 11:54:09.106 E/PowerManagerService( 2941): Only X4,X3 support this feature for low power consumption!
05-03 11:54:14.313 E/PowerManagerService( 2941): Only X4,X3 support this feature for low power consumption!
05-03 11:55:13.527 E/PowerManagerService( 2941): Only X4,X3 support this feature for low power consumption!
05-03 11:55:13.645 E/PowerManagerService( 2941): Only X4,X3 support this feature for low power consumption!
05-03 11:55:13.681 E/NetdConnector( 2941): NDC Command {453 firewall enable_chain dozable} took too long (59358ms)
05-03 11:56:13.953 E/PowerManagerService( 2941): Only X4,X3 support this feature for low power consumption!
05-03 11:56:14.414 E/PowerManagerService( 2941): Only X4,X3 support this feature for low power consumption!
05-03 12:00:15.772 E/PowerManagerService( 2941): Only X4,X3 support this feature for low power consumption!
05-03 12:00:15.828 E/PowerManagerService( 2941): Only X4,X3 support this feature for low power consumption!
05-03 12:01:44.291 E/PowerManagerService( 2941): Only X4,X3 support this feature for low power consumption!
05-03 12:01:44.973 E/PowerManagerService( 2941): Only X4,X3 support this feature for low power consumption!
05-03 12:04:06.608 E/PowerManagerService( 2941): Only X4,X3 support this feature for low power consumption!
05-03 12:04:06.831 E/PowerManagerService( 2941): Only X4,X3 support this feature for low power consumption!
05-03 12:04:09.398 E/PowerManagerService( 2941): Only X4,X3 support this feature for low power consumption!
05-03 12:04:11.907 E/PowerManagerService( 2941): Only X4,X3 support this feature for low power consumption!
05-03 12:05:13.163 E/PowerManagerService( 2941): Only X4,X3 support this feature for low power consumption!
05-03 12:05:13.214 E/PowerManagerService( 2941): Only X4,X3 support this feature for low power consumption!
05-03 12:09:17.903 E/PowerManagerService( 2941): Only X4,X3 support this feature for low power consumption!
05-03 12:09:24.726 E/PowerManagerService( 2941): Only X4,X3 support this feature for low power consumption!
05-03 12:09:48.147 E/PowerManagerService( 2941): Only X4,X3 support this feature for low power consumption!
05-03 12:09:48.157 E/PowerManagerService( 2941): Only X4,X3 support this feature for low power consumption!
05-03 12:09:48.174 E/PowerManagerService( 2941): Only X4,X3 support this feature for low power consumption!
05-03 12:09:48.183 E/PowerManagerService( 2941): Only X4,X3 support this feature for low power consumption!
