05-04 10:06:10.261 E/LocSvc_ApiV02( 2941): I/<--- void globalRespCb(locClientHandleType, uint32_t, locClientRespIndUnionType, void*) line 115 QMI_LOC_INJECT_POSITION_REQ_V02
05-04 10:06:11.665 E/ThermalEngine(  504): Unable to read max frequency from online cpu.
05-04 10:06:11.665 E/ThermalEngine(  504): Failed to set desired CPU[2] frequency limit to 2457600
05-04 10:06:11.719 E/ThermalEngine(  504): Unable to read max frequency from online cpu.
05-04 10:06:11.720 E/ThermalEngine(  504): Failed to set desired CPU[1] frequency limit to 2457600
05-04 10:06:12.792 E/ThermalEngine(  504): Unable to read max frequency from online cpu.
05-04 10:06:12.793 E/ThermalEngine(  504): Failed to set desired CPU[2] frequency limit to 2457600
05-04 10:06:14.215 E/ThermalEngine(  504): Unable to read max frequency from online cpu.
05-04 10:06:14.215 E/ThermalEngine(  504): Failed to set desired CPU[2] frequency limit to 2457600
05-04 10:06:20.504 E/ThermalEngine(  504): Unable to read max frequency from online cpu.
05-04 10:06:20.504 E/ThermalEngine(  504): Failed to set desired CPU[2] frequency limit to 2457600
05-04 10:06:24.560 E/ThermalEngine(  504): Unable to read max frequency from online cpu.
05-04 10:06:24.560 E/ThermalEngine(  504): Failed to set desired CPU[3] frequency limit to 2457600
05-04 10:06:24.563 E/ThermalEngine(  504): Unable to read max frequency from online cpu.
05-04 10:06:24.563 E/ThermalEngine(  504): Failed to set desired CPU[2] frequency limit to 2457600
05-04 10:06:28.460 E/ThermalEngine(  504): Unable to read max frequency from online cpu.
05-04 10:06:28.460 E/ThermalEngine(  504): Failed to set desired CPU[3] frequency limit to 2457600
05-04 10:06:28.508 E/ThermalEngine(  504): Unable to read max frequency from online cpu.
05-04 10:06:28.508 E/ThermalEngine(  504): Failed to set desired CPU[2] frequency limit to 2457600
05-04 10:06:28.513 E/ThermalEngine(  504): Unable to read max frequency from online cpu.
05-04 10:06:28.514 E/ThermalEngine(  504): Failed to set desired CPU[1] frequency limit to 2457600
05-04 10:06:29.122 E/ThermalEngine(  504): Unable to read max frequency from online cpu.
05-04 10:06:29.122 E/ThermalEngine(  504): Failed to set desired CPU[1] frequency limit to 2457600
05-04 10:06:36.309 E/ThermalEngine(  504): Unable to read max frequency from online cpu.
05-04 10:06:36.310 E/ThermalEngine(  504): Failed to set desired CPU[3] frequency limit to 2457600
05-04 10:06:38.810 E/ThermalEngine(  504): Unable to read max frequency from online cpu.
05-04 10:06:38.811 E/ThermalEngine(  504): Failed to set desired CPU[3] frequency limit to 2457600
05-04 10:06:47.759 E/ThermalEngine(  504): Unable to read max frequency from online cpu.
05-04 10:06:47.759 E/ThermalEngine(  504): Failed to set desired CPU[3] frequency limit to 2457600
05-04 10:06:50.714 E/ThermalEngine(  504): Unable to read max frequency from online cpu.
05-04 10:06:50.714 E/ThermalEngine(  504): Failed to set desired CPU[3] frequency limit to 2457600
05-04 10:06:50.721 E/ThermalEngine(  504): Unable to read max frequency from online cpu.
05-04 10:06:50.721 E/ThermalEngine(  504): Failed to set desired CPU[2] frequency limit to 2457600
05-04 10:06:50.768 E/ThermalEngine(  504): Unable to read max frequency from online cpu.
05-04 10:06:50.768 E/ThermalEngine(  504): Failed to set desired CPU[1] frequency limit to 2457600
05-04 10:06:51.292 E/ActivityThread( 5064): Failed to find provider info for com.xiaomi.tv.gallerylockscreen.lockscreen_magazine_provider
05-04 10:06:51.329 E/ThermalEngine(  504): Unable to read max frequency from online cpu.
05-04 10:06:51.329 E/ThermalEngine(  504): Failed to set desired CPU[1] frequency limit to 2457600
05-04 10:06:51.467 E/DatabaseUtils( 2941): Writing exception to parcel
05-04 10:06:51.467 E/DatabaseUtils( 2941): java.lang.SecurityException: com.sogou.activity.src was not granted  this permission: android.permission.WRITE_SETTINGS.
05-04 10:06:51.467 E/DatabaseUtils( 2941): 	at android.provider.Settings.isCallingPackageAllowedToPerformAppOpsProtectedOperation(Settings.java:8507)
05-04 10:06:51.467 E/DatabaseUtils( 2941): 	at android.provider.Settings.checkAndNoteWriteSettingsOperation(Settings.java:8389)
05-04 10:06:51.467 E/DatabaseUtils( 2941): 	at com.android.providers.settings.SettingsProvider.mutateSystemSetting(SettingsProvider.java:915)
05-04 10:06:51.467 E/DatabaseUtils( 2941): 	at com.android.providers.settings.SettingsProvider.insertSystemSetting(SettingsProvider.java:890)
05-04 10:06:51.467 E/DatabaseUtils( 2941): 	at com.android.providers.settings.SettingsProvider.call(SettingsProvider.java:263)
05-04 10:06:51.467 E/DatabaseUtils( 2941): 	at android.content.ContentProvider$Transport.call(ContentProvider.java:398)
05-04 10:06:51.467 E/DatabaseUtils( 2941): 	at android.content.ContentProviderNative.onTransact(ContentProviderNative.java:283)
05-04 10:06:51.467 E/DatabaseUtils( 2941): 	at android.os.Binder.execTransact(Binder.java:453)
05-04 10:06:51.470 E/DatabaseUtils( 2941): Writing exception to parcel
05-04 10:06:51.470 E/DatabaseUtils( 2941): java.lang.SecurityException: com.sogou.activity.src was not granted  this permission: android.permission.WRITE_SETTINGS.
05-04 10:06:51.470 E/DatabaseUtils( 2941): 	at android.provider.Settings.isCallingPackageAllowedToPerformAppOpsProtectedOperation(Settings.java:8507)
05-04 10:06:51.470 E/DatabaseUtils( 2941): 	at android.provider.Settings.checkAndNoteWriteSettingsOperation(Settings.java:8389)
05-04 10:06:51.470 E/DatabaseUtils( 2941): 	at com.android.providers.settings.SettingsProvider.mutateSystemSetting(SettingsProvider.java:915)
05-04 10:06:51.470 E/DatabaseUtils( 2941): 	at com.android.providers.settings.SettingsProvider.insertSystemSetting(SettingsProvider.java:890)
05-04 10:06:51.470 E/DatabaseUtils( 2941): 	at com.android.providers.settings.SettingsProvider.call(SettingsProvider.java:263)
05-04 10:06:51.470 E/DatabaseUtils( 2941): 	at android.content.ContentProvider$Transport.call(ContentProvider.java:398)
05-04 10:06:51.470 E/DatabaseUtils( 2941): 	at android.content.ContentProviderNative.onTransact(ContentProviderNative.java:283)
05-04 10:06:51.470 E/DatabaseUtils( 2941): 	at android.os.Binder.execTransact(Binder.java:453)
05-04 10:06:51.497 E/DatabaseUtils( 2941): Writing exception to parcel
05-04 10:06:51.497 E/DatabaseUtils( 2941): java.lang.SecurityException: com.sogou.activity.src was not granted  this permission: android.permission.WRITE_SETTINGS.
05-04 10:06:51.497 E/DatabaseUtils( 2941): 	at android.provider.Settings.isCallingPackageAllowedToPerformAppOpsProtectedOperation(Settings.java:8507)
05-04 10:06:51.497 E/DatabaseUtils( 2941): 	at android.provider.Settings.checkAndNoteWriteSettingsOperation(Settings.java:8389)
05-04 10:06:51.497 E/DatabaseUtils( 2941): 	at com.android.providers.settings.SettingsProvider.mutateSystemSetting(SettingsProvider.java:915)
05-04 10:06:51.497 E/DatabaseUtils( 2941): 	at com.android.providers.settings.SettingsProvider.insertSystemSetting(SettingsProvider.java:890)
05-04 10:06:51.497 E/DatabaseUtils( 2941): 	at com.android.providers.settings.SettingsProvider.call(SettingsProvider.java:263)
05-04 10:06:51.497 E/DatabaseUtils( 2941): 	at android.content.ContentProvider$Transport.call(ContentProvider.java:398)
05-04 10:06:51.497 E/DatabaseUtils( 2941): 	at android.content.ContentProviderNative.onTransact(ContentProviderNative.java:283)
05-04 10:06:51.497 E/DatabaseUtils( 2941): 	at android.os.Binder.execTransact(Binder.java:453)
05-04 10:06:51.501 E/DatabaseUtils( 2941): Writing exception to parcel
05-04 10:06:51.501 E/DatabaseUtils( 2941): java.lang.SecurityException: com.sogou.activity.src was not granted  this permission: android.permission.WRITE_SETTINGS.
05-04 10:06:51.501 E/DatabaseUtils( 2941): 	at android.provider.Settings.isCallingPackageAllowedToPerformAppOpsProtectedOperation(Settings.java:8507)
05-04 10:06:51.501 E/DatabaseUtils( 2941): 	at android.provider.Settings.checkAndNoteWriteSettingsOperation(Settings.java:8389)
05-04 10:06:51.501 E/DatabaseUtils( 2941): 	at com.android.providers.settings.SettingsProvider.mutateSystemSetting(SettingsProvider.java:915)
05-04 10:06:51.501 E/DatabaseUtils( 2941): 	at com.android.providers.settings.SettingsProvider.insertSystemSetting(SettingsProvider.java:890)
05-04 10:06:51.501 E/DatabaseUtils( 2941): 	at com.android.providers.settings.SettingsProvider.call(SettingsProvider.java:263)
05-04 10:06:51.501 E/DatabaseUtils( 2941): 	at android.content.ContentProvider$Transport.call(ContentProvider.java:398)
05-04 10:06:51.501 E/DatabaseUtils( 2941): 	at android.content.ContentProviderNative.onTransact(ContentProviderNative.java:283)
05-04 10:06:51.501 E/DatabaseUtils( 2941): 	at android.os.Binder.execTransact(Binder.java:453)
05-04 10:06:51.605 E/JavaBinder( 2941): !!! FAILED BINDER TRANSACTION !!!  (parcel size = 224)
05-04 10:06:51.638 E/ConnectivityService( 2941): RemoteException caught trying to send a callback msg for NetworkRequest [ id=49, legacyType=-1, [ Capabilities: INTERNET&NOT_RESTRICTED&TRUSTED] ]
05-04 10:06:52.245 E/ThermalEngine(  504): Unable to read max frequency from online cpu.
05-04 10:06:52.245 E/ThermalEngine(  504): Failed to set desired CPU[1] frequency limit to 2457600
05-04 10:06:52.660 E/ThermalEngine(  504): Unable to read max frequency from online cpu.
05-04 10:06:52.660 E/ThermalEngine(  504): Failed to set desired CPU[1] frequency limit to 2457600
05-04 10:06:56.495 E/ThermalEngine(  504): Unable to read max frequency from online cpu.
05-04 10:06:56.495 E/ThermalEngine(  504): Failed to set desired CPU[2] frequency limit to 2457600
05-04 10:06:57.715 E/ThermalEngine(  504): Unable to read max frequency from online cpu.
05-04 10:06:57.715 E/ThermalEngine(  504): Failed to set desired CPU[3] frequency limit to 2457600
05-04 10:06:57.758 E/ThermalEngine(  504): Unable to read max frequency from online cpu.
05-04 10:06:57.758 E/ThermalEngine(  504): Failed to set desired CPU[2] frequency limit to 2457600
05-04 10:07:00.426 E/ThermalEngine(  504): Unable to read max frequency from online cpu.
05-04 10:07:00.426 E/ThermalEngine(  504): Failed to set desired CPU[2] frequency limit to 2457600
05-04 10:07:01.743 E/ThermalEngine(  504): Unable to read max frequency from online cpu.
05-04 10:07:01.743 E/ThermalEngine(  504): Failed to set desired CPU[2] frequency limit to 2457600
05-04 10:07:01.747 E/ThermalEngine(  504): Unable to read max frequency from online cpu.
05-04 10:07:01.747 E/ThermalEngine(  504): Failed to set desired CPU[1] frequency limit to 2457600
05-04 10:07:03.765 E/ThermalEngine(  504): Unable to read max frequency from online cpu.
05-04 10:07:03.765 E/ThermalEngine(  504): Failed to set desired CPU[3] frequency limit to 2457600
05-04 10:07:03.768 E/ThermalEngine(  504): Unable to read max frequency from online cpu.
05-04 10:07:03.768 E/ThermalEngine(  504): Failed to set desired CPU[2] frequency limit to 2457600
05-04 10:07:03.809 E/ThermalEngine(  504): Unable to read max frequency from online cpu.
05-04 10:07:03.809 E/ThermalEngine(  504): Failed to set desired CPU[1] frequency limit to 2457600
05-04 10:07:06.376 E/ActivityManager( 2941): Invalid thumbnail dimensions: 0x0
05-04 10:07:06.440 E/ThermalEngine(  504): Unable to read max frequency from online cpu.
05-04 10:07:06.440 E/ThermalEngine(  504): Failed to set desired CPU[2] frequency limit to 2457600
05-04 10:07:06.442 E/ThermalEngine(  504): Unable to read max frequency from online cpu.
05-04 10:07:06.443 E/ThermalEngine(  504): Failed to set desired CPU[1] frequency limit to 2457600
05-04 10:07:06.472 E/NotificationHelper( 5042): org.json.JSONException: Value <!DOCTYPE of type java.lang.String cannot be converted to JSONObject
05-04 10:07:06.525 E/NotificationHelper( 5042): org.json.JSONException: Value <!DOCTYPE of type java.lang.String cannot be converted to JSONObject
05-04 10:07:06.729 E/Icon    ( 4428): Unable to load resource 0x00000000 from pkg=com.android.systemui
05-04 10:07:06.729 E/Icon    ( 4428): android.content.res.Resources$NotFoundException: Resource ID #0x0
05-04 10:07:06.729 E/Icon    ( 4428): 	at android.content.res.Resources.getValue(Resources.java:1369)
05-04 10:07:06.729 E/Icon    ( 4428): 	at android.content.res.MiuiResources.getValue(MiuiResources.java:145)
05-04 10:07:06.729 E/Icon    ( 4428): 	at android.content.res.Resources.getDrawable(Resources.java:822)
05-04 10:07:06.729 E/Icon    ( 4428): 	at android.graphics.drawable.Icon.loadDrawableInner(Icon.java:313)
05-04 10:07:06.729 E/Icon    ( 4428): 	at android.graphics.drawable.Icon.loadDrawable(Icon.java:269)
05-04 10:07:06.729 E/Icon    ( 4428): 	at android.graphics.drawable.Icon.loadDrawableAsUser(Icon.java:377)
05-04 10:07:06.729 E/Icon    ( 4428): 	at com.android.systemui.statusbar.ExpandedIcon.getDrawable(ExpandedIcon.java:59)
05-04 10:07:06.729 E/Icon    ( 4428): 	at com.android.systemui.statusbar.StatusBarIconView.getIcon(StatusBarIconView.java:174)
05-04 10:07:06.729 E/Icon    ( 4428): 	at com.android.systemui.statusbar.StatusBarIconView.setIcon(StatusBarIconView.java:131)
05-04 10:07:06.729 E/Icon    ( 4428): 	at com.android.systemui.statusbar.StatusBarIconView.updateDarkMode(StatusBarIconView.java:266)
05-04 10:07:06.729 E/Icon    ( 4428): 	at com.android.systemui.statusbar.phone.SimpleStatusBar.updateDarkMode(SimpleStatusBar.java:233)
05-04 10:07:06.729 E/Icon    ( 4428): 	at com.android.systemui.statusbar.phone.PhoneStatusBar$29.run(PhoneStatusBar.java:3339)
05-04 10:07:06.729 E/Icon    ( 4428): 	at android.os.Handler.handleCallback(Handler.java:742)
05-04 10:07:06.729 E/Icon    ( 4428): 	at android.os.Handler.dispatchMessage(Handler.java:95)
05-04 10:07:06.729 E/Icon    ( 4428): 	at android.os.Looper.loop(Looper.java:154)
05-04 10:07:06.729 E/Icon    ( 4428): 	at android.app.ActivityThread.main(ActivityThread.java:5462)
05-04 10:07:06.729 E/Icon    ( 4428): 	at java.lang.reflect.Method.invoke(Native Method)
05-04 10:07:06.729 E/Icon    ( 4428): 	at com.android.internal.os.ZygoteInit$MethodAndArgsCaller.run(ZygoteInit.java:739)
05-04 10:07:06.729 E/Icon    ( 4428): 	at com.android.internal.os.ZygoteInit.main(ZygoteInit.java:629)
05-04 10:07:07.002 E/ThermalEngine(  504): Unable to read max frequency from online cpu.
05-04 10:07:07.002 E/ThermalEngine(  504): Failed to set desired CPU[1] frequency limit to 2457600
05-04 10:07:08.323 E/ThermalEngine(  504): Unable to read max frequency from online cpu.
05-04 10:07:08.323 E/ThermalEngine(  504): Failed to set desired CPU[2] frequency limit to 2457600
05-04 10:07:08.338 E/NotificationHelper( 5042): org.json.JSONException: Value <!DOCTYPE of type java.lang.String cannot be converted to JSONObject
05-04 10:07:08.401 E/LocSvc_libulp( 2941): I/int ulp_msg_process_system_update(UlpSystemEvent): systemEvent:5 
05-04 10:07:08.401 E/LocSvc_libulp( 2941): I/int ulp_msg_process_start_req(), at ulp state = 1
05-04 10:07:08.401 E/LocSvc_api_v02( 2941): I/---> locClientSendReq line 2020 QMI_LOC_GET_BEST_AVAILABLE_POSITION_REQ_V02
05-04 10:07:08.405 E/LocSvc_ApiV02( 2941): I/<--- void globalRespCb(locClientHandleType, uint32_t, locClientRespIndUnionType, void*) line 115 QMI_LOC_GET_BEST_AVAILABLE_POSITION_REQ_V02
05-04 10:07:08.405 E/LocSvc_libulp( 2941): I/int ulp_brain_process_zpp_position_report(loc_sess_status, LocPosTechMask, UlpLocation*), report ZPP position to providers,report_position = 1
05-04 10:07:08.405 E/IzatSvc_PassiveLocListener( 2941): E/Exiting with error virtual void izat_manager::IzatPassiveLocationListener::onLocationChanged(const izat_manager::IzatLocation*, izat_manager::IzatLocationStatus) line 113 "1"
05-04 10:07:08.407 E/NotificationHelper( 5042): org.json.JSONException: Value <!DOCTYPE of type java.lang.String cannot be converted to JSONObject
05-04 10:07:08.576 E/ThermalEngine(  504): Unable to read max frequency from online cpu.
05-04 10:07:08.577 E/ThermalEngine(  504): Failed to set desired CPU[1] frequency limit to 2457600
05-04 10:07:09.957 E/ThermalEngine(  504): Unable to read max frequency from online cpu.
05-04 10:07:09.957 E/ThermalEngine(  504): Failed to set desired CPU[2] frequency limit to 2457600
05-04 10:07:10.723 E/ThermalEngine(  504): Unable to read max frequency from online cpu.
05-04 10:07:10.723 E/ThermalEngine(  504): Failed to set desired CPU[2] frequency limit to 2457600
05-04 10:07:11.716 E/ActivityManager( 2941): Invalid thumbnail dimensions: 0x0
05-04 10:07:11.833 E/ThermalEngine(  504): Unable to read max frequency from online cpu.
05-04 10:07:11.833 E/ThermalEngine(  504): Failed to set desired CPU[1] frequency limit to 2457600
05-04 10:07:11.836 E/NotificationHelper( 5042): org.json.JSONException: Value <!DOCTYPE of type java.lang.String cannot be converted to JSONObject
05-04 10:07:11.893 E/NotificationHelper( 5042): org.json.JSONException: Value <!DOCTYPE of type java.lang.String cannot be converted to JSONObject
05-04 10:07:12.607 E/ThermalEngine(  504): Unable to read max frequency from online cpu.
05-04 10:07:12.607 E/ThermalEngine(  504): Failed to set desired CPU[2] frequency limit to 2457600
05-04 10:07:12.659 E/ThermalEngine(  504): Unable to read max frequency from online cpu.
05-04 10:07:12.659 E/ThermalEngine(  504): Failed to set desired CPU[1] frequency limit to 2457600
05-04 10:07:14.741 E/ThermalEngine(  504): Unable to read max frequency from online cpu.
05-04 10:07:14.741 E/ThermalEngine(  504): Failed to set desired CPU[3] frequency limit to 2457600
05-04 10:07:14.807 E/ThermalEngine(  504): Unable to read max frequency from online cpu.
05-04 10:07:14.807 E/ThermalEngine(  504): Failed to set desired CPU[2] frequency limit to 2457600
05-04 10:07:17.108 E/ThermalEngine(  504): Unable to read max frequency from online cpu.
05-04 10:07:17.108 E/ThermalEngine(  504): Failed to set desired CPU[2] frequency limit to 2457600
05-04 10:07:17.414 E/NotificationHelper( 5042): org.json.JSONException: Value <!DOCTYPE of type java.lang.String cannot be converted to JSONObject
05-04 10:07:17.490 E/NotificationHelper( 5042): org.json.JSONException: Value <!DOCTYPE of type java.lang.String cannot be converted to JSONObject
05-04 10:07:17.563 E/ThermalEngine(  504): Unable to read max frequency from online cpu.
05-04 10:07:17.563 E/ThermalEngine(  504): Failed to set desired CPU[1] frequency limit to 2457600
05-04 10:07:18.487 E/ThermalEngine(  504): Unable to read max frequency from online cpu.
05-04 10:07:18.487 E/ThermalEngine(  504): Failed to set desired CPU[2] frequency limit to 2457600
05-04 10:07:18.492 E/ThermalEngine(  504): Unable to read max frequency from online cpu.
05-04 10:07:18.492 E/ThermalEngine(  504): Failed to set desired CPU[1] frequency limit to 2457600
05-04 10:07:21.369 E/ThermalEngine(  504): Unable to read max frequency from online cpu.
05-04 10:07:21.369 E/ThermalEngine(  504): Failed to set desired CPU[2] frequency limit to 2457600
05-04 10:07:23.960 E/ThermalEngine(  504): Unable to read max frequency from online cpu.
05-04 10:07:23.960 E/ThermalEngine(  504): Failed to set desired CPU[3] frequency limit to 2457600
05-04 10:07:25.113 E/ThermalEngine(  504): Unable to read max frequency from online cpu.
05-04 10:07:25.113 E/ThermalEngine(  504): Failed to set desired CPU[3] frequency limit to 2457600
05-04 10:07:25.160 E/ThermalEngine(  504): Unable to read max frequency from online cpu.
05-04 10:07:25.160 E/ThermalEngine(  504): Failed to set desired CPU[2] frequency limit to 2457600
05-04 10:07:27.168 E/ThermalEngine(  504): Unable to read max frequency from online cpu.
05-04 10:07:27.168 E/ThermalEngine(  504): Failed to set desired CPU[3] frequency limit to 2457600
05-04 10:07:27.211 E/ThermalEngine(  504): Unable to read max frequency from online cpu.
05-04 10:07:27.211 E/ThermalEngine(  504): Failed to set desired CPU[2] frequency limit to 2457600
05-04 10:07:28.492 E/chromium( 6224): [ERROR:ssl_client_socket_impl.cc(1146)] handshake failed; returned -1, SSL error code 1, net_error -101
05-04 10:07:28.505 E/chromium( 6224): [ERROR:ssl_client_socket_impl.cc(1146)] handshake failed; returned -1, SSL error code 1, net_error -101
05-04 10:07:28.609 E/ThermalEngine(  504): Unable to read max frequency from online cpu.
05-04 10:07:28.609 E/ThermalEngine(  504): Failed to set desired CPU[2] frequency limit to 2457600
05-04 10:07:32.011 E/ThermalEngine(  504): Unable to read max frequency from online cpu.
05-04 10:07:32.011 E/ThermalEngine(  504): Failed to set desired CPU[3] frequency limit to 2457600
05-04 10:07:36.060 E/ThermalEngine(  504): Unable to read max frequency from online cpu.
05-04 10:07:36.060 E/ThermalEngine(  504): Failed to set desired CPU[3] frequency limit to 2457600
05-04 10:07:36.086 E/chromium( 6224): [ERROR:ssl_client_socket_impl.cc(1146)] handshake failed; returned -1, SSL error code 1, net_error -101
05-04 10:07:36.108 E/ThermalEngine(  504): Unable to read max frequency from online cpu.
05-04 10:07:36.108 E/ThermalEngine(  504): Failed to set desired CPU[2] frequency limit to 2457600
05-04 10:07:36.108 E/chromium( 6224): [ERROR:ssl_client_socket_impl.cc(1146)] handshake failed; returned -1, SSL error code 1, net_error -101
05-04 10:07:36.112 E/ThermalEngine(  504): Unable to read max frequency from online cpu.
05-04 10:07:36.113 E/ThermalEngine(  504): Failed to set desired CPU[1] frequency limit to 2457600
05-04 10:07:37.389 E/ThermalEngine(  504): Unable to read max frequency from online cpu.
05-04 10:07:37.389 E/ThermalEngine(  504): Failed to set desired CPU[2] frequency limit to 2457600
05-04 10:07:38.254 E/ThermalEngine(  504): Unable to read max frequency from online cpu.
05-04 10:07:38.254 E/ThermalEngine(  504): Failed to set desired CPU[2] frequency limit to 2457600
05-04 10:07:38.408 E/ThermalEngine(  504): Unable to read max frequency from online cpu.
05-04 10:07:38.408 E/ThermalEngine(  504): Failed to set desired CPU[1] frequency limit to 2457600
05-04 10:07:39.024 E/ThermalEngine(  504): Unable to read max frequency from online cpu.
05-04 10:07:39.025 E/ThermalEngine(  504): Failed to set desired CPU[1] frequency limit to 2457600
05-04 10:07:39.341 E/ThermalEngine(  504): Failed to set desired CPU[1] frequency limit to 1728000
05-04 10:07:39.341 E/ThermalEngine(  504): Failed to set desired CPU[2] frequency limit to 1728000
05-04 10:07:39.341 E/ThermalEngine(  504): Failed to set desired CPU[3] frequency limit to 1728000
05-04 10:07:40.370 E/ThermalEngine(  504): Failed to set desired CPU[3] frequency limit to 2457600
05-04 10:07:41.790 E/ActivityManager( 2941): Invalid thumbnail dimensions: 0x0
05-04 10:07:41.864 E/ThermalEngine(  504): Unable to read max frequency from online cpu.
05-04 10:07:41.864 E/ThermalEngine(  504): Failed to set desired CPU[2] frequency limit to 2457600
05-04 10:07:41.874 E/ThermalEngine(  504): Unable to read max frequency from online cpu.
05-04 10:07:41.874 E/ThermalEngine(  504): Failed to set desired CPU[1] frequency limit to 2457600
05-04 10:07:41.923 E/NotificationHelper( 5042): org.json.JSONException: Value <!DOCTYPE of type java.lang.String cannot be converted to JSONObject
05-04 10:07:41.967 E/NotificationHelper( 5042): org.json.JSONException: Value <!DOCTYPE of type java.lang.String cannot be converted to JSONObject
05-04 10:07:42.543 E/ThermalEngine(  504): Unable to read max frequency from online cpu.
05-04 10:07:42.543 E/ThermalEngine(  504): Failed to set desired CPU[2] frequency limit to 2457600
05-04 10:07:42.595 E/ThermalEngine(  504): Unable to read max frequency from online cpu.
05-04 10:07:42.595 E/ThermalEngine(  504): Failed to set desired CPU[1] frequency limit to 2457600
05-04 10:07:43.511 E/ThermalEngine(  504): Failed to set desired CPU[1] frequency limit to 1728000
05-04 10:07:43.511 E/ThermalEngine(  504): Failed to set desired CPU[2] frequency limit to 1728000
05-04 10:07:43.511 E/ThermalEngine(  504): Failed to set desired CPU[3] frequency limit to 1728000
05-04 10:07:44.272 E/ThermalEngine(  504): Unable to read max frequency from online cpu.
05-04 10:07:44.272 E/ThermalEngine(  504): Failed to set desired CPU[2] frequency limit to 1728000
05-04 10:07:44.659 E/ThermalEngine(  504): Unable to read max frequency from online cpu.
05-04 10:07:44.659 E/ThermalEngine(  504): Failed to set desired CPU[2] frequency limit to 1728000
05-04 10:07:44.668 E/ThermalEngine(  504): Unable to read max frequency from online cpu.
05-04 10:07:44.668 E/ThermalEngine(  504): Failed to set desired CPU[1] frequency limit to 1728000
05-04 10:07:44.821 E/NotificationHelper( 5042): org.json.JSONException: Value <!DOCTYPE of type java.lang.String cannot be converted to JSONObject
05-04 10:07:44.887 E/NotificationHelper( 5042): org.json.JSONException: Value <!DOCTYPE of type java.lang.String cannot be converted to JSONObject
05-04 10:07:45.840 E/DatabaseUtils( 2941): Writing exception to parcel
05-04 10:07:45.840 E/DatabaseUtils( 2941): java.lang.SecurityException: com.sogou.activity.src was not granted  this permission: android.permission.WRITE_SETTINGS.
05-04 10:07:45.840 E/DatabaseUtils( 2941): 	at android.provider.Settings.isCallingPackageAllowedToPerformAppOpsProtectedOperation(Settings.java:8507)
05-04 10:07:45.840 E/DatabaseUtils( 2941): 	at android.provider.Settings.checkAndNoteWriteSettingsOperation(Settings.java:8389)
05-04 10:07:45.840 E/DatabaseUtils( 2941): 	at com.android.providers.settings.SettingsProvider.mutateSystemSetting(SettingsProvider.java:915)
05-04 10:07:45.840 E/DatabaseUtils( 2941): 	at com.android.providers.settings.SettingsProvider.insertSystemSetting(SettingsProvider.java:890)
05-04 10:07:45.840 E/DatabaseUtils( 2941): 	at com.android.providers.settings.SettingsProvider.call(SettingsProvider.java:263)
05-04 10:07:45.840 E/DatabaseUtils( 2941): 	at android.content.ContentProvider$Transport.call(ContentProvider.java:398)
05-04 10:07:45.840 E/DatabaseUtils( 2941): 	at android.content.ContentProviderNative.onTransact(ContentProviderNative.java:283)
05-04 10:07:45.840 E/DatabaseUtils( 2941): 	at android.os.Binder.execTransact(Binder.java:453)
05-04 10:07:45.841 E/DatabaseUtils( 2941): Writing exception to parcel
05-04 10:07:45.841 E/DatabaseUtils( 2941): java.lang.SecurityException: com.sogou.activity.src was not granted  this permission: android.permission.WRITE_SETTINGS.
05-04 10:07:45.841 E/DatabaseUtils( 2941): 	at android.provider.Settings.isCallingPackageAllowedToPerformAppOpsProtectedOperation(Settings.java:8507)
05-04 10:07:45.841 E/DatabaseUtils( 2941): 	at android.provider.Settings.checkAndNoteWriteSettingsOperation(Settings.java:8389)
05-04 10:07:45.841 E/DatabaseUtils( 2941): 	at com.android.providers.settings.SettingsProvider.mutateSystemSetting(SettingsProvider.java:915)
05-04 10:07:45.841 E/DatabaseUtils( 2941): 	at com.android.providers.settings.SettingsProvider.insertSystemSetting(SettingsProvider.java:890)
05-04 10:07:45.841 E/DatabaseUtils( 2941): 	at com.android.providers.settings.SettingsProvider.call(SettingsProvider.java:263)
05-04 10:07:45.841 E/DatabaseUtils( 2941): 	at android.content.ContentProvider$Transport.call(ContentProvider.java:398)
05-04 10:07:45.841 E/DatabaseUtils( 2941): 	at android.content.ContentProviderNative.onTransact(ContentProviderNative.java:283)
05-04 10:07:45.841 E/DatabaseUtils( 2941): 	at android.os.Binder.execTransact(Binder.java:453)
05-04 10:07:45.845 E/DatabaseUtils( 2941): Writing exception to parcel
05-04 10:07:45.845 E/DatabaseUtils( 2941): java.lang.SecurityException: com.sogou.activity.src was not granted  this permission: android.permission.WRITE_SETTINGS.
05-04 10:07:45.845 E/DatabaseUtils( 2941): 	at android.provider.Settings.isCallingPackageAllowedToPerformAppOpsProtectedOperation(Settings.java:8507)
05-04 10:07:45.845 E/DatabaseUtils( 2941): 	at android.provider.Settings.checkAndNoteWriteSettingsOperation(Settings.java:8389)
05-04 10:07:45.845 E/DatabaseUtils( 2941): 	at com.android.providers.settings.SettingsProvider.mutateSystemSetting(SettingsProvider.java:915)
05-04 10:07:45.845 E/DatabaseUtils( 2941): 	at com.android.providers.settings.SettingsProvider.insertSystemSetting(SettingsProvider.java:890)
05-04 10:07:45.845 E/DatabaseUtils( 2941): 	at com.android.providers.settings.SettingsProvider.call(SettingsProvider.java:263)
05-04 10:07:45.845 E/DatabaseUtils( 2941): 	at android.content.ContentProvider$Transport.call(ContentProvider.java:398)
05-04 10:07:45.845 E/DatabaseUtils( 2941): 	at android.content.ContentProviderNative.onTransact(ContentProviderNative.java:283)
05-04 10:07:45.845 E/DatabaseUtils( 2941): 	at android.os.Binder.execTransact(Binder.java:453)
05-04 10:07:45.848 E/DatabaseUtils( 2941): Writing exception to parcel
05-04 10:07:45.848 E/DatabaseUtils( 2941): java.lang.SecurityException: com.sogou.activity.src was not granted  this permission: android.permission.WRITE_SETTINGS.
05-04 10:07:45.848 E/DatabaseUtils( 2941): 	at android.provider.Settings.isCallingPackageAllowedToPerformAppOpsProtectedOperation(Settings.java:8507)
05-04 10:07:45.848 E/DatabaseUtils( 2941): 	at android.provider.Settings.checkAndNoteWriteSettingsOperation(Settings.java:8389)
05-04 10:07:45.848 E/DatabaseUtils( 2941): 	at com.android.providers.settings.SettingsProvider.mutateSystemSetting(SettingsProvider.java:915)
05-04 10:07:45.848 E/DatabaseUtils( 2941): 	at com.android.providers.settings.SettingsProvider.insertSystemSetting(SettingsProvider.java:890)
05-04 10:07:45.848 E/DatabaseUtils( 2941): 	at com.android.providers.settings.SettingsProvider.call(SettingsProvider.java:263)
05-04 10:07:45.848 E/DatabaseUtils( 2941): 	at android.content.ContentProvider$Transport.call(ContentProvider.java:398)
05-04 10:07:45.848 E/DatabaseUtils( 2941): 	at android.content.ContentProviderNative.onTransact(ContentProviderNative.java:283)
05-04 10:07:45.848 E/DatabaseUtils( 2941): 	at android.os.Binder.execTransact(Binder.java:453)
05-04 10:07:47.446 E/ThermalEngine(  504): Unable to read max frequency from online cpu.
05-04 10:07:47.446 E/ThermalEngine(  504): Failed to set desired CPU[2] frequency limit to 1728000
05-04 10:07:47.457 E/ThermalEngine(  504): Unable to read max frequency from online cpu.
05-04 10:07:47.457 E/ThermalEngine(  504): Failed to set desired CPU[1] frequency limit to 1728000
05-04 10:07:47.628 E/powerkeeper-jni( 5579): jint com_miui_powerkeeper_process_Control_frozen(JNIEnv*, jobject, jint, jintArray): uid = 10115, action = frozen
05-04 10:07:47.953 E/ActivityManager( 2941): Invalid thumbnail dimensions: 0x0
05-04 10:07:48.062 E/NotificationHelper( 5042): org.json.JSONException: Value <!DOCTYPE of type java.lang.String cannot be converted to JSONObject
05-04 10:07:48.115 E/NotificationHelper( 5042): org.json.JSONException: Value <!DOCTYPE of type java.lang.String cannot be converted to JSONObject
05-04 10:07:48.473 E/ThermalEngine(  504): Unable to read max frequency from online cpu.
05-04 10:07:48.473 E/ThermalEngine(  504): Failed to set desired CPU[1] frequency limit to 1728000
05-04 10:07:49.181 E/ThermalEngine(  504): Unable to read max frequency from online cpu.
05-04 10:07:49.181 E/ThermalEngine(  504): Failed to set desired CPU[1] frequency limit to 1728000
05-04 10:07:49.704 E/ThermalEngine(  504): Unable to read max frequency from online cpu.
05-04 10:07:49.704 E/ThermalEngine(  504): Failed to set desired CPU[2] frequency limit to 1728000
05-04 10:07:49.732 E/DnsProxyBlocker(  452): No such appUid 10112 to remove
05-04 10:07:51.071 E/ThermalEngine(  504): Unable to read max frequency from online cpu.
05-04 10:07:51.071 E/ThermalEngine(  504): Failed to set desired CPU[2] frequency limit to 1728000
05-04 10:07:51.073 E/ThermalEngine(  504): Unable to read max frequency from online cpu.
05-04 10:07:51.073 E/ThermalEngine(  504): Failed to set desired CPU[1] frequency limit to 1728000
05-04 10:07:51.167 E/NotificationHelper( 5042): org.json.JSONException: Value <!DOCTYPE of type java.lang.String cannot be converted to JSONObject
05-04 10:07:51.235 E/NotificationHelper( 5042): org.json.JSONException: Value <!DOCTYPE of type java.lang.String cannot be converted to JSONObject
05-04 10:07:52.532 E/ThermalEngine(  504): Unable to read max frequency from online cpu.
05-04 10:07:52.532 E/ThermalEngine(  504): Failed to set desired CPU[1] frequency limit to 1728000
05-04 10:07:53.759 E/ThermalEngine(  504): Unable to read max frequency from online cpu.
05-04 10:07:53.760 E/ThermalEngine(  504): Failed to set desired CPU[2] frequency limit to 1728000
05-04 10:07:55.880 E/ThermalEngine(  504): Unable to read max frequency from online cpu.
05-04 10:07:55.880 E/ThermalEngine(  504): Failed to set desired CPU[2] frequency limit to 1728000
05-04 10:07:55.887 E/ThermalEngine(  504): Unable to read max frequency from online cpu.
05-04 10:07:55.887 E/ThermalEngine(  504): Failed to set desired CPU[1] frequency limit to 1728000
05-04 10:07:56.908 E/ThermalEngine(  504): Unable to read max frequency from online cpu.
05-04 10:07:56.908 E/ThermalEngine(  504): Failed to set desired CPU[2] frequency limit to 1728000
05-04 10:07:58.326 E/ThermalEngine(  504): Unable to read max frequency from online cpu.
05-04 10:07:58.326 E/ThermalEngine(  504): Failed to set desired CPU[2] frequency limit to 1728000
05-04 10:08:01.724 E/ThermalEngine(  504): Unable to read max frequency from online cpu.
05-04 10:08:01.724 E/ThermalEngine(  504): Failed to set desired CPU[3] frequency limit to 1728000
05-04 10:08:01.726 E/ThermalEngine(  504): Unable to read max frequency from online cpu.
05-04 10:08:01.727 E/ThermalEngine(  504): Failed to set desired CPU[2] frequency limit to 1728000
05-04 10:08:01.800 E/ThermalEngine(  504): Failed to set desired CPU[2] frequency limit to 2457600
05-04 10:08:01.800 E/ThermalEngine(  504): Failed to set desired CPU[3] frequency limit to 2457600
05-04 10:08:01.859 E/DatabaseUtils( 2941): Writing exception to parcel
05-04 10:08:01.859 E/DatabaseUtils( 2941): java.lang.SecurityException: com.sogou.activity.src was not granted  this permission: android.permission.WRITE_SETTINGS.
05-04 10:08:01.859 E/DatabaseUtils( 2941): 	at android.provider.Settings.isCallingPackageAllowedToPerformAppOpsProtectedOperation(Settings.java:8507)
05-04 10:08:01.859 E/DatabaseUtils( 2941): 	at android.provider.Settings.checkAndNoteWriteSettingsOperation(Settings.java:8389)
05-04 10:08:01.859 E/DatabaseUtils( 2941): 	at com.android.providers.settings.SettingsProvider.mutateSystemSetting(SettingsProvider.java:915)
05-04 10:08:01.859 E/DatabaseUtils( 2941): 	at com.android.providers.settings.SettingsProvider.insertSystemSetting(SettingsProvider.java:890)
05-04 10:08:01.859 E/DatabaseUtils( 2941): 	at com.android.providers.settings.SettingsProvider.call(SettingsProvider.java:263)
05-04 10:08:01.859 E/DatabaseUtils( 2941): 	at android.content.ContentProvider$Transport.call(ContentProvider.java:398)
05-04 10:08:01.859 E/DatabaseUtils( 2941): 	at android.content.ContentProviderNative.onTransact(ContentProviderNative.java:283)
05-04 10:08:01.859 E/DatabaseUtils( 2941): 	at android.os.Binder.execTransact(Binder.java:453)
05-04 10:08:01.863 E/DatabaseUtils( 2941): Writing exception to parcel
05-04 10:08:01.863 E/DatabaseUtils( 2941): java.lang.SecurityException: com.sogou.activity.src was not granted  this permission: android.permission.WRITE_SETTINGS.
05-04 10:08:01.863 E/DatabaseUtils( 2941): 	at android.provider.Settings.isCallingPackageAllowedToPerformAppOpsProtectedOperation(Settings.java:8507)
05-04 10:08:01.863 E/DatabaseUtils( 2941): 	at android.provider.Settings.checkAndNoteWriteSettingsOperation(Settings.java:8389)
05-04 10:08:01.863 E/DatabaseUtils( 2941): 	at com.android.providers.settings.SettingsProvider.mutateSystemSetting(SettingsProvider.java:915)
05-04 10:08:01.863 E/DatabaseUtils( 2941): 	at com.android.providers.settings.SettingsProvider.insertSystemSetting(SettingsProvider.java:890)
05-04 10:08:01.863 E/DatabaseUtils( 2941): 	at com.android.providers.settings.SettingsProvider.call(SettingsProvider.java:263)
05-04 10:08:01.863 E/DatabaseUtils( 2941): 	at android.content.ContentProvider$Transport.call(ContentProvider.java:398)
05-04 10:08:01.863 E/DatabaseUtils( 2941): 	at android.content.ContentProviderNative.onTransact(ContentProviderNative.java:283)
05-04 10:08:01.863 E/DatabaseUtils( 2941): 	at android.os.Binder.execTransact(Binder.java:453)
05-04 10:08:01.869 E/DatabaseUtils( 2941): Writing exception to parcel
05-04 10:08:01.869 E/DatabaseUtils( 2941): java.lang.SecurityException: com.sogou.activity.src was not granted  this permission: android.permission.WRITE_SETTINGS.
05-04 10:08:01.869 E/DatabaseUtils( 2941): 	at android.provider.Settings.isCallingPackageAllowedToPerformAppOpsProtectedOperation(Settings.java:8507)
05-04 10:08:01.869 E/DatabaseUtils( 2941): 	at android.provider.Settings.checkAndNoteWriteSettingsOperation(Settings.java:8389)
05-04 10:08:01.869 E/DatabaseUtils( 2941): 	at com.android.providers.settings.SettingsProvider.mutateSystemSetting(SettingsProvider.java:915)
05-04 10:08:01.869 E/DatabaseUtils( 2941): 	at com.android.providers.settings.SettingsProvider.insertSystemSetting(SettingsProvider.java:890)
05-04 10:08:01.869 E/DatabaseUtils( 2941): 	at com.android.providers.settings.SettingsProvider.call(SettingsProvider.java:263)
05-04 10:08:01.869 E/DatabaseUtils( 2941): 	at android.content.ContentProvider$Transport.call(ContentProvider.java:398)
05-04 10:08:01.869 E/DatabaseUtils( 2941): 	at android.content.ContentProviderNative.onTransact(ContentProviderNative.java:283)
05-04 10:08:01.869 E/DatabaseUtils( 2941): 	at android.os.Binder.execTransact(Binder.java:453)
05-04 10:08:01.871 E/DatabaseUtils( 2941): Writing exception to parcel
05-04 10:08:01.871 E/DatabaseUtils( 2941): java.lang.SecurityException: com.sogou.activity.src was not granted  this permission: android.permission.WRITE_SETTINGS.
05-04 10:08:01.871 E/DatabaseUtils( 2941): 	at android.provider.Settings.isCallingPackageAllowedToPerformAppOpsProtectedOperation(Settings.java:8507)
05-04 10:08:01.871 E/DatabaseUtils( 2941): 	at android.provider.Settings.checkAndNoteWriteSettingsOperation(Settings.java:8389)
05-04 10:08:01.871 E/DatabaseUtils( 2941): 	at com.android.providers.settings.SettingsProvider.mutateSystemSetting(SettingsProvider.java:915)
05-04 10:08:01.871 E/DatabaseUtils( 2941): 	at com.android.providers.settings.SettingsProvider.insertSystemSetting(SettingsProvider.java:890)
05-04 10:08:01.871 E/DatabaseUtils( 2941): 	at com.android.providers.settings.SettingsProvider.call(SettingsProvider.java:263)
05-04 10:08:01.871 E/DatabaseUtils( 2941): 	at android.content.ContentProvider$Transport.call(ContentProvider.java:398)
05-04 10:08:01.871 E/DatabaseUtils( 2941): 	at android.content.ContentProviderNative.onTransact(ContentProviderNative.java:283)
05-04 10:08:01.871 E/DatabaseUtils( 2941): 	at android.os.Binder.execTransact(Binder.java:453)
05-04 10:08:02.433 E/ThermalEngine(  504): Unable to read max frequency from online cpu.
05-04 10:08:02.433 E/ThermalEngine(  504): Failed to set desired CPU[2] frequency limit to 2457600
05-04 10:08:02.435 E/ThermalEngine(  504): Unable to read max frequency from online cpu.
05-04 10:08:02.435 E/ThermalEngine(  504): Failed to set desired CPU[1] frequency limit to 2457600
05-04 10:08:03.501 E/ThermalEngine(  504): Unable to read max frequency from online cpu.
05-04 10:08:03.501 E/ThermalEngine(  504): Failed to set desired CPU[1] frequency limit to 2457600
05-04 10:08:03.724 E/ThermalEngine(  504): Failed to set desired CPU[1] frequency limit to 1728000
05-04 10:08:03.724 E/ThermalEngine(  504): Failed to set desired CPU[2] frequency limit to 1728000
05-04 10:08:03.724 E/ThermalEngine(  504): Failed to set desired CPU[3] frequency limit to 1728000
05-04 10:08:04.687 E/ThermalEngine(  504): Failed to set desired CPU[1] frequency limit to 1497600
05-04 10:08:04.687 E/ThermalEngine(  504): Failed to set desired CPU[2] frequency limit to 1497600
05-04 10:08:04.687 E/ThermalEngine(  504): Failed to set desired CPU[3] frequency limit to 1497600
05-04 10:08:04.822 E/ActivityManager( 2941): Invalid thumbnail dimensions: 0x0
05-04 10:08:06.100 E/ThermalEngine(  504): Failed to set desired CPU[3] frequency limit to 1728000
05-04 10:08:07.580 E/ThermalEngine(  504): Unable to read max frequency from online cpu.
05-04 10:08:07.580 E/ThermalEngine(  504): Failed to set desired CPU[2] frequency limit to 1728000
05-04 10:08:08.401 E/LocSvc_libulp( 2941): I/int ulp_msg_process_system_update(UlpSystemEvent): systemEvent:5 
05-04 10:08:08.401 E/LocSvc_libulp( 2941): I/int ulp_msg_process_start_req(), at ulp state = 1
05-04 10:08:08.402 E/LocSvc_api_v02( 2941): I/---> locClientSendReq line 2020 QMI_LOC_GET_BEST_AVAILABLE_POSITION_REQ_V02
05-04 10:08:08.407 E/LocSvc_ApiV02( 2941): I/<--- void globalRespCb(locClientHandleType, uint32_t, locClientRespIndUnionType, void*) line 115 QMI_LOC_GET_BEST_AVAILABLE_POSITION_REQ_V02
05-04 10:08:08.408 E/LocSvc_libulp( 2941): I/int ulp_brain_process_zpp_position_report(loc_sess_status, LocPosTechMask, UlpLocation*), report ZPP position to providers,report_position = 1
05-04 10:08:08.408 E/IzatSvc_PassiveLocListener( 2941): E/Exiting with error virtual void izat_manager::IzatPassiveLocationListener::onLocationChanged(const izat_manager::IzatLocation*, izat_manager::IzatLocationStatus) line 113 "1"
05-04 10:08:15.070 E/ThermalEngine(  504): Unable to read max frequency from online cpu.
05-04 10:08:15.071 E/ThermalEngine(  504): Failed to set desired CPU[3] frequency limit to 2457600
05-04 10:08:15.119 E/ThermalEngine(  504): Unable to read max frequency from online cpu.
05-04 10:08:15.119 E/ThermalEngine(  504): Failed to set desired CPU[2] frequency limit to 2457600
05-04 10:08:19.071 E/ThermalEngine(  504): Unable to read max frequency from online cpu.
05-04 10:08:19.071 E/ThermalEngine(  504): Failed to set desired CPU[3] frequency limit to 2457600
05-04 10:08:19.079 E/ThermalEngine(  504): Unable to read max frequency from online cpu.
05-04 10:08:19.079 E/ThermalEngine(  504): Failed to set desired CPU[2] frequency limit to 2457600
05-04 10:08:25.270 E/ThermalEngine(  504): Unable to read max frequency from online cpu.
05-04 10:08:25.271 E/ThermalEngine(  504): Failed to set desired CPU[3] frequency limit to 2457600
05-04 10:08:28.470 E/ThermalEngine(  504): Unable to read max frequency from online cpu.
05-04 10:08:28.471 E/ThermalEngine(  504): Failed to set desired CPU[3] frequency limit to 2457600
05-04 10:08:28.477 E/ThermalEngine(  504): Unable to read max frequency from online cpu.
05-04 10:08:28.477 E/ThermalEngine(  504): Failed to set desired CPU[2] frequency limit to 2457600
05-04 10:08:28.518 E/ThermalEngine(  504): Unable to read max frequency from online cpu.
05-04 10:08:28.518 E/ThermalEngine(  504): Failed to set desired CPU[1] frequency limit to 2457600
05-04 10:08:32.921 E/ThermalEngine(  504): Unable to read max frequency from online cpu.
05-04 10:08:32.921 E/ThermalEngine(  504): Failed to set desired CPU[3] frequency limit to 2457600
05-04 10:08:32.928 E/ThermalEngine(  504): Unable to read max frequency from online cpu.
05-04 10:08:32.928 E/ThermalEngine(  504): Failed to set desired CPU[2] frequency limit to 2457600
05-04 10:08:35.470 E/ThermalEngine(  504): Unable to read max frequency from online cpu.
05-04 10:08:35.470 E/ThermalEngine(  504): Failed to set desired CPU[3] frequency limit to 2457600
05-04 10:08:35.476 E/ThermalEngine(  504): Unable to read max frequency from online cpu.
05-04 10:08:35.476 E/ThermalEngine(  504): Failed to set desired CPU[2] frequency limit to 2457600
05-04 10:08:44.420 E/ThermalEngine(  504): Unable to read max frequency from online cpu.
05-04 10:08:44.420 E/ThermalEngine(  504): Failed to set desired CPU[3] frequency limit to 2457600
05-04 10:08:44.426 E/ThermalEngine(  504): Unable to read max frequency from online cpu.
05-04 10:08:44.427 E/ThermalEngine(  504): Failed to set desired CPU[2] frequency limit to 2457600
05-04 10:08:48.030 E/ConnectivityService( 2941): RemoteException caught trying to send a callback msg for NetworkRequest [ id=53, legacyType=-1, [ Capabilities: INTERNET&NOT_RESTRICTED&TRUSTED] ]
05-04 10:08:52.472 E/ThermalEngine(  504): Unable to read max frequency from online cpu.
05-04 10:08:52.472 E/ThermalEngine(  504): Failed to set desired CPU[3] frequency limit to 2457600
05-04 10:08:52.475 E/ThermalEngine(  504): Unable to read max frequency from online cpu.
05-04 10:08:52.475 E/ThermalEngine(  504): Failed to set desired CPU[2] frequency limit to 2457600
05-04 10:08:52.518 E/ThermalEngine(  504): Unable to read max frequency from online cpu.
05-04 10:08:52.518 E/ThermalEngine(  504): Failed to set desired CPU[1] frequency limit to 2457600
05-04 10:09:05.771 E/ThermalEngine(  504): Unable to read max frequency from online cpu.
05-04 10:09:05.771 E/ThermalEngine(  504): Failed to set desired CPU[3] frequency limit to 2457600
05-04 10:09:08.401 E/LocSvc_libulp( 2941): I/int ulp_msg_process_system_update(UlpSystemEvent): systemEvent:5 
05-04 10:09:08.401 E/LocSvc_libulp( 2941): I/int ulp_msg_process_start_req(), at ulp state = 1
05-04 10:09:08.402 E/LocSvc_api_v02( 2941): I/---> locClientSendReq line 2020 QMI_LOC_GET_BEST_AVAILABLE_POSITION_REQ_V02
05-04 10:09:08.407 E/LocSvc_ApiV02( 2941): I/<--- void globalRespCb(locClientHandleType, uint32_t, locClientRespIndUnionType, void*) line 115 QMI_LOC_GET_BEST_AVAILABLE_POSITION_REQ_V02
05-04 10:09:08.408 E/LocSvc_libulp( 2941): I/int ulp_brain_process_zpp_position_report(loc_sess_status, LocPosTechMask, UlpLocation*), report ZPP position to providers,report_position = 1
05-04 10:09:08.408 E/IzatSvc_PassiveLocListener( 2941): E/Exiting with error virtual void izat_manager::IzatPassiveLocationListener::onLocationChanged(const izat_manager::IzatLocation*, izat_manager::IzatLocationStatus) line 113 "1"
05-04 10:09:08.671 E/ThermalEngine(  504): Unable to read max frequency from online cpu.
05-04 10:09:08.671 E/ThermalEngine(  504): Failed to set desired CPU[3] frequency limit to 2457600
05-04 10:09:15.922 E/ThermalEngine(  504): Unable to read max frequency from online cpu.
05-04 10:09:15.922 E/ThermalEngine(  504): Failed to set desired CPU[3] frequency limit to 2457600
05-04 10:09:18.521 E/ThermalEngine(  504): Unable to read max frequency from online cpu.
05-04 10:09:18.521 E/ThermalEngine(  504): Failed to set desired CPU[3] frequency limit to 2457600
05-04 10:09:18.567 E/ThermalEngine(  504): Unable to read max frequency from online cpu.
05-04 10:09:18.568 E/ThermalEngine(  504): Failed to set desired CPU[2] frequency limit to 2457600
05-04 10:09:19.538 E/ThermalEngine(  504): Unable to read max frequency from online cpu.
05-04 10:09:19.538 E/ThermalEngine(  504): Failed to set desired CPU[2] frequency limit to 2457600
05-04 10:09:19.745 E/ThermalEngine(  504): Unable to read max frequency from online cpu.
05-04 10:09:19.745 E/ThermalEngine(  504): Failed to set desired CPU[1] frequency limit to 2457600
05-04 10:09:20.419 E/ThermalEngine(  504): Unable to read max frequency from online cpu.
05-04 10:09:20.420 E/ThermalEngine(  504): Failed to set desired CPU[1] frequency limit to 2457600
05-04 10:09:21.097 E/ThermalEngine(  504): Unable to read max frequency from online cpu.
05-04 10:09:21.097 E/ThermalEngine(  504): Failed to set desired CPU[2] frequency limit to 2457600
05-04 10:09:21.099 E/ThermalEngine(  504): Unable to read max frequency from online cpu.
05-04 10:09:21.099 E/ThermalEngine(  504): Failed to set desired CPU[1] frequency limit to 2457600
05-04 10:09:25.986 E/ThermalEngine(  504): Unable to read max frequency from online cpu.
05-04 10:09:25.986 E/ThermalEngine(  504): Failed to set desired CPU[2] frequency limit to 2457600
05-04 10:09:26.700 E/ThermalEngine(  504): Unable to read max frequency from online cpu.
05-04 10:09:26.700 E/ThermalEngine(  504): Failed to set desired CPU[2] frequency limit to 2457600
05-04 10:09:27.108 E/ThermalEngine(  504): Unable to read max frequency from online cpu.
05-04 10:09:27.108 E/ThermalEngine(  504): Failed to set desired CPU[2] frequency limit to 2457600
05-04 10:09:27.770 E/ThermalEngine(  504): Unable to read max frequency from online cpu.
05-04 10:09:27.770 E/ThermalEngine(  504): Failed to set desired CPU[2] frequency limit to 2457600
05-04 10:09:30.037 E/ThermalEngine(  504): Unable to read max frequency from online cpu.
05-04 10:09:30.037 E/ThermalEngine(  504): Failed to set desired CPU[2] frequency limit to 2457600
05-04 10:09:30.041 E/ActivityManager( 2941): Invalid thumbnail dimensions: 0x0
05-04 10:09:30.041 E/ThermalEngine(  504): Unable to read max frequency from online cpu.
05-04 10:09:30.042 E/ThermalEngine(  504): Failed to set desired CPU[1] frequency limit to 2457600
05-04 10:09:30.109 E/NativeLibraryHelper( 7227): Failed to load assets verifier: 0
05-04 10:09:30.123 E/NativeLibraryHelper( 2941): Failed to load assets verifier: 0
05-04 10:09:30.144 E/NativeLibraryHelper( 2941): Failed to load assets verifier: 0
05-04 10:09:31.511 E/ThermalEngine(  504): Unable to read max frequency from online cpu.
05-04 10:09:31.511 E/ThermalEngine(  504): Failed to set desired CPU[2] frequency limit to 2457600
05-04 10:09:32.521 E/ThermalEngine(  504): Unable to read max frequency from online cpu.
05-04 10:09:32.522 E/ThermalEngine(  504): Failed to set desired CPU[2] frequency limit to 2457600
05-04 10:09:33.637 E/ThermalEngine(  504): Unable to read max frequency from online cpu.
05-04 10:09:33.637 E/ThermalEngine(  504): Failed to set desired CPU[2] frequency limit to 2457600
