05-04 09:40:22.666 E/ThermalEngine(  504): Unable to read max frequency from online cpu.
05-04 09:40:22.667 E/ThermalEngine(  504): Failed to set desired CPU[3] frequency limit to 2457600
05-04 09:40:30.315 E/ThermalEngine(  504): Unable to read max frequency from online cpu.
05-04 09:40:30.315 E/ThermalEngine(  504): Failed to set desired CPU[3] frequency limit to 2457600
05-04 09:40:30.323 E/ThermalEngine(  504): Unable to read max frequency from online cpu.
05-04 09:40:30.323 E/ThermalEngine(  504): Failed to set desired CPU[2] frequency limit to 2457600
05-04 09:40:33.364 E/ThermalEngine(  504): Unable to read max frequency from online cpu.
05-04 09:40:33.364 E/ThermalEngine(  504): Failed to set desired CPU[3] frequency limit to 2457600
05-04 09:40:33.371 E/ThermalEngine(  504): Unable to read max frequency from online cpu.
05-04 09:40:33.371 E/ThermalEngine(  504): Failed to set desired CPU[2] frequency limit to 2457600
05-04 09:40:33.373 E/ThermalEngine(  504): Unable to read max frequency from online cpu.
05-04 09:40:33.373 E/ThermalEngine(  504): Failed to set desired CPU[1] frequency limit to 2457600
05-04 09:40:42.815 E/ThermalEngine(  504): Unable to read max frequency from online cpu.
05-04 09:40:42.815 E/ThermalEngine(  504): Failed to set desired CPU[3] frequency limit to 2457600
05-04 09:40:46.578 E/ThermalEngine(  504): Unable to read max frequency from online cpu.
05-04 09:40:46.578 E/ThermalEngine(  504): Failed to set desired CPU[2] frequency limit to 2457600
05-04 09:40:46.588 E/ThermalEngine(  504): Unable to read max frequency from online cpu.
05-04 09:40:46.588 E/ThermalEngine(  504): Failed to set desired CPU[1] frequency limit to 2457600
05-04 09:40:52.967 E/ThermalEngine(  504): Unable to read max frequency from online cpu.
05-04 09:40:52.968 E/ThermalEngine(  504): Failed to set desired CPU[3] frequency limit to 2457600
05-04 09:41:03.165 E/ThermalEngine(  504): Unable to read max frequency from online cpu.
05-04 09:41:03.165 E/ThermalEngine(  504): Failed to set desired CPU[3] frequency limit to 2457600
05-04 09:41:11.415 E/ThermalEngine(  504): Unable to read max frequency from online cpu.
05-04 09:41:11.415 E/ThermalEngine(  504): Failed to set desired CPU[3] frequency limit to 2457600
05-04 09:41:11.463 E/ThermalEngine(  504): Unable to read max frequency from online cpu.
05-04 09:41:11.463 E/ThermalEngine(  504): Failed to set desired CPU[2] frequency limit to 2457600
05-04 09:41:11.794 E/LocSvc_libulp( 2941): I/int ulp_msg_process_system_update(UlpSystemEvent): systemEvent:5 
05-04 09:41:11.795 E/LocSvc_libulp( 2941): I/int ulp_msg_process_start_req(), at ulp state = 1
05-04 09:41:11.795 E/LocSvc_api_v02( 2941): I/---> locClientSendReq line 2020 QMI_LOC_GET_BEST_AVAILABLE_POSITION_REQ_V02
05-04 09:41:11.800 E/LocSvc_ApiV02( 2941): I/<--- void globalRespCb(locClientHandleType, uint32_t, locClientRespIndUnionType, void*) line 115 QMI_LOC_GET_BEST_AVAILABLE_POSITION_REQ_V02
05-04 09:41:11.800 E/IzatSvc_PassiveLocListener( 2941): E/Exiting with error virtual void izat_manager::IzatPassiveLocationListener::onLocationChanged(const izat_manager::IzatLocation*, izat_manager::IzatLocationStatus) line 113 "1"
05-04 09:41:11.800 E/LocSvc_libulp( 2941): I/int ulp_brain_process_zpp_position_report(loc_sess_status, LocPosTechMask, UlpLocation*), report ZPP position to providers,report_position = 1
05-04 09:41:12.169 E/ThermalEngine(  504): Unable to read max frequency from online cpu.
05-04 09:41:12.170 E/ThermalEngine(  504): Failed to set desired CPU[1] frequency limit to 2457600
05-04 09:41:13.642 E/ThermalEngine(  504): Unable to read max frequency from online cpu.
05-04 09:41:13.642 E/ThermalEngine(  504): Failed to set desired CPU[1] frequency limit to 2457600
05-04 09:41:15.866 E/ThermalEngine(  504): Unable to read max frequency from online cpu.
05-04 09:41:15.867 E/ThermalEngine(  504): Failed to set desired CPU[2] frequency limit to 2457600
05-04 09:41:18.396 E/ThermalEngine(  504): Unable to read max frequency from online cpu.
05-04 09:41:18.396 E/ThermalEngine(  504): Failed to set desired CPU[2] frequency limit to 2457600
05-04 09:41:18.402 E/ThermalEngine(  504): Unable to read max frequency from online cpu.
05-04 09:41:18.402 E/ThermalEngine(  504): Failed to set desired CPU[1] frequency limit to 2457600
05-04 09:41:20.794 E/ActivityManager( 2941): Invalid thumbnail dimensions: 0x0
05-04 09:41:20.819 E/ThermalEngine(  504): Unable to read max frequency from online cpu.
05-04 09:41:20.819 E/ThermalEngine(  504): Failed to set desired CPU[1] frequency limit to 2457600
05-04 09:41:20.864 E/NativeLibraryHelper( 7227): Failed to load assets verifier: 0
05-04 09:41:20.874 E/NativeLibraryHelper( 2941): Failed to load assets verifier: 0
05-04 09:41:20.906 E/NativeLibraryHelper( 2941): Failed to load assets verifier: 0
05-04 09:41:22.286 E/ThermalEngine(  504): Unable to read max frequency from online cpu.
05-04 09:41:22.286 E/ThermalEngine(  504): Failed to set desired CPU[2] frequency limit to 2457600
05-04 09:41:23.150 E/ThermalEngine(  504): Unable to read max frequency from online cpu.
05-04 09:41:23.150 E/ThermalEngine(  504): Failed to set desired CPU[2] frequency limit to 2457600
05-04 09:41:23.155 E/ThermalEngine(  504): Unable to read max frequency from online cpu.
05-04 09:41:23.156 E/ThermalEngine(  504): Failed to set desired CPU[1] frequency limit to 2457600
05-04 09:41:24.226 E/ThermalEngine(  504): Failed to set desired CPU[1] frequency limit to 1728000
05-04 09:41:24.226 E/ThermalEngine(  504): Failed to set desired CPU[2] frequency limit to 1728000
05-04 09:41:24.226 E/ThermalEngine(  504): Failed to set desired CPU[3] frequency limit to 1728000
05-04 09:41:25.056 E/ThermalEngine(  504): Failed to set desired CPU[2] frequency limit to 2457600
05-04 09:41:25.056 E/ThermalEngine(  504): Failed to set desired CPU[3] frequency limit to 2457600
05-04 09:41:25.534 E/ActivityManager( 2941): Invalid thumbnail dimensions: 0x0
05-04 09:41:25.576 E/ThermalEngine(  504): Unable to read max frequency from online cpu.
05-04 09:41:25.576 E/ThermalEngine(  504): Failed to set desired CPU[1] frequency limit to 2457600
05-04 09:41:25.607 E/NativeLibraryHelper( 7227): Failed to load assets verifier: 0
05-04 09:41:25.617 E/NativeLibraryHelper( 2941): Failed to load assets verifier: 0
05-04 09:41:25.634 E/NativeLibraryHelper( 2941): Failed to load assets verifier: 0
05-04 09:41:26.594 E/ThermalEngine(  504): Unable to read max frequency from online cpu.
05-04 09:41:26.594 E/ThermalEngine(  504): Failed to set desired CPU[2] frequency limit to 2457600
05-04 09:41:26.723 E/ActivityManager( 2941): Invalid thumbnail dimensions: 0x0
05-04 09:41:26.798 E/ThermalEngine(  504): Unable to read max frequency from online cpu.
05-04 09:41:26.798 E/ThermalEngine(  504): Failed to set desired CPU[1] frequency limit to 2457600
05-04 09:41:26.807 E/NativeLibraryHelper( 7227): Failed to load assets verifier: 0
05-04 09:41:26.818 E/NativeLibraryHelper( 2941): Failed to load assets verifier: 0
05-04 09:41:26.847 E/NativeLibraryHelper( 2941): Failed to load assets verifier: 0
05-04 09:41:27.664 E/ThermalEngine(  504): Unable to read max frequency from online cpu.
05-04 09:41:27.664 E/ThermalEngine(  504): Failed to set desired CPU[2] frequency limit to 2457600
05-04 09:41:28.269 E/ThermalEngine(  504): Unable to read max frequency from online cpu.
05-04 09:41:28.269 E/ThermalEngine(  504): Failed to set desired CPU[1] frequency limit to 2457600
05-04 09:41:28.839 E/ThermalEngine(  504): Unable to read max frequency from online cpu.
05-04 09:41:28.839 E/ThermalEngine(  504): Failed to set desired CPU[2] frequency limit to 2457600
05-04 09:41:28.943 E/ThermalEngine(  504): Unable to read max frequency from online cpu.
05-04 09:41:28.944 E/ThermalEngine(  504): Failed to set desired CPU[1] frequency limit to 2457600
05-04 09:41:29.353 E/ThermalEngine(  504): Failed to set desired CPU[1] frequency limit to 1728000
05-04 09:41:29.353 E/ThermalEngine(  504): Failed to set desired CPU[2] frequency limit to 1728000
05-04 09:41:29.353 E/ThermalEngine(  504): Failed to set desired CPU[3] frequency limit to 1728000
05-04 09:41:29.641 E/ThermalEngine(  504): Unable to read max frequency from online cpu.
05-04 09:41:29.641 E/ThermalEngine(  504): Failed to set desired CPU[1] frequency limit to 1728000
05-04 09:41:30.349 E/LocSvc_flp( 2941): I/===> int flp_inject_location(FlpLocation*) line 253 
05-04 09:41:30.349 E/        ( 2941): I/===> int FlpLocationClient::flp_inject_location(FlpExtLocation*) line 265 
05-04 09:41:30.352 E/LocSvc_api_v02( 2941): I/---> locClientSendReq line 2020 QMI_LOC_INJECT_POSITION_REQ_V02
05-04 09:41:30.352 E/LocSvc_libulp( 2941): I/int ulp_brain_process_gnp_position_report(UlpLocation*), first_fix_pending 1, request active = 0,gnss running 0, gnss state 0 quipc running 0 quipc state 0
05-04 09:41:30.352 E/LocSvc_libulp( 2941): I/int ulp_brain_process_gnp_position_report(UlpLocation*), report GNP position to hybrid fix requests = 0
05-04 09:41:30.352 E/LocSvc_libulp( 2941): I/int ulp_brain_transition_all_providers(), before transition, 
05-04 09:41:30.352 E/LocSvc_libulp( 2941):  GNSS provider state = 0,  GNSS selected to run = 0,  GNSS onoff_cnt = 5, GNSS high speed flag = 0 
05-04 09:41:30.352 E/LocSvc_libulp( 2941):  QUIPC provider state = 0, QUIPC selected to run = 0, QUIPC onoff_cnt = 5, 
05-04 09:41:30.352 E/LocSvc_libulp( 2941):  GNP provider state = 0,   GNP selected to run = 0,   GNP onoff_cnt = 1, 
05-04 09:41:30.352 E/LocSvc_libulp( 2941): E/int ulp_brain_transition_all_providers(), no QUIPC/GNSS transition logic run due to both engines are OFF 
05-04 09:41:30.352 E/LocSvc_libulp( 2941): I/int ulp_brain_transition_all_providers(), after transition, 
05-04 09:41:30.352 E/LocSvc_libulp( 2941):  GNSS provider state = 0,  GNSS selected to run = 0,  GNSS onoff_cnt = 5, GNSS high speed flag = 0 
05-04 09:41:30.352 E/LocSvc_libulp( 2941):  QUIPC provider state = 0, QUIPC selected to run = 0, QUIPC onoff_cnt = 5, 
05-04 09:41:30.352 E/LocSvc_libulp( 2941):  GNP provider state = 0,   GNP selected to run = 0,   GNP onoff_cnt = 1 
05-04 09:41:30.353 E/LocSvc_eng( 2941): I/===> int loc_eng_inject_location(loc_eng_data_s_type&, double, double, float) line 2123 
05-04 09:41:30.355 E/LocSvc_ApiV02( 2941): I/<--- void globalRespCb(locClientHandleType, uint32_t, locClientRespIndUnionType, void*) line 115 QMI_LOC_INJECT_POSITION_REQ_V02
05-04 09:41:31.824 E/ThermalEngine(  504): Unable to read max frequency from online cpu.
05-04 09:41:31.824 E/ThermalEngine(  504): Failed to set desired CPU[1] frequency limit to 1728000
05-04 09:41:32.534 E/ThermalEngine(  504): Unable to read max frequency from online cpu.
05-04 09:41:32.535 E/ThermalEngine(  504): Failed to set desired CPU[1] frequency limit to 1728000
05-04 09:41:33.139 E/ThermalEngine(  504): Failed to set desired CPU[2] frequency limit to 2457600
05-04 09:41:33.139 E/ThermalEngine(  504): Failed to set desired CPU[3] frequency limit to 2457600
05-04 09:41:33.906 E/ThermalEngine(  504): Unable to read max frequency from online cpu.
05-04 09:41:33.906 E/ThermalEngine(  504): Failed to set desired CPU[2] frequency limit to 2457600
05-04 09:41:33.912 E/ThermalEngine(  504): Unable to read max frequency from online cpu.
05-04 09:41:33.912 E/ThermalEngine(  504): Failed to set desired CPU[1] frequency limit to 2457600
05-04 09:41:35.255 E/ThermalEngine(  504): Failed to set desired CPU[1] frequency limit to 1728000
05-04 09:41:35.256 E/ThermalEngine(  504): Failed to set desired CPU[2] frequency limit to 1728000
05-04 09:41:35.256 E/ThermalEngine(  504): Failed to set desired CPU[3] frequency limit to 1728000
05-04 09:41:37.823 E/ThermalEngine(  504): Failed to set desired CPU[2] frequency limit to 2457600
05-04 09:41:37.823 E/ThermalEngine(  504): Failed to set desired CPU[3] frequency limit to 2457600
05-04 09:41:39.722 E/ThermalEngine(  504): Unable to read max frequency from online cpu.
05-04 09:41:39.722 E/ThermalEngine(  504): Failed to set desired CPU[2] frequency limit to 2457600
05-04 09:41:40.328 E/ThermalEngine(  504): Unable to read max frequency from online cpu.
05-04 09:41:40.329 E/ThermalEngine(  504): Failed to set desired CPU[1] frequency limit to 2457600
05-04 09:41:44.716 E/ThermalEngine(  504): Unable to read max frequency from online cpu.
05-04 09:41:44.716 E/ThermalEngine(  504): Failed to set desired CPU[2] frequency limit to 2457600
05-04 09:41:55.768 E/ThermalEngine(  504): Unable to read max frequency from online cpu.
05-04 09:41:55.768 E/ThermalEngine(  504): Failed to set desired CPU[2] frequency limit to 2457600
05-04 09:41:58.208 E/DatabaseUtils( 2941): Writing exception to parcel
05-04 09:41:58.208 E/DatabaseUtils( 2941): java.lang.SecurityException: com.sogou.activity.src was not granted  this permission: android.permission.WRITE_SETTINGS.
05-04 09:41:58.208 E/DatabaseUtils( 2941): 	at android.provider.Settings.isCallingPackageAllowedToPerformAppOpsProtectedOperation(Settings.java:8507)
05-04 09:41:58.208 E/DatabaseUtils( 2941): 	at android.provider.Settings.checkAndNoteWriteSettingsOperation(Settings.java:8389)
05-04 09:41:58.208 E/DatabaseUtils( 2941): 	at com.android.providers.settings.SettingsProvider.mutateSystemSetting(SettingsProvider.java:915)
05-04 09:41:58.208 E/DatabaseUtils( 2941): 	at com.android.providers.settings.SettingsProvider.insertSystemSetting(SettingsProvider.java:890)
05-04 09:41:58.208 E/DatabaseUtils( 2941): 	at com.android.providers.settings.SettingsProvider.call(SettingsProvider.java:263)
05-04 09:41:58.208 E/DatabaseUtils( 2941): 	at android.content.ContentProvider$Transport.call(ContentProvider.java:398)
05-04 09:41:58.208 E/DatabaseUtils( 2941): 	at android.content.ContentProviderNative.onTransact(ContentProviderNative.java:283)
05-04 09:41:58.208 E/DatabaseUtils( 2941): 	at android.os.Binder.execTransact(Binder.java:453)
05-04 09:41:58.212 E/DatabaseUtils( 2941): Writing exception to parcel
05-04 09:41:58.212 E/DatabaseUtils( 2941): java.lang.SecurityException: com.sogou.activity.src was not granted  this permission: android.permission.WRITE_SETTINGS.
05-04 09:41:58.212 E/DatabaseUtils( 2941): 	at android.provider.Settings.isCallingPackageAllowedToPerformAppOpsProtectedOperation(Settings.java:8507)
05-04 09:41:58.212 E/DatabaseUtils( 2941): 	at android.provider.Settings.checkAndNoteWriteSettingsOperation(Settings.java:8389)
05-04 09:41:58.212 E/DatabaseUtils( 2941): 	at com.android.providers.settings.SettingsProvider.mutateSystemSetting(SettingsProvider.java:915)
05-04 09:41:58.212 E/DatabaseUtils( 2941): 	at com.android.providers.settings.SettingsProvider.insertSystemSetting(SettingsProvider.java:890)
05-04 09:41:58.212 E/DatabaseUtils( 2941): 	at com.android.providers.settings.SettingsProvider.call(SettingsProvider.java:263)
05-04 09:41:58.212 E/DatabaseUtils( 2941): 	at android.content.ContentProvider$Transport.call(ContentProvider.java:398)
05-04 09:41:58.212 E/DatabaseUtils( 2941): 	at android.content.ContentProviderNative.onTransact(ContentProviderNative.java:283)
05-04 09:41:58.212 E/DatabaseUtils( 2941): 	at android.os.Binder.execTransact(Binder.java:453)
05-04 09:41:58.283 E/ThermalEngine(  504): Unable to read max frequency from online cpu.
05-04 09:41:58.283 E/ThermalEngine(  504): Failed to set desired CPU[2] frequency limit to 2457600
05-04 09:41:58.290 E/ThermalEngine(  504): Unable to read max frequency from online cpu.
05-04 09:41:58.291 E/ThermalEngine(  504): Failed to set desired CPU[1] frequency limit to 2457600
05-04 09:41:58.891 E/LocationEngine( 6103): server resp err
05-04 09:41:59.077 E/LocSvc_flp( 2941): I/===> int flp_inject_location(FlpLocation*) line 253 
05-04 09:41:59.077 E/        ( 2941): I/===> int FlpLocationClient::flp_inject_location(FlpExtLocation*) line 265 
05-04 09:41:59.079 E/LocSvc_api_v02( 2941): I/---> locClientSendReq line 2020 QMI_LOC_INJECT_POSITION_REQ_V02
05-04 09:41:59.079 E/LocSvc_libulp( 2941): I/int ulp_brain_process_gnp_position_report(UlpLocation*), first_fix_pending 1, request active = 0,gnss running 0, gnss state 0 quipc running 0 quipc state 0
05-04 09:41:59.079 E/LocSvc_libulp( 2941): I/int ulp_brain_process_gnp_position_report(UlpLocation*), report GNP position to hybrid fix requests = 0
05-04 09:41:59.079 E/LocSvc_libulp( 2941): I/int ulp_brain_transition_all_providers(), before transition, 
05-04 09:41:59.079 E/LocSvc_libulp( 2941):  GNSS provider state = 0,  GNSS selected to run = 0,  GNSS onoff_cnt = 5, GNSS high speed flag = 0 
05-04 09:41:59.079 E/LocSvc_libulp( 2941):  QUIPC provider state = 0, QUIPC selected to run = 0, QUIPC onoff_cnt = 5, 
05-04 09:41:59.079 E/LocSvc_libulp( 2941):  GNP provider state = 0,   GNP selected to run = 0,   GNP onoff_cnt = 1, 
05-04 09:41:59.079 E/LocSvc_eng( 2941): I/===> int loc_eng_inject_location(loc_eng_data_s_type&, double, double, float) line 2123 
05-04 09:41:59.079 E/LocSvc_libulp( 2941): E/int ulp_brain_transition_all_providers(), no QUIPC/GNSS transition logic run due to both engines are OFF 
05-04 09:41:59.079 E/LocSvc_libulp( 2941): I/int ulp_brain_transition_all_providers(), after transition, 
05-04 09:41:59.079 E/LocSvc_libulp( 2941):  GNSS provider state = 0,  GNSS selected to run = 0,  GNSS onoff_cnt = 5, GNSS high speed flag = 0 
05-04 09:41:59.079 E/LocSvc_libulp( 2941):  QUIPC provider state = 0, QUIPC selected to run = 0, QUIPC onoff_cnt = 5, 
05-04 09:41:59.079 E/LocSvc_libulp( 2941):  GNP provider state = 0,   GNP selected to run = 0,   GNP onoff_cnt = 1 
05-04 09:41:59.082 E/LocSvc_ApiV02( 2941): I/<--- void globalRespCb(locClientHandleType, uint32_t, locClientRespIndUnionType, void*) line 115 QMI_LOC_INJECT_POSITION_REQ_V02
05-04 09:41:59.229 E/LocSvc_flp( 2941): I/===> int flp_inject_location(FlpLocation*) line 253 
05-04 09:41:59.229 E/        ( 2941): I/===> int FlpLocationClient::flp_inject_location(FlpExtLocation*) line 265 
05-04 09:41:59.232 E/LocSvc_api_v02( 2941): I/---> locClientSendReq line 2020 QMI_LOC_INJECT_POSITION_REQ_V02
05-04 09:41:59.232 E/LocSvc_libulp( 2941): I/int ulp_brain_process_gnp_position_report(UlpLocation*), first_fix_pending 1, request active = 0,gnss running 0, gnss state 0 quipc running 0 quipc state 0
05-04 09:41:59.232 E/LocSvc_libulp( 2941): I/int ulp_brain_process_gnp_position_report(UlpLocation*), report GNP position to hybrid fix requests = 0
05-04 09:41:59.232 E/LocSvc_eng( 2941): I/===> int loc_eng_inject_location(loc_eng_data_s_type&, double, double, float) line 2123 
05-04 09:41:59.232 E/LocSvc_libulp( 2941): I/int ulp_brain_transition_all_providers(), before transition, 
05-04 09:41:59.232 E/LocSvc_libulp( 2941):  GNSS provider state = 0,  GNSS selected to run = 0,  GNSS onoff_cnt = 5, GNSS high speed flag = 0 
05-04 09:41:59.232 E/LocSvc_libulp( 2941):  QUIPC provider state = 0, QUIPC selected to run = 0, QUIPC onoff_cnt = 5, 
05-04 09:41:59.232 E/LocSvc_libulp( 2941):  GNP provider state = 0,   GNP selected to run = 0,   GNP onoff_cnt = 1, 
05-04 09:41:59.232 E/LocSvc_libulp( 2941): E/int ulp_brain_transition_all_providers(), no QUIPC/GNSS transition logic run due to both engines are OFF 
05-04 09:41:59.232 E/LocSvc_libulp( 2941): I/int ulp_brain_transition_all_providers(), after transition, 
05-04 09:41:59.232 E/LocSvc_libulp( 2941):  GNSS provider state = 0,  GNSS selected to run = 0,  GNSS onoff_cnt = 5, GNSS high speed flag = 0 
05-04 09:41:59.232 E/LocSvc_libulp( 2941):  QUIPC provider state = 0, QUIPC selected to run = 0, QUIPC onoff_cnt = 5, 
05-04 09:41:59.232 E/LocSvc_libulp( 2941):  GNP provider state = 0,   GNP selected to run = 0,   GNP onoff_cnt = 1 
05-04 09:41:59.235 E/LocSvc_ApiV02( 2941): I/<--- void globalRespCb(locClientHandleType, uint32_t, locClientRespIndUnionType, void*) line 115 QMI_LOC_INJECT_POSITION_REQ_V02
05-04 09:41:59.269 E/MiuiWeather(26690): connetct to null failed
05-04 09:41:59.269 E/MiuiWeather(26690): javax.net.ssl.SSLHandshakeException: Handshake failed
05-04 09:41:59.269 E/MiuiWeather(26690): 	at com.android.org.conscrypt.OpenSSLSocketImpl.startHandshake(OpenSSLSocketImpl.java:396)
05-04 09:41:59.269 E/MiuiWeather(26690): 	at com.android.okhttp.internal.http.SocketConnector.connectTls(SocketConnector.java:103)
05-04 09:41:59.269 E/MiuiWeather(26690): 	at com.android.okhttp.Connection.connect(Connection.java:143)
05-04 09:41:59.269 E/MiuiWeather(26690): 	at com.android.okhttp.Connection.connectAndSetOwner(Connection.java:185)
05-04 09:41:59.269 E/MiuiWeather(26690): 	at com.android.okhttp.OkHttpClient$1.connectAndSetOwner(OkHttpClient.java:128)
05-04 09:41:59.269 E/MiuiWeather(26690): 	at com.android.okhttp.internal.http.HttpEngine.nextConnection(HttpEngine.java:342)
05-04 09:41:59.269 E/MiuiWeather(26690): 	at com.android.okhttp.internal.http.HttpEngine.connect(HttpEngine.java:331)
05-04 09:41:59.269 E/MiuiWeather(26690): 	at com.android.okhttp.internal.http.HttpEngine.sendRequest(HttpEngine.java:249)
05-04 09:41:59.269 E/MiuiWeather(26690): 	at com.android.okhttp.internal.huc.HttpURLConnectionImpl.execute(HttpURLConnectionImpl.java:437)
05-04 09:41:59.269 E/MiuiWeather(26690): 	at com.android.okhttp.internal.huc.HttpURLConnectionImpl.getResponse(HttpURLConnectionImpl.java:388)
05-04 09:41:59.269 E/MiuiWeather(26690): 	at com.android.okhttp.internal.huc.HttpURLConnectionImpl.getResponseCode(HttpURLConnectionImpl.java:501)
05-04 09:41:59.269 E/MiuiWeather(26690): 	at com.android.okhttp.internal.huc.DelegatingHttpsURLConnection.getResponseCode(DelegatingHttpsURLConnection.java:105)
05-04 09:41:59.269 E/MiuiWeather(26690): 	at com.android.okhttp.internal.huc.HttpsURLConnectionImpl.getResponseCode(HttpsURLConnectionImpl.java:25)
05-04 09:41:59.269 E/MiuiWeather(26690): 	at com.miui.weather2.tools.ToolsNet.getText(ToolsNet.java:141)
05-04 09:41:59.269 E/MiuiWeather(26690): 	at com.miui.weather2.spider.Spider.getLocationJson(Spider.java:103)
05-04 09:41:59.269 E/MiuiWeather(26690): 	at com.miui.weather2.tools.LocationGetter.locateToGetJson(LocationGetter.java:83)
05-04 09:41:59.269 E/MiuiWeather(26690): 	at com.miui.weather2.tools.LocationGetter.locate(LocationGetter.java:144)
05-04 09:41:59.269 E/MiuiWeather(26690): 	at com.miui.weather2.service.LocationUpdater.run(LocationUpdater.java:24)
05-04 09:41:59.269 E/MiuiWeather(26690): 	at com.miui.weather2.service.ServiceJob.doMyJob(ServiceJob.java:43)
05-04 09:41:59.269 E/MiuiWeather(26690): 	at com.miui.weather2.service.UpdateService.onHandleIntent(UpdateService.java:23)
05-04 09:41:59.269 E/MiuiWeather(26690): 	at android.app.IntentService$ServiceHandler.handleMessage(IntentService.java:66)
05-04 09:41:59.269 E/MiuiWeather(26690): 	at android.os.Handler.dispatchMessage(Handler.java:102)
05-04 09:41:59.269 E/MiuiWeather(26690): 	at android.os.Looper.loop(Looper.java:154)
05-04 09:41:59.269 E/MiuiWeather(26690): 	at android.os.HandlerThread.run(HandlerThread.java:61)
05-04 09:41:59.269 E/MiuiWeather(26690): 	Suppressed: javax.net.ssl.SSLHandshakeException: Handshake failed
05-04 09:41:59.269 E/MiuiWeather(26690): 		... 24 more
05-04 09:41:59.269 E/MiuiWeather(26690): 		Suppressed: javax.net.ssl.SSLHandshakeException: SSL handshake aborted: ssl=0xaebeda00: I/O error during system call, Connection reset by peer
05-04 09:41:59.269 E/MiuiWeather(26690): 			at com.android.org.conscrypt.NativeCrypto.SSL_do_handshake(Native Method)
05-04 09:41:59.269 E/MiuiWeather(26690): 			at com.android.org.conscrypt.OpenSSLSocketImpl.startHandshake(OpenSSLSocketImpl.java:324)
05-04 09:41:59.269 E/MiuiWeather(26690): 			... 23 more
05-04 09:41:59.269 E/MiuiWeather(26690): 	Caused by: javax.net.ssl.SSLProtocolException: SSL handshake terminated: ssl=0xaebeda00: Failure in SSL library, usually a protocol error
05-04 09:41:59.269 E/MiuiWeather(26690): error:100c543e:SSL routines:ssl3_read_bytes:TLSV1_ALERT_INAPPROPRIATE_FALLBACK (external/boringssl/src/ssl/s3_pkt.c:972 0xaebd9660:0x00000001)
05-04 09:41:59.269 E/MiuiWeather(26690): 		at com.android.org.conscrypt.NativeCrypto.SSL_do_handshake(Native Method)
05-04 09:41:59.269 E/MiuiWeather(26690): 		at com.android.org.conscrypt.OpenSSLSocketImpl.startHandshake(OpenSSLSocketImpl.java:324)
05-04 09:41:59.269 E/MiuiWeather(26690): 		... 23 more
05-04 09:41:59.269 E/MiuiWeather(26690): Caused by: javax.net.ssl.SSLProtocolException: SSL handshake terminated: ssl=0xaebeda00: Failure in SSL library, usually a protocol error
05-04 09:41:59.269 E/MiuiWeather(26690): error:100c543e:SSL routines:ssl3_read_bytes:TLSV1_ALERT_INAPPROPRIATE_FALLBACK (external/boringssl/src/ssl/s3_pkt.c:972 0xaebd9660:0x00000001)
05-04 09:41:59.269 E/MiuiWeather(26690): 	at com.android.org.conscrypt.NativeCrypto.SSL_do_handshake(Native Method)
05-04 09:41:59.269 E/MiuiWeather(26690): 	at com.android.org.conscrypt.OpenSSLSocketImpl.startHandshake(OpenSSLSocketImpl.java:324)
05-04 09:41:59.269 E/MiuiWeather(26690): 	... 23 more
05-04 09:42:00.868 E/ThermalEngine(  504): Unable to read max frequency from online cpu.
05-04 09:42:00.868 E/ThermalEngine(  504): Failed to set desired CPU[2] frequency limit to 2457600
05-04 09:42:00.870 E/ThermalEngine(  504): Unable to read max frequency from online cpu.
05-04 09:42:00.871 E/ThermalEngine(  504): Failed to set desired CPU[1] frequency limit to 2457600
05-04 09:42:01.741 E/ThermalEngine(  504): Unable to read max frequency from online cpu.
05-04 09:42:01.741 E/ThermalEngine(  504): Failed to set desired CPU[2] frequency limit to 2457600
05-04 09:42:03.463 E/ThermalEngine(  504): Unable to read max frequency from online cpu.
05-04 09:42:03.463 E/ThermalEngine(  504): Failed to set desired CPU[2] frequency limit to 2457600
05-04 09:42:06.637 E/ThermalEngine(  504): Unable to read max frequency from online cpu.
05-04 09:42:06.637 E/ThermalEngine(  504): Failed to set desired CPU[2] frequency limit to 2457600
05-04 09:42:06.890 E/ThermalEngine(  504): Unable to read max frequency from online cpu.
05-04 09:42:06.890 E/ThermalEngine(  504): Failed to set desired CPU[1] frequency limit to 2457600
05-04 09:42:11.795 E/LocSvc_libulp( 2941): I/int ulp_msg_process_system_update(UlpSystemEvent): systemEvent:5 
05-04 09:42:11.795 E/LocSvc_libulp( 2941): I/int ulp_msg_process_start_req(), at ulp state = 1
05-04 09:42:11.795 E/LocSvc_api_v02( 2941): I/---> locClientSendReq line 2020 QMI_LOC_GET_BEST_AVAILABLE_POSITION_REQ_V02
05-04 09:42:11.800 E/LocSvc_ApiV02( 2941): I/<--- void globalRespCb(locClientHandleType, uint32_t, locClientRespIndUnionType, void*) line 115 QMI_LOC_GET_BEST_AVAILABLE_POSITION_REQ_V02
05-04 09:42:11.800 E/LocSvc_libulp( 2941): I/int ulp_brain_process_zpp_position_report(loc_sess_status, LocPosTechMask, UlpLocation*), report ZPP position to providers,report_position = 1
05-04 09:42:11.800 E/IzatSvc_PassiveLocListener( 2941): E/Exiting with error virtual void izat_manager::IzatPassiveLocationListener::onLocationChanged(const izat_manager::IzatLocation*, izat_manager::IzatLocationStatus) line 113 "1"
05-04 09:42:12.507 E/ActivityManager( 2941): Invalid thumbnail dimensions: 0x0
05-04 09:42:12.540 E/ThermalEngine(  504): Unable to read max frequency from online cpu.
05-04 09:42:12.540 E/ThermalEngine(  504): Failed to set desired CPU[2] frequency limit to 2457600
05-04 09:42:12.598 E/ThermalEngine(  504): Unable to read max frequency from online cpu.
05-04 09:42:12.599 E/ThermalEngine(  504): Failed to set desired CPU[1] frequency limit to 2457600
05-04 09:42:16.921 E/ThermalEngine(  504): Unable to read max frequency from online cpu.
05-04 09:42:16.921 E/ThermalEngine(  504): Failed to set desired CPU[2] frequency limit to 2457600
05-04 09:42:17.126 E/ThermalEngine(  504): Unable to read max frequency from online cpu.
05-04 09:42:17.127 E/ThermalEngine(  504): Failed to set desired CPU[1] frequency limit to 2457600
05-04 09:42:21.764 E/ThermalEngine(  504): Unable to read max frequency from online cpu.
05-04 09:42:21.764 E/ThermalEngine(  504): Failed to set desired CPU[2] frequency limit to 2457600
05-04 09:42:23.413 E/ThermalEngine(  504): Unable to read max frequency from online cpu.
05-04 09:42:23.413 E/ThermalEngine(  504): Failed to set desired CPU[2] frequency limit to 2457600
05-04 09:42:24.013 E/ThermalEngine(  504): Unable to read max frequency from online cpu.
05-04 09:42:24.013 E/ThermalEngine(  504): Failed to set desired CPU[2] frequency limit to 2457600
05-04 09:42:25.882 E/ThermalEngine(  504): Unable to read max frequency from online cpu.
05-04 09:42:25.882 E/ThermalEngine(  504): Failed to set desired CPU[1] frequency limit to 2457600
05-04 09:42:26.692 E/ThermalEngine(  504): Failed to set desired CPU[1] frequency limit to 1728000
05-04 09:42:26.692 E/ThermalEngine(  504): Failed to set desired CPU[2] frequency limit to 1728000
05-04 09:42:26.692 E/ThermalEngine(  504): Failed to set desired CPU[3] frequency limit to 1728000
05-04 09:42:27.465 E/art     (26876): No implementation found for java.lang.String com.tencent.feedback.eup.jni.NativeExceptionUpload.registNativeExceptionHandler2(java.lang.String, java.lang.String, int, int) (tried Java_com_tencent_feedback_eup_jni_NativeExceptionUpload_registNativeExceptionHandler2 and Java_com_tencent_feedback_eup_jni_NativeExceptionUpload_registNativeExceptionHandler2__Ljava_lang_String_2Ljava_lang_String_2II)
05-04 09:42:27.868 E/art     (26918): No implementation found for java.lang.String com.tencent.feedback.eup.jni.NativeExceptionUpload.registNativeExceptionHandler2(java.lang.String, java.lang.String, int, int) (tried Java_com_tencent_feedback_eup_jni_NativeExceptionUpload_registNativeExceptionHandler2 and Java_com_tencent_feedback_eup_jni_NativeExceptionUpload_registNativeExceptionHandler2__Ljava_lang_String_2Ljava_lang_String_2II)
05-04 09:42:28.902 E/art     (26876): No implementation found for int oicq.wlogin_sdk.tools.EcdhCrypt.GenECDHKey(java.lang.String) (tried Java_oicq_wlogin_1sdk_tools_EcdhCrypt_GenECDHKey and Java_oicq_wlogin_1sdk_tools_EcdhCrypt_GenECDHKey__Ljava_lang_String_2)
05-04 09:42:28.913 E/PhoneInterfaceManager( 6205): [PhoneIntfMgr] getIccId: ICC ID is null or empty.
05-04 09:42:28.928 E/PhoneInterfaceManager( 6205): [PhoneIntfMgr] getIccId: ICC ID is null or empty.
05-04 09:42:28.943 E/art     (26876): No implementation found for int oicq.wlogin_sdk.tools.EcdhCrypt.GenECDHKey(java.lang.String) (tried Java_oicq_wlogin_1sdk_tools_EcdhCrypt_GenECDHKey and Java_oicq_wlogin_1sdk_tools_EcdhCrypt_GenECDHKey__Ljava_lang_String_2)
05-04 09:42:30.158 E/ThermalEngine(  504): Failed to set desired CPU[1] frequency limit to 1497600
05-04 09:42:30.158 E/ThermalEngine(  504): Failed to set desired CPU[2] frequency limit to 1497600
05-04 09:42:30.158 E/ThermalEngine(  504): Failed to set desired CPU[3] frequency limit to 1497600
05-04 09:42:31.559 E/TX-SEC  (26876): LDRK:00000000
05-04 09:42:34.102 E/art     (27269): No implementation found for java.lang.String com.tencent.feedback.eup.jni.NativeExceptionUpload.registNativeExceptionHandler2(java.lang.String, java.lang.String, int, int) (tried Java_com_tencent_feedback_eup_jni_NativeExceptionUpload_registNativeExceptionHandler2 and Java_com_tencent_feedback_eup_jni_NativeExceptionUpload_registNativeExceptionHandler2__Ljava_lang_String_2Ljava_lang_String_2II)
05-04 09:42:35.614 E/ThermalEngine(  504): Failed to set desired CPU[1] frequency limit to 1190400
05-04 09:42:35.614 E/ThermalEngine(  504): Failed to set desired CPU[2] frequency limit to 1190400
05-04 09:42:35.614 E/ThermalEngine(  504): Failed to set desired CPU[3] frequency limit to 1190400
05-04 09:42:38.129 E/ActivityManager( 2941): Invalid thumbnail dimensions: 0x0
05-04 09:42:41.740 E/JavaBinder(26918): !!! FAILED BINDER TRANSACTION !!!  (parcel size = 228)
05-04 09:42:41.794 E/JavaBinder(26918): !!! FAILED BINDER TRANSACTION !!!  (parcel size = 124)
05-04 09:42:41.964 E/JavaBinder(26918): !!! FAILED BINDER TRANSACTION !!!  (parcel size = 228)
05-04 09:42:42.057 E/JavaBinder(26918): !!! FAILED BINDER TRANSACTION !!!  (parcel size = 124)
05-04 09:42:42.831 E/libEGL  (25061): call to OpenGL ES API with no current context (logged once per thread)
05-04 09:42:50.826 E/ThermalEngine(  504): Failed to set desired CPU[2] frequency limit to 1497600
05-04 09:42:50.826 E/ThermalEngine(  504): Failed to set desired CPU[3] frequency limit to 1497600
05-04 09:42:51.045 E/ThermalEngine(  504): Unable to read max frequency from online cpu.
05-04 09:42:51.045 E/ThermalEngine(  504): Failed to set desired CPU[1] frequency limit to 1497600
05-04 09:42:54.423 E/ThermalEngine(  504): Unable to read max frequency from online cpu.
05-04 09:42:54.423 E/ThermalEngine(  504): Failed to set desired CPU[2] frequency limit to 1497600
05-04 09:42:54.433 E/ThermalEngine(  504): Unable to read max frequency from online cpu.
05-04 09:42:54.433 E/ThermalEngine(  504): Failed to set desired CPU[1] frequency limit to 1497600
05-04 09:42:55.709 E/ThermalEngine(  504): Unable to read max frequency from online cpu.
05-04 09:42:55.709 E/ThermalEngine(  504): Failed to set desired CPU[2] frequency limit to 1497600
05-04 09:42:55.761 E/ThermalEngine(  504): Unable to read max frequency from online cpu.
05-04 09:42:55.761 E/ThermalEngine(  504): Failed to set desired CPU[1] frequency limit to 1497600
05-04 09:42:55.861 E/LocSvc_flp( 2941): I/===> int flp_inject_location(FlpLocation*) line 253 
05-04 09:42:55.861 E/        ( 2941): I/===> int FlpLocationClient::flp_inject_location(FlpExtLocation*) line 265 
05-04 09:42:55.869 E/LocSvc_eng( 2941): I/===> int loc_eng_inject_location(loc_eng_data_s_type&, double, double, float) line 2123 
05-04 09:42:55.870 E/LocSvc_libulp( 2941): I/int ulp_brain_process_gnp_position_report(UlpLocation*), first_fix_pending 1, request active = 0,gnss running 0, gnss state 0 quipc running 0 quipc state 0
05-04 09:42:55.870 E/LocSvc_api_v02( 2941): I/---> locClientSendReq line 2020 QMI_LOC_INJECT_POSITION_REQ_V02
05-04 09:42:55.870 E/LocSvc_libulp( 2941): I/int ulp_brain_process_gnp_position_report(UlpLocation*), report GNP position to hybrid fix requests = 0
05-04 09:42:55.870 E/LocSvc_libulp( 2941): I/int ulp_brain_transition_all_providers(), before transition, 
05-04 09:42:55.870 E/LocSvc_libulp( 2941):  GNSS provider state = 0,  GNSS selected to run = 0,  GNSS onoff_cnt = 5, GNSS high speed flag = 0 
05-04 09:42:55.870 E/LocSvc_libulp( 2941):  QUIPC provider state = 0, QUIPC selected to run = 0, QUIPC onoff_cnt = 5, 
05-04 09:42:55.870 E/LocSvc_libulp( 2941):  GNP provider state = 0,   GNP selected to run = 0,   GNP onoff_cnt = 1, 
05-04 09:42:55.870 E/LocSvc_libulp( 2941): E/int ulp_brain_transition_all_providers(), no QUIPC/GNSS transition logic run due to both engines are OFF 
05-04 09:42:55.870 E/LocSvc_libulp( 2941): I/int ulp_brain_transition_all_providers(), after transition, 
05-04 09:42:55.870 E/LocSvc_libulp( 2941):  GNSS provider state = 0,  GNSS selected to run = 0,  GNSS onoff_cnt = 5, GNSS high speed flag = 0 
05-04 09:42:55.870 E/LocSvc_libulp( 2941):  QUIPC provider state = 0, QUIPC selected to run = 0, QUIPC onoff_cnt = 5, 
05-04 09:42:55.870 E/LocSvc_libulp( 2941):  GNP provider state = 0,   GNP selected to run = 0,   GNP onoff_cnt = 1 
05-04 09:42:55.872 E/LocSvc_ApiV02( 2941): I/<--- void globalRespCb(locClientHandleType, uint32_t, locClientRespIndUnionType, void*) line 115 QMI_LOC_INJECT_POSITION_REQ_V02
05-04 09:42:56.048 E/LocSvc_flp( 2941): I/===> int flp_inject_location(FlpLocation*) line 253 
05-04 09:42:56.048 E/        ( 2941): I/===> int FlpLocationClient::flp_inject_location(FlpExtLocation*) line 265 
05-04 09:42:56.050 E/LocSvc_api_v02( 2941): I/---> locClientSendReq line 2020 QMI_LOC_INJECT_POSITION_REQ_V02
05-04 09:42:56.050 E/LocSvc_libulp( 2941): I/int ulp_brain_process_gnp_position_report(UlpLocation*), first_fix_pending 1, request active = 0,gnss running 0, gnss state 0 quipc running 0 quipc state 0
05-04 09:42:56.050 E/LocSvc_libulp( 2941): I/int ulp_brain_process_gnp_position_report(UlpLocation*), report GNP position to hybrid fix requests = 0
05-04 09:42:56.050 E/LocSvc_libulp( 2941): I/int ulp_brain_transition_all_providers(), before transition, 
05-04 09:42:56.050 E/LocSvc_libulp( 2941):  GNSS provider state = 0,  GNSS selected to run = 0,  GNSS onoff_cnt = 5, GNSS high speed flag = 0 
05-04 09:42:56.050 E/LocSvc_libulp( 2941):  QUIPC provider state = 0, QUIPC selected to run = 0, QUIPC onoff_cnt = 5, 
05-04 09:42:56.050 E/LocSvc_libulp( 2941):  GNP provider state = 0,   GNP selected to run = 0,   GNP onoff_cnt = 1, 
05-04 09:42:56.050 E/LocSvc_libulp( 2941): E/int ulp_brain_transition_all_providers(), no QUIPC/GNSS transition logic run due to both engines are OFF 
05-04 09:42:56.050 E/LocSvc_libulp( 2941): I/int ulp_brain_transition_all_providers(), after transition, 
05-04 09:42:56.050 E/LocSvc_libulp( 2941):  GNSS provider state = 0,  GNSS selected to run = 0,  GNSS onoff_cnt = 5, GNSS high speed flag = 0 
05-04 09:42:56.050 E/LocSvc_libulp( 2941):  QUIPC provider state = 0, QUIPC selected to run = 0, QUIPC onoff_cnt = 5, 
05-04 09:42:56.050 E/LocSvc_libulp( 2941):  GNP provider state = 0,   GNP selected to run = 0,   GNP onoff_cnt = 1 
05-04 09:42:56.050 E/LocSvc_eng( 2941): I/===> int loc_eng_inject_location(loc_eng_data_s_type&, double, double, float) line 2123 
05-04 09:42:56.052 E/LocSvc_ApiV02( 2941): I/<--- void globalRespCb(locClientHandleType, uint32_t, locClientRespIndUnionType, void*) line 115 QMI_LOC_INJECT_POSITION_REQ_V02
05-04 09:42:56.538 E/ThermalEngine(  504): Failed to set desired CPU[2] frequency limit to 1728000
05-04 09:42:56.538 E/ThermalEngine(  504): Failed to set desired CPU[3] frequency limit to 1728000
05-04 09:42:57.944 E/ThermalEngine(  504): Unable to read max frequency from online cpu.
05-04 09:42:57.945 E/ThermalEngine(  504): Failed to set desired CPU[2] frequency limit to 1728000
05-04 09:42:57.949 E/ThermalEngine(  504): Unable to read max frequency from online cpu.
05-04 09:42:57.949 E/ThermalEngine(  504): Failed to set desired CPU[1] frequency limit to 1728000
05-04 09:42:58.090 E/LocSvc_flp( 2941): I/===> int flp_inject_location(FlpLocation*) line 253 
05-04 09:42:58.090 E/        ( 2941): I/===> int FlpLocationClient::flp_inject_location(FlpExtLocation*) line 265 
05-04 09:42:58.091 E/LocSvc_eng( 2941): I/===> int loc_eng_inject_location(loc_eng_data_s_type&, double, double, float) line 2123 
05-04 09:42:58.091 E/LocSvc_api_v02( 2941): I/---> locClientSendReq line 2020 QMI_LOC_INJECT_POSITION_REQ_V02
05-04 09:42:58.092 E/LocSvc_libulp( 2941): I/int ulp_brain_process_gnp_position_report(UlpLocation*), first_fix_pending 1, request active = 0,gnss running 0, gnss state 0 quipc running 0 quipc state 0
05-04 09:42:58.092 E/LocSvc_libulp( 2941): I/int ulp_brain_process_gnp_position_report(UlpLocation*), report GNP position to hybrid fix requests = 0
05-04 09:42:58.092 E/LocSvc_libulp( 2941): I/int ulp_brain_transition_all_providers(), before transition, 
05-04 09:42:58.092 E/LocSvc_libulp( 2941):  GNSS provider state = 0,  GNSS selected to run = 0,  GNSS onoff_cnt = 5, GNSS high speed flag = 0 
05-04 09:42:58.092 E/LocSvc_libulp( 2941):  QUIPC provider state = 0, QUIPC selected to run = 0, QUIPC onoff_cnt = 5, 
05-04 09:42:58.092 E/LocSvc_libulp( 2941):  GNP provider state = 0,   GNP selected to run = 0,   GNP onoff_cnt = 1, 
05-04 09:42:58.092 E/LocSvc_libulp( 2941): E/int ulp_brain_transition_all_providers(), no QUIPC/GNSS transition logic run due to both engines are OFF 
05-04 09:42:58.092 E/LocSvc_libulp( 2941): I/int ulp_brain_transition_all_providers(), after transition, 
05-04 09:42:58.092 E/LocSvc_libulp( 2941):  GNSS provider state = 0,  GNSS selected to run = 0,  GNSS onoff_cnt = 5, GNSS high speed flag = 0 
05-04 09:42:58.092 E/LocSvc_libulp( 2941):  QUIPC provider state = 0, QUIPC selected to run = 0, QUIPC onoff_cnt = 5, 
05-04 09:42:58.092 E/LocSvc_libulp( 2941):  GNP provider state = 0,   GNP selected to run = 0,   GNP onoff_cnt = 1 
05-04 09:42:58.095 E/LocSvc_ApiV02( 2941): I/<--- void globalRespCb(locClientHandleType, uint32_t, locClientRespIndUnionType, void*) line 115 QMI_LOC_INJECT_POSITION_REQ_V02
05-04 09:42:59.878 E/ThermalEngine(  504): Unable to read max frequency from online cpu.
05-04 09:42:59.878 E/ThermalEngine(  504): Failed to set desired CPU[2] frequency limit to 1728000
05-04 09:43:00.000 E/LocSvc_flp( 2941): I/===> int flp_inject_location(FlpLocation*) line 253 
05-04 09:43:00.000 E/        ( 2941): I/===> int FlpLocationClient::flp_inject_location(FlpExtLocation*) line 265 
05-04 09:43:00.005 E/LocSvc_eng( 2941): I/===> int loc_eng_inject_location(loc_eng_data_s_type&, double, double, float) line 2123 
05-04 09:43:00.007 E/LocSvc_api_v02( 2941): I/---> locClientSendReq line 2020 QMI_LOC_INJECT_POSITION_REQ_V02
05-04 09:43:00.007 E/LocSvc_libulp( 2941): I/int ulp_brain_process_gnp_position_report(UlpLocation*), first_fix_pending 1, request active = 0,gnss running 0, gnss state 0 quipc running 0 quipc state 0
05-04 09:43:00.007 E/LocSvc_libulp( 2941): I/int ulp_brain_process_gnp_position_report(UlpLocation*), report GNP position to hybrid fix requests = 0
05-04 09:43:00.007 E/LocSvc_libulp( 2941): I/int ulp_brain_transition_all_providers(), before transition, 
05-04 09:43:00.007 E/LocSvc_libulp( 2941):  GNSS provider state = 0,  GNSS selected to run = 0,  GNSS onoff_cnt = 5, GNSS high speed flag = 0 
05-04 09:43:00.007 E/LocSvc_libulp( 2941):  QUIPC provider state = 0, QUIPC selected to run = 0, QUIPC onoff_cnt = 5, 
05-04 09:43:00.007 E/LocSvc_libulp( 2941):  GNP provider state = 0,   GNP selected to run = 0,   GNP onoff_cnt = 1, 
05-04 09:43:00.007 E/LocSvc_libulp( 2941): E/int ulp_brain_transition_all_providers(), no QUIPC/GNSS transition logic run due to both engines are OFF 
05-04 09:43:00.007 E/LocSvc_libulp( 2941): I/int ulp_brain_transition_all_providers(), after transition, 
05-04 09:43:00.007 E/LocSvc_libulp( 2941):  GNSS provider state = 0,  GNSS selected to run = 0,  GNSS onoff_cnt = 5, GNSS high speed flag = 0 
05-04 09:43:00.007 E/LocSvc_libulp( 2941):  QUIPC provider state = 0, QUIPC selected to run = 0, QUIPC onoff_cnt = 5, 
05-04 09:43:00.007 E/LocSvc_libulp( 2941):  GNP provider state = 0,   GNP selected to run = 0,   GNP onoff_cnt = 1 
05-04 09:43:00.010 E/LocSvc_ApiV02( 2941): I/<--- void globalRespCb(locClientHandleType, uint32_t, locClientRespIndUnionType, void*) line 115 QMI_LOC_INJECT_POSITION_REQ_V02
05-04 09:43:00.146 E/LocSvc_flp( 2941): I/===> int flp_inject_location(FlpLocation*) line 253 
05-04 09:43:00.146 E/        ( 2941): I/===> int FlpLocationClient::flp_inject_location(FlpExtLocation*) line 265 
05-04 09:43:00.147 E/LocSvc_eng( 2941): I/===> int loc_eng_inject_location(loc_eng_data_s_type&, double, double, float) line 2123 
05-04 09:43:00.148 E/LocSvc_api_v02( 2941): I/---> locClientSendReq line 2020 QMI_LOC_INJECT_POSITION_REQ_V02
05-04 09:43:00.148 E/LocSvc_libulp( 2941): I/int ulp_brain_process_gnp_position_report(UlpLocation*), first_fix_pending 1, request active = 0,gnss running 0, gnss state 0 quipc running 0 quipc state 0
05-04 09:43:00.148 E/LocSvc_libulp( 2941): I/int ulp_brain_process_gnp_position_report(UlpLocation*), report GNP position to hybrid fix requests = 0
05-04 09:43:00.148 E/LocSvc_libulp( 2941): I/int ulp_brain_transition_all_providers(), before transition, 
05-04 09:43:00.148 E/LocSvc_libulp( 2941):  GNSS provider state = 0,  GNSS selected to run = 0,  GNSS onoff_cnt = 5, GNSS high speed flag = 0 
05-04 09:43:00.148 E/LocSvc_libulp( 2941):  QUIPC provider state = 0, QUIPC selected to run = 0, QUIPC onoff_cnt = 5, 
05-04 09:43:00.148 E/LocSvc_libulp( 2941):  GNP provider state = 0,   GNP selected to run = 0,   GNP onoff_cnt = 1, 
05-04 09:43:00.148 E/LocSvc_libulp( 2941): E/int ulp_brain_transition_all_providers(), no QUIPC/GNSS transition logic run due to both engines are OFF 
05-04 09:43:00.148 E/LocSvc_libulp( 2941): I/int ulp_brain_transition_all_providers(), after transition, 
05-04 09:43:00.148 E/LocSvc_libulp( 2941):  GNSS provider state = 0,  GNSS selected to run = 0,  GNSS onoff_cnt = 5, GNSS high speed flag = 0 
05-04 09:43:00.148 E/LocSvc_libulp( 2941):  QUIPC provider state = 0, QUIPC selected to run = 0, QUIPC onoff_cnt = 5, 
05-04 09:43:00.148 E/LocSvc_libulp( 2941):  GNP provider state = 0,   GNP selected to run = 0,   GNP onoff_cnt = 1 
05-04 09:43:00.150 E/LocSvc_ApiV02( 2941): I/<--- void globalRespCb(locClientHandleType, uint32_t, locClientRespIndUnionType, void*) line 115 QMI_LOC_INJECT_POSITION_REQ_V02
05-04 09:43:00.738 E/ThermalEngine(  504): Unable to read max frequency from online cpu.
05-04 09:43:00.738 E/ThermalEngine(  504): Failed to set desired CPU[2] frequency limit to 1728000
05-04 09:43:02.752 E/ThermalEngine(  504): Unable to read max frequency from online cpu.
05-04 09:43:02.752 E/ThermalEngine(  504): Failed to set desired CPU[2] frequency limit to 1728000
05-04 09:43:02.804 E/ThermalEngine(  504): Unable to read max frequency from online cpu.
05-04 09:43:02.804 E/ThermalEngine(  504): Failed to set desired CPU[1] frequency limit to 1728000
05-04 09:43:04.330 E/ThermalEngine(  504): Unable to read max frequency from online cpu.
05-04 09:43:04.330 E/ThermalEngine(  504): Failed to set desired CPU[2] frequency limit to 1728000
05-04 09:43:04.383 E/ThermalEngine(  504): Unable to read max frequency from online cpu.
05-04 09:43:04.383 E/ThermalEngine(  504): Failed to set desired CPU[1] frequency limit to 1728000
05-04 09:43:04.489 E/art     (27784): No implementation found for java.lang.String com.tencent.feedback.eup.jni.NativeExceptionUpload.registNativeExceptionHandler2(java.lang.String, java.lang.String, int, int) (tried Java_com_tencent_feedback_eup_jni_NativeExceptionUpload_registNativeExceptionHandler2 and Java_com_tencent_feedback_eup_jni_NativeExceptionUpload_registNativeExceptionHandler2__Ljava_lang_String_2Ljava_lang_String_2II)
05-04 09:43:06.672 E/ActivityManager( 2941): Invalid thumbnail dimensions: 0x0
05-04 09:43:06.762 E/ThermalEngine(  504): Unable to read max frequency from online cpu.
05-04 09:43:06.762 E/ThermalEngine(  504): Failed to set desired CPU[1] frequency limit to 1728000
05-04 09:43:07.090 E/Icon    ( 4428): Unable to load resource 0x00000000 from pkg=com.android.systemui
05-04 09:43:07.090 E/Icon    ( 4428): android.content.res.Resources$NotFoundException: Resource ID #0x0
05-04 09:43:07.090 E/Icon    ( 4428): 	at android.content.res.Resources.getValue(Resources.java:1369)
05-04 09:43:07.090 E/Icon    ( 4428): 	at android.content.res.MiuiResources.getValue(MiuiResources.java:145)
05-04 09:43:07.090 E/Icon    ( 4428): 	at android.content.res.Resources.getDrawable(Resources.java:822)
05-04 09:43:07.090 E/Icon    ( 4428): 	at android.graphics.drawable.Icon.loadDrawableInner(Icon.java:313)
05-04 09:43:07.090 E/Icon    ( 4428): 	at android.graphics.drawable.Icon.loadDrawable(Icon.java:269)
05-04 09:43:07.090 E/Icon    ( 4428): 	at android.graphics.drawable.Icon.loadDrawableAsUser(Icon.java:377)
05-04 09:43:07.090 E/Icon    ( 4428): 	at com.android.systemui.statusbar.ExpandedIcon.getDrawable(ExpandedIcon.java:59)
05-04 09:43:07.090 E/Icon    ( 4428): 	at com.android.systemui.statusbar.StatusBarIconView.getIcon(StatusBarIconView.java:174)
05-04 09:43:07.090 E/Icon    ( 4428): 	at com.android.systemui.statusbar.StatusBarIconView.setIcon(StatusBarIconView.java:131)
05-04 09:43:07.090 E/Icon    ( 4428): 	at com.android.systemui.statusbar.StatusBarIconView.updateDarkMode(StatusBarIconView.java:266)
05-04 09:43:07.090 E/Icon    ( 4428): 	at com.android.systemui.statusbar.phone.SimpleStatusBar.updateDarkMode(SimpleStatusBar.java:233)
05-04 09:43:07.090 E/Icon    ( 4428): 	at com.android.systemui.statusbar.phone.PhoneStatusBar$29.run(PhoneStatusBar.java:3339)
05-04 09:43:07.090 E/Icon    ( 4428): 	at android.os.Handler.handleCallback(Handler.java:742)
05-04 09:43:07.090 E/Icon    ( 4428): 	at android.os.Handler.dispatchMessage(Handler.java:95)
05-04 09:43:07.090 E/Icon    ( 4428): 	at android.os.Looper.loop(Looper.java:154)
05-04 09:43:07.090 E/Icon    ( 4428): 	at android.app.ActivityThread.main(ActivityThread.java:5462)
05-04 09:43:07.090 E/Icon    ( 4428): 	at java.lang.reflect.Method.invoke(Native Method)
05-04 09:43:07.090 E/Icon    ( 4428): 	at com.android.internal.os.ZygoteInit$MethodAndArgsCaller.run(ZygoteInit.java:739)
05-04 09:43:07.090 E/Icon    ( 4428): 	at com.android.internal.os.ZygoteInit.main(ZygoteInit.java:629)
05-04 09:43:07.170 E/ThermalEngine(  504): Unable to read max frequency from online cpu.
05-04 09:43:07.170 E/ThermalEngine(  504): Failed to set desired CPU[1] frequency limit to 1728000
05-04 09:43:10.251 E/ThermalEngine(  504): Unable to read max frequency from online cpu.
05-04 09:43:10.251 E/ThermalEngine(  504): Failed to set desired CPU[2] frequency limit to 1728000
05-04 09:43:11.795 E/LocSvc_libulp( 2941): I/int ulp_msg_process_system_update(UlpSystemEvent): systemEvent:5 
05-04 09:43:11.795 E/LocSvc_libulp( 2941): I/int ulp_msg_process_start_req(), at ulp state = 1
05-04 09:43:11.795 E/LocSvc_api_v02( 2941): I/---> locClientSendReq line 2020 QMI_LOC_GET_BEST_AVAILABLE_POSITION_REQ_V02
05-04 09:43:11.803 E/LocSvc_ApiV02( 2941): I/<--- void globalRespCb(locClientHandleType, uint32_t, locClientRespIndUnionType, void*) line 115 QMI_LOC_GET_BEST_AVAILABLE_POSITION_REQ_V02
05-04 09:43:11.803 E/IzatSvc_PassiveLocListener( 2941): E/Exiting with error virtual void izat_manager::IzatPassiveLocationListener::onLocationChanged(const izat_manager::IzatLocation*, izat_manager::IzatLocationStatus) line 113 "1"
