05-04 09:43:11.803 E/LocSvc_libulp( 2941): I/int ulp_brain_process_zpp_position_report(loc_sess_status, LocPosTechMask, UlpLocation*), report ZPP position to providers,report_position = 1
05-04 09:43:11.829 E/ThermalEngine(  504): Unable to read max frequency from online cpu.
05-04 09:43:11.829 E/ThermalEngine(  504): Failed to set desired CPU[2] frequency limit to 1728000
05-04 09:43:13.415 E/ThermalEngine(  504): Unable to read max frequency from online cpu.
05-04 09:43:13.415 E/ThermalEngine(  504): Failed to set desired CPU[3] frequency limit to 1728000
05-04 09:43:13.422 E/ThermalEngine(  504): Unable to read max frequency from online cpu.
05-04 09:43:13.422 E/ThermalEngine(  504): Failed to set desired CPU[2] frequency limit to 1728000
05-04 09:43:16.436 E/ThermalEngine(  504): Unable to read max frequency from online cpu.
05-04 09:43:16.436 E/ThermalEngine(  504): Failed to set desired CPU[2] frequency limit to 1728000
05-04 09:43:16.441 E/ThermalEngine(  504): Unable to read max frequency from online cpu.
05-04 09:43:16.441 E/ThermalEngine(  504): Failed to set desired CPU[1] frequency limit to 1728000
05-04 09:43:19.464 E/ThermalEngine(  504): Unable to read max frequency from online cpu.
05-04 09:43:19.464 E/ThermalEngine(  504): Failed to set desired CPU[3] frequency limit to 2457600
05-04 09:43:19.467 E/ThermalEngine(  504): Unable to read max frequency from online cpu.
05-04 09:43:19.467 E/ThermalEngine(  504): Failed to set desired CPU[2] frequency limit to 2457600
05-04 09:43:20.273 E/ThermalEngine(  504): Unable to read max frequency from online cpu.
05-04 09:43:20.273 E/ThermalEngine(  504): Failed to set desired CPU[2] frequency limit to 2457600
05-04 09:43:25.616 E/ThermalEngine(  504): Unable to read max frequency from online cpu.
05-04 09:43:25.616 E/ThermalEngine(  504): Failed to set desired CPU[3] frequency limit to 2457600
05-04 09:43:29.767 E/ThermalEngine(  504): Unable to read max frequency from online cpu.
05-04 09:43:29.767 E/ThermalEngine(  504): Failed to set desired CPU[3] frequency limit to 2457600
05-04 09:43:30.765 E/ThermalEngine(  504): Unable to read max frequency from online cpu.
05-04 09:43:30.765 E/ThermalEngine(  504): Failed to set desired CPU[3] frequency limit to 2457600
05-04 09:43:39.613 E/ThermalEngine(  504): Unable to read max frequency from online cpu.
05-04 09:43:39.614 E/ThermalEngine(  504): Failed to set desired CPU[3] frequency limit to 2457600
05-04 09:43:40.364 E/ThermalEngine(  504): Unable to read max frequency from online cpu.
05-04 09:43:40.364 E/ThermalEngine(  504): Failed to set desired CPU[3] frequency limit to 2457600
05-04 09:43:46.965 E/ThermalEngine(  504): Unable to read max frequency from online cpu.
05-04 09:43:46.965 E/ThermalEngine(  504): Failed to set desired CPU[3] frequency limit to 2457600
05-04 09:43:46.972 E/ThermalEngine(  504): Unable to read max frequency from online cpu.
05-04 09:43:46.972 E/ThermalEngine(  504): Failed to set desired CPU[2] frequency limit to 2457600
05-04 09:43:58.715 E/ThermalEngine(  504): Unable to read max frequency from online cpu.
05-04 09:43:58.715 E/ThermalEngine(  504): Failed to set desired CPU[3] frequency limit to 2457600
05-04 09:44:00.974 E/ThermalEngine(  504): Unable to read max frequency from online cpu.
05-04 09:44:00.974 E/ThermalEngine(  504): Failed to set desired CPU[2] frequency limit to 2457600
05-04 09:44:04.429 E/ThermalEngine(  504): Unable to read max frequency from online cpu.
05-04 09:44:04.429 E/ThermalEngine(  504): Failed to set desired CPU[2] frequency limit to 2457600
05-04 09:44:04.511 E/art     (28034): No implementation found for java.lang.String com.tencent.feedback.eup.jni.NativeExceptionUpload.registNativeExceptionHandler2(java.lang.String, java.lang.String, int, int) (tried Java_com_tencent_feedback_eup_jni_NativeExceptionUpload_registNativeExceptionHandler2 and Java_com_tencent_feedback_eup_jni_NativeExceptionUpload_registNativeExceptionHandler2__Ljava_lang_String_2Ljava_lang_String_2II)
05-04 09:44:05.136 E/ThermalEngine(  504): Unable to read max frequency from online cpu.
05-04 09:44:05.136 E/ThermalEngine(  504): Failed to set desired CPU[1] frequency limit to 2457600
05-04 09:44:05.246 E/Icon    ( 4428): Unable to load resource 0xffffffff from pkg=com.xiaomi.xmsf
05-04 09:44:05.246 E/Icon    ( 4428): android.content.res.Resources$NotFoundException: Resource ID #0xffffffff
05-04 09:44:05.246 E/Icon    ( 4428): 	at android.content.res.Resources.getValue(Resources.java:1369)
05-04 09:44:05.246 E/Icon    ( 4428): 	at android.content.res.MiuiResources.getValue(MiuiResources.java:145)
05-04 09:44:05.246 E/Icon    ( 4428): 	at android.content.res.Resources.getDrawable(Resources.java:822)
05-04 09:44:05.246 E/Icon    ( 4428): 	at android.graphics.drawable.Icon.loadDrawableInner(Icon.java:313)
05-04 09:44:05.246 E/Icon    ( 4428): 	at android.graphics.drawable.Icon.loadDrawable(Icon.java:269)
05-04 09:44:05.246 E/Icon    ( 4428): 	at android.widget.ImageView.setImageIcon(ImageView.java:498)
05-04 09:44:05.246 E/Icon    ( 4428): 	at java.lang.reflect.Method.invoke(Native Method)
05-04 09:44:05.246 E/Icon    ( 4428): 	at android.widget.RemoteViews$ReflectionAction.apply(RemoteViews.java:1296)
05-04 09:44:05.246 E/Icon    ( 4428): 	at android.widget.RemoteViews.performApply(RemoteViews.java:2804)
05-04 09:44:05.246 E/Icon    ( 4428): 	at android.widget.RemoteViews.apply(RemoteViews.java:2764)
05-04 09:44:05.246 E/Icon    ( 4428): 	at com.android.systemui.statusbar.BaseStatusBar.inflateViews(BaseStatusBar.java:635)
05-04 09:44:05.246 E/Icon    ( 4428): 	at com.android.systemui.statusbar.BaseStatusBar.addNotificationViews(BaseStatusBar.java:1012)
05-04 09:44:05.246 E/Icon    ( 4428): 	at com.android.systemui.statusbar.phone.PhoneStatusBar.addNotification(PhoneStatusBar.java:1825)
05-04 09:44:05.246 E/Icon    ( 4428): 	at com.android.systemui.statusbar.CommandQueue$H.handleMessage(CommandQueue.java:442)
05-04 09:44:05.246 E/Icon    ( 4428): 	at android.os.Handler.dispatchMessage(Handler.java:102)
05-04 09:44:05.246 E/Icon    ( 4428): 	at android.os.Looper.loop(Looper.java:154)
05-04 09:44:05.246 E/Icon    ( 4428): 	at android.app.ActivityThread.main(ActivityThread.java:5462)
05-04 09:44:05.246 E/Icon    ( 4428): 	at java.lang.reflect.Method.invoke(Native Method)
05-04 09:44:05.246 E/Icon    ( 4428): 	at com.android.internal.os.ZygoteInit$MethodAndArgsCaller.run(ZygoteInit.java:739)
05-04 09:44:05.246 E/Icon    ( 4428): 	at com.android.internal.os.ZygoteInit.main(ZygoteInit.java:629)
05-04 09:44:05.873 E/ThermalEngine(  504): Failed to set desired CPU[1] frequency limit to 1728000
05-04 09:44:05.873 E/ThermalEngine(  504): Failed to set desired CPU[2] frequency limit to 1728000
05-04 09:44:05.874 E/ThermalEngine(  504): Failed to set desired CPU[3] frequency limit to 1728000
05-04 09:44:06.517 E/MiuiGallery2_ApplicationHelper(28071): java.lang.ClassNotFoundException: com.miui.gallery.util.deviceprovider.PhoneApplicationHelper
05-04 09:44:07.544 E/ThermalEngine(  504): Failed to set desired CPU[3] frequency limit to 2457600
05-04 09:44:10.964 E/ThermalEngine(  504): Unable to read max frequency from online cpu.
05-04 09:44:10.964 E/ThermalEngine(  504): Failed to set desired CPU[3] frequency limit to 2457600
05-04 09:44:11.011 E/ThermalEngine(  504): Unable to read max frequency from online cpu.
05-04 09:44:11.012 E/ThermalEngine(  504): Failed to set desired CPU[2] frequency limit to 2457600
05-04 09:44:11.795 E/LocSvc_libulp( 2941): I/int ulp_msg_process_system_update(UlpSystemEvent): systemEvent:5 
05-04 09:44:11.795 E/LocSvc_libulp( 2941): I/int ulp_msg_process_start_req(), at ulp state = 1
05-04 09:44:11.795 E/LocSvc_api_v02( 2941): I/---> locClientSendReq line 2020 QMI_LOC_GET_BEST_AVAILABLE_POSITION_REQ_V02
05-04 09:44:11.799 E/LocSvc_ApiV02( 2941): I/<--- void globalRespCb(locClientHandleType, uint32_t, locClientRespIndUnionType, void*) line 115 QMI_LOC_GET_BEST_AVAILABLE_POSITION_REQ_V02
05-04 09:44:11.800 E/LocSvc_libulp( 2941): I/int ulp_brain_process_zpp_position_report(loc_sess_status, LocPosTechMask, UlpLocation*), report ZPP position to providers,report_position = 1
05-04 09:44:11.800 E/IzatSvc_PassiveLocListener( 2941): E/Exiting with error virtual void izat_manager::IzatPassiveLocationListener::onLocationChanged(const izat_manager::IzatLocation*, izat_manager::IzatLocationStatus) line 113 "1"
05-04 09:44:14.915 E/ThermalEngine(  504): Unable to read max frequency from online cpu.
05-04 09:44:14.915 E/ThermalEngine(  504): Failed to set desired CPU[3] frequency limit to 2457600
05-04 09:44:19.815 E/ThermalEngine(  504): Unable to read max frequency from online cpu.
05-04 09:44:19.815 E/ThermalEngine(  504): Failed to set desired CPU[3] frequency limit to 2457600
05-04 09:44:19.862 E/ThermalEngine(  504): Unable to read max frequency from online cpu.
05-04 09:44:19.863 E/ThermalEngine(  504): Failed to set desired CPU[2] frequency limit to 2457600
05-04 09:44:19.867 E/ThermalEngine(  504): Unable to read max frequency from online cpu.
05-04 09:44:19.867 E/ThermalEngine(  504): Failed to set desired CPU[1] frequency limit to 2457600
05-04 09:44:20.478 E/ThermalEngine(  504): Unable to read max frequency from online cpu.
05-04 09:44:20.479 E/ThermalEngine(  504): Failed to set desired CPU[1] frequency limit to 2457600
05-04 09:44:22.147 E/ThermalEngine(  504): Unable to read max frequency from online cpu.
05-04 09:44:22.147 E/ThermalEngine(  504): Failed to set desired CPU[1] frequency limit to 2457600
05-04 09:44:25.619 E/ThermalEngine(  504): Unable to read max frequency from online cpu.
05-04 09:44:25.620 E/ThermalEngine(  504): Failed to set desired CPU[2] frequency limit to 2457600
05-04 09:44:25.621 E/ThermalEngine(  504): Unable to read max frequency from online cpu.
05-04 09:44:25.622 E/ThermalEngine(  504): Failed to set desired CPU[1] frequency limit to 2457600
05-04 09:44:29.151 E/ActivityManager( 2941): Invalid thumbnail dimensions: 0x0
05-04 09:44:29.154 E/ThermalEngine(  504): Unable to read max frequency from online cpu.
05-04 09:44:29.154 E/ThermalEngine(  504): Failed to set desired CPU[2] frequency limit to 2457600
05-04 09:44:29.159 E/ThermalEngine(  504): Unable to read max frequency from online cpu.
05-04 09:44:29.159 E/ThermalEngine(  504): Failed to set desired CPU[1] frequency limit to 2457600
05-04 09:44:29.298 E/NativeLibraryHelper( 7227): Failed to load assets verifier: 0
05-04 09:44:29.345 E/NativeLibraryHelper( 2941): Failed to load assets verifier: 0
05-04 09:44:29.374 E/NativeLibraryHelper( 2941): Failed to load assets verifier: 0
05-04 09:44:29.474 E/ThermalEngine(  504): Failed to set desired CPU[1] frequency limit to 1728000
05-04 09:44:29.474 E/ThermalEngine(  504): Failed to set desired CPU[2] frequency limit to 1728000
05-04 09:44:29.474 E/ThermalEngine(  504): Failed to set desired CPU[3] frequency limit to 1728000
05-04 09:44:31.634 E/ThermalEngine(  504): Unable to read max frequency from online cpu.
05-04 09:44:31.634 E/ThermalEngine(  504): Failed to set desired CPU[2] frequency limit to 1728000
05-04 09:44:32.094 E/ThermalEngine(  504): Unable to read max frequency from online cpu.
05-04 09:44:32.094 E/ThermalEngine(  504): Failed to set desired CPU[2] frequency limit to 1728000
05-04 09:44:32.603 E/ThermalEngine(  504): Unable to read max frequency from online cpu.
05-04 09:44:32.603 E/ThermalEngine(  504): Failed to set desired CPU[2] frequency limit to 1728000
05-04 09:44:32.606 E/ThermalEngine(  504): Unable to read max frequency from online cpu.
05-04 09:44:32.606 E/ThermalEngine(  504): Failed to set desired CPU[1] frequency limit to 1728000
05-04 09:44:33.572 E/ThermalEngine(  504): Unable to read max frequency from online cpu.
05-04 09:44:33.572 E/ThermalEngine(  504): Failed to set desired CPU[2] frequency limit to 1728000
05-04 09:44:34.041 E/ActivityManager( 2941): Invalid thumbnail dimensions: 0x0
05-04 09:44:34.078 E/ThermalEngine(  504): Unable to read max frequency from online cpu.
05-04 09:44:34.078 E/ThermalEngine(  504): Failed to set desired CPU[1] frequency limit to 1728000
05-04 09:44:34.091 E/NativeLibraryHelper( 7227): Failed to load assets verifier: 0
05-04 09:44:34.128 E/NativeLibraryHelper( 2941): Failed to load assets verifier: 0
05-04 09:44:34.148 E/NativeLibraryHelper( 2941): Failed to load assets verifier: 0
05-04 09:44:34.951 E/ThermalEngine(  504): Unable to read max frequency from online cpu.
05-04 09:44:34.951 E/ThermalEngine(  504): Failed to set desired CPU[2] frequency limit to 1728000
05-04 09:44:34.963 E/ThermalEngine(  504): Unable to read max frequency from online cpu.
05-04 09:44:34.963 E/ThermalEngine(  504): Failed to set desired CPU[1] frequency limit to 1728000
05-04 09:44:35.196 E/ActivityManager( 2941): Invalid thumbnail dimensions: 0x0
05-04 09:44:35.264 E/NativeLibraryHelper( 7227): Failed to load assets verifier: 0
05-04 09:44:35.306 E/NativeLibraryHelper( 2941): Failed to load assets verifier: 0
05-04 09:44:35.326 E/NativeLibraryHelper( 2941): Failed to load assets verifier: 0
05-04 09:44:36.681 E/ThermalEngine(  504): Unable to read max frequency from online cpu.
05-04 09:44:36.681 E/ThermalEngine(  504): Failed to set desired CPU[2] frequency limit to 1728000
05-04 09:44:37.085 E/ThermalEngine(  504): Unable to read max frequency from online cpu.
05-04 09:44:37.085 E/ThermalEngine(  504): Failed to set desired CPU[1] frequency limit to 1728000
05-04 09:44:38.710 E/LocSvc_flp( 2941): I/===> int flp_inject_location(FlpLocation*) line 253 
05-04 09:44:38.710 E/        ( 2941): I/===> int FlpLocationClient::flp_inject_location(FlpExtLocation*) line 265 
05-04 09:44:38.713 E/LocSvc_api_v02( 2941): I/---> locClientSendReq line 2020 QMI_LOC_INJECT_POSITION_REQ_V02
05-04 09:44:38.714 E/LocSvc_libulp( 2941): I/int ulp_brain_process_gnp_position_report(UlpLocation*), first_fix_pending 1, request active = 0,gnss running 0, gnss state 0 quipc running 0 quipc state 0
05-04 09:44:38.714 E/LocSvc_libulp( 2941): I/int ulp_brain_process_gnp_position_report(UlpLocation*), report GNP position to hybrid fix requests = 0
05-04 09:44:38.714 E/LocSvc_libulp( 2941): I/int ulp_brain_transition_all_providers(), before transition, 
05-04 09:44:38.714 E/LocSvc_libulp( 2941):  GNSS provider state = 0,  GNSS selected to run = 0,  GNSS onoff_cnt = 5, GNSS high speed flag = 0 
05-04 09:44:38.714 E/LocSvc_libulp( 2941):  QUIPC provider state = 0, QUIPC selected to run = 0, QUIPC onoff_cnt = 5, 
05-04 09:44:38.714 E/LocSvc_libulp( 2941):  GNP provider state = 0,   GNP selected to run = 0,   GNP onoff_cnt = 1, 
05-04 09:44:38.714 E/LocSvc_libulp( 2941): E/int ulp_brain_transition_all_providers(), no QUIPC/GNSS transition logic run due to both engines are OFF 
05-04 09:44:38.714 E/LocSvc_libulp( 2941): I/int ulp_brain_transition_all_providers(), after transition, 
05-04 09:44:38.714 E/LocSvc_libulp( 2941):  GNSS provider state = 0,  GNSS selected to run = 0,  GNSS onoff_cnt = 5, GNSS high speed flag = 0 
05-04 09:44:38.714 E/LocSvc_libulp( 2941):  QUIPC provider state = 0, QUIPC selected to run = 0, QUIPC onoff_cnt = 5, 
05-04 09:44:38.714 E/LocSvc_libulp( 2941):  GNP provider state = 0,   GNP selected to run = 0,   GNP onoff_cnt = 1 
05-04 09:44:38.714 E/LocSvc_eng( 2941): I/===> int loc_eng_inject_location(loc_eng_data_s_type&, double, double, float) line 2123 
05-04 09:44:38.717 E/LocSvc_ApiV02( 2941): I/<--- void globalRespCb(locClientHandleType, uint32_t, locClientRespIndUnionType, void*) line 115 QMI_LOC_INJECT_POSITION_REQ_V02
05-04 09:44:38.824 E/LocSvc_flp( 2941): I/===> int flp_inject_location(FlpLocation*) line 253 
05-04 09:44:38.824 E/        ( 2941): I/===> int FlpLocationClient::flp_inject_location(FlpExtLocation*) line 265 
05-04 09:44:38.825 E/LocSvc_api_v02( 2941): I/---> locClientSendReq line 2020 QMI_LOC_INJECT_POSITION_REQ_V02
05-04 09:44:38.825 E/LocSvc_libulp( 2941): I/int ulp_brain_process_gnp_position_report(UlpLocation*), first_fix_pending 1, request active = 0,gnss running 0, gnss state 0 quipc running 0 quipc state 0
05-04 09:44:38.825 E/LocSvc_libulp( 2941): I/int ulp_brain_process_gnp_position_report(UlpLocation*), report GNP position to hybrid fix requests = 0
05-04 09:44:38.825 E/LocSvc_libulp( 2941): I/int ulp_brain_transition_all_providers(), before transition, 
05-04 09:44:38.825 E/LocSvc_libulp( 2941):  GNSS provider state = 0,  GNSS selected to run = 0,  GNSS onoff_cnt = 5, GNSS high speed flag = 0 
05-04 09:44:38.825 E/LocSvc_libulp( 2941):  QUIPC provider state = 0, QUIPC selected to run = 0, QUIPC onoff_cnt = 5, 
05-04 09:44:38.825 E/LocSvc_libulp( 2941):  GNP provider state = 0,   GNP selected to run = 0,   GNP onoff_cnt = 1, 
05-04 09:44:38.825 E/LocSvc_libulp( 2941): E/int ulp_brain_transition_all_providers(), no QUIPC/GNSS transition logic run due to both engines are OFF 
05-04 09:44:38.825 E/LocSvc_libulp( 2941): I/int ulp_brain_transition_all_providers(), after transition, 
05-04 09:44:38.825 E/LocSvc_libulp( 2941):  GNSS provider state = 0,  GNSS selected to run = 0,  GNSS onoff_cnt = 5, GNSS high speed flag = 0 
05-04 09:44:38.825 E/LocSvc_libulp( 2941):  QUIPC provider state = 0, QUIPC selected to run = 0, QUIPC onoff_cnt = 5, 
05-04 09:44:38.825 E/LocSvc_libulp( 2941):  GNP provider state = 0,   GNP selected to run = 0,   GNP onoff_cnt = 1 
05-04 09:44:38.825 E/LocSvc_eng( 2941): I/===> int loc_eng_inject_location(loc_eng_data_s_type&, double, double, float) line 2123 
05-04 09:44:38.830 E/LocSvc_ApiV02( 2941): I/<--- void globalRespCb(locClientHandleType, uint32_t, locClientRespIndUnionType, void*) line 115 QMI_LOC_INJECT_POSITION_REQ_V02
05-04 09:44:40.792 E/LocSvc_flp( 2941): I/===> int flp_inject_location(FlpLocation*) line 253 
05-04 09:44:40.792 E/        ( 2941): I/===> int FlpLocationClient::flp_inject_location(FlpExtLocation*) line 265 
05-04 09:44:40.798 E/LocSvc_api_v02( 2941): I/---> locClientSendReq line 2020 QMI_LOC_INJECT_POSITION_REQ_V02
05-04 09:44:40.798 E/LocSvc_libulp( 2941): I/int ulp_brain_process_gnp_position_report(UlpLocation*), first_fix_pending 1, request active = 0,gnss running 0, gnss state 0 quipc running 0 quipc state 0
05-04 09:44:40.798 E/LocSvc_libulp( 2941): I/int ulp_brain_process_gnp_position_report(UlpLocation*), report GNP position to hybrid fix requests = 0
05-04 09:44:40.798 E/LocSvc_libulp( 2941): I/int ulp_brain_transition_all_providers(), before transition, 
05-04 09:44:40.798 E/LocSvc_libulp( 2941):  GNSS provider state = 0,  GNSS selected to run = 0,  GNSS onoff_cnt = 5, GNSS high speed flag = 0 
05-04 09:44:40.798 E/LocSvc_libulp( 2941):  QUIPC provider state = 0, QUIPC selected to run = 0, QUIPC onoff_cnt = 5, 
05-04 09:44:40.798 E/LocSvc_libulp( 2941):  GNP provider state = 0,   GNP selected to run = 0,   GNP onoff_cnt = 1, 
05-04 09:44:40.798 E/LocSvc_libulp( 2941): E/int ulp_brain_transition_all_providers(), no QUIPC/GNSS transition logic run due to both engines are OFF 
05-04 09:44:40.798 E/LocSvc_libulp( 2941): I/int ulp_brain_transition_all_providers(), after transition, 
05-04 09:44:40.798 E/LocSvc_libulp( 2941):  GNSS provider state = 0,  GNSS selected to run = 0,  GNSS onoff_cnt = 5, GNSS high speed flag = 0 
05-04 09:44:40.798 E/LocSvc_libulp( 2941):  QUIPC provider state = 0, QUIPC selected to run = 0, QUIPC onoff_cnt = 5, 
05-04 09:44:40.798 E/LocSvc_libulp( 2941):  GNP provider state = 0,   GNP selected to run = 0,   GNP onoff_cnt = 1 
05-04 09:44:40.798 E/LocSvc_eng( 2941): I/===> int loc_eng_inject_location(loc_eng_data_s_type&, double, double, float) line 2123 
05-04 09:44:40.804 E/LocSvc_ApiV02( 2941): I/<--- void globalRespCb(locClientHandleType, uint32_t, locClientRespIndUnionType, void*) line 115 QMI_LOC_INJECT_POSITION_REQ_V02
05-04 09:44:40.929 E/LocSvc_flp( 2941): I/===> int flp_inject_location(FlpLocation*) line 253 
05-04 09:44:40.929 E/        ( 2941): I/===> int FlpLocationClient::flp_inject_location(FlpExtLocation*) line 265 
05-04 09:44:40.932 E/LocSvc_api_v02( 2941): I/---> locClientSendReq line 2020 QMI_LOC_INJECT_POSITION_REQ_V02
05-04 09:44:40.933 E/LocSvc_libulp( 2941): I/int ulp_brain_process_gnp_position_report(UlpLocation*), first_fix_pending 1, request active = 0,gnss running 0, gnss state 0 quipc running 0 quipc state 0
05-04 09:44:40.933 E/LocSvc_libulp( 2941): I/int ulp_brain_process_gnp_position_report(UlpLocation*), report GNP position to hybrid fix requests = 0
05-04 09:44:40.933 E/LocSvc_eng( 2941): I/===> int loc_eng_inject_location(loc_eng_data_s_type&, double, double, float) line 2123 
05-04 09:44:40.933 E/LocSvc_libulp( 2941): I/int ulp_brain_transition_all_providers(), before transition, 
05-04 09:44:40.933 E/LocSvc_libulp( 2941):  GNSS provider state = 0,  GNSS selected to run = 0,  GNSS onoff_cnt = 5, GNSS high speed flag = 0 
05-04 09:44:40.933 E/LocSvc_libulp( 2941):  QUIPC provider state = 0, QUIPC selected to run = 0, QUIPC onoff_cnt = 5, 
05-04 09:44:40.933 E/LocSvc_libulp( 2941):  GNP provider state = 0,   GNP selected to run = 0,   GNP onoff_cnt = 1, 
05-04 09:44:40.933 E/LocSvc_libulp( 2941): E/int ulp_brain_transition_all_providers(), no QUIPC/GNSS transition logic run due to both engines are OFF 
05-04 09:44:40.933 E/LocSvc_libulp( 2941): I/int ulp_brain_transition_all_providers(), after transition, 
05-04 09:44:40.933 E/LocSvc_libulp( 2941):  GNSS provider state = 0,  GNSS selected to run = 0,  GNSS onoff_cnt = 5, GNSS high speed flag = 0 
05-04 09:44:40.933 E/LocSvc_libulp( 2941):  QUIPC provider state = 0, QUIPC selected to run = 0, QUIPC onoff_cnt = 5, 
05-04 09:44:40.933 E/LocSvc_libulp( 2941):  GNP provider state = 0,   GNP selected to run = 0,   GNP onoff_cnt = 1 
05-04 09:44:40.936 E/LocSvc_ApiV02( 2941): I/<--- void globalRespCb(locClientHandleType, uint32_t, locClientRespIndUnionType, void*) line 115 QMI_LOC_INJECT_POSITION_REQ_V02
05-04 09:44:41.381 E/ThermalEngine(  504): Unable to read max frequency from online cpu.
05-04 09:44:41.381 E/ThermalEngine(  504): Failed to set desired CPU[2] frequency limit to 1728000
05-04 09:44:41.385 E/ThermalEngine(  504): Unable to read max frequency from online cpu.
05-04 09:44:41.386 E/ThermalEngine(  504): Failed to set desired CPU[1] frequency limit to 1728000
05-04 09:44:41.501 E/LocSvc_flp( 2941): I/===> int flp_inject_location(FlpLocation*) line 253 
05-04 09:44:41.501 E/        ( 2941): I/===> int FlpLocationClient::flp_inject_location(FlpExtLocation*) line 265 
05-04 09:44:41.502 E/LocSvc_api_v02( 2941): I/---> locClientSendReq line 2020 QMI_LOC_INJECT_POSITION_REQ_V02
05-04 09:44:41.502 E/LocSvc_libulp( 2941): I/int ulp_brain_process_gnp_position_report(UlpLocation*), first_fix_pending 1, request active = 0,gnss running 0, gnss state 0 quipc running 0 quipc state 0
05-04 09:44:41.502 E/LocSvc_libulp( 2941): I/int ulp_brain_process_gnp_position_report(UlpLocation*), report GNP position to hybrid fix requests = 0
05-04 09:44:41.502 E/LocSvc_libulp( 2941): I/int ulp_brain_transition_all_providers(), before transition, 
05-04 09:44:41.502 E/LocSvc_libulp( 2941):  GNSS provider state = 0,  GNSS selected to run = 0,  GNSS onoff_cnt = 5, GNSS high speed flag = 0 
05-04 09:44:41.502 E/LocSvc_libulp( 2941):  QUIPC provider state = 0, QUIPC selected to run = 0, QUIPC onoff_cnt = 5, 
05-04 09:44:41.502 E/LocSvc_libulp( 2941):  GNP provider state = 0,   GNP selected to run = 0,   GNP onoff_cnt = 1, 
05-04 09:44:41.502 E/LocSvc_libulp( 2941): E/int ulp_brain_transition_all_providers(), no QUIPC/GNSS transition logic run due to both engines are OFF 
05-04 09:44:41.502 E/LocSvc_libulp( 2941): I/int ulp_brain_transition_all_providers(), after transition, 
05-04 09:44:41.502 E/LocSvc_libulp( 2941):  GNSS provider state = 0,  GNSS selected to run = 0,  GNSS onoff_cnt = 5, GNSS high speed flag = 0 
05-04 09:44:41.502 E/LocSvc_libulp( 2941):  QUIPC provider state = 0, QUIPC selected to run = 0, QUIPC onoff_cnt = 5, 
05-04 09:44:41.502 E/LocSvc_libulp( 2941):  GNP provider state = 0,   GNP selected to run = 0,   GNP onoff_cnt = 1 
05-04 09:44:41.505 E/LocSvc_ApiV02( 2941): I/<--- void globalRespCb(locClientHandleType, uint32_t, locClientRespIndUnionType, void*) line 115 QMI_LOC_INJECT_POSITION_REQ_V02
05-04 09:44:41.513 E/LocSvc_eng( 2941): I/===> int loc_eng_inject_location(loc_eng_data_s_type&, double, double, float) line 2123 
05-04 09:44:42.452 E/ThermalEngine(  504): Unable to read max frequency from online cpu.
05-04 09:44:42.452 E/ThermalEngine(  504): Failed to set desired CPU[1] frequency limit to 1728000
05-04 09:44:44.567 E/ThermalEngine(  504): Unable to read max frequency from online cpu.
05-04 09:44:44.567 E/ThermalEngine(  504): Failed to set desired CPU[3] frequency limit to 1728000
05-04 09:44:44.572 E/ThermalEngine(  504): Unable to read max frequency from online cpu.
05-04 09:44:44.572 E/ThermalEngine(  504): Failed to set desired CPU[2] frequency limit to 1728000
05-04 09:44:47.118 E/ThermalEngine(  504): Unable to read max frequency from online cpu.
05-04 09:44:47.119 E/ThermalEngine(  504): Failed to set desired CPU[2] frequency limit to 1728000
05-04 09:44:47.128 E/ThermalEngine(  504): Unable to read max frequency from online cpu.
05-04 09:44:47.128 E/ThermalEngine(  504): Failed to set desired CPU[1] frequency limit to 1728000
05-04 09:44:49.857 E/ThermalEngine(  504): Unable to read max frequency from online cpu.
05-04 09:44:49.857 E/ThermalEngine(  504): Failed to set desired CPU[2] frequency limit to 1728000
05-04 09:44:51.868 E/ThermalEngine(  504): Failed to set desired CPU[3] frequency limit to 2457600
05-04 09:44:52.422 E/ThermalEngine(  504): Unable to read max frequency from online cpu.
05-04 09:44:52.422 E/ThermalEngine(  504): Failed to set desired CPU[2] frequency limit to 2457600
05-04 09:44:56.047 E/ThermalEngine(  504): Unable to read max frequency from online cpu.
05-04 09:44:56.048 E/ThermalEngine(  504): Failed to set desired CPU[2] frequency limit to 2457600
05-04 09:44:56.957 E/ThermalEngine(  504): Unable to read max frequency from online cpu.
05-04 09:44:56.958 E/ThermalEngine(  504): Failed to set desired CPU[2] frequency limit to 2457600
05-04 09:44:56.960 E/ThermalEngine(  504): Unable to read max frequency from online cpu.
05-04 09:44:56.961 E/ThermalEngine(  504): Failed to set desired CPU[1] frequency limit to 2457600
05-04 09:44:57.977 E/ThermalEngine(  504): Unable to read max frequency from online cpu.
05-04 09:44:57.977 E/ThermalEngine(  504): Failed to set desired CPU[2] frequency limit to 2457600
05-04 09:45:01.300 E/ThermalEngine(  504): Unable to read max frequency from online cpu.
05-04 09:45:01.300 E/ThermalEngine(  504): Failed to set desired CPU[2] frequency limit to 2457600
05-04 09:45:01.812 E/ThermalEngine(  504): Unable to read max frequency from online cpu.
05-04 09:45:01.812 E/ThermalEngine(  504): Failed to set desired CPU[2] frequency limit to 2457600
05-04 09:45:02.974 E/ThermalEngine(  504): Unable to read max frequency from online cpu.
05-04 09:45:02.974 E/ThermalEngine(  504): Failed to set desired CPU[2] frequency limit to 2457600
05-04 09:45:03.277 E/ThermalEngine(  504): Unable to read max frequency from online cpu.
05-04 09:45:03.277 E/ThermalEngine(  504): Failed to set desired CPU[1] frequency limit to 2457600
05-04 09:45:04.849 E/ThermalEngine(  504): Unable to read max frequency from online cpu.
05-04 09:45:04.850 E/ThermalEngine(  504): Failed to set desired CPU[2] frequency limit to 2457600
05-04 09:45:04.852 E/ThermalEngine(  504): Unable to read max frequency from online cpu.
05-04 09:45:04.852 E/ThermalEngine(  504): Failed to set desired CPU[1] frequency limit to 2457600
05-04 09:45:05.978 E/ThermalEngine(  504): Unable to read max frequency from online cpu.
05-04 09:45:05.978 E/ThermalEngine(  504): Failed to set desired CPU[2] frequency limit to 2457600
05-04 09:45:05.980 E/ThermalEngine(  504): Unable to read max frequency from online cpu.
05-04 09:45:05.980 E/ThermalEngine(  504): Failed to set desired CPU[1] frequency limit to 2457600
05-04 09:45:08.000 E/ThermalEngine(  504): Unable to read max frequency from online cpu.
05-04 09:45:08.000 E/ThermalEngine(  504): Failed to set desired CPU[2] frequency limit to 2457600
05-04 09:45:11.795 E/LocSvc_libulp( 2941): I/int ulp_msg_process_system_update(UlpSystemEvent): systemEvent:5 
05-04 09:45:11.795 E/LocSvc_libulp( 2941): I/int ulp_msg_process_start_req(), at ulp state = 1
05-04 09:45:11.795 E/LocSvc_api_v02( 2941): I/---> locClientSendReq line 2020 QMI_LOC_GET_BEST_AVAILABLE_POSITION_REQ_V02
05-04 09:45:11.800 E/LocSvc_ApiV02( 2941): I/<--- void globalRespCb(locClientHandleType, uint32_t, locClientRespIndUnionType, void*) line 115 QMI_LOC_GET_BEST_AVAILABLE_POSITION_REQ_V02
05-04 09:45:11.800 E/LocSvc_libulp( 2941): I/int ulp_brain_process_zpp_position_report(loc_sess_status, LocPosTechMask, UlpLocation*), report ZPP position to providers,report_position = 1
05-04 09:45:11.800 E/IzatSvc_PassiveLocListener( 2941): E/Exiting with error virtual void izat_manager::IzatPassiveLocationListener::onLocationChanged(const izat_manager::IzatLocation*, izat_manager::IzatLocationStatus) line 113 "1"
05-04 09:45:11.874 E/ThermalEngine(  504): Unable to read max frequency from online cpu.
05-04 09:45:11.874 E/ThermalEngine(  504): Failed to set desired CPU[2] frequency limit to 2457600
05-04 09:45:12.739 E/ThermalEngine(  504): Unable to read max frequency from online cpu.
05-04 09:45:12.739 E/ThermalEngine(  504): Failed to set desired CPU[2] frequency limit to 2457600
05-04 09:45:13.013 E/QueryController(28531): Got null root node from accessibility - Retrying...
05-04 09:45:13.903 E/ThermalEngine(  504): Unable to read max frequency from online cpu.
05-04 09:45:13.904 E/ThermalEngine(  504): Failed to set desired CPU[2] frequency limit to 2457600
05-04 09:45:14.012 E/ThermalEngine(  504): Unable to read max frequency from online cpu.
05-04 09:45:14.012 E/ThermalEngine(  504): Failed to set desired CPU[1] frequency limit to 2457600
05-04 09:45:14.446 E/ThermalEngine(  504): Failed to set desired CPU[1] frequency limit to 1728000
05-04 09:45:14.446 E/ThermalEngine(  504): Failed to set desired CPU[2] frequency limit to 1728000
05-04 09:45:14.446 E/ThermalEngine(  504): Failed to set desired CPU[3] frequency limit to 1728000
05-04 09:45:15.691 E/ThermalEngine(  504): Unable to read max frequency from online cpu.
05-04 09:45:15.691 E/ThermalEngine(  504): Failed to set desired CPU[2] frequency limit to 1728000
05-04 09:45:17.206 E/ThermalEngine(  504): Unable to read max frequency from online cpu.
05-04 09:45:17.207 E/ThermalEngine(  504): Failed to set desired CPU[2] frequency limit to 1728000
05-04 09:45:17.259 E/ThermalEngine(  504): Unable to read max frequency from online cpu.
05-04 09:45:17.259 E/ThermalEngine(  504): Failed to set desired CPU[1] frequency limit to 1728000
05-04 09:45:18.432 E/ThermalEngine(  504): Unable to read max frequency from online cpu.
05-04 09:45:18.432 E/ThermalEngine(  504): Failed to set desired CPU[2] frequency limit to 1728000
05-04 09:45:19.698 E/ThermalEngine(  504): Unable to read max frequency from online cpu.
05-04 09:45:19.698 E/ThermalEngine(  504): Failed to set desired CPU[2] frequency limit to 1728000
05-04 09:45:20.762 E/ThermalEngine(  504): Unable to read max frequency from online cpu.
05-04 09:45:20.763 E/ThermalEngine(  504): Failed to set desired CPU[2] frequency limit to 1728000
05-04 09:45:20.764 E/ThermalEngine(  504): Unable to read max frequency from online cpu.
05-04 09:45:20.765 E/ThermalEngine(  504): Failed to set desired CPU[1] frequency limit to 1728000
05-04 09:45:21.504 E/ThermalEngine(  504): Failed to set desired CPU[2] frequency limit to 2457600
05-04 09:45:21.504 E/ThermalEngine(  504): Failed to set desired CPU[3] frequency limit to 2457600
05-04 09:45:23.092 E/ThermalEngine(  504): Unable to read max frequency from online cpu.
05-04 09:45:23.092 E/ThermalEngine(  504): Failed to set desired CPU[2] frequency limit to 2457600
05-04 09:45:23.144 E/ThermalEngine(  504): Unable to read max frequency from online cpu.
05-04 09:45:23.145 E/ThermalEngine(  504): Failed to set desired CPU[1] frequency limit to 2457600
05-04 09:45:23.765 E/ThermalEngine(  504): Unable to read max frequency from online cpu.
05-04 09:45:23.765 E/ThermalEngine(  504): Failed to set desired CPU[2] frequency limit to 2457600
05-04 09:45:24.681 E/ThermalEngine(  504): Unable to read max frequency from online cpu.
05-04 09:45:24.681 E/ThermalEngine(  504): Failed to set desired CPU[2] frequency limit to 2457600
05-04 09:45:24.934 E/ThermalEngine(  504): Unable to read max frequency from online cpu.
05-04 09:45:24.934 E/ThermalEngine(  504): Failed to set desired CPU[1] frequency limit to 2457600
05-04 09:45:26.065 E/ThermalEngine(  504): Unable to read max frequency from online cpu.
05-04 09:45:26.066 E/ThermalEngine(  504): Failed to set desired CPU[2] frequency limit to 2457600
05-04 09:45:26.068 E/ThermalEngine(  504): Unable to read max frequency from online cpu.
05-04 09:45:26.068 E/ThermalEngine(  504): Failed to set desired CPU[1] frequency limit to 2457600
05-04 09:45:27.235 E/ThermalEngine(  504): Unable to read max frequency from online cpu.
05-04 09:45:27.235 E/ThermalEngine(  504): Failed to set desired CPU[2] frequency limit to 2457600
05-04 09:45:28.448 E/ThermalEngine(  504): Unable to read max frequency from online cpu.
05-04 09:45:28.448 E/ThermalEngine(  504): Failed to set desired CPU[2] frequency limit to 2457600
05-04 09:45:28.451 E/ThermalEngine(  504): Unable to read max frequency from online cpu.
05-04 09:45:28.451 E/ThermalEngine(  504): Failed to set desired CPU[1] frequency limit to 2457600
05-04 09:45:29.277 E/ThermalEngine(  504): Unable to read max frequency from online cpu.
05-04 09:45:29.277 E/ThermalEngine(  504): Failed to set desired CPU[2] frequency limit to 2457600
05-04 09:45:31.594 E/ThermalEngine(  504): Unable to read max frequency from online cpu.
05-04 09:45:31.595 E/ThermalEngine(  504): Failed to set desired CPU[2] frequency limit to 2457600
05-04 09:45:33.998 E/QueryController(28531): Got null root node from accessibility - Retrying...
05-04 09:45:34.014 E/ThermalEngine(  504): Unable to read max frequency from online cpu.
05-04 09:45:34.014 E/ThermalEngine(  504): Failed to set desired CPU[2] frequency limit to 2457600
05-04 09:45:34.017 E/ThermalEngine(  504): Unable to read max frequency from online cpu.
05-04 09:45:34.018 E/ThermalEngine(  504): Failed to set desired CPU[1] frequency limit to 2457600
05-04 09:45:34.299 E/QueryController(28531): Got null root node from accessibility - Retrying...
05-04 09:45:35.183 E/ThermalEngine(  504): Unable to read max frequency from online cpu.
05-04 09:45:35.183 E/ThermalEngine(  504): Failed to set desired CPU[2] frequency limit to 2457600
05-04 09:45:40.959 E/QueryController(28531): Got null root node from accessibility - Retrying...
05-04 09:45:41.966 E/ThermalEngine(  504): Unable to read max frequency from online cpu.
05-04 09:45:41.967 E/ThermalEngine(  504): Failed to set desired CPU[2] frequency limit to 2457600
05-04 09:45:42.070 E/ThermalEngine(  504): Unable to read max frequency from online cpu.
05-04 09:45:42.070 E/ThermalEngine(  504): Failed to set desired CPU[1] frequency limit to 2457600
05-04 09:45:43.700 E/ThermalEngine(  504): Unable to read max frequency from online cpu.
05-04 09:45:43.700 E/ThermalEngine(  504): Failed to set desired CPU[2] frequency limit to 2457600
05-04 09:45:43.703 E/ThermalEngine(  504): Unable to read max frequency from online cpu.
05-04 09:45:43.703 E/ThermalEngine(  504): Failed to set desired CPU[1] frequency limit to 2457600
05-04 09:45:43.788 E/QueryController(28531): Got null root node from accessibility - Retrying...
05-04 09:45:44.826 E/ThermalEngine(  504): Unable to read max frequency from online cpu.
05-04 09:45:44.826 E/ThermalEngine(  504): Failed to set desired CPU[2] frequency limit to 2457600
05-04 09:45:44.836 E/ThermalEngine(  504): Unable to read max frequency from online cpu.
05-04 09:45:44.837 E/ThermalEngine(  504): Failed to set desired CPU[1] frequency limit to 2457600
05-04 09:45:45.603 E/ThermalEngine(  504): Unable to read max frequency from online cpu.
05-04 09:45:45.604 E/ThermalEngine(  504): Failed to set desired CPU[2] frequency limit to 2457600
05-04 09:45:45.613 E/ThermalEngine(  504): Unable to read max frequency from online cpu.
05-04 09:45:45.614 E/ThermalEngine(  504): Failed to set desired CPU[1] frequency limit to 2457600
05-04 09:45:46.330 E/ThermalEngine(  504): Unable to read max frequency from online cpu.
05-04 09:45:46.330 E/ThermalEngine(  504): Failed to set desired CPU[2] frequency limit to 2457600
05-04 09:45:46.684 E/ThermalEngine(  504): Unable to read max frequency from online cpu.
05-04 09:45:46.684 E/ThermalEngine(  504): Failed to set desired CPU[1] frequency limit to 2457600
05-04 09:45:46.716 E/ThermalEngine(  504): Failed to set desired CPU[1] frequency limit to 1728000
05-04 09:45:46.716 E/ThermalEngine(  504): Failed to set desired CPU[2] frequency limit to 1728000
05-04 09:45:46.716 E/ThermalEngine(  504): Failed to set desired CPU[3] frequency limit to 1728000
05-04 09:45:47.485 E/QueryController(28531): Got null root node from accessibility - Retrying...
05-04 09:45:48.262 E/ThermalEngine(  504): Unable to read max frequency from online cpu.
05-04 09:45:48.262 E/ThermalEngine(  504): Failed to set desired CPU[2] frequency limit to 1728000
05-04 09:45:49.327 E/ThermalEngine(  504): Unable to read max frequency from online cpu.
05-04 09:45:49.327 E/ThermalEngine(  504): Failed to set desired CPU[2] frequency limit to 1728000
05-04 09:45:50.836 E/ThermalEngine(  504): Unable to read max frequency from online cpu.
05-04 09:45:50.836 E/ThermalEngine(  504): Failed to set desired CPU[1] frequency limit to 1728000
05-04 09:45:51.848 E/ThermalEngine(  504): Unable to read max frequency from online cpu.
05-04 09:45:51.848 E/ThermalEngine(  504): Failed to set desired CPU[1] frequency limit to 1728000
05-04 09:45:54.331 E/ThermalEngine(  504): Unable to read max frequency from online cpu.
05-04 09:45:54.331 E/ThermalEngine(  504): Failed to set desired CPU[2] frequency limit to 1728000
05-04 09:45:54.433 E/ThermalEngine(  504): Unable to read max frequency from online cpu.
05-04 09:45:54.433 E/ThermalEngine(  504): Failed to set desired CPU[1] frequency limit to 1728000
05-04 09:45:56.117 E/ThermalEngine(  504): Unable to read max frequency from online cpu.
05-04 09:45:56.117 E/ThermalEngine(  504): Failed to set desired CPU[3] frequency limit to 1728000
05-04 09:45:56.127 E/ThermalEngine(  504): Unable to read max frequency from online cpu.
05-04 09:45:56.127 E/ThermalEngine(  504): Failed to set desired CPU[2] frequency limit to 1728000
05-04 09:45:56.130 E/ThermalEngine(  504): Unable to read max frequency from online cpu.
05-04 09:45:56.130 E/ThermalEngine(  504): Failed to set desired CPU[1] frequency limit to 1728000
05-04 09:45:57.024 E/ThermalEngine(  504): Unable to read max frequency from online cpu.
05-04 09:45:57.024 E/ThermalEngine(  504): Failed to set desired CPU[1] frequency limit to 1728000
05-04 09:45:59.197 E/ThermalEngine(  504): Unable to read max frequency from online cpu.
05-04 09:45:59.197 E/ThermalEngine(  504): Failed to set desired CPU[1] frequency limit to 1728000
05-04 09:45:59.607 E/ThermalEngine(  504): Unable to read max frequency from online cpu.
05-04 09:45:59.607 E/ThermalEngine(  504): Failed to set desired CPU[1] frequency limit to 1728000
05-04 09:46:01.178 E/ThermalEngine(  504): Unable to read max frequency from online cpu.
05-04 09:46:01.178 E/ThermalEngine(  504): Failed to set desired CPU[2] frequency limit to 1728000
05-04 09:46:03.200 E/ThermalEngine(  504): Unable to read max frequency from online cpu.
05-04 09:46:03.201 E/ThermalEngine(  504): Failed to set desired CPU[2] frequency limit to 1728000
05-04 09:46:04.567 E/ThermalEngine(  504): Unable to read max frequency from online cpu.
05-04 09:46:04.568 E/ThermalEngine(  504): Failed to set desired CPU[2] frequency limit to 1728000
05-04 09:46:07.141 E/ThermalEngine(  504): Unable to read max frequency from online cpu.
05-04 09:46:07.141 E/ThermalEngine(  504): Failed to set desired CPU[2] frequency limit to 1728000
05-04 09:46:07.151 E/ThermalEngine(  504): Unable to read max frequency from online cpu.
05-04 09:46:07.151 E/ThermalEngine(  504): Failed to set desired CPU[1] frequency limit to 1728000
05-04 09:46:08.130 E/ThermalEngine(  504): Unable to read max frequency from online cpu.
05-04 09:46:08.131 E/ThermalEngine(  504): Failed to set desired CPU[2] frequency limit to 1728000
05-04 09:46:08.183 E/ThermalEngine(  504): Unable to read max frequency from online cpu.
05-04 09:46:08.183 E/ThermalEngine(  504): Failed to set desired CPU[1] frequency limit to 1728000
05-04 09:46:09.670 E/ThermalEngine(  504): Unable to read max frequency from online cpu.
05-04 09:46:09.670 E/ThermalEngine(  504): Failed to set desired CPU[2] frequency limit to 1728000
05-04 09:46:10.525 E/ThermalEngine(  504): Unable to read max frequency from online cpu.
05-04 09:46:10.525 E/ThermalEngine(  504): Failed to set desired CPU[1] frequency limit to 1728000
05-04 09:46:11.795 E/LocSvc_libulp( 2941): I/int ulp_msg_process_system_update(UlpSystemEvent): systemEvent:5 
05-04 09:46:11.795 E/LocSvc_libulp( 2941): I/int ulp_msg_process_start_req(), at ulp state = 1
05-04 09:46:11.795 E/LocSvc_api_v02( 2941): I/---> locClientSendReq line 2020 QMI_LOC_GET_BEST_AVAILABLE_POSITION_REQ_V02
05-04 09:46:11.799 E/LocSvc_ApiV02( 2941): I/<--- void globalRespCb(locClientHandleType, uint32_t, locClientRespIndUnionType, void*) line 115 QMI_LOC_GET_BEST_AVAILABLE_POSITION_REQ_V02
05-04 09:46:11.799 E/LocSvc_libulp( 2941): I/int ulp_brain_process_zpp_position_report(loc_sess_status, LocPosTechMask, UlpLocation*), report ZPP position to providers,report_position = 1
05-04 09:46:11.799 E/IzatSvc_PassiveLocListener( 2941): E/Exiting with error virtual void izat_manager::IzatPassiveLocationListener::onLocationChanged(const izat_manager::IzatLocation*, izat_manager::IzatLocationStatus) line 113 "1"
05-04 09:46:11.804 E/ThermalEngine(  504): Unable to read max frequency from online cpu.
05-04 09:46:11.804 E/ThermalEngine(  504): Failed to set desired CPU[2] frequency limit to 1728000
05-04 09:46:12.358 E/ThermalEngine(  504): Unable to read max frequency from online cpu.
05-04 09:46:12.358 E/ThermalEngine(  504): Failed to set desired CPU[1] frequency limit to 1728000
05-04 09:46:13.981 E/ThermalEngine(  504): Unable to read max frequency from online cpu.
05-04 09:46:13.981 E/ThermalEngine(  504): Failed to set desired CPU[2] frequency limit to 1728000
05-04 09:46:14.185 E/ThermalEngine(  504): Unable to read max frequency from online cpu.
05-04 09:46:14.185 E/ThermalEngine(  504): Failed to set desired CPU[1] frequency limit to 1728000
05-04 09:46:14.960 E/ThermalEngine(  504): Unable to read max frequency from online cpu.
05-04 09:46:14.960 E/ThermalEngine(  504): Failed to set desired CPU[2] frequency limit to 1728000
05-04 09:46:15.023 E/ThermalEngine(  504): Unable to read max frequency from online cpu.
05-04 09:46:15.023 E/ThermalEngine(  504): Failed to set desired CPU[1] frequency limit to 1728000
05-04 09:46:16.697 E/ThermalEngine(  504): Unable to read max frequency from online cpu.
05-04 09:46:16.697 E/ThermalEngine(  504): Failed to set desired CPU[1] frequency limit to 1728000
05-04 09:46:17.556 E/ThermalEngine(  504): Unable to read max frequency from online cpu.
05-04 09:46:17.556 E/ThermalEngine(  504): Failed to set desired CPU[1] frequency limit to 1728000
05-04 09:46:19.831 E/ThermalEngine(  504): Unable to read max frequency from online cpu.
05-04 09:46:19.831 E/ThermalEngine(  504): Failed to set desired CPU[2] frequency limit to 1728000
05-04 09:46:20.391 E/ThermalEngine(  504): Unable to read max frequency from online cpu.
05-04 09:46:20.391 E/ThermalEngine(  504): Failed to set desired CPU[2] frequency limit to 1728000
05-04 09:46:21.249 E/ThermalEngine(  504): Unable to read max frequency from online cpu.
05-04 09:46:21.249 E/ThermalEngine(  504): Failed to set desired CPU[2] frequency limit to 1728000
05-04 09:46:25.730 E/ThermalEngine(  504): Unable to read max frequency from online cpu.
05-04 09:46:25.730 E/ThermalEngine(  504): Failed to set desired CPU[2] frequency limit to 1728000
05-04 09:46:26.246 E/ThermalEngine(  504): Unable to read max frequency from online cpu.
05-04 09:46:26.246 E/ThermalEngine(  504): Failed to set desired CPU[2] frequency limit to 1728000
05-04 09:46:27.218 E/ThermalEngine(  504): Unable to read max frequency from online cpu.
05-04 09:46:27.219 E/ThermalEngine(  504): Failed to set desired CPU[2] frequency limit to 1728000
05-04 09:46:29.346 E/ThermalEngine(  504): Unable to read max frequency from online cpu.
05-04 09:46:29.346 E/ThermalEngine(  504): Failed to set desired CPU[2] frequency limit to 1728000
05-04 09:46:31.665 E/ThermalEngine(  504): Unable to read max frequency from online cpu.
05-04 09:46:31.666 E/ThermalEngine(  504): Failed to set desired CPU[2] frequency limit to 1728000
05-04 09:46:32.621 E/ThermalEngine(  504): Unable to read max frequency from online cpu.
05-04 09:46:32.621 E/ThermalEngine(  504): Failed to set desired CPU[1] frequency limit to 1728000
05-04 09:46:33.599 E/ThermalEngine(  504): Unable to read max frequency from online cpu.
05-04 09:46:33.599 E/ThermalEngine(  504): Failed to set desired CPU[2] frequency limit to 1728000
05-04 09:46:33.658 E/ThermalEngine(  504): Unable to read max frequency from online cpu.
05-04 09:46:33.658 E/ThermalEngine(  504): Failed to set desired CPU[1] frequency limit to 1728000
05-04 09:46:34.878 E/ThermalEngine(  504): Unable to read max frequency from online cpu.
05-04 09:46:34.878 E/ThermalEngine(  504): Failed to set desired CPU[2] frequency limit to 1728000
05-04 09:46:36.136 E/ThermalEngine(  504): Unable to read max frequency from online cpu.
05-04 09:46:36.136 E/ThermalEngine(  504): Failed to set desired CPU[1] frequency limit to 1728000
05-04 09:46:37.004 E/ThermalEngine(  504): Unable to read max frequency from online cpu.
05-04 09:46:37.004 E/ThermalEngine(  504): Failed to set desired CPU[1] frequency limit to 1728000
05-04 09:46:38.276 E/ThermalEngine(  504): Unable to read max frequency from online cpu.
05-04 09:46:38.276 E/ThermalEngine(  504): Failed to set desired CPU[2] frequency limit to 1728000
05-04 09:46:39.837 E/ThermalEngine(  504): Unable to read max frequency from online cpu.
05-04 09:46:39.837 E/ThermalEngine(  504): Failed to set desired CPU[2] frequency limit to 1728000
05-04 09:46:41.100 E/ThermalEngine(  504): Unable to read max frequency from online cpu.
05-04 09:46:41.100 E/ThermalEngine(  504): Failed to set desired CPU[2] frequency limit to 1728000
05-04 09:46:42.012 E/ThermalEngine(  504): Unable to read max frequency from online cpu.
05-04 09:46:42.012 E/ThermalEngine(  504): Failed to set desired CPU[2] frequency limit to 1728000
05-04 09:46:42.115 E/ThermalEngine(  504): Unable to read max frequency from online cpu.
05-04 09:46:42.115 E/ThermalEngine(  504): Failed to set desired CPU[1] frequency limit to 1728000
05-04 09:46:43.300 E/ThermalEngine(  504): Unable to read max frequency from online cpu.
05-04 09:46:43.301 E/ThermalEngine(  504): Failed to set desired CPU[2] frequency limit to 1728000
05-04 09:46:43.304 E/ThermalEngine(  504): Unable to read max frequency from online cpu.
05-04 09:46:43.304 E/ThermalEngine(  504): Failed to set desired CPU[1] frequency limit to 1728000
05-04 09:46:43.922 E/ThermalEngine(  504): Unable to read max frequency from online cpu.
05-04 09:46:43.922 E/ThermalEngine(  504): Failed to set desired CPU[2] frequency limit to 1728000
05-04 09:46:43.976 E/ThermalEngine(  504): Unable to read max frequency from online cpu.
05-04 09:46:43.976 E/ThermalEngine(  504): Failed to set desired CPU[1] frequency limit to 1728000
05-04 09:46:44.040 E/QueryController(28531): Got null root node from accessibility - Retrying...
05-04 09:46:44.762 E/ThermalEngine(  504): Unable to read max frequency from online cpu.
05-04 09:46:44.762 E/ThermalEngine(  504): Failed to set desired CPU[2] frequency limit to 1728000
05-04 09:46:45.775 E/ThermalEngine(  504): Unable to read max frequency from online cpu.
05-04 09:46:45.775 E/ThermalEngine(  504): Failed to set desired CPU[2] frequency limit to 1728000
05-04 09:46:45.779 E/ThermalEngine(  504): Unable to read max frequency from online cpu.
05-04 09:46:45.779 E/ThermalEngine(  504): Failed to set desired CPU[1] frequency limit to 1728000
05-04 09:46:45.830 E/QueryController(28531): Got null root node from accessibility - Retrying...
05-04 09:46:47.352 E/ThermalEngine(  504): Unable to read max frequency from online cpu.
05-04 09:46:47.352 E/ThermalEngine(  504): Failed to set desired CPU[2] frequency limit to 1728000
05-04 09:46:47.360 E/ThermalEngine(  504): Unable to read max frequency from online cpu.
05-04 09:46:47.360 E/ThermalEngine(  504): Failed to set desired CPU[1] frequency limit to 1728000
05-04 09:46:47.423 E/QueryController(28531): Got null root node from accessibility - Retrying...
05-04 09:46:48.124 E/ThermalEngine(  504): Unable to read max frequency from online cpu.
05-04 09:46:48.124 E/ThermalEngine(  504): Failed to set desired CPU[1] frequency limit to 1728000
05-04 09:46:49.097 E/ThermalEngine(  504): Unable to read max frequency from online cpu.
