05-04 07:57:24.712 E/DatabaseUtils( 2941): 	at android.content.ContentProviderNative.onTransact(ContentProviderNative.java:283)
05-04 07:57:24.712 E/DatabaseUtils( 2941): 	at android.os.Binder.execTransact(Binder.java:453)
05-04 07:57:24.771 E/Metok   ( 5032): get current cell error
05-04 07:57:24.784 E/ThermalEngine(  504): Unable to read max frequency from online cpu.
05-04 07:57:24.785 E/ThermalEngine(  504): Failed to set desired CPU[1] frequency limit to 2457600
05-04 07:57:24.842 E/AD-PLUGIN-PushConfigManager( 5410): request error, message: ERROR_INVALID_RESPONSE
05-04 07:57:25.007 E/Micloud ( 8103): MiCloudServerException
05-04 07:57:25.007 E/Micloud ( 8103): com.xiaomi.accountsdk.request.CipherException: fail to decrypt by aescoder
05-04 07:57:25.007 E/Micloud ( 8103): 	at com.xiaomi.accountsdk.utils.AESCoder.decrypt(AESCoder.java:58)
05-04 07:57:25.007 E/Micloud ( 8103): 	at com.xiaomi.micloudsdk.request.CloudRequestHelper.httpPostRequest(CloudRequestHelper.java:145)
05-04 07:57:25.007 E/Micloud ( 8103): 	at com.xiaomi.micloudsdk.request.CloudRequestHelper.httpPostRequestWithDecodeData(CloudRequestHelper.java:73)
05-04 07:57:25.007 E/Micloud ( 8103): 	at com.xiaomi.micloudsdk.request.Request.execute(Request.java:296)
05-04 07:57:25.007 E/Micloud ( 8103): 	at com.xiaomi.micloudsdk.request.Request.securePost(Request.java:189)
05-04 07:57:25.007 E/Micloud ( 8103): 	at com.xiaomi.micloudsdk.request.Request.securePost(Request.java:181)
05-04 07:57:25.007 E/Micloud ( 8103): 	at com.miui.gallery.util.deviceprovider.BigMiCloudProvider.securePost(BigMiCloudProvider.java:117)
05-04 07:57:25.007 E/Micloud ( 8103): 	at com.miui.gallery.net.GalleryNetwork.performRequest(GalleryNetwork.java:41)
05-04 07:57:25.007 E/Micloud ( 8103): 	at com.android.volley.NetworkDispatcher.run(NetworkDispatcher.java:110)
05-04 07:57:25.007 E/Micloud ( 8103): Caused by: java.lang.IllegalArgumentException: bad base-64
05-04 07:57:25.007 E/Micloud ( 8103): 	at android.util.Base64.decode(Base64.java:161)
05-04 07:57:25.007 E/Micloud ( 8103): 	at android.util.Base64.decode(Base64.java:136)
05-04 07:57:25.007 E/Micloud ( 8103): 	at android.util.Base64.decode(Base64.java:118)
05-04 07:57:25.007 E/Micloud ( 8103): 	at com.xiaomi.accountsdk.utils.AESCoder.decrypt(AESCoder.java:52)
05-04 07:57:25.007 E/Micloud ( 8103): 	... 8 more
05-04 07:57:25.007 E/Micloud ( 8103): CloudServer Exception: 
05-04 07:57:25.007 E/Micloud ( 8103): com.xiaomi.micloudsdk.exception.CloudServerException: status: 0
05-04 07:57:25.007 E/Micloud ( 8103): 	at com.xiaomi.micloudsdk.request.CloudRequestHelper.httpPostRequest(CloudRequestHelper.java:148)
05-04 07:57:25.007 E/Micloud ( 8103): 	at com.xiaomi.micloudsdk.request.CloudRequestHelper.httpPostRequestWithDecodeData(CloudRequestHelper.java:73)
05-04 07:57:25.007 E/Micloud ( 8103): 	at com.xiaomi.micloudsdk.request.Request.execute(Request.java:296)
05-04 07:57:25.007 E/Micloud ( 8103): 	at com.xiaomi.micloudsdk.request.Request.securePost(Request.java:189)
05-04 07:57:25.007 E/Micloud ( 8103): 	at com.xiaomi.micloudsdk.request.Request.securePost(Request.java:181)
05-04 07:57:25.007 E/Micloud ( 8103): 	at com.miui.gallery.util.deviceprovider.BigMiCloudProvider.securePost(BigMiCloudProvider.java:117)
05-04 07:57:25.007 E/Micloud ( 8103): 	at com.miui.gallery.net.GalleryNetwork.performRequest(GalleryNetwork.java:41)
05-04 07:57:25.007 E/Micloud ( 8103): 	at com.android.volley.NetworkDispatcher.run(NetworkDispatcher.java:110)
05-04 07:57:25.008 E/MiuiGallery2_CloudControlRequestHelper( 8103): Request failed, errorCode: NET_ERROR, errorMessage: null, responseData: com.miui.gallery.cloud.GalleryMiCloudServerException.
05-04 07:57:26.184 E/ThermalEngine(  504): Unable to read max frequency from online cpu.
05-04 07:57:26.185 E/ThermalEngine(  504): Failed to set desired CPU[3] frequency limit to 2457600
05-04 07:57:29.778 E/ThermalEngine(  504): Unable to read max frequency from online cpu.
05-04 07:57:29.778 E/ThermalEngine(  504): Failed to set desired CPU[3] frequency limit to 2457600
05-04 07:57:29.826 E/ThermalEngine(  504): Unable to read max frequency from online cpu.
05-04 07:57:29.827 E/ThermalEngine(  504): Failed to set desired CPU[2] frequency limit to 2457600
05-04 07:57:35.030 E/ThermalEngine(  504): Unable to read max frequency from online cpu.
05-04 07:57:35.030 E/ThermalEngine(  504): Failed to set desired CPU[3] frequency limit to 2457600
05-04 07:57:35.076 E/ThermalEngine(  504): Unable to read max frequency from online cpu.
05-04 07:57:35.076 E/ThermalEngine(  504): Failed to set desired CPU[2] frequency limit to 2457600
05-04 07:57:41.047 E/PowerManagerService( 2941): Only X4,X3 support this feature for low power consumption!
05-04 07:57:41.055 E/PowerManagerService( 2941): Only X4,X3 support this feature for low power consumption!
05-04 07:57:42.097 E/PowerManagerService( 2941): Only X4,X3 support this feature for low power consumption!
05-04 07:57:42.422 E/PowerManagerService( 2941): Only X4,X3 support this feature for low power consumption!
05-04 07:57:42.525 E/ThermalEngine(  504): Unable to read max frequency from online cpu.
05-04 07:57:42.526 E/ThermalEngine(  504): Failed to set desired CPU[3] frequency limit to 2457600
05-04 07:57:42.537 E/ThermalEngine(  504): Unable to read max frequency from online cpu.
05-04 07:57:42.537 E/ThermalEngine(  504): Failed to set desired CPU[2] frequency limit to 2457600
05-04 07:57:42.566 E/ThermalEngine(  504): Unable to read max frequency from online cpu.
05-04 07:57:42.566 E/ThermalEngine(  504): Failed to set desired CPU[1] frequency limit to 2457600
05-04 07:57:42.778 E/PowerManagerService( 2941): Only X4,X3 support this feature for low power consumption!
05-04 07:57:47.773 E/PowerManagerService( 2941): Only X4,X3 support this feature for low power consumption!
05-04 07:57:47.816 E/PowerManagerService( 2941): Only X4,X3 support this feature for low power consumption!
05-04 08:00:23.087 E/PowerManagerService( 2941): Only X4,X3 support this feature for low power consumption!
05-04 08:00:23.173 E/PowerManagerService( 2941): Only X4,X3 support this feature for low power consumption!
05-04 08:00:23.200 E/ThermalEngine(  504): Unable to read max frequency from online cpu.
05-04 08:00:23.200 E/ThermalEngine(  504): Failed to set desired CPU[2] frequency limit to 2457600
05-04 08:00:23.210 E/ThermalEngine(  504): Unable to read max frequency from online cpu.
05-04 08:00:23.210 E/ThermalEngine(  504): Failed to set desired CPU[1] frequency limit to 2457600
05-04 08:02:13.482 E/PowerManagerService( 2941): Only X4,X3 support this feature for low power consumption!
05-04 08:02:13.522 E/DatabaseUtils( 2941): Writing exception to parcel
05-04 08:02:13.522 E/DatabaseUtils( 2941): java.lang.SecurityException: com.sogou.activity.src was not granted  this permission: android.permission.WRITE_SETTINGS.
05-04 08:02:13.522 E/DatabaseUtils( 2941): 	at android.provider.Settings.isCallingPackageAllowedToPerformAppOpsProtectedOperation(Settings.java:8507)
05-04 08:02:13.522 E/DatabaseUtils( 2941): 	at android.provider.Settings.checkAndNoteWriteSettingsOperation(Settings.java:8389)
05-04 08:02:13.522 E/DatabaseUtils( 2941): 	at com.android.providers.settings.SettingsProvider.mutateSystemSetting(SettingsProvider.java:915)
05-04 08:02:13.522 E/DatabaseUtils( 2941): 	at com.android.providers.settings.SettingsProvider.insertSystemSetting(SettingsProvider.java:890)
05-04 08:02:13.522 E/DatabaseUtils( 2941): 	at com.android.providers.settings.SettingsProvider.call(SettingsProvider.java:263)
05-04 08:02:13.522 E/DatabaseUtils( 2941): 	at android.content.ContentProvider$Transport.call(ContentProvider.java:398)
05-04 08:02:13.522 E/DatabaseUtils( 2941): 	at android.content.ContentProviderNative.onTransact(ContentProviderNative.java:283)
05-04 08:02:13.522 E/DatabaseUtils( 2941): 	at android.os.Binder.execTransact(Binder.java:453)
05-04 08:02:13.524 E/DatabaseUtils( 2941): Writing exception to parcel
05-04 08:02:13.524 E/DatabaseUtils( 2941): java.lang.SecurityException: com.sogou.activity.src was not granted  this permission: android.permission.WRITE_SETTINGS.
05-04 08:02:13.524 E/DatabaseUtils( 2941): 	at android.provider.Settings.isCallingPackageAllowedToPerformAppOpsProtectedOperation(Settings.java:8507)
05-04 08:02:13.524 E/DatabaseUtils( 2941): 	at android.provider.Settings.checkAndNoteWriteSettingsOperation(Settings.java:8389)
05-04 08:02:13.524 E/DatabaseUtils( 2941): 	at com.android.providers.settings.SettingsProvider.mutateSystemSetting(SettingsProvider.java:915)
05-04 08:02:13.524 E/DatabaseUtils( 2941): 	at com.android.providers.settings.SettingsProvider.insertSystemSetting(SettingsProvider.java:890)
05-04 08:02:13.524 E/DatabaseUtils( 2941): 	at com.android.providers.settings.SettingsProvider.call(SettingsProvider.java:263)
05-04 08:02:13.524 E/DatabaseUtils( 2941): 	at android.content.ContentProvider$Transport.call(ContentProvider.java:398)
05-04 08:02:13.524 E/DatabaseUtils( 2941): 	at android.content.ContentProviderNative.onTransact(ContentProviderNative.java:283)
05-04 08:02:13.524 E/DatabaseUtils( 2941): 	at android.os.Binder.execTransact(Binder.java:453)
05-04 08:02:13.550 E/PowerManagerService( 2941): Only X4,X3 support this feature for low power consumption!
05-04 08:04:06.166 E/PowerManagerService( 2941): Only X4,X3 support this feature for low power consumption!
05-04 08:04:06.276 E/ThermalEngine(  504): Unable to read max frequency from online cpu.
05-04 08:04:06.276 E/ThermalEngine(  504): Failed to set desired CPU[2] frequency limit to 2457600
05-04 08:04:06.281 E/ThermalEngine(  504): Unable to read max frequency from online cpu.
05-04 08:04:06.281 E/ThermalEngine(  504): Failed to set desired CPU[1] frequency limit to 2457600
05-04 08:04:06.296 E/Icon    ( 4428): Unable to load resource 0xffffffff from pkg=com.xiaomi.xmsf
05-04 08:04:06.296 E/Icon    ( 4428): android.content.res.Resources$NotFoundException: Resource ID #0xffffffff
05-04 08:04:06.296 E/Icon    ( 4428): 	at android.content.res.Resources.getValue(Resources.java:1369)
05-04 08:04:06.296 E/Icon    ( 4428): 	at android.content.res.MiuiResources.getValue(MiuiResources.java:145)
05-04 08:04:06.296 E/Icon    ( 4428): 	at android.content.res.Resources.getDrawable(Resources.java:822)
05-04 08:04:06.296 E/Icon    ( 4428): 	at android.graphics.drawable.Icon.loadDrawableInner(Icon.java:313)
05-04 08:04:06.296 E/Icon    ( 4428): 	at android.graphics.drawable.Icon.loadDrawable(Icon.java:269)
05-04 08:04:06.296 E/Icon    ( 4428): 	at android.widget.ImageView.setImageIcon(ImageView.java:498)
05-04 08:04:06.296 E/Icon    ( 4428): 	at java.lang.reflect.Method.invoke(Native Method)
05-04 08:04:06.296 E/Icon    ( 4428): 	at android.widget.RemoteViews$ReflectionAction.apply(RemoteViews.java:1296)
05-04 08:04:06.296 E/Icon    ( 4428): 	at android.widget.RemoteViews.performApply(RemoteViews.java:2804)
05-04 08:04:06.296 E/Icon    ( 4428): 	at android.widget.RemoteViews.apply(RemoteViews.java:2764)
05-04 08:04:06.296 E/Icon    ( 4428): 	at com.android.systemui.statusbar.BaseStatusBar.inflateViews(BaseStatusBar.java:635)
05-04 08:04:06.296 E/Icon    ( 4428): 	at com.android.systemui.statusbar.BaseStatusBar.addNotificationViews(BaseStatusBar.java:1012)
05-04 08:04:06.296 E/Icon    ( 4428): 	at com.android.systemui.statusbar.phone.PhoneStatusBar.addNotification(PhoneStatusBar.java:1825)
05-04 08:04:06.296 E/Icon    ( 4428): 	at com.android.systemui.statusbar.CommandQueue$H.handleMessage(CommandQueue.java:442)
05-04 08:04:06.296 E/Icon    ( 4428): 	at android.os.Handler.dispatchMessage(Handler.java:102)
05-04 08:04:06.296 E/Icon    ( 4428): 	at android.os.Looper.loop(Looper.java:154)
05-04 08:04:06.296 E/Icon    ( 4428): 	at android.app.ActivityThread.main(ActivityThread.java:5462)
05-04 08:04:06.296 E/Icon    ( 4428): 	at java.lang.reflect.Method.invoke(Native Method)
05-04 08:04:06.296 E/Icon    ( 4428): 	at com.android.internal.os.ZygoteInit$MethodAndArgsCaller.run(ZygoteInit.java:739)
05-04 08:04:06.296 E/Icon    ( 4428): 	at com.android.internal.os.ZygoteInit.main(ZygoteInit.java:629)
05-04 08:04:06.381 E/Icon    ( 4428): Unable to load resource 0xffffffff from pkg=com.xiaomi.xmsf
05-04 08:04:06.381 E/Icon    ( 4428): android.content.res.Resources$NotFoundException: Resource ID #0xffffffff
05-04 08:04:06.381 E/Icon    ( 4428): 	at android.content.res.Resources.getValue(Resources.java:1369)
05-04 08:04:06.381 E/Icon    ( 4428): 	at android.content.res.MiuiResources.getValue(MiuiResources.java:145)
05-04 08:04:06.381 E/Icon    ( 4428): 	at android.content.res.Resources.getDrawable(Resources.java:822)
05-04 08:04:06.381 E/Icon    ( 4428): 	at android.graphics.drawable.Icon.loadDrawableInner(Icon.java:313)
05-04 08:04:06.381 E/Icon    ( 4428): 	at android.graphics.drawable.Icon.loadDrawable(Icon.java:269)
05-04 08:04:06.381 E/Icon    ( 4428): 	at android.widget.ImageView.setImageIcon(ImageView.java:498)
05-04 08:04:06.381 E/Icon    ( 4428): 	at java.lang.reflect.Method.invoke(Native Method)
05-04 08:04:06.381 E/Icon    ( 4428): 	at android.widget.RemoteViews$ReflectionAction.apply(RemoteViews.java:1296)
05-04 08:04:06.381 E/Icon    ( 4428): 	at android.widget.RemoteViews.performApply(RemoteViews.java:2804)
05-04 08:04:06.381 E/Icon    ( 4428): 	at android.widget.RemoteViews.reapply(RemoteViews.java:2795)
05-04 08:04:06.381 E/Icon    ( 4428): 	at com.android.systemui.statusbar.BaseStatusBar.updateNotification(BaseStatusBar.java:1115)
05-04 08:04:06.381 E/Icon    ( 4428): 	at com.android.systemui.statusbar.phone.PhoneStatusBar.updateNotification(PhoneStatusBar.java:2428)
05-04 08:04:06.381 E/Icon    ( 4428): 	at com.android.systemui.statusbar.CommandQueue$H.handleMessage(CommandQueue.java:447)
05-04 08:04:06.381 E/Icon    ( 4428): 	at android.os.Handler.dispatchMessage(Handler.java:102)
05-04 08:04:06.381 E/Icon    ( 4428): 	at android.os.Looper.loop(Looper.java:154)
05-04 08:04:06.381 E/Icon    ( 4428): 	at android.app.ActivityThread.main(ActivityThread.java:5462)
05-04 08:04:06.381 E/Icon    ( 4428): 	at java.lang.reflect.Method.invoke(Native Method)
05-04 08:04:06.381 E/Icon    ( 4428): 	at com.android.internal.os.ZygoteInit$MethodAndArgsCaller.run(ZygoteInit.java:739)
05-04 08:04:06.381 E/Icon    ( 4428): 	at com.android.internal.os.ZygoteInit.main(ZygoteInit.java:629)
05-04 08:04:06.394 E/PowerManagerService( 2941): Only X4,X3 support this feature for low power consumption!
05-04 08:05:21.980 E/PowerManagerService( 2941): Only X4,X3 support this feature for low power consumption!
05-04 08:05:22.054 E/PowerManagerService( 2941): Only X4,X3 support this feature for low power consumption!
05-04 08:06:08.910 E/IzatSvc_OSObserver( 2941): I/LocTech-Label :: OSOBSERVER :: Data Items In
05-04 08:06:08.910 E/IzatSvc_OSObserver( 2941): I/LocTech-Value :: Data Item Value: Attach state: 6, Mac address valid: false, AP MAC address: [00:00:00:00:00:00], Wifi-Ap SSID Valid: false, SSID: 
05-04 08:06:09.166 E/LIBSEC  (14450): firewall read failed or timeout
05-04 08:06:10.017 E/IzatSvc_OSObserver( 2941): I/LocTech-Label :: OSOBSERVER :: Data Items In
05-04 08:06:10.017 E/IzatSvc_OSObserver( 2941): I/LocTech-Value :: Data Item Value: Attach state: 7, Mac address valid: false, AP MAC address: [00:00:00:00:00:00], Wifi-Ap SSID Valid: false, SSID: 
05-04 08:06:10.042 E/IzatSvc_OSObserver( 2941): I/LocTech-Label :: OSOBSERVER :: Data Items In
05-04 08:06:10.042 E/IzatSvc_OSObserver( 2941): I/LocTech-Value :: Data Item Value: Attach state: 8, Mac address valid: false, AP MAC address: [00:00:00:00:00:00], Wifi-Ap SSID Valid: false, SSID: 
05-04 08:06:10.059 E/IzatSvc_OSObserver( 2941): I/LocTech-Label :: OSOBSERVER :: Data Items In
05-04 08:06:10.059 E/IzatSvc_OSObserver( 2941): I/LocTech-Value :: Data Item Value: Attach state: 9, Mac address valid: true, AP MAC address: [74:1f:4a:cd:8f:76], Wifi-Ap SSID Valid: true, SSID: RJYFZX-Wifi-01
05-04 08:06:10.060 E/LocSvc_api_v02( 2941): I/---> locClientSendReq line 2020 QMI_LOC_NOTIFY_WIFI_ATTACHMENT_STATUS_REQ_V02
05-04 08:06:10.064 E/LocSvc_LBSApiV02( 2941): E/virtual int lbs_core::LBSApiV02::wifiAttachmentStatusInject(const WifiSupplicantInfo&):660]: Error : st = 11, ind.status = -1227643500
05-04 08:07:31.014 E/PowerManagerService( 2941): Only X4,X3 support this feature for low power consumption!
05-04 08:07:31.029 E/DatabaseUtils( 2941): Writing exception to parcel
05-04 08:07:31.029 E/DatabaseUtils( 2941): java.lang.SecurityException: com.sogou.activity.src was not granted  this permission: android.permission.WRITE_SETTINGS.
05-04 08:07:31.029 E/DatabaseUtils( 2941): 	at android.provider.Settings.isCallingPackageAllowedToPerformAppOpsProtectedOperation(Settings.java:8507)
05-04 08:07:31.029 E/DatabaseUtils( 2941): 	at android.provider.Settings.checkAndNoteWriteSettingsOperation(Settings.java:8389)
05-04 08:07:31.029 E/DatabaseUtils( 2941): 	at com.android.providers.settings.SettingsProvider.mutateSystemSetting(SettingsProvider.java:915)
05-04 08:07:31.029 E/DatabaseUtils( 2941): 	at com.android.providers.settings.SettingsProvider.insertSystemSetting(SettingsProvider.java:890)
05-04 08:07:31.029 E/DatabaseUtils( 2941): 	at com.android.providers.settings.SettingsProvider.call(SettingsProvider.java:263)
05-04 08:07:31.029 E/DatabaseUtils( 2941): 	at android.content.ContentProvider$Transport.call(ContentProvider.java:398)
05-04 08:07:31.029 E/DatabaseUtils( 2941): 	at android.content.ContentProviderNative.onTransact(ContentProviderNative.java:283)
05-04 08:07:31.029 E/DatabaseUtils( 2941): 	at android.os.Binder.execTransact(Binder.java:453)
05-04 08:07:31.035 E/DatabaseUtils( 2941): Writing exception to parcel
05-04 08:07:31.035 E/DatabaseUtils( 2941): java.lang.SecurityException: com.sogou.activity.src was not granted  this permission: android.permission.WRITE_SETTINGS.
05-04 08:07:31.035 E/DatabaseUtils( 2941): 	at android.provider.Settings.isCallingPackageAllowedToPerformAppOpsProtectedOperation(Settings.java:8507)
05-04 08:07:31.035 E/DatabaseUtils( 2941): 	at android.provider.Settings.checkAndNoteWriteSettingsOperation(Settings.java:8389)
05-04 08:07:31.035 E/DatabaseUtils( 2941): 	at com.android.providers.settings.SettingsProvider.mutateSystemSetting(SettingsProvider.java:915)
05-04 08:07:31.035 E/DatabaseUtils( 2941): 	at com.android.providers.settings.SettingsProvider.insertSystemSetting(SettingsProvider.java:890)
05-04 08:07:31.035 E/DatabaseUtils( 2941): 	at com.android.providers.settings.SettingsProvider.call(SettingsProvider.java:263)
05-04 08:07:31.035 E/DatabaseUtils( 2941): 	at android.content.ContentProvider$Transport.call(ContentProvider.java:398)
05-04 08:07:31.035 E/DatabaseUtils( 2941): 	at android.content.ContentProviderNative.onTransact(ContentProviderNative.java:283)
05-04 08:07:31.035 E/DatabaseUtils( 2941): 	at android.os.Binder.execTransact(Binder.java:453)
05-04 08:07:31.317 E/ThermalEngine(  504): Unable to read max frequency from online cpu.
05-04 08:07:31.317 E/ThermalEngine(  504): Failed to set desired CPU[1] frequency limit to 2457600
05-04 08:07:31.388 E/Micloud ( 8103): MiCloudServerException
05-04 08:07:31.388 E/Micloud ( 8103): com.xiaomi.accountsdk.request.CipherException: fail to decrypt by aescoder
05-04 08:07:31.388 E/Micloud ( 8103): 	at com.xiaomi.accountsdk.utils.AESCoder.decrypt(AESCoder.java:58)
05-04 08:07:31.388 E/Micloud ( 8103): 	at com.xiaomi.micloudsdk.request.CloudRequestHelper.httpPostRequest(CloudRequestHelper.java:145)
05-04 08:07:31.388 E/Micloud ( 8103): 	at com.xiaomi.micloudsdk.request.CloudRequestHelper.httpPostRequestWithDecodeData(CloudRequestHelper.java:73)
05-04 08:07:31.388 E/Micloud ( 8103): 	at com.xiaomi.micloudsdk.request.Request.execute(Request.java:296)
05-04 08:07:31.388 E/Micloud ( 8103): 	at com.xiaomi.micloudsdk.request.Request.securePost(Request.java:189)
05-04 08:07:31.388 E/Micloud ( 8103): 	at com.xiaomi.micloudsdk.request.Request.securePost(Request.java:181)
05-04 08:07:31.388 E/Micloud ( 8103): 	at com.miui.gallery.util.deviceprovider.BigMiCloudProvider.securePost(BigMiCloudProvider.java:117)
05-04 08:07:31.388 E/Micloud ( 8103): 	at com.miui.gallery.net.GalleryNetwork.performRequest(GalleryNetwork.java:41)
05-04 08:07:31.388 E/Micloud ( 8103): 	at com.android.volley.NetworkDispatcher.run(NetworkDispatcher.java:110)
05-04 08:07:31.388 E/Micloud ( 8103): Caused by: java.lang.IllegalArgumentException: bad base-64
05-04 08:07:31.388 E/Micloud ( 8103): 	at android.util.Base64.decode(Base64.java:161)
05-04 08:07:31.388 E/Micloud ( 8103): 	at android.util.Base64.decode(Base64.java:136)
05-04 08:07:31.388 E/Micloud ( 8103): 	at android.util.Base64.decode(Base64.java:118)
05-04 08:07:31.388 E/Micloud ( 8103): 	at com.xiaomi.accountsdk.utils.AESCoder.decrypt(AESCoder.java:52)
05-04 08:07:31.388 E/Micloud ( 8103): 	... 8 more
05-04 08:07:31.389 E/Micloud ( 8103): CloudServer Exception: 
05-04 08:07:31.389 E/Micloud ( 8103): com.xiaomi.micloudsdk.exception.CloudServerException: status: 0
05-04 08:07:31.389 E/Micloud ( 8103): 	at com.xiaomi.micloudsdk.request.CloudRequestHelper.httpPostRequest(CloudRequestHelper.java:148)
05-04 08:07:31.389 E/Micloud ( 8103): 	at com.xiaomi.micloudsdk.request.CloudRequestHelper.httpPostRequestWithDecodeData(CloudRequestHelper.java:73)
05-04 08:07:31.389 E/Micloud ( 8103): 	at com.xiaomi.micloudsdk.request.Request.execute(Request.java:296)
05-04 08:07:31.389 E/Micloud ( 8103): 	at com.xiaomi.micloudsdk.request.Request.securePost(Request.java:189)
05-04 08:07:31.389 E/Micloud ( 8103): 	at com.xiaomi.micloudsdk.request.Request.securePost(Request.java:181)
05-04 08:07:31.389 E/Micloud ( 8103): 	at com.miui.gallery.util.deviceprovider.BigMiCloudProvider.securePost(BigMiCloudProvider.java:117)
05-04 08:07:31.389 E/Micloud ( 8103): 	at com.miui.gallery.net.GalleryNetwork.performRequest(GalleryNetwork.java:41)
05-04 08:07:31.389 E/Micloud ( 8103): 	at com.android.volley.NetworkDispatcher.run(NetworkDispatcher.java:110)
05-04 08:07:31.390 E/MiuiGallery2_CloudControlRequestHelper( 8103): Request failed, errorCode: NET_ERROR, errorMessage: null, responseData: com.miui.gallery.cloud.GalleryMiCloudServerException.
05-04 08:07:36.231 E/ThermalEngine(  504): Unable to read max frequency from online cpu.
05-04 08:07:36.231 E/ThermalEngine(  504): Failed to set desired CPU[3] frequency limit to 2457600
05-04 08:07:36.280 E/ThermalEngine(  504): Unable to read max frequency from online cpu.
05-04 08:07:36.280 E/ThermalEngine(  504): Failed to set desired CPU[2] frequency limit to 2457600
05-04 08:07:36.287 E/ThermalEngine(  504): Unable to read max frequency from online cpu.
05-04 08:07:36.287 E/ThermalEngine(  504): Failed to set desired CPU[1] frequency limit to 2457600
05-04 08:07:40.132 E/ThermalEngine(  504): Unable to read max frequency from online cpu.
05-04 08:07:40.133 E/ThermalEngine(  504): Failed to set desired CPU[3] frequency limit to 2457600
05-04 08:07:46.181 E/ThermalEngine(  504): Unable to read max frequency from online cpu.
05-04 08:07:46.181 E/ThermalEngine(  504): Failed to set desired CPU[3] frequency limit to 2457600
05-04 08:07:47.618 E/PowerManagerService( 2941): Only X4,X3 support this feature for low power consumption!
05-04 08:07:47.624 E/PowerManagerService( 2941): Only X4,X3 support this feature for low power consumption!
05-04 08:07:48.662 E/PowerManagerService( 2941): Only X4,X3 support this feature for low power consumption!
05-04 08:07:52.116 E/ThermalEngine(  504): Unable to read max frequency from online cpu.
05-04 08:07:52.116 E/ThermalEngine(  504): Failed to set desired CPU[3] frequency limit to 2457600
05-04 08:07:52.120 E/ThermalEngine(  504): Unable to read max frequency from online cpu.
05-04 08:07:52.120 E/ThermalEngine(  504): Failed to set desired CPU[2] frequency limit to 2457600
05-04 08:07:52.147 E/ThermalEngine(  504): Unable to read max frequency from online cpu.
05-04 08:07:52.147 E/ThermalEngine(  504): Failed to set desired CPU[1] frequency limit to 2457600
05-04 08:07:52.593 E/PowerManagerService( 2941): Only X4,X3 support this feature for low power consumption!
05-04 08:07:52.830 E/PowerManagerService( 2941): Only X4,X3 support this feature for low power consumption!
05-04 08:10:23.636 E/PowerManagerService( 2941): Only X4,X3 support this feature for low power consumption!
05-04 08:10:23.712 E/PowerManagerService( 2941): Only X4,X3 support this feature for low power consumption!
05-04 08:10:23.757 E/ThermalEngine(  504): Unable to read max frequency from online cpu.
05-04 08:10:23.757 E/ThermalEngine(  504): Failed to set desired CPU[2] frequency limit to 2457600
05-04 08:12:13.846 E/PowerManagerService( 2941): Only X4,X3 support this feature for low power consumption!
05-04 08:12:13.883 E/DatabaseUtils( 2941): Writing exception to parcel
05-04 08:12:13.883 E/DatabaseUtils( 2941): java.lang.SecurityException: com.sogou.activity.src was not granted  this permission: android.permission.WRITE_SETTINGS.
05-04 08:12:13.883 E/DatabaseUtils( 2941): 	at android.provider.Settings.isCallingPackageAllowedToPerformAppOpsProtectedOperation(Settings.java:8507)
05-04 08:12:13.883 E/DatabaseUtils( 2941): 	at android.provider.Settings.checkAndNoteWriteSettingsOperation(Settings.java:8389)
05-04 08:12:13.883 E/DatabaseUtils( 2941): 	at com.android.providers.settings.SettingsProvider.mutateSystemSetting(SettingsProvider.java:915)
05-04 08:12:13.883 E/DatabaseUtils( 2941): 	at com.android.providers.settings.SettingsProvider.insertSystemSetting(SettingsProvider.java:890)
05-04 08:12:13.883 E/DatabaseUtils( 2941): 	at com.android.providers.settings.SettingsProvider.call(SettingsProvider.java:263)
05-04 08:12:13.883 E/DatabaseUtils( 2941): 	at android.content.ContentProvider$Transport.call(ContentProvider.java:398)
05-04 08:12:13.883 E/DatabaseUtils( 2941): 	at android.content.ContentProviderNative.onTransact(ContentProviderNative.java:283)
05-04 08:12:13.883 E/DatabaseUtils( 2941): 	at android.os.Binder.execTransact(Binder.java:453)
05-04 08:12:13.889 E/DatabaseUtils( 2941): Writing exception to parcel
05-04 08:12:13.889 E/DatabaseUtils( 2941): java.lang.SecurityException: com.sogou.activity.src was not granted  this permission: android.permission.WRITE_SETTINGS.
05-04 08:12:13.889 E/DatabaseUtils( 2941): 	at android.provider.Settings.isCallingPackageAllowedToPerformAppOpsProtectedOperation(Settings.java:8507)
05-04 08:12:13.889 E/DatabaseUtils( 2941): 	at android.provider.Settings.checkAndNoteWriteSettingsOperation(Settings.java:8389)
05-04 08:12:13.889 E/DatabaseUtils( 2941): 	at com.android.providers.settings.SettingsProvider.mutateSystemSetting(SettingsProvider.java:915)
05-04 08:12:13.889 E/DatabaseUtils( 2941): 	at com.android.providers.settings.SettingsProvider.insertSystemSetting(SettingsProvider.java:890)
05-04 08:12:13.889 E/DatabaseUtils( 2941): 	at com.android.providers.settings.SettingsProvider.call(SettingsProvider.java:263)
05-04 08:12:13.889 E/DatabaseUtils( 2941): 	at android.content.ContentProvider$Transport.call(ContentProvider.java:398)
05-04 08:12:13.889 E/DatabaseUtils( 2941): 	at android.content.ContentProviderNative.onTransact(ContentProviderNative.java:283)
05-04 08:12:13.889 E/DatabaseUtils( 2941): 	at android.os.Binder.execTransact(Binder.java:453)
05-04 08:12:13.935 E/PowerManagerService( 2941): Only X4,X3 support this feature for low power consumption!
05-04 08:14:06.510 E/PowerManagerService( 2941): Only X4,X3 support this feature for low power consumption!
05-04 08:14:06.574 E/ThermalEngine(  504): Unable to read max frequency from online cpu.
05-04 08:14:06.574 E/ThermalEngine(  504): Failed to set desired CPU[2] frequency limit to 2457600
05-04 08:14:06.627 E/ThermalEngine(  504): Unable to read max frequency from online cpu.
05-04 08:14:06.627 E/ThermalEngine(  504): Failed to set desired CPU[1] frequency limit to 2457600
05-04 08:14:06.655 E/PowerManagerService( 2941): Only X4,X3 support this feature for low power consumption!
05-04 08:14:06.686 E/Icon    ( 4428): Unable to load resource 0xffffffff from pkg=com.xiaomi.xmsf
05-04 08:14:06.686 E/Icon    ( 4428): android.content.res.Resources$NotFoundException: Resource ID #0xffffffff
05-04 08:14:06.686 E/Icon    ( 4428): 	at android.content.res.Resources.getValue(Resources.java:1369)
05-04 08:14:06.686 E/Icon    ( 4428): 	at android.content.res.MiuiResources.getValue(MiuiResources.java:145)
05-04 08:14:06.686 E/Icon    ( 4428): 	at android.content.res.Resources.getDrawable(Resources.java:822)
05-04 08:14:06.686 E/Icon    ( 4428): 	at android.graphics.drawable.Icon.loadDrawableInner(Icon.java:313)
05-04 08:14:06.686 E/Icon    ( 4428): 	at android.graphics.drawable.Icon.loadDrawable(Icon.java:269)
05-04 08:14:06.686 E/Icon    ( 4428): 	at android.widget.ImageView.setImageIcon(ImageView.java:498)
05-04 08:14:06.686 E/Icon    ( 4428): 	at java.lang.reflect.Method.invoke(Native Method)
05-04 08:14:06.686 E/Icon    ( 4428): 	at android.widget.RemoteViews$ReflectionAction.apply(RemoteViews.java:1296)
05-04 08:14:06.686 E/Icon    ( 4428): 	at android.widget.RemoteViews.performApply(RemoteViews.java:2804)
05-04 08:14:06.686 E/Icon    ( 4428): 	at android.widget.RemoteViews.apply(RemoteViews.java:2764)
05-04 08:14:06.686 E/Icon    ( 4428): 	at com.android.systemui.statusbar.BaseStatusBar.inflateViews(BaseStatusBar.java:635)
05-04 08:14:06.686 E/Icon    ( 4428): 	at com.android.systemui.statusbar.BaseStatusBar.addNotificationViews(BaseStatusBar.java:1012)
05-04 08:14:06.686 E/Icon    ( 4428): 	at com.android.systemui.statusbar.phone.PhoneStatusBar.addNotification(PhoneStatusBar.java:1825)
05-04 08:14:06.686 E/Icon    ( 4428): 	at com.android.systemui.statusbar.CommandQueue$H.handleMessage(CommandQueue.java:442)
05-04 08:14:06.686 E/Icon    ( 4428): 	at android.os.Handler.dispatchMessage(Handler.java:102)
05-04 08:14:06.686 E/Icon    ( 4428): 	at android.os.Looper.loop(Looper.java:154)
05-04 08:14:06.686 E/Icon    ( 4428): 	at android.app.ActivityThread.main(ActivityThread.java:5462)
05-04 08:14:06.686 E/Icon    ( 4428): 	at java.lang.reflect.Method.invoke(Native Method)
05-04 08:14:06.686 E/Icon    ( 4428): 	at com.android.internal.os.ZygoteInit$MethodAndArgsCaller.run(ZygoteInit.java:739)
05-04 08:14:06.686 E/Icon    ( 4428): 	at com.android.internal.os.ZygoteInit.main(ZygoteInit.java:629)
05-04 08:15:22.173 E/PowerManagerService( 2941): Only X4,X3 support this feature for low power consumption!
05-04 08:15:22.302 E/PowerManagerService( 2941): Only X4,X3 support this feature for low power consumption!
05-04 08:17:33.076 E/PowerManagerService( 2941): Only X4,X3 support this feature for low power consumption!
05-04 08:17:33.093 E/DatabaseUtils( 2941): Writing exception to parcel
05-04 08:17:33.093 E/DatabaseUtils( 2941): java.lang.SecurityException: com.sogou.activity.src was not granted  this permission: android.permission.WRITE_SETTINGS.
05-04 08:17:33.093 E/DatabaseUtils( 2941): 	at android.provider.Settings.isCallingPackageAllowedToPerformAppOpsProtectedOperation(Settings.java:8507)
05-04 08:17:33.093 E/DatabaseUtils( 2941): 	at android.provider.Settings.checkAndNoteWriteSettingsOperation(Settings.java:8389)
05-04 08:17:33.093 E/DatabaseUtils( 2941): 	at com.android.providers.settings.SettingsProvider.mutateSystemSetting(SettingsProvider.java:915)
05-04 08:17:33.093 E/DatabaseUtils( 2941): 	at com.android.providers.settings.SettingsProvider.insertSystemSetting(SettingsProvider.java:890)
05-04 08:17:33.093 E/DatabaseUtils( 2941): 	at com.android.providers.settings.SettingsProvider.call(SettingsProvider.java:263)
05-04 08:17:33.093 E/DatabaseUtils( 2941): 	at android.content.ContentProvider$Transport.call(ContentProvider.java:398)
05-04 08:17:33.093 E/DatabaseUtils( 2941): 	at android.content.ContentProviderNative.onTransact(ContentProviderNative.java:283)
05-04 08:17:33.093 E/DatabaseUtils( 2941): 	at android.os.Binder.execTransact(Binder.java:453)
05-04 08:17:33.098 E/DatabaseUtils( 2941): Writing exception to parcel
05-04 08:17:33.098 E/DatabaseUtils( 2941): java.lang.SecurityException: com.sogou.activity.src was not granted  this permission: android.permission.WRITE_SETTINGS.
05-04 08:17:33.098 E/DatabaseUtils( 2941): 	at android.provider.Settings.isCallingPackageAllowedToPerformAppOpsProtectedOperation(Settings.java:8507)
05-04 08:17:33.098 E/DatabaseUtils( 2941): 	at android.provider.Settings.checkAndNoteWriteSettingsOperation(Settings.java:8389)
05-04 08:17:33.098 E/DatabaseUtils( 2941): 	at com.android.providers.settings.SettingsProvider.mutateSystemSetting(SettingsProvider.java:915)
05-04 08:17:33.098 E/DatabaseUtils( 2941): 	at com.android.providers.settings.SettingsProvider.insertSystemSetting(SettingsProvider.java:890)
05-04 08:17:33.098 E/DatabaseUtils( 2941): 	at com.android.providers.settings.SettingsProvider.call(SettingsProvider.java:263)
05-04 08:17:33.098 E/DatabaseUtils( 2941): 	at android.content.ContentProvider$Transport.call(ContentProvider.java:398)
05-04 08:17:33.098 E/DatabaseUtils( 2941): 	at android.content.ContentProviderNative.onTransact(ContentProviderNative.java:283)
05-04 08:17:33.098 E/DatabaseUtils( 2941): 	at android.os.Binder.execTransact(Binder.java:453)
05-04 08:17:33.139 E/ThermalEngine(  504): Unable to read max frequency from online cpu.
05-04 08:17:33.141 E/ThermalEngine(  504): Failed to set desired CPU[1] frequency limit to 2457600
05-04 08:17:35.100 E/ThermalEngine(  504): Unable to read max frequency from online cpu.
05-04 08:17:35.100 E/ThermalEngine(  504): Failed to set desired CPU[3] frequency limit to 2457600
05-04 08:17:36.153 E/ThermalEngine(  504): Unable to read max frequency from online cpu.
05-04 08:17:36.153 E/ThermalEngine(  504): Failed to set desired CPU[2] frequency limit to 2457600
05-04 08:17:36.164 E/ThermalEngine(  504): Unable to read max frequency from online cpu.
05-04 08:17:36.164 E/ThermalEngine(  504): Failed to set desired CPU[1] frequency limit to 2457600
05-04 08:17:44.053 E/ThermalEngine(  504): Unable to read max frequency from online cpu.
05-04 08:17:44.053 E/ThermalEngine(  504): Failed to set desired CPU[3] frequency limit to 2457600
05-04 08:17:44.061 E/ThermalEngine(  504): Unable to read max frequency from online cpu.
05-04 08:17:44.061 E/ThermalEngine(  504): Failed to set desired CPU[2] frequency limit to 2457600
05-04 08:17:49.499 E/PowerManagerService( 2941): Only X4,X3 support this feature for low power consumption!
05-04 08:17:49.503 E/PowerManagerService( 2941): Only X4,X3 support this feature for low power consumption!
05-04 08:17:49.601 E/ThermalEngine(  504): Unable to read max frequency from online cpu.
05-04 08:17:49.601 E/ThermalEngine(  504): Failed to set desired CPU[3] frequency limit to 2457600
05-04 08:17:50.545 E/PowerManagerService( 2941): Only X4,X3 support this feature for low power consumption!
05-04 08:17:53.847 E/LIBSEC  (14450): firewall read failed or timeout
05-04 08:17:53.946 E/ThermalEngine(  504): Unable to read max frequency from online cpu.
05-04 08:17:53.946 E/ThermalEngine(  504): Failed to set desired CPU[2] frequency limit to 2457600
05-04 08:17:53.959 E/ThermalEngine(  504): Unable to read max frequency from online cpu.
05-04 08:17:53.959 E/ThermalEngine(  504): Failed to set desired CPU[1] frequency limit to 2457600
05-04 08:17:54.475 E/PowerManagerService( 2941): Only X4,X3 support this feature for low power consumption!
05-04 08:17:54.719 E/PowerManagerService( 2941): Only X4,X3 support this feature for low power consumption!
05-04 08:19:06.171 E/PowerManagerService( 2941): Only X4,X3 support this feature for low power consumption!
05-04 08:19:06.287 E/ThermalEngine(  504): Unable to read max frequency from online cpu.
05-04 08:19:06.287 E/ThermalEngine(  504): Failed to set desired CPU[2] frequency limit to 2457600
05-04 08:19:06.289 E/ThermalEngine(  504): Unable to read max frequency from online cpu.
05-04 08:19:06.289 E/ThermalEngine(  504): Failed to set desired CPU[1] frequency limit to 2457600
05-04 08:19:06.338 E/Icon    ( 4428): Unable to load resource 0xffffffff from pkg=com.xiaomi.xmsf
05-04 08:19:06.338 E/Icon    ( 4428): android.content.res.Resources$NotFoundException: Resource ID #0xffffffff
05-04 08:19:06.338 E/Icon    ( 4428): 	at android.content.res.Resources.getValue(Resources.java:1369)
05-04 08:19:06.338 E/Icon    ( 4428): 	at android.content.res.MiuiResources.getValue(MiuiResources.java:145)
05-04 08:19:06.338 E/Icon    ( 4428): 	at android.content.res.Resources.getDrawable(Resources.java:822)
05-04 08:19:06.338 E/Icon    ( 4428): 	at android.graphics.drawable.Icon.loadDrawableInner(Icon.java:313)
05-04 08:19:06.338 E/Icon    ( 4428): 	at android.graphics.drawable.Icon.loadDrawable(Icon.java:269)
05-04 08:19:06.338 E/Icon    ( 4428): 	at android.widget.ImageView.setImageIcon(ImageView.java:498)
05-04 08:19:06.338 E/Icon    ( 4428): 	at java.lang.reflect.Method.invoke(Native Method)
05-04 08:19:06.338 E/Icon    ( 4428): 	at android.widget.RemoteViews$ReflectionAction.apply(RemoteViews.java:1296)
05-04 08:19:06.338 E/Icon    ( 4428): 	at android.widget.RemoteViews.performApply(RemoteViews.java:2804)
05-04 08:19:06.338 E/Icon    ( 4428): 	at android.widget.RemoteViews.apply(RemoteViews.java:2764)
05-04 08:19:06.338 E/Icon    ( 4428): 	at com.android.systemui.statusbar.BaseStatusBar.inflateViews(BaseStatusBar.java:635)
05-04 08:19:06.338 E/Icon    ( 4428): 	at com.android.systemui.statusbar.BaseStatusBar.addNotificationViews(BaseStatusBar.java:1012)
05-04 08:19:06.338 E/Icon    ( 4428): 	at com.android.systemui.statusbar.phone.PhoneStatusBar.addNotification(PhoneStatusBar.java:1825)
05-04 08:19:06.338 E/Icon    ( 4428): 	at com.android.systemui.statusbar.CommandQueue$H.handleMessage(CommandQueue.java:442)
05-04 08:19:06.338 E/Icon    ( 4428): 	at android.os.Handler.dispatchMessage(Handler.java:102)
05-04 08:19:06.338 E/Icon    ( 4428): 	at android.os.Looper.loop(Looper.java:154)
05-04 08:19:06.338 E/Icon    ( 4428): 	at android.app.ActivityThread.main(ActivityThread.java:5462)
05-04 08:19:06.338 E/Icon    ( 4428): 	at java.lang.reflect.Method.invoke(Native Method)
05-04 08:19:06.338 E/Icon    ( 4428): 	at com.android.internal.os.ZygoteInit$MethodAndArgsCaller.run(ZygoteInit.java:739)
05-04 08:19:06.338 E/Icon    ( 4428): 	at com.android.internal.os.ZygoteInit.main(ZygoteInit.java:629)
05-04 08:19:06.381 E/PowerManagerService( 2941): Only X4,X3 support this feature for low power consumption!
05-04 08:20:21.894 E/PowerManagerService( 2941): Only X4,X3 support this feature for low power consumption!
05-04 08:20:21.941 E/PowerManagerService( 2941): Only X4,X3 support this feature for low power consumption!
05-04 08:22:37.820 E/PowerManagerService( 2941): Only X4,X3 support this feature for low power consumption!
05-04 08:22:37.837 E/DatabaseUtils( 2941): Writing exception to parcel
05-04 08:22:37.837 E/DatabaseUtils( 2941): java.lang.SecurityException: com.sogou.activity.src was not granted  this permission: android.permission.WRITE_SETTINGS.
05-04 08:22:37.837 E/DatabaseUtils( 2941): 	at android.provider.Settings.isCallingPackageAllowedToPerformAppOpsProtectedOperation(Settings.java:8507)
05-04 08:22:37.837 E/DatabaseUtils( 2941): 	at android.provider.Settings.checkAndNoteWriteSettingsOperation(Settings.java:8389)
05-04 08:22:37.837 E/DatabaseUtils( 2941): 	at com.android.providers.settings.SettingsProvider.mutateSystemSetting(SettingsProvider.java:915)
05-04 08:22:37.837 E/DatabaseUtils( 2941): 	at com.android.providers.settings.SettingsProvider.insertSystemSetting(SettingsProvider.java:890)
05-04 08:22:37.837 E/DatabaseUtils( 2941): 	at com.android.providers.settings.SettingsProvider.call(SettingsProvider.java:263)
05-04 08:22:37.837 E/DatabaseUtils( 2941): 	at android.content.ContentProvider$Transport.call(ContentProvider.java:398)
05-04 08:22:37.837 E/DatabaseUtils( 2941): 	at android.content.ContentProviderNative.onTransact(ContentProviderNative.java:283)
05-04 08:22:37.837 E/DatabaseUtils( 2941): 	at android.os.Binder.execTransact(Binder.java:453)
05-04 08:22:37.839 E/DatabaseUtils( 2941): Writing exception to parcel
05-04 08:22:37.839 E/DatabaseUtils( 2941): java.lang.SecurityException: com.sogou.activity.src was not granted  this permission: android.permission.WRITE_SETTINGS.
05-04 08:22:37.839 E/DatabaseUtils( 2941): 	at android.provider.Settings.isCallingPackageAllowedToPerformAppOpsProtectedOperation(Settings.java:8507)
05-04 08:22:37.839 E/DatabaseUtils( 2941): 	at android.provider.Settings.checkAndNoteWriteSettingsOperation(Settings.java:8389)
05-04 08:22:37.839 E/DatabaseUtils( 2941): 	at com.android.providers.settings.SettingsProvider.mutateSystemSetting(SettingsProvider.java:915)
05-04 08:22:37.839 E/DatabaseUtils( 2941): 	at com.android.providers.settings.SettingsProvider.insertSystemSetting(SettingsProvider.java:890)
05-04 08:22:37.839 E/DatabaseUtils( 2941): 	at com.android.providers.settings.SettingsProvider.call(SettingsProvider.java:263)
05-04 08:22:37.839 E/DatabaseUtils( 2941): 	at android.content.ContentProvider$Transport.call(ContentProvider.java:398)
05-04 08:22:37.839 E/DatabaseUtils( 2941): 	at android.content.ContentProviderNative.onTransact(ContentProviderNative.java:283)
05-04 08:22:37.839 E/DatabaseUtils( 2941): 	at android.os.Binder.execTransact(Binder.java:453)
05-04 08:22:37.926 E/ThermalEngine(  504): Unable to read max frequency from online cpu.
05-04 08:22:37.926 E/ThermalEngine(  504): Failed to set desired CPU[1] frequency limit to 2457600
05-04 08:22:42.989 E/ThermalEngine(  504): Unable to read max frequency from online cpu.
05-04 08:22:42.989 E/ThermalEngine(  504): Failed to set desired CPU[3] frequency limit to 2457600
05-04 08:22:43.000 E/ThermalEngine(  504): Unable to read max frequency from online cpu.
05-04 08:22:43.000 E/ThermalEngine(  504): Failed to set desired CPU[2] frequency limit to 2457600
05-04 08:22:43.087 E/PowerManagerService( 2941): Only X4,X3 support this feature for low power consumption!
05-04 08:24:05.739 E/PowerManagerService( 2941): Only X4,X3 support this feature for low power consumption!
05-04 08:24:05.834 E/NetdConnector( 2941): NDC Command {689 firewall enable_chain dozable} took too long (82744ms)
05-04 08:24:05.843 E/ThermalEngine(  504): Unable to read max frequency from online cpu.
05-04 08:24:05.843 E/ThermalEngine(  504): Failed to set desired CPU[1] frequency limit to 2457600
05-04 08:24:05.867 E/PowerManagerService( 2941): Only X4,X3 support this feature for low power consumption!
05-04 08:24:05.876 E/Micloud ( 8103): MiCloudServerException
05-04 08:24:05.876 E/Micloud ( 8103): com.xiaomi.accountsdk.request.CipherException: fail to decrypt by aescoder
05-04 08:24:05.876 E/Micloud ( 8103): 	at com.xiaomi.accountsdk.utils.AESCoder.decrypt(AESCoder.java:58)
05-04 08:24:05.876 E/Micloud ( 8103): 	at com.xiaomi.micloudsdk.request.CloudRequestHelper.httpPostRequest(CloudRequestHelper.java:145)
05-04 08:24:05.876 E/Micloud ( 8103): 	at com.xiaomi.micloudsdk.request.CloudRequestHelper.httpPostRequestWithDecodeData(CloudRequestHelper.java:73)
05-04 08:24:05.876 E/Micloud ( 8103): 	at com.xiaomi.micloudsdk.request.Request.execute(Request.java:296)
05-04 08:24:05.876 E/Micloud ( 8103): 	at com.xiaomi.micloudsdk.request.Request.securePost(Request.java:189)
05-04 08:24:05.876 E/Micloud ( 8103): 	at com.xiaomi.micloudsdk.request.Request.securePost(Request.java:181)
05-04 08:24:05.876 E/Micloud ( 8103): 	at com.miui.gallery.util.deviceprovider.BigMiCloudProvider.securePost(BigMiCloudProvider.java:117)
05-04 08:24:05.876 E/Micloud ( 8103): 	at com.miui.gallery.net.GalleryNetwork.performRequest(GalleryNetwork.java:41)
05-04 08:24:05.876 E/Micloud ( 8103): 	at com.android.volley.NetworkDispatcher.run(NetworkDispatcher.java:110)
05-04 08:24:05.876 E/Micloud ( 8103): Caused by: java.lang.IllegalArgumentException: bad base-64
05-04 08:24:05.876 E/Micloud ( 8103): 	at android.util.Base64.decode(Base64.java:161)
05-04 08:24:05.876 E/Micloud ( 8103): 	at android.util.Base64.decode(Base64.java:136)
05-04 08:24:05.876 E/Micloud ( 8103): 	at android.util.Base64.decode(Base64.java:118)
05-04 08:24:05.876 E/Micloud ( 8103): 	at com.xiaomi.accountsdk.utils.AESCoder.decrypt(AESCoder.java:52)
05-04 08:24:05.876 E/Micloud ( 8103): 	... 8 more
05-04 08:24:05.876 E/Micloud ( 8103): CloudServer Exception: 
05-04 08:24:05.876 E/Micloud ( 8103): com.xiaomi.micloudsdk.exception.CloudServerException: status: 0
05-04 08:24:05.876 E/Micloud ( 8103): 	at com.xiaomi.micloudsdk.request.CloudRequestHelper.httpPostRequest(CloudRequestHelper.java:148)
05-04 08:24:05.876 E/Micloud ( 8103): 	at com.xiaomi.micloudsdk.request.CloudRequestHelper.httpPostRequestWithDecodeData(CloudRequestHelper.java:73)
05-04 08:24:05.876 E/Micloud ( 8103): 	at com.xiaomi.micloudsdk.request.Request.execute(Request.java:296)
05-04 08:24:05.876 E/Micloud ( 8103): 	at com.xiaomi.micloudsdk.request.Request.securePost(Request.java:189)
05-04 08:24:05.876 E/Micloud ( 8103): 	at com.xiaomi.micloudsdk.request.Request.securePost(Request.java:181)
05-04 08:24:05.876 E/Micloud ( 8103): 	at com.miui.gallery.util.deviceprovider.BigMiCloudProvider.securePost(BigMiCloudProvider.java:117)
05-04 08:24:05.876 E/Micloud ( 8103): 	at com.miui.gallery.net.GalleryNetwork.performRequest(GalleryNetwork.java:41)
05-04 08:24:05.876 E/Micloud ( 8103): 	at com.android.volley.NetworkDispatcher.run(NetworkDispatcher.java:110)
05-04 08:24:05.878 E/MiuiGallery2_CloudControlRequestHelper( 8103): Request failed, errorCode: NET_ERROR, errorMessage: null, responseData: com.miui.gallery.cloud.GalleryMiCloudServerException.
05-04 08:25:22.434 E/PowerManagerService( 2941): Only X4,X3 support this feature for low power consumption!
05-04 08:25:22.511 E/PowerManagerService( 2941): Only X4,X3 support this feature for low power consumption!
05-04 08:27:35.088 E/PowerManagerService( 2941): Only X4,X3 support this feature for low power consumption!
05-04 08:27:35.113 E/DatabaseUtils( 2941): Writing exception to parcel
05-04 08:27:35.113 E/DatabaseUtils( 2941): java.lang.SecurityException: com.sogou.activity.src was not granted  this permission: android.permission.WRITE_SETTINGS.
05-04 08:27:35.113 E/DatabaseUtils( 2941): 	at android.provider.Settings.isCallingPackageAllowedToPerformAppOpsProtectedOperation(Settings.java:8507)
05-04 08:27:35.113 E/DatabaseUtils( 2941): 	at android.provider.Settings.checkAndNoteWriteSettingsOperation(Settings.java:8389)
05-04 08:27:35.113 E/DatabaseUtils( 2941): 	at com.android.providers.settings.SettingsProvider.mutateSystemSetting(SettingsProvider.java:915)
05-04 08:27:35.113 E/DatabaseUtils( 2941): 	at com.android.providers.settings.SettingsProvider.insertSystemSetting(SettingsProvider.java:890)
05-04 08:27:35.113 E/DatabaseUtils( 2941): 	at com.android.providers.settings.SettingsProvider.call(SettingsProvider.java:263)
05-04 08:27:35.113 E/DatabaseUtils( 2941): 	at android.content.ContentProvider$Transport.call(ContentProvider.java:398)
05-04 08:27:35.113 E/DatabaseUtils( 2941): 	at android.content.ContentProviderNative.onTransact(ContentProviderNative.java:283)
05-04 08:27:35.113 E/DatabaseUtils( 2941): 	at android.os.Binder.execTransact(Binder.java:453)
05-04 08:27:35.114 E/DatabaseUtils( 2941): Writing exception to parcel
05-04 08:27:35.114 E/DatabaseUtils( 2941): java.lang.SecurityException: com.sogou.activity.src was not granted  this permission: android.permission.WRITE_SETTINGS.
05-04 08:27:35.114 E/DatabaseUtils( 2941): 	at android.provider.Settings.isCallingPackageAllowedToPerformAppOpsProtectedOperation(Settings.java:8507)
05-04 08:27:35.114 E/DatabaseUtils( 2941): 	at android.provider.Settings.checkAndNoteWriteSettingsOperation(Settings.java:8389)
05-04 08:27:35.114 E/DatabaseUtils( 2941): 	at com.android.providers.settings.SettingsProvider.mutateSystemSetting(SettingsProvider.java:915)
05-04 08:27:35.114 E/DatabaseUtils( 2941): 	at com.android.providers.settings.SettingsProvider.insertSystemSetting(SettingsProvider.java:890)
05-04 08:27:35.114 E/DatabaseUtils( 2941): 	at com.android.providers.settings.SettingsProvider.call(SettingsProvider.java:263)
05-04 08:27:35.114 E/DatabaseUtils( 2941): 	at android.content.ContentProvider$Transport.call(ContentProvider.java:398)
05-04 08:27:35.114 E/DatabaseUtils( 2941): 	at android.content.ContentProviderNative.onTransact(ContentProviderNative.java:283)
05-04 08:27:35.114 E/DatabaseUtils( 2941): 	at android.os.Binder.execTransact(Binder.java:453)
05-04 08:27:36.125 E/ThermalEngine(  504): Unable to read max frequency from online cpu.
05-04 08:27:36.125 E/ThermalEngine(  504): Failed to set desired CPU[2] frequency limit to 2457600
05-04 08:27:36.136 E/ThermalEngine(  504): Unable to read max frequency from online cpu.
05-04 08:27:36.136 E/ThermalEngine(  504): Failed to set desired CPU[1] frequency limit to 2457600
05-04 08:27:39.153 E/ThermalEngine(  504): Unable to read max frequency from online cpu.
05-04 08:27:39.153 E/ThermalEngine(  504): Failed to set desired CPU[3] frequency limit to 2457600
05-04 08:27:39.199 E/ThermalEngine(  504): Unable to read max frequency from online cpu.
05-04 08:27:39.200 E/ThermalEngine(  504): Failed to set desired CPU[2] frequency limit to 2457600
05-04 08:27:49.301 E/ThermalEngine(  504): Unable to read max frequency from online cpu.
05-04 08:27:49.301 E/ThermalEngine(  504): Failed to set desired CPU[3] frequency limit to 2457600
05-04 08:27:51.203 E/ThermalEngine(  504): Unable to read max frequency from online cpu.
05-04 08:27:51.203 E/ThermalEngine(  504): Failed to set desired CPU[3] frequency limit to 2457600
