08-03 17:28:41.005 W/View    ( 4010): requestLayout() improperly called by com.android.systemui.statusbar.phone.IconMerger{9226af6 V.E...... ........ 0,0-162,72 #7f1000c3 app:id/notificationIcons} during second layout pass: posting in next frame
08-03 17:28:41.226 E/WifiConfigStore( 3560): updateConfiguration freq=2437 BSSID=74:1f:4a:cd:8f:b7 RSSI=-52 "RJYFZX-Wifi-02"WPA_PSK
08-03 17:28:41.595 I/System  (28192): core_booster, getBoosterConfig = false
08-03 17:28:43.672 I/NetworkSpeedManagerEx( 4010): mIsStop = false
08-03 17:28:43.675 I/NetworkSpeedManagerEx( 4010):  value = 100.0
08-03 17:28:43.677 I/NetworkSpeedManagerEx( 4010): speed = 100B/s
08-03 17:28:43.677 I/NetworkSpeedView( 4010): /update(), speed=100B/s
08-03 17:28:43.691 W/View    ( 4010): requestLayout() improperly called by com.android.systemui.statusbar.phone.IconMerger{9226af6 V.E...... ......I. 0,0-162,72 #7f1000c3 app:id/notificationIcons} during layout: running second layout pass
08-03 17:28:43.697 I/TrafficMonitor( 3560): expired arrive. level:-1
08-03 17:28:43.700 I/TrafficMonitor( 3560): update:rxPkts:4,txPkts:1,rxBytes:322,txBytes:56
08-03 17:28:43.701 I/TrafficMonitor( 3560): start expired. level:-1
08-03 17:28:43.701 I/TrafficMonitor( 3560): gettimer:interval=2000
08-03 17:28:43.701 I/TrafficMonitor( 3560): during_ms:5004,period_ms:2000
08-03 17:28:43.701 I/TrafficMonitor( 3560): count:749,rx_sum:4,tx_sum:1,rxBytes:322,during_ms:5004,rx_speed:64.34852118305356,tx_speed:11.191047162270184,rto:4.0
08-03 17:28:43.800 I/memcheck(28192): needTrimMemory: trimFrom = 0, avail = 1388944, vmSize = 1483620, vssLimit = 4192340, totalPss = 161752, pssLimit = 2858020, agressiveGrowthLimit = 1143208, gentleGrowthLimit = 2000614, availablePmThreshold = 221184, availableVmThreshold = 153600
08-03 17:28:44.249 E/WifiConfigStore( 3560): updateConfiguration freq=2437 BSSID=74:1f:4a:cd:8f:b7 RSSI=-52 "RJYFZX-Wifi-02"WPA_PSK
08-03 17:28:45.026 W/View    ( 4010): requestLayout() improperly called by com.android.systemui.statusbar.phone.IconMerger{9226af6 V.E...... ........ 0,0-162,72 #7f1000c3 app:id/notificationIcons} during second layout pass: posting in next frame
08-03 17:28:45.201 E/Thermal-daemon( 3016): [flash_led] temp_new :32  temp_old :31
08-03 17:28:45.201 E/Thermal-daemon( 3016): Report temperature: [flash_led] temp :32  report_threshold:1
08-03 17:28:45.204 W/ThermalStateManager( 5074): trigLevel = -1, mSimTrigLevel = -1, tempPolicy = 0
08-03 17:28:45.204 I/ThermalStateManager( 5074): sensor name: flash temperature: 32 , thermal action: bcurrent policy:990
08-03 17:28:45.307 W/SwitchManager( 5074): NoSuchMethod: IPowerManager setChargeHotLimit [int,int]
08-03 17:28:45.307 I/powergenie_jni( 5074): set charge limit 2: 990
08-03 17:28:45.705 I/TrafficMonitor( 3560): update:rxPkts:3,txPkts:0,rxBytes:234,txBytes:0
08-03 17:28:45.705 I/TrafficMonitor( 3560): start expired. level:-1
08-03 17:28:45.705 I/TrafficMonitor( 3560): gettimer:interval=2000
08-03 17:28:46.660 I/System  (28192): core_booster, getBoosterConfig = false
08-03 17:28:46.681 I/NetworkSpeedManagerEx( 4010): mIsStop = false
08-03 17:28:46.684 I/NetworkSpeedManagerEx( 4010):  value = 156.0
08-03 17:28:46.686 I/NetworkSpeedManagerEx( 4010): speed = 156B/s
08-03 17:28:46.686 I/NetworkSpeedView( 4010): /update(), speed=156B/s
08-03 17:28:47.266 E/WifiConfigStore( 3560): updateConfiguration freq=2437 BSSID=74:1f:4a:cd:8f:b7 RSSI=-51 "RJYFZX-Wifi-02"WPA_PSK
08-03 17:28:47.709 I/TrafficMonitor( 3560): update:rxPkts:9,txPkts:0,rxBytes:835,txBytes:0
08-03 17:28:47.709 I/TrafficMonitor( 3560): start expired. level:-1
08-03 17:28:47.709 I/TrafficMonitor( 3560): gettimer:interval=2000
08-03 17:28:48.106 E/WifiConfigStore( 3560): updateConfiguration freq=2437 BSSID=74:1f:4a:cd:8f:b7 RSSI=-51 "RJYFZX-Wifi-02"WPA_PSK
08-03 17:28:48.115 I/HuaweiWifiWatchdogStateMachine( 3560): spd good count:0, add sc:0.0, rate:1.0
08-03 17:28:48.116 I/HuaweiWifiWatchdogStateMachine( 3560): current mHighDataFlowRate = 1.0
08-03 17:28:48.116 I/HuaweiWifiWatchdogStateMachine( 3560): POta txb txg rxg:0, 1, 0. Lr =0% Totpkt=1
08-03 17:28:48.116 I/WifiProJNI( 3560): ######### CMD_QUERY_PKTS ########
08-03 17:28:48.117 I/QosMonitor( 3560): postEventFromNative: msg=100,arg1=0,arg2=9
08-03 17:28:48.117 W/WifiProJNI( 3560): poll before: g_monitor_fd =165
08-03 17:28:48.117 I/MQoS    ( 3560): rtt=1140,tcp_tx_pkts=115379,tcp_rx_pkts=88768
08-03 17:28:48.119 I/HuaweiWifiWatchdogStateMachine( 3560): PTcp RTT:0, rtt pkt=0, tcp_rx=0, tcp_tx=1, tcp_reTran=0, rtRate=0
08-03 17:28:48.120 I/HuaweiWifiWatchdogStateMachine( 3560): rs ota tcp lr rttvb bad: false, false, false, false, false; rsth:-75
08-03 17:28:48.120 I/HuaweiWifiWatchdogStateMachine( 3560):  pkt chk not bad, reset sc to 0.
08-03 17:28:48.121 I/MQoS    ( 3560): QOS_level:0(0),wifi-link;SIM error;use level-0
08-03 17:28:48.703 I/TrafficMonitor( 3560): expired arrive. level:-1
08-03 17:28:48.704 I/TrafficMonitor( 3560): during_ms:2004,period_ms:2000
08-03 17:28:48.704 I/TrafficMonitor( 3560): count:751,rx_sum:9,tx_sum:0,rxBytes:835,during_ms:2004,rx_speed:416.6666666666667,tx_speed:0.0,rto:0.0
08-03 17:28:48.965 I/memcheck(28192): needTrimMemory: trimFrom = 0, avail = 1389728, vmSize = 1482916, vssLimit = 4192340, totalPss = 160700, pssLimit = 2858020, agressiveGrowthLimit = 1143208, gentleGrowthLimit = 2000614, availablePmThreshold = 221184, availableVmThreshold = 153600
08-03 17:28:49.691 I/NetworkSpeedManagerEx( 4010): mIsStop = false
08-03 17:28:49.695 I/NetworkSpeedManagerEx( 4010):  value = 559.0
08-03 17:28:49.697 I/NetworkSpeedManagerEx( 4010): speed = 559B/s
08-03 17:28:49.697 I/NetworkSpeedView( 4010): /update(), speed=559B/s
08-03 17:28:49.713 I/TrafficMonitor( 3560): update:rxPkts:10,txPkts:0,rxBytes:1076,txBytes:0
08-03 17:28:49.713 I/TrafficMonitor( 3560): start expired. level:-1
08-03 17:28:49.713 I/TrafficMonitor( 3560): gettimer:interval=2000
08-03 17:28:50.293 E/WifiConfigStore( 3560): updateConfiguration freq=2437 BSSID=74:1f:4a:cd:8f:b7 RSSI=-52 "RJYFZX-Wifi-02"WPA_PSK
08-03 17:28:51.717 I/TrafficMonitor( 3560): update:rxPkts:8,txPkts:0,rxBytes:787,txBytes:0
08-03 17:28:51.717 I/TrafficMonitor( 3560): start expired. level:-1
08-03 17:28:51.718 I/TrafficMonitor( 3560): gettimer:interval=2000
08-03 17:28:52.702 I/NetworkSpeedManagerEx( 4010): mIsStop = false
08-03 17:28:52.706 I/NetworkSpeedManagerEx( 4010):  value = 262.33334
08-03 17:28:52.708 I/NetworkSpeedManagerEx( 4010): speed = 262B/s
08-03 17:28:52.708 I/NetworkSpeedView( 4010): /update(), speed=262B/s
08-03 17:28:53.315 E/WifiConfigStore( 3560): updateConfiguration freq=2437 BSSID=74:1f:4a:cd:8f:b7 RSSI=-52 "RJYFZX-Wifi-02"WPA_PSK
08-03 17:28:53.722 I/TrafficMonitor( 3560): update:rxPkts:0,txPkts:0,rxBytes:0,txBytes:0
08-03 17:28:53.722 I/TrafficMonitor( 3560): start expired. level:-1
08-03 17:28:53.722 I/TrafficMonitor( 3560): gettimer:interval=2000
08-03 17:28:54.105 I/memcheck(28192): needTrimMemory: trimFrom = 0, avail = 1389512, vmSize = 1482996, vssLimit = 4192340, totalPss = 160924, pssLimit = 2858020, agressiveGrowthLimit = 1143208, gentleGrowthLimit = 2000614, availablePmThreshold = 221184, availableVmThreshold = 153600
08-03 17:28:54.714 I/TrafficMonitor( 3560): expired arrive. level:-1
08-03 17:28:54.714 I/TrafficMonitor( 3560): during_ms:2005,period_ms:2000
08-03 17:28:54.714 I/TrafficMonitor( 3560): count:754,rx_sum:0,tx_sum:0,rxBytes:0,during_ms:2005,rx_speed:0.0,tx_speed:0.0,rto:0.0
08-03 17:28:55.710 I/NetworkSpeedManagerEx( 4010): mIsStop = false
08-03 17:28:55.714 I/NetworkSpeedManagerEx( 4010):  value = 52.0
08-03 17:28:55.716 I/NetworkSpeedManagerEx( 4010): speed = 52B/s
08-03 17:28:55.716 I/NetworkSpeedView( 4010): /update(), speed=52B/s
08-03 17:28:55.722 W/View    ( 4010): requestLayout() improperly called by com.android.systemui.statusbar.phone.IconMerger{9226af6 V.E...... ......I. 0,0-162,72 #7f1000c3 app:id/notificationIcons} during layout: running second layout pass
08-03 17:28:55.726 I/TrafficMonitor( 3560): update:rxPkts:2,txPkts:0,rxBytes:156,txBytes:0
08-03 17:28:55.727 I/TrafficMonitor( 3560): start expired. level:-1
08-03 17:28:55.727 I/TrafficMonitor( 3560): gettimer:interval=2000
08-03 17:28:56.066 W/View    ( 4010): requestLayout() improperly called by com.android.systemui.statusbar.phone.IconMerger{9226af6 V.E...... ........ 0,0-162,72 #7f1000c3 app:id/notificationIcons} during second layout pass: posting in next frame
08-03 17:28:56.109 E/WifiConfigStore( 3560): updateConfiguration freq=2437 BSSID=74:1f:4a:cd:8f:b7 RSSI=-51 "RJYFZX-Wifi-02"WPA_PSK
08-03 17:28:56.112 I/HuaweiWifiWatchdogStateMachine( 3560): spd good count:0, add sc:0.0, rate:1.0
08-03 17:28:56.112 I/HuaweiWifiWatchdogStateMachine( 3560): current mHighDataFlowRate = 1.0
08-03 17:28:56.112 I/HuaweiWifiWatchdogStateMachine( 3560): not any pkt, ignore this period chk result.
08-03 17:28:56.337 E/WifiConfigStore( 3560): updateConfiguration freq=2437 BSSID=74:1f:4a:cd:8f:b7 RSSI=-50 "RJYFZX-Wifi-02"WPA_PSK
08-03 17:28:57.730 I/TrafficMonitor( 3560): update:rxPkts:3,txPkts:0,rxBytes:331,txBytes:0
08-03 17:28:57.730 I/TrafficMonitor( 3560): start expired. level:-1
08-03 17:28:57.731 I/TrafficMonitor( 3560): gettimer:interval=2000
08-03 17:28:58.718 I/NetworkSpeedManagerEx( 4010): mIsStop = false
08-03 17:28:58.723 I/NetworkSpeedManagerEx( 4010):  value = 110.333336
08-03 17:28:58.725 I/NetworkSpeedManagerEx( 4010): speed = 110B/s
08-03 17:28:58.725 I/NetworkSpeedView( 4010): /update(), speed=110B/s
08-03 17:28:58.740 W/View    ( 4010): requestLayout() improperly called by com.android.systemui.statusbar.phone.IconMerger{9226af6 V.E...... ......I. 0,0-162,72 #7f1000c3 app:id/notificationIcons} during layout: running second layout pass
08-03 17:28:59.084 W/View    ( 4010): requestLayout() improperly called by com.android.systemui.statusbar.phone.IconMerger{9226af6 V.E...... ........ 0,0-162,72 #7f1000c3 app:id/notificationIcons} during second layout pass: posting in next frame
08-03 17:28:59.232 I/memcheck(28192): needTrimMemory: trimFrom = 0, avail = 1388944, vmSize = 1483076, vssLimit = 4192340, totalPss = 160924, pssLimit = 2858020, agressiveGrowthLimit = 1143208, gentleGrowthLimit = 2000614, availablePmThreshold = 221184, availableVmThreshold = 153600
08-03 17:28:59.352 E/WifiConfigStore( 3560): updateConfiguration freq=2437 BSSID=74:1f:4a:cd:8f:b7 RSSI=-48 "RJYFZX-Wifi-02"WPA_PSK
08-03 17:28:59.735 I/TrafficMonitor( 3560): update:rxPkts:2,txPkts:0,rxBytes:192,txBytes:0
08-03 17:28:59.735 I/TrafficMonitor( 3560): start expired. level:-1
08-03 17:28:59.736 I/TrafficMonitor( 3560): gettimer:interval=2000
08-03 17:29:00.013 I/TimeManager( 4010): receiver action = android.intent.action.TIME_TICK
08-03 17:29:00.016 I/HwLauncher( 5178): Model  onReceive intent=Intent { act=android.intent.action.TIME_TICK flg=0x50000014 (has extras) }
08-03 17:29:00.017 I/HwLauncher( 5178): Model  onReceive user=UserHandle{0}
08-03 17:29:00.029 I/TotemWeather( 5178): CityTimeView CityTimeView mCurrentViewMode = 10141
08-03 17:29:00.040 I/TotemWeather( 5178): CityTimeFormatView CityTimeFormatView setTimeFormat is24Hour=true,timeFormat=
08-03 17:29:00.041 I/TotemWeather( 5178): DateTimeManager send message delay millis = 60959 ms
08-03 17:29:00.043 I/HwLauncher( 5178): ClockDynamicUpdater date changed begin
08-03 17:29:00.044 I/HwLauncher( 5178): ClockDynamicUpdater date changed end
08-03 17:29:00.044 E/HwLauncher( 5178): SettingsEx , no such field.
08-03 17:29:00.044 W/HwLauncher( 5178): Clock getDataFormat the getSystemString failed.
08-03 17:29:00.045 I/HwLauncher( 5178): CalenderDynamicUpdater date changed begin
08-03 17:29:00.045 I/HwLauncher( 5178): CalenderDynamicUpdater date changed end
08-03 17:29:00.045 I/HwLauncher( 5178): DynamicIconData , getDrawableForDynamic begin, pkg = com.android.deskclock, picName = deskclock_bg
08-03 17:29:00.045 I/HwLauncher( 5178): DynamicIconData , getDrawableForDynamic end, pkg = com.android.deskclock, picName = deskclock_bg
08-03 17:29:00.047 I/HwLauncher( 5178): ClockDynamicUpdater clock update folder at ClockDynamicUpdater
08-03 17:29:00.048 I/HwLauncher( 5178): DynamicUpdater updateBitmap end and send update message
08-03 17:29:00.048 I/HwLauncher( 5178): DynamicUpdater call updateFolder
08-03 17:29:00.729 I/TrafficMonitor( 3560): expired arrive. level:-1
08-03 17:29:00.729 I/TrafficMonitor( 3560): during_ms:2005,period_ms:2000
08-03 17:29:00.729 I/TrafficMonitor( 3560): count:757,rx_sum:2,tx_sum:0,rxBytes:192,during_ms:2005,rx_speed:95.76059850374065,tx_speed:0.0,rto:0.0
08-03 17:29:01.730 I/NetworkSpeedManagerEx( 4010): mIsStop = false
08-03 17:29:01.733 I/NetworkSpeedManagerEx( 4010):  value = 194.0
08-03 17:29:01.735 I/NetworkSpeedManagerEx( 4010): speed = 194B/s
08-03 17:29:01.735 I/NetworkSpeedView( 4010): /update(), speed=194B/s
08-03 17:29:01.739 I/TrafficMonitor( 3560): update:rxPkts:5,txPkts:0,rxBytes:390,txBytes:0
08-03 17:29:01.740 I/TrafficMonitor( 3560): start expired. level:-1
08-03 17:29:01.740 I/TrafficMonitor( 3560): gettimer:interval=2000
08-03 17:29:02.376 E/WifiConfigStore( 3560): updateConfiguration freq=2437 BSSID=74:1f:4a:cd:8f:b7 RSSI=-48 "RJYFZX-Wifi-02"WPA_PSK
08-03 17:29:03.743 I/TrafficMonitor( 3560): update:rxPkts:2,txPkts:0,rxBytes:156,txBytes:0
08-03 17:29:03.743 I/TrafficMonitor( 3560): start expired. level:-1
08-03 17:29:03.743 I/TrafficMonitor( 3560): gettimer:interval=5000
08-03 17:29:04.126 E/WifiConfigStore( 3560): updateConfiguration freq=2437 BSSID=74:1f:4a:cd:8f:b7 RSSI=-50 "RJYFZX-Wifi-02"WPA_PSK
08-03 17:29:04.135 I/HuaweiWifiWatchdogStateMachine( 3560): spd good count:0, add sc:0.0, rate:1.0
08-03 17:29:04.135 I/HuaweiWifiWatchdogStateMachine( 3560): current mHighDataFlowRate = 1.0
08-03 17:29:04.135 I/HuaweiWifiWatchdogStateMachine( 3560): POta txb txg rxg:0, 1, 0. Lr =0% Totpkt=1
08-03 17:29:04.136 I/WifiProJNI( 3560): ######### CMD_QUERY_PKTS ########
08-03 17:29:04.137 I/QosMonitor( 3560): postEventFromNative: msg=100,arg1=0,arg2=9
08-03 17:29:04.137 W/WifiProJNI( 3560): poll before: g_monitor_fd =165
08-03 17:29:04.138 I/MQoS    ( 3560): rtt=1140,tcp_tx_pkts=115379,tcp_rx_pkts=88768
08-03 17:29:04.141 I/HuaweiWifiWatchdogStateMachine( 3560): PTcp RTT:0, rtt pkt=0, tcp_rx=0, tcp_tx=0, tcp_reTran=0, rtRate=0
08-03 17:29:04.142 I/HuaweiWifiWatchdogStateMachine( 3560): rs ota tcp lr rttvb bad: false, false, false, false, false; rsth:-75
08-03 17:29:04.142 I/HuaweiWifiWatchdogStateMachine( 3560):  pkt chk not bad, reset sc to 0.
08-03 17:29:04.142 I/MQoS    ( 3560): QOS_level:0(0),wifi-link;SIM error;use level-0
08-03 17:29:04.380 I/memcheck(28192): needTrimMemory: trimFrom = 0, avail = 1388396, vmSize = 1483156, vssLimit = 4192340, totalPss = 161104, pssLimit = 2858020, agressiveGrowthLimit = 1143208, gentleGrowthLimit = 2000614, availablePmThreshold = 221184, availableVmThreshold = 153600
08-03 17:29:04.741 I/NetworkSpeedManagerEx( 4010): mIsStop = false
08-03 17:29:04.744 I/NetworkSpeedManagerEx( 4010):  value = 78.0
08-03 17:29:04.747 I/NetworkSpeedManagerEx( 4010): speed = 78B/s
08-03 17:29:04.747 I/NetworkSpeedView( 4010): /update(), speed=78B/s
08-03 17:29:04.765 W/View    ( 4010): requestLayout() improperly called by com.android.systemui.statusbar.phone.IconMerger{9226af6 V.E...... ......I. 0,0-162,72 #7f1000c3 app:id/notificationIcons} during layout: running second layout pass
08-03 17:29:05.394 E/WifiConfigStore( 3560): updateConfiguration freq=2437 BSSID=74:1f:4a:cd:8f:b7 RSSI=-50 "RJYFZX-Wifi-02"WPA_PSK
08-03 17:29:06.742 I/TrafficMonitor( 3560): expired arrive. level:-1
08-03 17:29:06.743 I/TrafficMonitor( 3560): during_ms:2004,period_ms:2000
08-03 17:29:06.743 I/TrafficMonitor( 3560): count:759,rx_sum:2,tx_sum:0,rxBytes:156,during_ms:2004,rx_speed:77.8443113772455,tx_speed:0.0,rto:0.0
08-03 17:29:07.750 I/NetworkSpeedManagerEx( 4010): mIsStop = false
08-03 17:29:07.754 I/NetworkSpeedManagerEx( 4010):  value = 372.66666
08-03 17:29:07.756 I/NetworkSpeedManagerEx( 4010): speed = 373B/s
08-03 17:29:07.756 I/NetworkSpeedView( 4010): /update(), speed=373B/s
08-03 17:29:07.772 W/View    ( 4010): requestLayout() improperly called by com.android.systemui.statusbar.phone.IconMerger{9226af6 V.E...... ......I. 0,0-162,72 #7f1000c3 app:id/notificationIcons} during layout: running second layout pass
08-03 17:29:07.779 W/View    ( 4010): requestLayout() improperly called by com.android.systemui.statusbar.phone.IconMerger{9226af6 V.E...... ........ 0,0-162,72 #7f1000c3 app:id/notificationIcons} during second layout pass: posting in next frame
08-03 17:29:07.788 W/View    ( 4010): requestLayout() improperly called by com.android.systemui.statusbar.phone.IconMerger{9226af6 V.E...... ......I. 0,0-162,72 #7f1000c3 app:id/notificationIcons} during second layout pass: posting in next frame
08-03 17:29:08.416 E/WifiConfigStore( 3560): updateConfiguration freq=2437 BSSID=74:1f:4a:cd:8f:b7 RSSI=-49 "RJYFZX-Wifi-02"WPA_PSK
08-03 17:29:08.747 I/TrafficMonitor( 3560): update:rxPkts:13,txPkts:0,rxBytes:1274,txBytes:0
08-03 17:29:08.747 I/TrafficMonitor( 3560): start expired. level:-1
08-03 17:29:08.747 I/TrafficMonitor( 3560): gettimer:interval=5000
08-03 17:29:09.502 I/memcheck(28192): needTrimMemory: trimFrom = 0, avail = 1387988, vmSize = 1483236, vssLimit = 4192340, totalPss = 161104, pssLimit = 2858020, agressiveGrowthLimit = 1143208, gentleGrowthLimit = 2000614, availablePmThreshold = 221184, availableVmThreshold = 153600
08-03 17:29:10.760 I/NetworkSpeedManagerEx( 4010): mIsStop = false
08-03 17:29:10.763 I/NetworkSpeedManagerEx( 4010):  value = 104.0
08-03 17:29:10.765 I/NetworkSpeedManagerEx( 4010): speed = 104B/s
08-03 17:29:10.766 I/NetworkSpeedView( 4010): /update(), speed=104B/s
08-03 17:29:11.436 E/WifiConfigStore( 3560): updateConfiguration freq=2437 BSSID=74:1f:4a:cd:8f:b7 RSSI=-50 "RJYFZX-Wifi-02"WPA_PSK
08-03 17:29:12.126 E/WifiConfigStore( 3560): updateConfiguration freq=2437 BSSID=74:1f:4a:cd:8f:b7 RSSI=-50 "RJYFZX-Wifi-02"WPA_PSK
08-03 17:29:12.133 I/HuaweiWifiWatchdogStateMachine( 3560): spd good count:0, add sc:0.0, rate:1.0
08-03 17:29:12.133 I/HuaweiWifiWatchdogStateMachine( 3560): current mHighDataFlowRate = 1.0
08-03 17:29:12.133 I/HuaweiWifiWatchdogStateMachine( 3560): not any pkt, ignore this period chk result.
08-03 17:29:13.749 I/TrafficMonitor( 3560): expired arrive. level:-1
08-03 17:29:13.751 I/TrafficMonitor( 3560): update:rxPkts:7,txPkts:0,rxBytes:679,txBytes:0
08-03 17:29:13.752 I/TrafficMonitor( 3560): start expired. level:-1
08-03 17:29:13.752 I/TrafficMonitor( 3560): gettimer:interval=5000
08-03 17:29:13.752 I/TrafficMonitor( 3560): during_ms:5004,period_ms:2000
08-03 17:29:13.752 I/TrafficMonitor( 3560): count:761,rx_sum:7,tx_sum:0,rxBytes:679,during_ms:5004,rx_speed:135.69144684252598,tx_speed:0.0,rto:0.0
08-03 17:29:13.768 I/NetworkSpeedManagerEx( 4010): mIsStop = false
08-03 17:29:13.772 I/NetworkSpeedManagerEx( 4010):  value = 148.33333
08-03 17:29:13.774 I/NetworkSpeedManagerEx( 4010): speed = 148B/s
08-03 17:29:13.774 I/NetworkSpeedView( 4010): /update(), speed=148B/s
08-03 17:29:14.458 E/WifiConfigStore( 3560): updateConfiguration freq=2437 BSSID=74:1f:4a:cd:8f:b7 RSSI=-49 "RJYFZX-Wifi-02"WPA_PSK
08-03 17:29:14.630 I/memcheck(28192): needTrimMemory: trimFrom = 0, avail = 1387776, vmSize = 1483316, vssLimit = 4192340, totalPss = 161104, pssLimit = 2858020, agressiveGrowthLimit = 1143208, gentleGrowthLimit = 2000614, availablePmThreshold = 221184, availableVmThreshold = 153600
08-03 17:29:16.777 I/NetworkSpeedManagerEx( 4010): mIsStop = false
08-03 17:29:16.781 I/NetworkSpeedManagerEx( 4010):  value = 186.66667
08-03 17:29:16.783 I/NetworkSpeedManagerEx( 4010): speed = 187B/s
08-03 17:29:16.783 I/NetworkSpeedView( 4010): /update(), speed=187B/s
08-03 17:29:17.482 E/WifiConfigStore( 3560): updateConfiguration freq=2437 BSSID=74:1f:4a:cd:8f:b7 RSSI=-50 "RJYFZX-Wifi-02"WPA_PSK
08-03 17:29:18.753 I/TrafficMonitor( 3560): expired arrive. level:-1
08-03 17:29:18.756 I/TrafficMonitor( 3560): update:rxPkts:5,txPkts:0,rxBytes:560,txBytes:0
08-03 17:29:18.756 I/TrafficMonitor( 3560): start expired. level:-1
08-03 17:29:18.757 I/TrafficMonitor( 3560): gettimer:interval=5000
08-03 17:29:18.757 I/TrafficMonitor( 3560): during_ms:5005,period_ms:2000
08-03 17:29:18.757 I/TrafficMonitor( 3560): count:762,rx_sum:5,tx_sum:0,rxBytes:560,during_ms:5005,rx_speed:111.8881118881119,tx_speed:0.0,rto:0.0
08-03 17:29:19.766 I/memcheck(28192): needTrimMemory: trimFrom = 0, avail = 1387600, vmSize = 1483416, vssLimit = 4192340, totalPss = 161500, pssLimit = 2858020, agressiveGrowthLimit = 1143208, gentleGrowthLimit = 2000614, availablePmThreshold = 221184, availableVmThreshold = 153600
08-03 17:29:19.786 I/NetworkSpeedManagerEx( 4010): mIsStop = false
08-03 17:29:19.787 I/NetworkSpeedManagerEx( 4010):  value = 0.0
08-03 17:29:19.788 I/NetworkSpeedManagerEx( 4010): speed = 0K/s
08-03 17:29:19.788 I/NetworkSpeedView( 4010): /update(), speed=0K/s
08-03 17:29:19.792 W/View    ( 4010): requestLayout() improperly called by com.android.systemui.statusbar.phone.IconMerger{9226af6 V.E...... ......I. 0,0-162,72 #7f1000c3 app:id/notificationIcons} during layout: running second layout pass
08-03 17:29:20.138 E/WifiConfigStore( 3560): updateConfiguration freq=2437 BSSID=74:1f:4a:cd:8f:b7 RSSI=-49 "RJYFZX-Wifi-02"WPA_PSK
08-03 17:29:20.145 I/HuaweiWifiWatchdogStateMachine( 3560): spd good count:0, add sc:0.0, rate:1.0
08-03 17:29:20.145 I/HuaweiWifiWatchdogStateMachine( 3560): current mHighDataFlowRate = 1.0
08-03 17:29:20.145 I/HuaweiWifiWatchdogStateMachine( 3560): not any pkt, ignore this period chk result.
08-03 17:29:20.505 E/WifiConfigStore( 3560): updateConfiguration freq=2437 BSSID=74:1f:4a:cd:8f:b7 RSSI=-49 "RJYFZX-Wifi-02"WPA_PSK
08-03 17:29:21.187 W/View    ( 4010): requestLayout() improperly called by com.android.systemui.statusbar.phone.IconMerger{9226af6 V.E...... ........ 0,0-216,72 #7f1000c3 app:id/notificationIcons} during second layout pass: posting in next frame
08-03 17:29:22.791 I/NetworkSpeedManagerEx( 4010): mIsStop = false
08-03 17:29:22.795 I/NetworkSpeedManagerEx( 4010):  value = 340.33334
08-03 17:29:22.797 I/NetworkSpeedManagerEx( 4010): speed = 340B/s
08-03 17:29:22.797 I/NetworkSpeedView( 4010): /update(), speed=340B/s
08-03 17:29:22.813 W/View    ( 4010): requestLayout() improperly called by com.android.systemui.statusbar.phone.IconMerger{9226af6 V.E...... ......I. 0,0-216,72 #7f1000c3 app:id/notificationIcons} during layout: running second layout pass
08-03 17:29:23.526 E/WifiConfigStore( 3560): updateConfiguration freq=2437 BSSID=74:1f:4a:cd:8f:b7 RSSI=-50 "RJYFZX-Wifi-02"WPA_PSK
08-03 17:29:23.757 I/TrafficMonitor( 3560): expired arrive. level:-1
08-03 17:29:23.760 I/TrafficMonitor( 3560): update:rxPkts:13,txPkts:0,rxBytes:1328,txBytes:0
08-03 17:29:23.760 I/TrafficMonitor( 3560): start expired. level:-1
08-03 17:29:23.760 I/TrafficMonitor( 3560): gettimer:interval=5000
08-03 17:29:23.760 I/TrafficMonitor( 3560): during_ms:5003,period_ms:2000
08-03 17:29:23.760 I/TrafficMonitor( 3560): count:763,rx_sum:13,tx_sum:0,rxBytes:1328,during_ms:5003,rx_speed:265.4407355586648,tx_speed:0.0,rto:0.0
08-03 17:29:24.920 I/memcheck(28192): needTrimMemory: trimFrom = 0, avail = 1387724, vmSize = 1483496, vssLimit = 4192340, totalPss = 161500, pssLimit = 2858020, agressiveGrowthLimit = 1143208, gentleGrowthLimit = 2000614, availablePmThreshold = 221184, availableVmThreshold = 153600
08-03 17:29:25.236 E/Thermal-daemon( 3016): [flash_led] temp_new :31  temp_old :32
08-03 17:29:25.236 E/Thermal-daemon( 3016): Report temperature: [flash_led] temp :31  report_threshold:1
08-03 17:29:25.242 W/ThermalStateManager( 5074): trigLevel = -1, mSimTrigLevel = -1, tempPolicy = 0
08-03 17:29:25.242 I/ThermalStateManager( 5074): sensor name: flash temperature: 31 , thermal action: bcurrent policy:990
08-03 17:29:25.345 W/SwitchManager( 5074): NoSuchMethod: IPowerManager setChargeHotLimit [int,int]
08-03 17:29:25.345 I/powergenie_jni( 5074): set charge limit 2: 990
08-03 17:29:25.801 I/NetworkSpeedManagerEx( 4010): mIsStop = false
08-03 17:29:25.804 I/NetworkSpeedManagerEx( 4010):  value = 393.66666
08-03 17:29:25.807 I/NetworkSpeedManagerEx( 4010): speed = 394B/s
08-03 17:29:25.807 I/NetworkSpeedView( 4010): /update(), speed=394B/s
08-03 17:29:25.825 W/View    ( 4010): requestLayout() improperly called by com.android.systemui.statusbar.phone.IconMerger{9226af6 V.E...... ........ 0,0-162,72 #7f1000c3 app:id/notificationIcons} during second layout pass: posting in next frame
08-03 17:29:26.551 E/WifiConfigStore( 3560): updateConfiguration freq=2437 BSSID=74:1f:4a:cd:8f:b7 RSSI=-50 "RJYFZX-Wifi-02"WPA_PSK
08-03 17:29:28.134 E/WifiConfigStore( 3560): updateConfiguration freq=2437 BSSID=74:1f:4a:cd:8f:b7 RSSI=-51 "RJYFZX-Wifi-02"WPA_PSK
08-03 17:29:28.142 I/HuaweiWifiWatchdogStateMachine( 3560): spd good count:0, add sc:0.0, rate:1.0
08-03 17:29:28.144 I/HuaweiWifiWatchdogStateMachine( 3560): current mHighDataFlowRate = 1.0
08-03 17:29:28.144 I/HuaweiWifiWatchdogStateMachine( 3560): not any pkt, ignore this period chk result.
08-03 17:29:28.762 I/TrafficMonitor( 3560): expired arrive. level:-1
08-03 17:29:28.765 I/TrafficMonitor( 3560): update:rxPkts:15,txPkts:0,rxBytes:1553,txBytes:0
08-03 17:29:28.765 I/TrafficMonitor( 3560): start expired. level:-1
08-03 17:29:28.765 I/TrafficMonitor( 3560): gettimer:interval=5000
08-03 17:29:28.766 I/TrafficMonitor( 3560): during_ms:5006,period_ms:2000
08-03 17:29:28.766 I/TrafficMonitor( 3560): count:764,rx_sum:15,tx_sum:0,rxBytes:1553,during_ms:5006,rx_speed:310.2277267279265,tx_speed:0.0,rto:0.0
08-03 17:29:28.774 I/System  (28192): core_booster, getBoosterConfig = false
08-03 17:29:28.811 I/NetworkSpeedManagerEx( 4010): mIsStop = false
08-03 17:29:28.815 I/NetworkSpeedManagerEx( 4010):  value = 226.33333
08-03 17:29:28.817 I/NetworkSpeedManagerEx( 4010): speed = 226B/s
08-03 17:29:28.817 I/NetworkSpeedView( 4010): /update(), speed=226B/s
08-03 17:29:29.572 E/WifiConfigStore( 3560): updateConfiguration freq=2437 BSSID=74:1f:4a:cd:8f:b7 RSSI=-50 "RJYFZX-Wifi-02"WPA_PSK
08-03 17:29:30.063 I/memcheck(28192): needTrimMemory: trimFrom = 0, avail = 1387600, vmSize = 1483576, vssLimit = 4192340, totalPss = 161692, pssLimit = 2858020, agressiveGrowthLimit = 1143208, gentleGrowthLimit = 2000614, availablePmThreshold = 221184, availableVmThreshold = 153600
08-03 17:29:31.822 I/NetworkSpeedManagerEx( 4010): mIsStop = false
08-03 17:29:31.825 I/NetworkSpeedManagerEx( 4010):  value = 514.6667
08-03 17:29:31.827 I/NetworkSpeedManagerEx( 4010): speed = 515B/s
08-03 17:29:31.827 I/NetworkSpeedView( 4010): /update(), speed=515B/s
08-03 17:29:32.598 E/WifiConfigStore( 3560): updateConfiguration freq=2437 BSSID=74:1f:4a:cd:8f:b7 RSSI=-51 "RJYFZX-Wifi-02"WPA_PSK
08-03 17:29:33.767 I/TrafficMonitor( 3560): expired arrive. level:-1
08-03 17:29:33.770 I/TrafficMonitor( 3560): update:rxPkts:20,txPkts:0,rxBytes:1856,txBytes:0
08-03 17:29:33.770 I/TrafficMonitor( 3560): start expired. level:-1
08-03 17:29:33.770 I/TrafficMonitor( 3560): gettimer:interval=5000
08-03 17:29:33.770 I/TrafficMonitor( 3560): during_ms:5004,period_ms:2000
08-03 17:29:33.771 I/TrafficMonitor( 3560): count:765,rx_sum:20,tx_sum:0,rxBytes:1856,during_ms:5004,rx_speed:370.9032773780975,tx_speed:0.0,rto:0.0
08-03 17:29:34.833 I/NetworkSpeedManagerEx( 4010): mIsStop = false
08-03 17:29:34.838 I/NetworkSpeedManagerEx( 4010):  value = 208.0
08-03 17:29:34.840 I/NetworkSpeedManagerEx( 4010): speed = 208B/s
08-03 17:29:34.840 I/NetworkSpeedView( 4010): /update(), speed=208B/s
08-03 17:29:35.206 I/memcheck(28192): needTrimMemory: trimFrom = 0, avail = 1387032, vmSize = 1483656, vssLimit = 4192340, totalPss = 161916, pssLimit = 2858020, agressiveGrowthLimit = 1143208, gentleGrowthLimit = 2000614, availablePmThreshold = 221184, availableVmThreshold = 153600
08-03 17:29:35.615 E/WifiConfigStore( 3560): updateConfiguration freq=2437 BSSID=74:1f:4a:cd:8f:b7 RSSI=-51 "RJYFZX-Wifi-02"WPA_PSK
08-03 17:29:36.146 E/WifiConfigStore( 3560): updateConfiguration freq=2437 BSSID=74:1f:4a:cd:8f:b7 RSSI=-52 "RJYFZX-Wifi-02"WPA_PSK
08-03 17:29:36.153 I/HuaweiWifiWatchdogStateMachine( 3560): spd good count:0, add sc:0.0, rate:1.0
08-03 17:29:36.153 I/HuaweiWifiWatchdogStateMachine( 3560): current mHighDataFlowRate = 1.0
08-03 17:29:36.153 I/HuaweiWifiWatchdogStateMachine( 3560): POta txb txg rxg:0, 1, 0. Lr =0% Totpkt=1
08-03 17:29:36.154 I/WifiProJNI( 3560): ######### CMD_QUERY_PKTS ########
08-03 17:29:36.155 I/QosMonitor( 3560): postEventFromNative: msg=100,arg1=0,arg2=9
08-03 17:29:36.155 W/WifiProJNI( 3560): poll before: g_monitor_fd =165
08-03 17:29:36.155 I/MQoS    ( 3560): rtt=1140,tcp_tx_pkts=115379,tcp_rx_pkts=88768
08-03 17:29:36.157 I/HuaweiWifiWatchdogStateMachine( 3560): PTcp RTT:0, rtt pkt=0, tcp_rx=0, tcp_tx=0, tcp_reTran=0, rtRate=0
08-03 17:29:36.157 I/HuaweiWifiWatchdogStateMachine( 3560): rs ota tcp lr rttvb bad: false, false, false, false, false; rsth:-75
08-03 17:29:36.158 I/HuaweiWifiWatchdogStateMachine( 3560):  pkt chk not bad, reset sc to 0.
08-03 17:29:36.159 I/MQoS    ( 3560): QOS_level:0(0),wifi-link;SIM error;use level-0
08-03 17:29:37.845 I/NetworkSpeedManagerEx( 4010): mIsStop = false
08-03 17:29:37.850 I/NetworkSpeedManagerEx( 4010):  value = 310.33334
08-03 17:29:37.852 I/NetworkSpeedManagerEx( 4010): speed = 310B/s
08-03 17:29:37.852 I/NetworkSpeedView( 4010): /update(), speed=310B/s
08-03 17:29:38.640 E/WifiConfigStore( 3560): updateConfiguration freq=2437 BSSID=74:1f:4a:cd:8f:b7 RSSI=-53 "RJYFZX-Wifi-02"WPA_PSK
08-03 17:29:38.771 I/TrafficMonitor( 3560): expired arrive. level:-1
08-03 17:29:38.773 I/TrafficMonitor( 3560): update:rxPkts:15,txPkts:0,rxBytes:1321,txBytes:0
08-03 17:29:38.773 I/TrafficMonitor( 3560): start expired. level:-1
08-03 17:29:38.774 I/TrafficMonitor( 3560): gettimer:interval=5000
08-03 17:29:38.774 I/TrafficMonitor( 3560): during_ms:5004,period_ms:2000
08-03 17:29:38.774 I/TrafficMonitor( 3560): count:766,rx_sum:15,tx_sum:0,rxBytes:1321,during_ms:5004,rx_speed:263.98880895283776,tx_speed:0.0,rto:0.0
08-03 17:29:40.351 I/memcheck(28192): needTrimMemory: trimFrom = 0, avail = 1387104, vmSize = 1483736, vssLimit = 4192340, totalPss = 161916, pssLimit = 2858020, agressiveGrowthLimit = 1143208, gentleGrowthLimit = 2000614, availablePmThreshold = 221184, availableVmThreshold = 153600
08-03 17:29:40.857 I/NetworkSpeedManagerEx( 4010): mIsStop = false
08-03 17:29:40.861 I/NetworkSpeedManagerEx( 4010):  value = 226.33333
08-03 17:29:40.863 I/NetworkSpeedManagerEx( 4010): speed = 226B/s
08-03 17:29:40.863 I/NetworkSpeedView( 4010): /update(), speed=226B/s
08-03 17:29:41.666 E/WifiConfigStore( 3560): updateConfiguration freq=2437 BSSID=74:1f:4a:cd:8f:b7 RSSI=-52 "RJYFZX-Wifi-02"WPA_PSK
08-03 17:29:43.775 I/TrafficMonitor( 3560): expired arrive. level:-1
08-03 17:29:43.778 I/TrafficMonitor( 3560): update:rxPkts:6,txPkts:0,rxBytes:601,txBytes:0
08-03 17:29:43.778 I/TrafficMonitor( 3560): start expired. level:-1
08-03 17:29:43.778 I/TrafficMonitor( 3560): gettimer:interval=5000
08-03 17:29:43.778 I/TrafficMonitor( 3560): during_ms:5004,period_ms:2000
08-03 17:29:43.778 I/TrafficMonitor( 3560): count:767,rx_sum:6,tx_sum:0,rxBytes:601,during_ms:5004,rx_speed:120.10391686650681,tx_speed:0.0,rto:0.0
08-03 17:29:43.866 I/NetworkSpeedManagerEx( 4010): mIsStop = false
08-03 17:29:43.871 I/NetworkSpeedManagerEx( 4010):  value = 0.0
08-03 17:29:43.872 I/NetworkSpeedManagerEx( 4010): speed = 0K/s
08-03 17:29:43.872 I/NetworkSpeedView( 4010): /update(), speed=0K/s
08-03 17:29:43.889 W/View    ( 4010): requestLayout() improperly called by com.android.systemui.statusbar.phone.IconMerger{9226af6 V.E...... ......I. 0,0-162,72 #7f1000c3 app:id/notificationIcons} during layout: running second layout pass
08-03 17:29:44.136 E/WifiConfigStore( 3560): updateConfiguration freq=2437 BSSID=74:1f:4a:cd:8f:b7 RSSI=-50 "RJYFZX-Wifi-02"WPA_PSK
08-03 17:29:44.144 I/HuaweiWifiWatchdogStateMachine( 3560): spd good count:0, add sc:0.0, rate:1.0
08-03 17:29:44.144 I/HuaweiWifiWatchdogStateMachine( 3560): current mHighDataFlowRate = 1.0
08-03 17:29:44.144 I/HuaweiWifiWatchdogStateMachine( 3560): not any pkt, ignore this period chk result.
08-03 17:29:44.248 W/View    ( 4010): requestLayout() improperly called by com.android.systemui.statusbar.phone.IconMerger{9226af6 V.E...... ........ 0,0-216,72 #7f1000c3 app:id/notificationIcons} during second layout pass: posting in next frame
08-03 17:29:44.687 E/WifiConfigStore( 3560): updateConfiguration freq=2437 BSSID=74:1f:4a:cd:8f:b7 RSSI=-51 "RJYFZX-Wifi-02"WPA_PSK
08-03 17:29:45.520 I/memcheck(28192): needTrimMemory: trimFrom = 0, avail = 1387072, vmSize = 1483000, vssLimit = 4192340, totalPss = 161236, pssLimit = 2858020, agressiveGrowthLimit = 1143208, gentleGrowthLimit = 2000614, availablePmThreshold = 221184, availableVmThreshold = 153600
08-03 17:29:46.875 I/NetworkSpeedManagerEx( 4010): mIsStop = false
08-03 17:29:46.880 I/NetworkSpeedManagerEx( 4010):  value = 488.66666
08-03 17:29:46.882 I/NetworkSpeedManagerEx( 4010): speed = 489B/s
08-03 17:29:46.882 I/NetworkSpeedView( 4010): /update(), speed=489B/s
08-03 17:29:46.896 W/View    ( 4010): requestLayout() improperly called by com.android.systemui.statusbar.phone.IconMerger{9226af6 V.E...... ......I. 0,0-216,72 #7f1000c3 app:id/notificationIcons} during layout: running second layout pass
08-03 17:29:47.714 E/WifiConfigStore( 3560): updateConfiguration freq=2437 BSSID=74:1f:4a:cd:8f:b7 RSSI=-51 "RJYFZX-Wifi-02"WPA_PSK
08-03 17:29:48.779 I/TrafficMonitor( 3560): expired arrive. level:-1
08-03 17:29:48.782 I/TrafficMonitor( 3560): update:rxPkts:20,txPkts:0,rxBytes:2026,txBytes:0
08-03 17:29:48.782 I/TrafficMonitor( 3560): start expired. level:-1
08-03 17:29:48.783 I/TrafficMonitor( 3560): gettimer:interval=5000
08-03 17:29:48.783 I/TrafficMonitor( 3560): during_ms:5005,period_ms:2000
08-03 17:29:48.783 I/TrafficMonitor( 3560): count:768,rx_sum:20,tx_sum:0,rxBytes:2026,during_ms:5005,rx_speed:404.7952047952048,tx_speed:0.0,rto:0.0
08-03 17:29:49.262 W/View    ( 4010): requestLayout() improperly called by com.android.systemui.statusbar.phone.IconMerger{9226af6 V.E...... ........ 0,0-162,72 #7f1000c3 app:id/notificationIcons} during second layout pass: posting in next frame
08-03 17:29:49.884 I/NetworkSpeedManagerEx( 4010): mIsStop = false
08-03 17:29:49.888 I/NetworkSpeedManagerEx( 4010):  value = 186.66667
08-03 17:29:49.890 I/NetworkSpeedManagerEx( 4010): speed = 187B/s
08-03 17:29:49.891 I/NetworkSpeedView( 4010): /update(), speed=187B/s
08-03 17:29:50.663 I/memcheck(28192): needTrimMemory: trimFrom = 0, avail = 1386696, vmSize = 1483080, vssLimit = 4192340, totalPss = 161236, pssLimit = 2858020, agressiveGrowthLimit = 1143208, gentleGrowthLimit = 2000614, availablePmThreshold = 221184, availableVmThreshold = 153600
08-03 17:29:50.731 E/WifiConfigStore( 3560): updateConfiguration freq=2437 BSSID=74:1f:4a:cd:8f:b7 RSSI=-51 "RJYFZX-Wifi-02"WPA_PSK
08-03 17:29:52.154 E/WifiConfigStore( 3560): updateConfiguration freq=2437 BSSID=74:1f:4a:cd:8f:b7 RSSI=-51 "RJYFZX-Wifi-02"WPA_PSK
08-03 17:29:52.163 I/HuaweiWifiWatchdogStateMachine( 3560): spd good count:0, add sc:0.0, rate:1.0
08-03 17:29:52.163 I/HuaweiWifiWatchdogStateMachine( 3560): current mHighDataFlowRate = 1.0
08-03 17:29:52.163 I/HuaweiWifiWatchdogStateMachine( 3560): not any pkt, ignore this period chk result.
08-03 17:29:52.748 I/MQoS    ( 3560): onSignal: mSubId=0,currDataSubID=0
08-03 17:29:52.749 I/MQoS    ( 3560): received cell-signal:5
08-03 17:29:52.758 I/SendBroadcastPermission( 3560): action:android.intent.action.SIG_STR, mPermissionType:0
08-03 17:29:52.896 I/NetworkSpeedManagerEx( 4010): mIsStop = false
08-03 17:29:52.901 I/NetworkSpeedManagerEx( 4010):  value = 673.6667
08-03 17:29:52.903 I/NetworkSpeedManagerEx( 4010): speed = 674B/s
08-03 17:29:52.903 I/NetworkSpeedView( 4010): /update(), speed=674B/s
08-03 17:29:53.754 E/WifiConfigStore( 3560): updateConfiguration freq=2437 BSSID=74:1f:4a:cd:8f:b7 RSSI=-52 "RJYFZX-Wifi-02"WPA_PSK
08-03 17:29:53.784 I/TrafficMonitor( 3560): expired arrive. level:-1
08-03 17:29:53.787 I/TrafficMonitor( 3560): update:rxPkts:16,txPkts:0,rxBytes:2021,txBytes:0
08-03 17:29:53.787 I/TrafficMonitor( 3560): start expired. level:-1
08-03 17:29:53.787 I/TrafficMonitor( 3560): gettimer:interval=5000
08-03 17:29:53.787 I/TrafficMonitor( 3560): during_ms:5004,period_ms:2000
08-03 17:29:53.787 I/TrafficMonitor( 3560): count:769,rx_sum:16,tx_sum:0,rxBytes:2021,during_ms:5004,rx_speed:403.87689848121505,tx_speed:0.0,rto:0.0
08-03 17:29:55.802 I/memcheck(28192): needTrimMemory: trimFrom = 0, avail = 1386484, vmSize = 1483160, vssLimit = 4192340, totalPss = 161436, pssLimit = 2858020, agressiveGrowthLimit = 1143208, gentleGrowthLimit = 2000614, availablePmThreshold = 221184, availableVmThreshold = 153600
08-03 17:29:55.906 I/NetworkSpeedManagerEx( 4010): mIsStop = false
08-03 17:29:55.908 I/NetworkSpeedManagerEx( 4010):  value = 331.0
08-03 17:29:55.909 I/NetworkSpeedManagerEx( 4010): speed = 331B/s
08-03 17:29:55.909 I/NetworkSpeedView( 4010): /update(), speed=331B/s
08-03 17:29:56.778 E/WifiConfigStore( 3560): updateConfiguration freq=2437 BSSID=74:1f:4a:cd:8f:b7 RSSI=-52 "RJYFZX-Wifi-02"WPA_PSK
08-03 17:29:58.788 I/TrafficMonitor( 3560): expired arrive. level:-1
08-03 17:29:58.790 I/TrafficMonitor( 3560): update:rxPkts:10,txPkts:0,rxBytes:1546,txBytes:0
08-03 17:29:58.791 I/TrafficMonitor( 3560): start expired. level:-1
08-03 17:29:58.791 I/TrafficMonitor( 3560): gettimer:interval=5000
08-03 17:29:58.791 I/TrafficMonitor( 3560): during_ms:5004,period_ms:2000
08-03 17:29:58.791 I/TrafficMonitor( 3560): count:770,rx_sum:10,tx_sum:0,rxBytes:1546,during_ms:5004,rx_speed:308.95283772981617,tx_speed:0.0,rto:0.0
08-03 17:29:58.911 I/NetworkSpeedManagerEx( 4010): mIsStop = false
08-03 17:29:58.912 I/NetworkSpeedManagerEx( 4010):  value = 184.33333
08-03 17:29:58.913 I/NetworkSpeedManagerEx( 4010): speed = 184B/s
08-03 17:29:58.913 I/NetworkSpeedView( 4010): /update(), speed=184B/s
08-03 17:29:59.517 W/PowerMonitor.PeriodCheckItem( 5101): powergenie_mode, put to hashmap: key = 1501752599516, value = 2, length = 1
08-03 17:29:59.520 W/PowerMonitor.PeriodCheckItem( 5101): backlight, put to hashmap: key = 1501752599516, value = 35, length = 2
08-03 17:29:59.521 W/PowerMonitor.PeriodCheckItem( 5101): discharging, put to hashmap: key = 1501752599516, value = 167, length = 3
08-03 17:29:59.806 E/WifiConfigStore( 3560): updateConfiguration freq=2437 BSSID=74:1f:4a:cd:8f:b7 RSSI=-51 "RJYFZX-Wifi-02"WPA_PSK
08-03 17:30:00.007 I/TimeManager( 4010): receiver action = android.intent.action.TIME_TICK
08-03 17:30:00.009 I/HwLauncher( 5178): Model  onReceive intent=Intent { act=android.intent.action.TIME_TICK flg=0x50000014 (has extras) }
08-03 17:30:00.009 I/HwLauncher( 5178): Model  onReceive user=UserHandle{0}
08-03 17:30:00.023 I/TotemWeather( 5178): CityTimeView CityTimeView mCurrentViewMode = 10141
08-03 17:30:00.045 I/TotemWeather( 5178): CityTimeFormatView CityTimeFormatView setTimeFormat is24Hour=true,timeFormat=
08-03 17:30:00.046 I/TotemWeather( 5178): DateTimeManager send message delay millis = 60954 ms
08-03 17:30:00.049 I/HwLauncher( 5178): ClockDynamicUpdater date changed begin
08-03 17:30:00.050 I/HwLauncher( 5178): ClockDynamicUpdater date changed end
08-03 17:30:00.051 E/HwLauncher( 5178): SettingsEx , no such field.
08-03 17:30:00.051 W/HwLauncher( 5178): Clock getDataFormat the getSystemString failed.
08-03 17:30:00.053 I/HwLauncher( 5178): CalenderDynamicUpdater date changed begin
08-03 17:30:00.053 I/HwLauncher( 5178): CalenderDynamicUpdater date changed end
08-03 17:30:00.053 I/HwLauncher( 5178): DynamicIconData , getDrawableForDynamic begin, pkg = com.android.deskclock, picName = deskclock_bg
08-03 17:30:00.053 I/HwLauncher( 5178): DynamicIconData , getDrawableForDynamic end, pkg = com.android.deskclock, picName = deskclock_bg
08-03 17:30:00.056 I/HwLauncher( 5178): ClockDynamicUpdater clock update folder at ClockDynamicUpdater
08-03 17:30:00.056 I/HwLauncher( 5178): DynamicUpdater updateBitmap end and send update message
08-03 17:30:00.056 I/HwLauncher( 5178): DynamicUpdater call updateFolder
08-03 17:30:00.159 E/WifiConfigStore( 3560): updateConfiguration freq=2437 BSSID=74:1f:4a:cd:8f:b7 RSSI=-51 "RJYFZX-Wifi-02"WPA_PSK
08-03 17:30:00.164 I/HuaweiWifiWatchdogStateMachine( 3560): spd good count:0, add sc:0.0, rate:1.0
08-03 17:30:00.165 I/HuaweiWifiWatchdogStateMachine( 3560): current mHighDataFlowRate = 1.0
08-03 17:30:00.165 I/HuaweiWifiWatchdogStateMachine( 3560): not any pkt, ignore this period chk result.
08-03 17:30:00.940 I/memcheck(28192): needTrimMemory: trimFrom = 0, avail = 1387232, vmSize = 1483260, vssLimit = 4192340, totalPss = 161436, pssLimit = 2858020, agressiveGrowthLimit = 1143208, gentleGrowthLimit = 2000614, availablePmThreshold = 221184, availableVmThreshold = 153600
08-03 17:30:01.609 I/HwLauncher( 5178):  FPSMonitor [Launcher , dispatchTouchEvent begin, false, true] down event  x = 669 y = 669
08-03 17:30:01.610 I/HwLauncher( 5178): Launcher  while lockScreenOrientation,isRotationEnabled is false!
08-03 17:30:01.611 I/HwLauncher( 5178):  FPSMonitor [PagedView , onIntercept] down event  x = 669 y = 669
08-03 17:30:01.619 I/HwLauncher( 5178):  FPSMonitor [Launcher , dispatchTouchEvent end, false, true] down event  x = 669 y = 669
08-03 17:30:01.623 I/HwLauncher( 5178):  FPSMonitor startScroll xMoved = true  xPaged = true xDiff =  48
08-03 17:30:01.673 I/HwLauncher( 5178):  FPSMonitor [Launcher , dispatchTouchEvent begin, false, true] up event  x = 352 y = 352
08-03 17:30:01.673 I/HwLauncher( 5178):  FPSMonitor [PagedView , onTouchEvent] up event  x = 352 y = 352
08-03 17:30:01.674 I/HwLauncher( 5178):  FPSMonitor snapToPage whichPage = 3 delta = -366 duration = 276
08-03 17:30:01.674 W/HwLauncher( 5178): Workspace workspace notfiyPageSwitchListener clingContoller is NULL
08-03 17:30:01.674 I/HwLauncher( 5178): Launcher mUnlockScreenRunnbale  getOrientationEnabled false 
08-03 17:30:01.674 I/HwLauncher( 5178):  FPSMonitor [Launcher , dispatchTouchEvent end, false, true] up event  x = 352 y = 352
08-03 17:30:01.914 I/NetworkSpeedManagerEx( 4010): mIsStop = false
08-03 17:30:01.915 I/NetworkSpeedManagerEx( 4010):  value = 553.6667
08-03 17:30:01.916 I/NetworkSpeedManagerEx( 4010): speed = 554B/s
08-03 17:30:01.916 I/NetworkSpeedView( 4010): /update(), speed=554B/s
08-03 17:30:02.055 I/HwLauncher( 5178):  FPSMonitor [Launcher , dispatchTouchEvent begin, false, true] down event  x = 510 y = 510
08-03 17:30:02.055 I/HwLauncher( 5178): Launcher  while lockScreenOrientation,isRotationEnabled is false!
08-03 17:30:02.055 I/HwLauncher( 5178):  FPSMonitor [PagedView , onIntercept] down event  x = 510 y = 510
08-03 17:30:02.056 I/HwLauncher( 5178):  FPSMonitor [Launcher , dispatchTouchEvent end, false, true] down event  x = 510 y = 510
08-03 17:30:02.058 W/HwLauncher( 5178): Workspace workspace notfiyPageSwitchListener clingContoller is NULL
08-03 17:30:02.058 I/HwLauncher( 5178):  FPSMonitor endScroll
08-03 17:30:02.073 I/HwLauncher( 5178):  FPSMonitor startScroll xMoved = true  xPaged = true xDiff =  135
08-03 17:30:02.107 I/HwLauncher( 5178):  FPSMonitor [Launcher , dispatchTouchEvent begin, false, true] up event  x = 931 y = 931
08-03 17:30:02.108 I/HwLauncher( 5178):  FPSMonitor [PagedView , onTouchEvent] up event  x = 931 y = 931
08-03 17:30:02.108 I/HwLauncher( 5178):  FPSMonitor snapToPage whichPage = 2 delta = -784 duration = 276
08-03 17:30:02.108 W/HwLauncher( 5178): Workspace workspace notfiyPageSwitchListener clingContoller is NULL
08-03 17:30:02.109 I/HwLauncher( 5178): Launcher mUnlockScreenRunnbale  getOrientationEnabled false 
08-03 17:30:02.109 I/HwLauncher( 5178):  FPSMonitor [Launcher , dispatchTouchEvent end, false, true] up event  x = 931 y = 931
08-03 17:30:02.474 I/HwLauncher( 5178):  FPSMonitor endScroll
08-03 17:30:02.826 E/WifiConfigStore( 3560): updateConfiguration freq=2437 BSSID=74:1f:4a:cd:8f:b7 RSSI=-50 "RJYFZX-Wifi-02"WPA_PSK
08-03 17:30:03.793 I/TrafficMonitor( 3560): expired arrive. level:-1
08-03 17:30:03.796 I/TrafficMonitor( 3560): update:rxPkts:13,txPkts:0,rxBytes:1817,txBytes:0
08-03 17:30:03.796 I/TrafficMonitor( 3560): start expired. level:-1
08-03 17:30:03.796 I/TrafficMonitor( 3560): gettimer:interval=5000
08-03 17:30:03.796 I/TrafficMonitor( 3560): during_ms:5005,period_ms:2000
08-03 17:30:03.797 I/TrafficMonitor( 3560): count:771,rx_sum:13,tx_sum:0,rxBytes:1817,during_ms:5005,rx_speed:363.0369630369631,tx_speed:0.0,rto:0.0
08-03 17:30:04.920 I/NetworkSpeedManagerEx( 4010): mIsStop = false
08-03 17:30:04.924 I/NetworkSpeedManagerEx( 4010):  value = 78.0
08-03 17:30:04.926 I/NetworkSpeedManagerEx( 4010): speed = 78B/s
08-03 17:30:04.926 I/NetworkSpeedView( 4010): /update(), speed=78B/s
08-03 17:30:04.941 W/View    ( 4010): requestLayout() improperly called by com.android.systemui.statusbar.phone.IconMerger{9226af6 V.E...... ......I. 0,0-162,72 #7f1000c3 app:id/notificationIcons} during layout: running second layout pass
08-03 17:30:05.350 W/View    ( 4010): requestLayout() improperly called by com.android.systemui.statusbar.phone.IconMerger{9226af6 V.E...... ........ 0,0-162,72 #7f1000c3 app:id/notificationIcons} during second layout pass: posting in next frame
08-03 17:30:05.854 E/WifiConfigStore( 3560): updateConfiguration freq=2437 BSSID=74:1f:4a:cd:8f:b7 RSSI=-51 "RJYFZX-Wifi-02"WPA_PSK
08-03 17:30:06.081 I/memcheck(28192): needTrimMemory: trimFrom = 0, avail = 1384452, vmSize = 1483340, vssLimit = 4192340, totalPss = 161628, pssLimit = 2858020, agressiveGrowthLimit = 1143208, gentleGrowthLimit = 2000614, availablePmThreshold = 221184, availableVmThreshold = 153600
08-03 17:30:06.787 I/StatisticalUtils( 3560): reporting id=101
08-03 17:30:06.800 I/[Gralloc]( 2991): alloc w[1080] h[1920] format[1] usage[819]
08-03 17:30:06.802 I/[Gralloc]( 2991): alloc succ handle[0x558ca4a400] stride[1120]
08-03 17:30:06.802 I/[Gralloc]( 2991): alloc w[1080] h[1920] format[1] usage[3]
08-03 17:30:06.807 I/[Gralloc]( 2991): alloc succ handle[0x558ca5f110] stride[1120]
08-03 17:30:06.832 I/[Gralloc]( 2991): alloc w[1080] h[1920] format[1] usage[819]
08-03 17:30:06.833 I/[Gralloc]( 2991): alloc w[1080] h[1920] format[1] usage[3]
08-03 17:30:06.833 I/[Gralloc]( 2991): alloc succ handle[0x558ca5f110] stride[1120]
08-03 17:30:06.836 I/[Gralloc]( 2991): alloc succ handle[0x558cad4cc0] stride[1120]
08-03 17:30:06.853 I/ash     ( 5074): view add pid:3560 uid:1000
08-03 17:30:06.870 I/SendBroadcastPermission( 3560): action:com.qeexo.syswideactions.KNOCK_DOWN, mPermissionType:0
08-03 17:30:06.879 I/OpenGLRenderer( 3560): Initialized EGL, version 1.4
08-03 17:30:06.884 E/linker  ( 3560): readlink('/proc/self/fd/330') failed: Permission denied [fd=330]
08-03 17:30:06.885 E/linker  ( 3560): warning: unable to get realpath for the library "/system/lib64/libhwuibp.so". Will use given name.
08-03 17:30:06.894 I/[Gralloc]( 2991): alloc w[1080] h[1920] format[1] usage[2816]
08-03 17:30:06.899 I/[Gralloc]( 2991): alloc succ handle[0x558c9d1f20] stride[1120]
08-03 17:30:06.899 I/[Gralloc]( 2991): alloc w[1080] h[1920] format[1] usage[2816]
08-03 17:30:06.902 I/[Gralloc]( 2991): alloc succ handle[0x558caaa720] stride[1120]
08-03 17:30:06.902 I/[Gralloc]( 2991): alloc w[1080] h[1920] format[1] usage[2816]
08-03 17:30:06.905 I/[Gralloc]( 2991): alloc succ handle[0x558cabd560] stride[1120]
08-03 17:30:07.035 I/StatisticalUtils( 3560): reporting id=102
08-03 17:30:07.049 I/art     ( 3560): Background partial concurrent mark sweep GC freed 8043(621KB) AllocSpace objects, 2(40KB) LOS objects, 7% free, 50MB/54MB, paused 2.936ms total 224.891ms
08-03 17:30:07.190 W/CustomGestureDetector( 3560): Knuckle Gesture performed but not recognized as Region, Letter, or Line Gesture.
08-03 17:30:07.193 I/ash     ( 5074): view remove pid:3560 uid:1000
08-03 17:30:07.211 I/[Gralloc]( 2991): alloc w[1080] h[1920] format[1] usage[2355]
08-03 17:30:07.212 I/[Gralloc]( 2991): alloc succ handle[0x558cad4cc0] stride[1120]
08-03 17:30:07.212 I/[Gralloc]( 2991): alloc w[1080] h[1920] format[1] usage[3]
08-03 17:30:07.215 I/[Gralloc]( 2991): alloc succ handle[0x558c9d1f20] stride[1120]
08-03 17:30:07.929 I/NetworkSpeedManagerEx( 4010): mIsStop = false
08-03 17:30:07.933 I/NetworkSpeedManagerEx( 4010):  value = 0.0
08-03 17:30:07.934 I/NetworkSpeedManagerEx( 4010): speed = 0K/s
08-03 17:30:07.934 I/NetworkSpeedView( 4010): /update(), speed=0K/s
08-03 17:30:07.942 W/View    ( 4010): requestLayout() improperly called by com.android.systemui.statusbar.phone.IconMerger{9226af6 V.E...... ......I. 0,0-162,72 #7f1000c3 app:id/notificationIcons} during layout: running second layout pass
08-03 17:30:08.166 E/WifiConfigStore( 3560): updateConfiguration freq=2437 BSSID=74:1f:4a:cd:8f:b7 RSSI=-54 "RJYFZX-Wifi-02"WPA_PSK
08-03 17:30:08.175 I/HuaweiWifiWatchdogStateMachine( 3560): spd good count:0, add sc:0.0, rate:1.0
08-03 17:30:08.175 I/HuaweiWifiWatchdogStateMachine( 3560): current mHighDataFlowRate = 1.0
08-03 17:30:08.175 I/HuaweiWifiWatchdogStateMachine( 3560): POta txb txg rxg:0, 1, 0. Lr =0% Totpkt=1
08-03 17:30:08.176 I/WifiProJNI( 3560): ######### CMD_QUERY_PKTS ########
08-03 17:30:08.177 I/QosMonitor( 3560): postEventFromNative: msg=100,arg1=0,arg2=9
08-03 17:30:08.177 W/WifiProJNI( 3560): poll before: g_monitor_fd =165
08-03 17:30:08.178 I/MQoS    ( 3560): rtt=1140,tcp_tx_pkts=115379,tcp_rx_pkts=88768
