08-03 17:31:08.921 I/ash     ( 5074): unprotect frz apps: [com.example.android.architecture.blueprints.todomvp.mock, com.xh.caifupeixun, com.screeclibinvoke, com.example.android.notepad, com.shangrong.jieme, io.appium.android.ime, com.Qunar, com.wandoujia.phoenix2, com.huawei.vdrive, com.android.gallery3d, com.nuance.swype.emui, org.mopria.printplugin, com.huawei.camera, com.cubic.autohome, com.huawei.hidisk, com.android.noisefield, cn.wps.moffice_eng, com.huawei.compass, com.android.dreams.phototable, com.inveno.hwread, com.android.galaxy4, com.huawei.android.karaokeeffect, com.android.mediacenter, com.lifevibes.grouprecorder, com.shuame.sprite, com.huawei.android.airsharing, com.android.phasebeam, com.UCMobile, com.kingroot.kinguser, com.xinhe.sendargs, com.android.wallpaper.holospiral, io.appium.settings, com.taobao.taobao, com.android.wallpapercropper, com.tencent.tmgp.sgame, io.appium.unlock, com.example.greentea, com.tencent.mtt, com.dd.mycar, com.android.browser, com.android.hwmirror, com.tencent.android.qqdownloader, com.xihe.moblie.credit, com.android.wallpaper.livepicker, com.dianping.v1]
08-03 17:31:08.948 E/linker  ( 9175): readlink('/proc/self/fd/57') failed: Permission denied [fd=57]
08-03 17:31:08.949 E/linker  ( 9175): warning: unable to get realpath for the library "/data/user/0/com.huawei.systemmanager/lib/libdce-1.1.6-mfr.so". Will use given name.
08-03 17:31:08.953 W/System  ( 9408): ClassLoader referenced unknown path: /system/app/KeyChain/lib/arm64
08-03 17:31:08.956 I/HwSystemManager( 4425): NotificationDBProvider:queryNotificationLimits , return bundle
08-03 17:31:08.960 I/[Gralloc]( 2991): alloc w[16] h[16] format[1] usage[256]
08-03 17:31:08.960 I/[Gralloc]( 2991): alloc succ handle[0x558caaa720] stride[32]
08-03 17:31:08.961 E/linker  ( 9408): readlink('/proc/self/fd/22') failed: Permission denied [fd=22]
08-03 17:31:08.961 E/linker  ( 9408): warning: unable to get realpath for the library "/system/lib64/hw/gralloc.hi3635.so". Will use given name.
08-03 17:31:08.963 E/linker  ( 9408): readlink('/proc/self/fd/22') failed: Permission denied [fd=22]
08-03 17:31:08.963 E/linker  ( 9408): warning: unable to get realpath for the library "libion.so". Will use given name.
08-03 17:31:08.964 E/HAL     ( 9408): load: id=gralloc != hmi->id=gralloc
08-03 17:31:08.973 I/PushLogSC2609( 8414): [main-1]action is android.intent.action.PACKAGE_REMOVED(remotecontrol/null:-1)
08-03 17:31:08.978 I/PushLogSC2609( 8414): [Thread-3628-3628]framework push exist, use framework push first(remotecontrol/null:-1)
08-03 17:31:08.980 I/PushLogSC2705( 8440): [main-1]action is android.intent.action.PACKAGE_REMOVED(appmarket/null:-1)
08-03 17:31:08.986 I/PushLogSC2830_hwid( 8484): [main-1]action is android.intent.action.PACKAGE_REMOVED(hwid/null:-1)
08-03 17:31:08.996 I/PushLogSC2830_hwid( 8484): [Thread-2524-2524]votedPackage from file:android(hwid/null:-1)
08-03 17:31:09.027 I/PgedBinderListener( 5074): kstate callback type:8 value1=8706 value2=KILLED
08-03 17:31:09.038 I/HwSystemManager( 9175): SpaceCleanReceiver:no uninstalled trash, pkg:com.cgs.fund
08-03 17:31:09.062 I/[Gralloc]( 2991): alloc w[16] h[16] format[1] usage[256]
08-03 17:31:09.062 I/[Gralloc]( 2991): alloc succ handle[0x558caaa720] stride[32]
08-03 17:31:09.063 E/linker  ( 9426): readlink('/proc/self/fd/21') failed: Permission denied [fd=21]
08-03 17:31:09.063 E/linker  ( 9426): warning: unable to get realpath for the library "/system/lib64/hw/gralloc.hi3635.so". Will use given name.
08-03 17:31:09.065 E/linker  ( 9426): readlink('/proc/self/fd/21') failed: Permission denied [fd=21]
08-03 17:31:09.065 E/linker  ( 9426): warning: unable to get realpath for the library "libion.so". Will use given name.
08-03 17:31:09.066 E/HAL     ( 9426): load: id=gralloc != hmi->id=gralloc
08-03 17:31:09.073 W/System  ( 9426): ClassLoader referenced unknown path: /system/app/DocumentsUI/lib/arm64
08-03 17:31:09.108 I/PgedBinderListener( 5074): kstate callback type:8 value1=8723 value2=KILLED
08-03 17:31:09.110 I/PgedBinderListener( 5074): kstate callback type:8 value1=8742 value2=KILLED
08-03 17:31:09.111 I/DownloadManager( 1339): enter DownloadReceiver::onReceive(action:android.intent.action.UID_REMOVED intent:Intent { act=android.intent.action.UID_REMOVED flg=0x4000010 cmp=com.android.providers.downloads/.DownloadReceiver (has extras) })
08-03 17:31:09.111 I/PgedBinderListener( 5074): kstate callback type:8 value1=8706 value2=KILLED
08-03 17:31:09.140 I/PgedBinderListener( 5074): kstate callback type:8 value1=9100 value2=KILLED
08-03 17:31:09.142 I/PgedBinderListener( 5074): kstate callback type:8 value1=8706 value2=KILLED
08-03 17:31:09.146 I/[Gralloc]( 2991): alloc w[16] h[16] format[1] usage[256]
08-03 17:31:09.146 I/[Gralloc]( 2991): alloc succ handle[0x558caaa720] stride[32]
08-03 17:31:09.147 E/linker  ( 9444): readlink('/proc/self/fd/21') failed: Permission denied [fd=21]
08-03 17:31:09.148 E/linker  ( 9444): warning: unable to get realpath for the library "/system/lib64/hw/gralloc.hi3635.so". Will use given name.
08-03 17:31:09.148 I/PgedBinderListener( 5074): kstate callback type:8 value1=8723 value2=KILLED
08-03 17:31:09.151 E/linker  ( 9444): readlink('/proc/self/fd/21') failed: Permission denied [fd=21]
08-03 17:31:09.151 E/linker  ( 9444): warning: unable to get realpath for the library "libion.so". Will use given name.
08-03 17:31:09.152 E/HAL     ( 9444): load: id=gralloc != hmi->id=gralloc
08-03 17:31:09.154 E/HsmCoreServiceImpl( 3560): onTransact in code is: 102
08-03 17:31:09.154 W/MediaProcessHandler( 3560): processOp uid 2000 is not concerned!
08-03 17:31:09.155 I/art     ( 3560): Explicit concurrent mark sweep GC freed 37304(3MB) AllocSpace objects, 1(20KB) LOS objects, 7% free, 50MB/54MB, paused 2.823ms total 250.135ms
08-03 17:31:09.159 W/System  ( 9444): ClassLoader referenced unknown path: /system/priv-app/ExternalStorageProvider/lib/arm64
08-03 17:31:09.181 I/art     ( 3560): Starting a blocking GC Explicit
08-03 17:31:09.208 E/HsmCoreServiceImpl( 3560): onTransact in code is: 102
08-03 17:31:09.208 I/MediaProcessHandler( 3560): processOp opType: 1, uid: 10025, pid: 8723
08-03 17:31:09.208 W/MediaProcessHandler( 3560): remove target not exist, maybe the UI process: uid: 10025, pid: 8723
08-03 17:31:09.212 I/PgedBinderListener( 5074): kstate callback type:8 value1=9100 value2=KILLED
08-03 17:31:09.260 E/HsmCoreServiceImpl( 3560): onTransact in code is: 102
08-03 17:31:09.260 I/MediaProcessHandler( 3560): processOp opType: 1, uid: 10035, pid: 8742
08-03 17:31:09.260 W/MediaProcessHandler( 3560): remove target not exist, maybe the UI process: uid: 10035, pid: 8742
08-03 17:31:09.264 E/WifiConfigStore( 3560): updateConfiguration freq=2437 BSSID=74:1f:4a:cd:8f:b7 RSSI=-57 "RJYFZX-Wifi-02"WPA_PSK
08-03 17:31:09.276 E/HsmCoreServiceImpl( 3560): onTransact in code is: 102
08-03 17:31:09.276 I/MediaProcessHandler( 3560): processOp opType: 1, uid: 10141, pid: 9100
08-03 17:31:09.276 W/MediaProcessHandler( 3560): remove target not exist, maybe the UI process: uid: 10141, pid: 9100
08-03 17:31:09.296 I/PgedBinderListener( 5074): kstate callback type:8 value1=9161 value2=KILLED
08-03 17:31:09.299 I/[Gralloc]( 2991): alloc w[16] h[16] format[1] usage[256]
08-03 17:31:09.299 I/[Gralloc]( 2991): alloc succ handle[0x558caaa720] stride[32]
08-03 17:31:09.302 E/linker  ( 9464): readlink('/proc/self/fd/21') failed: Permission denied [fd=21]
08-03 17:31:09.302 E/linker  ( 9464): warning: unable to get realpath for the library "/system/lib64/hw/gralloc.hi3635.so". Will use given name.
08-03 17:31:09.304 E/linker  ( 9464): readlink('/proc/self/fd/22') failed: Permission denied [fd=22]
08-03 17:31:09.304 E/linker  ( 9464): warning: unable to get realpath for the library "libion.so". Will use given name.
08-03 17:31:09.305 E/HAL     ( 9464): load: id=gralloc != hmi->id=gralloc
08-03 17:31:09.310 W/System  ( 9464): ClassLoader referenced unknown path: /system/priv-app/Shell/lib/arm64
08-03 17:31:09.348 I/art     ( 3560): Explicit concurrent mark sweep GC freed 3454(190KB) AllocSpace objects, 0(0B) LOS objects, 7% free, 50MB/54MB, paused 2.422ms total 166.508ms
08-03 17:31:09.398 E/HsmCoreServiceImpl( 3560): onTransact in code is: 102
08-03 17:31:09.398 I/MediaProcessHandler( 3560): processOp opType: 1, uid: 10016, pid: 9161
08-03 17:31:09.398 W/MediaProcessHandler( 3560): remove target not exist, maybe the UI process: uid: 10016, pid: 9161
08-03 17:31:09.875 I/TrafficMonitor( 3560): expired arrive. level:-1
08-03 17:31:09.876 I/TrafficMonitor( 3560): during_ms:2002,period_ms:2000
08-03 17:31:09.876 I/TrafficMonitor( 3560): count:796,rx_sum:5,tx_sum:0,rxBytes:390,during_ms:2002,rx_speed:194.80519480519482,tx_speed:0.0,rto:0.0
08-03 17:31:10.880 I/TrafficMonitor( 3560): update:rxPkts:6,txPkts:0,rxBytes:468,txBytes:0
08-03 17:31:10.880 I/TrafficMonitor( 3560): start expired. level:-1
08-03 17:31:10.880 I/TrafficMonitor( 3560): gettimer:interval=2000
08-03 17:31:11.089 I/NetworkSpeedManagerEx( 4010): mIsStop = false
08-03 17:31:11.092 I/NetworkSpeedManagerEx( 4010):  value = 234.0
08-03 17:31:11.094 I/NetworkSpeedManagerEx( 4010): speed = 234B/s
08-03 17:31:11.094 I/NetworkSpeedView( 4010): /update(), speed=234B/s
08-03 17:31:12.008 I/appproc ( 9484): CLASSPATH=/system/framework/pm.jar
08-03 17:31:12.008 I/appproc ( 9484): Command=app_process /system/bin com.android.commands.pm.Pm install -l -r /data/local/tmp/jinkuihua.apk 
08-03 17:31:12.013 I/AndroidRuntime( 9484): readDownloadBoosterConfig: 'false'
08-03 17:31:12.070 I/HWSERVICES( 9484): hwnative_get_component_register:libdrmbitmap,JNI
08-03 17:31:12.078 E/HAL     ( 9484): load: id=memtrack != hmi->id=memtrack
08-03 17:31:12.080 I/        ( 9484): power log dlsym ok
08-03 17:31:12.082 I/Radio-JNI( 9484): register_android_hardware_Radio DONE
08-03 17:31:12.094 I/android_hardware_fm.cpp( 9484): register_android_hardware_fm_fmradio
08-03 17:31:12.094 I/android_hardware_fm.cpp( 9484): ========64bit long size = 8
08-03 17:31:12.094 I/android_hardware_fm.cpp( 9484): FM: get chip type = bcm43xx
08-03 17:31:12.095 E/HAL     ( 9484): load: id=fm != hmi->id=fm
08-03 17:31:12.095 E/fm_if.c ( 9484): find the id:fm and begins to open the devices
08-03 17:31:12.095 I/android_hardware_fm.cpp( 9484): register_android_hardware_fm_fmradio, ret is 0
08-03 17:31:12.126 I/SendBroadcastPermission( 3560): action:com.huawei.android.action.GET_INSTALLER_PACKAGE_INFO, mPermissionType:0
08-03 17:31:12.128 I/HwSystemManager( 4425): HandleInstalledPackageInfoService:onReceive  action is com.huawei.android.action.GET_INSTALLER_PACKAGE_INFO
08-03 17:31:12.128 I/HwSystemManager( 4425): HandleInstalledPackageInfoService:get count = 0
08-03 17:31:12.202 I/make_ext4fs( 2906): SELinux: Loaded file_contexts contexts from /file_contexts.
08-03 17:31:12.202 I/make_ext4fs( 2906): Creating filesystem with parameters:
08-03 17:31:12.202 I/make_ext4fs( 2906):     Size: 39636992
08-03 17:31:12.202 I/make_ext4fs( 2906):     Block size: 4096
08-03 17:31:12.202 I/make_ext4fs( 2906):     Blocks per group: 32768
08-03 17:31:12.202 I/make_ext4fs( 2906):     Inodes per group: 2432
08-03 17:31:12.202 I/make_ext4fs( 2906):     Inode size: 256
08-03 17:31:12.202 I/make_ext4fs( 2906):     Journal blocks: 0
08-03 17:31:12.202 I/make_ext4fs( 2906):     Label: 
08-03 17:31:12.203 I/make_ext4fs( 2906):     Blocks: 9677
08-03 17:31:12.203 I/make_ext4fs( 2906):     Block groups: 1
08-03 17:31:12.203 I/make_ext4fs( 2906):     Reserved block group size: 7
08-03 17:31:12.203 I/make_ext4fs( 2906): Created filesystem with 11/2432 inodes and 166/9677 blocks
08-03 17:31:12.208 E/WifiConfigStore( 3560): updateConfiguration freq=2437 BSSID=74:1f:4a:cd:8f:b7 RSSI=-57 "RJYFZX-Wifi-02"WPA_PSK
08-03 17:31:12.212 I/HuaweiWifiWatchdogStateMachine( 3560): spd good count:0, add sc:0.0, rate:1.0
08-03 17:31:12.212 I/HuaweiWifiWatchdogStateMachine( 3560): current mHighDataFlowRate = 1.0
08-03 17:31:12.212 I/HuaweiWifiWatchdogStateMachine( 3560): not any pkt, ignore this period chk result.
08-03 17:31:12.268 E/WifiConfigStore( 3560): updateConfiguration freq=2437 BSSID=74:1f:4a:cd:8f:b7 RSSI=-57 "RJYFZX-Wifi-02"WPA_PSK
08-03 17:31:12.704 I/memcheck(28192): needTrimMemory: trimFrom = 0, avail = 1369120, vmSize = 1483672, vssLimit = 4192340, totalPss = 162180, pssLimit = 2858020, agressiveGrowthLimit = 1143208, gentleGrowthLimit = 2000614, availablePmThreshold = 221184, availableVmThreshold = 153600
08-03 17:31:12.881 I/TrafficMonitor( 3560): update:rxPkts:2,txPkts:0,rxBytes:156,txBytes:0
08-03 17:31:12.881 I/TrafficMonitor( 3560): start expired. level:-1
08-03 17:31:12.881 I/TrafficMonitor( 3560): gettimer:interval=5000
08-03 17:31:13.136 I/art     ( 3560): Starting a blocking GC Explicit
08-03 17:31:13.330 I/art     ( 3560): Explicit concurrent mark sweep GC freed 6740(760KB) AllocSpace objects, 0(0B) LOS objects, 7% free, 50MB/54MB, paused 2.299ms total 193.874ms
08-03 17:31:13.706 I/ash     ( 5074): start clean protect apps
08-03 17:31:13.713 I/ash     ( 5074): clean protect apps :[com.huawei.hwvplayer.youku, com.screeclibinvoke, com.sina.weibo, com.huawei.KoBackup, com.tencent.mtt, com.huawei.phonediagnose, cn.wps.moffice_eng, com.tencent.mobileqq, com.huawei.hwireader, org.mopria.printplugin, com.taobao.taobao, com.huawei.android.hwouc, com.tencent.mm]
08-03 17:31:14.096 I/NetworkSpeedManagerEx( 4010): mIsStop = false
08-03 17:31:14.097 I/NetworkSpeedManagerEx( 4010):  value = 104.0
08-03 17:31:14.098 I/NetworkSpeedManagerEx( 4010): speed = 104B/s
08-03 17:31:14.098 I/NetworkSpeedView( 4010): /update(), speed=104B/s
08-03 17:31:14.311 I/art     ( 3560): Waiting for a blocking GC Explicit
08-03 17:31:14.348 I/art     ( 3560): WaitForGcToComplete blocked for 37.152ms for cause Explicit
08-03 17:31:14.348 I/art     ( 3560): Starting a blocking GC Explicit
08-03 17:31:14.510 I/art     ( 3560): Explicit concurrent mark sweep GC freed 14560(723KB) AllocSpace objects, 1(64KB) LOS objects, 7% free, 50MB/54MB, paused 2.230ms total 161.771ms
08-03 17:31:14.603 I/PackageManager( 3560): Succesfully renamed smdl1039677263.tmp to com.cgs.fund-1 at new path: /mnt/asec/com.cgs.fund-1
08-03 17:31:14.630 W/CfgFilePolicy( 3560): No config file found for:dexopt/never_dexopt_apklist.cfg
08-03 17:31:14.631 I/HwPackageManagerService( 3560): needed dexopt deferred pkg :com.cgs.fund
08-03 17:31:14.631 I/HwPackageManagerService( 3560): start loadAppsList file. mHaveLoadedDexoptInBootUpApkList true
08-03 17:31:14.631 I/HwPackageManagerService( 3560): needed dexopt deferred pkg :com.cgs.fund
08-03 17:31:14.636 I/HwPackageManagerService( 3560): forceNotDex: isOdexCase true, mSystemReady true, mDexOptTotalTime 41551, isFirstBoot false, hasOtaUpdate false
08-03 17:31:14.636 I/HwPackageManagerService( 3560): forceNotDex = false: isOdexCase true, mSystemReady true
08-03 17:31:14.644 I/PackageManager.DexOptimizer( 3560): Running dexopt (dex2oat) on: /mnt/asec/com.cgs.fund-1/base.apk pkg=com.cgs.fund isa=arm64 vmSafeMode=false debuggable=false oatDir = null
08-03 17:31:14.683 I/dex2oat ( 9539): Starting dex2oat.
08-03 17:31:15.288 E/WifiConfigStore( 3560): updateConfiguration freq=2437 BSSID=74:1f:4a:cd:8f:b7 RSSI=-57 "RJYFZX-Wifi-02"WPA_PSK
08-03 17:31:15.340 E/Thermal-daemon( 3016): [ap] temp_new :33  temp_old :32
08-03 17:31:15.341 E/Thermal-daemon( 3016): Report temperature: [ap] temp :33  report_threshold:1
08-03 17:31:15.342 W/ThermalStateManager( 5074): trigLevel = -1, mSimTrigLevel = -1, tempPolicy = 0
08-03 17:31:15.342 I/ThermalStateManager( 5074): sensor name: cpu temperature: 33 , thermal action: bcurrent policy:990
08-03 17:31:15.443 W/SwitchManager( 5074): NoSuchMethod: IPowerManager setChargeHotLimit [int,int]
08-03 17:31:15.443 I/powergenie_jni( 5074): set charge limit 2: 990
08-03 17:31:15.881 I/TrafficMonitor( 3560): expired arrive. level:-1
08-03 17:31:15.882 I/TrafficMonitor( 3560): during_ms:2001,period_ms:2000
08-03 17:31:15.882 I/TrafficMonitor( 3560): count:798,rx_sum:2,tx_sum:0,rxBytes:156,during_ms:2001,rx_speed:77.96101949025487,tx_speed:0.0,rto:0.0
08-03 17:31:16.641 W/dex2oat ( 9539): Compilation of void com.a.a.b.d.<init>(java.lang.reflect.Type, java.lang.reflect.Type, java.lang.reflect.Type[]) took 107.463ms
08-03 17:31:16.792 W/dex2oat ( 9539): Compilation of java.lang.reflect.Type com.a.a.b.b.d(java.lang.reflect.Type) took 100.335ms
08-03 17:31:17.102 I/NetworkSpeedManagerEx( 4010): mIsStop = false
08-03 17:31:17.104 I/NetworkSpeedManagerEx( 4010):  value = 446.66666
08-03 17:31:17.105 I/NetworkSpeedManagerEx( 4010): speed = 447B/s
08-03 17:31:17.105 I/NetworkSpeedView( 4010): /update(), speed=447B/s
08-03 17:31:17.803 I/memcheck(28192): needTrimMemory: trimFrom = 0, avail = 1306936, vmSize = 1483856, vssLimit = 4192340, totalPss = 163004, pssLimit = 2858020, agressiveGrowthLimit = 1143208, gentleGrowthLimit = 2000614, availablePmThreshold = 221184, availableVmThreshold = 153600
08-03 17:31:17.883 I/TrafficMonitor( 3560): update:rxPkts:17,txPkts:0,rxBytes:1496,txBytes:0
08-03 17:31:17.883 I/TrafficMonitor( 3560): start expired. level:-1
08-03 17:31:17.883 I/TrafficMonitor( 3560): gettimer:interval=5000
08-03 17:31:18.310 E/WifiConfigStore( 3560): updateConfiguration freq=2437 BSSID=74:1f:4a:cd:8f:b7 RSSI=-59 "RJYFZX-Wifi-02"WPA_PSK
08-03 17:31:18.671 I/HwPowerMonitor.PowerExceptionObservable( 5101): unhandled onEvent actionID: 3002
08-03 17:31:18.672 W/HwPowerMonitor.DayActObserver( 5101): mModemLogStatsTimes = 0, ModemLogState = 0
08-03 17:31:18.672 W/HwPowerMonitor.DayActObserver( 5101): BAT_CHANGED, mIsScrnOffBatStatsEnabled = true, mIsCharging = true, mIsScrnOfBatDropMonitorStart = false
08-03 17:31:18.961 I/dex2oat ( 9539): dex2oat took 4.263s (threads: 4) arena alloc=32MB java alloc=7MB native alloc=51MB free=2MB
08-03 17:31:19.359 W/Settings( 3560): Setting install_non_market_apps has moved from android.provider.Settings.Global to android.provider.Settings.Secure, returning read-only value.
08-03 17:31:19.360 I/SendBroadcastPermission( 3560): action:com.huawei.android.action.GET_PACKAGE_INSTALLATION_INFO, mPermissionType:0
08-03 17:31:19.360 I/art     ( 3560): Starting a blocking GC Explicit
08-03 17:31:19.361 I/HwSystemManager( 4425): HandleInstalledPackageInfoService:onReceive  action is com.huawei.android.action.GET_PACKAGE_INSTALLATION_INFO
08-03 17:31:19.366 I/HwSystemManager( 4425): HsmStat_event:"p_ipd","n=com.cgs.fund,vc=1,vn=1.1,s=adb install,u=0,r=1,rsn=0,si=true,im=2"
08-03 17:31:19.366 I/HwSystemManager( 4425): HsmStat_event:current is not foreground, did not stat r!
08-03 17:31:19.569 I/art     ( 3560): Explicit concurrent mark sweep GC freed 61457(3MB) AllocSpace objects, 7(140KB) LOS objects, 7% free, 50MB/54MB, paused 2.415ms total 208.699ms
08-03 17:31:19.571 I/HwPFWLogger( 3560): AppAutoStartupPolicy:prevent start receiver of package com.nuance.swype.emui for action android.intent.action.PACKAGE_ADDED
08-03 17:31:19.571 I/HwPFWLogger( 3560): AppAutoStartupPolicy:prevent start receiver of package com.UCMobile for action android.intent.action.PACKAGE_ADDED
08-03 17:31:19.571 I/HwPFWLogger( 3560): AppAutoStartupPolicy:prevent start receiver of package com.UCMobile for action android.intent.action.PACKAGE_ADDED
08-03 17:31:19.571 I/HwPFWLogger( 3560): AppAutoStartupPolicy:prevent start receiver of package com.Qunar for action android.intent.action.PACKAGE_ADDED
08-03 17:31:19.571 I/HwPFWLogger( 3560): AppAutoStartupPolicy:prevent start receiver of package com.dianping.v1 for action android.intent.action.PACKAGE_ADDED
08-03 17:31:19.571 I/art     ( 9484): System.exit called, status: 0
08-03 17:31:19.571 I/AndroidRuntime( 9484): VM exiting with result code 0.
08-03 17:31:19.577 I/HwSystemManager( 4425): HsmPackageManager:Receive intent:Intent { act=android.intent.action.PACKAGE_ADDED dat=package:com.cgs.fund flg=0x4000010 (has extras) }
08-03 17:31:19.577 I/HwSystemManager( 4425): HsmPackageManager:replacing:false
08-03 17:31:19.577 I/HwSystemManager( 4425): HsmPackageManager:pkgName:com.cgs.fund
08-03 17:31:19.579 I/HwSystemManager( 4425): HsmPackageManager:doAppInstalled, installed: com.cgs.fund, prePkgExist:false, replacing:false
08-03 17:31:19.581 I/HwLauncher( 5178): SimpleLauncherModeaction= android.intent.action.PACKAGE_ADDEDpackageName = com.cgs.fund
08-03 17:31:19.581 W/HwLauncher( 5178): SimpleLauncherMode onReceive : It's normal Launcher now, do not handle add packages
08-03 17:31:19.581 I/HwLauncher( 5178): LauncherDownloadModel onReceive intent=Intent { act=android.intent.action.PACKAGE_ADDED dat=package:com.cgs.fund flg=0x4000010 (has extras) }
08-03 17:31:19.581 I/PushLog2616( 8285): [main-1]action is android.intent.action.PACKAGE_ADDED(android/null:-1)
08-03 17:31:19.586 I/IntelligentScene( 4010): mPackageReceiver, action= android.intent.action.PACKAGE_ADDED
08-03 17:31:19.586 I/IntelligentScene( 4010): packageName = com.cgs.fund
08-03 17:31:19.602 I/InputReader( 3560): Reconfiguring input devices.  changes=0x00000010
08-03 17:31:19.609 I/SendBroadcastPermission( 9061): action:com.huawei.appmarket.service.downloadservice.Receiver, mPermissionType:0
08-03 17:31:19.617 I/HwLauncher( 5178): LauncherDownloadModel onReceive intent=Intent { act=com.huawei.appmarket.service.downloadservice.Receiver flg=0x10 }
08-03 17:31:19.617 W/HwLauncher( 5178): get getBundleExtra with downloadtask all return null!
08-03 17:31:19.648 I/HwSystemManager( 9175): HsmPackageManager:Receive intent:Intent { act=android.intent.action.PACKAGE_ADDED dat=package:com.cgs.fund flg=0x4000010 (has extras) }
08-03 17:31:19.648 I/HwSystemManager( 9175): HsmPackageManager:replacing:false
08-03 17:31:19.648 I/HwSystemManager( 9175): HsmPackageManager:pkgName:com.cgs.fund
08-03 17:31:19.657 I/HwSystemManager( 9175): HsmPackageManager:doAppInstalled, installed: com.cgs.fund, prePkgExist:false, replacing:false
08-03 17:31:19.685 W/ResourceType( 8190): For resource 0x7f020dac, entry index(3500) is beyond type entryCount(476)
08-03 17:31:19.685 W/ResourceType( 8190): Failure getting entry for 0x7f020dac (t=1 e=3500) (error -75)
08-03 17:31:19.685 W/ResourceType( 8190): For resource 0x7f020dab, entry index(3499) is beyond type entryCount(476)
08-03 17:31:19.685 W/ResourceType( 8190): Failure getting entry for 0x7f020dab (t=1 e=3499) (error -75)
08-03 17:31:19.689 I/AccountManagerService( 3560): getTypesVisibleToCaller: isPermitted? true
08-03 17:31:19.707 I/SendBroadcastPermission( 9061): action:com.huawei.appmarket.service.downloadservice.Receiver, mPermissionType:0
08-03 17:31:19.738 I/HwLauncher( 5178): LauncherDownloadModel onReceive intent=Intent { act=com.huawei.appmarket.service.downloadservice.Receiver flg=0x10 }
08-03 17:31:19.738 W/HwLauncher( 5178): get getBundleExtra with downloadtask all return null!
08-03 17:31:19.740 I/SendBroadcastPermission( 9061): action:com.huawei.appmarket.service.downloadservice.Receiver, mPermissionType:0
08-03 17:31:19.746 I/HwLauncher( 5178): LauncherDownloadModel onReceive intent=Intent { act=com.huawei.appmarket.service.downloadservice.Receiver flg=0x10 }
08-03 17:31:19.746 W/HwLauncher( 5178): get getBundleExtra with downloadtask all return null!
08-03 17:31:19.749 I/[Gralloc]( 2991): alloc w[16] h[16] format[1] usage[256]
08-03 17:31:19.750 I/[Gralloc]( 2991): alloc succ handle[0x558caaa720] stride[32]
08-03 17:31:19.751 I/System  (28192): core_booster, getBoosterConfig = false
08-03 17:31:19.752 E/linker  ( 9562): readlink('/proc/self/fd/21') failed: Permission denied [fd=21]
08-03 17:31:19.752 E/linker  ( 9562): warning: unable to get realpath for the library "/system/lib/hw/gralloc.hi3635.so". Will use given name.
08-03 17:31:19.753 E/linker  ( 9562): readlink('/proc/self/fd/21') failed: Permission denied [fd=21]
08-03 17:31:19.753 E/linker  ( 9562): warning: unable to get realpath for the library "libion.so". Will use given name.
08-03 17:31:19.754 E/HAL     ( 9562): load: id=gralloc != hmi->id=gralloc
08-03 17:31:19.757 W/HwSystemManager( 4425): StartupConfData:getStartupAllowCfgCloud for com.cgs.fund, isRec true return default
08-03 17:31:19.762 I/Settings(26480): FingerprintSettings not supported hide the entrance
08-03 17:31:19.772 E/TAG     (26480): Error while trying to read from hw_clone_app_list
08-03 17:31:19.772 E/TAG     (26480): java.io.IOException: read failed: EBADF (Bad file descriptor)
08-03 17:31:19.772 E/TAG     (26480): 	at libcore.io.IoBridge.read(IoBridge.java:485)
08-03 17:31:19.772 E/TAG     (26480): 	at java.io.FileInputStream.read(FileInputStream.java:177)
08-03 17:31:19.772 E/TAG     (26480): 	at java.io.InputStreamReader.read(InputStreamReader.java:233)
08-03 17:31:19.772 E/TAG     (26480): 	at org.kxml2.io.KXmlParser.fillBuffer(KXmlParser.java:1515)
08-03 17:31:19.772 E/TAG     (26480): 	at org.kxml2.io.KXmlParser.peekType(KXmlParser.java:992)
08-03 17:31:19.772 E/TAG     (26480): 	at org.kxml2.io.KXmlParser.next(KXmlParser.java:349)
08-03 17:31:19.772 E/TAG     (26480): 	at org.kxml2.io.KXmlParser.next(KXmlParser.java:313)
08-03 17:31:19.772 E/TAG     (26480): 	at com.android.settings.Utils.getXmlFormCust(Utils.java:3304)
08-03 17:31:19.772 E/TAG     (26480): 	at com.android.settings.Utils.hasAppCloneCust(Utils.java:3341)
08-03 17:31:19.772 E/TAG     (26480): 	at com.android.settings.SettingsActivity.updateTilesList(SettingsActivity.java:1835)
08-03 17:31:19.772 E/TAG     (26480): 	at com.android.settings.HWSettings.buildDashboardCategories(HWSettings.java:114)
08-03 17:31:19.772 E/TAG     (26480): 	at com.android.settings.dashboard.DashboardSummary.getDashboardCategories(DashboardSummary.java:496)
08-03 17:31:19.772 E/TAG     (26480): 	at com.android.settings.dashboard.DashboardSummary.rebuildUI(DashboardSummary.java:330)
08-03 17:31:19.772 E/TAG     (26480): 	at com.android.settings.dashboard.DashboardSummary.rebuildUI(DashboardSummary.java:298)
08-03 17:31:19.772 E/TAG     (26480): 	at com.android.settings.dashboard.DashboardSummary.access$000(DashboardSummary.java:70)
08-03 17:31:19.772 E/TAG     (26480): 	at com.android.settings.dashboard.DashboardSummary$1.handleMessage(DashboardSummary.java:129)
08-03 17:31:19.772 E/TAG     (26480): 	at android.os.Handler.dispatchMessage(Handler.java:102)
08-03 17:31:19.772 E/TAG     (26480): 	at android.os.Looper.loop(Looper.java:150)
08-03 17:31:19.772 E/TAG     (26480): 	at android.app.ActivityThread.main(ActivityThread.java:5621)
08-03 17:31:19.772 E/TAG     (26480): 	at java.lang.reflect.Method.invoke(Native Method)
08-03 17:31:19.772 E/TAG     (26480): 	at com.android.internal.os.ZygoteInit$MethodAndArgsCaller.run(ZygoteInit.java:794)
08-03 17:31:19.772 E/TAG     (26480): 	at com.android.internal.os.ZygoteInit.main(ZygoteInit.java:684)
08-03 17:31:19.772 E/TAG     (26480): Caused by: android.system.ErrnoException: read failed: EBADF (Bad file descriptor)
08-03 17:31:19.772 E/TAG     (26480): 	at libcore.io.Posix.readBytes(Native Method)
08-03 17:31:19.772 E/TAG     (26480): 	at libcore.io.Posix.read(Posix.java:169)
08-03 17:31:19.772 E/TAG     (26480): 	at libcore.io.BlockGuardOs.read(BlockGuardOs.java:230)
08-03 17:31:19.772 E/TAG     (26480): 	at libcore.io.IoBridge.read(IoBridge.java:475)
08-03 17:31:19.772 E/TAG     (26480): 	... 21 more
08-03 17:31:19.774 W/HwSystemManager( 4425): StartupConsistencyChecker:loadNewPackageDefaultData not valid startupInfo of com.cgs.fund
08-03 17:31:19.809 W/Searchables( 3560): No global search activity found
08-03 17:31:19.809 I/SendBroadcastPermission( 3560): action:android.search.action.SEARCHABLES_CHANGED, mPermissionType:0
08-03 17:31:19.812 I/HwLauncher( 5178): Model onPackageAdded packageName = com.cgs.fund user = UserHandle{0}
08-03 17:31:19.812 I/HwLauncher( 5178): MutilSelectedIcons onPreHandleUpdatedTask : mIsInMutilSelectMode = false task = 1 packages = [com.cgs.fund] hasHandleInvisiblePanel = false
08-03 17:31:19.812 I/HwLauncher( 5178): DeleteDropTarget onPreHandleUpdatedTask : isToUninstallApp = false
08-03 17:31:19.812 I/HwLauncher( 5178): Model  enqueuePackageUpdated post task
08-03 17:31:19.812 I/HwLauncher( 5178): Model  PackageUpdatedTask Op : 1
08-03 17:31:19.812 I/HwLauncher( 5178): Model mAllAppsList.addPackage com.cgs.fund
08-03 17:31:19.818 I/HwLauncher( 5178): Launcher.IconCache, cacheLocked begin Utilities.createIconBitmap entry.title = 中证金葵花
08-03 17:31:19.848 I/[Gralloc]( 2991): alloc w[16] h[16] format[1] usage[256]
08-03 17:31:19.848 I/[Gralloc]( 2991): alloc succ handle[0x558caaa720] stride[32]
08-03 17:31:19.850 E/linker  ( 9581): readlink('/proc/self/fd/21') failed: Permission denied [fd=21]
08-03 17:31:19.850 E/linker  ( 9581): warning: unable to get realpath for the library "/system/lib64/hw/gralloc.hi3635.so". Will use given name.
08-03 17:31:19.856 E/linker  ( 9581): readlink('/proc/self/fd/21') failed: Permission denied [fd=21]
08-03 17:31:19.876 E/linker  ( 9581): warning: unable to get realpath for the library "libion.so". Will use given name.
08-03 17:31:19.879 E/HAL     ( 9581): load: id=gralloc != hmi->id=gralloc
08-03 17:31:19.880 I/art     ( 9562): System.exit called, status: 0
08-03 17:31:19.880 I/AndroidRuntime( 9562): VM exiting with result code 0, cleanup skipped.
08-03 17:31:19.885 W/System  ( 9581): ClassLoader referenced unknown path: /system/app/HwParentControl/lib/arm64
08-03 17:31:19.900 I/HwLauncher( 5178): Launcher.Utilities createIconBitmap classname = null, sourceWidth = 180, sourceHeight = 180
08-03 17:31:19.902 I/HwLauncher( 5178): Launcher.IconCache, cacheLocked end Utilities.createIconBitmap entry.title = 中证金葵花
08-03 17:31:19.902 I/HwLauncher( 5178): Workspace  addedAppsShortcutInfoOnWorkSpace isNeedAdd = true isBatchUninstalling = false isDownloadAndNotAdd= false
08-03 17:31:19.902 I/HwLauncher( 5178): Workspace defaultDesktop:1,mCurrentPage:2,getChildCount():4,getMaxScreen():18
08-03 17:31:19.902 I/HwLauncher( 5178): Workspace addAppToDesktop itemInfo=ShortcutInfo(title=中证金葵花) success=true isInstalled=true checkPage=2 mCoordinates=0,1 view=null
08-03 17:31:19.911 I/HwLauncher( 5178): Launcher.LauncherProvider  queried count: 0
08-03 17:31:19.911 I/HwLauncher( 5178): Model check duplicated icons for Radar
08-03 17:31:19.922 W/Settings(26480): Activity com.huawei.hwid.ui.extend.setting.StartUpGuideLoginActivity has unknown category key com.android.settings.category.accounts
08-03 17:31:19.968 E/HsmCoreServiceImpl( 3560): onTransact in code is: 102
08-03 17:31:19.969 I/MediaProcessHandler( 3560): processOp opType: 1, uid: 10007, pid: 9562
08-03 17:31:19.969 W/MediaProcessHandler( 3560): remove target not exist, maybe the UI process: uid: 10007, pid: 9562
08-03 17:31:20.033 I/[Gralloc]( 2991): alloc w[16] h[16] format[1] usage[256]
08-03 17:31:20.033 I/[Gralloc]( 2991): alloc succ handle[0x558caaa720] stride[32]
08-03 17:31:20.034 E/linker  ( 9617): readlink('/proc/self/fd/21') failed: Permission denied [fd=21]
08-03 17:31:20.034 E/linker  ( 9617): warning: unable to get realpath for the library "/system/lib/hw/gralloc.hi3635.so". Will use given name.
08-03 17:31:20.035 E/linker  ( 9617): readlink('/proc/self/fd/21') failed: Permission denied [fd=21]
08-03 17:31:20.035 E/linker  ( 9617): warning: unable to get realpath for the library "libion.so". Will use given name.
08-03 17:31:20.036 E/HAL     ( 9617): load: id=gralloc != hmi->id=gralloc
08-03 17:31:20.057 I/HwSystemManager( 4425): NotificationManagerReceiver:onReceive action = android.intent.action.PACKAGE_ADDED
08-03 17:31:20.062 I/HwSystemManager( 4425): NmCenterDefValueXmlHelper:mCachedConfigs = null, init.
08-03 17:31:20.062 I/HwSystemManager( 9175): AppInstallationReceiver:AppInstallationReceiver onReceive action = android.intent.action.PACKAGE_ADDED
08-03 17:31:20.064 I/HwSystemManager( 4425): NotificationDBAdapter:initNewApp: add to db:com.cgs.fund, default:null
08-03 17:31:20.071 I/HwSystemManager( 9175): OptimizeReceiver:OptimizeReceiver received action:android.intent.action.PACKAGE_ADDED
08-03 17:31:20.072 I/HwSystemManager( 9175): ProtectAppControl:handleMessage:6
08-03 17:31:20.072 I/HwSystemManager( 9175): ProtectAppControl:begin install app inner:com.cgs.fund
08-03 17:31:20.075 I/HwSystemManager( 9175): BootBroadcastReceiver:BootBroadcastReceiver action =android.intent.action.PACKAGE_ADDED
08-03 17:31:20.075 I/HwSystemManager( 9175): CommonFunctionUtil:updatePermissionCfgFromPrepermission, compareCode = 33555456
08-03 17:31:20.083 I/HwSystemManager( 9175): ProtectAppControl:pkg:com.cgs.fund isDefalutControlled is true
08-03 17:31:20.084 I/HwSystemManager( 9175): HandlePackageAdd:HandlePackageAdd replacing=false
08-03 17:31:20.085 I/HwSystemManager( 9175): UnifiedPowerAppControl:handleMessage:6
08-03 17:31:20.085 I/HwSystemManager( 9175): UnifiedPowerAppControl:begin install app inner:com.cgs.fund
08-03 17:31:20.087 I/HwSystemManager( 9175): UnifiedPowerAppControl: null == unifiedPowerBean
08-03 17:31:20.091 I/HwSystemManager( 9175): NetAppDBManager:insert to db: name = com.cgs.fund uid = 10289 app type = false
08-03 17:31:20.093 I/HwSystemManager( 9175): PowerGenieDbHelper:delete protect app:com.cgs.fund
08-03 17:31:20.098 I/HwSystemManager( 9175): CommonFunctionUtil:updatePermissionCfgFromPrepermission: Auto-apply recommend permission switch is on
08-03 17:31:20.099 I/HwSystemManager( 9175): InstallPermissionHelper:getPermissionBaseInfo: origCode = 0, origCfg = 0
08-03 17:31:20.102 I/HwSystemManager( 9175): UnifiedPowerAppControl:applyControlPolicy pkgName =com.cgs.fund hasIcon =true
08-03 17:31:20.102 I/HwSystemManager( 9175): UnifiedPowerAppControl:applyControlPolicy 2
08-03 17:31:20.102 I/HwSystemManager( 9175): UnifiedPowerAppControl:applyControlPolicy 4
08-03 17:31:20.102 W/HwSystemManager( 4425): AbsRecommendQuery:queryRecommendData get a invalid cursor, maybe no matched result exist!
08-03 17:31:20.102 E/HwSystemManager( 9175): InstallPermissionHelper:error getRecommendItemList Exception
08-03 17:31:20.102 I/HwSystemManager( 9175): InstallPermissionHelper:getPermissionBaseInfo: No recommend permission for pkg com.cgs.fund
08-03 17:31:20.103 W/HwSystemManager( 4425): NotificationDBProvider:queryNotificationList: nType = 1
08-03 17:31:20.104 W/HwSystemManager( 9175): UnifiedPowerAppControl:useCloudDataOverwriteLocalBean null of com.cgs.fund
08-03 17:31:20.105 I/HwSystemManager( 9175): UnifiedPowerAppControl:apkName com.cgs.fund protect = false show =true
08-03 17:31:20.105 I/NetworkSpeedManagerEx( 4010): mIsStop = false
08-03 17:31:20.106 I/ash     ( 5074): apps cleanList state changed
08-03 17:31:20.107 I/HwSystemManager( 4425): HsmPackageManager:get all installed packages, flag:0, size:160
08-03 17:31:20.110 I/HwSystemManager( 4425): ProtectAppService:send unprotect list broadcast to FWK, isSleepingSave: false, size: 45
08-03 17:31:20.110 I/HwSystemManager( 4425): , unprotect list:[com.Qunar, com.autonavi.minimap, com.UCMobile, com.surfing.kefu, com.dianping.v1, com.qiyi.video, com.iyd.reader.ReadingJoy, com.huawei.hidisk, com.huawei.android.thememanager, com.autonavi.xmgd.navigator, com.ctc.itv.yueme, com.android.calculator2, com.nuance.swype.emui, com.myzaker.ZAKER_Phone, com.netease.newsreader.activity, com.erdo.android.FJDXCartoon, com.inveno.hwread, com.baidu.searchbox, com.iqiyi.share, com.sohu.newsclient, com.lifevibes.grouprecorder, cn.egame.terminal.client4g, io.appium.settings, io.appium.unlock, com.dd.mycar, io.appium.android.ime, com.example.greentea, com.cubic.autohome, com.huawei.vdrive, com.huawei.compass, com.wandoujia.phoenix2, com.xh.caifupeixun, im.yixin, com.eg.android.AlipayGphone, com.shangrong.jieme, com.shuame.sprite, com.example.android.architecture.blueprints.todomvp.mock, com.xihe.moblie.credit, com.huawei.gamebox, com.vmall.client, com.tencent.android.qqdownloader, com.tencent.tmgp.sgame, com.xinhe.sendargs, com.kingroot.kinguser, com.cgs.fund]
08-03 17:31:20.110 I/SendBroadcastPermission( 4425): action:huawei.intent.action.HW_STOPPED_PACKAGE_ACTION, mPermissionType:0
08-03 17:31:20.122 W/HwSystemManager( 4425): TencentAntiVirusEngine:initQScanner: Already initialized ,skip
08-03 17:31:20.122 I/HwSystemManager( 9175): HsmPackageManager:get all installed packages, flag:0, size:160
08-03 17:31:20.122 E/HwSystemManager( 9175): PermissionDBAdapter:appcationsList size:160
08-03 17:31:20.122 I/HwSystemManager( 4425): SmartProvider:retUri =content://com.huawei.android.smartpowerprovider/unifiedpowerapps/132
08-03 17:31:20.122 I/ash     ( 5074): apps protected state changed by system manager.
08-03 17:31:20.122 I/HwSystemManager( 9175): SmartProviderHelper:insertUnifiedPowerAppListForDB  type:false pkg=com.cgs.fund show=true
08-03 17:31:20.123 I/ash     ( 5074): apps protected state changed by system manager.
08-03 17:31:20.125 W/HwSystemManager( 9175): AddViewAppManager:Current installed app not apply system_alert_window or applicationInfo null!
08-03 17:31:20.136 I/HwSystemManager( 9175): SpaceCleanReceiver:receive intent:android.intent.action.PACKAGE_ADDED
08-03 17:31:20.138 I/karaokeeffect.IntentReceiver( 9263): Intent received, action=android.intent.action.PACKAGE_ADDED
08-03 17:31:20.138 I/karaokeeffect.DataPortal( 9263): checkAndAddApp, packageName=com.cgs.fund
08-03 17:31:20.140 I/HwSystemManager( 9175): SpaceCleanReceiver:package added: com.cgs.fund
08-03 17:31:20.141 E/HwSystemManager( 4425): AppCleanUpService:msg is 0
08-03 17:31:20.141 I/System  ( 9175): core_booster, getBoosterConfig = false
08-03 17:31:20.141 I/HwSystemManager( 4425): AppCleanUpService:begin to insertAppWithPkgName, pkg:com.cgs.fund
08-03 17:31:20.143 E/HwSystemManager( 9175): SpaceCleanReceiver:doPkgAdd pi is not valid permission
08-03 17:31:20.144 I/PushLogAC2617( 8374): [main-1]action is android.intent.action.PACKAGE_ADDED(pushagent/null:-1)
08-03 17:31:20.147 I/PushLogAC2617( 8374): [main-1]run push selfshow(pushagent/null:-1)
08-03 17:31:20.148 I/HwSystemManager( 4425): AntiVirusService:found virusscan pkg, send broadcast. pkg:com.cgs.fund
08-03 17:31:20.148 I/SendBroadcastPermission( 4425): action:com.huawei.systemmanager.action.found_virusscan_app, mPermissionType:0
08-03 17:31:20.155 I/PushLogAC2617( 8374): [Thread-3619-3619]framework push exist, use framework push first(pushagent/null:-1)
08-03 17:31:20.161 I/PushLogSC2609( 8414): [main-1]action is android.intent.action.PACKAGE_ADDED(remotecontrol/null:-1)
08-03 17:31:20.163 I/PushLogSC2609( 8414): [main-1]run push selfshow(remotecontrol/null:-1)
08-03 17:31:20.168 I/PushLogSC2705( 8440): [main-1]action is android.intent.action.PACKAGE_ADDED(appmarket/null:-1)
08-03 17:31:20.169 I/PushLogSC2609( 8414): [Thread-3628-3628]framework push exist, use framework push first(remotecontrol/null:-1)
08-03 17:31:20.169 I/HwSystemManager( 9175): CommonFunctionUtil:pkgName sync config to M Permission group; contentValues:permissionCfg=0 uid=10289 packageName=com.cgs.fund trust=0 permissionCode=0
08-03 17:31:20.171 I/PushLogSC2705( 8440): [main-1]run push selfshow(appmarket/null:-1)
08-03 17:31:20.172 I/System  ( 9175): core_booster, getBoosterConfig = false
08-03 17:31:20.184 I/HwSystemManager( 9175): AppPermissionGroup:user have never set this APP's permission, don't touch it.
08-03 17:31:20.185 I/PushLogSC2830_hwid( 8484): [main-1]action is android.intent.action.PACKAGE_ADDED(hwid/null:-1)
08-03 17:31:20.186 I/HwSystemManager( 9175): HsmPackageManager:get all installed packages, flag:0, size:160
08-03 17:31:20.186 E/HwSystemManager( 9175): PermissionDBAdapter:appcationsList size:160
08-03 17:31:20.188 I/PushLogSC2830_hwid( 8484): [main-1]run push selfshow(hwid/null:-1)
08-03 17:31:20.195 I/PushLogSC2830_hwid( 8484): [Thread-2524-2524]votedPackage from file:android(hwid/null:-1)
08-03 17:31:20.207 E/WifiConfigStore( 3560): updateConfiguration freq=2437 BSSID=74:1f:4a:cd:8f:b7 RSSI=-60 "RJYFZX-Wifi-02"WPA_PSK
08-03 17:31:20.211 I/HuaweiWifiWatchdogStateMachine( 3560): spd good count:0, add sc:0.0, rate:1.0
08-03 17:31:20.211 I/HuaweiWifiWatchdogStateMachine( 3560): current mHighDataFlowRate = 1.0
08-03 17:31:20.211 I/HuaweiWifiWatchdogStateMachine( 3560): POta txb txg rxg:0, 3, 0. Lr =0% Totpkt=3
08-03 17:31:20.211 I/WifiProJNI( 3560): ######### CMD_QUERY_PKTS ########
08-03 17:31:20.212 I/QosMonitor( 3560): postEventFromNative: msg=100,arg1=0,arg2=9
08-03 17:31:20.212 W/WifiProJNI( 3560): poll before: g_monitor_fd =165
08-03 17:31:20.212 I/MQoS    ( 3560): rtt=240,tcp_tx_pkts=115421,tcp_rx_pkts=88798
08-03 17:31:20.214 I/HuaweiWifiWatchdogStateMachine( 3560): PTcp RTT:0, rtt pkt=0, tcp_rx=1, tcp_tx=3, tcp_reTran=0, rtRate=0
08-03 17:31:20.214 I/MQoS    ( 3560): QOS_level:0(0),wifi-link;SIM error;use level-0
08-03 17:31:20.214 I/HuaweiWifiWatchdogStateMachine( 3560): rs ota tcp lr rttvb bad: false, false, false, false, false; rsth:-75
08-03 17:31:20.214 I/HuaweiWifiWatchdogStateMachine( 3560):  pkt chk not bad, reset sc to 0.
08-03 17:31:20.238 I/SendBroadcastPermission( 9175): action:PACKAGE_ADDED_OR_REMOVED, mPermissionType:0
08-03 17:31:20.244 I/HwSystemManager( 4425): NotificationDBProvider:queryNotificationLimits , return bundle
08-03 17:31:20.247 I/NetworkSpeedManagerEx( 4010):  value = 1735.3334
08-03 17:31:20.248 I/NetworkSpeedManagerEx( 4010): speed = 1.7K/s
08-03 17:31:20.248 I/NetworkSpeedView( 4010): /update(), speed=1.7K/s
08-03 17:31:20.260 W/View    ( 4010): requestLayout() improperly called by com.android.systemui.statusbar.phone.IconMerger{9226af6 V.E...... ......I. 0,0-162,72 #7f1000c3 app:id/notificationIcons} during layout: running second layout pass
08-03 17:31:20.324 I/ash     ( 5074): start refresh apps
08-03 17:31:20.327 I/ash     ( 5074): protect frz apps: [com.baidu.input_huawei, com.android.exchange, com.eg.android.AlipayGphone, com.baidu.map.location, com.huawei.screenrecorder, com.huawei.appmarket, com.huawei.bd, com.tencent.mobileqq, com.android.email, com.huawei.geofence, com.android.backupconfirm, com.android.location.fused, com.tencent.mm, com.android.dreams.basic, com.huawei.phonediagnose, im.yixin, com.google.android.webview, com.huawei.android.hwaps]
08-03 17:31:20.328 I/ash     ( 5074): unprotect frz apps: [com.example.android.architecture.blueprints.todomvp.mock, com.xh.caifupeixun, com.screeclibinvoke, com.example.android.notepad, com.shangrong.jieme, io.appium.android.ime, com.Qunar, com.cgs.fund, com.wandoujia.phoenix2, com.huawei.vdrive, com.android.gallery3d, com.nuance.swype.emui, org.mopria.printplugin, com.huawei.camera, com.cubic.autohome, com.huawei.hidisk, com.android.noisefield, cn.wps.moffice_eng, com.huawei.compass, com.android.dreams.phototable, com.inveno.hwread, com.android.galaxy4, com.huawei.android.karaokeeffect, com.android.mediacenter, com.lifevibes.grouprecorder, com.shuame.sprite, com.huawei.android.airsharing, com.android.phasebeam, com.UCMobile, com.kingroot.kinguser, com.xinhe.sendargs, com.android.wallpaper.holospiral, io.appium.settings, com.taobao.taobao, com.android.wallpapercropper, com.tencent.tmgp.sgame, io.appium.unlock, com.example.greentea, com.tencent.mtt, com.dd.mycar, com.android.browser, com.android.hwmirror, com.tencent.android.qqdownloader, com.xihe.moblie.credit, com.android.wallpaper.livepicker, com.dianping.v1]
08-03 17:31:20.344 I/HwSystemManager( 9175): ServerRequestHelper:checkServerResponseCode: resultCode = 0
08-03 17:31:20.345 E/Thermal-daemon( 3016): [ap] temp_new :34  temp_old :33
08-03 17:31:20.345 E/Thermal-daemon( 3016): Report temperature: [ap] temp :34  report_threshold:1
08-03 17:31:20.347 W/ThermalStateManager( 5074): trigLevel = -1, mSimTrigLevel = -1, tempPolicy = 0
08-03 17:31:20.347 I/ThermalStateManager( 5074): sensor name: cpu temperature: 34 , thermal action: bcurrent policy:990
08-03 17:31:20.348 I/System  ( 9175): core_booster, getBoosterConfig = false
08-03 17:31:20.361 I/System  ( 9175): core_booster, getBoosterConfig = false
08-03 17:31:20.425 I/HwSystemManager( 9175): ServerRequestHelper:checkServerResponseCode: resultCode = 20000
08-03 17:31:20.431 I/PgedBinderListener( 5074): kstate callback type:8 value1=9377 value2=KILLED
08-03 17:31:20.447 W/SwitchManager( 5074): NoSuchMethod: IPowerManager setChargeHotLimit [int,int]
08-03 17:31:20.448 I/powergenie_jni( 5074): set charge limit 2: 990
08-03 17:31:20.520 E/HsmCoreServiceImpl( 3560): onTransact in code is: 102
08-03 17:31:20.520 I/MediaProcessHandler( 3560): processOp opType: 1, uid: 10042, pid: 9377
08-03 17:31:20.520 W/MediaProcessHandler( 3560): remove target not exist, maybe the UI process: uid: 10042, pid: 9377
08-03 17:31:20.784 W/View    ( 4010): requestLayout() improperly called by com.android.systemui.statusbar.phone.IconMerger{9226af6 V.E...... ........ 0,0-162,72 #7f1000c3 app:id/notificationIcons} during second layout pass: posting in next frame
08-03 17:31:21.324 E/WifiConfigStore( 3560): updateConfiguration freq=2437 BSSID=74:1f:4a:cd:8f:b7 RSSI=-60 "RJYFZX-Wifi-02"WPA_PSK
08-03 17:31:22.884 I/TrafficMonitor( 3560): expired arrive. level:-1
08-03 17:31:22.885 I/TrafficMonitor( 3560): update:rxPkts:30,txPkts:22,rxBytes:11620,txBytes:3627
08-03 17:31:22.885 I/TrafficMonitor( 3560): start expired. level:-1
08-03 17:31:22.885 I/TrafficMonitor( 3560): gettimer:interval=2000
08-03 17:31:22.885 I/TrafficMonitor( 3560): during_ms:5003,period_ms:2000
08-03 17:31:22.885 I/TrafficMonitor( 3560): count:800,rx_sum:30,tx_sum:22,rxBytes:11620,during_ms:5003,rx_speed:2322.606436138317,tx_speed:724.9650209874076,rto:1.3636363636363635
08-03 17:31:22.923 I/memcheck(28192): needTrimMemory: trimFrom = 0, avail = 1345540, vmSize = 1483024, vssLimit = 4192340, totalPss = 162332, pssLimit = 2858020, agressiveGrowthLimit = 1143208, gentleGrowthLimit = 2000614, availablePmThreshold = 221184, availableVmThreshold = 153600
08-03 17:31:23.250 I/NetworkSpeedManagerEx( 4010): mIsStop = false
08-03 17:31:23.253 I/NetworkSpeedManagerEx( 4010):  value = 3373.0
08-03 17:31:23.255 I/NetworkSpeedManagerEx( 4010): speed = 3.3K/s
08-03 17:31:23.255 I/NetworkSpeedView( 4010): /update(), speed=3.3K/s
08-03 17:31:23.416 I/PgedBinderListener( 5074): kstate callback type:8 value1=9408 value2=KILLED
08-03 17:31:23.489 E/HsmCoreServiceImpl( 3560): onTransact in code is: 102
08-03 17:31:23.489 W/MediaProcessHandler( 3560): processOp uid 1000 is not concerned!
08-03 17:31:24.346 E/WifiConfigStore( 3560): updateConfiguration freq=2437 BSSID=74:1f:4a:cd:8f:b7 RSSI=-61 "RJYFZX-Wifi-02"WPA_PSK
08-03 17:31:24.886 I/TrafficMonitor( 3560): update:rxPkts:9,txPkts:0,rxBytes:835,txBytes:0
08-03 17:31:24.886 I/TrafficMonitor( 3560): start expired. level:-1
08-03 17:31:24.886 I/TrafficMonitor( 3560): gettimer:interval=2000
08-03 17:31:25.106 I/ash     ( 5074): start clean protect apps
08-03 17:31:25.114 I/ash     ( 5074): clean protect apps :[com.huawei.hwvplayer.youku, com.screeclibinvoke, com.sina.weibo, com.huawei.KoBackup, com.tencent.mtt, com.huawei.phonediagnose, cn.wps.moffice_eng, com.tencent.mobileqq, com.huawei.hwireader, org.mopria.printplugin, com.taobao.taobao, com.huawei.android.hwouc, com.tencent.mm]
08-03 17:31:26.259 I/NetworkSpeedManagerEx( 4010): mIsStop = false
08-03 17:31:26.262 I/NetworkSpeedManagerEx( 4010):  value = 330.33334
08-03 17:31:26.262 I/NetworkSpeedManagerEx( 4010): speed = 330B/s
08-03 17:31:26.262 I/NetworkSpeedView( 4010): /update(), speed=330B/s
08-03 17:31:26.279 W/View    ( 4010): requestLayout() improperly called by com.android.systemui.statusbar.phone.IconMerger{9226af6 V.E...... ......I. 0,0-162,72 #7f1000c3 app:id/notificationIcons} during layout: running second layout pass
08-03 17:31:26.364 W/HwLauncher( 5178): getDownloadInfo return null!
08-03 17:31:26.888 I/TrafficMonitor( 3560): update:rxPkts:7,txPkts:0,rxBytes:546,txBytes:0
08-03 17:31:26.888 I/TrafficMonitor( 3560): start expired. level:-1
08-03 17:31:26.888 I/TrafficMonitor( 3560): gettimer:interval=2000
08-03 17:31:27.374 E/WifiConfigStore( 3560): updateConfiguration freq=2437 BSSID=74:1f:4a:cd:8f:b7 RSSI=-62 "RJYFZX-Wifi-02"WPA_PSK
08-03 17:31:27.886 I/TrafficMonitor( 3560): expired arrive. level:-1
08-03 17:31:27.886 I/TrafficMonitor( 3560): during_ms:2002,period_ms:2000
08-03 17:31:27.887 I/TrafficMonitor( 3560): count:802,rx_sum:7,tx_sum:0,rxBytes:546,during_ms:2002,rx_speed:272.72727272727275,tx_speed:0.0,rto:0.0
08-03 17:31:28.062 I/memcheck(28192): needTrimMemory: trimFrom = 0, avail = 1348416, vmSize = 1483104, vssLimit = 4192340, totalPss = 162532, pssLimit = 2858020, agressiveGrowthLimit = 1143208, gentleGrowthLimit = 2000614, availablePmThreshold = 221184, availableVmThreshold = 153600
08-03 17:31:28.230 E/WifiConfigStore( 3560): updateConfiguration freq=2437 BSSID=74:1f:4a:cd:8f:b7 RSSI=-60 "RJYFZX-Wifi-02"WPA_PSK
08-03 17:31:28.236 I/HuaweiWifiWatchdogStateMachine( 3560): spd good count:0, add sc:0.0, rate:1.0
08-03 17:31:28.236 I/HuaweiWifiWatchdogStateMachine( 3560): current mHighDataFlowRate = 1.0
08-03 17:31:28.236 I/HuaweiWifiWatchdogStateMachine( 3560): POta txb txg rxg:0, 19, 0. Lr =0% Totpkt=19
08-03 17:31:28.237 I/WifiProJNI( 3560): ######### CMD_QUERY_PKTS ########
08-03 17:31:28.237 I/QosMonitor( 3560): postEventFromNative: msg=100,arg1=0,arg2=9
08-03 17:31:28.237 W/WifiProJNI( 3560): poll before: g_monitor_fd =165
08-03 17:31:28.237 I/MQoS    ( 3560): rtt=160,tcp_tx_pkts=115440,tcp_rx_pkts=88817
08-03 17:31:28.239 I/HuaweiWifiWatchdogStateMachine( 3560): PTcp RTT:160, rtt pkt=8, tcp_rx=19, tcp_tx=19, tcp_reTran=0, rtRate=0
08-03 17:31:28.240 I/HuaweiWifiWatchdogStateMachine( 3560): rs ota tcp lr rttvb bad: false, false, false, false, false; rsth:-75
08-03 17:31:28.240 I/HuaweiWifiWatchdogStateMachine( 3560):  pkt chk not bad, reset sc to 0.
