08-03 17:30:40.416 W/SwitchManager( 5074): NoSuchMethod: IPowerManager setChargeHotLimit [int,int]
08-03 17:30:40.416 I/powergenie_jni( 5074): set charge limit 2: 990
08-03 17:30:40.830 I/TrafficMonitor( 3560): update:rxPkts:5,txPkts:0,rxBytes:541,txBytes:0
08-03 17:30:40.831 I/TrafficMonitor( 3560): start expired. level:-1
08-03 17:30:40.831 I/TrafficMonitor( 3560): gettimer:interval=2000
08-03 17:30:41.006 I/NetworkSpeedManagerEx( 4010): mIsStop = false
08-03 17:30:41.009 I/NetworkSpeedManagerEx( 4010):  value = 232.33333
08-03 17:30:41.011 I/NetworkSpeedManagerEx( 4010): speed = 232B/s
08-03 17:30:41.011 I/NetworkSpeedView( 4010): /update(), speed=232B/s
08-03 17:30:41.725 I/System  (28192): core_booster, getBoosterConfig = false
08-03 17:30:41.960 I/memcheck(28192): needTrimMemory: trimFrom = 0, avail = 1370152, vmSize = 1483192, vssLimit = 4192340, totalPss = 161584, pssLimit = 2858020, agressiveGrowthLimit = 1143208, gentleGrowthLimit = 2000614, availablePmThreshold = 221184, availableVmThreshold = 153600
08-03 17:30:42.070 E/WifiConfigStore( 3560): updateConfiguration freq=2437 BSSID=74:1f:4a:cd:8f:b7 RSSI=-59 "RJYFZX-Wifi-02"WPA_PSK
08-03 17:30:42.834 I/TrafficMonitor( 3560): update:rxPkts:12,txPkts:1,rxBytes:1206,txBytes:56
08-03 17:30:42.834 I/TrafficMonitor( 3560): start expired. level:-1
08-03 17:30:42.834 I/TrafficMonitor( 3560): gettimer:interval=2000
08-03 17:30:44.013 I/NetworkSpeedManagerEx( 4010): mIsStop = false
08-03 17:30:44.018 I/NetworkSpeedManagerEx( 4010):  value = 472.66666
08-03 17:30:44.020 I/NetworkSpeedManagerEx( 4010): speed = 473B/s
08-03 17:30:44.020 I/NetworkSpeedView( 4010): /update(), speed=473B/s
08-03 17:30:44.796 W/AlarmManager( 3560): WAKEUP alarm trigger action = com.huawei.intent.action.PUSH elapsed = 283076314
08-03 17:30:44.808 I/PushLog2616( 8285): [main-1]action is com.huawei.intent.action.PUSH(android/null:-1)
08-03 17:30:44.838 I/TrafficMonitor( 3560): update:rxPkts:6,txPkts:0,rxBytes:565,txBytes:0
08-03 17:30:44.838 I/TrafficMonitor( 3560): start expired. level:-1
08-03 17:30:44.838 I/TrafficMonitor( 3560): gettimer:interval=2000
08-03 17:30:45.095 E/WifiConfigStore( 3560): updateConfiguration freq=2437 BSSID=74:1f:4a:cd:8f:b7 RSSI=-59 "RJYFZX-Wifi-02"WPA_PSK
08-03 17:30:45.833 I/TrafficMonitor( 3560): expired arrive. level:-1
08-03 17:30:45.833 I/TrafficMonitor( 3560): during_ms:2004,period_ms:2000
08-03 17:30:45.833 I/TrafficMonitor( 3560): count:784,rx_sum:6,tx_sum:0,rxBytes:565,during_ms:2004,rx_speed:281.936127744511,tx_speed:0.0,rto:0.0
08-03 17:30:46.780 I/System  (28192): core_booster, getBoosterConfig = false
08-03 17:30:46.842 I/TrafficMonitor( 3560): update:rxPkts:6,txPkts:0,rxBytes:638,txBytes:0
08-03 17:30:46.842 I/TrafficMonitor( 3560): start expired. level:-1
08-03 17:30:46.842 I/TrafficMonitor( 3560): gettimer:interval=2000
08-03 17:30:47.022 I/NetworkSpeedManagerEx( 4010): mIsStop = false
08-03 17:30:47.026 I/NetworkSpeedManagerEx( 4010):  value = 349.0
08-03 17:30:47.028 I/NetworkSpeedManagerEx( 4010): speed = 349B/s
08-03 17:30:47.028 I/NetworkSpeedView( 4010): /update(), speed=349B/s
08-03 17:30:47.095 I/memcheck(28192): needTrimMemory: trimFrom = 0, avail = 1370052, vmSize = 1483272, vssLimit = 4192340, totalPss = 161768, pssLimit = 2858020, agressiveGrowthLimit = 1143208, gentleGrowthLimit = 2000614, availablePmThreshold = 221184, availableVmThreshold = 153600
08-03 17:30:47.855 E/bastetd ( 3018): [BastetService  ] prepareHeartbeatProxy# Bastet is not available
08-03 17:30:47.861 I/PushLog2616( 8285): [ReceiverDispatcher-298]isBastetAvailable false, can't use bastet.(android/null:-1)
08-03 17:30:47.862 I/PushLog2616( 8285): [ReceiverDispatcher-298]resetBastet(android/null:-1)
08-03 17:30:47.862 I/PushLog2616( 8285): [ReceiverDispatcher-298]init push bastet failed!(android/null:-1)
08-03 17:30:47.888 I/PushLog2616( 8285): [ReceiverDispatcher-298]read to Send:DA(android/null:-1)
08-03 17:30:47.892 I/PushLog2616( 8285): [ReceiverDispatcher-298]send msg to remote srv success(android/null:-1)
08-03 17:30:48.113 E/WifiConfigStore( 3560): updateConfiguration freq=2437 BSSID=74:1f:4a:cd:8f:b7 RSSI=-59 "RJYFZX-Wifi-02"WPA_PSK
08-03 17:30:48.192 E/WifiConfigStore( 3560): updateConfiguration freq=2437 BSSID=74:1f:4a:cd:8f:b7 RSSI=-59 "RJYFZX-Wifi-02"WPA_PSK
08-03 17:30:48.199 I/HuaweiWifiWatchdogStateMachine( 3560): spd good count:0, add sc:0.0, rate:1.0
08-03 17:30:48.200 I/HuaweiWifiWatchdogStateMachine( 3560): current mHighDataFlowRate = 1.0
08-03 17:30:48.200 I/HuaweiWifiWatchdogStateMachine( 3560): POta txb txg rxg:0, 3, 0. Lr =0% Totpkt=3
08-03 17:30:48.200 I/WifiProJNI( 3560): ######### CMD_QUERY_PKTS ########
08-03 17:30:48.201 I/QosMonitor( 3560): postEventFromNative: msg=100,arg1=0,arg2=9
08-03 17:30:48.201 W/WifiProJNI( 3560): poll before: g_monitor_fd =165
08-03 17:30:48.201 I/MQoS    ( 3560): rtt=80,tcp_tx_pkts=115417,tcp_rx_pkts=88797
08-03 17:30:48.203 I/HuaweiWifiWatchdogStateMachine( 3560): PTcp RTT:0, rtt pkt=0, tcp_rx=1, tcp_tx=3, tcp_reTran=0, rtRate=0
08-03 17:30:48.203 I/HuaweiWifiWatchdogStateMachine( 3560): rs ota tcp lr rttvb bad: false, false, false, false, false; rsth:-75
08-03 17:30:48.204 I/HuaweiWifiWatchdogStateMachine( 3560):  pkt chk not bad, reset sc to 0.
08-03 17:30:48.204 I/MQoS    ( 3560): QOS_level:0(0),wifi-link;SIM error;use level-0
08-03 17:30:48.847 I/TrafficMonitor( 3560): update:rxPkts:6,txPkts:2,rxBytes:552,txBytes:99
08-03 17:30:48.847 I/TrafficMonitor( 3560): start expired. level:-1
08-03 17:30:48.847 I/TrafficMonitor( 3560): gettimer:interval=2000
08-03 17:30:50.030 I/NetworkSpeedManagerEx( 4010): mIsStop = false
08-03 17:30:50.034 I/NetworkSpeedManagerEx( 4010):  value = 293.33334
08-03 17:30:50.036 I/NetworkSpeedManagerEx( 4010): speed = 293B/s
08-03 17:30:50.036 I/NetworkSpeedView( 4010): /update(), speed=293B/s
08-03 17:30:50.850 I/TrafficMonitor( 3560): update:rxPkts:1,txPkts:0,rxBytes:229,txBytes:0
08-03 17:30:50.850 I/TrafficMonitor( 3560): start expired. level:-1
08-03 17:30:50.850 I/TrafficMonitor( 3560): gettimer:interval=2000
08-03 17:30:51.139 E/WifiConfigStore( 3560): updateConfiguration freq=2437 BSSID=74:1f:4a:cd:8f:b7 RSSI=-59 "RJYFZX-Wifi-02"WPA_PSK
08-03 17:30:51.843 I/TrafficMonitor( 3560): expired arrive. level:-1
08-03 17:30:51.843 I/TrafficMonitor( 3560): during_ms:2004,period_ms:2000
08-03 17:30:51.844 I/TrafficMonitor( 3560): count:787,rx_sum:1,tx_sum:0,rxBytes:229,during_ms:2004,rx_speed:114.27145708582835,tx_speed:0.0,rto:0.0
08-03 17:30:51.871 I/System  (28192): core_booster, getBoosterConfig = false
08-03 17:30:52.231 I/memcheck(28192): needTrimMemory: trimFrom = 0, avail = 1370280, vmSize = 1483352, vssLimit = 4192340, totalPss = 161768, pssLimit = 2858020, agressiveGrowthLimit = 1143208, gentleGrowthLimit = 2000614, availablePmThreshold = 221184, availableVmThreshold = 153600
08-03 17:30:52.853 I/TrafficMonitor( 3560): update:rxPkts:8,txPkts:1,rxBytes:818,txBytes:61
08-03 17:30:52.854 I/TrafficMonitor( 3560): start expired. level:-1
08-03 17:30:52.854 I/TrafficMonitor( 3560): gettimer:interval=2000
08-03 17:30:53.037 I/NetworkSpeedManagerEx( 4010): mIsStop = false
08-03 17:30:53.042 I/NetworkSpeedManagerEx( 4010):  value = 293.0
08-03 17:30:53.044 I/NetworkSpeedManagerEx( 4010): speed = 293B/s
08-03 17:30:53.044 I/NetworkSpeedView( 4010): /update(), speed=293B/s
08-03 17:30:54.164 E/WifiConfigStore( 3560): updateConfiguration freq=2437 BSSID=74:1f:4a:cd:8f:b7 RSSI=-60 "RJYFZX-Wifi-02"WPA_PSK
08-03 17:30:54.857 I/TrafficMonitor( 3560): update:rxPkts:2,txPkts:0,rxBytes:156,txBytes:0
08-03 17:30:54.857 I/TrafficMonitor( 3560): start expired. level:-1
08-03 17:30:54.857 I/TrafficMonitor( 3560): gettimer:interval=2000
08-03 17:30:56.049 I/NetworkSpeedManagerEx( 4010): mIsStop = false
08-03 17:30:56.053 I/NetworkSpeedManagerEx( 4010):  value = 156.0
08-03 17:30:56.055 I/NetworkSpeedManagerEx( 4010): speed = 156B/s
08-03 17:30:56.055 I/NetworkSpeedView( 4010): /update(), speed=156B/s
08-03 17:30:56.191 E/WifiConfigStore( 3560): updateConfiguration freq=2437 BSSID=74:1f:4a:cd:8f:b7 RSSI=-61 "RJYFZX-Wifi-02"WPA_PSK
08-03 17:30:56.195 I/HuaweiWifiWatchdogStateMachine( 3560): spd good count:0, add sc:0.0, rate:1.0
08-03 17:30:56.195 I/HuaweiWifiWatchdogStateMachine( 3560): current mHighDataFlowRate = 1.0
08-03 17:30:56.196 I/HuaweiWifiWatchdogStateMachine( 3560): POta txb txg rxg:0, 1, 0. Lr =0% Totpkt=1
08-03 17:30:56.196 I/WifiProJNI( 3560): ######### CMD_QUERY_PKTS ########
08-03 17:30:56.196 I/QosMonitor( 3560): postEventFromNative: msg=100,arg1=0,arg2=9
08-03 17:30:56.196 W/WifiProJNI( 3560): poll before: g_monitor_fd =165
08-03 17:30:56.197 I/MQoS    ( 3560): rtt=80,tcp_tx_pkts=115418,tcp_rx_pkts=88797
08-03 17:30:56.198 I/MQoS    ( 3560): QOS_level:0(0),wifi-link;SIM error;use level-0
08-03 17:30:56.198 I/MQoS    ( 3560): skip-low-Level:0(0),wifi-link;SIM error;use level-0
08-03 17:30:56.199 I/HuaweiWifiWatchdogStateMachine( 3560): PTcp RTT:0, rtt pkt=0, tcp_rx=0, tcp_tx=1, tcp_reTran=0, rtRate=0
08-03 17:30:56.199 I/HuaweiWifiWatchdogStateMachine( 3560): rs ota tcp lr rttvb bad: false, false, false, false, false; rsth:-75
08-03 17:30:56.199 I/HuaweiWifiWatchdogStateMachine( 3560):  pkt chk not bad, reset sc to 0.
08-03 17:30:56.384 I/art     ( 3560): Background sticky concurrent mark sweep GC freed 40317(3MB) AllocSpace objects, 1(16KB) LOS objects, 6% free, 51MB/54MB, paused 4.030ms total 126.856ms
08-03 17:30:56.859 I/TrafficMonitor( 3560): update:rxPkts:5,txPkts:0,rxBytes:390,txBytes:0
08-03 17:30:56.859 I/TrafficMonitor( 3560): start expired. level:-1
08-03 17:30:56.860 I/TrafficMonitor( 3560): gettimer:interval=2000
08-03 17:30:57.187 E/WifiConfigStore( 3560): updateConfiguration freq=2437 BSSID=74:1f:4a:cd:8f:b7 RSSI=-61 "RJYFZX-Wifi-02"WPA_PSK
08-03 17:30:57.372 I/memcheck(28192): needTrimMemory: trimFrom = 0, avail = 1370064, vmSize = 1483432, vssLimit = 4192340, totalPss = 161944, pssLimit = 2858020, agressiveGrowthLimit = 1143208, gentleGrowthLimit = 2000614, availablePmThreshold = 221184, availableVmThreshold = 153600
08-03 17:30:57.855 I/TrafficMonitor( 3560): expired arrive. level:-1
08-03 17:30:57.856 I/TrafficMonitor( 3560): during_ms:2003,period_ms:2000
08-03 17:30:57.856 I/TrafficMonitor( 3560): count:790,rx_sum:5,tx_sum:0,rxBytes:390,during_ms:2003,rx_speed:194.7079380928607,tx_speed:0.0,rto:0.0
08-03 17:30:58.862 I/TrafficMonitor( 3560): update:rxPkts:0,txPkts:0,rxBytes:0,txBytes:0
08-03 17:30:58.862 I/TrafficMonitor( 3560): start expired. level:-1
08-03 17:30:58.863 I/TrafficMonitor( 3560): gettimer:interval=2000
08-03 17:30:59.057 I/NetworkSpeedManagerEx( 4010): mIsStop = false
08-03 17:30:59.061 I/NetworkSpeedManagerEx( 4010):  value = 26.0
08-03 17:30:59.063 I/NetworkSpeedManagerEx( 4010): speed = 26B/s
08-03 17:30:59.063 I/NetworkSpeedView( 4010): /update(), speed=26B/s
08-03 17:30:59.073 W/View    ( 4010): requestLayout() improperly called by com.android.systemui.statusbar.phone.IconMerger{9226af6 V.E...... ......I. 0,0-162,72 #7f1000c3 app:id/notificationIcons} during layout: running second layout pass
08-03 17:31:00.013 I/TimeManager( 4010): receiver action = android.intent.action.TIME_TICK
08-03 17:31:00.017 I/HwLauncher( 5178): Model  onReceive intent=Intent { act=android.intent.action.TIME_TICK flg=0x50000014 (has extras) }
08-03 17:31:00.017 I/HwLauncher( 5178): Model  onReceive user=UserHandle{0}
08-03 17:31:00.029 I/TotemWeather( 5178): CityTimeView CityTimeView mCurrentViewMode = 10141
08-03 17:31:00.041 W/View    ( 4010): requestLayout() improperly called by com.android.systemui.statusbar.phone.IconMerger{9226af6 V.E...... ........ 0,0-162,72 #7f1000c3 app:id/notificationIcons} during second layout pass: posting in next frame
08-03 17:31:00.061 I/TotemWeather( 5178): CityTimeFormatView CityTimeFormatView setTimeFormat is24Hour=true,timeFormat=
08-03 17:31:00.061 I/TotemWeather( 5178): DateTimeManager send message delay millis = 60939 ms
08-03 17:31:00.061 I/HwLauncher( 5178): ClockDynamicUpdater date changed begin
08-03 17:31:00.061 I/HwLauncher( 5178): ClockDynamicUpdater date changed end
08-03 17:31:00.062 E/HwLauncher( 5178): SettingsEx , no such field.
08-03 17:31:00.062 W/HwLauncher( 5178): Clock getDataFormat the getSystemString failed.
08-03 17:31:00.063 I/HwLauncher( 5178): DynamicIconData , getDrawableForDynamic begin, pkg = com.android.deskclock, picName = deskclock_bg
08-03 17:31:00.063 I/HwLauncher( 5178): DynamicIconData , getDrawableForDynamic end, pkg = com.android.deskclock, picName = deskclock_bg
08-03 17:31:00.065 I/HwLauncher( 5178): CalenderDynamicUpdater date changed begin
08-03 17:31:00.065 I/HwLauncher( 5178): CalenderDynamicUpdater date changed end
08-03 17:31:00.067 I/HwLauncher( 5178): ClockDynamicUpdater clock update folder at ClockDynamicUpdater
08-03 17:31:00.067 I/HwLauncher( 5178): DynamicUpdater updateBitmap end and send update message
08-03 17:31:00.068 I/HwLauncher( 5178): DynamicUpdater call updateFolder
08-03 17:31:00.203 E/WifiConfigStore( 3560): updateConfiguration freq=2437 BSSID=74:1f:4a:cd:8f:b7 RSSI=-59 "RJYFZX-Wifi-02"WPA_PSK
08-03 17:31:00.326 E/Thermal-daemon( 3016): [ap] temp_new :32  temp_old :33
08-03 17:31:00.327 E/Thermal-daemon( 3016): Report temperature: [ap] temp :32  report_threshold:1
08-03 17:31:00.328 W/ThermalStateManager( 5074): trigLevel = -1, mSimTrigLevel = -1, tempPolicy = 0
08-03 17:31:00.329 I/ThermalStateManager( 5074): sensor name: cpu temperature: 32 , thermal action: bcurrent policy:990
08-03 17:31:00.431 W/SwitchManager( 5074): NoSuchMethod: IPowerManager setChargeHotLimit [int,int]
08-03 17:31:00.431 I/powergenie_jni( 5074): set charge limit 2: 990
08-03 17:31:00.867 I/TrafficMonitor( 3560): update:rxPkts:0,txPkts:0,rxBytes:0,txBytes:0
08-03 17:31:00.867 I/TrafficMonitor( 3560): start expired. level:-1
08-03 17:31:00.867 I/TrafficMonitor( 3560): gettimer:interval=2000
08-03 17:31:02.066 I/NetworkSpeedManagerEx( 4010): mIsStop = false
08-03 17:31:02.070 I/NetworkSpeedManagerEx( 4010):  value = 184.33333
08-03 17:31:02.072 I/NetworkSpeedManagerEx( 4010): speed = 184B/s
08-03 17:31:02.072 I/NetworkSpeedView( 4010): /update(), speed=184B/s
08-03 17:31:02.082 W/View    ( 4010): requestLayout() improperly called by com.android.systemui.statusbar.phone.IconMerger{9226af6 V.E...... ......I. 0,0-162,72 #7f1000c3 app:id/notificationIcons} during layout: running second layout pass
08-03 17:31:02.513 I/memcheck(28192): needTrimMemory: trimFrom = 0, avail = 1370240, vmSize = 1483512, vssLimit = 4192340, totalPss = 161944, pssLimit = 2858020, agressiveGrowthLimit = 1143208, gentleGrowthLimit = 2000614, availablePmThreshold = 221184, availableVmThreshold = 153600
08-03 17:31:02.623 W/View    ( 4010): requestLayout() improperly called by com.android.systemui.statusbar.phone.IconMerger{9226af6 V.E...... ........ 0,0-162,72 #7f1000c3 app:id/notificationIcons} during second layout pass: posting in next frame
08-03 17:31:02.870 I/TrafficMonitor( 3560): update:rxPkts:6,txPkts:0,rxBytes:631,txBytes:0
08-03 17:31:02.870 I/TrafficMonitor( 3560): start expired. level:-1
08-03 17:31:02.870 I/TrafficMonitor( 3560): gettimer:interval=2000
08-03 17:31:03.227 E/WifiConfigStore( 3560): updateConfiguration freq=2437 BSSID=74:1f:4a:cd:8f:b7 RSSI=-58 "RJYFZX-Wifi-02"WPA_PSK
08-03 17:31:03.863 I/TrafficMonitor( 3560): expired arrive. level:-1
08-03 17:31:03.863 I/TrafficMonitor( 3560): during_ms:2003,period_ms:2000
08-03 17:31:03.863 I/TrafficMonitor( 3560): count:793,rx_sum:6,tx_sum:0,rxBytes:631,during_ms:2003,rx_speed:315.0274588117823,tx_speed:0.0,rto:0.0
08-03 17:31:04.203 E/WifiConfigStore( 3560): updateConfiguration freq=2437 BSSID=74:1f:4a:cd:8f:b7 RSSI=-57 "RJYFZX-Wifi-02"WPA_PSK
08-03 17:31:04.213 I/HuaweiWifiWatchdogStateMachine( 3560): spd good count:0, add sc:0.0, rate:1.0
08-03 17:31:04.215 I/HuaweiWifiWatchdogStateMachine( 3560): current mHighDataFlowRate = 1.0
08-03 17:31:04.215 I/HuaweiWifiWatchdogStateMachine( 3560): POta txb txg rxg:0, 1, 0. Lr =0% Totpkt=1
08-03 17:31:04.216 I/WifiProJNI( 3560): ######### CMD_QUERY_PKTS ########
08-03 17:31:04.217 I/QosMonitor( 3560): postEventFromNative: msg=100,arg1=0,arg2=9
08-03 17:31:04.217 W/WifiProJNI( 3560): poll before: g_monitor_fd =165
08-03 17:31:04.217 I/MQoS    ( 3560): rtt=80,tcp_tx_pkts=115418,tcp_rx_pkts=88797
08-03 17:31:04.219 I/HuaweiWifiWatchdogStateMachine( 3560): PTcp RTT:0, rtt pkt=0, tcp_rx=0, tcp_tx=0, tcp_reTran=0, rtRate=0
08-03 17:31:04.220 I/HuaweiWifiWatchdogStateMachine( 3560): rs ota tcp lr rttvb bad: false, false, false, false, false; rsth:-75
08-03 17:31:04.220 I/HuaweiWifiWatchdogStateMachine( 3560):  pkt chk not bad, reset sc to 0.
08-03 17:31:04.224 I/MQoS    ( 3560): QOS_level:0(0),wifi-link;SIM error;use level-0
08-03 17:31:04.874 I/TrafficMonitor( 3560): update:rxPkts:7,txPkts:0,rxBytes:709,txBytes:0
08-03 17:31:04.874 I/TrafficMonitor( 3560): start expired. level:-1
08-03 17:31:04.874 I/TrafficMonitor( 3560): gettimer:interval=2000
08-03 17:31:05.076 I/NetworkSpeedManagerEx( 4010): mIsStop = false
08-03 17:31:05.080 I/NetworkSpeedManagerEx( 4010):  value = 262.33334
08-03 17:31:05.082 I/NetworkSpeedManagerEx( 4010): speed = 262B/s
08-03 17:31:05.083 I/NetworkSpeedView( 4010): /update(), speed=262B/s
08-03 17:31:06.254 E/WifiConfigStore( 3560): updateConfiguration freq=2437 BSSID=74:1f:4a:cd:8f:b7 RSSI=-57 "RJYFZX-Wifi-02"WPA_PSK
08-03 17:31:06.875 I/TrafficMonitor( 3560): update:rxPkts:3,txPkts:0,rxBytes:337,txBytes:0
08-03 17:31:06.875 I/TrafficMonitor( 3560): start expired. level:-1
08-03 17:31:06.875 I/TrafficMonitor( 3560): gettimer:interval=2000
08-03 17:31:07.157 I/appproc ( 9344): CLASSPATH=/system/framework/pm.jar
08-03 17:31:07.157 I/appproc ( 9344): Command=app_process /system/bin com.android.commands.pm.Pm list package 
08-03 17:31:07.161 I/AndroidRuntime( 9344): readDownloadBoosterConfig: 'false'
08-03 17:31:07.241 I/HWSERVICES( 9344): hwnative_get_component_register:libdrmbitmap,JNI
08-03 17:31:07.250 E/HAL     ( 9344): load: id=memtrack != hmi->id=memtrack
08-03 17:31:07.252 I/        ( 9344): power log dlsym ok
08-03 17:31:07.254 I/Radio-JNI( 9344): register_android_hardware_Radio DONE
08-03 17:31:07.267 I/android_hardware_fm.cpp( 9344): register_android_hardware_fm_fmradio
08-03 17:31:07.267 I/android_hardware_fm.cpp( 9344): ========64bit long size = 8
08-03 17:31:07.267 I/android_hardware_fm.cpp( 9344): FM: get chip type = bcm43xx
08-03 17:31:07.268 E/HAL     ( 9344): load: id=fm != hmi->id=fm
08-03 17:31:07.268 E/fm_if.c ( 9344): find the id:fm and begins to open the devices
08-03 17:31:07.269 I/android_hardware_fm.cpp( 9344): register_android_hardware_fm_fmradio, ret is 0
08-03 17:31:07.372 I/art     ( 9344): System.exit called, status: 0
08-03 17:31:07.372 I/AndroidRuntime( 9344): VM exiting with result code 0.
08-03 17:31:07.607 I/memcheck(28192): needTrimMemory: trimFrom = 0, avail = 1369172, vmSize = 1483592, vssLimit = 4192340, totalPss = 162144, pssLimit = 2858020, agressiveGrowthLimit = 1143208, gentleGrowthLimit = 2000614, availablePmThreshold = 221184, availableVmThreshold = 153600
08-03 17:31:07.869 I/appproc ( 9355): CLASSPATH=/system/framework/pm.jar
08-03 17:31:07.869 I/appproc ( 9355): Command=app_process /system/bin com.android.commands.pm.Pm uninstall com.cgs.fund 
08-03 17:31:07.874 I/AndroidRuntime( 9355): readDownloadBoosterConfig: 'false'
08-03 17:31:07.932 I/HWSERVICES( 9355): hwnative_get_component_register:libdrmbitmap,JNI
08-03 17:31:07.940 E/HAL     ( 9355): load: id=memtrack != hmi->id=memtrack
08-03 17:31:07.942 I/        ( 9355): power log dlsym ok
08-03 17:31:07.944 I/Radio-JNI( 9355): register_android_hardware_Radio DONE
08-03 17:31:07.956 I/android_hardware_fm.cpp( 9355): register_android_hardware_fm_fmradio
08-03 17:31:07.956 I/android_hardware_fm.cpp( 9355): ========64bit long size = 8
08-03 17:31:07.956 I/android_hardware_fm.cpp( 9355): FM: get chip type = bcm43xx
08-03 17:31:07.957 E/HAL     ( 9355): load: id=fm != hmi->id=fm
08-03 17:31:07.957 E/fm_if.c ( 9355): find the id:fm and begins to open the devices
08-03 17:31:07.957 I/android_hardware_fm.cpp( 9355): register_android_hardware_fm_fmradio, ret is 0
08-03 17:31:08.084 I/NetworkSpeedManagerEx( 4010): mIsStop = false
08-03 17:31:08.085 I/NetworkSpeedManagerEx( 4010):  value = 164.33333
08-03 17:31:08.086 I/NetworkSpeedManagerEx( 4010): speed = 164B/s
08-03 17:31:08.086 I/NetworkSpeedView( 4010): /update(), speed=164B/s
08-03 17:31:08.170 I/art     ( 3560): Starting a blocking GC Explicit
08-03 17:31:08.392 I/art     ( 3560): Explicit concurrent mark sweep GC freed 43809(3MB) AllocSpace objects, 4(80KB) LOS objects, 7% free, 50MB/54MB, paused 2.447ms total 221.961ms
08-03 17:31:08.396 I/art     ( 9355): System.exit called, status: 0
08-03 17:31:08.396 I/AndroidRuntime( 9355): VM exiting with result code 0.
08-03 17:31:08.403 I/HwPFWLogger( 3560): AppAutoStartupPolicy:prevent start receiver of package com.nuance.swype.emui for action android.intent.action.PACKAGE_REMOVED
08-03 17:31:08.404 I/HwPFWLogger( 3560): AppAutoStartupPolicy:prevent start receiver of package com.UCMobile for action android.intent.action.PACKAGE_REMOVED
08-03 17:31:08.404 I/HwPFWLogger( 3560): AppAutoStartupPolicy:prevent start receiver of package com.UCMobile for action android.intent.action.PACKAGE_REMOVED
08-03 17:31:08.404 I/HwPFWLogger( 3560): AppAutoStartupPolicy:prevent start receiver of package com.Qunar for action android.intent.action.PACKAGE_REMOVED
08-03 17:31:08.404 I/HwPFWLogger( 3560): AppAutoStartupPolicy:prevent start receiver of package com.taobao.taobao for action android.intent.action.PACKAGE_REMOVED
08-03 17:31:08.404 I/HwPFWLogger( 3560): AppAutoStartupPolicy:prevent start receiver of package com.taobao.taobao for action android.intent.action.PACKAGE_REMOVED
08-03 17:31:08.404 I/HwPFWLogger( 3560): AppAutoStartupPolicy:prevent start receiver of package com.dianping.v1 for action android.intent.action.PACKAGE_REMOVED
08-03 17:31:08.416 I/HwSystemManager( 4425): HsmPackageManager:Receive intent:Intent { act=android.intent.action.PACKAGE_REMOVED dat=package:com.cgs.fund flg=0x4000010 (has extras) }
08-03 17:31:08.416 I/HwSystemManager( 4425): HsmPackageManager:replacing:false
08-03 17:31:08.416 I/HwSystemManager( 4425): HsmPackageManager:pkgName:com.cgs.fund
08-03 17:31:08.416 I/HwSystemManager( 4425): HsmPackageManager:doAppRemoved, remove:com.cgs.fund
08-03 17:31:08.419 I/IntelligentScene( 4010): mPackageReceiver, action= android.intent.action.PACKAGE_REMOVED
08-03 17:31:08.419 I/IntelligentScene( 4010): packageName = com.cgs.fund
08-03 17:31:08.422 I/HwLauncher( 5178): SimpleLauncherModeaction= android.intent.action.PACKAGE_REMOVEDpackageName = com.cgs.fund
08-03 17:31:08.422 I/HwLauncher( 5178): LauncherDownloadModel onReceive intent=Intent { act=android.intent.action.PACKAGE_REMOVED dat=package:com.cgs.fund flg=0x4000010 (has extras) }
08-03 17:31:08.422 I/HwLauncher( 5178): SimpleLauncherModedeleteBadgeItemFromDBByPkg packageName=com.cgs.fund
08-03 17:31:08.424 I/HwLauncher( 5178): Launcher.LauncherProvider  only HwLauncher can use LauncherProvider's delete method to delete badge table item
08-03 17:31:08.424 I/HwLauncher( 5178): SimpleAllAppsList   add packageName into uninstalledSDApps
08-03 17:31:08.424 I/HwLauncher( 5178): SimpleLauncherModeuninstalledSDApps size > 0
08-03 17:31:08.424 W/HwLauncher( 5178): SimpleLauncherModeNobody to tell about the new app.  Launcher is probably loading.
08-03 17:31:08.424 I/HwLauncher( 5178): SimpleLauncherModeOP_REMOVE callback is null, delete simpleUI database record
08-03 17:31:08.427 I/HwLauncher( 5178): Launcher.LauncherProvider  queried count: 9
08-03 17:31:08.428 I/InputReader( 3560): Reconfiguring input devices.  changes=0x00000010
08-03 17:31:08.430 I/PushLog2616( 8285): [main-1]action is android.intent.action.PACKAGE_REMOVED(android/null:-1)
08-03 17:31:08.454 I/HwSystemManager( 9175): HsmPackageManager:Receive intent:Intent { act=android.intent.action.PACKAGE_REMOVED dat=package:com.cgs.fund flg=0x4000010 (has extras) }
08-03 17:31:08.454 I/HwSystemManager( 9175): HsmPackageManager:replacing:false
08-03 17:31:08.460 I/SendBroadcastPermission( 3560): action:com.android.server.action.NETWORK_STATS_UPDATED, mPermissionType:0
08-03 17:31:08.460 I/HwSystemManager( 9175): HsmPackageManager:pkgName:com.cgs.fund
08-03 17:31:08.461 I/HwSystemManager( 9175): HsmPackageManager:doAppRemoved, remove:com.cgs.fund
08-03 17:31:08.469 E/HwSystemManager( 4425): NatTrafficNotifyService:imsi is null, so return
08-03 17:31:08.489 W/ResourceType( 8190): For resource 0x7f020dac, entry index(3500) is beyond type entryCount(476)
08-03 17:31:08.489 W/ResourceType( 8190): Failure getting entry for 0x7f020dac (t=1 e=3500) (error -75)
08-03 17:31:08.489 W/ResourceType( 8190): For resource 0x7f020dab, entry index(3499) is beyond type entryCount(476)
08-03 17:31:08.489 W/ResourceType( 8190): Failure getting entry for 0x7f020dab (t=1 e=3499) (error -75)
08-03 17:31:08.495 I/AccountManagerService( 3560): getTypesVisibleToCaller: isPermitted? true
08-03 17:31:08.499 I/SendBroadcastPermission( 9061): action:com.huawei.appmarket.service.downloadservice.Receiver, mPermissionType:0
08-03 17:31:08.500 I/HwLauncher( 5178): LauncherDownloadModel onReceive intent=Intent { act=com.huawei.appmarket.service.downloadservice.Receiver flg=0x10 }
08-03 17:31:08.500 W/HwLauncher( 5178): get getBundleExtra with downloadtask all return null!
08-03 17:31:08.501 W/art     ( 9175): Suspending all threads took: 35.515ms
08-03 17:31:08.532 I/SendBroadcastPermission( 9061): action:com.huawei.appmarket.service.downloadservice.Receiver, mPermissionType:0
08-03 17:31:08.533 I/HwLauncher( 5178): LauncherDownloadModel onReceive intent=Intent { act=com.huawei.appmarket.service.downloadservice.Receiver flg=0x10 }
08-03 17:31:08.534 W/HwLauncher( 5178): get getBundleExtra with downloadtask all return null!
08-03 17:31:08.548 I/Settings(26480): FingerprintSettings not supported hide the entrance
08-03 17:31:08.552 I/System  (28192): core_booster, getBoosterConfig = false
08-03 17:31:08.555 E/TAG     (26480): Error while trying to read from hw_clone_app_list
08-03 17:31:08.555 E/TAG     (26480): java.io.IOException: read failed: EBADF (Bad file descriptor)
08-03 17:31:08.555 E/TAG     (26480): 	at libcore.io.IoBridge.read(IoBridge.java:485)
08-03 17:31:08.555 E/TAG     (26480): 	at java.io.FileInputStream.read(FileInputStream.java:177)
08-03 17:31:08.555 E/TAG     (26480): 	at java.io.InputStreamReader.read(InputStreamReader.java:233)
08-03 17:31:08.555 E/TAG     (26480): 	at org.kxml2.io.KXmlParser.fillBuffer(KXmlParser.java:1515)
08-03 17:31:08.555 E/TAG     (26480): 	at org.kxml2.io.KXmlParser.peekType(KXmlParser.java:992)
08-03 17:31:08.555 E/TAG     (26480): 	at org.kxml2.io.KXmlParser.next(KXmlParser.java:349)
08-03 17:31:08.555 E/TAG     (26480): 	at org.kxml2.io.KXmlParser.next(KXmlParser.java:313)
08-03 17:31:08.555 E/TAG     (26480): 	at com.android.settings.Utils.getXmlFormCust(Utils.java:3304)
08-03 17:31:08.555 E/TAG     (26480): 	at com.android.settings.Utils.hasAppCloneCust(Utils.java:3341)
08-03 17:31:08.555 E/TAG     (26480): 	at com.android.settings.SettingsActivity.updateTilesList(SettingsActivity.java:1835)
08-03 17:31:08.555 E/TAG     (26480): 	at com.android.settings.HWSettings.buildDashboardCategories(HWSettings.java:114)
08-03 17:31:08.555 E/TAG     (26480): 	at com.android.settings.dashboard.DashboardSummary.getDashboardCategories(DashboardSummary.java:496)
08-03 17:31:08.555 E/TAG     (26480): 	at com.android.settings.dashboard.DashboardSummary.rebuildUI(DashboardSummary.java:330)
08-03 17:31:08.555 E/TAG     (26480): 	at com.android.settings.dashboard.DashboardSummary.rebuildUI(DashboardSummary.java:298)
08-03 17:31:08.555 E/TAG     (26480): 	at com.android.settings.dashboard.DashboardSummary.access$000(DashboardSummary.java:70)
08-03 17:31:08.555 E/TAG     (26480): 	at com.android.settings.dashboard.DashboardSummary$1.handleMessage(DashboardSummary.java:129)
08-03 17:31:08.555 E/TAG     (26480): 	at android.os.Handler.dispatchMessage(Handler.java:102)
08-03 17:31:08.555 E/TAG     (26480): 	at android.os.Looper.loop(Looper.java:150)
08-03 17:31:08.555 E/TAG     (26480): 	at android.app.ActivityThread.main(ActivityThread.java:5621)
08-03 17:31:08.555 E/TAG     (26480): 	at java.lang.reflect.Method.invoke(Native Method)
08-03 17:31:08.555 E/TAG     (26480): 	at com.android.internal.os.ZygoteInit$MethodAndArgsCaller.run(ZygoteInit.java:794)
08-03 17:31:08.555 E/TAG     (26480): 	at com.android.internal.os.ZygoteInit.main(ZygoteInit.java:684)
08-03 17:31:08.555 E/TAG     (26480): Caused by: android.system.ErrnoException: read failed: EBADF (Bad file descriptor)
08-03 17:31:08.555 E/TAG     (26480): 	at libcore.io.Posix.readBytes(Native Method)
08-03 17:31:08.555 E/TAG     (26480): 	at libcore.io.Posix.read(Posix.java:169)
08-03 17:31:08.555 E/TAG     (26480): 	at libcore.io.BlockGuardOs.read(BlockGuardOs.java:230)
08-03 17:31:08.555 E/TAG     (26480): 	at libcore.io.IoBridge.read(IoBridge.java:475)
08-03 17:31:08.555 E/TAG     (26480): 	... 21 more
08-03 17:31:08.560 E/HwBastetService( 3560): name: com.cgs.fund
08-03 17:31:08.560 W/System.err( 3560): android.content.pm.PackageManager$NameNotFoundException: com.cgs.fund
08-03 17:31:08.560 W/System.err( 3560): 	at android.app.ApplicationPackageManager.getPackageUid(ApplicationPackageManager.java:248)
08-03 17:31:08.560 W/System.err( 3560): 	at com.android.server.HwBastetService.removeHrtApp(HwBastetService.java:619)
08-03 17:31:08.560 W/System.err( 3560): 	at com.android.server.HwBastetService.access$1700(HwBastetService.java:51)
08-03 17:31:08.560 W/System.err( 3560): 	at com.android.server.HwBastetService$5.onReceive(HwBastetService.java:339)
08-03 17:31:08.560 W/System.err( 3560): 	at android.app.LoadedApk$ReceiverDispatcher$Args.run(LoadedApk.java:962)
08-03 17:31:08.560 W/System.err( 3560): 	at android.os.Handler.handleCallback(Handler.java:743)
08-03 17:31:08.560 W/System.err( 3560): 	at android.os.Handler.dispatchMessage(Handler.java:95)
08-03 17:31:08.560 W/System.err( 3560): 	at android.os.Looper.loop(Looper.java:150)
08-03 17:31:08.560 W/System.err( 3560): 	at com.android.server.SystemServer.run(SystemServer.java:397)
08-03 17:31:08.560 W/System.err( 3560): 	at com.android.server.SystemServer.main(SystemServer.java:268)
08-03 17:31:08.560 W/System.err( 3560): 	at java.lang.reflect.Method.invoke(Native Method)
08-03 17:31:08.560 W/System.err( 3560): 	at com.android.internal.os.ZygoteInit$MethodAndArgsCaller.run(ZygoteInit.java:794)
08-03 17:31:08.560 W/System.err( 3560): 	at com.android.internal.os.ZygoteInit.main(ZygoteInit.java:684)
08-03 17:31:08.574 W/Settings(26480): Activity com.huawei.hwid.ui.extend.setting.StartUpGuideLoginActivity has unknown category key com.android.settings.category.accounts
08-03 17:31:08.605 I/[Gralloc]( 2991): alloc w[16] h[16] format[1] usage[256]
08-03 17:31:08.605 I/[Gralloc]( 2991): alloc succ handle[0x558caaa720] stride[32]
08-03 17:31:08.607 E/linker  ( 9377): readlink('/proc/self/fd/21') failed: Permission denied [fd=21]
08-03 17:31:08.608 E/linker  ( 9377): warning: unable to get realpath for the library "/system/lib64/hw/gralloc.hi3635.so". Will use given name.
08-03 17:31:08.609 E/linker  ( 9377): readlink('/proc/self/fd/21') failed: Permission denied [fd=21]
08-03 17:31:08.609 E/linker  ( 9377): warning: unable to get realpath for the library "libion.so". Will use given name.
08-03 17:31:08.610 E/HAL     ( 9377): load: id=gralloc != hmi->id=gralloc
08-03 17:31:08.616 W/System  ( 9377): ClassLoader referenced unknown path: /system/priv-app/HwMotionRecognition/lib/arm64
08-03 17:31:08.646 W/Searchables( 3560): No global search activity found
08-03 17:31:08.646 I/SendBroadcastPermission( 3560): action:android.search.action.SEARCHABLES_CHANGED, mPermissionType:0
08-03 17:31:08.647 I/HwLauncher( 5178): Model onPackageRemoved packageName = com.cgs.fund user = UserHandle{0}
08-03 17:31:08.647 I/HwLauncher( 5178): AppsBatchUninstaller batch-uninstall the remaining size of the delete list : 0
08-03 17:31:08.647 I/HwLauncher( 5178): MutilSelectedIcons onPreHandleUpdatedTask : mIsInMutilSelectMode = false task = 3 packages = [com.cgs.fund] hasHandleInvisiblePanel = false
08-03 17:31:08.647 I/HwLauncher( 5178): DeleteDropTarget onPreHandleUpdatedTask : isToUninstallApp = false
08-03 17:31:08.647 I/HwLauncher( 5178): Model  enqueuePackageUpdated post task
08-03 17:31:08.647 I/HwLauncher( 5178): Model  PackageUpdatedTask Op : 3
08-03 17:31:08.647 I/HwLauncher( 5178): Model mAllAppsList.removePackage com.cgs.fund
08-03 17:31:08.647 E/HideAppsPagedView( 5178): removeItems begin 
08-03 17:31:08.648 E/HideAppsPagedView( 5178): ShortcutInfo(title=中证金葵花)
08-03 17:31:08.648 E/HideAppsPagedView( 5178): removeItems end 
08-03 17:31:08.649 I/HwLauncher( 5178): Workspace removeItems info = ShortcutInfo(title=中证金葵花) isNeedDelete = true
08-03 17:31:08.651 W/System.err( 5178): java.lang.NullPointerException: null receiver
08-03 17:31:08.651 I/HwSystemManager( 4425): NotificationManagerReceiver:onReceive action = android.intent.action.PACKAGE_REMOVED
08-03 17:31:08.651 I/HwLauncher( 5178): Launcher.LauncherProvider  queried count: 1
08-03 17:31:08.656 W/System.err( 5178): 	at java.lang.reflect.Field.get(Native Method)
08-03 17:31:08.656 W/System.err( 5178): 	at com.huawei.android.launcher.LauncherHelper.getFieldValue(LauncherHelper.java:115)
08-03 17:31:08.656 W/System.err( 5178): 	at com.huawei.android.launcher.ShortcutInfo.isAppUninstallable(ShortcutInfo.java:384)
08-03 17:31:08.656 W/System.err( 5178): 	at com.huawei.android.launcher.Workspace$11.run(Workspace.java:7083)
08-03 17:31:08.656 W/System.err( 5178): 	at android.os.Handler.handleCallback(Handler.java:743)
08-03 17:31:08.657 W/System.err( 5178): 	at android.os.Handler.dispatchMessage(Handler.java:95)
08-03 17:31:08.657 W/System.err( 5178): 	at android.os.Looper.loop(Looper.java:150)
08-03 17:31:08.657 W/System.err( 5178): 	at android.app.ActivityThread.main(ActivityThread.java:5621)
08-03 17:31:08.657 W/System.err( 5178): 	at java.lang.reflect.Method.invoke(Native Method)
08-03 17:31:08.657 W/System.err( 5178): 	at com.android.internal.os.ZygoteInit$MethodAndArgsCaller.run(ZygoteInit.java:794)
08-03 17:31:08.657 W/System.err( 5178): 	at com.android.internal.os.ZygoteInit.main(ZygoteInit.java:684)
08-03 17:31:08.657 I/HwLauncher( 5178): CellLayout rearrangeAfterRmItem isAutoAlign = false
08-03 17:31:08.659 I/HwSystemManager( 9175): AppInstallationReceiver:AppInstallationReceiver onReceive action = android.intent.action.PACKAGE_REMOVED
08-03 17:31:08.666 I/HwLauncher( 5178): Model check disappeared icons for Radar
08-03 17:31:08.668 I/HwSystemManager( 9175): OptimizeReceiver:OptimizeReceiver received action:android.intent.action.PACKAGE_REMOVED
08-03 17:31:08.669 I/HwSystemManager( 9175): ComBroadcastReceiver:ComBroadcastReceiver action = android.intent.action.PACKAGE_REMOVED
08-03 17:31:08.670 I/HwSystemManager( 9175): ProtectAppControl:handleMessage:7
08-03 17:31:08.672 I/HwSystemManager( 9175): PowerGenieDbHelper:delete protect app:com.cgs.fund
08-03 17:31:08.673 I/HwSystemManager( 9175): BootBroadcastReceiver:BootBroadcastReceiver action =android.intent.action.PACKAGE_REMOVED
08-03 17:31:08.673 I/HwSystemManager( 4425): OptimizeProvider:startup allow delete is executed for Uri:content://com.huawei.android.batteryspriteprovider/startupallowapps
08-03 17:31:08.675 E/HideAppsPagedView( 5178): removeHideApps  begin 
08-03 17:31:08.675 E/HideAppsPagedView( 5178): removeHideApps  end 
08-03 17:31:08.675 E/HideAppsPagedView( 5178):  syncPages mCurrentPage = 0
08-03 17:31:08.676 I/HwSystemManager( 9175): HandlePackageRemoved:HandlePackageRemoved pkgName =com.cgs.fund
08-03 17:31:08.677 I/HwSystemManager( 9175): UnifiedPowerAppControl:handleMessage:7
08-03 17:31:08.679 E/HideAppsPagedView( 5178):  syncAppsPageItems page = 0 mNumAppsPages = 1 mCurrentPage = 0
08-03 17:31:08.679 E/HideAppsPagedView( 5178):  createAddIcon count = 0
08-03 17:31:08.680 I/HwSystemManager( 9175): NetAppDBManager:getUidByPkgNameFromDB  uid = 10288 pkgName = com.cgs.fund
08-03 17:31:08.681 I/HwLauncher( 5178): Launcher.Utilities   controlColor == 0
08-03 17:31:08.682 I/HwLauncher( 5178):  FPSMonitor snapToPage whichPage = 0 delta = 0 duration = 550
08-03 17:31:08.683 I/HwSystemManager( 9175): UnifiedPowerAppControl:uninstallAppInner  pkgName:com.cgs.fund
08-03 17:31:08.685 W/System.err( 9175): android.content.pm.PackageManager$NameNotFoundException: com.cgs.fund
08-03 17:31:08.685 W/System.err( 9175): 	at android.app.ApplicationPackageManager.getApplicationInfo(ApplicationPackageManager.java:321)
08-03 17:31:08.685 W/System.err( 9175): 	at com.huawei.systemmanager.power.model.BatteryStatisticsHelper.updateBatteryInfos(BatteryStatisticsHelper.java:144)
08-03 17:31:08.685 W/System.err( 9175): 	at com.huawei.systemmanager.power.receiver.handle.HandlePackageRemoved.handlePackageRemoved(HandlePackageRemoved.java:29)
08-03 17:31:08.685 W/System.err( 9175): 	at com.huawei.systemmanager.power.receiver.handle.HandlePackageRemoved.handleBroadcast(HandlePackageRemoved.java:20)
08-03 17:31:08.685 W/System.err( 9175): 	at com.huawei.systemmanager.power.receiver.BootBroadcastReceiver.doInBackground(BootBroadcastReceiver.java:87)
08-03 17:31:08.685 W/System.err( 9175): 	at java.lang.reflect.Method.invoke(Native Method)
08-03 17:31:08.685 W/System.err( 9175): 	at com.huawei.systemmanager.util.content.HsmIntentService$Work.reflectTargetReceiver(HsmIntentService.java:232)
08-03 17:31:08.685 W/System.err( 9175): 	at com.huawei.systemmanager.util.content.HsmIntentService$Work.doBackgroud(HsmIntentService.java:213)
08-03 17:31:08.685 W/System.err( 9175): 	at com.huawei.systemmanager.util.content.HsmIntentService$Work.run(HsmIntentService.java:193)
08-03 17:31:08.685 W/System.err( 9175): 	at java.util.concurrent.ThreadPoolExecutor.runWorker(ThreadPoolExecutor.java:1113)
08-03 17:31:08.685 W/System.err( 9175): 	at java.util.concurrent.ThreadPoolExecutor$Worker.run(ThreadPoolExecutor.java:588)
08-03 17:31:08.685 W/System.err( 9175): 	at java.lang.Thread.run(Thread.java:833)
08-03 17:31:08.688 I/HwCust  ( 9175): Constructor found for class android.app.HwCustHwWallpaperManagerImpl
08-03 17:31:08.698 I/ash     ( 5074): apps cleanList state changed
08-03 17:31:08.702 I/HwSystemManager( 4425): ProtectAppService:send unprotect list broadcast to FWK, isSleepingSave: false, size: 44
08-03 17:31:08.702 I/HwSystemManager( 4425): , unprotect list:[com.Qunar, com.autonavi.minimap, com.UCMobile, com.surfing.kefu, com.dianping.v1, com.qiyi.video, com.iyd.reader.ReadingJoy, com.huawei.hidisk, com.huawei.android.thememanager, com.autonavi.xmgd.navigator, com.ctc.itv.yueme, com.android.calculator2, com.nuance.swype.emui, com.myzaker.ZAKER_Phone, com.netease.newsreader.activity, com.erdo.android.FJDXCartoon, com.inveno.hwread, com.baidu.searchbox, com.iqiyi.share, com.sohu.newsclient, com.lifevibes.grouprecorder, cn.egame.terminal.client4g, io.appium.settings, io.appium.unlock, com.dd.mycar, io.appium.android.ime, com.example.greentea, com.cubic.autohome, com.huawei.vdrive, com.huawei.compass, com.wandoujia.phoenix2, com.xh.caifupeixun, im.yixin, com.eg.android.AlipayGphone, com.shangrong.jieme, com.shuame.sprite, com.example.android.architecture.blueprints.todomvp.mock, com.xihe.moblie.credit, com.huawei.gamebox, com.vmall.client, com.tencent.android.qqdownloader, com.tencent.tmgp.sgame, com.xinhe.sendargs, com.kingroot.kinguser]
08-03 17:31:08.702 I/SendBroadcastPermission( 4425): action:huawei.intent.action.HW_STOPPED_PACKAGE_ACTION, mPermissionType:0
08-03 17:31:08.706 W/HwSystemManager( 4425): NotificationDBProvider:queryNotificationList: nType = 1
08-03 17:31:08.710 I/ash     ( 5074): apps protected state changed by system manager.
08-03 17:31:08.712 I/ash     ( 5074): apps protected state changed by system manager.
08-03 17:31:08.713 I/HwSystemManager( 4425): HsmPackageManager:get all installed packages, flag:0, size:159
08-03 17:31:08.717 I/HwSystemManager( 9175): HsmPackageManager:get all installed packages, flag:0, size:159
08-03 17:31:08.717 E/HwSystemManager( 9175): PermissionDBAdapter:appcationsList size:159
08-03 17:31:08.766 I/HwSystemManager( 9175): PermissionDbVisitor:removeHistoryRecord,pkgName:com.cgs.fund, delete count:0
08-03 17:31:08.769 I/HwSystemManager( 9175): HsmPackageManager:get all installed packages, flag:0, size:159
08-03 17:31:08.769 E/HwSystemManager( 9175): PermissionDBAdapter:appcationsList size:159
08-03 17:31:08.770 E/Dialog  ( 9175): show mWindowManager.addView RuntimeException
08-03 17:31:08.791 I/iptables( 2999): iptables: No chain/target/match by that name.
08-03 17:31:08.791 I/iptables( 2999): iptables terminated by exit(1)
08-03 17:31:08.791 E/BandwidthController( 2999): runIptablesCmd(): res=1 status=256 failed /system/bin/iptables -w -D mobile_reject_list -m owner --uid-owner 10288 --jump REJECT
08-03 17:31:08.792 E/Dialog  ( 9175): show mWindowManager.addView RuntimeException
08-03 17:31:08.804 I/HwSystemManager( 9175): NetAppDBManager:deleteInstalledAppFromDB pkgName = com.cgs.fund deleted
08-03 17:31:08.804 I/ip6tables( 2999): ip6tables: No chain/target/match by that name.
08-03 17:31:08.804 I/ip6tables( 2999): ip6tables terminated by exit(1)
08-03 17:31:08.805 E/BandwidthController( 2999): runIptablesCmd(): res=1 status=256 failed /system/bin/ip6tables -w -D mobile_reject_list -m owner --uid-owner 10288 --jump REJECT
08-03 17:31:08.810 I/HwSystemManager( 9175): NoTrafficAppDbInfo:clearOnPkgRemoved ,packageName:  com.cgs.fundis removed
08-03 17:31:08.812 I/HwSystemManager( 4425): NatTrafficNotifyService:MSG_NO_TRAFFIC_DB
08-03 17:31:08.816 I/iptables( 2999): iptables: No chain/target/match by that name.
08-03 17:31:08.817 I/iptables( 2999): iptables terminated by exit(1)
08-03 17:31:08.817 E/BandwidthController( 2999): runIptablesCmd(): res=1 status=256 failed /system/bin/iptables -w -D mobile_reject_list -m owner --uid-owner 10288 --jump REJECT
08-03 17:31:08.819 I/HwSystemManager( 4425): NoTrafficAppDbInfo:initDbData
08-03 17:31:08.820 W/HwSystemManager( 4425): IDataBaseHelper:/query :  operate DB faild ! the bind value at index 1 is null
08-03 17:31:08.820 I/HwSystemManager( 4425): NoTrafficAppDbInfo:checkUidPkg , result is empty
08-03 17:31:08.820 I/HwSystemManager( 4425): NoTrafficAppDbInfo:checkUidPkg , for the key is empty
08-03 17:31:08.821 W/HwSystemManager( 4425): IDataBaseHelper:/query :  operate DB faild ! the bind value at index 1 is null
08-03 17:31:08.821 I/HwSystemManager( 4425): NoTrafficAppDbInfo:initListFromDb , result is empty
08-03 17:31:08.821 I/HwSystemManager( 4425): NoTrafficAppDbInfo:initListFromDb , for the key is empty
08-03 17:31:08.828 I/ip6tables( 2999): ip6tables: No chain/target/match by that name.
08-03 17:31:08.828 I/ip6tables( 2999): ip6tables terminated by exit(1)
08-03 17:31:08.828 E/BandwidthController( 2999): runIptablesCmd(): res=1 status=256 failed /system/bin/ip6tables -w -D mobile_reject_list -m owner --uid-owner 10288 --jump REJECT
08-03 17:31:08.829 I/SendBroadcastPermission( 9175): action:PACKAGE_ADDED_OR_REMOVED, mPermissionType:0
08-03 17:31:08.829 W/System.err( 3560): com.android.server.NativeDaemonConnector$NativeDaemonArgumentException: command '2818 bandwidth firewall allow mobile 10288 1' failed with '500 2818 Usage: bandwidth firewall allow <interface>  <appUid>'
08-03 17:31:08.830 W/System.err( 3560): 	at com.android.server.NativeDaemonConnector.executeForList(NativeDaemonConnector.java:509)
08-03 17:31:08.830 W/System.err( 3560): 	at com.android.server.NativeDaemonConnector.execute(NativeDaemonConnector.java:367)
08-03 17:31:08.830 W/System.err( 3560): 	at com.android.server.NativeDaemonConnector.execute(NativeDaemonConnector.java:362)
08-03 17:31:08.830 W/System.err( 3560): 	at com.android.server.HwNetworkManagementService.executeHsmCommand(HwNetworkManagementService.java:227)
08-03 17:31:08.830 W/System.err( 3560): 	at com.android.server.HwNetworkManagementService.onTransact(HwNetworkManagementService.java:146)
08-03 17:31:08.830 W/System.err( 3560): 	at android.os.Binder.execTransact(Binder.java:453)
08-03 17:31:08.830 I/HwSystemManager( 9175): NativeDaemonConnectManager:send cmd = bandwidth success = false
08-03 17:31:08.840 I/karaokeeffect.IntentReceiver( 9263): Intent received, action=android.intent.action.PACKAGE_REMOVED
08-03 17:31:08.841 I/karaokeeffect.DataPortal( 9263): checkAndRemoveApp, packageName=com.cgs.fund
08-03 17:31:08.856 I/PushLogAC2617( 8374): [main-1]action is android.intent.action.PACKAGE_REMOVED(pushagent/null:-1)
08-03 17:31:08.861 I/PushLogAC2617( 8374): [Thread-3619-3619]framework push exist, use framework push first(pushagent/null:-1)
08-03 17:31:08.861 I/iptables( 2999): iptables: No chain/target/match by that name.
08-03 17:31:08.861 I/iptables( 2999): iptables terminated by exit(1)
08-03 17:31:08.861 E/BandwidthController( 2999): runIptablesCmd(): res=1 status=256 failed /system/bin/iptables -w -D wifi_reject_list -m owner --uid-owner 10288 --jump REJECT
08-03 17:31:08.872 I/HwSystemManager( 9175): SpaceCleanReceiver:receive intent:android.intent.action.PACKAGE_REMOVED
08-03 17:31:08.875 I/ip6tables( 2999): ip6tables: No chain/target/match by that name.
08-03 17:31:08.875 I/ip6tables( 2999): ip6tables terminated by exit(1)
08-03 17:31:08.875 E/BandwidthController( 2999): runIptablesCmd(): res=1 status=256 failed /system/bin/ip6tables -w -D wifi_reject_list -m owner --uid-owner 10288 --jump REJECT
08-03 17:31:08.877 I/TrafficMonitor( 3560): update:rxPkts:5,txPkts:0,rxBytes:390,txBytes:0
08-03 17:31:08.877 I/TrafficMonitor( 3560): start expired. level:-1
08-03 17:31:08.877 I/TrafficMonitor( 3560): gettimer:interval=2000
08-03 17:31:08.884 W/HwSystemManager( 9175): HsmIntentService:still has some task running, don't stop service.
08-03 17:31:08.889 I/iptables( 2999): iptables: No chain/target/match by that name.
08-03 17:31:08.889 I/iptables( 2999): iptables terminated by exit(1)
08-03 17:31:08.889 E/BandwidthController( 2999): runIptablesCmd(): res=1 status=256 failed /system/bin/iptables -w -D wifi_reject_list -m owner --uid-owner 10288 --jump REJECT
08-03 17:31:08.896 E/HwSystemManager( 4425): AppCleanUpService:msg is 1
08-03 17:31:08.900 I/HwSystemManager( 9175): SpaceCleanReceiver:package removed: com.cgs.fund
08-03 17:31:08.902 I/art     ( 3560): Starting a blocking GC Explicit
08-03 17:31:08.907 I/ip6tables( 2999): ip6tables: No chain/target/match by that name.
08-03 17:31:08.907 I/ip6tables( 2999): ip6tables terminated by exit(1)
08-03 17:31:08.908 E/BandwidthController( 2999): runIptablesCmd(): res=1 status=256 failed /system/bin/ip6tables -w -D wifi_reject_list -m owner --uid-owner 10288 --jump REJECT
08-03 17:31:08.915 W/System.err( 3560): com.android.server.NativeDaemonConnector$NativeDaemonArgumentException: command '2819 bandwidth firewall allow wifi 10288 2' failed with '500 2819 Usage: bandwidth firewall allow <interface>  <appUid>'
08-03 17:31:08.915 W/System.err( 3560): 	at com.android.server.NativeDaemonConnector.executeForList(NativeDaemonConnector.java:509)
08-03 17:31:08.915 W/System.err( 3560): 	at com.android.server.NativeDaemonConnector.execute(NativeDaemonConnector.java:367)
08-03 17:31:08.916 W/System.err( 3560): 	at com.android.server.NativeDaemonConnector.execute(NativeDaemonConnector.java:362)
08-03 17:31:08.916 W/System.err( 3560): 	at com.android.server.HwNetworkManagementService.executeHsmCommand(HwNetworkManagementService.java:227)
08-03 17:31:08.916 W/System.err( 3560): 	at com.android.server.HwNetworkManagementService.onTransact(HwNetworkManagementService.java:146)
08-03 17:31:08.916 W/System.err( 3560): 	at android.os.Binder.execTransact(Binder.java:453)
08-03 17:31:08.917 I/HwSystemManager( 9175): NativeDaemonConnectManager:send cmd = bandwidth success = false
08-03 17:31:08.917 I/ash     ( 5074): start refresh apps
08-03 17:31:08.920 I/ash     ( 5074): protect frz apps: [com.baidu.input_huawei, com.android.exchange, com.eg.android.AlipayGphone, com.baidu.map.location, com.huawei.screenrecorder, com.huawei.appmarket, com.huawei.bd, com.tencent.mobileqq, com.android.email, com.huawei.geofence, com.android.backupconfirm, com.android.location.fused, com.tencent.mm, com.android.dreams.basic, com.huawei.phonediagnose, im.yixin, com.google.android.webview, com.huawei.android.hwaps]
