08-03 17:30:28.241 I/HwSystemManager( 9175): InstallPermissionHelper:getPermissionBaseInfo: No recommend permission for pkg com.cgs.fund
08-03 17:30:28.256 I/HwSystemManager( 9175): HsmPackageManager:get all installed packages, flag:0, size:160
08-03 17:30:28.257 E/HwSystemManager( 9175): PermissionDBAdapter:appcationsList size:160
08-03 17:30:28.312 I/HwSystemManager( 9175): CommonFunctionUtil:pkgName sync config to M Permission group; contentValues:permissionCfg=0 uid=10288 packageName=com.cgs.fund trust=0 permissionCode=0
08-03 17:30:28.339 I/HwSystemManager( 9175): AppPermissionGroup:user have never set this APP's permission, don't touch it.
08-03 17:30:28.341 I/HwSystemManager( 9175): HsmPackageManager:get all installed packages, flag:0, size:160
08-03 17:30:28.341 E/HwSystemManager( 9175): PermissionDBAdapter:appcationsList size:160
08-03 17:30:28.383 I/SendBroadcastPermission( 9175): action:PACKAGE_ADDED_OR_REMOVED, mPermissionType:0
08-03 17:30:28.440 I/PgedBinderListener( 5074): kstate callback type:8 value1=8668 value2=KILLED
08-03 17:30:28.551 E/HsmCoreServiceImpl( 3560): onTransact in code is: 102
08-03 17:30:28.552 I/MediaProcessHandler( 3560): processOp opType: 1, uid: 10031, pid: 8668
08-03 17:30:28.552 W/MediaProcessHandler( 3560): remove target not exist, maybe the UI process: uid: 10031, pid: 8668
08-03 17:30:28.808 I/TrafficMonitor( 3560): expired arrive. level:-1
08-03 17:30:28.808 I/TrafficMonitor( 3560): during_ms:5002,period_ms:2000
08-03 17:30:28.808 I/TrafficMonitor( 3560): count:775,rx_sum:9,tx_sum:0,rxBytes:998,during_ms:5002,rx_speed:199.52019192323073,tx_speed:0.0,rto:0.0
08-03 17:30:28.811 I/TrafficMonitor( 3560): update:rxPkts:43,txPkts:35,rxBytes:13104,txBytes:4663
08-03 17:30:28.811 I/TrafficMonitor( 3560): start expired. level:-1
08-03 17:30:28.812 I/TrafficMonitor( 3560): gettimer:interval=2000
08-03 17:30:28.973 I/NetworkSpeedManagerEx( 4010): mIsStop = false
08-03 17:30:28.977 I/NetworkSpeedManagerEx( 4010):  value = 5288.6665
08-03 17:30:28.980 I/NetworkSpeedManagerEx( 4010): speed = 5.2K/s
08-03 17:30:28.980 I/NetworkSpeedView( 4010): /update(), speed=5.2K/s
08-03 17:30:28.998 W/View    ( 4010): requestLayout() improperly called by com.android.systemui.statusbar.phone.IconMerger{9226af6 V.E...... ......I. 0,0-162,72 #7f1000c3 app:id/notificationIcons} during layout: running second layout pass
08-03 17:30:29.306 I/HwSystemManager( 9175): HsmStat_info:service connect
08-03 17:30:29.465 W/View    ( 4010): requestLayout() improperly called by com.android.systemui.statusbar.phone.IconMerger{9226af6 V.E...... ........ 0,0-162,72 #7f1000c3 app:id/notificationIcons} during second layout pass: posting in next frame
08-03 17:30:29.879 I/PgedBinderListener( 5074): kstate callback type:8 value1=8689 value2=KILLED
08-03 17:30:29.949 E/HsmCoreServiceImpl( 3560): onTransact in code is: 102
08-03 17:30:29.949 I/MediaProcessHandler( 3560): processOp opType: 1, uid: 10003, pid: 8689
08-03 17:30:29.949 W/MediaProcessHandler( 3560): remove target not exist, maybe the UI process: uid: 10003, pid: 8689
08-03 17:30:29.990 E/WifiConfigStore( 3560): updateConfiguration freq=2437 BSSID=74:1f:4a:cd:8f:b7 RSSI=-58 "RJYFZX-Wifi-02"WPA_PSK
08-03 17:30:30.298 E/Thermal-daemon( 3016): [ap] temp_new :34  temp_old :33
08-03 17:30:30.299 E/Thermal-daemon( 3016): Report temperature: [ap] temp :34  report_threshold:1
08-03 17:30:30.302 W/ThermalStateManager( 5074): trigLevel = -1, mSimTrigLevel = -1, tempPolicy = 0
08-03 17:30:30.302 I/ThermalStateManager( 5074): sensor name: cpu temperature: 34 , thermal action: bcurrent policy:990
08-03 17:30:30.405 W/SwitchManager( 5074): NoSuchMethod: IPowerManager setChargeHotLimit [int,int]
08-03 17:30:30.405 I/powergenie_jni( 5074): set charge limit 2: 990
08-03 17:30:30.813 I/TrafficMonitor( 3560): update:rxPkts:5,txPkts:0,rxBytes:390,txBytes:0
08-03 17:30:30.813 I/TrafficMonitor( 3560): start expired. level:-1
08-03 17:30:30.814 I/TrafficMonitor( 3560): gettimer:interval=2000
08-03 17:30:31.688 I/memcheck(28192): needTrimMemory: trimFrom = 0, avail = 1364544, vmSize = 1483032, vssLimit = 4192340, totalPss = 161252, pssLimit = 2858020, agressiveGrowthLimit = 1143208, gentleGrowthLimit = 2000614, availablePmThreshold = 221184, availableVmThreshold = 153600
08-03 17:30:31.985 I/NetworkSpeedManagerEx( 4010): mIsStop = false
08-03 17:30:31.988 I/NetworkSpeedManagerEx( 4010):  value = 184.66667
08-03 17:30:31.990 I/NetworkSpeedManagerEx( 4010): speed = 185B/s
08-03 17:30:31.990 I/NetworkSpeedView( 4010): /update(), speed=185B/s
08-03 17:30:31.995 W/View    ( 4010): requestLayout() improperly called by com.android.systemui.statusbar.phone.IconMerger{9226af6 V.E...... ......I. 0,0-162,72 #7f1000c3 app:id/notificationIcons} during layout: running second layout pass
08-03 17:30:32.170 E/WifiConfigStore( 3560): updateConfiguration freq=2437 BSSID=74:1f:4a:cd:8f:b7 RSSI=-59 "RJYFZX-Wifi-02"WPA_PSK
08-03 17:30:32.173 I/HuaweiWifiWatchdogStateMachine( 3560): spd good count:0, add sc:0.0, rate:1.0
08-03 17:30:32.174 I/HuaweiWifiWatchdogStateMachine( 3560): current mHighDataFlowRate = 1.0
08-03 17:30:32.174 I/HuaweiWifiWatchdogStateMachine( 3560): POta txb txg rxg:1, 28, 0. Lr =3.45% Totpkt=29
08-03 17:30:32.174 I/WifiProJNI( 3560): ######### CMD_QUERY_PKTS ########
08-03 17:30:32.175 I/QosMonitor( 3560): postEventFromNative: msg=100,arg1=0,arg2=9
08-03 17:30:32.175 W/WifiProJNI( 3560): poll before: g_monitor_fd =165
08-03 17:30:32.175 I/MQoS    ( 3560): rtt=180,tcp_tx_pkts=115414,tcp_rx_pkts=88796
08-03 17:30:32.176 I/MQoS    ( 3560): QOS_level:0(0),wifi-link;SIM error;use level-0
08-03 17:30:32.177 I/HuaweiWifiWatchdogStateMachine( 3560): PTcp RTT:180, rtt pkt=11, tcp_rx=22, tcp_tx=26, tcp_reTran=0, rtRate=0
08-03 17:30:32.177 I/HuaweiWifiWatchdogStateMachine( 3560): rs ota tcp lr rttvb bad: false, false, false, false, false; rsth:-75
08-03 17:30:32.177 I/HuaweiWifiWatchdogStateMachine( 3560):  pkt chk not bad, reset sc to 0.
08-03 17:30:32.470 W/View    ( 4010): requestLayout() improperly called by com.android.systemui.statusbar.phone.IconMerger{9226af6 V.E...... ........ 0,0-162,72 #7f1000c3 app:id/notificationIcons} during second layout pass: posting in next frame
08-03 17:30:32.737 I/ash     ( 5074): start clean protect apps
08-03 17:30:32.752 I/ash     ( 5074): clean protect apps :[com.huawei.hwvplayer.youku, com.screeclibinvoke, com.sina.weibo, com.huawei.KoBackup, com.tencent.mtt, com.huawei.phonediagnose, cn.wps.moffice_eng, com.tencent.mobileqq, com.huawei.hwireader, org.mopria.printplugin, com.taobao.taobao, com.huawei.android.hwouc, com.tencent.mm]
08-03 17:30:32.816 I/TrafficMonitor( 3560): update:rxPkts:6,txPkts:1,rxBytes:621,txBytes:96
08-03 17:30:32.817 I/TrafficMonitor( 3560): start expired. level:-1
08-03 17:30:32.817 I/TrafficMonitor( 3560): gettimer:interval=2000
08-03 17:30:33.004 E/WifiConfigStore( 3560): updateConfiguration freq=2437 BSSID=74:1f:4a:cd:8f:b7 RSSI=-60 "RJYFZX-Wifi-02"WPA_PSK
08-03 17:30:33.377 W/HwLauncher( 5178): getDownloadInfo return null!
08-03 17:30:33.751 I/MQoS    ( 3560): onSignal: mSubId=0,currDataSubID=0
08-03 17:30:33.752 I/MQoS    ( 3560): received cell-signal:5
08-03 17:30:33.753 I/SendBroadcastPermission( 3560): action:android.intent.action.SIG_STR, mPermissionType:0
08-03 17:30:33.811 I/TrafficMonitor( 3560): expired arrive. level:-1
08-03 17:30:33.812 I/TrafficMonitor( 3560): during_ms:2003,period_ms:2000
08-03 17:30:33.812 I/TrafficMonitor( 3560): count:778,rx_sum:6,tx_sum:1,rxBytes:621,during_ms:2003,rx_speed:310.03494757863206,tx_speed:47.92810783824263,rto:6.0
08-03 17:30:34.059 I/SendBroadcastPermission( 6882): action:com.tencent.mm.plugin.report.service.KVCommCrossProcessReceiver, mPermissionType:0
08-03 17:30:34.821 I/TrafficMonitor( 3560): update:rxPkts:5,txPkts:0,rxBytes:571,txBytes:0
08-03 17:30:34.821 I/TrafficMonitor( 3560): start expired. level:-1
08-03 17:30:34.821 I/TrafficMonitor( 3560): gettimer:interval=2000
08-03 17:30:34.991 I/NetworkSpeedManagerEx( 4010): mIsStop = false
08-03 17:30:34.993 I/NetworkSpeedManagerEx( 4010):  value = 374.66666
08-03 17:30:34.993 I/NetworkSpeedManagerEx( 4010): speed = 375B/s
08-03 17:30:34.994 I/NetworkSpeedView( 4010): /update(), speed=375B/s
08-03 17:30:36.025 E/WifiConfigStore( 3560): updateConfiguration freq=2437 BSSID=74:1f:4a:cd:8f:b7 RSSI=-59 "RJYFZX-Wifi-02"WPA_PSK
08-03 17:30:36.394 I/PGUtils ( 5074): im apps = [com.tencent.mm, com.tencent.mtt, com.tencent.mobileqq, com.alibaba.mobileim, com.taobao.qianniu, com.jd.im.seller, jd.dd.seller, com.facebook.orca, com.immomo.momo, com.eg.android.AlipayGphone, com.tencent.mm, com.tencent.mobileqq]
08-03 17:30:36.449 I/ash     ( 5074): AppStaticDB change !
08-03 17:30:36.818 I/memcheck(28192): needTrimMemory: trimFrom = 0, avail = 1369968, vmSize = 1483112, vssLimit = 4192340, totalPss = 161500, pssLimit = 2858020, agressiveGrowthLimit = 1143208, gentleGrowthLimit = 2000614, availablePmThreshold = 221184, availableVmThreshold = 153600
08-03 17:30:36.823 I/TrafficMonitor( 3560): update:rxPkts:4,txPkts:0,rxBytes:312,txBytes:0
08-03 17:30:36.823 I/TrafficMonitor( 3560): start expired. level:-1
08-03 17:30:36.823 I/TrafficMonitor( 3560): gettimer:interval=2000
08-03 17:30:37.996 I/NetworkSpeedManagerEx( 4010): mIsStop = false
08-03 17:30:38.001 I/NetworkSpeedManagerEx( 4010):  value = 130.0
08-03 17:30:38.003 I/NetworkSpeedManagerEx( 4010): speed = 130B/s
08-03 17:30:38.003 I/NetworkSpeedView( 4010): /update(), speed=130B/s
08-03 17:30:38.827 I/TrafficMonitor( 3560): update:rxPkts:3,txPkts:0,rxBytes:234,txBytes:0
08-03 17:30:38.827 I/TrafficMonitor( 3560): start expired. level:-1
08-03 17:30:38.827 I/TrafficMonitor( 3560): gettimer:interval=2000
08-03 17:30:39.053 E/WifiConfigStore( 3560): updateConfiguration freq=2437 BSSID=74:1f:4a:cd:8f:b7 RSSI=-59 "RJYFZX-Wifi-02"WPA_PSK
