08-03 17:27:15.155 E/teecd   ( 2992): access file(/sec_storage/3468E30240D528B223AEF3C45359C4E50E8E711328AD59A250325A1ADDD379C5) mode(0) failed: No such file or directory
08-03 17:27:15.164 E/libteec ( 3560): [error] TEEC_InvokeCommand: invoke cmd failed, code=0xffff5002, origin=4
08-03 17:27:15.164 E/huawei_antiTheft( 3560): invoke command 20002 failed, code=0xffff5002, origin=0x4 , type=0x1 in huawei_antiTheft_getFileSize
08-03 17:27:15.164 E/HwAntiTheftService_jni( 3560): native_read getFileSize fail
08-03 17:27:15.195 E/9.1.0.300-hisync.STUtils( 8414): decrypterCbc Exceptionjava.lang.IllegalArgumentException: input.length=0; inputOffset=16; inputLen=-16
08-03 17:27:15.196 E/9.1.0.300-hisync.STUtils( 8414): decrypterCbc Exceptionjava.lang.IllegalArgumentException: input.length=0; inputOffset=16; inputLen=-16
08-03 17:27:15.197 E/9.1.0.300-hisync.STUtils( 8414): decrypterCbc Exceptionjava.lang.IllegalArgumentException: input.length=0; inputOffset=16; inputLen=-16
08-03 17:27:15.198 E/9.1.0.300-hisync.STUtils( 8414): decrypterCbc Exceptionjava.lang.IllegalArgumentException: input.length=0; inputOffset=16; inputLen=-16
08-03 17:27:15.198 E/9.1.0.300-hisync.STUtils( 8414): decrypterCbc Exceptionjava.lang.IllegalArgumentException: input.length=0; inputOffset=16; inputLen=-16
08-03 17:27:15.203 I/PushLogSC2609( 8414): [main-1]action is android.intent.action.PACKAGE_REMOVED(remotecontrol/null:-1)
08-03 17:27:15.213 I/PushLogSC2609( 8414): [Thread-3628-3628]framework push exist, use framework push first(remotecontrol/null:-1)
08-03 17:27:15.216 W/SwitchManager( 5074): NoSuchMethod: IPowerManager setChargeHotLimit [int,int]
08-03 17:27:15.216 I/powergenie_jni( 5074): set charge limit 2: 990
08-03 17:27:15.219 W/SwitchManager( 5074): NoSuchMethod: IPowerManager setChargeHotLimit [int,int]
08-03 17:27:15.219 I/powergenie_jni( 5074): set charge limit 2: 990
08-03 17:27:15.227 I/PgedBinderListener( 5074): kstate callback type:8 value1=7969 value2=KILLED
08-03 17:27:15.262 I/[Gralloc]( 2991): alloc w[16] h[16] format[1] usage[256]
08-03 17:27:15.262 I/[Gralloc]( 2991): alloc succ handle[0x558cabcff0] stride[32]
08-03 17:27:15.264 E/linker  ( 8440): readlink('/proc/self/fd/21') failed: Permission denied [fd=21]
08-03 17:27:15.264 E/linker  ( 8440): warning: unable to get realpath for the library "/system/lib64/hw/gralloc.hi3635.so". Will use given name.
08-03 17:27:15.265 E/linker  ( 8440): readlink('/proc/self/fd/21') failed: Permission denied [fd=21]
08-03 17:27:15.265 E/linker  ( 8440): warning: unable to get realpath for the library "libion.so". Will use given name.
08-03 17:27:15.267 E/HAL     ( 8440): load: id=gralloc != hmi->id=gralloc
08-03 17:27:15.305 I/PushLogSC2705( 8440): [main-1]action is android.intent.action.PACKAGE_REMOVED(appmarket/null:-1)
08-03 17:27:15.308 E/HsmCoreServiceImpl( 3560): onTransact in code is: 102
08-03 17:27:15.308 I/MediaProcessHandler( 3560): processOp opType: 1, uid: 10031, pid: 7969
08-03 17:27:15.308 W/MediaProcessHandler( 3560): remove target not exist, maybe the UI process: uid: 10031, pid: 7969
08-03 17:27:15.317 I/PushLogSC2705( 8440): [Thread-3647-3647]framework push exist, use framework push first(appmarket/null:-1)
08-03 17:27:15.335 I/PgedBinderListener( 5074): kstate callback type:8 value1=7994 value2=KILLED
08-03 17:27:15.367 I/[Gralloc]( 2991): alloc w[16] h[16] format[1] usage[256]
08-03 17:27:15.367 I/[Gralloc]( 2991): alloc succ handle[0x558cabcff0] stride[32]
08-03 17:27:15.369 E/linker  ( 8484): readlink('/proc/self/fd/21') failed: Permission denied [fd=21]
08-03 17:27:15.369 E/linker  ( 8484): warning: unable to get realpath for the library "/system/lib/hw/gralloc.hi3635.so". Will use given name.
08-03 17:27:15.370 E/linker  ( 8484): readlink('/proc/self/fd/21') failed: Permission denied [fd=21]
08-03 17:27:15.370 E/linker  ( 8484): warning: unable to get realpath for the library "libion.so". Will use given name.
08-03 17:27:15.371 E/HAL     ( 8484): load: id=gralloc != hmi->id=gralloc
08-03 17:27:15.388 E/HsmCoreServiceImpl( 3560): onTransact in code is: 102
08-03 17:27:15.388 I/MediaProcessHandler( 3560): processOp opType: 1, uid: 10003, pid: 7994
08-03 17:27:15.388 W/MediaProcessHandler( 3560): remove target not exist, maybe the UI process: uid: 10003, pid: 7994
08-03 17:27:15.413 I/FileLogNode( 8484): HMS file is: /storage/emulated/0/Android/data/com.huawei.hwid/files/Log/HMSCore.log
08-03 17:27:15.427 E/FileLogNode( 8484): Failed to initialize the file logger.
08-03 17:27:15.428 E/HwID_MainEntry( 8484): log has not init finished
08-03 17:27:15.429 I/hwsns   ( 8484): init sns hms.
08-03 17:27:15.433 I/hwsns   ( 8484): It's not a hwid process, ignore.
08-03 17:27:15.436 E/CommonUtils( 8484): getBoolean [class java.lang.String, class java.lang.String]
08-03 17:27:15.436 E/AppLogApi/CrashHandler( 8484): CrashHandler init
08-03 17:27:15.438 I/AppLogManager( 8484): AppLogManager onCreate
08-03 17:27:15.438 I/AppLogManager( 8484): worker start
08-03 17:27:15.439 E/CommonUtils( 8484): log has not init finished
08-03 17:27:15.440 I/HwID_APK_log[2.5.0.302]:HwIDApplicationContext( 8484): HwIDApplication oncreate
08-03 17:27:15.441 E/FileLogNode( 8484): Failed to initialize the file logger.
08-03 17:27:15.442 I/HwID_APK_log[2.5.0.302]:VersionUpdateHelper( 8484): Enter update
08-03 17:27:15.445 E/HwID_APK_log[2.5.0.302]:VersionUpdateHelper( 8484): old version is 1, current version is 1
08-03 17:27:15.446 I/HwID_APK_log[2.5.0.302]:FileUtil( 8484): Enter setProperties
08-03 17:27:15.446 I/PushLogSC2830_hwid( 8484): [main-1]action is android.intent.action.PACKAGE_REMOVED(hwid/null:-1)
08-03 17:27:15.449 I/HwID_APK_log[2.5.0.302]:FileUtil( 8484): Out setProperties
08-03 17:27:15.449 I/HwID_APK_log[2.5.0.302]:VersionUpdateHelper( 8484): Out update
08-03 17:27:15.449 I/HwID_APK_log[2.5.0.302]:HwIDApplicationContext( 8484): Enter readInfo2Cache
08-03 17:27:15.451 I/AccountManagerService( 3560): getTypesVisibleToCaller: isPermitted? true
08-03 17:27:15.453 I/AccountManagerService( 3560): getTypesVisibleToCaller: isPermitted? true
08-03 17:27:15.455 I/PushLogSC2830_hwid( 8484): [Thread-2524-2524]votedPackage from file:android(hwid/null:-1)
08-03 17:27:15.458 W/CfgFilePolicy( 8484): No config file found for:jars/hwpush.jar
08-03 17:27:15.459 I/PushLogSC2830_hwid( 8484): [Thread-2524-2524]framework push exist, use framework push first(hwid/null:-1)
08-03 17:27:15.462 E/HwID_APK_log[2.5.0.302]:AES128_CBC( 8484): length=32; regionStart=32; regionLength=16
08-03 17:27:15.462 E/HwID_APK_log[2.5.0.302]:AES128_CBC( 8484): length=32; index=48
08-03 17:27:15.463 I/HwID_APK_log[2.5.0.302]:AES128_CBC( 8484): ivParameter or encrypedWord is null
08-03 17:27:15.468 I/PushLogSC2830_hwid( 8484): [Thread-2524-2524]not box version!(hwid/null:-1)
08-03 17:27:15.473 I/PgedBinderListener( 5074): kstate callback type:8 value1=8011 value2=KILLED
08-03 17:27:15.478 I/HwID_APK_log[2.5.0.302]:HwIDMemCache( 8484): initHwAccount
08-03 17:27:15.483 I/AccountManagerService( 3560): getTypesVisibleToCaller: isPermitted? true
08-03 17:27:15.484 I/AccountManagerService( 3560): getTypesVisibleToCaller: isPermitted? true
08-03 17:27:15.485 E/HwID_APK_log[2.5.0.302]:AES128_CBC( 8484): length=32; regionStart=32; regionLength=16
08-03 17:27:15.486 E/HwID_APK_log[2.5.0.302]:AES128_CBC( 8484): length=32; index=48
08-03 17:27:15.486 I/HwID_APK_log[2.5.0.302]:AES128_CBC( 8484): ivParameter or encrypedWord is null
08-03 17:27:15.488 I/HwID_APK_log[2.5.0.302]:HwIDMemCache( 8484): readUserInfoFromFile
08-03 17:27:15.489 I/HwID_APK_log[2.5.0.302]:a( 8484): UserInfoDS:readUserInfoFromFile
08-03 17:27:15.490 E/HwID_APK_log[2.5.0.302]:a( 8484): IOException in ReadUserInfo
08-03 17:27:15.490 I/HwID_APK_log[2.5.0.302]:HwIDApplicationContext( 8484): Out readInfo2Cache
08-03 17:27:15.504 I/[Gralloc]( 2991): alloc w[16] h[16] format[1] usage[256]
08-03 17:27:15.505 I/[Gralloc]( 2991): alloc succ handle[0x558cabcff0] stride[32]
08-03 17:27:15.506 E/linker  ( 8524): readlink('/proc/self/fd/21') failed: Permission denied [fd=21]
08-03 17:27:15.506 E/linker  ( 8524): warning: unable to get realpath for the library "/system/lib/hw/gralloc.hi3635.so". Will use given name.
08-03 17:27:15.507 E/linker  ( 8524): readlink('/proc/self/fd/21') failed: Permission denied [fd=21]
08-03 17:27:15.507 E/linker  ( 8524): warning: unable to get realpath for the library "libion.so". Will use given name.
08-03 17:27:15.509 E/HAL     ( 8524): load: id=gralloc != hmi->id=gralloc
08-03 17:27:15.558 E/HsmCoreServiceImpl( 3560): onTransact in code is: 102
08-03 17:27:15.559 W/MediaProcessHandler( 3560): processOp uid 2000 is not concerned!
08-03 17:27:15.593 E/DexLoadOat( 8524): Success
08-03 17:27:15.649 I/AutoMonitor( 7024): onActivityCreatecom.tencent.mobileqq.qipc.QIPCServiceEx@99d9e45
08-03 17:27:15.649 I/AutoMonitor( 7024): onActivityCreate201, 2
08-03 17:27:15.657 I/System  ( 8524): core_booster, getBoosterConfig = false
08-03 17:27:15.708 W/ResourceType( 8524): For resource 0x7f0c047a, entry index(1146) is beyond type entryCount(1146)
08-03 17:27:15.708 W/ResourceType( 8524): Failure getting entry for 0x7f0c047a (t=11 e=1146) (error -75)
08-03 17:27:15.760 W/beacon  ( 8524): get app channel fail!
08-03 17:27:15.804 I/MQoS    ( 3560): onSignal: mSubId=0,currDataSubID=0
08-03 17:27:15.804 I/MQoS    ( 3560): received cell-signal:5
08-03 17:27:15.805 I/SendBroadcastPermission( 3560): action:android.intent.action.SIG_STR, mPermissionType:0
08-03 17:27:15.843 I/native_eup( 8524): Java_com_tencent_feedback_eup_jni_NativeExceptionUpload_registNativeExceptionHandler2 start
08-03 17:27:15.843 I/native_eup( 8524): JARJNIVERSION:1
08-03 17:27:15.843 I/native_eup( 8524): found native exception upload!
08-03 17:27:15.843 I/native_eup( 8524): found native exception handler!
08-03 17:27:15.843 I/native_eup( 8524): regist handler start procType 1 , level 23 , tombDir:/data/user/0/com.tencent.mobileqq/app_tombs
08-03 17:27:15.843 I/native_eup( 8524): registSignal start
08-03 17:27:15.843 I/native_eup( 8524): registSignal end
08-03 17:27:15.843 I/native_eup( 8524): regist handler end
08-03 17:27:15.843 I/native_eup( 8524): Java_com_tencent_feedback_eup_jni_NativeExceptionUpload_registNativeExceptionHandler end
08-03 17:27:15.843 I/native_eup( 8524): NativeRQDVersion:testbuildnum
08-03 17:27:15.843 I/native_eup( 8524): Java_com_tencent_feedback_eup_jni_NativeExceptionUpload_registNativeExceptionHandler2 start
08-03 17:27:15.843 I/native_eup( 8524): JARJNIVERSION:0
08-03 17:27:15.843 I/native_eup( 8524): found native exception upload!
08-03 17:27:15.843 I/native_eup( 8524): found native exception handler!
08-03 17:27:15.843 I/native_eup( 8524): regist handler start procType 1 , level 23 , tombDir:/data/user/0/com.tencent.mobileqq/app_tombs
08-03 17:27:15.843 I/native_eup( 8524): registSignal start
08-03 17:27:15.843 I/native_eup( 8524): registSignal end
08-03 17:27:15.843 I/native_eup( 8524): regist handler end
08-03 17:27:15.843 I/native_eup( 8524): Java_com_tencent_feedback_eup_jni_NativeExceptionUpload_registNativeExceptionHandler end
08-03 17:27:15.843 I/native_eup( 8524): NativeRQDVersion:testbuildnum
08-03 17:27:15.855 E/QQAppInterface( 8524): laResult: 15, verifyResult: 15
08-03 17:27:15.881 I/mqq     ( 8524): [AppRuntime]ToolAppRuntime (*1794) onCreate,savedInstanceState=null
08-03 17:27:15.883 I/SendBroadcastPermission( 8524): action:com.tencent.mobileqq.msf.startmsf, mPermissionType:0
08-03 17:27:15.885 I/SendBroadcastPermission( 8524): action:mqq.intent.action.LAUNCH_com.tencent.mobileqq:tool, mPermissionType:0
08-03 17:27:15.909 E/linker  ( 8524): readlink('/proc/self/fd/46') failed: Permission denied [fd=46]
08-03 17:27:15.909 E/linker  ( 8524): warning: unable to get realpath for the library "/data/user/0/com.tencent.mobileqq/lib/libGIFEngine.so". Will use given name.
08-03 17:27:15.925 I/PgedBinderListener( 5074): kstate callback type:8 value1=8027 value2=KILLED
08-03 17:27:15.939 I/HwSystemManager( 8239): HsmStat_info:service connect
08-03 17:27:15.963 I/MSF.S.AppProcessManager( 5322): onRegisterApp process=com.tencent.mobileqq:tool processBootName= appid=537049731 callback=b2c6f3d
08-03 17:27:15.975 I/MSF.S.AppProcessManager( 5322): onRegisterApp process=com.tencent.mobileqq:tool processBootName= appid=537049731 callback=1fe2332
08-03 17:27:15.978 I/[Gralloc]( 2991): alloc w[16] h[16] format[1] usage[256]
08-03 17:27:15.979 I/[Gralloc]( 2991): alloc succ handle[0x558cabcff0] stride[32]
08-03 17:27:15.980 E/linker  ( 8668): readlink('/proc/self/fd/21') failed: Permission denied [fd=21]
08-03 17:27:15.980 E/linker  ( 8668): warning: unable to get realpath for the library "/system/lib64/hw/gralloc.hi3635.so". Will use given name.
08-03 17:27:15.982 E/linker  ( 8668): readlink('/proc/self/fd/21') failed: Permission denied [fd=21]
08-03 17:27:15.982 E/linker  ( 8668): warning: unable to get realpath for the library "libion.so". Will use given name.
08-03 17:27:15.983 E/HAL     ( 8668): load: id=gralloc != hmi->id=gralloc
08-03 17:27:15.992 W/System  ( 8668): ClassLoader referenced unknown path: /system/app/DocumentsUI/lib/arm64
08-03 17:27:16.045 E/HsmCoreServiceImpl( 3560): onTransact in code is: 102
08-03 17:27:16.045 I/MediaProcessHandler( 3560): processOp opType: 1, uid: 10025, pid: 8027
08-03 17:27:16.045 W/MediaProcessHandler( 3560): remove target not exist, maybe the UI process: uid: 10025, pid: 8027
08-03 17:27:16.046 I/PgedBinderListener( 5074): kstate callback type:8 value1=8052 value2=KILLED
08-03 17:27:16.049 I/DownloadManager( 1339): enter DownloadReceiver::onReceive(action:android.intent.action.UID_REMOVED intent:Intent { act=android.intent.action.UID_REMOVED flg=0x4000010 cmp=com.android.providers.downloads/.DownloadReceiver (has extras) })
08-03 17:27:16.067 I/PgedBinderListener( 5074): kstate callback type:8 value1=8080 value2=KILLED
08-03 17:27:16.069 I/PgedBinderListener( 5074): kstate callback type:8 value1=8052 value2=KILLED
08-03 17:27:16.069 I/[Gralloc]( 2991): alloc w[16] h[16] format[1] usage[256]
08-03 17:27:16.070 I/[Gralloc]( 2991): alloc succ handle[0x558cabcff0] stride[32]
08-03 17:27:16.072 E/linker  ( 8689): readlink('/proc/self/fd/21') failed: Permission denied [fd=21]
08-03 17:27:16.072 E/linker  ( 8689): warning: unable to get realpath for the library "/system/lib64/hw/gralloc.hi3635.so". Will use given name.
08-03 17:27:16.074 E/linker  ( 8689): readlink('/proc/self/fd/21') failed: Permission denied [fd=21]
08-03 17:27:16.074 E/linker  ( 8689): warning: unable to get realpath for the library "libion.so". Will use given name.
08-03 17:27:16.075 E/HAL     ( 8689): load: id=gralloc != hmi->id=gralloc
08-03 17:27:16.082 W/System  ( 8689): ClassLoader referenced unknown path: /system/priv-app/ExternalStorageProvider/lib/arm64
08-03 17:27:16.124 E/art     ( 8524): No implementation found for int oicq.wlogin_sdk.tools.EcdhCrypt.GenECDHKeyEx(java.lang.String, java.lang.String, java.lang.String) (tried Java_oicq_wlogin_1sdk_tools_EcdhCrypt_GenECDHKeyEx and Java_oicq_wlogin_1sdk_tools_EcdhCrypt_GenECDHKeyEx__Ljava_lang_String_2Ljava_lang_String_2Ljava_lang_String_2)
08-03 17:27:16.143 I/PgedBinderListener( 5074): kstate callback type:8 value1=8080 value2=KILLED
08-03 17:27:16.200 E/HsmCoreServiceImpl( 3560): onTransact in code is: 102
08-03 17:27:16.200 I/MediaProcessHandler( 3560): processOp opType: 1, uid: 10035, pid: 8052
08-03 17:27:16.200 W/MediaProcessHandler( 3560): remove target not exist, maybe the UI process: uid: 10035, pid: 8052
08-03 17:27:16.200 E/HsmCoreServiceImpl( 3560): onTransact in code is: 102
08-03 17:27:16.200 I/MediaProcessHandler( 3560): processOp opType: 1, uid: 10065, pid: 8080
08-03 17:27:16.200 W/MediaProcessHandler( 3560): remove target not exist, maybe the UI process: uid: 10065, pid: 8080
08-03 17:27:16.210 I/PgedBinderListener( 5074): kstate callback type:8 value1=8113 value2=KILLED
08-03 17:27:16.212 I/[Gralloc]( 2991): alloc w[16] h[16] format[1] usage[256]
08-03 17:27:16.212 I/[Gralloc]( 2991): alloc succ handle[0x558cabcff0] stride[32]
08-03 17:27:16.213 E/linker  ( 8706): readlink('/proc/self/fd/21') failed: Permission denied [fd=21]
08-03 17:27:16.213 E/linker  ( 8706): warning: unable to get realpath for the library "/system/lib64/hw/gralloc.hi3635.so". Will use given name.
08-03 17:27:16.214 E/linker  ( 8706): readlink('/proc/self/fd/21') failed: Permission denied [fd=21]
08-03 17:27:16.214 E/linker  ( 8706): warning: unable to get realpath for the library "libion.so". Will use given name.
08-03 17:27:16.215 E/HAL     ( 8706): load: id=gralloc != hmi->id=gralloc
08-03 17:27:16.224 W/System  ( 8706): ClassLoader referenced unknown path: /system/priv-app/Shell/lib/arm64
08-03 17:27:16.290 E/HsmCoreServiceImpl( 3560): onTransact in code is: 102
08-03 17:27:16.290 I/MediaProcessHandler( 3560): processOp opType: 1, uid: 10000, pid: 8113
08-03 17:27:16.290 W/MediaProcessHandler( 3560): remove target not exist, maybe the UI process: uid: 10000, pid: 8113
08-03 17:27:16.404 I/NetworkSpeedManagerEx( 4010): mIsStop = false
08-03 17:27:16.407 I/NetworkSpeedManagerEx( 4010):  value = 124.0
08-03 17:27:16.409 I/NetworkSpeedManagerEx( 4010): speed = 124B/s
08-03 17:27:16.409 I/NetworkSpeedView( 4010): /update(), speed=124B/s
08-03 17:27:16.468 I/memcheck(28192): needTrimMemory: trimFrom = 0, avail = 1380684, vmSize = 1483964, vssLimit = 4192340, totalPss = 160236, pssLimit = 2858020, agressiveGrowthLimit = 1143208, gentleGrowthLimit = 2000614, availablePmThreshold = 221184, availableVmThreshold = 153600
08-03 17:27:16.526 I/[Gralloc]( 2991): alloc w[16] h[16] format[1] usage[256]
08-03 17:27:16.526 I/[Gralloc]( 2991): alloc succ handle[0x558cabcff0] stride[32]
08-03 17:27:16.529 E/linker  ( 8723): readlink('/proc/self/fd/21') failed: Permission denied [fd=21]
08-03 17:27:16.529 E/linker  ( 8723): warning: unable to get realpath for the library "/system/lib64/hw/gralloc.hi3635.so". Will use given name.
08-03 17:27:16.530 E/linker  ( 8723): readlink('/proc/self/fd/21') failed: Permission denied [fd=21]
08-03 17:27:16.530 E/linker  ( 8723): warning: unable to get realpath for the library "libion.so". Will use given name.
08-03 17:27:16.531 E/HAL     ( 8723): load: id=gralloc != hmi->id=gralloc
08-03 17:27:16.541 W/System  ( 8723): ClassLoader referenced unknown path: /system/app/CalendarProvider/lib/arm64
08-03 17:27:16.566 I/HwCust  ( 8723): Constructor found for class android.app.HwCustAlarmManagerImpl
08-03 17:27:16.572 I/AccountManagerService( 3560): getTypesVisibleToCaller: isPermitted? true
08-03 17:27:16.573 I/TrafficMonitor( 3560): update:rxPkts:8,txPkts:0,rxBytes:817,txBytes:0
08-03 17:27:16.573 I/TrafficMonitor( 3560): start expired. level:-1
08-03 17:27:16.573 I/TrafficMonitor( 3560): gettimer:interval=2000
08-03 17:27:16.635 E/WifiConfigStore( 3560): updateConfiguration freq=2437 BSSID=74:1f:4a:cd:8f:b7 RSSI=-52 "RJYFZX-Wifi-02"WPA_PSK
08-03 17:27:17.571 I/TrafficMonitor( 3560): expired arrive. level:-1
08-03 17:27:17.571 I/TrafficMonitor( 3560): during_ms:2001,period_ms:2000
08-03 17:27:17.571 I/TrafficMonitor( 3560): count:713,rx_sum:8,tx_sum:0,rxBytes:817,during_ms:2001,rx_speed:408.29585207396303,tx_speed:0.0,rto:0.0
08-03 17:27:17.581 I/CalendarProvider2( 8723): Sending notification intent: Intent { act=android.intent.action.PROVIDER_CHANGED dat=content://com.android.calendar }
08-03 17:27:17.581 I/SendBroadcastPermission( 8723): action:android.intent.action.PROVIDER_CHANGED, mPermissionType:0
08-03 17:27:17.582 W/ContentResolver( 8723): Failed to get type for: content://com.android.calendar (Unknown URL content://com.android.calendar)
08-03 17:27:17.611 W/Settings( 5322): Setting airplane_mode_on has moved from android.provider.Settings.System to android.provider.Settings.Global, returning read-only value.
08-03 17:27:17.612 W/beacon  ( 5322): onUserAction return false, because eventName:[dim.Msf.AppConnectFail] is not allowed in server strategy!
08-03 17:27:17.614 I/PgedBinderListener( 5074): kstate callback type:8 value1=8126 value2=KILLED
08-03 17:27:17.616 W/Settings( 5322): Setting airplane_mode_on has moved from android.provider.Settings.System to android.provider.Settings.Global, returning read-only value.
08-03 17:27:17.617 W/beacon  ( 5322): onUserAction return false, because eventName:[loadSoOld] is not allowed in server strategy!
08-03 17:27:17.619 W/Settings( 5322): Setting airplane_mode_on has moved from android.provider.Settings.System to android.provider.Settings.Global, returning read-only value.
08-03 17:27:17.620 W/beacon  ( 5322): onUserAction return false, because eventName:[dim.Msf.AppConnectFail] is not allowed in server strategy!
08-03 17:27:17.622 W/Settings( 5322): Setting airplane_mode_on has moved from android.provider.Settings.System to android.provider.Settings.Global, returning read-only value.
08-03 17:27:17.623 W/beacon  ( 5322): onUserAction return false, because eventName:[loadSoNew] is not allowed in server strategy!
08-03 17:27:17.624 W/beacon  ( 5322): onUserAction return false, because eventName:[dim.Msf.PushSendFail] is not allowed in server strategy!
08-03 17:27:17.626 W/Settings( 5322): Setting airplane_mode_on has moved from android.provider.Settings.System to android.provider.Settings.Global, returning read-only value.
08-03 17:27:17.627 W/beacon  ( 5322): onUserAction return false, because eventName:[ReqQualitySendError] is not allowed in server strategy!
08-03 17:27:17.653 I/[Gralloc]( 2991): alloc w[16] h[16] format[1] usage[256]
08-03 17:27:17.653 I/[Gralloc]( 2991): alloc succ handle[0x558cabcff0] stride[32]
08-03 17:27:17.655 E/linker  ( 8742): readlink('/proc/self/fd/21') failed: Permission denied [fd=21]
08-03 17:27:17.655 E/linker  ( 8742): warning: unable to get realpath for the library "/system/lib64/hw/gralloc.hi3635.so". Will use given name.
08-03 17:27:17.657 E/linker  ( 8742): readlink('/proc/self/fd/21') failed: Permission denied [fd=21]
08-03 17:27:17.657 E/linker  ( 8742): warning: unable to get realpath for the library "libion.so". Will use given name.
08-03 17:27:17.659 E/HAL     ( 8742): load: id=gralloc != hmi->id=gralloc
08-03 17:27:17.673 W/System  ( 8742): ClassLoader referenced unknown path: /system/priv-app/Calendar/lib/arm64
08-03 17:27:17.693 I/HwCust  ( 8742): Constructor found for class com.android.calendar.HwCustUtilImpl
08-03 17:27:17.719 E/HsmCoreServiceImpl( 3560): onTransact in code is: 102
08-03 17:27:17.719 I/MediaProcessHandler( 3560): processOp opType: 1, uid: 10018, pid: 8126
08-03 17:27:17.719 W/MediaProcessHandler( 3560): remove target not exist, maybe the UI process: uid: 10018, pid: 8126
08-03 17:27:17.790 I/HwCust  ( 8742): Constructor found for class com.android.calendar.alerts.HwCustAlertServiceImpl
08-03 17:27:17.808 I/CalendarSimpleUiPRovider( 8742): onReceive[intent]Intent { act=android.intent.action.PROVIDER_CHANGED dat=content://com.android.calendar flg=0x10 cmp=com.android.calendar/.simpleui.CalendarSimpleUiPRovider }
08-03 17:27:17.809 I/CalendarSimpleUiPRovider( 8742): onConfigurationChanged
08-03 17:27:17.812 I/CalendarSimpleUiPRovider( 8742): initParams20170803T172717Asia/Shanghai(4,214,28800,0,1501752437)
08-03 17:27:17.837 I/PgedBinderListener( 5074): kstate callback type:8 value1=8148 value2=KILLED
08-03 17:27:17.842 I/HwCust  ( 8742): Constructor found for class android.app.HwCustAlarmManagerImpl
08-03 17:27:17.848 I/SendBroadcastPermission( 8742): action:com.android.calendar.APPWIDGET_UPDATE, mPermissionType:0
08-03 17:27:17.862 I/CalendarSimpleUiPRovider( 8742): loadEvent end update UI0
08-03 17:27:17.949 E/HsmCoreServiceImpl( 3560): onTransact in code is: 102
08-03 17:27:17.950 I/MediaProcessHandler( 3560): processOp opType: 1, uid: 10141, pid: 8148
08-03 17:27:17.950 W/MediaProcessHandler( 3560): remove target not exist, maybe the UI process: uid: 10141, pid: 8148
08-03 17:27:18.026 I/HwPowerMonitor.PowerExceptionObservable( 5101): unhandled onEvent actionID: 3002
08-03 17:27:18.026 W/HwPowerMonitor.DayActObserver( 5101): mModemLogStatsTimes = 0, ModemLogState = 0
08-03 17:27:18.026 W/HwPowerMonitor.DayActObserver( 5101): BAT_CHANGED, mIsScrnOffBatStatsEnabled = true, mIsCharging = true, mIsScrnOfBatDropMonitorStart = false
08-03 17:27:18.049 I/art     ( 3560): Background partial concurrent mark sweep GC freed 39814(3MB) AllocSpace objects, 2(40KB) LOS objects, 7% free, 50MB/54MB, paused 2.498ms total 180.499ms
08-03 17:27:18.576 I/TrafficMonitor( 3560): update:rxPkts:2,txPkts:0,rxBytes:156,txBytes:0
08-03 17:27:18.577 I/TrafficMonitor( 3560): start expired. level:-1
08-03 17:27:18.577 I/TrafficMonitor( 3560): gettimer:interval=2000
08-03 17:27:18.819 W/beacon  ( 8524): startQuery: query times or query success times arrive max, return!
08-03 17:27:19.257 I/ash     ( 5074): start clean protect apps
08-03 17:27:19.270 I/ash     ( 5074): clean protect apps :[com.huawei.hwvplayer.youku, com.screeclibinvoke, com.sina.weibo, com.huawei.KoBackup, com.tencent.mtt, com.huawei.phonediagnose, cn.wps.moffice_eng, com.tencent.mobileqq, com.huawei.hwireader, org.mopria.printplugin, com.taobao.taobao, com.huawei.android.hwouc, com.tencent.mm]
08-03 17:27:19.410 I/NetworkSpeedManagerEx( 4010): mIsStop = false
08-03 17:27:19.412 I/NetworkSpeedManagerEx( 4010):  value = 226.33333
08-03 17:27:19.412 I/NetworkSpeedManagerEx( 4010): speed = 226B/s
08-03 17:27:19.412 I/NetworkSpeedView( 4010): /update(), speed=226B/s
08-03 17:27:19.653 E/WifiConfigStore( 3560): updateConfiguration freq=2437 BSSID=74:1f:4a:cd:8f:b7 RSSI=-53 "RJYFZX-Wifi-02"WPA_PSK
08-03 17:27:20.047 E/WifiConfigStore( 3560): updateConfiguration freq=2437 BSSID=74:1f:4a:cd:8f:b7 RSSI=-53 "RJYFZX-Wifi-02"WPA_PSK
08-03 17:27:20.054 I/HuaweiWifiWatchdogStateMachine( 3560): spd good count:0, add sc:0.0, rate:1.0
08-03 17:27:20.055 I/HuaweiWifiWatchdogStateMachine( 3560): current mHighDataFlowRate = 1.0
08-03 17:27:20.055 I/HuaweiWifiWatchdogStateMachine( 3560): not any pkt, ignore this period chk result.
08-03 17:27:20.578 I/TrafficMonitor( 3560): update:rxPkts:3,txPkts:0,rxBytes:234,txBytes:0
08-03 17:27:20.578 I/TrafficMonitor( 3560): start expired. level:-1
08-03 17:27:20.578 I/TrafficMonitor( 3560): gettimer:interval=2000
08-03 17:27:21.567 I/memcheck(28192): needTrimMemory: trimFrom = 0, avail = 1393412, vmSize = 1484044, vssLimit = 4192340, totalPss = 160468, pssLimit = 2858020, agressiveGrowthLimit = 1143208, gentleGrowthLimit = 2000614, availablePmThreshold = 221184, availableVmThreshold = 153600
08-03 17:27:21.813 I/MQoS    ( 3560): onSignal: mSubId=0,currDataSubID=0
08-03 17:27:21.814 I/MQoS    ( 3560): received cell-signal:5
08-03 17:27:21.817 I/SendBroadcastPermission( 3560): action:android.intent.action.SIG_STR, mPermissionType:0
08-03 17:27:22.417 I/NetworkSpeedManagerEx( 4010): mIsStop = false
08-03 17:27:22.421 I/NetworkSpeedManagerEx( 4010):  value = 156.0
08-03 17:27:22.423 I/NetworkSpeedManagerEx( 4010): speed = 156B/s
08-03 17:27:22.423 I/NetworkSpeedView( 4010): /update(), speed=156B/s
08-03 17:27:22.580 I/TrafficMonitor( 3560): update:rxPkts:4,txPkts:0,rxBytes:312,txBytes:0
08-03 17:27:22.580 I/TrafficMonitor( 3560): start expired. level:-1
08-03 17:27:22.580 I/TrafficMonitor( 3560): gettimer:interval=2000
08-03 17:27:22.675 E/WifiConfigStore( 3560): updateConfiguration freq=2437 BSSID=74:1f:4a:cd:8f:b7 RSSI=-54 "RJYFZX-Wifi-02"WPA_PSK
08-03 17:27:23.577 I/TrafficMonitor( 3560): expired arrive. level:-1
08-03 17:27:23.577 I/TrafficMonitor( 3560): during_ms:2002,period_ms:2000
08-03 17:27:23.578 I/TrafficMonitor( 3560): count:716,rx_sum:4,tx_sum:0,rxBytes:312,during_ms:2002,rx_speed:155.84415584415586,tx_speed:0.0,rto:0.0
08-03 17:27:24.583 I/TrafficMonitor( 3560): update:rxPkts:7,txPkts:0,rxBytes:546,txBytes:0
08-03 17:27:24.583 I/TrafficMonitor( 3560): start expired. level:-1
08-03 17:27:24.583 I/TrafficMonitor( 3560): gettimer:interval=2000
08-03 17:27:24.680 I/native_eup( 7024): Java_com_tencent_feedback_eup_jni_NativeExceptionUpload_registNativeExceptionHandler2 start
08-03 17:27:24.680 I/native_eup( 7024): JARJNIVERSION:1
08-03 17:27:24.680 I/native_eup( 7024): found native exception upload!
08-03 17:27:24.680 I/native_eup( 7024): found native exception handler!
08-03 17:27:24.680 I/native_eup( 7024): regist handler start procType 1 , level 23 , tombDir:/data/user/0/com.tencent.mobileqq/app_tombs
08-03 17:27:24.680 I/native_eup( 7024): registSignal start
08-03 17:27:24.680 I/native_eup( 7024): registSignal end
08-03 17:27:24.680 I/native_eup( 7024): regist handler end
08-03 17:27:24.680 I/native_eup( 7024): Java_com_tencent_feedback_eup_jni_NativeExceptionUpload_registNativeExceptionHandler end
08-03 17:27:24.680 I/native_eup( 7024): NativeRQDVersion:testbuildnum
08-03 17:27:24.680 I/native_eup( 7024): Java_com_tencent_feedback_eup_jni_NativeExceptionUpload_registNativeExceptionHandler2 start
08-03 17:27:24.680 I/native_eup( 7024): JARJNIVERSION:0
08-03 17:27:24.680 I/native_eup( 7024): found native exception upload!
08-03 17:27:24.680 I/native_eup( 7024): found native exception handler!
08-03 17:27:24.680 I/native_eup( 7024): regist handler start procType 1 , level 23 , tombDir:/data/user/0/com.tencent.mobileqq/app_tombs
08-03 17:27:24.680 I/native_eup( 7024): registSignal start
08-03 17:27:24.681 I/native_eup( 7024): registSignal end
08-03 17:27:24.681 I/native_eup( 7024): regist handler end
08-03 17:27:24.681 I/native_eup( 7024): Java_com_tencent_feedback_eup_jni_NativeExceptionUpload_registNativeExceptionHandler end
08-03 17:27:24.681 I/native_eup( 7024): NativeRQDVersion:testbuildnum
08-03 17:27:24.750 I/System.out( 7024): [/system/bin/sh, -c, getprop]
08-03 17:27:24.750 I/System.out( 7024): null
08-03 17:27:24.750 I/System.out( 7024): null
08-03 17:27:24.750 I/System.out( 7024): Calling by::className:com.tencent.bugly.proguard.y  MethodName:a
08-03 17:27:24.846 I/System.out( 7024): [/system/bin/sh, -c, type su]
08-03 17:27:24.846 I/System.out( 7024): null
08-03 17:27:24.846 I/System.out( 7024): null
08-03 17:27:24.847 I/System.out( 7024): Calling by::className:com.tencent.bugly.proguard.y  MethodName:a
08-03 17:27:24.995 I/System  ( 7024): core_booster, getBoosterConfig = false
08-03 17:27:25.056 I/System  ( 7024): core_booster, getBoosterConfig = false
08-03 17:27:25.110 W/System.err( 7024): java.net.SocketException: sendto failed: ECONNRESET (Connection reset by peer)
08-03 17:27:25.111 W/System.err( 7024): 	at libcore.io.IoBridge.maybeThrowAfterSendto(IoBridge.java:549)
08-03 17:27:25.111 W/System.err( 7024): 	at libcore.io.IoBridge.sendto(IoBridge.java:518)
08-03 17:27:25.111 W/System.err( 7024): 	at java.net.PlainSocketImpl.write(PlainSocketImpl.java:500)
08-03 17:27:25.111 W/System.err( 7024): 	at java.net.PlainSocketImpl.access$100(PlainSocketImpl.java:37)
08-03 17:27:25.111 W/System.err( 7024): 	at java.net.PlainSocketImpl$PlainSocketOutputStream.write(PlainSocketImpl.java:266)
08-03 17:27:25.111 W/System.err( 7024): 	at com.tencent.mobileqq.msf.sdk.utils.MonitorSocketOutputStream.write(MonitorSocketOutputStream.java:55)
08-03 17:27:25.112 W/System.err( 7024): 	at com.android.okhttp.okio.Okio$1.write(Okio.java:76)
08-03 17:27:25.112 W/System.err( 7024): 	at com.android.okhttp.okio.AsyncTimeout$1.write(AsyncTimeout.java:155)
08-03 17:27:25.112 W/System.err( 7024): 	at com.android.okhttp.okio.RealBufferedSink.emitCompleteSegments(RealBufferedSink.java:176)
08-03 17:27:25.112 W/System.err( 7024): 	at com.android.okhttp.okio.RealBufferedSink.write(RealBufferedSink.java:46)
08-03 17:27:25.112 W/System.err( 7024): 	at com.android.okhttp.internal.http.RetryableSink.writeToSocket(RetryableSink.java:78)
08-03 17:27:25.112 W/System.err( 7024): 	at com.android.okhttp.internal.http.HttpConnection.writeRequestBody(HttpConnection.java:240)
08-03 17:27:25.112 W/System.err( 7024): 	at com.android.okhttp.internal.http.HttpTransport.writeRequestBody(HttpTransport.java:56)
08-03 17:27:25.112 W/System.err( 7024): 	at com.android.okhttp.internal.http.HttpEngine.readResponse(HttpEngine.java:784)
08-03 17:27:25.112 W/System.err( 7024): 	at com.android.okhttp.internal.huc.HttpURLConnectionImpl.execute(HttpURLConnectionImpl.java:439)
08-03 17:27:25.112 W/System.err( 7024): 	at com.android.okhttp.internal.huc.HttpURLConnectionImpl.getResponse(HttpURLConnectionImpl.java:384)
08-03 17:27:25.112 W/System.err( 7024): 	at com.android.okhttp.internal.huc.HttpURLConnectionImpl.getResponseCode(HttpURLConnectionImpl.java:497)
08-03 17:27:25.112 W/System.err( 7024): 	at com.tencent.bugly.proguard.r.a(BUGLY:118)
08-03 17:27:25.113 W/System.err( 7024): 	at com.tencent.bugly.proguard.u.run(BUGLY:355)
08-03 17:27:25.113 W/System.err( 7024): 	at com.tencent.bugly.proguard.t$1.run(BUGLY:721)
08-03 17:27:25.113 W/System.err( 7024): 	at java.lang.Thread.run(Thread.java:833)
08-03 17:27:25.113 W/System.err( 7024): Caused by: android.system.ErrnoException: sendto failed: ECONNRESET (Connection reset by peer)
08-03 17:27:25.114 W/System.err( 7024): 	at libcore.io.Posix.sendtoBytes(Native Method)
08-03 17:27:25.114 W/System.err( 7024): 	at libcore.io.Posix.sendto(Posix.java:211)
08-03 17:27:25.114 W/System.err( 7024): 	at libcore.io.BlockGuardOs.sendto(BlockGuardOs.java:278)
08-03 17:27:25.114 W/System.err( 7024): 	at libcore.io.IoBridge.sendto(IoBridge.java:516)
08-03 17:27:25.114 W/System.err( 7024): 	... 19 more
08-03 17:27:25.427 I/NetworkSpeedManagerEx( 4010): mIsStop = false
08-03 17:27:25.431 I/NetworkSpeedManagerEx( 4010):  value = 963.3333
08-03 17:27:25.434 I/NetworkSpeedManagerEx( 4010): speed = 0.9K/s
08-03 17:27:25.434 I/NetworkSpeedView( 4010): /update(), speed=0.9K/s
08-03 17:27:25.451 W/View    ( 4010): requestLayout() improperly called by com.android.systemui.statusbar.phone.IconMerger{9226af6 V.E...... ......I. 0,0-162,72 #7f1000c3 app:id/notificationIcons} during layout: running second layout pass
08-03 17:27:25.581 W/View    ( 4010): requestLayout() improperly called by com.android.systemui.statusbar.phone.IconMerger{9226af6 V.E...... ........ 0,0-162,72 #7f1000c3 app:id/notificationIcons} during second layout pass: posting in next frame
08-03 17:27:25.693 E/WifiConfigStore( 3560): updateConfiguration freq=2437 BSSID=74:1f:4a:cd:8f:b7 RSSI=-54 "RJYFZX-Wifi-02"WPA_PSK
08-03 17:27:26.586 I/TrafficMonitor( 3560): update:rxPkts:9,txPkts:9,rxBytes:654,txBytes:1898
08-03 17:27:26.586 I/TrafficMonitor( 3560): start expired. level:-1
08-03 17:27:26.586 I/TrafficMonitor( 3560): gettimer:interval=2000
08-03 17:27:26.705 I/memcheck(28192): needTrimMemory: trimFrom = 0, avail = 1393140, vmSize = 1484124, vssLimit = 4192340, totalPss = 160468, pssLimit = 2858020, agressiveGrowthLimit = 1143208, gentleGrowthLimit = 2000614, availablePmThreshold = 221184, availableVmThreshold = 153600
08-03 17:27:28.050 E/WifiConfigStore( 3560): updateConfiguration freq=2437 BSSID=74:1f:4a:cd:8f:b7 RSSI=-54 "RJYFZX-Wifi-02"WPA_PSK
08-03 17:27:28.056 I/HuaweiWifiWatchdogStateMachine( 3560): spd good count:0, add sc:0.0, rate:1.0
08-03 17:27:28.056 I/HuaweiWifiWatchdogStateMachine( 3560): current mHighDataFlowRate = 1.0
08-03 17:27:28.056 I/HuaweiWifiWatchdogStateMachine( 3560): POta txb txg rxg:0, 10, 0. Lr =0% Totpkt=10
08-03 17:27:28.056 I/WifiProJNI( 3560): ######### CMD_QUERY_PKTS ########
08-03 17:27:28.057 I/QosMonitor( 3560): postEventFromNative: msg=100,arg1=0,arg2=9
08-03 17:27:28.057 W/WifiProJNI( 3560): poll before: g_monitor_fd =165
08-03 17:27:28.057 I/MQoS    ( 3560): rtt=320,tcp_tx_pkts=115347,tcp_rx_pkts=88749
08-03 17:27:28.059 I/HuaweiWifiWatchdogStateMachine( 3560): PTcp RTT:0, rtt pkt=0, tcp_rx=4, tcp_tx=9, tcp_reTran=2, rtRate=0.22
08-03 17:27:28.059 I/MQoS    ( 3560): QOS_level:0(0),wifi-link;SIM error;use level-0
08-03 17:27:28.059 I/HuaweiWifiWatchdogStateMachine( 3560): rs ota tcp lr rttvb bad: false, false, false, false, false; rsth:-75
08-03 17:27:28.060 I/HuaweiWifiWatchdogStateMachine( 3560):  pkt chk not bad, reset sc to 0.
08-03 17:27:28.438 I/NetworkSpeedManagerEx( 4010): mIsStop = false
08-03 17:27:28.442 I/NetworkSpeedManagerEx( 4010):  value = 279.66666
08-03 17:27:28.444 I/NetworkSpeedManagerEx( 4010): speed = 280B/s
08-03 17:27:28.444 I/NetworkSpeedView( 4010): /update(), speed=280B/s
08-03 17:27:28.458 W/View    ( 4010): requestLayout() improperly called by com.android.systemui.statusbar.phone.IconMerger{9226af6 V.E...... ......I. 0,0-162,72 #7f1000c3 app:id/notificationIcons} during layout: running second layout pass
08-03 17:27:28.588 I/TrafficMonitor( 3560): update:rxPkts:6,txPkts:0,rxBytes:631,txBytes:0
08-03 17:27:28.588 I/TrafficMonitor( 3560): start expired. level:-1
08-03 17:27:28.588 I/TrafficMonitor( 3560): gettimer:interval=2000
08-03 17:27:28.714 E/WifiConfigStore( 3560): updateConfiguration freq=2437 BSSID=74:1f:4a:cd:8f:b7 RSSI=-54 "RJYFZX-Wifi-02"WPA_PSK
08-03 17:27:29.585 I/TrafficMonitor( 3560): expired arrive. level:-1
08-03 17:27:29.586 I/TrafficMonitor( 3560): during_ms:2003,period_ms:2000
08-03 17:27:29.586 I/TrafficMonitor( 3560): count:719,rx_sum:6,tx_sum:0,rxBytes:631,during_ms:2003,rx_speed:315.0274588117823,tx_speed:0.0,rto:0.0
08-03 17:27:29.604 W/View    ( 4010): requestLayout() improperly called by com.android.systemui.statusbar.phone.IconMerger{9226af6 V.E...... ........ 0,0-162,72 #7f1000c3 app:id/notificationIcons} during second layout pass: posting in next frame
08-03 17:27:30.590 I/TrafficMonitor( 3560): update:rxPkts:0,txPkts:0,rxBytes:0,txBytes:0
08-03 17:27:30.590 I/TrafficMonitor( 3560): start expired. level:-1
08-03 17:27:30.590 I/TrafficMonitor( 3560): gettimer:interval=2000
08-03 17:27:31.448 I/NetworkSpeedManagerEx( 4010): mIsStop = false
08-03 17:27:31.452 I/NetworkSpeedManagerEx( 4010):  value = 184.33333
08-03 17:27:31.454 I/NetworkSpeedManagerEx( 4010): speed = 184B/s
08-03 17:27:31.454 I/NetworkSpeedView( 4010): /update(), speed=184B/s
08-03 17:27:31.735 E/WifiConfigStore( 3560): updateConfiguration freq=2437 BSSID=74:1f:4a:cd:8f:b7 RSSI=-54 "RJYFZX-Wifi-02"WPA_PSK
08-03 17:27:31.837 I/memcheck(28192): needTrimMemory: trimFrom = 0, avail = 1393400, vmSize = 1484204, vssLimit = 4192340, totalPss = 160664, pssLimit = 2858020, agressiveGrowthLimit = 1143208, gentleGrowthLimit = 2000614, availablePmThreshold = 221184, availableVmThreshold = 153600
08-03 17:27:32.595 I/TrafficMonitor( 3560): update:rxPkts:10,txPkts:0,rxBytes:1113,txBytes:0
08-03 17:27:32.595 I/TrafficMonitor( 3560): start expired. level:-1
08-03 17:27:32.595 I/TrafficMonitor( 3560): gettimer:interval=2000
08-03 17:27:34.457 I/NetworkSpeedManagerEx( 4010): mIsStop = false
08-03 17:27:34.461 I/NetworkSpeedManagerEx( 4010):  value = 186.66667
08-03 17:27:34.463 I/NetworkSpeedManagerEx( 4010): speed = 187B/s
08-03 17:27:34.463 I/NetworkSpeedView( 4010): /update(), speed=187B/s
08-03 17:27:34.597 I/TrafficMonitor( 3560): update:rxPkts:0,txPkts:0,rxBytes:0,txBytes:0
08-03 17:27:34.598 I/TrafficMonitor( 3560): start expired. level:-1
08-03 17:27:34.598 I/TrafficMonitor( 3560): gettimer:interval=2000
08-03 17:27:34.762 E/WifiConfigStore( 3560): updateConfiguration freq=2437 BSSID=74:1f:4a:cd:8f:b7 RSSI=-54 "RJYFZX-Wifi-02"WPA_PSK
08-03 17:27:35.133 E/Thermal-daemon( 3016): [pa_0] temp_new :32  temp_old :31
08-03 17:27:35.133 E/Thermal-daemon( 3016): Report temperature: [pa_0] temp :32  report_threshold:1
08-03 17:27:35.137 E/Thermal-daemon( 3016): [ap] temp_new :33  temp_old :34
08-03 17:27:35.137 E/Thermal-daemon( 3016): Report temperature: [ap] temp :33  report_threshold:1
08-03 17:27:35.139 W/ThermalStateManager( 5074): trigLevel = -1, mSimTrigLevel = -1, tempPolicy = 0
08-03 17:27:35.139 I/ThermalStateManager( 5074): sensor name: pa temperature: 32 , thermal action: bcurrent policy:990
08-03 17:27:35.141 W/ThermalStateManager( 5074): trigLevel = -1, mSimTrigLevel = -1, tempPolicy = 0
08-03 17:27:35.141 I/ThermalStateManager( 5074): sensor name: cpu temperature: 33 , thermal action: bcurrent policy:990
08-03 17:27:35.242 W/SwitchManager( 5074): NoSuchMethod: IPowerManager setChargeHotLimit [int,int]
08-03 17:27:35.242 I/powergenie_jni( 5074): set charge limit 2: 990
08-03 17:27:35.245 W/SwitchManager( 5074): NoSuchMethod: IPowerManager setChargeHotLimit [int,int]
08-03 17:27:35.245 I/powergenie_jni( 5074): set charge limit 2: 990
08-03 17:27:35.592 I/TrafficMonitor( 3560): expired arrive. level:-1
08-03 17:27:35.592 I/TrafficMonitor( 3560): during_ms:2003,period_ms:2000
08-03 17:27:35.592 I/TrafficMonitor( 3560): count:722,rx_sum:0,tx_sum:0,rxBytes:0,during_ms:2003,rx_speed:0.0,tx_speed:0.0,rto:0.0
08-03 17:27:36.064 E/WifiConfigStore( 3560): updateConfiguration freq=2437 BSSID=74:1f:4a:cd:8f:b7 RSSI=-52 "RJYFZX-Wifi-02"WPA_PSK
08-03 17:27:36.072 I/HuaweiWifiWatchdogStateMachine( 3560): spd good count:0, add sc:0.0, rate:1.0
08-03 17:27:36.073 I/HuaweiWifiWatchdogStateMachine( 3560): current mHighDataFlowRate = 1.0
08-03 17:27:36.073 I/HuaweiWifiWatchdogStateMachine( 3560): not any pkt, ignore this period chk result.
08-03 17:27:36.602 I/TrafficMonitor( 3560): update:rxPkts:16,txPkts:0,rxBytes:1684,txBytes:0
08-03 17:27:36.603 I/TrafficMonitor( 3560): start expired. level:-1
08-03 17:27:36.603 I/TrafficMonitor( 3560): gettimer:interval=2000
08-03 17:27:36.982 I/memcheck(28192): needTrimMemory: trimFrom = 0, avail = 1393836, vmSize = 1484284, vssLimit = 4192340, totalPss = 160664, pssLimit = 2858020, agressiveGrowthLimit = 1143208, gentleGrowthLimit = 2000614, availablePmThreshold = 221184, availableVmThreshold = 153600
08-03 17:27:37.467 I/NetworkSpeedManagerEx( 4010): mIsStop = false
08-03 17:27:37.471 I/NetworkSpeedManagerEx( 4010):  value = 561.3333
08-03 17:27:37.473 I/NetworkSpeedManagerEx( 4010): speed = 561B/s
08-03 17:27:37.473 I/NetworkSpeedView( 4010): /update(), speed=561B/s
08-03 17:27:37.781 E/WifiConfigStore( 3560): updateConfiguration freq=2437 BSSID=74:1f:4a:cd:8f:b7 RSSI=-53 "RJYFZX-Wifi-02"WPA_PSK
08-03 17:27:38.607 I/TrafficMonitor( 3560): update:rxPkts:0,txPkts:0,rxBytes:0,txBytes:0
08-03 17:27:38.608 I/TrafficMonitor( 3560): start expired. level:-1
08-03 17:27:38.608 I/TrafficMonitor( 3560): gettimer:interval=2000
08-03 17:27:40.476 I/NetworkSpeedManagerEx( 4010): mIsStop = false
08-03 17:27:40.480 I/NetworkSpeedManagerEx( 4010):  value = 78.0
08-03 17:27:40.482 I/NetworkSpeedManagerEx( 4010): speed = 78B/s
08-03 17:27:40.482 I/NetworkSpeedView( 4010): /update(), speed=78B/s
08-03 17:27:40.496 W/View    ( 4010): requestLayout() improperly called by com.android.systemui.statusbar.phone.IconMerger{9226af6 V.E...... ......I. 0,0-162,72 #7f1000c3 app:id/notificationIcons} during layout: running second layout pass
08-03 17:27:40.610 I/TrafficMonitor( 3560): update:rxPkts:3,txPkts:0,rxBytes:234,txBytes:0
08-03 17:27:40.610 I/TrafficMonitor( 3560): start expired. level:-1
08-03 17:27:40.610 I/TrafficMonitor( 3560): gettimer:interval=2000
08-03 17:27:40.807 E/WifiConfigStore( 3560): updateConfiguration freq=2437 BSSID=74:1f:4a:cd:8f:b7 RSSI=-53 "RJYFZX-Wifi-02"WPA_PSK
08-03 17:27:41.605 I/TrafficMonitor( 3560): expired arrive. level:-1
08-03 17:27:41.606 I/TrafficMonitor( 3560): during_ms:2002,period_ms:2000
08-03 17:27:41.606 I/TrafficMonitor( 3560): count:725,rx_sum:3,tx_sum:0,rxBytes:234,during_ms:2002,rx_speed:116.8831168831169,tx_speed:0.0,rto:0.0
08-03 17:27:42.125 I/memcheck(28192): needTrimMemory: trimFrom = 0, avail = 1393496, vmSize = 1484384, vssLimit = 4192340, totalPss = 160664, pssLimit = 2858020, agressiveGrowthLimit = 1143208, gentleGrowthLimit = 2000614, availablePmThreshold = 221184, availableVmThreshold = 153600
08-03 17:27:42.614 I/TrafficMonitor( 3560): update:rxPkts:7,txPkts:0,rxBytes:777,txBytes:0
08-03 17:27:42.614 I/TrafficMonitor( 3560): start expired. level:-1
08-03 17:27:42.614 I/TrafficMonitor( 3560): gettimer:interval=2000
08-03 17:27:42.715 W/View    ( 4010): requestLayout() improperly called by com.android.systemui.statusbar.phone.IconMerger{9226af6 V.E...... ........ 0,0-162,72 #7f1000c3 app:id/notificationIcons} during second layout pass: posting in next frame
08-03 17:27:43.485 I/NetworkSpeedManagerEx( 4010): mIsStop = false
08-03 17:27:43.489 I/NetworkSpeedManagerEx( 4010):  value = 443.33334
08-03 17:27:43.491 I/NetworkSpeedManagerEx( 4010): speed = 443B/s
08-03 17:27:43.491 I/NetworkSpeedView( 4010): /update(), speed=443B/s
08-03 17:27:43.498 W/View    ( 4010): requestLayout() improperly called by com.android.systemui.statusbar.phone.IconMerger{9226af6 V.E...... ......I. 0,0-162,72 #7f1000c3 app:id/notificationIcons} during layout: running second layout pass
08-03 17:27:43.732 W/View    ( 4010): requestLayout() improperly called by com.android.systemui.statusbar.phone.IconMerger{9226af6 V.E...... ........ 0,0-162,72 #7f1000c3 app:id/notificationIcons} during second layout pass: posting in next frame
08-03 17:27:43.827 E/WifiConfigStore( 3560): updateConfiguration freq=2437 BSSID=74:1f:4a:cd:8f:b7 RSSI=-54 "RJYFZX-Wifi-02"WPA_PSK
08-03 17:27:44.061 E/WifiConfigStore( 3560): updateConfiguration freq=2437 BSSID=74:1f:4a:cd:8f:b7 RSSI=-54 "RJYFZX-Wifi-02"WPA_PSK
08-03 17:27:44.065 I/HuaweiWifiWatchdogStateMachine( 3560): spd good count:0, add sc:0.0, rate:1.0
08-03 17:27:44.065 I/HuaweiWifiWatchdogStateMachine( 3560): current mHighDataFlowRate = 1.0
08-03 17:27:44.065 I/HuaweiWifiWatchdogStateMachine( 3560): not any pkt, ignore this period chk result.
08-03 17:27:44.135 I/System  ( 8239): core_booster, getBoosterConfig = false
08-03 17:27:44.562 I/HwCust  ( 8239): Constructor found for class android.app.HwCustAlarmManagerImpl
08-03 17:27:44.616 I/TrafficMonitor( 3560): update:rxPkts:13,txPkts:5,rxBytes:1406,txBytes:684
08-03 17:27:44.616 I/TrafficMonitor( 3560): start expired. level:-1
08-03 17:27:44.616 I/TrafficMonitor( 3560): gettimer:interval=2000
08-03 17:27:45.146 E/Thermal-daemon( 3016): [charger_ic] temp_new :33  temp_old :32
08-03 17:27:45.146 E/Thermal-daemon( 3016): Report temperature: [charger_ic] temp :33  report_threshold:1
08-03 17:27:45.151 W/ThermalStateManager( 5074): trigLevel = -1, mSimTrigLevel = -1, tempPolicy = 0
08-03 17:27:45.152 I/ThermalStateManager( 5074): sensor name: ucurrent temperature: 33 , thermal action: bcurrent policy:990
08-03 17:27:45.254 W/SwitchManager( 5074): NoSuchMethod: IPowerManager setChargeHotLimit [int,int]
08-03 17:27:45.255 I/powergenie_jni( 5074): set charge limit 2: 990
08-03 17:27:45.839 I/native_eup( 8524): Java_com_tencent_feedback_eup_jni_NativeExceptionUpload_registNativeExceptionHandler2 start
08-03 17:27:45.839 I/native_eup( 8524): JARJNIVERSION:1
08-03 17:27:45.839 I/native_eup( 8524): found native exception upload!
08-03 17:27:45.839 I/native_eup( 8524): found native exception handler!
08-03 17:27:45.839 I/native_eup( 8524): regist handler start procType 1 , level 23 , tombDir:/data/user/0/com.tencent.mobileqq/app_tombs
08-03 17:27:45.839 I/native_eup( 8524): registSignal start
08-03 17:27:45.839 I/native_eup( 8524): registSignal end
08-03 17:27:45.839 I/native_eup( 8524): regist handler end
08-03 17:27:45.839 I/native_eup( 8524): Java_com_tencent_feedback_eup_jni_NativeExceptionUpload_registNativeExceptionHandler end
08-03 17:27:45.839 I/native_eup( 8524): NativeRQDVersion:testbuildnum
08-03 17:27:45.839 I/native_eup( 8524): Java_com_tencent_feedback_eup_jni_NativeExceptionUpload_registNativeExceptionHandler2 start
08-03 17:27:45.839 I/native_eup( 8524): JARJNIVERSION:0
08-03 17:27:45.839 I/native_eup( 8524): found native exception upload!
08-03 17:27:45.839 I/native_eup( 8524): found native exception handler!
08-03 17:27:45.839 I/native_eup( 8524): regist handler start procType 1 , level 23 , tombDir:/data/user/0/com.tencent.mobileqq/app_tombs
08-03 17:27:45.840 I/native_eup( 8524): registSignal start
08-03 17:27:45.840 I/native_eup( 8524): registSignal end
08-03 17:27:45.840 I/native_eup( 8524): regist handler end
08-03 17:27:45.840 I/native_eup( 8524): Java_com_tencent_feedback_eup_jni_NativeExceptionUpload_registNativeExceptionHandler end
08-03 17:27:45.840 I/native_eup( 8524): NativeRQDVersion:testbuildnum
08-03 17:27:46.495 I/NetworkSpeedManagerEx( 4010): mIsStop = false
08-03 17:27:46.498 I/NetworkSpeedManagerEx( 4010):  value = 1181.3334
08-03 17:27:46.501 I/NetworkSpeedManagerEx( 4010): speed = 1.2K/s
08-03 17:27:46.501 I/NetworkSpeedView( 4010): /update(), speed=1.2K/s
08-03 17:27:46.517 W/View    ( 4010): requestLayout() improperly called by com.android.systemui.statusbar.phone.IconMerger{9226af6 V.E...... ......I. 0,0-162,72 #7f1000c3 app:id/notificationIcons} during layout: running second layout pass
08-03 17:27:46.619 I/TrafficMonitor( 3560): update:rxPkts:11,txPkts:6,rxBytes:1134,txBytes:873
08-03 17:27:46.619 I/TrafficMonitor( 3560): start expired. level:-1
08-03 17:27:46.619 I/TrafficMonitor( 3560): gettimer:interval=2000
08-03 17:27:46.756 W/View    ( 4010): requestLayout() improperly called by com.android.systemui.statusbar.phone.IconMerger{9226af6 V.E...... ........ 0,0-162,72 #7f1000c3 app:id/notificationIcons} during second layout pass: posting in next frame
08-03 17:27:46.844 E/WifiConfigStore( 3560): updateConfiguration freq=2437 BSSID=74:1f:4a:cd:8f:b7 RSSI=-53 "RJYFZX-Wifi-02"WPA_PSK
08-03 17:27:47.266 I/memcheck(28192): needTrimMemory: trimFrom = 0, avail = 1392036, vmSize = 1484464, vssLimit = 4192340, totalPss = 160860, pssLimit = 2858020, agressiveGrowthLimit = 1143208, gentleGrowthLimit = 2000614, availablePmThreshold = 221184, availableVmThreshold = 153600
08-03 17:27:47.616 I/TrafficMonitor( 3560): expired arrive. level:-1
08-03 17:27:47.616 I/TrafficMonitor( 3560): during_ms:2002,period_ms:2000
