08-03 17:27:11.142 I/TotemWeather( 5178): AbstractDualWeatherWidgetHomeView onWindowFocusChanged, hasWindowFocus= false
08-03 17:27:11.155 I/HwCust  ( 8052): Constructor found for class com.android.calendar.alerts.HwCustAlertServiceImpl
08-03 17:27:11.177 I/CalendarSimpleUiPRovider( 8052): onReceive[intent]Intent { act=android.intent.action.PROVIDER_CHANGED dat=content://com.android.calendar flg=0x10 cmp=com.android.calendar/.simpleui.CalendarSimpleUiPRovider }
08-03 17:27:11.178 I/CalendarSimpleUiPRovider( 8052): onConfigurationChanged
08-03 17:27:11.181 I/CalendarSimpleUiPRovider( 8052): initParams20170803T172711Asia/Shanghai(4,214,28800,0,1501752431)
08-03 17:27:11.207 I/PgedBinderListener( 5074): kstate callback type:8 value1=7466 value2=KILLED
08-03 17:27:11.218 I/HwCust  ( 8052): Constructor found for class android.app.HwCustAlarmManagerImpl
08-03 17:27:11.224 I/SendBroadcastPermission( 8052): action:com.android.calendar.APPWIDGET_UPDATE, mPermissionType:0
08-03 17:27:11.232 I/CalendarSimpleUiPRovider( 8052): loadEvent end update UI0
08-03 17:27:11.289 E/HsmCoreServiceImpl( 3560): onTransact in code is: 102
08-03 17:27:11.289 I/MediaProcessHandler( 3560): processOp opType: 1, uid: 10141, pid: 7466
08-03 17:27:11.289 W/MediaProcessHandler( 3560): remove target not exist, maybe the UI process: uid: 10141, pid: 7466
08-03 17:27:11.364 I/memcheck(28192): needTrimMemory: trimFrom = 0, avail = 1359956, vmSize = 1483964, vssLimit = 4192340, totalPss = 160296, pssLimit = 2858020, agressiveGrowthLimit = 1143208, gentleGrowthLimit = 2000614, availablePmThreshold = 221184, availableVmThreshold = 153600
08-03 17:27:11.568 I/TrafficMonitor( 3560): expired arrive. level:-1
08-03 17:27:11.568 I/TrafficMonitor( 3560): during_ms:2002,period_ms:2000
08-03 17:27:11.569 I/TrafficMonitor( 3560): count:710,rx_sum:17,tx_sum:2,rxBytes:1755,during_ms:2002,rx_speed:876.6233766233768,tx_speed:51.948051948051955,rto:8.5
08-03 17:27:11.822 I/HwLauncher( 5178): Launcher  while lockScreenOrientation,isRotationEnabled is false!
08-03 17:27:11.839 I/TotemWeather( 5178): AbstractDualWeatherWidgetHomeView onWindowFocusChanged, hasWindowFocus= true
08-03 17:27:11.909 I/[Gralloc]( 2991): alloc w[16] h[16] format[1] usage[256]
08-03 17:27:11.910 I/[Gralloc]( 2991): alloc succ handle[0x558c9d1c80] stride[32]
08-03 17:27:11.911 E/linker  ( 8080): readlink('/proc/self/fd/21') failed: Permission denied [fd=21]
08-03 17:27:11.911 E/linker  ( 8080): warning: unable to get realpath for the library "/system/lib64/hw/gralloc.hi3635.so". Will use given name.
08-03 17:27:11.912 E/linker  ( 8080): readlink('/proc/self/fd/21') failed: Permission denied [fd=21]
08-03 17:27:11.912 E/linker  ( 8080): warning: unable to get realpath for the library "libion.so". Will use given name.
08-03 17:27:11.913 E/HAL     ( 8080): load: id=gralloc != hmi->id=gralloc
08-03 17:27:11.952 I/TotemWeather( 8080): Log HwDebug:false HwModuleDebug:false
08-03 17:27:11.954 I/TotemWeather( 5178): WidgetUtils cityinfo or weatherinfo is null
08-03 17:27:11.957 I/HwCust  ( 8080): Constructor found for class com.huawei.android.totemweather.utils.HwCustSettingsImpl
08-03 17:27:11.962 I/HwCust  ( 8080): Constructor found for class android.app.HwCustAlarmManagerImpl
08-03 17:27:11.962 I/TotemWeather( 8080): AlarmTaskManager current time is = 20170803T172711
08-03 17:27:11.962 I/TotemWeather( 8080): AlarmTaskManager time is = 20170803T210000
08-03 17:27:11.962 I/TotemWeather( 8080): AlarmTaskManager tregger time is = 20170803T210000
08-03 17:27:11.965 I/TotemWeather( 8080): Utils sThemeFontDirEmpty = true
08-03 17:27:11.974 I/HwCust  ( 8080): Constructor found for class com.huawei.android.totemweather.utils.HwCustTotemLocationImpl
08-03 17:27:11.976 I/TotemWeather( 8080): WeatherService processIntent action =com.huawei.android.action.UNFINISH_RECTIFY
08-03 17:27:11.982 I/PgedBinderListener( 5074): kstate callback type:8 value1=7505 value2=KILLED
08-03 17:27:11.987 W/PhoneInterfaceManager( 5091): shouldBlockLocation running ...
08-03 17:27:11.987 I/PhoneInterfaceManager( 5091): shouldBlockLocation  ret:false
08-03 17:27:11.994 I/TotemWeather( 8080): SchemeTaskController checkCellIdChange begin
08-03 17:27:12.027 E/WifiConfigStore( 3560): updateConfiguration freq=2437 BSSID=74:1f:4a:cd:8f:b7 RSSI=-53 "RJYFZX-Wifi-02"WPA_PSK
08-03 17:27:12.029 I/HuaweiWifiWatchdogStateMachine( 3560): spd good count:0, add sc:0.0, rate:1.0
08-03 17:27:12.029 I/HuaweiWifiWatchdogStateMachine( 3560): current mHighDataFlowRate = 1.0
08-03 17:27:12.029 I/HuaweiWifiWatchdogStateMachine( 3560): POta txb txg rxg:0, 4, 0. Lr =0% Totpkt=4
08-03 17:27:12.029 I/WifiProJNI( 3560): ######### CMD_QUERY_PKTS ########
08-03 17:27:12.029 I/QosMonitor( 3560): postEventFromNative: msg=100,arg1=0,arg2=9
08-03 17:27:12.029 W/WifiProJNI( 3560): poll before: g_monitor_fd =165
08-03 17:27:12.030 I/MQoS    ( 3560): rtt=400,tcp_tx_pkts=115338,tcp_rx_pkts=88745
08-03 17:27:12.030 I/MQoS    ( 3560): QOS_level:0(0),wifi-link;SIM error;use level-0
08-03 17:27:12.031 I/HuaweiWifiWatchdogStateMachine( 3560): PTcp RTT:0, rtt pkt=0, tcp_rx=2, tcp_tx=4, tcp_reTran=2, rtRate=0.5
08-03 17:27:12.032 I/HuaweiWifiWatchdogStateMachine( 3560): rs ota tcp lr rttvb bad: false, false, false, false, false; rsth:-75
08-03 17:27:12.032 I/HuaweiWifiWatchdogStateMachine( 3560): after backoff rssi th: -75, next TH:-75
08-03 17:27:12.032 I/HuaweiWifiWatchdogStateMachine( 3560):  pkt chk not bad, reset sc to 0.
08-03 17:27:12.033 I/TotemWeather( 8080): SchemeTaskController checkCellIdChange begin
08-03 17:27:12.033 W/TotemWeather( 8080): SchemeTaskController checkCellIdChange cellId is equals mCellId return
08-03 17:27:12.049 E/HsmCoreServiceImpl( 3560): onTransact in code is: 102
08-03 17:27:12.049 I/MediaProcessHandler( 3560): processOp opType: 1, uid: 10002, pid: 7505
08-03 17:27:12.049 W/MediaProcessHandler( 3560): remove target not exist, maybe the UI process: uid: 10002, pid: 7505
08-03 17:27:12.306 I/HwLauncher( 5178): HatDropTargetBar animateOutHatDropTarget
08-03 17:27:12.306 I/HwLauncher( 5178): DeleteDropTarget startSwing onAnimationEnd batchUninstaller.isBatchUninstalling() = false batchUninstaller.mDialogId = -1
08-03 17:27:12.306 I/HwLauncher( 5178): Launcher  uninstallApp mUninstallShortcutInfo.title = 资产家
08-03 17:27:12.310 I/HwLauncher( 5178): CellLayout rearrangeAfterRmItem isAutoAlign = false
08-03 17:27:12.312 I/HwLauncher( 5178): Launcher mUnlockScreenRunnbale  getOrientationEnabled false 
08-03 17:27:12.313 I/HwLauncher( 5178): Launcher.LauncherProvider  queried count: 1
08-03 17:27:12.337 I/HwLauncher( 5178): Model check disappeared icons for Radar
08-03 17:27:12.350 W/beacon  ( 7827): startQuery: query times or query success times arrive max, return!
08-03 17:27:12.550 I/art     ( 3560): Starting a blocking GC Explicit
08-03 17:27:12.571 I/TrafficMonitor( 3560): update:rxPkts:7,txPkts:0,rxBytes:643,txBytes:0
08-03 17:27:12.571 I/TrafficMonitor( 3560): start expired. level:-1
08-03 17:27:12.571 I/TrafficMonitor( 3560): gettimer:interval=2000
08-03 17:27:12.586 W/Settings( 5322): Setting airplane_mode_on has moved from android.provider.Settings.System to android.provider.Settings.Global, returning read-only value.
08-03 17:27:12.587 I/[Gralloc]( 2991): alloc w[1] h[1740] format[1] usage[2816]
08-03 17:27:12.587 I/[Gralloc]( 2991): alloc succ handle[0x558cab5ca0] stride[32]
08-03 17:27:12.590 W/beacon  ( 5322): onUserAction return false, because eventName:[loadSoOld] is not allowed in server strategy!
08-03 17:27:12.592 W/Settings( 5322): Setting airplane_mode_on has moved from android.provider.Settings.System to android.provider.Settings.Global, returning read-only value.
08-03 17:27:12.594 W/beacon  ( 5322): onUserAction return false, because eventName:[dim.Msf.AppConnectFail] is not allowed in server strategy!
08-03 17:27:12.595 W/Settings( 5322): Setting airplane_mode_on has moved from android.provider.Settings.System to android.provider.Settings.Global, returning read-only value.
08-03 17:27:12.597 W/beacon  ( 5322): onUserAction return false, because eventName:[loadSoNew] is not allowed in server strategy!
08-03 17:27:12.599 W/Settings( 5322): Setting airplane_mode_on has moved from android.provider.Settings.System to android.provider.Settings.Global, returning read-only value.
08-03 17:27:12.600 W/beacon  ( 5322): onUserAction return false, because eventName:[dim.Msf.AppConnectFail] is not allowed in server strategy!
08-03 17:27:12.600 W/beacon  ( 5322): onUserAction return false, because eventName:[dim.Msf.PushSendFail] is not allowed in server strategy!
08-03 17:27:12.602 W/Settings( 5322): Setting airplane_mode_on has moved from android.provider.Settings.System to android.provider.Settings.Global, returning read-only value.
08-03 17:27:12.603 W/beacon  ( 5322): onUserAction return false, because eventName:[ReqQualitySendError] is not allowed in server strategy!
08-03 17:27:12.604 W/beacon  ( 5322): onUserAction return false, because eventName:[dim.Msf.PushSendFail] is not allowed in server strategy!
08-03 17:27:12.605 W/Settings( 5322): Setting airplane_mode_on has moved from android.provider.Settings.System to android.provider.Settings.Global, returning read-only value.
08-03 17:27:12.607 W/beacon  ( 5322): onUserAction return false, because eventName:[ReqQualitySendError] is not allowed in server strategy!
08-03 17:27:12.660 I/HwLauncher( 5178):  FPSMonitor [Launcher , dispatchTouchEvent begin, false, true] down event  x = 872 y = 872
08-03 17:27:12.660 I/HwLauncher( 5178): Launcher  while lockScreenOrientation,isRotationEnabled is false!
08-03 17:27:12.660 I/HwLauncher( 5178):  FPSMonitor [PagedView , onIntercept] down event  x = 872 y = 872
08-03 17:27:12.661 I/HwLauncher( 5178):  FPSMonitor [Launcher , dispatchTouchEvent end, false, true] down event  x = 872 y = 872
08-03 17:27:12.702 I/ash     ( 5074): start clean protect apps
08-03 17:27:12.709 I/HwLauncher( 5178):  FPSMonitor startScroll xMoved = true  xPaged = true xDiff =  35
08-03 17:27:12.710 I/ash     ( 5074): clean protect apps :[com.huawei.hwvplayer.youku, com.screeclibinvoke, com.sina.weibo, com.huawei.KoBackup, com.tencent.mtt, com.huawei.phonediagnose, cn.wps.moffice_eng, com.tencent.mobileqq, com.huawei.hwireader, org.mopria.printplugin, com.taobao.taobao, com.huawei.android.hwouc, com.tencent.mm]
08-03 17:27:12.751 I/HwLauncher( 5178):  FPSMonitor [Launcher , dispatchTouchEvent begin, false, true] up event  x = 712 y = 712
08-03 17:27:12.751 I/HwLauncher( 5178):  FPSMonitor [PagedView , onTouchEvent] up event  x = 712 y = 712
08-03 17:27:12.751 I/HwLauncher( 5178):  FPSMonitor snapToPage whichPage = 3 delta = -188 duration = 440
08-03 17:27:12.752 W/HwLauncher( 5178): Workspace workspace notfiyPageSwitchListener clingContoller is NULL
08-03 17:27:12.752 I/HwLauncher( 5178): Launcher mUnlockScreenRunnbale  getOrientationEnabled false 
08-03 17:27:12.752 I/HwLauncher( 5178):  FPSMonitor [Launcher , dispatchTouchEvent end, false, true] up event  x = 712 y = 712
08-03 17:27:12.792 I/art     ( 3560): Explicit concurrent mark sweep GC freed 35877(2MB) AllocSpace objects, 2(40KB) LOS objects, 7% free, 50MB/54MB, paused 2.346ms total 241.889ms
08-03 17:27:12.793 I/HwLauncher( 5178): Launcher packageDeleted packageName = com.djr.zichanjia returnCode = 1
08-03 17:27:12.817 I/HwPFWLogger( 3560): AppAutoStartupPolicy:prevent start receiver of package com.nuance.swype.emui for action android.intent.action.PACKAGE_REMOVED
08-03 17:27:12.817 I/HwPFWLogger( 3560): AppAutoStartupPolicy:prevent start receiver of package com.UCMobile for action android.intent.action.PACKAGE_REMOVED
08-03 17:27:12.817 I/HwPFWLogger( 3560): AppAutoStartupPolicy:prevent start receiver of package com.UCMobile for action android.intent.action.PACKAGE_REMOVED
08-03 17:27:12.818 I/HwPFWLogger( 3560): AppAutoStartupPolicy:prevent start receiver of package com.Qunar for action android.intent.action.PACKAGE_REMOVED
08-03 17:27:12.818 I/HwPFWLogger( 3560): AppAutoStartupPolicy:prevent start receiver of package com.taobao.taobao for action android.intent.action.PACKAGE_REMOVED
08-03 17:27:12.818 I/HwPFWLogger( 3560): AppAutoStartupPolicy:prevent start receiver of package com.taobao.taobao for action android.intent.action.PACKAGE_REMOVED
08-03 17:27:12.818 I/HwPFWLogger( 3560): AppAutoStartupPolicy:prevent start receiver of package com.dianping.v1 for action android.intent.action.PACKAGE_REMOVED
08-03 17:27:12.824 I/IntelligentScene( 4010): mPackageReceiver, action= android.intent.action.PACKAGE_REMOVED
08-03 17:27:12.824 I/IntelligentScene( 4010): packageName = com.djr.zichanjia
08-03 17:27:12.827 I/HwSystemManager( 4425): HsmPackageManager:Receive intent:Intent { act=android.intent.action.PACKAGE_REMOVED dat=package:com.djr.zichanjia flg=0x4000010 (has extras) }
08-03 17:27:12.827 I/HwSystemManager( 4425): HsmPackageManager:replacing:false
08-03 17:27:12.827 I/HwSystemManager( 4425): HsmPackageManager:pkgName:com.djr.zichanjia
08-03 17:27:12.827 I/HwSystemManager( 4425): HsmPackageManager:doAppRemoved, remove:com.djr.zichanjia
08-03 17:27:12.846 I/PushLog2616( 8285): [main-1]action is android.intent.action.PACKAGE_REMOVED(android/null:-1)
08-03 17:27:12.849 I/InputReader( 3560): Reconfiguring input devices.  changes=0x00000010
08-03 17:27:12.863 I/SendBroadcastPermission( 3560): action:com.android.server.action.NETWORK_STATS_UPDATED, mPermissionType:0
08-03 17:27:12.870 I/HwLauncher( 5178): SimpleLauncherModeaction= android.intent.action.PACKAGE_REMOVEDpackageName = com.djr.zichanjia
08-03 17:27:12.870 I/HwLauncher( 5178): LauncherDownloadModel onReceive intent=Intent { act=android.intent.action.PACKAGE_REMOVED dat=package:com.djr.zichanjia flg=0x4000010 (has extras) }
08-03 17:27:12.871 I/HwLauncher( 5178): SimpleLauncherModedeleteBadgeItemFromDBByPkg packageName=com.djr.zichanjia
08-03 17:27:12.873 I/HwLauncher( 5178): Launcher.LauncherProvider  only HwLauncher can use LauncherProvider's delete method to delete badge table item
08-03 17:27:12.873 I/HwLauncher( 5178): SimpleAllAppsList   add packageName into uninstalledSDApps
08-03 17:27:12.873 I/HwLauncher( 5178): SimpleLauncherModeuninstalledSDApps size > 0
08-03 17:27:12.873 W/HwLauncher( 5178): SimpleLauncherModeNobody to tell about the new app.  Launcher is probably loading.
08-03 17:27:12.873 I/HwLauncher( 5178): SimpleLauncherModeOP_REMOVE callback is null, delete simpleUI database record
08-03 17:27:12.879 I/HwLauncher( 5178): Launcher.LauncherProvider  queried count: 9
08-03 17:27:12.900 E/HwSystemManager( 4425): NatTrafficNotifyService:imsi is null, so return
08-03 17:27:12.919 I/[Gralloc]( 2991): alloc w[16] h[16] format[1] usage[256]
08-03 17:27:12.919 I/[Gralloc]( 2991): alloc succ handle[0x558cabcff0] stride[32]
08-03 17:27:12.921 E/linker  ( 8113): readlink('/proc/self/fd/21') failed: Permission denied [fd=21]
08-03 17:27:12.922 E/linker  ( 8113): warning: unable to get realpath for the library "/system/lib64/hw/gralloc.hi3635.so". Will use given name.
08-03 17:27:12.924 E/linker  ( 8113): readlink('/proc/self/fd/21') failed: Permission denied [fd=21]
08-03 17:27:12.924 E/linker  ( 8113): warning: unable to get realpath for the library "libion.so". Will use given name.
08-03 17:27:12.925 I/HwSystemManager( 7570): HsmPackageManager:Receive intent:Intent { act=android.intent.action.PACKAGE_REMOVED dat=package:com.djr.zichanjia flg=0x4000010 (has extras) }
08-03 17:27:12.926 I/HwSystemManager( 7570): HsmPackageManager:replacing:false
08-03 17:27:12.926 E/HAL     ( 8113): load: id=gralloc != hmi->id=gralloc
08-03 17:27:12.928 I/HwSystemManager( 7570): HsmPackageManager:pkgName:com.djr.zichanjia
08-03 17:27:12.929 I/HwSystemManager( 7570): HsmPackageManager:doAppRemoved, remove:com.djr.zichanjia
08-03 17:27:12.959 I/[Gralloc]( 2991): alloc w[16] h[16] format[1] usage[256]
08-03 17:27:12.959 I/[Gralloc]( 2991): alloc succ handle[0x558cabcff0] stride[32]
08-03 17:27:12.963 E/HwBastetService( 3560): name: com.djr.zichanjia
08-03 17:27:12.963 W/System.err( 3560): android.content.pm.PackageManager$NameNotFoundException: com.djr.zichanjia
08-03 17:27:12.963 W/System.err( 3560): 	at android.app.ApplicationPackageManager.getPackageUid(ApplicationPackageManager.java:248)
08-03 17:27:12.963 W/System.err( 3560): 	at com.android.server.HwBastetService.removeHrtApp(HwBastetService.java:619)
08-03 17:27:12.963 W/System.err( 3560): 	at com.android.server.HwBastetService.access$1700(HwBastetService.java:51)
08-03 17:27:12.963 W/System.err( 3560): 	at com.android.server.HwBastetService$5.onReceive(HwBastetService.java:339)
08-03 17:27:12.963 W/System.err( 3560): 	at android.app.LoadedApk$ReceiverDispatcher$Args.run(LoadedApk.java:962)
08-03 17:27:12.963 W/System.err( 3560): 	at android.os.Handler.handleCallback(Handler.java:743)
08-03 17:27:12.963 W/System.err( 3560): 	at android.os.Handler.dispatchMessage(Handler.java:95)
08-03 17:27:12.963 W/System.err( 3560): 	at android.os.Looper.loop(Looper.java:150)
08-03 17:27:12.963 W/System.err( 3560): 	at com.android.server.SystemServer.run(SystemServer.java:397)
08-03 17:27:12.963 W/System.err( 3560): 	at com.android.server.SystemServer.main(SystemServer.java:268)
08-03 17:27:12.963 W/System.err( 3560): 	at java.lang.reflect.Method.invoke(Native Method)
08-03 17:27:12.963 W/System.err( 3560): 	at com.android.internal.os.ZygoteInit$MethodAndArgsCaller.run(ZygoteInit.java:794)
08-03 17:27:12.963 W/System.err( 3560): 	at com.android.internal.os.ZygoteInit.main(ZygoteInit.java:684)
08-03 17:27:12.967 E/linker  ( 8126): readlink('/proc/self/fd/21') failed: Permission denied [fd=21]
08-03 17:27:12.967 E/linker  ( 8126): warning: unable to get realpath for the library "/system/lib64/hw/gralloc.hi3635.so". Will use given name.
08-03 17:27:12.968 E/linker  ( 8126): readlink('/proc/self/fd/21') failed: Permission denied [fd=21]
08-03 17:27:12.969 E/linker  ( 8126): warning: unable to get realpath for the library "libion.so". Will use given name.
08-03 17:27:12.969 I/Settings(26480): FingerprintSettings not supported hide the entrance
08-03 17:27:12.970 E/HAL     ( 8126): load: id=gralloc != hmi->id=gralloc
08-03 17:27:12.976 I/PgedBinderListener( 5074): kstate callback type:8 value1=7550 value2=KILLED
08-03 17:27:12.977 E/TAG     (26480): Error while trying to read from hw_clone_app_list
08-03 17:27:12.977 E/TAG     (26480): java.io.IOException: read failed: EBADF (Bad file descriptor)
08-03 17:27:12.977 E/TAG     (26480): 	at libcore.io.IoBridge.read(IoBridge.java:485)
08-03 17:27:12.977 E/TAG     (26480): 	at java.io.FileInputStream.read(FileInputStream.java:177)
08-03 17:27:12.977 E/TAG     (26480): 	at java.io.InputStreamReader.read(InputStreamReader.java:233)
08-03 17:27:12.977 E/TAG     (26480): 	at org.kxml2.io.KXmlParser.fillBuffer(KXmlParser.java:1515)
08-03 17:27:12.977 E/TAG     (26480): 	at org.kxml2.io.KXmlParser.peekType(KXmlParser.java:992)
08-03 17:27:12.977 E/TAG     (26480): 	at org.kxml2.io.KXmlParser.next(KXmlParser.java:349)
08-03 17:27:12.977 E/TAG     (26480): 	at org.kxml2.io.KXmlParser.next(KXmlParser.java:313)
08-03 17:27:12.977 E/TAG     (26480): 	at com.android.settings.Utils.getXmlFormCust(Utils.java:3304)
08-03 17:27:12.977 E/TAG     (26480): 	at com.android.settings.Utils.hasAppCloneCust(Utils.java:3341)
08-03 17:27:12.977 E/TAG     (26480): 	at com.android.settings.SettingsActivity.updateTilesList(SettingsActivity.java:1835)
08-03 17:27:12.977 E/TAG     (26480): 	at com.android.settings.HWSettings.buildDashboardCategories(HWSettings.java:114)
08-03 17:27:12.977 E/TAG     (26480): 	at com.android.settings.dashboard.DashboardSummary.getDashboardCategories(DashboardSummary.java:496)
08-03 17:27:12.977 E/TAG     (26480): 	at com.android.settings.dashboard.DashboardSummary.rebuildUI(DashboardSummary.java:330)
08-03 17:27:12.977 E/TAG     (26480): 	at com.android.settings.dashboard.DashboardSummary.rebuildUI(DashboardSummary.java:298)
08-03 17:27:12.977 E/TAG     (26480): 	at com.android.settings.dashboard.DashboardSummary.access$000(DashboardSummary.java:70)
08-03 17:27:12.977 E/TAG     (26480): 	at com.android.settings.dashboard.DashboardSummary$1.handleMessage(DashboardSummary.java:129)
08-03 17:27:12.977 E/TAG     (26480): 	at android.os.Handler.dispatchMessage(Handler.java:102)
08-03 17:27:12.977 E/TAG     (26480): 	at android.os.Looper.loop(Looper.java:150)
08-03 17:27:12.977 E/TAG     (26480): 	at android.app.ActivityThread.main(ActivityThread.java:5621)
08-03 17:27:12.977 E/TAG     (26480): 	at java.lang.reflect.Method.invoke(Native Method)
08-03 17:27:12.977 E/TAG     (26480): 	at com.android.internal.os.ZygoteInit$MethodAndArgsCaller.run(ZygoteInit.java:794)
08-03 17:27:12.977 E/TAG     (26480): 	at com.android.internal.os.ZygoteInit.main(ZygoteInit.java:684)
08-03 17:27:12.977 E/TAG     (26480): Caused by: android.system.ErrnoException: read failed: EBADF (Bad file descriptor)
08-03 17:27:12.977 E/TAG     (26480): 	at libcore.io.Posix.readBytes(Native Method)
08-03 17:27:12.977 E/TAG     (26480): 	at libcore.io.Posix.read(Posix.java:169)
08-03 17:27:12.977 E/TAG     (26480): 	at libcore.io.BlockGuardOs.read(BlockGuardOs.java:230)
08-03 17:27:12.977 E/TAG     (26480): 	at libcore.io.IoBridge.read(IoBridge.java:475)
08-03 17:27:12.977 E/TAG     (26480): 	... 21 more
08-03 17:27:12.988 I/MultiDex( 8126): VM with version 2.1.0 has multidex support
08-03 17:27:12.988 I/MultiDex( 8126): install
08-03 17:27:12.988 I/MultiDex( 8126): VM has multidex support, MultiDex support library is disabled.
08-03 17:27:12.995 I/HiApp   ( 8126): HiApp init sdk version:1.1
08-03 17:27:13.054 I/[Gralloc]( 2991): alloc w[16] h[16] format[1] usage[256]
08-03 17:27:13.054 I/[Gralloc]( 2991): alloc succ handle[0x558cabcff0] stride[32]
08-03 17:27:13.055 E/linker  ( 8148): readlink('/proc/self/fd/21') failed: Permission denied [fd=21]
08-03 17:27:13.055 E/linker  ( 8148): warning: unable to get realpath for the library "/system/lib64/hw/gralloc.hi3635.so". Will use given name.
08-03 17:27:13.058 E/linker  ( 8148): readlink('/proc/self/fd/21') failed: Permission denied [fd=21]
08-03 17:27:13.058 E/linker  ( 8148): warning: unable to get realpath for the library "libion.so". Will use given name.
08-03 17:27:13.059 E/HAL     ( 8148): load: id=gralloc != hmi->id=gralloc
08-03 17:27:13.062 W/Searchables( 3560): No global search activity found
08-03 17:27:13.062 I/SendBroadcastPermission( 3560): action:android.search.action.SEARCHABLES_CHANGED, mPermissionType:0
08-03 17:27:13.063 I/HwLauncher( 5178): Model onPackageRemoved packageName = com.djr.zichanjia user = UserHandle{0}
08-03 17:27:13.063 I/HwLauncher( 5178): AppsBatchUninstaller batch-uninstall the remaining size of the delete list : 0
08-03 17:27:13.063 I/HwLauncher( 5178): MutilSelectedIcons onPreHandleUpdatedTask : mIsInMutilSelectMode = false task = 3 packages = [com.djr.zichanjia] hasHandleInvisiblePanel = false
08-03 17:27:13.063 I/HwLauncher( 5178): DeleteDropTarget onPreHandleUpdatedTask : isToUninstallApp = false
08-03 17:27:13.063 I/HwLauncher( 5178): Model  enqueuePackageUpdated post task
08-03 17:27:13.063 I/HwLauncher( 5178): Model  PackageUpdatedTask Op : 3
08-03 17:27:13.063 I/HwLauncher( 5178): Model mAllAppsList.removePackage com.djr.zichanjia
08-03 17:27:13.065 W/System  ( 8148): ClassLoader referenced unknown path: /system/app/HwParentControl/lib/arm64
08-03 17:27:13.077 E/HideAppsPagedView( 5178): removeItems begin 
08-03 17:27:13.077 E/HideAppsPagedView( 5178): ShortcutInfo(title=资产家)
08-03 17:27:13.077 E/HideAppsPagedView( 5178): removeItems end 
08-03 17:27:13.080 E/HsmCoreServiceImpl( 3560): onTransact in code is: 102
08-03 17:27:13.080 I/MediaProcessHandler( 3560): processOp opType: 1, uid: 10015, pid: 7550
08-03 17:27:13.080 W/MediaProcessHandler( 3560): remove target not exist, maybe the UI process: uid: 10015, pid: 7550
08-03 17:27:13.094 E/HideAppsPagedView( 5178): removeHideApps  begin 
08-03 17:27:13.094 E/HideAppsPagedView( 5178): removeHideApps  end 
08-03 17:27:13.094 E/HideAppsPagedView( 5178):  syncPages mCurrentPage = 0
08-03 17:27:13.096 W/Settings(26480): Activity com.huawei.hwid.ui.extend.setting.StartUpGuideLoginActivity has unknown category key com.android.settings.category.accounts
08-03 17:27:13.099 E/HideAppsPagedView( 5178):  syncAppsPageItems page = 0 mNumAppsPages = 1 mCurrentPage = 0
08-03 17:27:13.099 E/HideAppsPagedView( 5178):  createAddIcon count = 0
08-03 17:27:13.102 I/HwLauncher( 5178): Launcher.Utilities   controlColor == 0
08-03 17:27:13.103 I/HwLauncher( 5178):  FPSMonitor snapToPage whichPage = 0 delta = 0 duration = 550
08-03 17:27:13.159 W/HwLauncher( 5178): Workspace workspace notfiyPageSwitchListener clingContoller is NULL
08-03 17:27:13.160 I/HwLauncher( 5178):  FPSMonitor endScroll
08-03 17:27:13.256 I/SendBroadcastPermission( 8126): action:com.huawei.appmarket.service.downloadservice.Receiver, mPermissionType:0
08-03 17:27:13.257 I/HwLauncher( 5178): LauncherDownloadModel onReceive intent=Intent { act=com.huawei.appmarket.service.downloadservice.Receiver flg=0x10 }
08-03 17:27:13.257 W/HwLauncher( 5178): get getBundleExtra with downloadtask all return null!
08-03 17:27:13.309 I/PgedBinderListener( 5074): kstate callback type:8 value1=7570 value2=KILLED
08-03 17:27:13.352 I/[Gralloc]( 2991): alloc w[16] h[16] format[1] usage[256]
08-03 17:27:13.352 I/[Gralloc]( 2991): alloc succ handle[0x558cabcff0] stride[32]
08-03 17:27:13.353 E/linker  ( 8190): readlink('/proc/self/fd/21') failed: Permission denied [fd=21]
08-03 17:27:13.353 E/linker  ( 8190): warning: unable to get realpath for the library "/system/lib64/hw/gralloc.hi3635.so". Will use given name.
08-03 17:27:13.354 E/linker  ( 8190): readlink('/proc/self/fd/21') failed: Permission denied [fd=21]
08-03 17:27:13.354 E/linker  ( 8190): warning: unable to get realpath for the library "libion.so". Will use given name.
08-03 17:27:13.355 E/HAL     ( 8190): load: id=gralloc != hmi->id=gralloc
08-03 17:27:13.388 I/PgedBinderListener( 5074): kstate callback type:8 value1=7661 value2=KILLED
08-03 17:27:13.392 I/PgedBinderListener( 5074): kstate callback type:8 value1=7570 value2=KILLED
08-03 17:27:13.399 E/HsmCoreServiceImpl( 3560): onTransact in code is: 102
08-03 17:27:13.399 W/PackageManager( 8126): Failure retrieving resources for com.xihe.moblie.credit
08-03 17:27:13.399 W/MediaProcessHandler( 3560): processOp uid 1000 is not concerned!
08-03 17:27:13.401 I/NetworkSpeedManagerEx( 4010): mIsStop = false
08-03 17:27:13.403 I/NetworkSpeedManagerEx( 4010):  value = 240.33333
08-03 17:27:13.403 I/NetworkSpeedManagerEx( 4010): speed = 240B/s
08-03 17:27:13.403 I/NetworkSpeedView( 4010): /update(), speed=240B/s
08-03 17:27:13.404 I/PgedBinderListener( 5074): kstate callback type:8 value1=7661 value2=KILLED
08-03 17:27:13.447 I/HwCust  ( 8190): Constructor found for class com.android.contacts.HwCustContactApplicationHelperImpl
08-03 17:27:13.449 I/HwCust  ( 8190): Constructor found for class com.android.contacts.preference.HwCustContactsPreferencesImpl
08-03 17:27:13.456 I/HwCust  ( 8190): Constructor found for class android.app.HwCustHwWallpaperManagerImpl
08-03 17:27:13.457 I/HwCust  ( 8190): Constructor found for class com.android.contacts.model.account.HwCustFallbackAccountTypeImpl
08-03 17:27:13.465 W/CfgFilePolicy( 8190): No config file found for:xml/rcs_defaults.xml
08-03 17:27:13.472 I/PgedBinderListener( 5074): kstate callback type:8 value1=7684 value2=KILLED
08-03 17:27:13.476 I/PgedBinderListener( 5074): kstate callback type:8 value1=7661 value2=KILLED
08-03 17:27:13.483 I/HwCust  ( 8190): Constructor found for class com.android.contacts.hap.HwCustCommonUtilMethodsImpl
08-03 17:27:13.494 I/HwCust  ( 8190): Constructor found for class com.android.contacts.model.account.HwCustAccountModelCustomizationImpl
08-03 17:27:13.513 E/HsmCoreServiceImpl( 3560): onTransact in code is: 102
08-03 17:27:13.513 W/MediaProcessHandler( 3560): processOp uid 1000 is not concerned!
08-03 17:27:13.514 I/PgedBinderListener( 5074): kstate callback type:8 value1=7684 value2=KILLED
08-03 17:27:13.525 I/art     ( 3560): Background sticky concurrent mark sweep GC freed 32452(3MB) AllocSpace objects, 1(20KB) LOS objects, 6% free, 50MB/54MB, paused 6.770ms total 50.915ms
08-03 17:27:13.543 W/ResourceType( 8190): For resource 0x7f020dac, entry index(3500) is beyond type entryCount(476)
08-03 17:27:13.543 W/ResourceType( 8190): Failure getting entry for 0x7f020dac (t=1 e=3500) (error -75)
08-03 17:27:13.544 W/ResourceType( 8190): For resource 0x7f020dab, entry index(3499) is beyond type entryCount(476)
08-03 17:27:13.544 W/ResourceType( 8190): Failure getting entry for 0x7f020dab (t=1 e=3499) (error -75)
08-03 17:27:13.547 I/[Gralloc]( 2991): alloc w[16] h[16] format[1] usage[256]
08-03 17:27:13.547 I/[Gralloc]( 2991): alloc succ handle[0x558cabcff0] stride[32]
08-03 17:27:13.548 E/linker  ( 8219): readlink('/proc/self/fd/21') failed: Permission denied [fd=21]
08-03 17:27:13.548 E/linker  ( 8219): warning: unable to get realpath for the library "/system/lib/hw/gralloc.hi3635.so". Will use given name.
08-03 17:27:13.556 I/HwCust  ( 8190): Constructor found for class com.android.contacts.model.account.HwCustExchangeAccountTypeImpl
08-03 17:27:13.557 E/linker  ( 8219): readlink('/proc/self/fd/21') failed: Permission denied [fd=21]
08-03 17:27:13.557 E/linker  ( 8219): warning: unable to get realpath for the library "libion.so". Will use given name.
08-03 17:27:13.559 I/AccountManagerService( 3560): getTypesVisibleToCaller: isPermitted? true
08-03 17:27:13.561 E/HAL     ( 8219): load: id=gralloc != hmi->id=gralloc
08-03 17:27:13.568 E/HsmCoreServiceImpl( 3560): onTransact in code is: 102
08-03 17:27:13.568 I/MediaProcessHandler( 3560): processOp opType: 1, uid: 10046, pid: 7684
08-03 17:27:13.568 W/MediaProcessHandler( 3560): remove target not exist, maybe the UI process: uid: 10046, pid: 7684
08-03 17:27:13.577 W/ResourceType( 8190): For resource 0x7f020dac, entry index(3500) is beyond type entryCount(476)
08-03 17:27:13.577 W/ResourceType( 8190): Failure getting entry for 0x7f020dac (t=1 e=3500) (error -75)
08-03 17:27:13.577 W/ResourceType( 8190): For resource 0x7f020dab, entry index(3499) is beyond type entryCount(476)
08-03 17:27:13.578 W/ResourceType( 8190): Failure getting entry for 0x7f020dab (t=1 e=3499) (error -75)
08-03 17:27:13.580 I/AccountManagerService( 3560): getTypesVisibleToCaller: isPermitted? true
08-03 17:27:13.589 I/SendBroadcastPermission( 8126): action:com.huawei.appmarket.service.downloadservice.Receiver, mPermissionType:0
08-03 17:27:13.590 I/HwLauncher( 5178): LauncherDownloadModel onReceive intent=Intent { act=com.huawei.appmarket.service.downloadservice.Receiver flg=0x10 }
08-03 17:27:13.590 W/HwLauncher( 5178): get getBundleExtra with downloadtask all return null!
08-03 17:27:13.620 E/WifiConfigStore( 3560): updateConfiguration freq=2437 BSSID=74:1f:4a:cd:8f:b7 RSSI=-54 "RJYFZX-Wifi-02"WPA_PSK
08-03 17:27:13.682 E/Minikin ( 8219): addFont failed to create font /system/fonts/DroidSansChineseslim.ttf
08-03 17:27:13.683 W/GalleryUtils( 8219): the font DroidSanChineseSlim is not exist!
08-03 17:27:13.720 I/LogCollectManager( 8219): start to bind to Log Collect service
08-03 17:27:13.731 I/LogCollectManager( 8219): service is connected
08-03 17:27:13.737 I/HwSystemManager( 4425): NotificationManagerReceiver:onReceive action = android.intent.action.PACKAGE_REMOVED
08-03 17:27:13.740 I/HwCust  ( 8219): Constructor found for class com.huawei.gallery.app.HwCustPhotoPageImpl
08-03 17:27:13.763 I/PgedBinderListener( 5074): kstate callback type:8 value1=7705 value2=KILLED
08-03 17:27:13.768 W/HwSystemManager( 4425): NotificationDBProvider:queryNotificationList: nType = 1
08-03 17:27:13.790 E/HsmCoreServiceImpl( 3560): onTransact in code is: 102
08-03 17:27:13.790 W/MediaProcessHandler( 3560): processOp uid 1000 is not concerned!
08-03 17:27:13.790 I/HwSystemManager( 4425): HsmPackageManager:get all installed packages, flag:0, size:159
08-03 17:27:13.828 E/linker  ( 8219): readlink('/proc/self/fd/30') failed: Permission denied [fd=30]
08-03 17:27:13.828 E/linker  ( 8219): warning: unable to get realpath for the library "/system/lib/libjnihw_display_engine.so". Will use given name.
08-03 17:27:13.829 I/[Gralloc]( 2991): alloc w[16] h[16] format[1] usage[256]
08-03 17:27:13.829 I/[Gralloc]( 2991): alloc succ handle[0x558cabcff0] stride[32]
08-03 17:27:13.832 E/linker  ( 8219): readlink('/proc/self/fd/30') failed: Permission denied [fd=30]
08-03 17:27:13.832 E/linker  ( 8239): readlink('/proc/self/fd/22') failed: Permission denied [fd=22]
08-03 17:27:13.833 E/linker  ( 8219): warning: unable to get realpath for the library "libdisplay.so". Will use given name.
08-03 17:27:13.833 E/linker  ( 8239): warning: unable to get realpath for the library "/system/lib/hw/gralloc.hi3635.so". Will use given name.
08-03 17:27:13.833 E/linker  ( 8239): readlink('/proc/self/fd/22') failed: Permission denied [fd=22]
08-03 17:27:13.833 E/linker  ( 8239): warning: unable to get realpath for the library "libion.so". Will use given name.
08-03 17:27:13.834 E/HAL     ( 8239): load: id=gralloc != hmi->id=gralloc
08-03 17:27:13.844 E/linker  ( 8219): readlink('/proc/self/fd/30') failed: Permission denied [fd=30]
08-03 17:27:13.844 E/linker  ( 8219): warning: unable to get realpath for the library "/system/lib/libProjectMenuCustEx_jni.so". Will use given name.
08-03 17:27:13.845 E/linker  ( 8219): readlink('/proc/self/fd/30') failed: Permission denied [fd=30]
08-03 17:27:13.845 E/linker  ( 8219): warning: unable to get realpath for the library "libatpswdck.so". Will use given name.
08-03 17:27:13.846 E/linker  ( 8219): readlink('/proc/self/fd/30') failed: Permission denied [fd=30]
08-03 17:27:13.846 E/linker  ( 8219): warning: unable to get realpath for the library "libnvme.so". Will use given name.
08-03 17:27:13.846 E/linker  ( 8219): readlink('/proc/self/fd/30') failed: Permission denied [fd=30]
08-03 17:27:13.846 E/linker  ( 8219): warning: unable to get realpath for the library "libhisi_efuse.so". Will use given name.
08-03 17:27:13.847 E/linker  ( 8219): readlink('/proc/self/fd/30') failed: Permission denied [fd=30]
08-03 17:27:13.847 E/linker  ( 8219): warning: unable to get realpath for the library "lib_atprotocolsw.so". Will use given name.
08-03 17:27:13.848 I/        ( 8219): JNI_OnLoad
08-03 17:27:13.849 E/        ( 8219): getSHVersion called! ver_kind = 4
08-03 17:27:13.850 I/DisplayEngineUtils( 8219): xmlDetect HardwareVersion = GRACE_CLG_VN1, lcd_mode= jdi_NT35695 5.2' CMD TFT
08-03 17:27:13.850 I/DisplayEngineUtils( 8219): xmlDetect targeXml = GRACE+jdi_NT35695 5.2' CMD TFT.xml
08-03 17:27:13.850 I/DisplayEngineUtils( 8219): xmlDetect sCurrentXmlFilePath = /system/etc/gallery/display_engine/display.xml
08-03 17:27:13.851 E/linker  ( 8219): readlink('/proc/self/fd/30') failed: Permission denied [fd=30]
08-03 17:27:13.851 E/linker  ( 8219): warning: unable to get realpath for the library "/system/lib/libjnidcamera_visual_effect.so". Will use given name.
08-03 17:27:13.857 E/DualCameraVisualEffect( 8219): dlopen failed: library "libdcamera_visual_effect.so" not found
08-03 17:27:13.858 I/HwSystemManager( 8239): SystemManagerApplication:onCreate
08-03 17:27:13.858 E/DualCameraVisualEffect( 8219): dlopen failed: library "libdcamera_multiview.so" not found
08-03 17:27:13.859 E/DualCameraVisualEffect( 8219): dlopen failed: library "libdcamera_visual_effect.so" not found
08-03 17:27:13.864 I/System.out( 8239): [ls, -l, /system/priv-app/HwSystemManager/HwSystemManager.apk]
08-03 17:27:13.864 I/System.out( 8239): null
08-03 17:27:13.864 I/System.out( 8239): null
08-03 17:27:13.864 I/System.out( 8239): Calling by::className:com.huawei.systemmanager.util.HwLogTagHelper  MethodName:checkHsmIsPushed
08-03 17:27:13.891 I/HwSystemManager( 8239): ProcPolicy:this proc is:com.huawei.systemmanager
08-03 17:27:13.893 I/HwSystemManager( 8239): check push opration, match idx:-1
08-03 17:27:13.900 I/HwSystemManager( 4425): LocalService:Received start id 15: Intent { cmp=com.huawei.systemmanager/com.huawei.permission.HoldService }
08-03 17:27:13.904 I/HwSystemManager( 4425): BgPowerManagerService:onStartCommand
08-03 17:27:13.926 W/CfgFilePolicy( 8239): No config file found for:xml/hsm_config.xml
08-03 17:27:13.930 I/HwSystemManager( 8239): HsmStat_info:feature enable:true
08-03 17:27:13.936 I/HwSystemManager( 8239): CustomizeWrapper:permissionStatus is 0
08-03 17:27:13.942 I/HwSystemManager( 8239): TMSEngineFeature: TMS support enable for netassistant.
08-03 17:27:13.949 W/CfgFilePolicy( 8239): No config file found for:xml/hsm/protect/hsm_protect_default_value.xml
08-03 17:27:13.954 I/HwSystemManager( 4425): NotificationDBProvider:queryNotificationLimits , return bundle
08-03 17:27:13.960 I/HwSystemManager( 8239): BootStartManager:batchDeleteOperation !
08-03 17:27:13.961 I/HwSystemManager( 8239): BootStartManager:batchDeleteOperation !
08-03 17:27:14.079 I/HwSystemManager( 8239): AppInstallationReceiver:AppInstallationReceiver onReceive action = android.intent.action.PACKAGE_REMOVED
08-03 17:27:14.083 I/HwSystemManager( 8239): SuperAppPermisionChecker:read xml finished
08-03 17:27:14.092 W/CfgFilePolicy( 8239): No config file found for:xml/hw_permission_parameter.xml
08-03 17:27:14.094 I/HwSystemManager( 8239): OptimizeReceiver:OptimizeReceiver received action:android.intent.action.PACKAGE_REMOVED
08-03 17:27:14.095 I/HwCust  ( 8239): Constructor found for class com.huawei.systemmanager.optimize.process.HwCustProtectAppControlImpl
08-03 17:27:14.095 I/HwSystemManager( 8239): ComBroadcastReceiver:ComBroadcastReceiver action = android.intent.action.PACKAGE_REMOVED
08-03 17:27:14.140 I/HwSystemManager( 8239): BootBroadcastReceiver:BootBroadcastReceiver action =android.intent.action.PACKAGE_REMOVED
08-03 17:27:14.144 I/HwSystemManager( 8239): HandlePackageRemoved:HandlePackageRemoved pkgName =com.djr.zichanjia
08-03 17:27:14.149 I/HwSystemManager( 8239): NetAppDBManager:getUidByPkgNameFromDB  uid = 10245 pkgName = com.djr.zichanjia
08-03 17:27:14.156 I/HwCust  ( 8239): Constructor found for class android.app.HwCustHwWallpaperManagerImpl
08-03 17:27:14.211 E/Dialog  ( 8239): show mWindowManager.addView RuntimeException
08-03 17:27:14.221 I/HwSystemManager( 8239): HsmPackageManager:init locale:zh_CN
08-03 17:27:14.228 I/HwSystemManager( 8239): ProtectAppControl:handleMessage:7
08-03 17:27:14.229 I/iptables( 2999): iptables: No chain/target/match by that name.
08-03 17:27:14.229 I/iptables( 2999): iptables terminated by exit(1)
08-03 17:27:14.230 E/BandwidthController( 2999): runIptablesCmd(): res=1 status=256 failed /system/bin/iptables -w -D mobile_reject_list -m owner --uid-owner 10245 --jump REJECT
08-03 17:27:14.230 I/HwSystemManager( 8239): UnifiedPowerAppControl:handleMessage:7
08-03 17:27:14.230 I/HwSystemManager( 8239): PermissionDbHelper: DBHelper Create Database!  : SQLiteDatabase: /data/user/0/com.huawei.systemmanager/databases/permission.db
08-03 17:27:14.231 I/HwSystemManager( 4425): OptimizeProvider:startup allow delete is executed for Uri:content://com.huawei.android.batteryspriteprovider/startupallowapps
08-03 17:27:14.233 E/Dialog  ( 8239): show mWindowManager.addView RuntimeException
08-03 17:27:14.233 I/HwSystemManager( 8239): HsmPackageManager:get all installed packages, flag:0, size:159
08-03 17:27:14.233 E/HwSystemManager( 8239): PermissionDBAdapter:appcationsList size:159
08-03 17:27:14.234 I/HwSystemManager( 8239): PowerGenieDbHelper:delete protect app:com.djr.zichanjia
08-03 17:27:14.234 I/HwSystemManager( 8239): UnifiedPowerAppControl:uninstallAppInner  pkgName:com.djr.zichanjia
08-03 17:27:14.235 W/System.err( 8239): android.content.pm.PackageManager$NameNotFoundException: com.djr.zichanjia
08-03 17:27:14.236 W/System.err( 8239): 	at android.app.ApplicationPackageManager.getApplicationInfo(ApplicationPackageManager.java:321)
08-03 17:27:14.236 W/System.err( 8239): 	at com.huawei.systemmanager.power.model.BatteryStatisticsHelper.updateBatteryInfos(BatteryStatisticsHelper.java:144)
08-03 17:27:14.236 W/System.err( 8239): 	at com.huawei.systemmanager.power.receiver.handle.HandlePackageRemoved.handlePackageRemoved(HandlePackageRemoved.java:29)
08-03 17:27:14.236 W/System.err( 8239): 	at com.huawei.systemmanager.power.receiver.handle.HandlePackageRemoved.handleBroadcast(HandlePackageRemoved.java:20)
08-03 17:27:14.236 W/System.err( 8239): 	at com.huawei.systemmanager.power.receiver.BootBroadcastReceiver.doInBackground(BootBroadcastReceiver.java:87)
08-03 17:27:14.236 W/System.err( 8239): 	at java.lang.reflect.Method.invoke(Native Method)
08-03 17:27:14.236 W/System.err( 8239): 	at com.huawei.systemmanager.util.content.HsmIntentService$Work.reflectTargetReceiver(HsmIntentService.java:232)
08-03 17:27:14.236 W/System.err( 8239): 	at com.huawei.systemmanager.util.content.HsmIntentService$Work.doBackgroud(HsmIntentService.java:213)
08-03 17:27:14.236 W/System.err( 8239): 	at com.huawei.systemmanager.util.content.HsmIntentService$Work.run(HsmIntentService.java:193)
08-03 17:27:14.236 W/System.err( 8239): 	at java.util.concurrent.ThreadPoolExecutor.runWorker(ThreadPoolExecutor.java:1113)
08-03 17:27:14.236 W/System.err( 8239): 	at java.util.concurrent.ThreadPoolExecutor$Worker.run(ThreadPoolExecutor.java:588)
08-03 17:27:14.236 W/System.err( 8239): 	at java.lang.Thread.run(Thread.java:833)
08-03 17:27:14.240 I/ip6tables( 2999): ip6tables: No chain/target/match by that name.
08-03 17:27:14.240 I/ip6tables( 2999): ip6tables terminated by exit(1)
08-03 17:27:14.240 E/BandwidthController( 2999): runIptablesCmd(): res=1 status=256 failed /system/bin/ip6tables -w -D mobile_reject_list -m owner --uid-owner 10245 --jump REJECT
08-03 17:27:14.246 W/CfgFilePolicy( 8239): No config file found for:xml/hsm/permission/hsm_permission_white_apps.xml
08-03 17:27:14.247 W/CfgFilePolicy( 8239): No config file found for:xml/hsm/permission/hsm_permission_black_apps.xml
08-03 17:27:14.248 W/CfgFilePolicy( 8239): No config file found for:xml/hsm/bootstart/hsm_bootstart_white_apps.xml
08-03 17:27:14.249 I/iptables( 2999): iptables: No chain/target/match by that name.
08-03 17:27:14.249 I/HwSystemManager( 8239): NetAppDBManager:deleteInstalledAppFromDB pkgName = com.djr.zichanjia deleted
08-03 17:27:14.249 W/CfgFilePolicy( 8239): No config file found for:xml/hsm/bootstart/hsm_bootstart_black_apps.xml
08-03 17:27:14.250 I/iptables( 2999): iptables terminated by exit(1)
08-03 17:27:14.250 E/BandwidthController( 2999): runIptablesCmd(): res=1 status=256 failed /system/bin/iptables -w -D mobile_reject_list -m owner --uid-owner 10245 --jump REJECT
08-03 17:27:14.252 W/CfgFilePolicy( 8239): No config file found for:xml/hsm/notification/hsm_notification_white_apps.xml
08-03 17:27:14.253 W/CfgFilePolicy( 8239): No config file found for:xml/hsm/notification/hsm_notification_black_apps.xml
08-03 17:27:14.254 W/CfgFilePolicy( 8239): No config file found for:xml/hsm/dropzone/hsm_dropzone_white_apps.xml
08-03 17:27:14.255 I/ash     ( 5074): apps cleanList state changed
08-03 17:27:14.257 I/HwSystemManager( 8239): NoTrafficAppDbInfo:clearOnPkgRemoved ,packageName:  com.djr.zichanjiais removed
08-03 17:27:14.257 W/CfgFilePolicy( 8239): No config file found for:xml/hsm/dropzone/hsm_dropzone_black_apps.xml
08-03 17:27:14.258 W/CfgFilePolicy( 8239): No config file found for:xml/hsm/netaccess/hsm_netaccess_white_apps.xml
08-03 17:27:14.259 I/HwSystemManager( 4425): NatTrafficNotifyService:MSG_NO_TRAFFIC_DB
08-03 17:27:14.259 I/HwSystemManager( 4425): ProtectAppService:send unprotect list broadcast to FWK, isSleepingSave: false, size: 44
08-03 17:27:14.259 I/HwSystemManager( 4425): , unprotect list:[com.Qunar, com.autonavi.minimap, com.UCMobile, com.surfing.kefu, com.dianping.v1, com.qiyi.video, com.iyd.reader.ReadingJoy, com.huawei.hidisk, com.huawei.android.thememanager, com.autonavi.xmgd.navigator, com.ctc.itv.yueme, com.android.calculator2, com.nuance.swype.emui, com.myzaker.ZAKER_Phone, com.netease.newsreader.activity, com.erdo.android.FJDXCartoon, com.inveno.hwread, com.baidu.searchbox, com.iqiyi.share, com.sohu.newsclient, com.lifevibes.grouprecorder, cn.egame.terminal.client4g, io.appium.settings, io.appium.unlock, com.dd.mycar, io.appium.android.ime, com.example.greentea, com.cubic.autohome, com.huawei.vdrive, com.huawei.compass, com.wandoujia.phoenix2, com.xh.caifupeixun, im.yixin, com.eg.android.AlipayGphone, com.shangrong.jieme, com.shuame.sprite, com.example.android.architecture.blueprints.todomvp.mock, com.xihe.moblie.credit, com.huawei.gamebox, com.vmall.client, com.tencent.android.qqdownloader, com.tencent.tmgp.sgame, com.xinhe.sendargs, com.kingroot.kinguser]
08-03 17:27:14.260 I/SendBroadcastPermission( 4425): action:huawei.intent.action.HW_STOPPED_PACKAGE_ACTION, mPermissionType:0
08-03 17:27:14.260 W/CfgFilePolicy( 8239): No config file found for:xml/hsm/netaccess/hsm_netaccess_black_apps.xml
08-03 17:27:14.261 I/HwSystemManager( 4425): NoTrafficAppDbInfo:initDbData
08-03 17:27:14.261 W/HwSystemManager( 4425): IDataBaseHelper:/query :  operate DB faild ! the bind value at index 1 is null
08-03 17:27:14.261 I/HwSystemManager( 4425): NoTrafficAppDbInfo:checkUidPkg , result is empty
08-03 17:27:14.261 I/HwSystemManager( 4425): NoTrafficAppDbInfo:checkUidPkg , for the key is empty
08-03 17:27:14.262 W/HwSystemManager( 4425): IDataBaseHelper:/query :  operate DB faild ! the bind value at index 1 is null
08-03 17:27:14.262 I/HwSystemManager( 4425): NoTrafficAppDbInfo:initListFromDb , result is empty
08-03 17:27:14.262 I/HwSystemManager( 4425): NoTrafficAppDbInfo:initListFromDb , for the key is empty
08-03 17:27:14.263 I/ash     ( 5074): apps protected state changed by system manager.
08-03 17:27:14.263 I/ip6tables( 2999): ip6tables: No chain/target/match by that name.
08-03 17:27:14.263 I/ip6tables( 2999): ip6tables terminated by exit(1)
08-03 17:27:14.263 E/BandwidthController( 2999): runIptablesCmd(): res=1 status=256 failed /system/bin/ip6tables -w -D mobile_reject_list -m owner --uid-owner 10245 --jump REJECT
08-03 17:27:14.264 I/ash     ( 5074): apps protected state changed by system manager.
08-03 17:27:14.264 W/System.err( 3560): com.android.server.NativeDaemonConnector$NativeDaemonArgumentException: command '2814 bandwidth firewall allow mobile 10245 1' failed with '500 2814 Usage: bandwidth firewall allow <interface>  <appUid>'
08-03 17:27:14.265 W/System.err( 3560): 	at com.android.server.NativeDaemonConnector.executeForList(NativeDaemonConnector.java:509)
08-03 17:27:14.265 W/System.err( 3560): 	at com.android.server.NativeDaemonConnector.execute(NativeDaemonConnector.java:367)
08-03 17:27:14.265 W/System.err( 3560): 	at com.android.server.NativeDaemonConnector.execute(NativeDaemonConnector.java:362)
08-03 17:27:14.265 W/System.err( 3560): 	at com.android.server.HwNetworkManagementService.executeHsmCommand(HwNetworkManagementService.java:227)
08-03 17:27:14.265 W/System.err( 3560): 	at com.android.server.HwNetworkManagementService.onTransact(HwNetworkManagementService.java:146)
08-03 17:27:14.265 W/System.err( 3560): 	at android.os.Binder.execTransact(Binder.java:453)
08-03 17:27:14.265 W/CfgFilePolicy( 8239): No config file found for:xml/hsm/applock/hsm_applock_white_apps.xml
08-03 17:27:14.266 I/HwSystemManager( 8239): NativeDaemonConnectManager:send cmd = bandwidth success = false
08-03 17:27:14.267 W/CfgFilePolicy( 8239): No config file found for:xml/default_white_package_name.xml
08-03 17:27:14.269 W/CfgFilePolicy( 8239): No config file found for:xml/default_black_package_name.xml
08-03 17:27:14.272 W/CfgFilePolicy( 8239): No config file found for:xml/hsm/dropzone/hsm_dropzone_default_value.xml
08-03 17:27:14.280 I/iptables( 2999): iptables: No chain/target/match by that name.
08-03 17:27:14.281 I/iptables( 2999): iptables terminated by exit(1)
08-03 17:27:14.281 E/BandwidthController( 2999): runIptablesCmd(): res=1 status=256 failed /system/bin/iptables -w -D wifi_reject_list -m owner --uid-owner 10245 --jump REJECT
08-03 17:27:14.289 I/HwSystemManager( 8239): SpaceCleanReceiver:receive intent:android.intent.action.PACKAGE_REMOVED
08-03 17:27:14.290 I/ip6tables( 2999): ip6tables: No chain/target/match by that name.
08-03 17:27:14.290 I/ip6tables( 2999): ip6tables terminated by exit(1)
08-03 17:27:14.291 E/BandwidthController( 2999): runIptablesCmd(): res=1 status=256 failed /system/bin/ip6tables -w -D wifi_reject_list -m owner --uid-owner 10245 --jump REJECT
08-03 17:27:14.300 I/iptables( 2999): iptables: No chain/target/match by that name.
08-03 17:27:14.300 I/iptables( 2999): iptables terminated by exit(1)
08-03 17:27:14.300 E/BandwidthController( 2999): runIptablesCmd(): res=1 status=256 failed /system/bin/iptables -w -D wifi_reject_list -m owner --uid-owner 10245 --jump REJECT
08-03 17:27:14.302 E/HwSystemManager( 4425): AppCleanUpService:msg is 1
08-03 17:27:14.302 I/HwSystemManager( 8239): SpaceCleanReceiver:package removed: com.djr.zichanjia
08-03 17:27:14.311 I/ip6tables( 2999): ip6tables: No chain/target/match by that name.
08-03 17:27:14.311 I/ip6tables( 2999): ip6tables terminated by exit(1)
08-03 17:27:14.312 E/BandwidthController( 2999): runIptablesCmd(): res=1 status=256 failed /system/bin/ip6tables -w -D wifi_reject_list -m owner --uid-owner 10245 --jump REJECT
