int logctl_get(): open '/dev/hwlog_switch' fail -1, 13. Permission denied

Note: log switch off, only log_main and log_events will have logs!
--------- beginning of main
08-03 17:26:57.801 I/MQoS    ( 3560): onSignal: mSubId=0,currDataSubID=0
08-03 17:26:57.801 I/MQoS    ( 3560): received cell-signal:5
08-03 17:26:57.801 I/SendBroadcastPermission( 3560): action:android.intent.action.SIG_STR, mPermissionType:0
08-03 17:26:58.378 I/NetworkSpeedManagerEx( 4010): mIsStop = false
08-03 17:26:58.381 I/NetworkSpeedManagerEx( 4010):  value = 456.33334
08-03 17:26:58.383 I/NetworkSpeedManagerEx( 4010): speed = 456B/s
08-03 17:26:58.383 I/NetworkSpeedView( 4010): /update(), speed=456B/s
08-03 17:26:58.550 I/SendBroadcastPermission( 3560): action:android.net.wifi.RSSI_CHANGED, mPermissionType:0
08-03 17:26:58.551 E/WifiConfigStore( 3560): updateConfiguration freq=2437 BSSID=74:1f:4a:cd:8f:b7 RSSI=-64 "RJYFZX-Wifi-02"WPA_PSK
08-03 17:26:58.564 I/TrafficMonitor( 3560): update:rxPkts:4,txPkts:2,rxBytes:312,txBytes:104
08-03 17:26:58.564 I/TrafficMonitor( 3560): start expired. level:-1
08-03 17:26:58.564 I/TrafficMonitor( 3560): gettimer:interval=2000
08-03 17:26:59.559 I/HwLauncher( 5178):  FPSMonitor [Launcher , dispatchTouchEvent begin, false, true] down event  x = 852 y = 852
08-03 17:26:59.559 I/HwLauncher( 5178): Launcher  while lockScreenOrientation,isRotationEnabled is false!
08-03 17:26:59.560 I/HwLauncher( 5178):  FPSMonitor [PagedView , onIntercept] down event  x = 852 y = 852
08-03 17:26:59.561 I/HwLauncher( 5178):  FPSMonitor [Launcher , dispatchTouchEvent end, false, true] down event  x = 852 y = 852
08-03 17:26:59.561 I/TrafficMonitor( 3560): expired arrive. level:-1
08-03 17:26:59.561 I/TrafficMonitor( 3560): during_ms:2002,period_ms:2000
08-03 17:26:59.561 I/TrafficMonitor( 3560): count:704,rx_sum:4,tx_sum:2,rxBytes:312,during_ms:2002,rx_speed:155.84415584415586,tx_speed:51.948051948051955,rto:2.0
08-03 17:26:59.624 I/HwLauncher( 5178):  FPSMonitor startScroll xMoved = true  xPaged = false xDiff =  25
08-03 17:26:59.709 I/HwLauncher( 5178):  FPSMonitor [Launcher , dispatchTouchEvent begin, false, true] up event  x = 618 y = 618
08-03 17:26:59.710 I/HwLauncher( 5178):  FPSMonitor [PagedView , onTouchEvent] up event  x = 618 y = 618
08-03 17:26:59.710 I/HwLauncher( 5178):  FPSMonitor snapToPage whichPage = 3 delta = -281 duration = 552
08-03 17:26:59.710 W/HwLauncher( 5178): Workspace workspace notfiyPageSwitchListener clingContoller is NULL
08-03 17:26:59.710 I/HwLauncher( 5178): Launcher mUnlockScreenRunnbale  getOrientationEnabled false 
08-03 17:26:59.711 I/HwLauncher( 5178):  FPSMonitor [Launcher , dispatchTouchEvent end, false, true] up event  x = 618 y = 618
08-03 17:27:00.004 I/TimeManager( 4010): receiver action = android.intent.action.TIME_TICK
08-03 17:27:00.016 I/HwLauncher( 5178): Model  onReceive intent=Intent { act=android.intent.action.TIME_TICK flg=0x50000014 (has extras) }
08-03 17:27:00.016 I/HwLauncher( 5178): Model  onReceive user=UserHandle{0}
08-03 17:27:00.081 I/TotemWeather( 5178): CityTimeView CityTimeView mCurrentViewMode = 10141
08-03 17:27:00.109 I/TotemWeather( 5178): CityTimeFormatView CityTimeFormatView setTimeFormat is24Hour=true,timeFormat=
08-03 17:27:00.110 I/TotemWeather( 5178): DateTimeManager send message delay millis = 60890 ms
08-03 17:27:00.110 I/HwLauncher( 5178): ClockDynamicUpdater date changed begin
08-03 17:27:00.110 I/HwLauncher( 5178): ClockDynamicUpdater date changed end
08-03 17:27:00.111 E/HwLauncher( 5178): SettingsEx , no such field.
08-03 17:27:00.111 W/HwLauncher( 5178): Clock getDataFormat the getSystemString failed.
08-03 17:27:00.112 I/HwLauncher( 5178): DynamicIconData , getDrawableForDynamic begin, pkg = com.android.deskclock, picName = deskclock_bg
08-03 17:27:00.112 I/HwLauncher( 5178): DynamicIconData , getDrawableForDynamic end, pkg = com.android.deskclock, picName = deskclock_bg
08-03 17:27:00.113 W/HwLauncher( 5178): Workspace workspace notfiyPageSwitchListener clingContoller is NULL
08-03 17:27:00.113 I/HwLauncher( 5178):  FPSMonitor endScroll
08-03 17:27:00.115 I/HwLauncher( 5178): Launcher.IconCache, cacheLocked begin Utilities.createIconBitmap entry.title = 时钟
08-03 17:27:00.115 I/HwLauncher( 5178): CalenderDynamicUpdater date changed begin
08-03 17:27:00.115 I/HwLauncher( 5178): CalenderDynamicUpdater date changed end
08-03 17:27:00.131 I/HwLauncher( 5178): Launcher.Utilities createIconBitmap classname = null, sourceWidth = 180, sourceHeight = 180
08-03 17:27:00.134 I/HwLauncher( 5178): Launcher.IconCache, cacheLocked end Utilities.createIconBitmap entry.title = 时钟
08-03 17:27:00.134 I/HwLauncher( 5178): ClockDynamicUpdater clock update folder at ClockDynamicUpdater
08-03 17:27:00.134 I/HwLauncher( 5178): DynamicUpdater updateBitmap end and send update message
08-03 17:27:00.135 I/HwLauncher( 5178): DynamicUpdater call updateFolder
08-03 17:27:00.275 I/HwLauncher( 5178):  FPSMonitor [Launcher , dispatchTouchEvent begin, false, true] down event  x = 582 y = 582
08-03 17:27:00.275 I/HwLauncher( 5178): Launcher  while lockScreenOrientation,isRotationEnabled is false!
08-03 17:27:00.276 I/HwLauncher( 5178):  FPSMonitor [PagedView , onIntercept] down event  x = 582 y = 582
08-03 17:27:00.277 I/HwLauncher( 5178):  FPSMonitor [Launcher , dispatchTouchEvent end, false, true] down event  x = 582 y = 582
08-03 17:27:00.311 I/HwLauncher( 5178):  FPSMonitor startScroll xMoved = true  xPaged = true xDiff =  57
08-03 17:27:00.355 I/HwLauncher( 5178):  FPSMonitor [Launcher , dispatchTouchEvent begin, false, true] up event  x = 783 y = 783
08-03 17:27:00.355 I/HwLauncher( 5178):  FPSMonitor [PagedView , onTouchEvent] up event  x = 783 y = 783
08-03 17:27:00.355 I/HwLauncher( 5178):  FPSMonitor snapToPage whichPage = 2 delta = -841 duration = 524
08-03 17:27:00.355 W/HwLauncher( 5178): Workspace workspace notfiyPageSwitchListener clingContoller is NULL
08-03 17:27:00.356 I/HwLauncher( 5178): Launcher mUnlockScreenRunnbale  getOrientationEnabled false 
08-03 17:27:00.356 I/HwLauncher( 5178):  FPSMonitor [Launcher , dispatchTouchEvent end, false, true] up event  x = 783 y = 783
08-03 17:27:00.565 I/TrafficMonitor( 3560): update:rxPkts:3,txPkts:0,rxBytes:234,txBytes:0
08-03 17:27:00.565 I/TrafficMonitor( 3560): start expired. level:-1
08-03 17:27:00.565 I/TrafficMonitor( 3560): gettimer:interval=2000
08-03 17:27:00.729 I/HwLauncher( 5178):  FPSMonitor endScroll
08-03 17:27:01.031 I/memcheck(28192): needTrimMemory: trimFrom = 0, avail = 1377056, vmSize = 1484044, vssLimit = 4192340, totalPss = 160420, pssLimit = 2858020, agressiveGrowthLimit = 1143208, gentleGrowthLimit = 2000614, availablePmThreshold = 221184, availableVmThreshold = 153600
08-03 17:27:01.384 I/NetworkSpeedManagerEx( 4010): mIsStop = false
08-03 17:27:01.387 I/NetworkSpeedManagerEx( 4010):  value = 130.0
08-03 17:27:01.388 I/NetworkSpeedManagerEx( 4010): speed = 130B/s
08-03 17:27:01.388 I/NetworkSpeedView( 4010): /update(), speed=130B/s
08-03 17:27:01.572 E/WifiConfigStore( 3560): updateConfiguration freq=2437 BSSID=74:1f:4a:cd:8f:b7 RSSI=-63 "RJYFZX-Wifi-02"WPA_PSK
08-03 17:27:02.566 I/TrafficMonitor( 3560): update:rxPkts:1,txPkts:2,rxBytes:78,txBytes:104
08-03 17:27:02.566 I/TrafficMonitor( 3560): start expired. level:-1
08-03 17:27:02.566 I/TrafficMonitor( 3560): gettimer:interval=2000
08-03 17:27:03.142 I/HwLauncher( 5178):  FPSMonitor [Launcher , dispatchTouchEvent begin, false, true] down event  x = 145 y = 145
08-03 17:27:03.142 I/HwLauncher( 5178): Launcher  while lockScreenOrientation,isRotationEnabled is false!
08-03 17:27:03.143 I/HwLauncher( 5178):  FPSMonitor [PagedView , onIntercept] down event  x = 145 y = 145
08-03 17:27:03.145 I/HwLauncher( 5178):  FPSMonitor [Launcher , dispatchTouchEvent end, false, true] down event  x = 145 y = 145
08-03 17:27:03.647 W/ResourceType( 5178): No known package when getting name for resource number 0x9c020001
08-03 17:27:03.647 I/HwLauncher( 5178): Launcher  onLongClick v = com.huawei.android.launcher.BubbleTextView{b4e1259 VFED..CL. ...P.... 0,410-264,700 #9c020001} isLand = false mWorkspaceLoading = false mIsFolderOpening = false isWorkspaceLocked() = false mIsInstallingApp = false mDragLayer.isMoveViewAnimating() = false mDragLayer.isAnimateViewToDrop() = false mIsToUninstallApp = false mPaused = false isRearrangeAnimating() = false
08-03 17:27:03.648 I/HwLauncher( 5178): EdgeTouchDetectorupdateScreenSize - mScreenSize rect 2 :Rect(75, 150 - 1005, 1845)
08-03 17:27:03.648 W/ResourceType( 5178): No known package when getting name for resource number 0x9c020001
08-03 17:27:03.648 I/HwLauncher( 5178): Launcher  onLongClick allowLongPress = true mDragController.isDragging() = false itemUnderLongClick = com.huawei.android.launcher.BubbleTextView{b4e1259 VFED..CL. ...P.... 0,410-264,700 #9c020001}
08-03 17:27:03.654 I/HwLauncher( 5178): CellLayout createAndStartAnim -> size = 17
08-03 17:27:03.682 I/HwLauncher( 5178): Launcher  while lockScreenOrientation,isRotationEnabled is false!
08-03 17:27:03.683 I/HwLauncher( 5178): HatDropTargetBar onDragStart excludeUninstallApp = false isNotGranted = false
08-03 17:27:03.688 I/HwLauncher( 5178): DeleteDropTarget onDragStart mIsUninstallable = true includeDeleteApp = false
08-03 17:27:03.690 I/HwLauncher( 5178): DeleteDropTarget onDragStart isNotGranted = false
08-03 17:27:03.690 I/HwLauncher( 5178): ShareDropTarget onDragStart 
08-03 17:27:03.701 I/HwLauncher( 5178): Launcher.MotionManager startMotionAppsReco begin,flg = 601
08-03 17:27:03.702 W/HwLauncher( 5178): Launcher  getSystemInt() setting not found exception, gesture_active_control
08-03 17:27:03.702 I/HwLauncher( 5178): Launcher onlongClick end
08-03 17:27:03.742 I/[Gralloc]( 2991): alloc w[1] h[1812] format[1] usage[2816]
08-03 17:27:03.742 I/[Gralloc]( 2991): alloc succ handle[0x558cabcff0] stride[32]
08-03 17:27:03.757 W/MotionDetectionManager( 5178): startMotionAppsReco motionApps: 601 disabled
08-03 17:27:03.757 W/HwLauncher( 5178): Launcher.MotionManager startMotionAppsReco service flg 601 is unavailable
08-03 17:27:03.757 I/HwLauncher( 5178): Launcher.MotionManager , start MotionApps Reco end.
08-03 17:27:03.799 I/MQoS    ( 3560): onSignal: mSubId=0,currDataSubID=0
08-03 17:27:03.799 I/MQoS    ( 3560): received cell-signal:5
08-03 17:27:03.800 I/SendBroadcastPermission( 3560): action:android.intent.action.SIG_STR, mPermissionType:0
08-03 17:27:03.848 I/HwLauncher( 5178): QuickActionView hide() animated = true, fromSticky = true
08-03 17:27:03.848 I/HwLauncher( 5178): QuickActionView hide() action view has already hidden, return.
08-03 17:27:03.913 I/HwLauncher( 5178):  FPSMonitor [PagedView , onIntercept]cancle event x = 147 y = 147
08-03 17:27:03.913 I/HwLauncher( 5178): QuickActionView hide() animated = true, fromSticky = true
08-03 17:27:03.913 I/HwLauncher( 5178): QuickActionView hide() action view has already hidden, return.
08-03 17:27:03.986 I/HwLauncher( 5178): CellLayout createAndStartAnim -> size = 2
08-03 17:27:04.017 I/HwLauncher( 5178): CellLayout createAndStartAnim -> size = 2
08-03 17:27:04.023 E/WifiConfigStore( 3560): updateConfiguration freq=2437 BSSID=74:1f:4a:cd:8f:b7 RSSI=-61 "RJYFZX-Wifi-02"WPA_PSK
08-03 17:27:04.026 I/HuaweiWifiWatchdogStateMachine( 3560): spd good count:0, add sc:0.0, rate:1.0
08-03 17:27:04.026 I/HuaweiWifiWatchdogStateMachine( 3560): current mHighDataFlowRate = 1.0
08-03 17:27:04.026 I/HuaweiWifiWatchdogStateMachine( 3560): POta txb txg rxg:0, 4, 0. Lr =0% Totpkt=4
08-03 17:27:04.026 I/WifiProJNI( 3560): ######### CMD_QUERY_PKTS ########
08-03 17:27:04.026 I/QosMonitor( 3560): postEventFromNative: msg=100,arg1=0,arg2=9
08-03 17:27:04.027 W/WifiProJNI( 3560): poll before: g_monitor_fd =165
08-03 17:27:04.027 I/MQoS    ( 3560): rtt=480,tcp_tx_pkts=115334,tcp_rx_pkts=88743
08-03 17:27:04.029 I/MQoS    ( 3560): QOS_level:0(0),wifi-link;SIM error;use level-0
08-03 17:27:04.029 I/MQoS    ( 3560): skip-low-Level:0(0),wifi-link;SIM error;use level-0
08-03 17:27:04.029 I/HuaweiWifiWatchdogStateMachine( 3560): PTcp RTT:0, rtt pkt=0, tcp_rx=0, tcp_tx=4, tcp_reTran=4, rtRate=1
08-03 17:27:04.029 I/HuaweiWifiWatchdogStateMachine( 3560): rs ota tcp lr rttvb bad: false, false, false, false, false; rsth:-75
08-03 17:27:04.029 I/HuaweiWifiWatchdogStateMachine( 3560): after backoff rssi th: -75, next TH:-75
08-03 17:27:04.029 I/HuaweiWifiWatchdogStateMachine( 3560):  pkt chk not bad, reset sc to 0.
08-03 17:27:04.053 I/HwLauncher( 5178): CellLayout createAndStartAnim -> size = 2
08-03 17:27:04.101 I/HwLauncher( 5178): CellLayout createAndStartAnim -> size = 2
08-03 17:27:04.384 I/HwLauncher( 5178):  FPSMonitor [Launcher , dispatchTouchEvent begin, false, true] up event  x = 880 y = 880
08-03 17:27:04.388 I/NetworkSpeedManagerEx( 4010): mIsStop = false
08-03 17:27:04.390 I/NetworkSpeedManagerEx( 4010):  value = 34.666668
08-03 17:27:04.391 I/NetworkSpeedManagerEx( 4010): speed = 35B/s
08-03 17:27:04.391 I/NetworkSpeedView( 4010): /update(), speed=35B/s
08-03 17:27:04.398 W/View    ( 4010): requestLayout() improperly called by com.android.systemui.statusbar.phone.IconMerger{9226af6 V.E...... ......I. 0,0-162,72 #7f1000c3 app:id/notificationIcons} during layout: running second layout pass
08-03 17:27:04.425 I/HwLauncher( 5178): Workspace onDragEnd dockSize=2 cellcount=2 isReseat=true HOTSEAT_CELLCOUNTX=2 mIsInsertSuccess:true
08-03 17:27:04.425 I/HwLauncher( 5178): Workspace debugHotseatInfo() dockSize=2dockItem=ShortcutInfo(title=拨号)  dockItem.cellX=0
08-03 17:27:04.425 I/HwLauncher( 5178): Workspace debugHotseatInfo() dockSize=2dockItem=ShortcutInfo(title=联系人)  dockItem.cellX=1
08-03 17:27:04.425 I/HwLauncher( 5178): Workspace debugHotseatInfo() dockSize=2 null Icon=2
08-03 17:27:04.427 I/HwLauncher( 5178): Launcher mUnlockScreenRunnbale  getOrientationEnabled false 
08-03 17:27:04.427 I/HwLauncher( 5178): HatDropTargetBar onDragEnd mDeferOnDragEnd = true
08-03 17:27:04.427 I/HwLauncher( 5178): ShareDropTarget onDragEnd 
08-03 17:27:04.427 I/HwLauncher( 5178): Launcher mUnlockScreenRunnbale  getOrientationEnabled false 
08-03 17:27:04.427 I/HwLauncher( 5178): Launcher.MotionManager stopMotionAppsReco begin,flg = 601
08-03 17:27:04.427 I/HwLauncher( 5178):  FPSMonitor [Launcher , dispatchTouchEvent end, false, true] up event  x = 880 y = 880
08-03 17:27:04.427 W/HwLauncher( 5178): Launcher.MotionManager stopMotionAppsReco service flg 601 is unavailable
08-03 17:27:04.450 W/View    ( 4010): requestLayout() improperly called by com.android.systemui.statusbar.phone.IconMerger{9226af6 V.E...... ........ 0,0-162,72 #7f1000c3 app:id/notificationIcons} during second layout pass: posting in next frame
08-03 17:27:04.469 I/[Gralloc]( 2991): alloc w[1026] h[705] format[1] usage[2816]
08-03 17:27:04.473 I/[Gralloc]( 2991): alloc succ handle[0x558c8a2150] stride[1056]
08-03 17:27:04.473 I/[Gralloc]( 2991): alloc w[1026] h[705] format[1] usage[2816]
08-03 17:27:04.475 I/[Gralloc]( 2991): alloc succ handle[0x558ca8f5c0] stride[1056]
08-03 17:27:04.475 I/[Gralloc]( 2991): alloc w[1026] h[705] format[1] usage[2816]
08-03 17:27:04.478 I/[Gralloc]( 2991): alloc succ handle[0x558c8a34e0] stride[1056]
08-03 17:27:04.495 I/TotemWeather( 5178): AbstractDualWeatherWidgetHomeView onWindowFocusChanged, hasWindowFocus= false
08-03 17:27:04.567 I/TrafficMonitor( 3560): update:rxPkts:0,txPkts:0,rxBytes:0,txBytes:0
08-03 17:27:04.567 I/TrafficMonitor( 3560): start expired. level:-1
08-03 17:27:04.567 I/TrafficMonitor( 3560): gettimer:interval=2000
08-03 17:27:04.581 E/WifiConfigStore( 3560): updateConfiguration freq=2437 BSSID=74:1f:4a:cd:8f:b7 RSSI=-59 "RJYFZX-Wifi-02"WPA_PSK
08-03 17:27:05.179 I/HwLauncher( 5178): Launcher  while lockScreenOrientation,isRotationEnabled is false!
08-03 17:27:05.191 I/TotemWeather( 5178): AbstractDualWeatherWidgetHomeView onWindowFocusChanged, hasWindowFocus= true
08-03 17:27:05.256 I/[Gralloc]( 2991): alloc w[16] h[16] format[1] usage[256]
08-03 17:27:05.256 I/[Gralloc]( 2991): alloc succ handle[0x558ca8a240] stride[32]
08-03 17:27:05.258 E/linker  ( 7386): readlink('/proc/self/fd/21') failed: Permission denied [fd=21]
08-03 17:27:05.258 E/linker  ( 7386): warning: unable to get realpath for the library "/system/lib64/hw/gralloc.hi3635.so". Will use given name.
08-03 17:27:05.260 E/linker  ( 7386): readlink('/proc/self/fd/21') failed: Permission denied [fd=21]
08-03 17:27:05.260 E/linker  ( 7386): warning: unable to get realpath for the library "libion.so". Will use given name.
08-03 17:27:05.261 E/HAL     ( 7386): load: id=gralloc != hmi->id=gralloc
08-03 17:27:05.293 I/TotemWeather( 7386): Log HwDebug:false HwModuleDebug:false
08-03 17:27:05.294 I/TotemWeather( 5178): WidgetUtils cityinfo or weatherinfo is null
08-03 17:27:05.298 I/HwCust  ( 7386): Constructor found for class com.huawei.android.totemweather.utils.HwCustSettingsImpl
08-03 17:27:05.305 I/HwCust  ( 7386): Constructor found for class android.app.HwCustAlarmManagerImpl
08-03 17:27:05.306 I/TotemWeather( 7386): AlarmTaskManager current time is = 20170803T172705
08-03 17:27:05.307 I/TotemWeather( 7386): AlarmTaskManager time is = 20170803T210000
08-03 17:27:05.307 I/TotemWeather( 7386): AlarmTaskManager tregger time is = 20170803T210000
08-03 17:27:05.311 I/PgedBinderListener( 5074): kstate callback type:8 value1=6717 value2=KILLED
08-03 17:27:05.313 I/TotemWeather( 7386): Utils sThemeFontDirEmpty = true
08-03 17:27:05.331 I/HwCust  ( 7386): Constructor found for class com.huawei.android.totemweather.utils.HwCustTotemLocationImpl
08-03 17:27:05.334 I/TotemWeather( 7386): WeatherService processIntent action =com.huawei.android.action.UNFINISH_RECTIFY
08-03 17:27:05.349 W/PhoneInterfaceManager( 5091): shouldBlockLocation running ...
08-03 17:27:05.350 I/PhoneInterfaceManager( 5091): shouldBlockLocation  ret:false
08-03 17:27:05.354 I/TotemWeather( 7386): SchemeTaskController checkCellIdChange begin
08-03 17:27:05.404 I/TotemWeather( 7386): SchemeTaskController checkCellIdChange begin
08-03 17:27:05.404 W/TotemWeather( 7386): SchemeTaskController checkCellIdChange cellId is equals mCellId return
08-03 17:27:05.428 E/HsmCoreServiceImpl( 3560): onTransact in code is: 102
08-03 17:27:05.429 I/MediaProcessHandler( 3560): processOp opType: 1, uid: 10002, pid: 6717
08-03 17:27:05.429 W/MediaProcessHandler( 3560): remove target not exist, maybe the UI process: uid: 10002, pid: 6717
08-03 17:27:05.565 I/TrafficMonitor( 3560): expired arrive. level:-1
08-03 17:27:05.566 I/TrafficMonitor( 3560): during_ms:2001,period_ms:2000
08-03 17:27:05.566 I/TrafficMonitor( 3560): count:707,rx_sum:0,tx_sum:0,rxBytes:0,during_ms:2001,rx_speed:0.0,tx_speed:0.0,rto:0.0
08-03 17:27:05.654 I/HwLauncher( 5178): HatDropTargetBar animateOutHatDropTarget
08-03 17:27:05.654 I/HwLauncher( 5178): DeleteDropTarget startSwing onAnimationEnd batchUninstaller.isBatchUninstalling() = false batchUninstaller.mDialogId = -1
08-03 17:27:05.654 I/HwLauncher( 5178): Launcher  uninstallApp mUninstallShortcutInfo.title = Cgsfund
08-03 17:27:05.657 I/HwLauncher( 5178): CellLayout rearrangeAfterRmItem isAutoAlign = false
08-03 17:27:05.659 I/HwLauncher( 5178): Launcher mUnlockScreenRunnbale  getOrientationEnabled false 
08-03 17:27:05.661 I/HwLauncher( 5178): Launcher.LauncherProvider  queried count: 1
08-03 17:27:05.875 I/art     ( 3560): Starting a blocking GC Explicit
08-03 17:27:05.888 I/HwLauncher( 5178): Model check disappeared icons for Radar
08-03 17:27:05.910 I/[Gralloc]( 2991): alloc w[1] h[1740] format[1] usage[2816]
08-03 17:27:05.910 I/[Gralloc]( 2991): alloc succ handle[0x558c9d1f20] stride[32]
08-03 17:27:06.080 I/art     ( 3560): Explicit concurrent mark sweep GC freed 10505(880KB) AllocSpace objects, 3(492KB) LOS objects, 7% free, 50MB/54MB, paused 2.343ms total 204.033ms
08-03 17:27:06.080 I/HwLauncher( 5178): Launcher packageDeleted packageName = com.cgs.fund returnCode = 1
08-03 17:27:06.130 I/HwPFWLogger( 3560): AppAutoStartupPolicy:prevent start receiver of package com.nuance.swype.emui for action android.intent.action.PACKAGE_REMOVED
08-03 17:27:06.130 I/HwPFWLogger( 3560): AppAutoStartupPolicy:prevent start receiver of package com.UCMobile for action android.intent.action.PACKAGE_REMOVED
08-03 17:27:06.130 I/HwPFWLogger( 3560): AppAutoStartupPolicy:prevent start receiver of package com.UCMobile for action android.intent.action.PACKAGE_REMOVED
08-03 17:27:06.130 I/HwPFWLogger( 3560): AppAutoStartupPolicy:prevent start receiver of package com.Qunar for action android.intent.action.PACKAGE_REMOVED
08-03 17:27:06.130 I/HwPFWLogger( 3560): AppAutoStartupPolicy:prevent start receiver of package com.taobao.taobao for action android.intent.action.PACKAGE_REMOVED
08-03 17:27:06.130 I/HwPFWLogger( 3560): AppAutoStartupPolicy:prevent start receiver of package com.taobao.taobao for action android.intent.action.PACKAGE_REMOVED
08-03 17:27:06.130 I/HwPFWLogger( 3560): AppAutoStartupPolicy:prevent start receiver of package com.dianping.v1 for action android.intent.action.PACKAGE_REMOVED
08-03 17:27:06.138 I/IntelligentScene( 4010): mPackageReceiver, action= android.intent.action.PACKAGE_REMOVED
08-03 17:27:06.138 I/IntelligentScene( 4010): packageName = com.cgs.fund
08-03 17:27:06.141 I/HwSystemManager( 4425): HsmPackageManager:Receive intent:Intent { act=android.intent.action.PACKAGE_REMOVED dat=package:com.cgs.fund flg=0x4000010 (has extras) }
08-03 17:27:06.141 I/HwSystemManager( 4425): HsmPackageManager:replacing:false
08-03 17:27:06.141 I/HwSystemManager( 4425): HsmPackageManager:pkgName:com.cgs.fund
08-03 17:27:06.141 I/HwSystemManager( 4425): HsmPackageManager:doAppRemoved, remove:com.cgs.fund
08-03 17:27:06.157 I/InputReader( 3560): Reconfiguring input devices.  changes=0x00000010
08-03 17:27:06.158 I/HwLauncher( 5178): SimpleLauncherModeaction= android.intent.action.PACKAGE_REMOVEDpackageName = com.cgs.fund
08-03 17:27:06.158 I/HwLauncher( 5178): SimpleLauncherModedeleteBadgeItemFromDBByPkg packageName=com.cgs.fund
08-03 17:27:06.158 I/HwLauncher( 5178): LauncherDownloadModel onReceive intent=Intent { act=android.intent.action.PACKAGE_REMOVED dat=package:com.cgs.fund flg=0x4000010 (has extras) }
08-03 17:27:06.159 I/HwLauncher( 5178): Launcher.LauncherProvider  only HwLauncher can use LauncherProvider's delete method to delete badge table item
08-03 17:27:06.160 I/HwLauncher( 5178): SimpleAllAppsList   add packageName into uninstalledSDApps
08-03 17:27:06.160 I/HwLauncher( 5178): SimpleLauncherModeuninstalledSDApps size > 0
08-03 17:27:06.160 W/HwLauncher( 5178): SimpleLauncherModeNobody to tell about the new app.  Launcher is probably loading.
08-03 17:27:06.160 I/HwLauncher( 5178): SimpleLauncherModeOP_REMOVE callback is null, delete simpleUI database record
08-03 17:27:06.161 I/PushLog2616( 8285): [main-1]action is android.intent.action.PACKAGE_REMOVED(android/null:-1)
08-03 17:27:06.162 I/HwLauncher( 5178): Launcher.LauncherProvider  queried count: 9
08-03 17:27:06.200 I/HwSystemManager(16718): HsmPackageManager:Receive intent:Intent { act=android.intent.action.PACKAGE_REMOVED dat=package:com.cgs.fund flg=0x4000010 (has extras) }
08-03 17:27:06.200 I/HwSystemManager(16718): HsmPackageManager:replacing:false
08-03 17:27:06.200 I/HwSystemManager(16718): HsmPackageManager:pkgName:com.cgs.fund
08-03 17:27:06.203 I/HwSystemManager(16718): HsmPackageManager:doAppRemoved, remove:com.cgs.fund
08-03 17:27:06.205 I/SendBroadcastPermission( 3560): action:com.android.server.action.NETWORK_STATS_UPDATED, mPermissionType:0
08-03 17:27:06.225 E/HwSystemManager( 4425): NatTrafficNotifyService:imsi is null, so return
08-03 17:27:06.257 I/[Gralloc]( 2991): alloc w[16] h[16] format[1] usage[256]
08-03 17:27:06.257 I/[Gralloc]( 2991): alloc succ handle[0x558cabcff0] stride[32]
08-03 17:27:06.259 E/linker  ( 7420): readlink('/proc/self/fd/22') failed: Permission denied [fd=22]
08-03 17:27:06.259 E/linker  ( 7420): warning: unable to get realpath for the library "/system/lib64/hw/gralloc.hi3635.so". Will use given name.
08-03 17:27:06.261 E/linker  ( 7420): readlink('/proc/self/fd/22') failed: Permission denied [fd=22]
08-03 17:27:06.261 E/linker  ( 7420): warning: unable to get realpath for the library "libion.so". Will use given name.
08-03 17:27:06.261 I/memcheck(28192): needTrimMemory: trimFrom = 0, avail = 1379308, vmSize = 1484124, vssLimit = 4192340, totalPss = 160628, pssLimit = 2858020, agressiveGrowthLimit = 1143208, gentleGrowthLimit = 2000614, availablePmThreshold = 221184, availableVmThreshold = 153600
08-03 17:27:06.263 E/HAL     ( 7420): load: id=gralloc != hmi->id=gralloc
08-03 17:27:06.281 E/HwBastetService( 3560): name: com.cgs.fund
08-03 17:27:06.281 W/System.err( 3560): android.content.pm.PackageManager$NameNotFoundException: com.cgs.fund
08-03 17:27:06.281 W/System.err( 3560): 	at android.app.ApplicationPackageManager.getPackageUid(ApplicationPackageManager.java:248)
08-03 17:27:06.281 W/System.err( 3560): 	at com.android.server.HwBastetService.removeHrtApp(HwBastetService.java:619)
08-03 17:27:06.281 W/System.err( 3560): 	at com.android.server.HwBastetService.access$1700(HwBastetService.java:51)
08-03 17:27:06.281 W/System.err( 3560): 	at com.android.server.HwBastetService$5.onReceive(HwBastetService.java:339)
08-03 17:27:06.281 W/System.err( 3560): 	at android.app.LoadedApk$ReceiverDispatcher$Args.run(LoadedApk.java:962)
08-03 17:27:06.281 W/System.err( 3560): 	at android.os.Handler.handleCallback(Handler.java:743)
08-03 17:27:06.281 W/System.err( 3560): 	at android.os.Handler.dispatchMessage(Handler.java:95)
08-03 17:27:06.281 W/System.err( 3560): 	at android.os.Looper.loop(Looper.java:150)
08-03 17:27:06.281 W/System.err( 3560): 	at com.android.server.SystemServer.run(SystemServer.java:397)
08-03 17:27:06.281 W/System.err( 3560): 	at com.android.server.SystemServer.main(SystemServer.java:268)
08-03 17:27:06.281 W/System.err( 3560): 	at java.lang.reflect.Method.invoke(Native Method)
08-03 17:27:06.281 W/System.err( 3560): 	at com.android.internal.os.ZygoteInit$MethodAndArgsCaller.run(ZygoteInit.java:794)
08-03 17:27:06.281 W/System.err( 3560): 	at com.android.internal.os.ZygoteInit.main(ZygoteInit.java:684)
08-03 17:27:06.302 I/[Gralloc]( 2991): alloc w[16] h[16] format[1] usage[256]
08-03 17:27:06.302 I/[Gralloc]( 2991): alloc succ handle[0x558cabcff0] stride[32]
08-03 17:27:06.303 E/linker  ( 7433): readlink('/proc/self/fd/21') failed: Permission denied [fd=21]
08-03 17:27:06.303 E/linker  ( 7433): warning: unable to get realpath for the library "/system/lib64/hw/gralloc.hi3635.so". Will use given name.
08-03 17:27:06.304 E/linker  ( 7433): readlink('/proc/self/fd/21') failed: Permission denied [fd=21]
08-03 17:27:06.305 E/linker  ( 7433): warning: unable to get realpath for the library "libion.so". Will use given name.
08-03 17:27:06.308 E/HAL     ( 7433): load: id=gralloc != hmi->id=gralloc
08-03 17:27:06.309 I/Settings(26480): FingerprintSettings not supported hide the entrance
08-03 17:27:06.310 I/PgedBinderListener( 5074): kstate callback type:8 value1=6746 value2=KILLED
08-03 17:27:06.320 E/TAG     (26480): Error while trying to read from hw_clone_app_list
08-03 17:27:06.320 E/TAG     (26480): java.io.IOException: read failed: EBADF (Bad file descriptor)
08-03 17:27:06.320 E/TAG     (26480): 	at libcore.io.IoBridge.read(IoBridge.java:485)
08-03 17:27:06.320 E/TAG     (26480): 	at java.io.FileInputStream.read(FileInputStream.java:177)
08-03 17:27:06.320 E/TAG     (26480): 	at java.io.InputStreamReader.read(InputStreamReader.java:233)
08-03 17:27:06.320 E/TAG     (26480): 	at org.kxml2.io.KXmlParser.fillBuffer(KXmlParser.java:1515)
08-03 17:27:06.320 E/TAG     (26480): 	at org.kxml2.io.KXmlParser.peekType(KXmlParser.java:992)
08-03 17:27:06.320 E/TAG     (26480): 	at org.kxml2.io.KXmlParser.next(KXmlParser.java:349)
08-03 17:27:06.320 E/TAG     (26480): 	at org.kxml2.io.KXmlParser.next(KXmlParser.java:313)
08-03 17:27:06.320 E/TAG     (26480): 	at com.android.settings.Utils.getXmlFormCust(Utils.java:3304)
08-03 17:27:06.320 E/TAG     (26480): 	at com.android.settings.Utils.hasAppCloneCust(Utils.java:3341)
08-03 17:27:06.320 E/TAG     (26480): 	at com.android.settings.SettingsActivity.updateTilesList(SettingsActivity.java:1835)
08-03 17:27:06.320 E/TAG     (26480): 	at com.android.settings.HWSettings.buildDashboardCategories(HWSettings.java:114)
08-03 17:27:06.320 E/TAG     (26480): 	at com.android.settings.dashboard.DashboardSummary.getDashboardCategories(DashboardSummary.java:496)
08-03 17:27:06.320 E/TAG     (26480): 	at com.android.settings.dashboard.DashboardSummary.rebuildUI(DashboardSummary.java:330)
08-03 17:27:06.320 E/TAG     (26480): 	at com.android.settings.dashboard.DashboardSummary.rebuildUI(DashboardSummary.java:298)
08-03 17:27:06.320 E/TAG     (26480): 	at com.android.settings.dashboard.DashboardSummary.access$000(DashboardSummary.java:70)
08-03 17:27:06.320 E/TAG     (26480): 	at com.android.settings.dashboard.DashboardSummary$1.handleMessage(DashboardSummary.java:129)
08-03 17:27:06.320 E/TAG     (26480): 	at android.os.Handler.dispatchMessage(Handler.java:102)
08-03 17:27:06.320 E/TAG     (26480): 	at android.os.Looper.loop(Looper.java:150)
08-03 17:27:06.320 E/TAG     (26480): 	at android.app.ActivityThread.main(ActivityThread.java:5621)
08-03 17:27:06.320 E/TAG     (26480): 	at java.lang.reflect.Method.invoke(Native Method)
08-03 17:27:06.320 E/TAG     (26480): 	at com.android.internal.os.ZygoteInit$MethodAndArgsCaller.run(ZygoteInit.java:794)
08-03 17:27:06.320 E/TAG     (26480): 	at com.android.internal.os.ZygoteInit.main(ZygoteInit.java:684)
08-03 17:27:06.320 E/TAG     (26480): Caused by: android.system.ErrnoException: read failed: EBADF (Bad file descriptor)
08-03 17:27:06.320 E/TAG     (26480): 	at libcore.io.Posix.readBytes(Native Method)
08-03 17:27:06.320 E/TAG     (26480): 	at libcore.io.Posix.read(Posix.java:169)
08-03 17:27:06.320 E/TAG     (26480): 	at libcore.io.BlockGuardOs.read(BlockGuardOs.java:230)
08-03 17:27:06.320 E/TAG     (26480): 	at libcore.io.IoBridge.read(IoBridge.java:475)
08-03 17:27:06.320 E/TAG     (26480): 	... 21 more
08-03 17:27:06.350 I/MultiDex( 7433): VM with version 2.1.0 has multidex support
08-03 17:27:06.350 I/MultiDex( 7433): install
08-03 17:27:06.350 I/MultiDex( 7433): VM has multidex support, MultiDex support library is disabled.
08-03 17:27:06.361 I/HiApp   ( 7433): HiApp init sdk version:1.1
08-03 17:27:06.380 W/Searchables( 3560): No global search activity found
08-03 17:27:06.380 I/SendBroadcastPermission( 3560): action:android.search.action.SEARCHABLES_CHANGED, mPermissionType:0
08-03 17:27:06.386 E/HsmCoreServiceImpl( 3560): onTransact in code is: 102
08-03 17:27:06.386 I/MediaProcessHandler( 3560): processOp opType: 1, uid: 10015, pid: 6746
08-03 17:27:06.386 W/MediaProcessHandler( 3560): remove target not exist, maybe the UI process: uid: 10015, pid: 6746
08-03 17:27:06.397 I/HwLauncher( 5178): Model onPackageRemoved packageName = com.cgs.fund user = UserHandle{0}
08-03 17:27:06.397 I/HwLauncher( 5178): AppsBatchUninstaller batch-uninstall the remaining size of the delete list : 0
08-03 17:27:06.397 I/HwLauncher( 5178): MutilSelectedIcons onPreHandleUpdatedTask : mIsInMutilSelectMode = false task = 3 packages = [com.cgs.fund] hasHandleInvisiblePanel = false
08-03 17:27:06.397 I/HwLauncher( 5178): DeleteDropTarget onPreHandleUpdatedTask : isToUninstallApp = false
08-03 17:27:06.397 I/HwLauncher( 5178): Model  enqueuePackageUpdated post task
08-03 17:27:06.397 I/HwLauncher( 5178): Model  PackageUpdatedTask Op : 3
08-03 17:27:06.397 I/HwLauncher( 5178): Model mAllAppsList.removePackage com.cgs.fund
08-03 17:27:06.398 E/HideAppsPagedView( 5178): removeItems begin 
08-03 17:27:06.398 E/HideAppsPagedView( 5178): ShortcutInfo(title=Cgsfund)
08-03 17:27:06.398 E/HideAppsPagedView( 5178): removeItems end 
08-03 17:27:06.398 I/[Gralloc]( 2991): alloc w[16] h[16] format[1] usage[256]
08-03 17:27:06.398 I/[Gralloc]( 2991): alloc succ handle[0x558cabcff0] stride[32]
08-03 17:27:06.399 E/linker  ( 7466): readlink('/proc/self/fd/21') failed: Permission denied [fd=21]
08-03 17:27:06.400 E/linker  ( 7466): warning: unable to get realpath for the library "/system/lib64/hw/gralloc.hi3635.so". Will use given name.
08-03 17:27:06.401 E/linker  ( 7466): readlink('/proc/self/fd/21') failed: Permission denied [fd=21]
08-03 17:27:06.401 E/linker  ( 7466): warning: unable to get realpath for the library "libion.so". Will use given name.
08-03 17:27:06.403 E/HAL     ( 7466): load: id=gralloc != hmi->id=gralloc
08-03 17:27:06.411 W/System  ( 7466): ClassLoader referenced unknown path: /system/app/HwParentControl/lib/arm64
08-03 17:27:06.439 W/Settings(26480): Activity com.huawei.hwid.ui.extend.setting.StartUpGuideLoginActivity has unknown category key com.android.settings.category.accounts
08-03 17:27:06.568 I/TrafficMonitor( 3560): update:rxPkts:3,txPkts:2,rxBytes:224,txBytes:221
08-03 17:27:06.568 I/TrafficMonitor( 3560): start expired. level:-1
08-03 17:27:06.568 I/TrafficMonitor( 3560): gettimer:interval=2000
08-03 17:27:06.588 I/SendBroadcastPermission( 7433): action:com.huawei.appmarket.service.downloadservice.Receiver, mPermissionType:0
08-03 17:27:06.589 I/HwLauncher( 5178): LauncherDownloadModel onReceive intent=Intent { act=com.huawei.appmarket.service.downloadservice.Receiver flg=0x10 }
08-03 17:27:06.589 W/HwLauncher( 5178): get getBundleExtra with downloadtask all return null!
08-03 17:27:06.658 I/PgedBinderListener( 5074): kstate callback type:8 value1=16718 value2=KILLED
08-03 17:27:06.694 I/[Gralloc]( 2991): alloc w[16] h[16] format[1] usage[256]
08-03 17:27:06.694 I/[Gralloc]( 2991): alloc succ handle[0x558cabcff0] stride[32]
08-03 17:27:06.695 E/linker  ( 7505): readlink('/proc/self/fd/21') failed: Permission denied [fd=21]
08-03 17:27:06.695 E/linker  ( 7505): warning: unable to get realpath for the library "/system/lib64/hw/gralloc.hi3635.so". Will use given name.
08-03 17:27:06.700 E/linker  ( 7505): readlink('/proc/self/fd/22') failed: Permission denied [fd=22]
08-03 17:27:06.700 E/linker  ( 7505): warning: unable to get realpath for the library "libion.so". Will use given name.
08-03 17:27:06.702 E/HAL     ( 7505): load: id=gralloc != hmi->id=gralloc
08-03 17:27:06.705 I/PgedBinderListener( 5074): kstate callback type:8 value1=6781 value2=KILLED
08-03 17:27:06.706 I/PgedBinderListener( 5074): kstate callback type:8 value1=16718 value2=KILLED
08-03 17:27:06.730 E/linker  ( 7024): readlink('/proc/self/fd/52') failed: Permission denied [fd=52]
08-03 17:27:06.730 E/linker  ( 7024): warning: unable to get realpath for the library "/data/user/0/com.tencent.mobileqq/lib/libmsfbootV2.so". Will use given name.
08-03 17:27:06.763 E/HsmCoreServiceImpl( 3560): onTransact in code is: 102
08-03 17:27:06.763 W/MediaProcessHandler( 3560): processOp uid 1000 is not concerned!
08-03 17:27:06.776 I/PgedBinderListener( 5074): kstate callback type:8 value1=6781 value2=KILLED
08-03 17:27:06.782 W/PackageManager( 7433): Failure retrieving resources for com.xihe.moblie.credit
08-03 17:27:06.798 E/HsmCoreServiceImpl( 3560): onTransact in code is: 102
08-03 17:27:06.798 W/MediaProcessHandler( 3560): processOp uid 1000 is not concerned!
08-03 17:27:06.814 I/HwCust  ( 7505): Constructor found for class com.android.contacts.preference.HwCustContactsPreferencesImpl
08-03 17:27:06.820 I/HwCust  ( 7505): Constructor found for class com.android.contacts.model.account.HwCustFallbackAccountTypeImpl
08-03 17:27:06.823 I/HwCust  ( 7505): Constructor found for class com.android.contacts.HwCustContactApplicationHelperImpl
08-03 17:27:06.838 I/HwCust  ( 7505): Constructor found for class android.app.HwCustHwWallpaperManagerImpl
08-03 17:27:06.851 W/CfgFilePolicy( 7505): No config file found for:xml/rcs_defaults.xml
08-03 17:27:06.860 I/PgedBinderListener( 5074): kstate callback type:8 value1=6799 value2=KILLED
08-03 17:27:06.863 I/HwCust  ( 7505): Constructor found for class com.android.contacts.model.account.HwCustAccountModelCustomizationImpl
08-03 17:27:06.897 I/HwCust  ( 7505): Constructor found for class com.android.contacts.hap.HwCustCommonUtilMethodsImpl
08-03 17:27:06.905 W/ResourceType( 7505): For resource 0x7f020dac, entry index(3500) is beyond type entryCount(476)
08-03 17:27:06.905 W/ResourceType( 7505): Failure getting entry for 0x7f020dac (t=1 e=3500) (error -75)
08-03 17:27:06.905 W/ResourceType( 7505): For resource 0x7f020dab, entry index(3499) is beyond type entryCount(476)
08-03 17:27:06.906 W/ResourceType( 7505): Failure getting entry for 0x7f020dab (t=1 e=3499) (error -75)
08-03 17:27:06.916 I/HwCust  ( 7505): Constructor found for class com.android.contacts.model.account.HwCustExchangeAccountTypeImpl
08-03 17:27:06.919 I/AccountManagerService( 3560): getTypesVisibleToCaller: isPermitted? true
08-03 17:27:06.921 I/[Gralloc]( 2991): alloc w[16] h[16] format[1] usage[256]
08-03 17:27:06.921 I/[Gralloc]( 2991): alloc succ handle[0x558cabcff0] stride[32]
08-03 17:27:06.922 E/linker  ( 7550): readlink('/proc/self/fd/21') failed: Permission denied [fd=21]
08-03 17:27:06.922 E/linker  ( 7550): warning: unable to get realpath for the library "/system/lib/hw/gralloc.hi3635.so". Will use given name.
08-03 17:27:06.924 E/linker  ( 7550): readlink('/proc/self/fd/21') failed: Permission denied [fd=21]
08-03 17:27:06.924 E/linker  ( 7550): warning: unable to get realpath for the library "libion.so". Will use given name.
08-03 17:27:06.925 E/HAL     ( 7550): load: id=gralloc != hmi->id=gralloc
08-03 17:27:06.927 W/ResourceType( 7505): For resource 0x7f020dac, entry index(3500) is beyond type entryCount(476)
08-03 17:27:06.927 W/ResourceType( 7505): Failure getting entry for 0x7f020dac (t=1 e=3500) (error -75)
08-03 17:27:06.927 W/ResourceType( 7505): For resource 0x7f020dab, entry index(3499) is beyond type entryCount(476)
08-03 17:27:06.927 W/ResourceType( 7505): Failure getting entry for 0x7f020dab (t=1 e=3499) (error -75)
08-03 17:27:06.929 I/AccountManagerService( 3560): getTypesVisibleToCaller: isPermitted? true
08-03 17:27:06.957 I/SendBroadcastPermission( 7433): action:com.huawei.appmarket.service.downloadservice.Receiver, mPermissionType:0
08-03 17:27:06.959 I/HwLauncher( 5178): LauncherDownloadModel onReceive intent=Intent { act=com.huawei.appmarket.service.downloadservice.Receiver flg=0x10 }
08-03 17:27:06.959 W/HwLauncher( 5178): get getBundleExtra with downloadtask all return null!
08-03 17:27:07.019 E/HsmCoreServiceImpl( 3560): onTransact in code is: 102
08-03 17:27:07.019 I/MediaProcessHandler( 3560): processOp opType: 1, uid: 10046, pid: 6799
08-03 17:27:07.019 W/MediaProcessHandler( 3560): remove target not exist, maybe the UI process: uid: 10046, pid: 6799
08-03 17:27:07.070 E/Minikin ( 7550): addFont failed to create font /system/fonts/DroidSansChineseslim.ttf
08-03 17:27:07.070 W/GalleryUtils( 7550): the font DroidSanChineseSlim is not exist!
08-03 17:27:07.110 I/LogCollectManager( 7550): start to bind to Log Collect service
08-03 17:27:07.119 I/LogCollectManager( 7550): service is connected
08-03 17:27:07.124 I/HwSystemManager( 4425): NotificationManagerReceiver:onReceive action = android.intent.action.PACKAGE_REMOVED
08-03 17:27:07.127 I/PgedBinderListener( 5074): kstate callback type:8 value1=6819 value2=KILLED
08-03 17:27:07.128 I/HwCust  ( 7550): Constructor found for class com.huawei.gallery.app.HwCustPhotoPageImpl
08-03 17:27:07.152 W/HwSystemManager( 4425): NotificationDBProvider:queryNotificationList: nType = 1
08-03 17:27:07.155 I/HwSystemManager( 4425): HsmPackageManager:get all installed packages, flag:0, size:160
08-03 17:27:07.189 E/linker  ( 7550): readlink('/proc/self/fd/30') failed: Permission denied [fd=30]
08-03 17:27:07.189 E/linker  ( 7550): warning: unable to get realpath for the library "/system/lib/libjnihw_display_engine.so". Will use given name.
08-03 17:27:07.194 E/linker  ( 7550): readlink('/proc/self/fd/30') failed: Permission denied [fd=30]
08-03 17:27:07.194 E/linker  ( 7550): warning: unable to get realpath for the library "libdisplay.so". Will use given name.
08-03 17:27:07.198 I/[Gralloc]( 2991): alloc w[16] h[16] format[1] usage[256]
08-03 17:27:07.198 I/[Gralloc]( 2991): alloc succ handle[0x558cabcff0] stride[32]
08-03 17:27:07.199 E/linker  ( 7570): readlink('/proc/self/fd/21') failed: Permission denied [fd=21]
08-03 17:27:07.199 E/linker  ( 7570): warning: unable to get realpath for the library "/system/lib/hw/gralloc.hi3635.so". Will use given name.
08-03 17:27:07.202 E/linker  ( 7570): readlink('/proc/self/fd/21') failed: Permission denied [fd=21]
08-03 17:27:07.202 E/linker  ( 7570): warning: unable to get realpath for the library "libion.so". Will use given name.
08-03 17:27:07.203 E/HAL     ( 7570): load: id=gralloc != hmi->id=gralloc
08-03 17:27:07.209 E/linker  ( 7550): readlink('/proc/self/fd/30') failed: Permission denied [fd=30]
08-03 17:27:07.210 E/HsmCoreServiceImpl( 3560): onTransact in code is: 102
08-03 17:27:07.210 E/linker  ( 7550): warning: unable to get realpath for the library "/system/lib/libProjectMenuCustEx_jni.so". Will use given name.
08-03 17:27:07.210 W/MediaProcessHandler( 3560): processOp uid 1000 is not concerned!
08-03 17:27:07.211 E/linker  ( 7550): readlink('/proc/self/fd/30') failed: Permission denied [fd=30]
08-03 17:27:07.211 E/linker  ( 7550): warning: unable to get realpath for the library "libatpswdck.so". Will use given name.
08-03 17:27:07.211 E/linker  ( 7550): readlink('/proc/self/fd/30') failed: Permission denied [fd=30]
08-03 17:27:07.211 E/linker  ( 7550): warning: unable to get realpath for the library "libnvme.so". Will use given name.
08-03 17:27:07.212 E/linker  ( 7550): readlink('/proc/self/fd/30') failed: Permission denied [fd=30]
08-03 17:27:07.212 E/linker  ( 7550): warning: unable to get realpath for the library "libhisi_efuse.so". Will use given name.
08-03 17:27:07.212 E/linker  ( 7550): readlink('/proc/self/fd/30') failed: Permission denied [fd=30]
08-03 17:27:07.212 E/linker  ( 7550): warning: unable to get realpath for the library "lib_atprotocolsw.so". Will use given name.
08-03 17:27:07.215 I/        ( 7550): JNI_OnLoad
08-03 17:27:07.216 E/        ( 7550): getSHVersion called! ver_kind = 4
08-03 17:27:07.217 I/DisplayEngineUtils( 7550): xmlDetect HardwareVersion = GRACE_CLG_VN1, lcd_mode= jdi_NT35695 5.2' CMD TFT
08-03 17:27:07.217 I/DisplayEngineUtils( 7550): xmlDetect targeXml = GRACE+jdi_NT35695 5.2' CMD TFT.xml
08-03 17:27:07.217 I/DisplayEngineUtils( 7550): xmlDetect sCurrentXmlFilePath = /system/etc/gallery/display_engine/display.xml
08-03 17:27:07.218 E/linker  ( 7550): readlink('/proc/self/fd/30') failed: Permission denied [fd=30]
08-03 17:27:07.218 E/linker  ( 7550): warning: unable to get realpath for the library "/system/lib/libjnidcamera_visual_effect.so". Will use given name.
08-03 17:27:07.224 E/DualCameraVisualEffect( 7550): dlopen failed: library "libdcamera_visual_effect.so" not found
08-03 17:27:07.225 E/DualCameraVisualEffect( 7550): dlopen failed: library "libdcamera_multiview.so" not found
08-03 17:27:07.226 E/DualCameraVisualEffect( 7550): dlopen failed: library "libdcamera_visual_effect.so" not found
08-03 17:27:07.243 I/HwSystemManager( 7570): SystemManagerApplication:onCreate
08-03 17:27:07.250 I/System.out( 7570): [ls, -l, /system/priv-app/HwSystemManager/HwSystemManager.apk]
08-03 17:27:07.250 I/System.out( 7570): null
08-03 17:27:07.250 I/System.out( 7570): null
08-03 17:27:07.251 I/System.out( 7570): Calling by::className:com.huawei.systemmanager.util.HwLogTagHelper  MethodName:checkHsmIsPushed
08-03 17:27:07.253 I/HwLauncher( 5178):  FPSMonitor [Launcher , dispatchTouchEvent begin, false, true] down event  x = 995 y = 995
08-03 17:27:07.253 I/HwLauncher( 5178): Launcher  while lockScreenOrientation,isRotationEnabled is false!
08-03 17:27:07.253 I/HwLauncher( 5178):  FPSMonitor [PagedView , onIntercept] down event  x = 995 y = 995
08-03 17:27:07.254 I/HwLauncher( 5178):  FPSMonitor [Launcher , dispatchTouchEvent end, false, true] down event  x = 995 y = 995
08-03 17:27:07.262 E/HideAppsPagedView( 5178): removeHideApps  begin 
08-03 17:27:07.262 E/HideAppsPagedView( 5178): removeHideApps  end 
08-03 17:27:07.262 E/HideAppsPagedView( 5178):  syncPages mCurrentPage = 0
08-03 17:27:07.271 E/HideAppsPagedView( 5178):  syncAppsPageItems page = 0 mNumAppsPages = 1 mCurrentPage = 0
08-03 17:27:07.272 E/HideAppsPagedView( 5178):  createAddIcon count = 0
08-03 17:27:07.274 I/HwLauncher( 5178): Launcher.Utilities   controlColor == 0
08-03 17:27:07.276 I/HwLauncher( 5178):  FPSMonitor snapToPage whichPage = 0 delta = 0 duration = 550
08-03 17:27:07.282 I/HwSystemManager( 7570): ProcPolicy:this proc is:com.huawei.systemmanager
08-03 17:27:07.292 I/HwSystemManager( 4425): LocalService:Received start id 14: Intent { cmp=com.huawei.systemmanager/com.huawei.permission.HoldService }
08-03 17:27:07.297 I/HwSystemManager( 4425): BgPowerManagerService:onStartCommand
08-03 17:27:07.299 I/HwSystemManager( 7570): check push opration, match idx:-1
08-03 17:27:07.311 I/HwLauncher( 5178):  FPSMonitor startScroll xMoved = true  xPaged = false xDiff =  32
08-03 17:27:07.312 I/HwLauncher( 5178): QuickActionView hide() animated = true, fromSticky = true
08-03 17:27:07.312 I/HwLauncher( 5178): QuickActionView hide() action view has already hidden, return.
08-03 17:27:07.319 I/HwSystemManager( 4425): NotificationDBProvider:queryNotificationLimits , return bundle
08-03 17:27:07.327 W/CfgFilePolicy( 7570): No config file found for:xml/hsm_config.xml
08-03 17:27:07.330 I/HwSystemManager( 7570): HsmStat_info:feature enable:true
08-03 17:27:07.337 I/HwSystemManager( 7570): CustomizeWrapper:permissionStatus is 0
08-03 17:27:07.343 I/HwSystemManager( 7570): TMSEngineFeature: TMS support enable for netassistant.
08-03 17:27:07.354 W/CfgFilePolicy( 7570): No config file found for:xml/hsm/protect/hsm_protect_default_value.xml
08-03 17:27:07.370 I/HwSystemManager( 7570): BootStartManager:batchDeleteOperation !
08-03 17:27:07.372 I/HwSystemManager( 7570): BootStartManager:batchDeleteOperation !
08-03 17:27:07.391 I/NetworkSpeedManagerEx( 4010): mIsStop = false
08-03 17:27:07.392 I/NetworkSpeedManagerEx( 4010):  value = 210.33333
08-03 17:27:07.393 I/NetworkSpeedManagerEx( 4010): speed = 210B/s
08-03 17:27:07.393 I/NetworkSpeedView( 4010): /update(), speed=210B/s
08-03 17:27:07.397 W/View    ( 4010): requestLayout() improperly called by com.android.systemui.statusbar.phone.IconMerger{9226af6 V.E...... ......I. 0,0-162,72 #7f1000c3 app:id/notificationIcons} during layout: running second layout pass
08-03 17:27:07.490 I/HwLauncher( 5178):  FPSMonitor [Launcher , dispatchTouchEvent begin, false, true] up event  x = 689 y = 689
08-03 17:27:07.491 I/HwLauncher( 5178):  FPSMonitor [PagedView , onTouchEvent] up event  x = 689 y = 689
08-03 17:27:07.491 I/HwLauncher( 5178):  FPSMonitor snapToPage whichPage = 3 delta = 793 duration = 900
08-03 17:27:07.491 I/HwLauncher( 5178): Launcher mUnlockScreenRunnbale  getOrientationEnabled false 
08-03 17:27:07.491 I/HwLauncher( 5178):  FPSMonitor [Launcher , dispatchTouchEvent end, false, true] up event  x = 689 y = 689
08-03 17:27:07.511 I/HwSystemManager( 7570): AppInstallationReceiver:AppInstallationReceiver onReceive action = android.intent.action.PACKAGE_REMOVED
08-03 17:27:07.517 I/HwSystemManager( 7570): SuperAppPermisionChecker:read xml finished
08-03 17:27:07.526 I/HwSystemManager( 7570): OptimizeReceiver:OptimizeReceiver received action:android.intent.action.PACKAGE_REMOVED
08-03 17:27:07.527 W/CfgFilePolicy( 7570): No config file found for:xml/hw_permission_parameter.xml
08-03 17:27:07.528 I/HwCust  ( 7570): Constructor found for class com.huawei.systemmanager.optimize.process.HwCustProtectAppControlImpl
08-03 17:27:07.531 I/HwSystemManager( 7570): ComBroadcastReceiver:ComBroadcastReceiver action = android.intent.action.PACKAGE_REMOVED
08-03 17:27:07.547 W/View    ( 4010): requestLayout() improperly called by com.android.systemui.statusbar.phone.IconMerger{9226af6 V.E...... ........ 0,0-162,72 #7f1000c3 app:id/notificationIcons} during second layout pass: posting in next frame
08-03 17:27:07.573 W/beacon  ( 5322): onUserAction return false, because eventName:[dim.Msf.PushSendFail] is not allowed in server strategy!
08-03 17:27:07.577 W/Settings( 5322): Setting airplane_mode_on has moved from android.provider.Settings.System to android.provider.Settings.Global, returning read-only value.
08-03 17:27:07.578 W/beacon  ( 5322): onUserAction return false, because eventName:[ReqQualitySendError] is not allowed in server strategy!
08-03 17:27:07.578 W/beacon  ( 5322): onUserAction return false, because eventName:[dim.Msf.PushSendFail] is not allowed in server strategy!
08-03 17:27:07.580 W/Settings( 5322): Setting airplane_mode_on has moved from android.provider.Settings.System to android.provider.Settings.Global, returning read-only value.
08-03 17:27:07.580 I/HwSystemManager( 7570): BootBroadcastReceiver:BootBroadcastReceiver action =android.intent.action.PACKAGE_REMOVED
08-03 17:27:07.580 W/beacon  ( 5322): onUserAction return false, because eventName:[ReqQualitySendError] is not allowed in server strategy!
08-03 17:27:07.583 W/Settings( 5322): Setting airplane_mode_on has moved from android.provider.Settings.System to android.provider.Settings.Global, returning read-only value.
08-03 17:27:07.584 W/beacon  ( 5322): onUserAction return false, because eventName:[dim.Msf.PreDetectTimeoutMsg] is not allowed in server strategy!
